Running tests for [34m./src/Purview.Telemetry.SourceGenerator.slnx[0m with [33mRelease[0m...
Running tests from P:\GitHub\kjldev\purview-telemetry-sourcegenerator\src\Purview.Telemetry.SourceGenerator.IntegrationTests\bin\Release\net10.0\Purview.Telemetry.SourceGenerator.IntegrationTests.dll (net10.0|x64)
failed Generate_GivenInterfaceWithGenerics_RaisesDiagnostics(2) (4s 274ms)
  [Test Failure] VerifyException: Directory: P:\GitHub\kjldev\purview-telemetry-sourcegenerator\src\Purview.Telemetry.SourceGenerator.IntegrationTests\Snapshots
Delete:
  - TelemetrySourceGeneratorActivityTests.Generate_GivenInterfaceWithGenerics_RaisesDiagnostics_A4lm3p9rmpAbILTGyosqRgCf7r4DG6vIQtQ2kMC8Iis#Purview.Telemetry.SourceGenerator.TelemetryNames.g.verified.cs
  - TelemetrySourceGeneratorActivityTests.Generate_GivenInterfaceWithGenerics_RaisesDiagnostics_A4lm3p9rmpAbILTGyosqRgCf7r4DG6vIQtQ2kMC8Iis.verified.txt
Equal:
  - Received: TelemetrySourceGeneratorActivityTests.Generate_GivenInterfaceWithGenerics_RaisesDiagnostics_A4lm3p9rmpAbILTGyosqRgCf7r4DG6vIQtQ2kMC8Iis#ActivityAttribute.g.received.cs
    Verified: TelemetrySourceGeneratorActivityTests.Generate_GivenInterfaceWithGenerics_RaisesDiagnostics_A4lm3p9rmpAbILTGyosqRgCf7r4DG6vIQtQ2kMC8Iis#ActivityAttribute.g.verified.cs
  - Received: TelemetrySourceGeneratorActivityTests.Generate_GivenInterfaceWithGenerics_RaisesDiagnostics_A4lm3p9rmpAbILTGyosqRgCf7r4DG6vIQtQ2kMC8Iis#ActivitySourceAttribute.g.received.cs
    Verified: TelemetrySourceGeneratorActivityTests.Generate_GivenInterfaceWithGenerics_RaisesDiagnostics_A4lm3p9rmpAbILTGyosqRgCf7r4DG6vIQtQ2kMC8Iis#ActivitySourceAttribute.g.verified.cs
  - Received: TelemetrySourceGeneratorActivityTests.Generate_GivenInterfaceWithGenerics_RaisesDiagnostics_A4lm3p9rmpAbILTGyosqRgCf7r4DG6vIQtQ2kMC8Iis#ActivitySourceGenerationAttribute.g.received.cs
    Verified: TelemetrySourceGeneratorActivityTests.Generate_GivenInterfaceWithGenerics_RaisesDiagnostics_A4lm3p9rmpAbILTGyosqRgCf7r4DG6vIQtQ2kMC8Iis#ActivitySourceGenerationAttribute.g.verified.cs
  - Received: TelemetrySourceGeneratorActivityTests.Generate_GivenInterfaceWithGenerics_RaisesDiagnostics_A4lm3p9rmpAbILTGyosqRgCf7r4DG6vIQtQ2kMC8Iis#AutoCounterAttribute.g.received.cs
    Verified: TelemetrySourceGeneratorActivityTests.Generate_GivenInterfaceWithGenerics_RaisesDiagnostics_A4lm3p9rmpAbILTGyosqRgCf7r4DG6vIQtQ2kMC8Iis#AutoCounterAttribute.g.verified.cs
  - Received: TelemetrySourceGeneratorActivityTests.Generate_GivenInterfaceWithGenerics_RaisesDiagnostics_A4lm3p9rmpAbILTGyosqRgCf7r4DG6vIQtQ2kMC8Iis#BaggageAttribute.g.received.cs
    Verified: TelemetrySourceGeneratorActivityTests.Generate_GivenInterfaceWithGenerics_RaisesDiagnostics_A4lm3p9rmpAbILTGyosqRgCf7r4DG6vIQtQ2kMC8Iis#BaggageAttribute.g.verified.cs
  - Received: TelemetrySourceGeneratorActivityTests.Generate_GivenInterfaceWithGenerics_RaisesDiagnostics_A4lm3p9rmpAbILTGyosqRgCf7r4DG6vIQtQ2kMC8Iis#ContextAttribute.g.received.cs
    Verified: TelemetrySourceGeneratorActivityTests.Generate_GivenInterfaceWithGenerics_RaisesDiagnostics_A4lm3p9rmpAbILTGyosqRgCf7r4DG6vIQtQ2kMC8Iis#ContextAttribute.g.verified.cs
  - Received: TelemetrySourceGeneratorActivityTests.Generate_GivenInterfaceWithGenerics_RaisesDiagnostics_A4lm3p9rmpAbILTGyosqRgCf7r4DG6vIQtQ2kMC8Iis#CounterAttribute.g.received.cs
    Verified: TelemetrySourceGeneratorActivityTests.Generate_GivenInterfaceWithGenerics_RaisesDiagnostics_A4lm3p9rmpAbILTGyosqRgCf7r4DG6vIQtQ2kMC8Iis#CounterAttribute.g.verified.cs
  - Received: TelemetrySourceGeneratorActivityTests.Generate_GivenInterfaceWithGenerics_RaisesDiagnostics_A4lm3p9rmpAbILTGyosqRgCf7r4DG6vIQtQ2kMC8Iis#CriticalAttribute.g.received.cs
    Verified: TelemetrySourceGeneratorActivityTests.Generate_GivenInterfaceWithGenerics_RaisesDiagnostics_A4lm3p9rmpAbILTGyosqRgCf7r4DG6vIQtQ2kMC8Iis#CriticalAttribute.g.verified.cs
  - Received: TelemetrySourceGeneratorActivityTests.Generate_GivenInterfaceWithGenerics_RaisesDiagnostics_A4lm3p9rmpAbILTGyosqRgCf7r4DG6vIQtQ2kMC8Iis#DebugAttribute.g.received.cs
    Verified: TelemetrySourceGeneratorActivityTests.Generate_GivenInterfaceWithGenerics_RaisesDiagnostics_A4lm3p9rmpAbILTGyosqRgCf7r4DG6vIQtQ2kMC8Iis#DebugAttribute.g.verified.cs
  - Received: TelemetrySourceGeneratorActivityTests.Generate_GivenInterfaceWithGenerics_RaisesDiagnostics_A4lm3p9rmpAbILTGyosqRgCf7r4DG6vIQtQ2kMC8Iis#ErrorAttribute.g.received.cs
    Verified: TelemetrySourceGeneratorActivityTests.Generate_GivenInterfaceWithGenerics_RaisesDiagnostics_A4lm3p9rmpAbILTGyosqRgCf7r4DG6vIQtQ2kMC8Iis#ErrorAttribute.g.verified.cs
  - Received: TelemetrySourceGeneratorActivityTests.Generate_GivenInterfaceWithGenerics_RaisesDiagnostics_A4lm3p9rmpAbILTGyosqRgCf7r4DG6vIQtQ2kMC8Iis#EscapeAttribute.g.received.cs
    Verified: TelemetrySourceGeneratorActivityTests.Generate_GivenInterfaceWithGenerics_RaisesDiagnostics_A4lm3p9rmpAbILTGyosqRgCf7r4DG6vIQtQ2kMC8Iis#EscapeAttribute.g.verified.cs
  - Received: TelemetrySourceGeneratorActivityTests.Generate_GivenInterfaceWithGenerics_RaisesDiagnostics_A4lm3p9rmpAbILTGyosqRgCf7r4DG6vIQtQ2kMC8Iis#EventAttribute.g.received.cs
    Verified: TelemetrySourceGeneratorActivityTests.Generate_GivenInterfaceWithGenerics_RaisesDiagnostics_A4lm3p9rmpAbILTGyosqRgCf7r4DG6vIQtQ2kMC8Iis#EventAttribute.g.verified.cs
  - Received: TelemetrySourceGeneratorActivityTests.Generate_GivenInterfaceWithGenerics_RaisesDiagnostics_A4lm3p9rmpAbILTGyosqRgCf7r4DG6vIQtQ2kMC8Iis#ExcludeAttribute.g.received.cs
    Verified: TelemetrySourceGeneratorActivityTests.Generate_GivenInterfaceWithGenerics_RaisesDiagnostics_A4lm3p9rmpAbILTGyosqRgCf7r4DG6vIQtQ2kMC8Iis#ExcludeAttribute.g.verified.cs
  - Received: TelemetrySourceGeneratorActivityTests.Generate_GivenInterfaceWithGenerics_RaisesDiagnostics_A4lm3p9rmpAbILTGyosqRgCf7r4DG6vIQtQ2kMC8Iis#ExcludeTargetsAttribute.g.received.cs
    Verified: TelemetrySourceGeneratorActivityTests.Generate_GivenInterfaceWithGenerics_RaisesDiagnostics_A4lm3p9rmpAbILTGyosqRgCf7r4DG6vIQtQ2kMC8Iis#ExcludeTargetsAttribute.g.verified.cs
  - Received: TelemetrySourceGeneratorActivityTests.Generate_GivenInterfaceWithGenerics_RaisesDiagnostics_A4lm3p9rmpAbILTGyosqRgCf7r4DG6vIQtQ2kMC8Iis#ExpandEnumerableAttribute.g.received.cs
    Verified: TelemetrySourceGeneratorActivityTests.Generate_GivenInterfaceWithGenerics_RaisesDiagnostics_A4lm3p9rmpAbILTGyosqRgCf7r4DG6vIQtQ2kMC8Iis#ExpandEnumerableAttribute.g.verified.cs
  - Received: TelemetrySourceGeneratorActivityTests.Generate_GivenInterfaceWithGenerics_RaisesDiagnostics_A4lm3p9rmpAbILTGyosqRgCf7r4DG6vIQtQ2kMC8Iis#HistogramAttribute.g.received.cs
    Verified: TelemetrySourceGeneratorActivityTests.Generate_GivenInterfaceWithGenerics_RaisesDiagnostics_A4lm3p9rmpAbILTGyosqRgCf7r4DG6vIQtQ2kMC8Iis#HistogramAttribute.g.verified.cs
  - Received: TelemetrySourceGeneratorActivityTests.Generate_GivenInterfaceWithGenerics_RaisesDiagnostics_A4lm3p9rmpAbILTGyosqRgCf7r4DG6vIQtQ2kMC8Iis#InfoAttribute.g.received.cs
    Verified: TelemetrySourceGeneratorActivityTests.Generate_GivenInterfaceWithGenerics_RaisesDiagnostics_A4lm3p9rmpAbILTGyosqRgCf7r4DG6vIQtQ2kMC8Iis#InfoAttribute.g.verified.cs
  - Received: TelemetrySourceGeneratorActivityTests.Generate_GivenInterfaceWithGenerics_RaisesDiagnostics_A4lm3p9rmpAbILTGyosqRgCf7r4DG6vIQtQ2kMC8Iis#InstrumentMeasurementAttribute.g.received.cs
    Verified: TelemetrySourceGeneratorActivityTests.Generate_GivenInterfaceWithGenerics_RaisesDiagnostics_A4lm3p9rmpAbILTGyosqRgCf7r4DG6vIQtQ2kMC8Iis#InstrumentMeasurementAttribute.g.verified.cs
  - Received: TelemetrySourceGeneratorActivityTests.Generate_GivenInterfaceWithGenerics_RaisesDiagnostics_A4lm3p9rmpAbILTGyosqRgCf7r4DG6vIQtQ2kMC8Iis#LogAttribute.g.received.cs
    Verified: TelemetrySourceGeneratorActivityTests.Generate_GivenInterfaceWithGenerics_RaisesDiagnostics_A4lm3p9rmpAbILTGyosqRgCf7r4DG6vIQtQ2kMC8Iis#LogAttribute.g.verified.cs
  - Received: TelemetrySourceGeneratorActivityTests.Generate_GivenInterfaceWithGenerics_RaisesDiagnostics_A4lm3p9rmpAbILTGyosqRgCf7r4DG6vIQtQ2kMC8Iis#LoggerAttribute.g.received.cs
    Verified: TelemetrySourceGeneratorActivityTests.Generate_GivenInterfaceWithGenerics_RaisesDiagnostics_A4lm3p9rmpAbILTGyosqRgCf7r4DG6vIQtQ2kMC8Iis#LoggerAttribute.g.verified.cs
  - Received: TelemetrySourceGeneratorActivityTests.Generate_GivenInterfaceWithGenerics_RaisesDiagnostics_A4lm3p9rmpAbILTGyosqRgCf7r4DG6vIQtQ2kMC8Iis#LoggerGenerationAttribute.g.received.cs
    Verified: TelemetrySourceGeneratorActivityTests.Generate_GivenInterfaceWithGenerics_RaisesDiagnostics_A4lm3p9rmpAbILTGyosqRgCf7r4DG6vIQtQ2kMC8Iis#LoggerGenerationAttribute.g.verified.cs
  - Received: TelemetrySourceGeneratorActivityTests.Generate_GivenInterfaceWithGenerics_RaisesDiagnostics_A4lm3p9rmpAbILTGyosqRgCf7r4DG6vIQtQ2kMC8Iis#LoggerGenerationMode.g.received.cs
    Verified: TelemetrySourceGeneratorActivityTests.Generate_GivenInterfaceWithGenerics_RaisesDiagnostics_A4lm3p9rmpAbILTGyosqRgCf7r4DG6vIQtQ2kMC8Iis#LoggerGenerationMode.g.verified.cs
  - Received: TelemetrySourceGeneratorActivityTests.Generate_GivenInterfaceWithGenerics_RaisesDiagnostics_A4lm3p9rmpAbILTGyosqRgCf7r4DG6vIQtQ2kMC8Iis#LogPrefixType.g.received.cs
    Verified: TelemetrySourceGeneratorActivityTests.Generate_GivenInterfaceWithGenerics_RaisesDiagnostics_A4lm3p9rmpAbILTGyosqRgCf7r4DG6vIQtQ2kMC8Iis#LogPrefixType.g.verified.cs
  - Received: TelemetrySourceGeneratorActivityTests.Generate_GivenInterfaceWithGenerics_RaisesDiagnostics_A4lm3p9rmpAbILTGyosqRgCf7r4DG6vIQtQ2kMC8Iis#MeterAttribute.g.received.cs
    Verified: TelemetrySourceGeneratorActivityTests.Generate_GivenInterfaceWithGenerics_RaisesDiagnostics_A4lm3p9rmpAbILTGyosqRgCf7r4DG6vIQtQ2kMC8Iis#MeterAttribute.g.verified.cs
  - Received: TelemetrySourceGeneratorActivityTests.Generate_GivenInterfaceWithGenerics_RaisesDiagnostics_A4lm3p9rmpAbILTGyosqRgCf7r4DG6vIQtQ2kMC8Iis#MeterGenerationAttribute.g.received.cs
    Verified: TelemetrySourceGeneratorActivityTests.Generate_GivenInterfaceWithGenerics_RaisesDiagnostics_A4lm3p9rmpAbILTGyosqRgCf7r4DG6vIQtQ2kMC8Iis#MeterGenerationAttribute.g.verified.cs
  - Received: TelemetrySourceGeneratorActivityTests.Generate_GivenInterfaceWithGenerics_RaisesDiagnostics_A4lm3p9rmpAbILTGyosqRgCf7r4DG6vIQtQ2kMC8Iis#MeterNameGenerationType.g.received.cs
    Verified: TelemetrySourceGeneratorActivityTests.Generate_GivenInterfaceWithGenerics_RaisesDiagnostics_A4lm3p9rmpAbILTGyosqRgCf7r4DG6vIQtQ2kMC8Iis#MeterNameGenerationType.g.verified.cs
  - Received: TelemetrySourceGeneratorActivityTests.Generate_GivenInterfaceWithGenerics_RaisesDiagnostics_A4lm3p9rmpAbILTGyosqRgCf7r4DG6vIQtQ2kMC8Iis#NamingConvention.g.received.cs
    Verified: TelemetrySourceGeneratorActivityTests.Generate_GivenInterfaceWithGenerics_RaisesDiagnostics_A4lm3p9rmpAbILTGyosqRgCf7r4DG6vIQtQ2kMC8Iis#NamingConvention.g.verified.cs
  - Received: TelemetrySourceGeneratorActivityTests.Generate_GivenInterfaceWithGenerics_RaisesDiagnostics_A4lm3p9rmpAbILTGyosqRgCf7r4DG6vIQtQ2kMC8Iis#ObservableCounterAttribute.g.received.cs
    Verified: TelemetrySourceGeneratorActivityTests.Generate_GivenInterfaceWithGenerics_RaisesDiagnostics_A4lm3p9rmpAbILTGyosqRgCf7r4DG6vIQtQ2kMC8Iis#ObservableCounterAttribute.g.verified.cs
  - Received: TelemetrySourceGeneratorActivityTests.Generate_GivenInterfaceWithGenerics_RaisesDiagnostics_A4lm3p9rmpAbILTGyosqRgCf7r4DG6vIQtQ2kMC8Iis#ObservableGaugeAttribute.g.received.cs
    Verified: TelemetrySourceGeneratorActivityTests.Generate_GivenInterfaceWithGenerics_RaisesDiagnostics_A4lm3p9rmpAbILTGyosqRgCf7r4DG6vIQtQ2kMC8Iis#ObservableGaugeAttribute.g.verified.cs
  - Received: TelemetrySourceGeneratorActivityTests.Generate_GivenInterfaceWithGenerics_RaisesDiagnostics_A4lm3p9rmpAbILTGyosqRgCf7r4DG6vIQtQ2kMC8Iis#ObservableUpDownCounterAttribute.g.received.cs
    Verified: TelemetrySourceGeneratorActivityTests.Generate_GivenInterfaceWithGenerics_RaisesDiagnostics_A4lm3p9rmpAbILTGyosqRgCf7r4DG6vIQtQ2kMC8Iis#ObservableUpDownCounterAttribute.g.verified.cs
  - Received: TelemetrySourceGeneratorActivityTests.Generate_GivenInterfaceWithGenerics_RaisesDiagnostics_A4lm3p9rmpAbILTGyosqRgCf7r4DG6vIQtQ2kMC8Iis#StatusDescriptionAttribute.g.received.cs
    Verified: TelemetrySourceGeneratorActivityTests.Generate_GivenInterfaceWithGenerics_RaisesDiagnostics_A4lm3p9rmpAbILTGyosqRgCf7r4DG6vIQtQ2kMC8Iis#StatusDescriptionAttribute.g.verified.cs
  - Received: TelemetrySourceGeneratorActivityTests.Generate_GivenInterfaceWithGenerics_RaisesDiagnostics_A4lm3p9rmpAbILTGyosqRgCf7r4DG6vIQtQ2kMC8Iis#TagAttribute.g.received.cs
    Verified: TelemetrySourceGeneratorActivityTests.Generate_GivenInterfaceWithGenerics_RaisesDiagnostics_A4lm3p9rmpAbILTGyosqRgCf7r4DG6vIQtQ2kMC8Iis#TagAttribute.g.verified.cs
  - Received: TelemetrySourceGeneratorActivityTests.Generate_GivenInterfaceWithGenerics_RaisesDiagnostics_A4lm3p9rmpAbILTGyosqRgCf7r4DG6vIQtQ2kMC8Iis#Targets.g.received.cs
    Verified: TelemetrySourceGeneratorActivityTests.Generate_GivenInterfaceWithGenerics_RaisesDiagnostics_A4lm3p9rmpAbILTGyosqRgCf7r4DG6vIQtQ2kMC8Iis#Targets.g.verified.cs
  - Received: TelemetrySourceGeneratorActivityTests.Generate_GivenInterfaceWithGenerics_RaisesDiagnostics_A4lm3p9rmpAbILTGyosqRgCf7r4DG6vIQtQ2kMC8Iis#TelemetryGenerationAttribute.g.received.cs
    Verified: TelemetrySourceGeneratorActivityTests.Generate_GivenInterfaceWithGenerics_RaisesDiagnostics_A4lm3p9rmpAbILTGyosqRgCf7r4DG6vIQtQ2kMC8Iis#TelemetryGenerationAttribute.g.verified.cs
  - Received: TelemetrySourceGeneratorActivityTests.Generate_GivenInterfaceWithGenerics_RaisesDiagnostics_A4lm3p9rmpAbILTGyosqRgCf7r4DG6vIQtQ2kMC8Iis#TraceAttribute.g.received.cs
    Verified: TelemetrySourceGeneratorActivityTests.Generate_GivenInterfaceWithGenerics_RaisesDiagnostics_A4lm3p9rmpAbILTGyosqRgCf7r4DG6vIQtQ2kMC8Iis#TraceAttribute.g.verified.cs
  - Received: TelemetrySourceGeneratorActivityTests.Generate_GivenInterfaceWithGenerics_RaisesDiagnostics_A4lm3p9rmpAbILTGyosqRgCf7r4DG6vIQtQ2kMC8Iis#UpDownCounterAttribute.g.received.cs
    Verified: TelemetrySourceGeneratorActivityTests.Generate_GivenInterfaceWithGenerics_RaisesDiagnostics_A4lm3p9rmpAbILTGyosqRgCf7r4DG6vIQtQ2kMC8Iis#UpDownCounterAttribute.g.verified.cs
  - Received: TelemetrySourceGeneratorActivityTests.Generate_GivenInterfaceWithGenerics_RaisesDiagnostics_A4lm3p9rmpAbILTGyosqRgCf7r4DG6vIQtQ2kMC8Iis#WarningAttribute.g.received.cs
    Verified: TelemetrySourceGeneratorActivityTests.Generate_GivenInterfaceWithGenerics_RaisesDiagnostics_A4lm3p9rmpAbILTGyosqRgCf7r4DG6vIQtQ2kMC8Iis#WarningAttribute.g.verified.cs

  from P:\GitHub\kjldev\purview-telemetry-sourcegenerator\src\Purview.Telemetry.SourceGenerator.IntegrationTests\bin\Release\net10.0\Purview.Telemetry.SourceGenerator.IntegrationTests.dll (net10.0|x64)
  TUnit.Engine.Exceptions.TestFailedException: [Test Failure] VerifyException: Directory: P:\GitHub\kjldev\purview-telemetry-sourcegenerator\src\Purview.Telemetry.SourceGenerator.IntegrationTests\Snapshots
  Delete:
    - TelemetrySourceGeneratorActivityTests.Generate_GivenInterfaceWithGenerics_RaisesDiagnostics_A4lm3p9rmpAbILTGyosqRgCf7r4DG6vIQtQ2kMC8Iis#Purview.Telemetry.SourceGenerator.TelemetryNames.g.verified.cs
    - TelemetrySourceGeneratorActivityTests.Generate_GivenInterfaceWithGenerics_RaisesDiagnostics_A4lm3p9rmpAbILTGyosqRgCf7r4DG6vIQtQ2kMC8Iis.verified.txt
  Equal:
    - Received: TelemetrySourceGeneratorActivityTests.Generate_GivenInterfaceWithGenerics_RaisesDiagnostics_A4lm3p9rmpAbILTGyosqRgCf7r4DG6vIQtQ2kMC8Iis#ActivityAttribute.g.received.cs
      Verified: TelemetrySourceGeneratorActivityTests.Generate_GivenInterfaceWithGenerics_RaisesDiagnostics_A4lm3p9rmpAbILTGyosqRgCf7r4DG6vIQtQ2kMC8Iis#ActivityAttribute.g.verified.cs
    - Received: TelemetrySourceGeneratorActivityTests.Generate_GivenInterfaceWithGenerics_RaisesDiagnostics_A4lm3p9rmpAbILTGyosqRgCf7r4DG6vIQtQ2kMC8Iis#ActivitySourceAttribute.g.received.cs
      Verified: TelemetrySourceGeneratorActivityTests.Generate_GivenInterfaceWithGenerics_RaisesDiagnostics_A4lm3p9rmpAbILTGyosqRgCf7r4DG6vIQtQ2kMC8Iis#ActivitySourceAttribute.g.verified.cs
    - Received: TelemetrySourceGeneratorActivityTests.Generate_GivenInterfaceWithGenerics_RaisesDiagnostics_A4lm3p9rmpAbILTGyosqRgCf7r4DG6vIQtQ2kMC8Iis#ActivitySourceGenerationAttribute.g.received.cs
      Verified: TelemetrySourceGeneratorActivityTests.Generate_GivenInterfaceWithGenerics_RaisesDiagnostics_A4lm3p9rmpAbILTGyosqRgCf7r4DG6vIQtQ2kMC8Iis#ActivitySourceGenerationAttribute.g.verified.cs
    - Received: TelemetrySourceGeneratorActivityTests.Generate_GivenInterfaceWithGenerics_RaisesDiagnostics_A4lm3p9rmpAbILTGyosqRgCf7r4DG6vIQtQ2kMC8Iis#AutoCounterAttribute.g.received.cs
      Verified: TelemetrySourceGeneratorActivityTests.Generate_GivenInterfaceWithGenerics_RaisesDiagnostics_A4lm3p9rmpAbILTGyosqRgCf7r4DG6vIQtQ2kMC8Iis#AutoCounterAttribute.g.verified.cs
    - Received: TelemetrySourceGeneratorActivityTests.Generate_GivenInterfaceWithGenerics_RaisesDiagnostics_A4lm3p9rmpAbILTGyosqRgCf7r4DG6vIQtQ2kMC8Iis#BaggageAttribute.g.received.cs
      Verified: TelemetrySourceGeneratorActivityTests.Generate_GivenInterfaceWithGenerics_RaisesDiagnostics_A4lm3p9rmpAbILTGyosqRgCf7r4DG6vIQtQ2kMC8Iis#BaggageAttribute.g.verified.cs
    - Received: TelemetrySourceGeneratorActivityTests.Generate_GivenInterfaceWithGenerics_RaisesDiagnostics_A4lm3p9rmpAbILTGyosqRgCf7r4DG6vIQtQ2kMC8Iis#ContextAttribute.g.received.cs
      Verified: TelemetrySourceGeneratorActivityTests.Generate_GivenInterfaceWithGenerics_RaisesDiagnostics_A4lm3p9rmpAbILTGyosqRgCf7r4DG6vIQtQ2kMC8Iis#ContextAttribute.g.verified.cs
    - Received: TelemetrySourceGeneratorActivityTests.Generate_GivenInterfaceWithGenerics_RaisesDiagnostics_A4lm3p9rmpAbILTGyosqRgCf7r4DG6vIQtQ2kMC8Iis#CounterAttribute.g.received.cs
      Verified: TelemetrySourceGeneratorActivityTests.Generate_GivenInterfaceWithGenerics_RaisesDiagnostics_A4lm3p9rmpAbILTGyosqRgCf7r4DG6vIQtQ2kMC8Iis#CounterAttribute.g.verified.cs
    - Received: TelemetrySourceGeneratorActivityTests.Generate_GivenInterfaceWithGenerics_RaisesDiagnostics_A4lm3p9rmpAbILTGyosqRgCf7r4DG6vIQtQ2kMC8Iis#CriticalAttribute.g.received.cs
      Verified: TelemetrySourceGeneratorActivityTests.Generate_GivenInterfaceWithGenerics_RaisesDiagnostics_A4lm3p9rmpAbILTGyosqRgCf7r4DG6vIQtQ2kMC8Iis#CriticalAttribute.g.verified.cs
    - Received: TelemetrySourceGeneratorActivityTests.Generate_GivenInterfaceWithGenerics_RaisesDiagnostics_A4lm3p9rmpAbILTGyosqRgCf7r4DG6vIQtQ2kMC8Iis#DebugAttribute.g.received.cs
      Verified: TelemetrySourceGeneratorActivityTests.Generate_GivenInterfaceWithGenerics_RaisesDiagnostics_A4lm3p9rmpAbILTGyosqRgCf7r4DG6vIQtQ2kMC8Iis#DebugAttribute.g.verified.cs
    - Received: TelemetrySourceGeneratorActivityTests.Generate_GivenInterfaceWithGenerics_RaisesDiagnostics_A4lm3p9rmpAbILTGyosqRgCf7r4DG6vIQtQ2kMC8Iis#ErrorAttribute.g.received.cs
      Verified: TelemetrySourceGeneratorActivityTests.Generate_GivenInterfaceWithGenerics_RaisesDiagnostics_A4lm3p9rmpAbILTGyosqRgCf7r4DG6vIQtQ2kMC8Iis#ErrorAttribute.g.verified.cs
    - Received: TelemetrySourceGeneratorActivityTests.Generate_GivenInterfaceWithGenerics_RaisesDiagnostics_A4lm3p9rmpAbILTGyosqRgCf7r4DG6vIQtQ2kMC8Iis#EscapeAttribute.g.received.cs
      Verified: TelemetrySourceGeneratorActivityTests.Generate_GivenInterfaceWithGenerics_RaisesDiagnostics_A4lm3p9rmpAbILTGyosqRgCf7r4DG6vIQtQ2kMC8Iis#EscapeAttribute.g.verified.cs
    - Received: TelemetrySourceGeneratorActivityTests.Generate_GivenInterfaceWithGenerics_RaisesDiagnostics_A4lm3p9rmpAbILTGyosqRgCf7r4DG6vIQtQ2kMC8Iis#EventAttribute.g.received.cs
      Verified: TelemetrySourceGeneratorActivityTests.Generate_GivenInterfaceWithGenerics_RaisesDiagnostics_A4lm3p9rmpAbILTGyosqRgCf7r4DG6vIQtQ2kMC8Iis#EventAttribute.g.verified.cs
    - Received: TelemetrySourceGeneratorActivityTests.Generate_GivenInterfaceWithGenerics_RaisesDiagnostics_A4lm3p9rmpAbILTGyosqRgCf7r4DG6vIQtQ2kMC8Iis#ExcludeAttribute.g.received.cs
      Verified: TelemetrySourceGeneratorActivityTests.Generate_GivenInterfaceWithGenerics_RaisesDiagnostics_A4lm3p9rmpAbILTGyosqRgCf7r4DG6vIQtQ2kMC8Iis#ExcludeAttribute.g.verified.cs
    - Received: TelemetrySourceGeneratorActivityTests.Generate_GivenInterfaceWithGenerics_RaisesDiagnostics_A4lm3p9rmpAbILTGyosqRgCf7r4DG6vIQtQ2kMC8Iis#ExcludeTargetsAttribute.g.received.cs
      Verified: TelemetrySourceGeneratorActivityTests.Generate_GivenInterfaceWithGenerics_RaisesDiagnostics_A4lm3p9rmpAbILTGyosqRgCf7r4DG6vIQtQ2kMC8Iis#ExcludeTargetsAttribute.g.verified.cs
    - Received: TelemetrySourceGeneratorActivityTests.Generate_GivenInterfaceWithGenerics_RaisesDiagnostics_A4lm3p9rmpAbILTGyosqRgCf7r4DG6vIQtQ2kMC8Iis#ExpandEnumerableAttribute.g.received.cs
      Verified: TelemetrySourceGeneratorActivityTests.Generate_GivenInterfaceWithGenerics_RaisesDiagnostics_A4lm3p9rmpAbILTGyosqRgCf7r4DG6vIQtQ2kMC8Iis#ExpandEnumerableAttribute.g.verified.cs
    - Received: TelemetrySourceGeneratorActivityTests.Generate_GivenInterfaceWithGenerics_RaisesDiagnostics_A4lm3p9rmpAbILTGyosqRgCf7r4DG6vIQtQ2kMC8Iis#HistogramAttribute.g.received.cs
      Verified: TelemetrySourceGeneratorActivityTests.Generate_GivenInterfaceWithGenerics_RaisesDiagnostics_A4lm3p9rmpAbILTGyosqRgCf7r4DG6vIQtQ2kMC8Iis#HistogramAttribute.g.verified.cs
    - Received: TelemetrySourceGeneratorActivityTests.Generate_GivenInterfaceWithGenerics_RaisesDiagnostics_A4lm3p9rmpAbILTGyosqRgCf7r4DG6vIQtQ2kMC8Iis#InfoAttribute.g.received.cs
      Verified: TelemetrySourceGeneratorActivityTests.Generate_GivenInterfaceWithGenerics_RaisesDiagnostics_A4lm3p9rmpAbILTGyosqRgCf7r4DG6vIQtQ2kMC8Iis#InfoAttribute.g.verified.cs
    - Received: TelemetrySourceGeneratorActivityTests.Generate_GivenInterfaceWithGenerics_RaisesDiagnostics_A4lm3p9rmpAbILTGyosqRgCf7r4DG6vIQtQ2kMC8Iis#InstrumentMeasurementAttribute.g.received.cs
      Verified: TelemetrySourceGeneratorActivityTests.Generate_GivenInterfaceWithGenerics_RaisesDiagnostics_A4lm3p9rmpAbILTGyosqRgCf7r4DG6vIQtQ2kMC8Iis#InstrumentMeasurementAttribute.g.verified.cs
    - Received: TelemetrySourceGeneratorActivityTests.Generate_GivenInterfaceWithGenerics_RaisesDiagnostics_A4lm3p9rmpAbILTGyosqRgCf7r4DG6vIQtQ2kMC8Iis#LogAttribute.g.received.cs
      Verified: TelemetrySourceGeneratorActivityTests.Generate_GivenInterfaceWithGenerics_RaisesDiagnostics_A4lm3p9rmpAbILTGyosqRgCf7r4DG6vIQtQ2kMC8Iis#LogAttribute.g.verified.cs
    - Received: TelemetrySourceGeneratorActivityTests.Generate_GivenInterfaceWithGenerics_RaisesDiagnostics_A4lm3p9rmpAbILTGyosqRgCf7r4DG6vIQtQ2kMC8Iis#LoggerAttribute.g.received.cs
      Verified: TelemetrySourceGeneratorActivityTests.Generate_GivenInterfaceWithGenerics_RaisesDiagnostics_A4lm3p9rmpAbILTGyosqRgCf7r4DG6vIQtQ2kMC8Iis#LoggerAttribute.g.verified.cs
    - Received: TelemetrySourceGeneratorActivityTests.Generate_GivenInterfaceWithGenerics_RaisesDiagnostics_A4lm3p9rmpAbILTGyosqRgCf7r4DG6vIQtQ2kMC8Iis#LoggerGenerationAttribute.g.received.cs
      Verified: TelemetrySourceGeneratorActivityTests.Generate_GivenInterfaceWithGenerics_RaisesDiagnostics_A4lm3p9rmpAbILTGyosqRgCf7r4DG6vIQtQ2kMC8Iis#LoggerGenerationAttribute.g.verified.cs
    - Received: TelemetrySourceGeneratorActivityTests.Generate_GivenInterfaceWithGenerics_RaisesDiagnostics_A4lm3p9rmpAbILTGyosqRgCf7r4DG6vIQtQ2kMC8Iis#LoggerGenerationMode.g.received.cs
      Verified: TelemetrySourceGeneratorActivityTests.Generate_GivenInterfaceWithGenerics_RaisesDiagnostics_A4lm3p9rmpAbILTGyosqRgCf7r4DG6vIQtQ2kMC8Iis#LoggerGenerationMode.g.verified.cs
    - Received: TelemetrySourceGeneratorActivityTests.Generate_GivenInterfaceWithGenerics_RaisesDiagnostics_A4lm3p9rmpAbILTGyosqRgCf7r4DG6vIQtQ2kMC8Iis#LogPrefixType.g.received.cs
      Verified: TelemetrySourceGeneratorActivityTests.Generate_GivenInterfaceWithGenerics_RaisesDiagnostics_A4lm3p9rmpAbILTGyosqRgCf7r4DG6vIQtQ2kMC8Iis#LogPrefixType.g.verified.cs
    - Received: TelemetrySourceGeneratorActivityTests.Generate_GivenInterfaceWithGenerics_RaisesDiagnostics_A4lm3p9rmpAbILTGyosqRgCf7r4DG6vIQtQ2kMC8Iis#MeterAttribute.g.received.cs
      Verified: TelemetrySourceGeneratorActivityTests.Generate_GivenInterfaceWithGenerics_RaisesDiagnostics_A4lm3p9rmpAbILTGyosqRgCf7r4DG6vIQtQ2kMC8Iis#MeterAttribute.g.verified.cs
    - Received: TelemetrySourceGeneratorActivityTests.Generate_GivenInterfaceWithGenerics_RaisesDiagnostics_A4lm3p9rmpAbILTGyosqRgCf7r4DG6vIQtQ2kMC8Iis#MeterGenerationAttribute.g.received.cs
      Verified: TelemetrySourceGeneratorActivityTests.Generate_GivenInterfaceWithGenerics_RaisesDiagnostics_A4lm3p9rmpAbILTGyosqRgCf7r4DG6vIQtQ2kMC8Iis#MeterGenerationAttribute.g.verified.cs
    - Received: TelemetrySourceGeneratorActivityTests.Generate_GivenInterfaceWithGenerics_RaisesDiagnostics_A4lm3p9rmpAbILTGyosqRgCf7r4DG6vIQtQ2kMC8Iis#MeterNameGenerationType.g.received.cs
      Verified: TelemetrySourceGeneratorActivityTests.Generate_GivenInterfaceWithGenerics_RaisesDiagnostics_A4lm3p9rmpAbILTGyosqRgCf7r4DG6vIQtQ2kMC8Iis#MeterNameGenerationType.g.verified.cs
    - Received: TelemetrySourceGeneratorActivityTests.Generate_GivenInterfaceWithGenerics_RaisesDiagnostics_A4lm3p9rmpAbILTGyosqRgCf7r4DG6vIQtQ2kMC8Iis#NamingConvention.g.received.cs
      Verified: TelemetrySourceGeneratorActivityTests.Generate_GivenInterfaceWithGenerics_RaisesDiagnostics_A4lm3p9rmpAbILTGyosqRgCf7r4DG6vIQtQ2kMC8Iis#NamingConvention.g.verified.cs
    - Received: TelemetrySourceGeneratorActivityTests.Generate_GivenInterfaceWithGenerics_RaisesDiagnostics_A4lm3p9rmpAbILTGyosqRgCf7r4DG6vIQtQ2kMC8Iis#ObservableCounterAttribute.g.received.cs
      Verified: TelemetrySourceGeneratorActivityTests.Generate_GivenInterfaceWithGenerics_RaisesDiagnostics_A4lm3p9rmpAbILTGyosqRgCf7r4DG6vIQtQ2kMC8Iis#ObservableCounterAttribute.g.verified.cs
    - Received: TelemetrySourceGeneratorActivityTests.Generate_GivenInterfaceWithGenerics_RaisesDiagnostics_A4lm3p9rmpAbILTGyosqRgCf7r4DG6vIQtQ2kMC8Iis#ObservableGaugeAttribute.g.received.cs
      Verified: TelemetrySourceGeneratorActivityTests.Generate_GivenInterfaceWithGenerics_RaisesDiagnostics_A4lm3p9rmpAbILTGyosqRgCf7r4DG6vIQtQ2kMC8Iis#ObservableGaugeAttribute.g.verified.cs
    - Received: TelemetrySourceGeneratorActivityTests.Generate_GivenInterfaceWithGenerics_RaisesDiagnostics_A4lm3p9rmpAbILTGyosqRgCf7r4DG6vIQtQ2kMC8Iis#ObservableUpDownCounterAttribute.g.received.cs
      Verified: TelemetrySourceGeneratorActivityTests.Generate_GivenInterfaceWithGenerics_RaisesDiagnostics_A4lm3p9rmpAbILTGyosqRgCf7r4DG6vIQtQ2kMC8Iis#ObservableUpDownCounterAttribute.g.verified.cs
    - Received: TelemetrySourceGeneratorActivityTests.Generate_GivenInterfaceWithGenerics_RaisesDiagnostics_A4lm3p9rmpAbILTGyosqRgCf7r4DG6vIQtQ2kMC8Iis#StatusDescriptionAttribute.g.received.cs
      Verified: TelemetrySourceGeneratorActivityTests.Generate_GivenInterfaceWithGenerics_RaisesDiagnostics_A4lm3p9rmpAbILTGyosqRgCf7r4DG6vIQtQ2kMC8Iis#StatusDescriptionAttribute.g.verified.cs
    - Received: TelemetrySourceGeneratorActivityTests.Generate_GivenInterfaceWithGenerics_RaisesDiagnostics_A4lm3p9rmpAbILTGyosqRgCf7r4DG6vIQtQ2kMC8Iis#TagAttribute.g.received.cs
      Verified: TelemetrySourceGeneratorActivityTests.Generate_GivenInterfaceWithGenerics_RaisesDiagnostics_A4lm3p9rmpAbILTGyosqRgCf7r4DG6vIQtQ2kMC8Iis#TagAttribute.g.verified.cs
    - Received: TelemetrySourceGeneratorActivityTests.Generate_GivenInterfaceWithGenerics_RaisesDiagnostics_A4lm3p9rmpAbILTGyosqRgCf7r4DG6vIQtQ2kMC8Iis#Targets.g.received.cs
      Verified: TelemetrySourceGeneratorActivityTests.Generate_GivenInterfaceWithGenerics_RaisesDiagnostics_A4lm3p9rmpAbILTGyosqRgCf7r4DG6vIQtQ2kMC8Iis#Targets.g.verified.cs
    - Received: TelemetrySourceGeneratorActivityTests.Generate_GivenInterfaceWithGenerics_RaisesDiagnostics_A4lm3p9rmpAbILTGyosqRgCf7r4DG6vIQtQ2kMC8Iis#TelemetryGenerationAttribute.g.received.cs
      Verified: TelemetrySourceGeneratorActivityTests.Generate_GivenInterfaceWithGenerics_RaisesDiagnostics_A4lm3p9rmpAbILTGyosqRgCf7r4DG6vIQtQ2kMC8Iis#TelemetryGenerationAttribute.g.verified.cs
    - Received: TelemetrySourceGeneratorActivityTests.Generate_GivenInterfaceWithGenerics_RaisesDiagnostics_A4lm3p9rmpAbILTGyosqRgCf7r4DG6vIQtQ2kMC8Iis#TraceAttribute.g.received.cs
      Verified: TelemetrySourceGeneratorActivityTests.Generate_GivenInterfaceWithGenerics_RaisesDiagnostics_A4lm3p9rmpAbILTGyosqRgCf7r4DG6vIQtQ2kMC8Iis#TraceAttribute.g.verified.cs
    - Received: TelemetrySourceGeneratorActivityTests.Generate_GivenInterfaceWithGenerics_RaisesDiagnostics_A4lm3p9rmpAbILTGyosqRgCf7r4DG6vIQtQ2kMC8Iis#UpDownCounterAttribute.g.received.cs
      Verified: TelemetrySourceGeneratorActivityTests.Generate_GivenInterfaceWithGenerics_RaisesDiagnostics_A4lm3p9rmpAbILTGyosqRgCf7r4DG6vIQtQ2kMC8Iis#UpDownCounterAttribute.g.verified.cs
    - Received: TelemetrySourceGeneratorActivityTests.Generate_GivenInterfaceWithGenerics_RaisesDiagnostics_A4lm3p9rmpAbILTGyosqRgCf7r4DG6vIQtQ2kMC8Iis#WarningAttribute.g.received.cs
      Verified: TelemetrySourceGeneratorActivityTests.Generate_GivenInterfaceWithGenerics_RaisesDiagnostics_A4lm3p9rmpAbILTGyosqRgCf7r4DG6vIQtQ2kMC8Iis#WarningAttribute.g.verified.cs
  
  Standard output
    DBG: --- Adding templates.
    DBG: Adding ActivitySourceGenerationAttribute as ActivitySourceGenerationAttribute.g.cs.
    DBG: Adding ActivitySourceAttribute as ActivitySourceAttribute.g.cs.
    DBG: Adding ActivityAttribute as ActivityAttribute.g.cs.
    DBG: Adding EventAttribute as EventAttribute.g.cs.
    DBG: Adding ContextAttribute as ContextAttribute.g.cs.
    DBG: Adding BaggageAttribute as BaggageAttribute.g.cs.
    DBG: Adding EscapeAttribute as EscapeAttribute.g.cs.
    DBG: Adding StatusDescriptionAttribute as StatusDescriptionAttribute.g.cs.
    DBG: Adding LoggerGenerationAttribute as LoggerGenerationAttribute.g.cs.
    DBG: Adding LoggerAttribute as LoggerAttribute.g.cs.
    DBG: Adding LogAttribute as LogAttribute.g.cs.
    DBG: Adding LogPrefixType as LogPrefixType.g.cs.
    DBG: Adding LoggerGenerationMode as LoggerGenerationMode.g.cs.
    DBG: Adding ExpandEnumerableAttribute as ExpandEnumerableAttribute.g.cs.
    DBG: Adding TraceAttribute as TraceAttribute.g.cs.
    DBG: Adding DebugAttribute as DebugAttribute.g.cs.
    DBG: Adding InfoAttribute as InfoAttribute.g.cs.
    DBG: Adding WarningAttribute as WarningAttribute.g.cs.
    DBG: Adding ErrorAttribute as ErrorAttribute.g.cs.
    DBG: Adding CriticalAttribute as CriticalAttribute.g.cs.
    DBG: Adding MeterGenerationAttribute as MeterGenerationAttribute.g.cs.
    DBG: Adding MeterAttribute as MeterAttribute.g.cs.
    DBG: Adding MeterNameGenerationType as MeterNameGenerationType.g.cs.
    DBG: Adding InstrumentMeasurementAttribute as InstrumentMeasurementAttribute.g.cs.
    DBG: Adding AutoCounterAttribute as AutoCounterAttribute.g.cs.
    DBG: Adding CounterAttribute as CounterAttribute.g.cs.
    DBG: Adding UpDownCounterAttribute as UpDownCounterAttribute.g.cs.
    DBG: Adding HistogramAttribute as HistogramAttribute.g.cs.
    DBG: Adding ObservableCounterAttribute as ObservableCounterAttribute.g.cs.
    DBG: Adding ObservableGaugeAttribute as ObservableGaugeAttribute.g.cs.
    DBG: Adding ObservableUpDownCounterAttribute as ObservableUpDownCounterAttribute.g.cs.
    DBG: Adding TagAttribute as TagAttribute.g.cs.
    DBG: Adding ExcludeAttribute as ExcludeAttribute.g.cs.
    DBG: Adding TelemetryGenerationAttribute as TelemetryGenerationAttribute.g.cs.
    DBG: Adding Targets as Targets.g.cs.
    DBG: Adding NamingConvention as NamingConvention.g.cs.
    DBG: Adding ExcludeTargetsAttribute as ExcludeTargetsAttribute.g.cs.
    DBG: --- Finished adding templates.
    DIA: Cannot generate a Activity target for a generic interface '[ActivitySource] public interface ITestActivities<T0, T1> { [Activity] System.Diagnostics.Activity? Activity(); }'.
    DIA: Cannot generate a Activity target for a generic interface '[ActivitySource] public interface ITestActivities<T0, T1> { [Activity] System.Diagnostics.Activity? Activity(); }'.
    
  Error output
failed Generate_GivenMethodWithGenerics_RaisesDiagnostics(5) (4s 276ms)
  [Test Failure] VerifyException: Directory: P:\GitHub\kjldev\purview-telemetry-sourcegenerator\src\Purview.Telemetry.SourceGenerator.IntegrationTests\Snapshots
Delete:
  - TelemetrySourceGeneratorActivityTests.Generate_GivenMethodWithGenerics_RaisesDiagnostics_GuNZL4JIw_h5tWr-PyzmqtRbqJhDR5bTXFZWhDl_s-Y.verified.txt
Equal:
  - Received: TelemetrySourceGeneratorActivityTests.Generate_GivenMethodWithGenerics_RaisesDiagnostics_GuNZL4JIw_h5tWr-PyzmqtRbqJhDR5bTXFZWhDl_s-Y#ActivityAttribute.g.received.cs
    Verified: TelemetrySourceGeneratorActivityTests.Generate_GivenMethodWithGenerics_RaisesDiagnostics_GuNZL4JIw_h5tWr-PyzmqtRbqJhDR5bTXFZWhDl_s-Y#ActivityAttribute.g.verified.cs
  - Received: TelemetrySourceGeneratorActivityTests.Generate_GivenMethodWithGenerics_RaisesDiagnostics_GuNZL4JIw_h5tWr-PyzmqtRbqJhDR5bTXFZWhDl_s-Y#ActivitySourceAttribute.g.received.cs
    Verified: TelemetrySourceGeneratorActivityTests.Generate_GivenMethodWithGenerics_RaisesDiagnostics_GuNZL4JIw_h5tWr-PyzmqtRbqJhDR5bTXFZWhDl_s-Y#ActivitySourceAttribute.g.verified.cs
  - Received: TelemetrySourceGeneratorActivityTests.Generate_GivenMethodWithGenerics_RaisesDiagnostics_GuNZL4JIw_h5tWr-PyzmqtRbqJhDR5bTXFZWhDl_s-Y#ActivitySourceGenerationAttribute.g.received.cs
    Verified: TelemetrySourceGeneratorActivityTests.Generate_GivenMethodWithGenerics_RaisesDiagnostics_GuNZL4JIw_h5tWr-PyzmqtRbqJhDR5bTXFZWhDl_s-Y#ActivitySourceGenerationAttribute.g.verified.cs
  - Received: TelemetrySourceGeneratorActivityTests.Generate_GivenMethodWithGenerics_RaisesDiagnostics_GuNZL4JIw_h5tWr-PyzmqtRbqJhDR5bTXFZWhDl_s-Y#AutoCounterAttribute.g.received.cs
    Verified: TelemetrySourceGeneratorActivityTests.Generate_GivenMethodWithGenerics_RaisesDiagnostics_GuNZL4JIw_h5tWr-PyzmqtRbqJhDR5bTXFZWhDl_s-Y#AutoCounterAttribute.g.verified.cs
  - Received: TelemetrySourceGeneratorActivityTests.Generate_GivenMethodWithGenerics_RaisesDiagnostics_GuNZL4JIw_h5tWr-PyzmqtRbqJhDR5bTXFZWhDl_s-Y#BaggageAttribute.g.received.cs
    Verified: TelemetrySourceGeneratorActivityTests.Generate_GivenMethodWithGenerics_RaisesDiagnostics_GuNZL4JIw_h5tWr-PyzmqtRbqJhDR5bTXFZWhDl_s-Y#BaggageAttribute.g.verified.cs
  - Received: TelemetrySourceGeneratorActivityTests.Generate_GivenMethodWithGenerics_RaisesDiagnostics_GuNZL4JIw_h5tWr-PyzmqtRbqJhDR5bTXFZWhDl_s-Y#ContextAttribute.g.received.cs
    Verified: TelemetrySourceGeneratorActivityTests.Generate_GivenMethodWithGenerics_RaisesDiagnostics_GuNZL4JIw_h5tWr-PyzmqtRbqJhDR5bTXFZWhDl_s-Y#ContextAttribute.g.verified.cs
  - Received: TelemetrySourceGeneratorActivityTests.Generate_GivenMethodWithGenerics_RaisesDiagnostics_GuNZL4JIw_h5tWr-PyzmqtRbqJhDR5bTXFZWhDl_s-Y#CounterAttribute.g.received.cs
    Verified: TelemetrySourceGeneratorActivityTests.Generate_GivenMethodWithGenerics_RaisesDiagnostics_GuNZL4JIw_h5tWr-PyzmqtRbqJhDR5bTXFZWhDl_s-Y#CounterAttribute.g.verified.cs
  - Received: TelemetrySourceGeneratorActivityTests.Generate_GivenMethodWithGenerics_RaisesDiagnostics_GuNZL4JIw_h5tWr-PyzmqtRbqJhDR5bTXFZWhDl_s-Y#CriticalAttribute.g.received.cs
    Verified: TelemetrySourceGeneratorActivityTests.Generate_GivenMethodWithGenerics_RaisesDiagnostics_GuNZL4JIw_h5tWr-PyzmqtRbqJhDR5bTXFZWhDl_s-Y#CriticalAttribute.g.verified.cs
  - Received: TelemetrySourceGeneratorActivityTests.Generate_GivenMethodWithGenerics_RaisesDiagnostics_GuNZL4JIw_h5tWr-PyzmqtRbqJhDR5bTXFZWhDl_s-Y#DebugAttribute.g.received.cs
    Verified: TelemetrySourceGeneratorActivityTests.Generate_GivenMethodWithGenerics_RaisesDiagnostics_GuNZL4JIw_h5tWr-PyzmqtRbqJhDR5bTXFZWhDl_s-Y#DebugAttribute.g.verified.cs
  - Received: TelemetrySourceGeneratorActivityTests.Generate_GivenMethodWithGenerics_RaisesDiagnostics_GuNZL4JIw_h5tWr-PyzmqtRbqJhDR5bTXFZWhDl_s-Y#ErrorAttribute.g.received.cs
    Verified: TelemetrySourceGeneratorActivityTests.Generate_GivenMethodWithGenerics_RaisesDiagnostics_GuNZL4JIw_h5tWr-PyzmqtRbqJhDR5bTXFZWhDl_s-Y#ErrorAttribute.g.verified.cs
  - Received: TelemetrySourceGeneratorActivityTests.Generate_GivenMethodWithGenerics_RaisesDiagnostics_GuNZL4JIw_h5tWr-PyzmqtRbqJhDR5bTXFZWhDl_s-Y#EscapeAttribute.g.received.cs
    Verified: TelemetrySourceGeneratorActivityTests.Generate_GivenMethodWithGenerics_RaisesDiagnostics_GuNZL4JIw_h5tWr-PyzmqtRbqJhDR5bTXFZWhDl_s-Y#EscapeAttribute.g.verified.cs
  - Received: TelemetrySourceGeneratorActivityTests.Generate_GivenMethodWithGenerics_RaisesDiagnostics_GuNZL4JIw_h5tWr-PyzmqtRbqJhDR5bTXFZWhDl_s-Y#EventAttribute.g.received.cs
    Verified: TelemetrySourceGeneratorActivityTests.Generate_GivenMethodWithGenerics_RaisesDiagnostics_GuNZL4JIw_h5tWr-PyzmqtRbqJhDR5bTXFZWhDl_s-Y#EventAttribute.g.verified.cs
  - Received: TelemetrySourceGeneratorActivityTests.Generate_GivenMethodWithGenerics_RaisesDiagnostics_GuNZL4JIw_h5tWr-PyzmqtRbqJhDR5bTXFZWhDl_s-Y#ExcludeAttribute.g.received.cs
    Verified: TelemetrySourceGeneratorActivityTests.Generate_GivenMethodWithGenerics_RaisesDiagnostics_GuNZL4JIw_h5tWr-PyzmqtRbqJhDR5bTXFZWhDl_s-Y#ExcludeAttribute.g.verified.cs
  - Received: TelemetrySourceGeneratorActivityTests.Generate_GivenMethodWithGenerics_RaisesDiagnostics_GuNZL4JIw_h5tWr-PyzmqtRbqJhDR5bTXFZWhDl_s-Y#ExcludeTargetsAttribute.g.received.cs
    Verified: TelemetrySourceGeneratorActivityTests.Generate_GivenMethodWithGenerics_RaisesDiagnostics_GuNZL4JIw_h5tWr-PyzmqtRbqJhDR5bTXFZWhDl_s-Y#ExcludeTargetsAttribute.g.verified.cs
  - Received: TelemetrySourceGeneratorActivityTests.Generate_GivenMethodWithGenerics_RaisesDiagnostics_GuNZL4JIw_h5tWr-PyzmqtRbqJhDR5bTXFZWhDl_s-Y#ExpandEnumerableAttribute.g.received.cs
    Verified: TelemetrySourceGeneratorActivityTests.Generate_GivenMethodWithGenerics_RaisesDiagnostics_GuNZL4JIw_h5tWr-PyzmqtRbqJhDR5bTXFZWhDl_s-Y#ExpandEnumerableAttribute.g.verified.cs
  - Received: TelemetrySourceGeneratorActivityTests.Generate_GivenMethodWithGenerics_RaisesDiagnostics_GuNZL4JIw_h5tWr-PyzmqtRbqJhDR5bTXFZWhDl_s-Y#HistogramAttribute.g.received.cs
    Verified: TelemetrySourceGeneratorActivityTests.Generate_GivenMethodWithGenerics_RaisesDiagnostics_GuNZL4JIw_h5tWr-PyzmqtRbqJhDR5bTXFZWhDl_s-Y#HistogramAttribute.g.verified.cs
  - Received: TelemetrySourceGeneratorActivityTests.Generate_GivenMethodWithGenerics_RaisesDiagnostics_GuNZL4JIw_h5tWr-PyzmqtRbqJhDR5bTXFZWhDl_s-Y#InfoAttribute.g.received.cs
    Verified: TelemetrySourceGeneratorActivityTests.Generate_GivenMethodWithGenerics_RaisesDiagnostics_GuNZL4JIw_h5tWr-PyzmqtRbqJhDR5bTXFZWhDl_s-Y#InfoAttribute.g.verified.cs
  - Received: TelemetrySourceGeneratorActivityTests.Generate_GivenMethodWithGenerics_RaisesDiagnostics_GuNZL4JIw_h5tWr-PyzmqtRbqJhDR5bTXFZWhDl_s-Y#InstrumentMeasurementAttribute.g.received.cs
    Verified: TelemetrySourceGeneratorActivityTests.Generate_GivenMethodWithGenerics_RaisesDiagnostics_GuNZL4JIw_h5tWr-PyzmqtRbqJhDR5bTXFZWhDl_s-Y#InstrumentMeasurementAttribute.g.verified.cs
  - Received: TelemetrySourceGeneratorActivityTests.Generate_GivenMethodWithGenerics_RaisesDiagnostics_GuNZL4JIw_h5tWr-PyzmqtRbqJhDR5bTXFZWhDl_s-Y#LogAttribute.g.received.cs
    Verified: TelemetrySourceGeneratorActivityTests.Generate_GivenMethodWithGenerics_RaisesDiagnostics_GuNZL4JIw_h5tWr-PyzmqtRbqJhDR5bTXFZWhDl_s-Y#LogAttribute.g.verified.cs
  - Received: TelemetrySourceGeneratorActivityTests.Generate_GivenMethodWithGenerics_RaisesDiagnostics_GuNZL4JIw_h5tWr-PyzmqtRbqJhDR5bTXFZWhDl_s-Y#LoggerAttribute.g.received.cs
    Verified: TelemetrySourceGeneratorActivityTests.Generate_GivenMethodWithGenerics_RaisesDiagnostics_GuNZL4JIw_h5tWr-PyzmqtRbqJhDR5bTXFZWhDl_s-Y#LoggerAttribute.g.verified.cs
  - Received: TelemetrySourceGeneratorActivityTests.Generate_GivenMethodWithGenerics_RaisesDiagnostics_GuNZL4JIw_h5tWr-PyzmqtRbqJhDR5bTXFZWhDl_s-Y#LoggerGenerationAttribute.g.received.cs
    Verified: TelemetrySourceGeneratorActivityTests.Generate_GivenMethodWithGenerics_RaisesDiagnostics_GuNZL4JIw_h5tWr-PyzmqtRbqJhDR5bTXFZWhDl_s-Y#LoggerGenerationAttribute.g.verified.cs
  - Received: TelemetrySourceGeneratorActivityTests.Generate_GivenMethodWithGenerics_RaisesDiagnostics_GuNZL4JIw_h5tWr-PyzmqtRbqJhDR5bTXFZWhDl_s-Y#LoggerGenerationMode.g.received.cs
    Verified: TelemetrySourceGeneratorActivityTests.Generate_GivenMethodWithGenerics_RaisesDiagnostics_GuNZL4JIw_h5tWr-PyzmqtRbqJhDR5bTXFZWhDl_s-Y#LoggerGenerationMode.g.verified.cs
  - Received: TelemetrySourceGeneratorActivityTests.Generate_GivenMethodWithGenerics_RaisesDiagnostics_GuNZL4JIw_h5tWr-PyzmqtRbqJhDR5bTXFZWhDl_s-Y#LogPrefixType.g.received.cs
    Verified: TelemetrySourceGeneratorActivityTests.Generate_GivenMethodWithGenerics_RaisesDiagnostics_GuNZL4JIw_h5tWr-PyzmqtRbqJhDR5bTXFZWhDl_s-Y#LogPrefixType.g.verified.cs
  - Received: TelemetrySourceGeneratorActivityTests.Generate_GivenMethodWithGenerics_RaisesDiagnostics_GuNZL4JIw_h5tWr-PyzmqtRbqJhDR5bTXFZWhDl_s-Y#MeterAttribute.g.received.cs
    Verified: TelemetrySourceGeneratorActivityTests.Generate_GivenMethodWithGenerics_RaisesDiagnostics_GuNZL4JIw_h5tWr-PyzmqtRbqJhDR5bTXFZWhDl_s-Y#MeterAttribute.g.verified.cs
  - Received: TelemetrySourceGeneratorActivityTests.Generate_GivenMethodWithGenerics_RaisesDiagnostics_GuNZL4JIw_h5tWr-PyzmqtRbqJhDR5bTXFZWhDl_s-Y#MeterGenerationAttribute.g.received.cs
    Verified: TelemetrySourceGeneratorActivityTests.Generate_GivenMethodWithGenerics_RaisesDiagnostics_GuNZL4JIw_h5tWr-PyzmqtRbqJhDR5bTXFZWhDl_s-Y#MeterGenerationAttribute.g.verified.cs
  - Received: TelemetrySourceGeneratorActivityTests.Generate_GivenMethodWithGenerics_RaisesDiagnostics_GuNZL4JIw_h5tWr-PyzmqtRbqJhDR5bTXFZWhDl_s-Y#MeterNameGenerationType.g.received.cs
    Verified: TelemetrySourceGeneratorActivityTests.Generate_GivenMethodWithGenerics_RaisesDiagnostics_GuNZL4JIw_h5tWr-PyzmqtRbqJhDR5bTXFZWhDl_s-Y#MeterNameGenerationType.g.verified.cs
  - Received: TelemetrySourceGeneratorActivityTests.Generate_GivenMethodWithGenerics_RaisesDiagnostics_GuNZL4JIw_h5tWr-PyzmqtRbqJhDR5bTXFZWhDl_s-Y#NamingConvention.g.received.cs
    Verified: TelemetrySourceGeneratorActivityTests.Generate_GivenMethodWithGenerics_RaisesDiagnostics_GuNZL4JIw_h5tWr-PyzmqtRbqJhDR5bTXFZWhDl_s-Y#NamingConvention.g.verified.cs
  - Received: TelemetrySourceGeneratorActivityTests.Generate_GivenMethodWithGenerics_RaisesDiagnostics_GuNZL4JIw_h5tWr-PyzmqtRbqJhDR5bTXFZWhDl_s-Y#ObservableCounterAttribute.g.received.cs
    Verified: TelemetrySourceGeneratorActivityTests.Generate_GivenMethodWithGenerics_RaisesDiagnostics_GuNZL4JIw_h5tWr-PyzmqtRbqJhDR5bTXFZWhDl_s-Y#ObservableCounterAttribute.g.verified.cs
  - Received: TelemetrySourceGeneratorActivityTests.Generate_GivenMethodWithGenerics_RaisesDiagnostics_GuNZL4JIw_h5tWr-PyzmqtRbqJhDR5bTXFZWhDl_s-Y#ObservableGaugeAttribute.g.received.cs
    Verified: TelemetrySourceGeneratorActivityTests.Generate_GivenMethodWithGenerics_RaisesDiagnostics_GuNZL4JIw_h5tWr-PyzmqtRbqJhDR5bTXFZWhDl_s-Y#ObservableGaugeAttribute.g.verified.cs
  - Received: TelemetrySourceGeneratorActivityTests.Generate_GivenMethodWithGenerics_RaisesDiagnostics_GuNZL4JIw_h5tWr-PyzmqtRbqJhDR5bTXFZWhDl_s-Y#ObservableUpDownCounterAttribute.g.received.cs
    Verified: TelemetrySourceGeneratorActivityTests.Generate_GivenMethodWithGenerics_RaisesDiagnostics_GuNZL4JIw_h5tWr-PyzmqtRbqJhDR5bTXFZWhDl_s-Y#ObservableUpDownCounterAttribute.g.verified.cs
  - Received: TelemetrySourceGeneratorActivityTests.Generate_GivenMethodWithGenerics_RaisesDiagnostics_GuNZL4JIw_h5tWr-PyzmqtRbqJhDR5bTXFZWhDl_s-Y#Purview.Telemetry.SourceGenerator.TelemetryNames.g.received.cs
    Verified: TelemetrySourceGeneratorActivityTests.Generate_GivenMethodWithGenerics_RaisesDiagnostics_GuNZL4JIw_h5tWr-PyzmqtRbqJhDR5bTXFZWhDl_s-Y#Purview.Telemetry.SourceGenerator.TelemetryNames.g.verified.cs
  - Received: TelemetrySourceGeneratorActivityTests.Generate_GivenMethodWithGenerics_RaisesDiagnostics_GuNZL4JIw_h5tWr-PyzmqtRbqJhDR5bTXFZWhDl_s-Y#StatusDescriptionAttribute.g.received.cs
    Verified: TelemetrySourceGeneratorActivityTests.Generate_GivenMethodWithGenerics_RaisesDiagnostics_GuNZL4JIw_h5tWr-PyzmqtRbqJhDR5bTXFZWhDl_s-Y#StatusDescriptionAttribute.g.verified.cs
  - Received: TelemetrySourceGeneratorActivityTests.Generate_GivenMethodWithGenerics_RaisesDiagnostics_GuNZL4JIw_h5tWr-PyzmqtRbqJhDR5bTXFZWhDl_s-Y#TagAttribute.g.received.cs
    Verified: TelemetrySourceGeneratorActivityTests.Generate_GivenMethodWithGenerics_RaisesDiagnostics_GuNZL4JIw_h5tWr-PyzmqtRbqJhDR5bTXFZWhDl_s-Y#TagAttribute.g.verified.cs
  - Received: TelemetrySourceGeneratorActivityTests.Generate_GivenMethodWithGenerics_RaisesDiagnostics_GuNZL4JIw_h5tWr-PyzmqtRbqJhDR5bTXFZWhDl_s-Y#Targets.g.received.cs
    Verified: TelemetrySourceGeneratorActivityTests.Generate_GivenMethodWithGenerics_RaisesDiagnostics_GuNZL4JIw_h5tWr-PyzmqtRbqJhDR5bTXFZWhDl_s-Y#Targets.g.verified.cs
  - Received: TelemetrySourceGeneratorActivityTests.Generate_GivenMethodWithGenerics_RaisesDiagnostics_GuNZL4JIw_h5tWr-PyzmqtRbqJhDR5bTXFZWhDl_s-Y#TelemetryGenerationAttribute.g.received.cs
    Verified: TelemetrySourceGeneratorActivityTests.Generate_GivenMethodWithGenerics_RaisesDiagnostics_GuNZL4JIw_h5tWr-PyzmqtRbqJhDR5bTXFZWhDl_s-Y#TelemetryGenerationAttribute.g.verified.cs
  - Received: TelemetrySourceGeneratorActivityTests.Generate_GivenMethodWithGenerics_RaisesDiagnostics_GuNZL4JIw_h5tWr-PyzmqtRbqJhDR5bTXFZWhDl_s-Y#Testing.TestActivitiesCore.Activity.g.received.cs
    Verified: TelemetrySourceGeneratorActivityTests.Generate_GivenMethodWithGenerics_RaisesDiagnostics_GuNZL4JIw_h5tWr-PyzmqtRbqJhDR5bTXFZWhDl_s-Y#Testing.TestActivitiesCore.Activity.g.verified.cs
  - Received: TelemetrySourceGeneratorActivityTests.Generate_GivenMethodWithGenerics_RaisesDiagnostics_GuNZL4JIw_h5tWr-PyzmqtRbqJhDR5bTXFZWhDl_s-Y#TraceAttribute.g.received.cs
    Verified: TelemetrySourceGeneratorActivityTests.Generate_GivenMethodWithGenerics_RaisesDiagnostics_GuNZL4JIw_h5tWr-PyzmqtRbqJhDR5bTXFZWhDl_s-Y#TraceAttribute.g.verified.cs
  - Received: TelemetrySourceGeneratorActivityTests.Generate_GivenMethodWithGenerics_RaisesDiagnostics_GuNZL4JIw_h5tWr-PyzmqtRbqJhDR5bTXFZWhDl_s-Y#UpDownCounterAttribute.g.received.cs
    Verified: TelemetrySourceGeneratorActivityTests.Generate_GivenMethodWithGenerics_RaisesDiagnostics_GuNZL4JIw_h5tWr-PyzmqtRbqJhDR5bTXFZWhDl_s-Y#UpDownCounterAttribute.g.verified.cs
  - Received: TelemetrySourceGeneratorActivityTests.Generate_GivenMethodWithGenerics_RaisesDiagnostics_GuNZL4JIw_h5tWr-PyzmqtRbqJhDR5bTXFZWhDl_s-Y#WarningAttribute.g.received.cs
    Verified: TelemetrySourceGeneratorActivityTests.Generate_GivenMethodWithGenerics_RaisesDiagnostics_GuNZL4JIw_h5tWr-PyzmqtRbqJhDR5bTXFZWhDl_s-Y#WarningAttribute.g.verified.cs

  from P:\GitHub\kjldev\purview-telemetry-sourcegenerator\src\Purview.Telemetry.SourceGenerator.IntegrationTests\bin\Release\net10.0\Purview.Telemetry.SourceGenerator.IntegrationTests.dll (net10.0|x64)
  TUnit.Engine.Exceptions.TestFailedException: [Test Failure] VerifyException: Directory: P:\GitHub\kjldev\purview-telemetry-sourcegenerator\src\Purview.Telemetry.SourceGenerator.IntegrationTests\Snapshots
  Delete:
    - TelemetrySourceGeneratorActivityTests.Generate_GivenMethodWithGenerics_RaisesDiagnostics_GuNZL4JIw_h5tWr-PyzmqtRbqJhDR5bTXFZWhDl_s-Y.verified.txt
  Equal:
    - Received: TelemetrySourceGeneratorActivityTests.Generate_GivenMethodWithGenerics_RaisesDiagnostics_GuNZL4JIw_h5tWr-PyzmqtRbqJhDR5bTXFZWhDl_s-Y#ActivityAttribute.g.received.cs
      Verified: TelemetrySourceGeneratorActivityTests.Generate_GivenMethodWithGenerics_RaisesDiagnostics_GuNZL4JIw_h5tWr-PyzmqtRbqJhDR5bTXFZWhDl_s-Y#ActivityAttribute.g.verified.cs
    - Received: TelemetrySourceGeneratorActivityTests.Generate_GivenMethodWithGenerics_RaisesDiagnostics_GuNZL4JIw_h5tWr-PyzmqtRbqJhDR5bTXFZWhDl_s-Y#ActivitySourceAttribute.g.received.cs
      Verified: TelemetrySourceGeneratorActivityTests.Generate_GivenMethodWithGenerics_RaisesDiagnostics_GuNZL4JIw_h5tWr-PyzmqtRbqJhDR5bTXFZWhDl_s-Y#ActivitySourceAttribute.g.verified.cs
    - Received: TelemetrySourceGeneratorActivityTests.Generate_GivenMethodWithGenerics_RaisesDiagnostics_GuNZL4JIw_h5tWr-PyzmqtRbqJhDR5bTXFZWhDl_s-Y#ActivitySourceGenerationAttribute.g.received.cs
      Verified: TelemetrySourceGeneratorActivityTests.Generate_GivenMethodWithGenerics_RaisesDiagnostics_GuNZL4JIw_h5tWr-PyzmqtRbqJhDR5bTXFZWhDl_s-Y#ActivitySourceGenerationAttribute.g.verified.cs
    - Received: TelemetrySourceGeneratorActivityTests.Generate_GivenMethodWithGenerics_RaisesDiagnostics_GuNZL4JIw_h5tWr-PyzmqtRbqJhDR5bTXFZWhDl_s-Y#AutoCounterAttribute.g.received.cs
      Verified: TelemetrySourceGeneratorActivityTests.Generate_GivenMethodWithGenerics_RaisesDiagnostics_GuNZL4JIw_h5tWr-PyzmqtRbqJhDR5bTXFZWhDl_s-Y#AutoCounterAttribute.g.verified.cs
    - Received: TelemetrySourceGeneratorActivityTests.Generate_GivenMethodWithGenerics_RaisesDiagnostics_GuNZL4JIw_h5tWr-PyzmqtRbqJhDR5bTXFZWhDl_s-Y#BaggageAttribute.g.received.cs
      Verified: TelemetrySourceGeneratorActivityTests.Generate_GivenMethodWithGenerics_RaisesDiagnostics_GuNZL4JIw_h5tWr-PyzmqtRbqJhDR5bTXFZWhDl_s-Y#BaggageAttribute.g.verified.cs
    - Received: TelemetrySourceGeneratorActivityTests.Generate_GivenMethodWithGenerics_RaisesDiagnostics_GuNZL4JIw_h5tWr-PyzmqtRbqJhDR5bTXFZWhDl_s-Y#ContextAttribute.g.received.cs
      Verified: TelemetrySourceGeneratorActivityTests.Generate_GivenMethodWithGenerics_RaisesDiagnostics_GuNZL4JIw_h5tWr-PyzmqtRbqJhDR5bTXFZWhDl_s-Y#ContextAttribute.g.verified.cs
    - Received: TelemetrySourceGeneratorActivityTests.Generate_GivenMethodWithGenerics_RaisesDiagnostics_GuNZL4JIw_h5tWr-PyzmqtRbqJhDR5bTXFZWhDl_s-Y#CounterAttribute.g.received.cs
      Verified: TelemetrySourceGeneratorActivityTests.Generate_GivenMethodWithGenerics_RaisesDiagnostics_GuNZL4JIw_h5tWr-PyzmqtRbqJhDR5bTXFZWhDl_s-Y#CounterAttribute.g.verified.cs
    - Received: TelemetrySourceGeneratorActivityTests.Generate_GivenMethodWithGenerics_RaisesDiagnostics_GuNZL4JIw_h5tWr-PyzmqtRbqJhDR5bTXFZWhDl_s-Y#CriticalAttribute.g.received.cs
      Verified: TelemetrySourceGeneratorActivityTests.Generate_GivenMethodWithGenerics_RaisesDiagnostics_GuNZL4JIw_h5tWr-PyzmqtRbqJhDR5bTXFZWhDl_s-Y#CriticalAttribute.g.verified.cs
    - Received: TelemetrySourceGeneratorActivityTests.Generate_GivenMethodWithGenerics_RaisesDiagnostics_GuNZL4JIw_h5tWr-PyzmqtRbqJhDR5bTXFZWhDl_s-Y#DebugAttribute.g.received.cs
      Verified: TelemetrySourceGeneratorActivityTests.Generate_GivenMethodWithGenerics_RaisesDiagnostics_GuNZL4JIw_h5tWr-PyzmqtRbqJhDR5bTXFZWhDl_s-Y#DebugAttribute.g.verified.cs
    - Received: TelemetrySourceGeneratorActivityTests.Generate_GivenMethodWithGenerics_RaisesDiagnostics_GuNZL4JIw_h5tWr-PyzmqtRbqJhDR5bTXFZWhDl_s-Y#ErrorAttribute.g.received.cs
      Verified: TelemetrySourceGeneratorActivityTests.Generate_GivenMethodWithGenerics_RaisesDiagnostics_GuNZL4JIw_h5tWr-PyzmqtRbqJhDR5bTXFZWhDl_s-Y#ErrorAttribute.g.verified.cs
    - Received: TelemetrySourceGeneratorActivityTests.Generate_GivenMethodWithGenerics_RaisesDiagnostics_GuNZL4JIw_h5tWr-PyzmqtRbqJhDR5bTXFZWhDl_s-Y#EscapeAttribute.g.received.cs
      Verified: TelemetrySourceGeneratorActivityTests.Generate_GivenMethodWithGenerics_RaisesDiagnostics_GuNZL4JIw_h5tWr-PyzmqtRbqJhDR5bTXFZWhDl_s-Y#EscapeAttribute.g.verified.cs
    - Received: TelemetrySourceGeneratorActivityTests.Generate_GivenMethodWithGenerics_RaisesDiagnostics_GuNZL4JIw_h5tWr-PyzmqtRbqJhDR5bTXFZWhDl_s-Y#EventAttribute.g.received.cs
      Verified: TelemetrySourceGeneratorActivityTests.Generate_GivenMethodWithGenerics_RaisesDiagnostics_GuNZL4JIw_h5tWr-PyzmqtRbqJhDR5bTXFZWhDl_s-Y#EventAttribute.g.verified.cs
    - Received: TelemetrySourceGeneratorActivityTests.Generate_GivenMethodWithGenerics_RaisesDiagnostics_GuNZL4JIw_h5tWr-PyzmqtRbqJhDR5bTXFZWhDl_s-Y#ExcludeAttribute.g.received.cs
      Verified: TelemetrySourceGeneratorActivityTests.Generate_GivenMethodWithGenerics_RaisesDiagnostics_GuNZL4JIw_h5tWr-PyzmqtRbqJhDR5bTXFZWhDl_s-Y#ExcludeAttribute.g.verified.cs
    - Received: TelemetrySourceGeneratorActivityTests.Generate_GivenMethodWithGenerics_RaisesDiagnostics_GuNZL4JIw_h5tWr-PyzmqtRbqJhDR5bTXFZWhDl_s-Y#ExcludeTargetsAttribute.g.received.cs
      Verified: TelemetrySourceGeneratorActivityTests.Generate_GivenMethodWithGenerics_RaisesDiagnostics_GuNZL4JIw_h5tWr-PyzmqtRbqJhDR5bTXFZWhDl_s-Y#ExcludeTargetsAttribute.g.verified.cs
    - Received: TelemetrySourceGeneratorActivityTests.Generate_GivenMethodWithGenerics_RaisesDiagnostics_GuNZL4JIw_h5tWr-PyzmqtRbqJhDR5bTXFZWhDl_s-Y#ExpandEnumerableAttribute.g.received.cs
      Verified: TelemetrySourceGeneratorActivityTests.Generate_GivenMethodWithGenerics_RaisesDiagnostics_GuNZL4JIw_h5tWr-PyzmqtRbqJhDR5bTXFZWhDl_s-Y#ExpandEnumerableAttribute.g.verified.cs
    - Received: TelemetrySourceGeneratorActivityTests.Generate_GivenMethodWithGenerics_RaisesDiagnostics_GuNZL4JIw_h5tWr-PyzmqtRbqJhDR5bTXFZWhDl_s-Y#HistogramAttribute.g.received.cs
      Verified: TelemetrySourceGeneratorActivityTests.Generate_GivenMethodWithGenerics_RaisesDiagnostics_GuNZL4JIw_h5tWr-PyzmqtRbqJhDR5bTXFZWhDl_s-Y#HistogramAttribute.g.verified.cs
    - Received: TelemetrySourceGeneratorActivityTests.Generate_GivenMethodWithGenerics_RaisesDiagnostics_GuNZL4JIw_h5tWr-PyzmqtRbqJhDR5bTXFZWhDl_s-Y#InfoAttribute.g.received.cs
      Verified: TelemetrySourceGeneratorActivityTests.Generate_GivenMethodWithGenerics_RaisesDiagnostics_GuNZL4JIw_h5tWr-PyzmqtRbqJhDR5bTXFZWhDl_s-Y#InfoAttribute.g.verified.cs
    - Received: TelemetrySourceGeneratorActivityTests.Generate_GivenMethodWithGenerics_RaisesDiagnostics_GuNZL4JIw_h5tWr-PyzmqtRbqJhDR5bTXFZWhDl_s-Y#InstrumentMeasurementAttribute.g.received.cs
      Verified: TelemetrySourceGeneratorActivityTests.Generate_GivenMethodWithGenerics_RaisesDiagnostics_GuNZL4JIw_h5tWr-PyzmqtRbqJhDR5bTXFZWhDl_s-Y#InstrumentMeasurementAttribute.g.verified.cs
    - Received: TelemetrySourceGeneratorActivityTests.Generate_GivenMethodWithGenerics_RaisesDiagnostics_GuNZL4JIw_h5tWr-PyzmqtRbqJhDR5bTXFZWhDl_s-Y#LogAttribute.g.received.cs
      Verified: TelemetrySourceGeneratorActivityTests.Generate_GivenMethodWithGenerics_RaisesDiagnostics_GuNZL4JIw_h5tWr-PyzmqtRbqJhDR5bTXFZWhDl_s-Y#LogAttribute.g.verified.cs
    - Received: TelemetrySourceGeneratorActivityTests.Generate_GivenMethodWithGenerics_RaisesDiagnostics_GuNZL4JIw_h5tWr-PyzmqtRbqJhDR5bTXFZWhDl_s-Y#LoggerAttribute.g.received.cs
      Verified: TelemetrySourceGeneratorActivityTests.Generate_GivenMethodWithGenerics_RaisesDiagnostics_GuNZL4JIw_h5tWr-PyzmqtRbqJhDR5bTXFZWhDl_s-Y#LoggerAttribute.g.verified.cs
    - Received: TelemetrySourceGeneratorActivityTests.Generate_GivenMethodWithGenerics_RaisesDiagnostics_GuNZL4JIw_h5tWr-PyzmqtRbqJhDR5bTXFZWhDl_s-Y#LoggerGenerationAttribute.g.received.cs
      Verified: TelemetrySourceGeneratorActivityTests.Generate_GivenMethodWithGenerics_RaisesDiagnostics_GuNZL4JIw_h5tWr-PyzmqtRbqJhDR5bTXFZWhDl_s-Y#LoggerGenerationAttribute.g.verified.cs
    - Received: TelemetrySourceGeneratorActivityTests.Generate_GivenMethodWithGenerics_RaisesDiagnostics_GuNZL4JIw_h5tWr-PyzmqtRbqJhDR5bTXFZWhDl_s-Y#LoggerGenerationMode.g.received.cs
      Verified: TelemetrySourceGeneratorActivityTests.Generate_GivenMethodWithGenerics_RaisesDiagnostics_GuNZL4JIw_h5tWr-PyzmqtRbqJhDR5bTXFZWhDl_s-Y#LoggerGenerationMode.g.verified.cs
    - Received: TelemetrySourceGeneratorActivityTests.Generate_GivenMethodWithGenerics_RaisesDiagnostics_GuNZL4JIw_h5tWr-PyzmqtRbqJhDR5bTXFZWhDl_s-Y#LogPrefixType.g.received.cs
      Verified: TelemetrySourceGeneratorActivityTests.Generate_GivenMethodWithGenerics_RaisesDiagnostics_GuNZL4JIw_h5tWr-PyzmqtRbqJhDR5bTXFZWhDl_s-Y#LogPrefixType.g.verified.cs
    - Received: TelemetrySourceGeneratorActivityTests.Generate_GivenMethodWithGenerics_RaisesDiagnostics_GuNZL4JIw_h5tWr-PyzmqtRbqJhDR5bTXFZWhDl_s-Y#MeterAttribute.g.received.cs
      Verified: TelemetrySourceGeneratorActivityTests.Generate_GivenMethodWithGenerics_RaisesDiagnostics_GuNZL4JIw_h5tWr-PyzmqtRbqJhDR5bTXFZWhDl_s-Y#MeterAttribute.g.verified.cs
    - Received: TelemetrySourceGeneratorActivityTests.Generate_GivenMethodWithGenerics_RaisesDiagnostics_GuNZL4JIw_h5tWr-PyzmqtRbqJhDR5bTXFZWhDl_s-Y#MeterGenerationAttribute.g.received.cs
      Verified: TelemetrySourceGeneratorActivityTests.Generate_GivenMethodWithGenerics_RaisesDiagnostics_GuNZL4JIw_h5tWr-PyzmqtRbqJhDR5bTXFZWhDl_s-Y#MeterGenerationAttribute.g.verified.cs
    - Received: TelemetrySourceGeneratorActivityTests.Generate_GivenMethodWithGenerics_RaisesDiagnostics_GuNZL4JIw_h5tWr-PyzmqtRbqJhDR5bTXFZWhDl_s-Y#MeterNameGenerationType.g.received.cs
      Verified: TelemetrySourceGeneratorActivityTests.Generate_GivenMethodWithGenerics_RaisesDiagnostics_GuNZL4JIw_h5tWr-PyzmqtRbqJhDR5bTXFZWhDl_s-Y#MeterNameGenerationType.g.verified.cs
    - Received: TelemetrySourceGeneratorActivityTests.Generate_GivenMethodWithGenerics_RaisesDiagnostics_GuNZL4JIw_h5tWr-PyzmqtRbqJhDR5bTXFZWhDl_s-Y#NamingConvention.g.received.cs
      Verified: TelemetrySourceGeneratorActivityTests.Generate_GivenMethodWithGenerics_RaisesDiagnostics_GuNZL4JIw_h5tWr-PyzmqtRbqJhDR5bTXFZWhDl_s-Y#NamingConvention.g.verified.cs
    - Received: TelemetrySourceGeneratorActivityTests.Generate_GivenMethodWithGenerics_RaisesDiagnostics_GuNZL4JIw_h5tWr-PyzmqtRbqJhDR5bTXFZWhDl_s-Y#ObservableCounterAttribute.g.received.cs
      Verified: TelemetrySourceGeneratorActivityTests.Generate_GivenMethodWithGenerics_RaisesDiagnostics_GuNZL4JIw_h5tWr-PyzmqtRbqJhDR5bTXFZWhDl_s-Y#ObservableCounterAttribute.g.verified.cs
    - Received: TelemetrySourceGeneratorActivityTests.Generate_GivenMethodWithGenerics_RaisesDiagnostics_GuNZL4JIw_h5tWr-PyzmqtRbqJhDR5bTXFZWhDl_s-Y#ObservableGaugeAttribute.g.received.cs
      Verified: TelemetrySourceGeneratorActivityTests.Generate_GivenMethodWithGenerics_RaisesDiagnostics_GuNZL4JIw_h5tWr-PyzmqtRbqJhDR5bTXFZWhDl_s-Y#ObservableGaugeAttribute.g.verified.cs
    - Received: TelemetrySourceGeneratorActivityTests.Generate_GivenMethodWithGenerics_RaisesDiagnostics_GuNZL4JIw_h5tWr-PyzmqtRbqJhDR5bTXFZWhDl_s-Y#ObservableUpDownCounterAttribute.g.received.cs
      Verified: TelemetrySourceGeneratorActivityTests.Generate_GivenMethodWithGenerics_RaisesDiagnostics_GuNZL4JIw_h5tWr-PyzmqtRbqJhDR5bTXFZWhDl_s-Y#ObservableUpDownCounterAttribute.g.verified.cs
    - Received: TelemetrySourceGeneratorActivityTests.Generate_GivenMethodWithGenerics_RaisesDiagnostics_GuNZL4JIw_h5tWr-PyzmqtRbqJhDR5bTXFZWhDl_s-Y#Purview.Telemetry.SourceGenerator.TelemetryNames.g.received.cs
      Verified: TelemetrySourceGeneratorActivityTests.Generate_GivenMethodWithGenerics_RaisesDiagnostics_GuNZL4JIw_h5tWr-PyzmqtRbqJhDR5bTXFZWhDl_s-Y#Purview.Telemetry.SourceGenerator.TelemetryNames.g.verified.cs
    - Received: TelemetrySourceGeneratorActivityTests.Generate_GivenMethodWithGenerics_RaisesDiagnostics_GuNZL4JIw_h5tWr-PyzmqtRbqJhDR5bTXFZWhDl_s-Y#StatusDescriptionAttribute.g.received.cs
      Verified: TelemetrySourceGeneratorActivityTests.Generate_GivenMethodWithGenerics_RaisesDiagnostics_GuNZL4JIw_h5tWr-PyzmqtRbqJhDR5bTXFZWhDl_s-Y#StatusDescriptionAttribute.g.verified.cs
    - Received: TelemetrySourceGeneratorActivityTests.Generate_GivenMethodWithGenerics_RaisesDiagnostics_GuNZL4JIw_h5tWr-PyzmqtRbqJhDR5bTXFZWhDl_s-Y#TagAttribute.g.received.cs
      Verified: TelemetrySourceGeneratorActivityTests.Generate_GivenMethodWithGenerics_RaisesDiagnostics_GuNZL4JIw_h5tWr-PyzmqtRbqJhDR5bTXFZWhDl_s-Y#TagAttribute.g.verified.cs
    - Received: TelemetrySourceGeneratorActivityTests.Generate_GivenMethodWithGenerics_RaisesDiagnostics_GuNZL4JIw_h5tWr-PyzmqtRbqJhDR5bTXFZWhDl_s-Y#Targets.g.received.cs
      Verified: TelemetrySourceGeneratorActivityTests.Generate_GivenMethodWithGenerics_RaisesDiagnostics_GuNZL4JIw_h5tWr-PyzmqtRbqJhDR5bTXFZWhDl_s-Y#Targets.g.verified.cs
    - Received: TelemetrySourceGeneratorActivityTests.Generate_GivenMethodWithGenerics_RaisesDiagnostics_GuNZL4JIw_h5tWr-PyzmqtRbqJhDR5bTXFZWhDl_s-Y#TelemetryGenerationAttribute.g.received.cs
      Verified: TelemetrySourceGeneratorActivityTests.Generate_GivenMethodWithGenerics_RaisesDiagnostics_GuNZL4JIw_h5tWr-PyzmqtRbqJhDR5bTXFZWhDl_s-Y#TelemetryGenerationAttribute.g.verified.cs
    - Received: TelemetrySourceGeneratorActivityTests.Generate_GivenMethodWithGenerics_RaisesDiagnostics_GuNZL4JIw_h5tWr-PyzmqtRbqJhDR5bTXFZWhDl_s-Y#Testing.TestActivitiesCore.Activity.g.received.cs
      Verified: TelemetrySourceGeneratorActivityTests.Generate_GivenMethodWithGenerics_RaisesDiagnostics_GuNZL4JIw_h5tWr-PyzmqtRbqJhDR5bTXFZWhDl_s-Y#Testing.TestActivitiesCore.Activity.g.verified.cs
    - Received: TelemetrySourceGeneratorActivityTests.Generate_GivenMethodWithGenerics_RaisesDiagnostics_GuNZL4JIw_h5tWr-PyzmqtRbqJhDR5bTXFZWhDl_s-Y#TraceAttribute.g.received.cs
      Verified: TelemetrySourceGeneratorActivityTests.Generate_GivenMethodWithGenerics_RaisesDiagnostics_GuNZL4JIw_h5tWr-PyzmqtRbqJhDR5bTXFZWhDl_s-Y#TraceAttribute.g.verified.cs
    - Received: TelemetrySourceGeneratorActivityTests.Generate_GivenMethodWithGenerics_RaisesDiagnostics_GuNZL4JIw_h5tWr-PyzmqtRbqJhDR5bTXFZWhDl_s-Y#UpDownCounterAttribute.g.received.cs
      Verified: TelemetrySourceGeneratorActivityTests.Generate_GivenMethodWithGenerics_RaisesDiagnostics_GuNZL4JIw_h5tWr-PyzmqtRbqJhDR5bTXFZWhDl_s-Y#UpDownCounterAttribute.g.verified.cs
    - Received: TelemetrySourceGeneratorActivityTests.Generate_GivenMethodWithGenerics_RaisesDiagnostics_GuNZL4JIw_h5tWr-PyzmqtRbqJhDR5bTXFZWhDl_s-Y#WarningAttribute.g.received.cs
      Verified: TelemetrySourceGeneratorActivityTests.Generate_GivenMethodWithGenerics_RaisesDiagnostics_GuNZL4JIw_h5tWr-PyzmqtRbqJhDR5bTXFZWhDl_s-Y#WarningAttribute.g.verified.cs
  
  Standard output
    DBG: --- Adding templates.
    DBG: Adding ActivitySourceGenerationAttribute as ActivitySourceGenerationAttribute.g.cs.
    DBG: Adding ActivitySourceAttribute as ActivitySourceAttribute.g.cs.
    DBG: Adding ActivityAttribute as ActivityAttribute.g.cs.
    DBG: Adding EventAttribute as EventAttribute.g.cs.
    DBG: Adding ContextAttribute as ContextAttribute.g.cs.
    DBG: Adding BaggageAttribute as BaggageAttribute.g.cs.
    DBG: Adding EscapeAttribute as EscapeAttribute.g.cs.
    DBG: Adding StatusDescriptionAttribute as StatusDescriptionAttribute.g.cs.
    DBG: Adding LoggerGenerationAttribute as LoggerGenerationAttribute.g.cs.
    DBG: Adding LoggerAttribute as LoggerAttribute.g.cs.
    DBG: Adding LogAttribute as LogAttribute.g.cs.
    DBG: Adding LogPrefixType as LogPrefixType.g.cs.
    DBG: Adding LoggerGenerationMode as LoggerGenerationMode.g.cs.
    DBG: Adding ExpandEnumerableAttribute as ExpandEnumerableAttribute.g.cs.
    DBG: Adding TraceAttribute as TraceAttribute.g.cs.
    DBG: Adding DebugAttribute as DebugAttribute.g.cs.
    DBG: Adding InfoAttribute as InfoAttribute.g.cs.
    DBG: Adding WarningAttribute as WarningAttribute.g.cs.
    DBG: Adding ErrorAttribute as ErrorAttribute.g.cs.
    DBG: Adding CriticalAttribute as CriticalAttribute.g.cs.
    DBG: Adding MeterGenerationAttribute as MeterGenerationAttribute.g.cs.
    DBG: Adding MeterAttribute as MeterAttribute.g.cs.
    DBG: Adding MeterNameGenerationType as MeterNameGenerationType.g.cs.
    DBG: Adding InstrumentMeasurementAttribute as InstrumentMeasurementAttribute.g.cs.
    DBG: Adding AutoCounterAttribute as AutoCounterAttribute.g.cs.
    DBG: Adding CounterAttribute as CounterAttribute.g.cs.
    DBG: Adding UpDownCounterAttribute as UpDownCounterAttribute.g.cs.
    DBG: Adding HistogramAttribute as HistogramAttribute.g.cs.
    DBG: Adding ObservableCounterAttribute as ObservableCounterAttribute.g.cs.
    DBG: Adding ObservableGaugeAttribute as ObservableGaugeAttribute.g.cs.
    DBG: Adding ObservableUpDownCounterAttribute as ObservableUpDownCounterAttribute.g.cs.
    DBG: Adding TagAttribute as TagAttribute.g.cs.
    DBG: Adding ExcludeAttribute as ExcludeAttribute.g.cs.
    DBG: Adding TelemetryGenerationAttribute as TelemetryGenerationAttribute.g.cs.
    DBG: Adding Targets as Targets.g.cs.
    DBG: Adding NamingConvention as NamingConvention.g.cs.
    DBG: Adding ExcludeTargetsAttribute as ExcludeTargetsAttribute.g.cs.
    DBG: --- Finished adding templates.
    DBG: Found attribute: Purview.Telemetry.ActivitySourceAttribute
    DBG: Found attribute: Purview.Telemetry.TelemetryGenerationAttribute(GenerateDependencyExtension = false)
    DBG: Activity generation target: Testing.TestActivitiesCore
    DBG: Generating activity class for: Testing.TestActivitiesCore
    DBG: Generating RecordExceptionInternal.
    DBG: Skipping dependency injection emit.
    DBG: Found attribute: Purview.Telemetry.ActivitySourceAttribute
    DBG: Found attribute: Purview.Telemetry.TelemetryGenerationAttribute(GenerateDependencyExtension = false)
    DBG: Generating Telemetry Names using class 'TelemetryNames'.
    
  Error output
failed Generate_GivenMethodWithGenerics_RaisesDiagnostics(1) (4s 276ms)
  [Test Failure] VerifyException: Directory: P:\GitHub\kjldev\purview-telemetry-sourcegenerator\src\Purview.Telemetry.SourceGenerator.IntegrationTests\Snapshots
Delete:
  - TelemetrySourceGeneratorActivityTests.Generate_GivenMethodWithGenerics_RaisesDiagnostics_CAqe1ChVnvYCZotMAPEU8aEcP2sCpDXwvcFUV45NfyI.verified.txt
Equal:
  - Received: TelemetrySourceGeneratorActivityTests.Generate_GivenMethodWithGenerics_RaisesDiagnostics_CAqe1ChVnvYCZotMAPEU8aEcP2sCpDXwvcFUV45NfyI#ActivityAttribute.g.received.cs
    Verified: TelemetrySourceGeneratorActivityTests.Generate_GivenMethodWithGenerics_RaisesDiagnostics_CAqe1ChVnvYCZotMAPEU8aEcP2sCpDXwvcFUV45NfyI#ActivityAttribute.g.verified.cs
  - Received: TelemetrySourceGeneratorActivityTests.Generate_GivenMethodWithGenerics_RaisesDiagnostics_CAqe1ChVnvYCZotMAPEU8aEcP2sCpDXwvcFUV45NfyI#ActivitySourceAttribute.g.received.cs
    Verified: TelemetrySourceGeneratorActivityTests.Generate_GivenMethodWithGenerics_RaisesDiagnostics_CAqe1ChVnvYCZotMAPEU8aEcP2sCpDXwvcFUV45NfyI#ActivitySourceAttribute.g.verified.cs
  - Received: TelemetrySourceGeneratorActivityTests.Generate_GivenMethodWithGenerics_RaisesDiagnostics_CAqe1ChVnvYCZotMAPEU8aEcP2sCpDXwvcFUV45NfyI#ActivitySourceGenerationAttribute.g.received.cs
    Verified: TelemetrySourceGeneratorActivityTests.Generate_GivenMethodWithGenerics_RaisesDiagnostics_CAqe1ChVnvYCZotMAPEU8aEcP2sCpDXwvcFUV45NfyI#ActivitySourceGenerationAttribute.g.verified.cs
  - Received: TelemetrySourceGeneratorActivityTests.Generate_GivenMethodWithGenerics_RaisesDiagnostics_CAqe1ChVnvYCZotMAPEU8aEcP2sCpDXwvcFUV45NfyI#AutoCounterAttribute.g.received.cs
    Verified: TelemetrySourceGeneratorActivityTests.Generate_GivenMethodWithGenerics_RaisesDiagnostics_CAqe1ChVnvYCZotMAPEU8aEcP2sCpDXwvcFUV45NfyI#AutoCounterAttribute.g.verified.cs
  - Received: TelemetrySourceGeneratorActivityTests.Generate_GivenMethodWithGenerics_RaisesDiagnostics_CAqe1ChVnvYCZotMAPEU8aEcP2sCpDXwvcFUV45NfyI#BaggageAttribute.g.received.cs
    Verified: TelemetrySourceGeneratorActivityTests.Generate_GivenMethodWithGenerics_RaisesDiagnostics_CAqe1ChVnvYCZotMAPEU8aEcP2sCpDXwvcFUV45NfyI#BaggageAttribute.g.verified.cs
  - Received: TelemetrySourceGeneratorActivityTests.Generate_GivenMethodWithGenerics_RaisesDiagnostics_CAqe1ChVnvYCZotMAPEU8aEcP2sCpDXwvcFUV45NfyI#ContextAttribute.g.received.cs
    Verified: TelemetrySourceGeneratorActivityTests.Generate_GivenMethodWithGenerics_RaisesDiagnostics_CAqe1ChVnvYCZotMAPEU8aEcP2sCpDXwvcFUV45NfyI#ContextAttribute.g.verified.cs
  - Received: TelemetrySourceGeneratorActivityTests.Generate_GivenMethodWithGenerics_RaisesDiagnostics_CAqe1ChVnvYCZotMAPEU8aEcP2sCpDXwvcFUV45NfyI#CounterAttribute.g.received.cs
    Verified: TelemetrySourceGeneratorActivityTests.Generate_GivenMethodWithGenerics_RaisesDiagnostics_CAqe1ChVnvYCZotMAPEU8aEcP2sCpDXwvcFUV45NfyI#CounterAttribute.g.verified.cs
  - Received: TelemetrySourceGeneratorActivityTests.Generate_GivenMethodWithGenerics_RaisesDiagnostics_CAqe1ChVnvYCZotMAPEU8aEcP2sCpDXwvcFUV45NfyI#CriticalAttribute.g.received.cs
    Verified: TelemetrySourceGeneratorActivityTests.Generate_GivenMethodWithGenerics_RaisesDiagnostics_CAqe1ChVnvYCZotMAPEU8aEcP2sCpDXwvcFUV45NfyI#CriticalAttribute.g.verified.cs
  - Received: TelemetrySourceGeneratorActivityTests.Generate_GivenMethodWithGenerics_RaisesDiagnostics_CAqe1ChVnvYCZotMAPEU8aEcP2sCpDXwvcFUV45NfyI#DebugAttribute.g.received.cs
    Verified: TelemetrySourceGeneratorActivityTests.Generate_GivenMethodWithGenerics_RaisesDiagnostics_CAqe1ChVnvYCZotMAPEU8aEcP2sCpDXwvcFUV45NfyI#DebugAttribute.g.verified.cs
  - Received: TelemetrySourceGeneratorActivityTests.Generate_GivenMethodWithGenerics_RaisesDiagnostics_CAqe1ChVnvYCZotMAPEU8aEcP2sCpDXwvcFUV45NfyI#ErrorAttribute.g.received.cs
    Verified: TelemetrySourceGeneratorActivityTests.Generate_GivenMethodWithGenerics_RaisesDiagnostics_CAqe1ChVnvYCZotMAPEU8aEcP2sCpDXwvcFUV45NfyI#ErrorAttribute.g.verified.cs
  - Received: TelemetrySourceGeneratorActivityTests.Generate_GivenMethodWithGenerics_RaisesDiagnostics_CAqe1ChVnvYCZotMAPEU8aEcP2sCpDXwvcFUV45NfyI#EscapeAttribute.g.received.cs
    Verified: TelemetrySourceGeneratorActivityTests.Generate_GivenMethodWithGenerics_RaisesDiagnostics_CAqe1ChVnvYCZotMAPEU8aEcP2sCpDXwvcFUV45NfyI#EscapeAttribute.g.verified.cs
  - Received: TelemetrySourceGeneratorActivityTests.Generate_GivenMethodWithGenerics_RaisesDiagnostics_CAqe1ChVnvYCZotMAPEU8aEcP2sCpDXwvcFUV45NfyI#EventAttribute.g.received.cs
    Verified: TelemetrySourceGeneratorActivityTests.Generate_GivenMethodWithGenerics_RaisesDiagnostics_CAqe1ChVnvYCZotMAPEU8aEcP2sCpDXwvcFUV45NfyI#EventAttribute.g.verified.cs
  - Received: TelemetrySourceGeneratorActivityTests.Generate_GivenMethodWithGenerics_RaisesDiagnostics_CAqe1ChVnvYCZotMAPEU8aEcP2sCpDXwvcFUV45NfyI#ExcludeAttribute.g.received.cs
    Verified: TelemetrySourceGeneratorActivityTests.Generate_GivenMethodWithGenerics_RaisesDiagnostics_CAqe1ChVnvYCZotMAPEU8aEcP2sCpDXwvcFUV45NfyI#ExcludeAttribute.g.verified.cs
  - Received: TelemetrySourceGeneratorActivityTests.Generate_GivenMethodWithGenerics_RaisesDiagnostics_CAqe1ChVnvYCZotMAPEU8aEcP2sCpDXwvcFUV45NfyI#ExcludeTargetsAttribute.g.received.cs
    Verified: TelemetrySourceGeneratorActivityTests.Generate_GivenMethodWithGenerics_RaisesDiagnostics_CAqe1ChVnvYCZotMAPEU8aEcP2sCpDXwvcFUV45NfyI#ExcludeTargetsAttribute.g.verified.cs
  - Received: TelemetrySourceGeneratorActivityTests.Generate_GivenMethodWithGenerics_RaisesDiagnostics_CAqe1ChVnvYCZotMAPEU8aEcP2sCpDXwvcFUV45NfyI#ExpandEnumerableAttribute.g.received.cs
    Verified: TelemetrySourceGeneratorActivityTests.Generate_GivenMethodWithGenerics_RaisesDiagnostics_CAqe1ChVnvYCZotMAPEU8aEcP2sCpDXwvcFUV45NfyI#ExpandEnumerableAttribute.g.verified.cs
  - Received: TelemetrySourceGeneratorActivityTests.Generate_GivenMethodWithGenerics_RaisesDiagnostics_CAqe1ChVnvYCZotMAPEU8aEcP2sCpDXwvcFUV45NfyI#HistogramAttribute.g.received.cs
    Verified: TelemetrySourceGeneratorActivityTests.Generate_GivenMethodWithGenerics_RaisesDiagnostics_CAqe1ChVnvYCZotMAPEU8aEcP2sCpDXwvcFUV45NfyI#HistogramAttribute.g.verified.cs
  - Received: TelemetrySourceGeneratorActivityTests.Generate_GivenMethodWithGenerics_RaisesDiagnostics_CAqe1ChVnvYCZotMAPEU8aEcP2sCpDXwvcFUV45NfyI#InfoAttribute.g.received.cs
    Verified: TelemetrySourceGeneratorActivityTests.Generate_GivenMethodWithGenerics_RaisesDiagnostics_CAqe1ChVnvYCZotMAPEU8aEcP2sCpDXwvcFUV45NfyI#InfoAttribute.g.verified.cs
  - Received: TelemetrySourceGeneratorActivityTests.Generate_GivenMethodWithGenerics_RaisesDiagnostics_CAqe1ChVnvYCZotMAPEU8aEcP2sCpDXwvcFUV45NfyI#InstrumentMeasurementAttribute.g.received.cs
    Verified: TelemetrySourceGeneratorActivityTests.Generate_GivenMethodWithGenerics_RaisesDiagnostics_CAqe1ChVnvYCZotMAPEU8aEcP2sCpDXwvcFUV45NfyI#InstrumentMeasurementAttribute.g.verified.cs
  - Received: TelemetrySourceGeneratorActivityTests.Generate_GivenMethodWithGenerics_RaisesDiagnostics_CAqe1ChVnvYCZotMAPEU8aEcP2sCpDXwvcFUV45NfyI#LogAttribute.g.received.cs
    Verified: TelemetrySourceGeneratorActivityTests.Generate_GivenMethodWithGenerics_RaisesDiagnostics_CAqe1ChVnvYCZotMAPEU8aEcP2sCpDXwvcFUV45NfyI#LogAttribute.g.verified.cs
  - Received: TelemetrySourceGeneratorActivityTests.Generate_GivenMethodWithGenerics_RaisesDiagnostics_CAqe1ChVnvYCZotMAPEU8aEcP2sCpDXwvcFUV45NfyI#LoggerAttribute.g.received.cs
    Verified: TelemetrySourceGeneratorActivityTests.Generate_GivenMethodWithGenerics_RaisesDiagnostics_CAqe1ChVnvYCZotMAPEU8aEcP2sCpDXwvcFUV45NfyI#LoggerAttribute.g.verified.cs
  - Received: TelemetrySourceGeneratorActivityTests.Generate_GivenMethodWithGenerics_RaisesDiagnostics_CAqe1ChVnvYCZotMAPEU8aEcP2sCpDXwvcFUV45NfyI#LoggerGenerationAttribute.g.received.cs
    Verified: TelemetrySourceGeneratorActivityTests.Generate_GivenMethodWithGenerics_RaisesDiagnostics_CAqe1ChVnvYCZotMAPEU8aEcP2sCpDXwvcFUV45NfyI#LoggerGenerationAttribute.g.verified.cs
  - Received: TelemetrySourceGeneratorActivityTests.Generate_GivenMethodWithGenerics_RaisesDiagnostics_CAqe1ChVnvYCZotMAPEU8aEcP2sCpDXwvcFUV45NfyI#LoggerGenerationMode.g.received.cs
    Verified: TelemetrySourceGeneratorActivityTests.Generate_GivenMethodWithGenerics_RaisesDiagnostics_CAqe1ChVnvYCZotMAPEU8aEcP2sCpDXwvcFUV45NfyI#LoggerGenerationMode.g.verified.cs
  - Received: TelemetrySourceGeneratorActivityTests.Generate_GivenMethodWithGenerics_RaisesDiagnostics_CAqe1ChVnvYCZotMAPEU8aEcP2sCpDXwvcFUV45NfyI#LogPrefixType.g.received.cs
    Verified: TelemetrySourceGeneratorActivityTests.Generate_GivenMethodWithGenerics_RaisesDiagnostics_CAqe1ChVnvYCZotMAPEU8aEcP2sCpDXwvcFUV45NfyI#LogPrefixType.g.verified.cs
  - Received: TelemetrySourceGeneratorActivityTests.Generate_GivenMethodWithGenerics_RaisesDiagnostics_CAqe1ChVnvYCZotMAPEU8aEcP2sCpDXwvcFUV45NfyI#MeterAttribute.g.received.cs
    Verified: TelemetrySourceGeneratorActivityTests.Generate_GivenMethodWithGenerics_RaisesDiagnostics_CAqe1ChVnvYCZotMAPEU8aEcP2sCpDXwvcFUV45NfyI#MeterAttribute.g.verified.cs
  - Received: TelemetrySourceGeneratorActivityTests.Generate_GivenMethodWithGenerics_RaisesDiagnostics_CAqe1ChVnvYCZotMAPEU8aEcP2sCpDXwvcFUV45NfyI#MeterGenerationAttribute.g.received.cs
    Verified: TelemetrySourceGeneratorActivityTests.Generate_GivenMethodWithGenerics_RaisesDiagnostics_CAqe1ChVnvYCZotMAPEU8aEcP2sCpDXwvcFUV45NfyI#MeterGenerationAttribute.g.verified.cs
  - Received: TelemetrySourceGeneratorActivityTests.Generate_GivenMethodWithGenerics_RaisesDiagnostics_CAqe1ChVnvYCZotMAPEU8aEcP2sCpDXwvcFUV45NfyI#MeterNameGenerationType.g.received.cs
    Verified: TelemetrySourceGeneratorActivityTests.Generate_GivenMethodWithGenerics_RaisesDiagnostics_CAqe1ChVnvYCZotMAPEU8aEcP2sCpDXwvcFUV45NfyI#MeterNameGenerationType.g.verified.cs
  - Received: TelemetrySourceGeneratorActivityTests.Generate_GivenMethodWithGenerics_RaisesDiagnostics_CAqe1ChVnvYCZotMAPEU8aEcP2sCpDXwvcFUV45NfyI#NamingConvention.g.received.cs
    Verified: TelemetrySourceGeneratorActivityTests.Generate_GivenMethodWithGenerics_RaisesDiagnostics_CAqe1ChVnvYCZotMAPEU8aEcP2sCpDXwvcFUV45NfyI#NamingConvention.g.verified.cs
  - Received: TelemetrySourceGeneratorActivityTests.Generate_GivenMethodWithGenerics_RaisesDiagnostics_CAqe1ChVnvYCZotMAPEU8aEcP2sCpDXwvcFUV45NfyI#ObservableCounterAttribute.g.received.cs
    Verified: TelemetrySourceGeneratorActivityTests.Generate_GivenMethodWithGenerics_RaisesDiagnostics_CAqe1ChVnvYCZotMAPEU8aEcP2sCpDXwvcFUV45NfyI#ObservableCounterAttribute.g.verified.cs
  - Received: TelemetrySourceGeneratorActivityTests.Generate_GivenMethodWithGenerics_RaisesDiagnostics_CAqe1ChVnvYCZotMAPEU8aEcP2sCpDXwvcFUV45NfyI#ObservableGaugeAttribute.g.received.cs
    Verified: TelemetrySourceGeneratorActivityTests.Generate_GivenMethodWithGenerics_RaisesDiagnostics_CAqe1ChVnvYCZotMAPEU8aEcP2sCpDXwvcFUV45NfyI#ObservableGaugeAttribute.g.verified.cs
  - Received: TelemetrySourceGeneratorActivityTests.Generate_GivenMethodWithGenerics_RaisesDiagnostics_CAqe1ChVnvYCZotMAPEU8aEcP2sCpDXwvcFUV45NfyI#ObservableUpDownCounterAttribute.g.received.cs
    Verified: TelemetrySourceGeneratorActivityTests.Generate_GivenMethodWithGenerics_RaisesDiagnostics_CAqe1ChVnvYCZotMAPEU8aEcP2sCpDXwvcFUV45NfyI#ObservableUpDownCounterAttribute.g.verified.cs
  - Received: TelemetrySourceGeneratorActivityTests.Generate_GivenMethodWithGenerics_RaisesDiagnostics_CAqe1ChVnvYCZotMAPEU8aEcP2sCpDXwvcFUV45NfyI#Purview.Telemetry.SourceGenerator.TelemetryNames.g.received.cs
    Verified: TelemetrySourceGeneratorActivityTests.Generate_GivenMethodWithGenerics_RaisesDiagnostics_CAqe1ChVnvYCZotMAPEU8aEcP2sCpDXwvcFUV45NfyI#Purview.Telemetry.SourceGenerator.TelemetryNames.g.verified.cs
  - Received: TelemetrySourceGeneratorActivityTests.Generate_GivenMethodWithGenerics_RaisesDiagnostics_CAqe1ChVnvYCZotMAPEU8aEcP2sCpDXwvcFUV45NfyI#StatusDescriptionAttribute.g.received.cs
    Verified: TelemetrySourceGeneratorActivityTests.Generate_GivenMethodWithGenerics_RaisesDiagnostics_CAqe1ChVnvYCZotMAPEU8aEcP2sCpDXwvcFUV45NfyI#StatusDescriptionAttribute.g.verified.cs
  - Received: TelemetrySourceGeneratorActivityTests.Generate_GivenMethodWithGenerics_RaisesDiagnostics_CAqe1ChVnvYCZotMAPEU8aEcP2sCpDXwvcFUV45NfyI#TagAttribute.g.received.cs
    Verified: TelemetrySourceGeneratorActivityTests.Generate_GivenMethodWithGenerics_RaisesDiagnostics_CAqe1ChVnvYCZotMAPEU8aEcP2sCpDXwvcFUV45NfyI#TagAttribute.g.verified.cs
  - Received: TelemetrySourceGeneratorActivityTests.Generate_GivenMethodWithGenerics_RaisesDiagnostics_CAqe1ChVnvYCZotMAPEU8aEcP2sCpDXwvcFUV45NfyI#Targets.g.received.cs
    Verified: TelemetrySourceGeneratorActivityTests.Generate_GivenMethodWithGenerics_RaisesDiagnostics_CAqe1ChVnvYCZotMAPEU8aEcP2sCpDXwvcFUV45NfyI#Targets.g.verified.cs
  - Received: TelemetrySourceGeneratorActivityTests.Generate_GivenMethodWithGenerics_RaisesDiagnostics_CAqe1ChVnvYCZotMAPEU8aEcP2sCpDXwvcFUV45NfyI#TelemetryGenerationAttribute.g.received.cs
    Verified: TelemetrySourceGeneratorActivityTests.Generate_GivenMethodWithGenerics_RaisesDiagnostics_CAqe1ChVnvYCZotMAPEU8aEcP2sCpDXwvcFUV45NfyI#TelemetryGenerationAttribute.g.verified.cs
  - Received: TelemetrySourceGeneratorActivityTests.Generate_GivenMethodWithGenerics_RaisesDiagnostics_CAqe1ChVnvYCZotMAPEU8aEcP2sCpDXwvcFUV45NfyI#Testing.TestActivitiesCore.Activity.g.received.cs
    Verified: TelemetrySourceGeneratorActivityTests.Generate_GivenMethodWithGenerics_RaisesDiagnostics_CAqe1ChVnvYCZotMAPEU8aEcP2sCpDXwvcFUV45NfyI#Testing.TestActivitiesCore.Activity.g.verified.cs
  - Received: TelemetrySourceGeneratorActivityTests.Generate_GivenMethodWithGenerics_RaisesDiagnostics_CAqe1ChVnvYCZotMAPEU8aEcP2sCpDXwvcFUV45NfyI#TraceAttribute.g.received.cs
    Verified: TelemetrySourceGeneratorActivityTests.Generate_GivenMethodWithGenerics_RaisesDiagnostics_CAqe1ChVnvYCZotMAPEU8aEcP2sCpDXwvcFUV45NfyI#TraceAttribute.g.verified.cs
  - Received: TelemetrySourceGeneratorActivityTests.Generate_GivenMethodWithGenerics_RaisesDiagnostics_CAqe1ChVnvYCZotMAPEU8aEcP2sCpDXwvcFUV45NfyI#UpDownCounterAttribute.g.received.cs
    Verified: TelemetrySourceGeneratorActivityTests.Generate_GivenMethodWithGenerics_RaisesDiagnostics_CAqe1ChVnvYCZotMAPEU8aEcP2sCpDXwvcFUV45NfyI#UpDownCounterAttribute.g.verified.cs
  - Received: TelemetrySourceGeneratorActivityTests.Generate_GivenMethodWithGenerics_RaisesDiagnostics_CAqe1ChVnvYCZotMAPEU8aEcP2sCpDXwvcFUV45NfyI#WarningAttribute.g.received.cs
    Verified: TelemetrySourceGeneratorActivityTests.Generate_GivenMethodWithGenerics_RaisesDiagnostics_CAqe1ChVnvYCZotMAPEU8aEcP2sCpDXwvcFUV45NfyI#WarningAttribute.g.verified.cs

  from P:\GitHub\kjldev\purview-telemetry-sourcegenerator\src\Purview.Telemetry.SourceGenerator.IntegrationTests\bin\Release\net10.0\Purview.Telemetry.SourceGenerator.IntegrationTests.dll (net10.0|x64)
  TUnit.Engine.Exceptions.TestFailedException: [Test Failure] VerifyException: Directory: P:\GitHub\kjldev\purview-telemetry-sourcegenerator\src\Purview.Telemetry.SourceGenerator.IntegrationTests\Snapshots
  Delete:
    - TelemetrySourceGeneratorActivityTests.Generate_GivenMethodWithGenerics_RaisesDiagnostics_CAqe1ChVnvYCZotMAPEU8aEcP2sCpDXwvcFUV45NfyI.verified.txt
  Equal:
    - Received: TelemetrySourceGeneratorActivityTests.Generate_GivenMethodWithGenerics_RaisesDiagnostics_CAqe1ChVnvYCZotMAPEU8aEcP2sCpDXwvcFUV45NfyI#ActivityAttribute.g.received.cs
      Verified: TelemetrySourceGeneratorActivityTests.Generate_GivenMethodWithGenerics_RaisesDiagnostics_CAqe1ChVnvYCZotMAPEU8aEcP2sCpDXwvcFUV45NfyI#ActivityAttribute.g.verified.cs
    - Received: TelemetrySourceGeneratorActivityTests.Generate_GivenMethodWithGenerics_RaisesDiagnostics_CAqe1ChVnvYCZotMAPEU8aEcP2sCpDXwvcFUV45NfyI#ActivitySourceAttribute.g.received.cs
      Verified: TelemetrySourceGeneratorActivityTests.Generate_GivenMethodWithGenerics_RaisesDiagnostics_CAqe1ChVnvYCZotMAPEU8aEcP2sCpDXwvcFUV45NfyI#ActivitySourceAttribute.g.verified.cs
    - Received: TelemetrySourceGeneratorActivityTests.Generate_GivenMethodWithGenerics_RaisesDiagnostics_CAqe1ChVnvYCZotMAPEU8aEcP2sCpDXwvcFUV45NfyI#ActivitySourceGenerationAttribute.g.received.cs
      Verified: TelemetrySourceGeneratorActivityTests.Generate_GivenMethodWithGenerics_RaisesDiagnostics_CAqe1ChVnvYCZotMAPEU8aEcP2sCpDXwvcFUV45NfyI#ActivitySourceGenerationAttribute.g.verified.cs
    - Received: TelemetrySourceGeneratorActivityTests.Generate_GivenMethodWithGenerics_RaisesDiagnostics_CAqe1ChVnvYCZotMAPEU8aEcP2sCpDXwvcFUV45NfyI#AutoCounterAttribute.g.received.cs
      Verified: TelemetrySourceGeneratorActivityTests.Generate_GivenMethodWithGenerics_RaisesDiagnostics_CAqe1ChVnvYCZotMAPEU8aEcP2sCpDXwvcFUV45NfyI#AutoCounterAttribute.g.verified.cs
    - Received: TelemetrySourceGeneratorActivityTests.Generate_GivenMethodWithGenerics_RaisesDiagnostics_CAqe1ChVnvYCZotMAPEU8aEcP2sCpDXwvcFUV45NfyI#BaggageAttribute.g.received.cs
      Verified: TelemetrySourceGeneratorActivityTests.Generate_GivenMethodWithGenerics_RaisesDiagnostics_CAqe1ChVnvYCZotMAPEU8aEcP2sCpDXwvcFUV45NfyI#BaggageAttribute.g.verified.cs
    - Received: TelemetrySourceGeneratorActivityTests.Generate_GivenMethodWithGenerics_RaisesDiagnostics_CAqe1ChVnvYCZotMAPEU8aEcP2sCpDXwvcFUV45NfyI#ContextAttribute.g.received.cs
      Verified: TelemetrySourceGeneratorActivityTests.Generate_GivenMethodWithGenerics_RaisesDiagnostics_CAqe1ChVnvYCZotMAPEU8aEcP2sCpDXwvcFUV45NfyI#ContextAttribute.g.verified.cs
    - Received: TelemetrySourceGeneratorActivityTests.Generate_GivenMethodWithGenerics_RaisesDiagnostics_CAqe1ChVnvYCZotMAPEU8aEcP2sCpDXwvcFUV45NfyI#CounterAttribute.g.received.cs
      Verified: TelemetrySourceGeneratorActivityTests.Generate_GivenMethodWithGenerics_RaisesDiagnostics_CAqe1ChVnvYCZotMAPEU8aEcP2sCpDXwvcFUV45NfyI#CounterAttribute.g.verified.cs
    - Received: TelemetrySourceGeneratorActivityTests.Generate_GivenMethodWithGenerics_RaisesDiagnostics_CAqe1ChVnvYCZotMAPEU8aEcP2sCpDXwvcFUV45NfyI#CriticalAttribute.g.received.cs
      Verified: TelemetrySourceGeneratorActivityTests.Generate_GivenMethodWithGenerics_RaisesDiagnostics_CAqe1ChVnvYCZotMAPEU8aEcP2sCpDXwvcFUV45NfyI#CriticalAttribute.g.verified.cs
    - Received: TelemetrySourceGeneratorActivityTests.Generate_GivenMethodWithGenerics_RaisesDiagnostics_CAqe1ChVnvYCZotMAPEU8aEcP2sCpDXwvcFUV45NfyI#DebugAttribute.g.received.cs
      Verified: TelemetrySourceGeneratorActivityTests.Generate_GivenMethodWithGenerics_RaisesDiagnostics_CAqe1ChVnvYCZotMAPEU8aEcP2sCpDXwvcFUV45NfyI#DebugAttribute.g.verified.cs
    - Received: TelemetrySourceGeneratorActivityTests.Generate_GivenMethodWithGenerics_RaisesDiagnostics_CAqe1ChVnvYCZotMAPEU8aEcP2sCpDXwvcFUV45NfyI#ErrorAttribute.g.received.cs
      Verified: TelemetrySourceGeneratorActivityTests.Generate_GivenMethodWithGenerics_RaisesDiagnostics_CAqe1ChVnvYCZotMAPEU8aEcP2sCpDXwvcFUV45NfyI#ErrorAttribute.g.verified.cs
    - Received: TelemetrySourceGeneratorActivityTests.Generate_GivenMethodWithGenerics_RaisesDiagnostics_CAqe1ChVnvYCZotMAPEU8aEcP2sCpDXwvcFUV45NfyI#EscapeAttribute.g.received.cs
      Verified: TelemetrySourceGeneratorActivityTests.Generate_GivenMethodWithGenerics_RaisesDiagnostics_CAqe1ChVnvYCZotMAPEU8aEcP2sCpDXwvcFUV45NfyI#EscapeAttribute.g.verified.cs
    - Received: TelemetrySourceGeneratorActivityTests.Generate_GivenMethodWithGenerics_RaisesDiagnostics_CAqe1ChVnvYCZotMAPEU8aEcP2sCpDXwvcFUV45NfyI#EventAttribute.g.received.cs
      Verified: TelemetrySourceGeneratorActivityTests.Generate_GivenMethodWithGenerics_RaisesDiagnostics_CAqe1ChVnvYCZotMAPEU8aEcP2sCpDXwvcFUV45NfyI#EventAttribute.g.verified.cs
    - Received: TelemetrySourceGeneratorActivityTests.Generate_GivenMethodWithGenerics_RaisesDiagnostics_CAqe1ChVnvYCZotMAPEU8aEcP2sCpDXwvcFUV45NfyI#ExcludeAttribute.g.received.cs
      Verified: TelemetrySourceGeneratorActivityTests.Generate_GivenMethodWithGenerics_RaisesDiagnostics_CAqe1ChVnvYCZotMAPEU8aEcP2sCpDXwvcFUV45NfyI#ExcludeAttribute.g.verified.cs
    - Received: TelemetrySourceGeneratorActivityTests.Generate_GivenMethodWithGenerics_RaisesDiagnostics_CAqe1ChVnvYCZotMAPEU8aEcP2sCpDXwvcFUV45NfyI#ExcludeTargetsAttribute.g.received.cs
      Verified: TelemetrySourceGeneratorActivityTests.Generate_GivenMethodWithGenerics_RaisesDiagnostics_CAqe1ChVnvYCZotMAPEU8aEcP2sCpDXwvcFUV45NfyI#ExcludeTargetsAttribute.g.verified.cs
    - Received: TelemetrySourceGeneratorActivityTests.Generate_GivenMethodWithGenerics_RaisesDiagnostics_CAqe1ChVnvYCZotMAPEU8aEcP2sCpDXwvcFUV45NfyI#ExpandEnumerableAttribute.g.received.cs
      Verified: TelemetrySourceGeneratorActivityTests.Generate_GivenMethodWithGenerics_RaisesDiagnostics_CAqe1ChVnvYCZotMAPEU8aEcP2sCpDXwvcFUV45NfyI#ExpandEnumerableAttribute.g.verified.cs
    - Received: TelemetrySourceGeneratorActivityTests.Generate_GivenMethodWithGenerics_RaisesDiagnostics_CAqe1ChVnvYCZotMAPEU8aEcP2sCpDXwvcFUV45NfyI#HistogramAttribute.g.received.cs
      Verified: TelemetrySourceGeneratorActivityTests.Generate_GivenMethodWithGenerics_RaisesDiagnostics_CAqe1ChVnvYCZotMAPEU8aEcP2sCpDXwvcFUV45NfyI#HistogramAttribute.g.verified.cs
    - Received: TelemetrySourceGeneratorActivityTests.Generate_GivenMethodWithGenerics_RaisesDiagnostics_CAqe1ChVnvYCZotMAPEU8aEcP2sCpDXwvcFUV45NfyI#InfoAttribute.g.received.cs
      Verified: TelemetrySourceGeneratorActivityTests.Generate_GivenMethodWithGenerics_RaisesDiagnostics_CAqe1ChVnvYCZotMAPEU8aEcP2sCpDXwvcFUV45NfyI#InfoAttribute.g.verified.cs
    - Received: TelemetrySourceGeneratorActivityTests.Generate_GivenMethodWithGenerics_RaisesDiagnostics_CAqe1ChVnvYCZotMAPEU8aEcP2sCpDXwvcFUV45NfyI#InstrumentMeasurementAttribute.g.received.cs
      Verified: TelemetrySourceGeneratorActivityTests.Generate_GivenMethodWithGenerics_RaisesDiagnostics_CAqe1ChVnvYCZotMAPEU8aEcP2sCpDXwvcFUV45NfyI#InstrumentMeasurementAttribute.g.verified.cs
    - Received: TelemetrySourceGeneratorActivityTests.Generate_GivenMethodWithGenerics_RaisesDiagnostics_CAqe1ChVnvYCZotMAPEU8aEcP2sCpDXwvcFUV45NfyI#LogAttribute.g.received.cs
      Verified: TelemetrySourceGeneratorActivityTests.Generate_GivenMethodWithGenerics_RaisesDiagnostics_CAqe1ChVnvYCZotMAPEU8aEcP2sCpDXwvcFUV45NfyI#LogAttribute.g.verified.cs
    - Received: TelemetrySourceGeneratorActivityTests.Generate_GivenMethodWithGenerics_RaisesDiagnostics_CAqe1ChVnvYCZotMAPEU8aEcP2sCpDXwvcFUV45NfyI#LoggerAttribute.g.received.cs
      Verified: TelemetrySourceGeneratorActivityTests.Generate_GivenMethodWithGenerics_RaisesDiagnostics_CAqe1ChVnvYCZotMAPEU8aEcP2sCpDXwvcFUV45NfyI#LoggerAttribute.g.verified.cs
    - Received: TelemetrySourceGeneratorActivityTests.Generate_GivenMethodWithGenerics_RaisesDiagnostics_CAqe1ChVnvYCZotMAPEU8aEcP2sCpDXwvcFUV45NfyI#LoggerGenerationAttribute.g.received.cs
      Verified: TelemetrySourceGeneratorActivityTests.Generate_GivenMethodWithGenerics_RaisesDiagnostics_CAqe1ChVnvYCZotMAPEU8aEcP2sCpDXwvcFUV45NfyI#LoggerGenerationAttribute.g.verified.cs
    - Received: TelemetrySourceGeneratorActivityTests.Generate_GivenMethodWithGenerics_RaisesDiagnostics_CAqe1ChVnvYCZotMAPEU8aEcP2sCpDXwvcFUV45NfyI#LoggerGenerationMode.g.received.cs
      Verified: TelemetrySourceGeneratorActivityTests.Generate_GivenMethodWithGenerics_RaisesDiagnostics_CAqe1ChVnvYCZotMAPEU8aEcP2sCpDXwvcFUV45NfyI#LoggerGenerationMode.g.verified.cs
    - Received: TelemetrySourceGeneratorActivityTests.Generate_GivenMethodWithGenerics_RaisesDiagnostics_CAqe1ChVnvYCZotMAPEU8aEcP2sCpDXwvcFUV45NfyI#LogPrefixType.g.received.cs
      Verified: TelemetrySourceGeneratorActivityTests.Generate_GivenMethodWithGenerics_RaisesDiagnostics_CAqe1ChVnvYCZotMAPEU8aEcP2sCpDXwvcFUV45NfyI#LogPrefixType.g.verified.cs
    - Received: TelemetrySourceGeneratorActivityTests.Generate_GivenMethodWithGenerics_RaisesDiagnostics_CAqe1ChVnvYCZotMAPEU8aEcP2sCpDXwvcFUV45NfyI#MeterAttribute.g.received.cs
      Verified: TelemetrySourceGeneratorActivityTests.Generate_GivenMethodWithGenerics_RaisesDiagnostics_CAqe1ChVnvYCZotMAPEU8aEcP2sCpDXwvcFUV45NfyI#MeterAttribute.g.verified.cs
    - Received: TelemetrySourceGeneratorActivityTests.Generate_GivenMethodWithGenerics_RaisesDiagnostics_CAqe1ChVnvYCZotMAPEU8aEcP2sCpDXwvcFUV45NfyI#MeterGenerationAttribute.g.received.cs
      Verified: TelemetrySourceGeneratorActivityTests.Generate_GivenMethodWithGenerics_RaisesDiagnostics_CAqe1ChVnvYCZotMAPEU8aEcP2sCpDXwvcFUV45NfyI#MeterGenerationAttribute.g.verified.cs
    - Received: TelemetrySourceGeneratorActivityTests.Generate_GivenMethodWithGenerics_RaisesDiagnostics_CAqe1ChVnvYCZotMAPEU8aEcP2sCpDXwvcFUV45NfyI#MeterNameGenerationType.g.received.cs
      Verified: TelemetrySourceGeneratorActivityTests.Generate_GivenMethodWithGenerics_RaisesDiagnostics_CAqe1ChVnvYCZotMAPEU8aEcP2sCpDXwvcFUV45NfyI#MeterNameGenerationType.g.verified.cs
    - Received: TelemetrySourceGeneratorActivityTests.Generate_GivenMethodWithGenerics_RaisesDiagnostics_CAqe1ChVnvYCZotMAPEU8aEcP2sCpDXwvcFUV45NfyI#NamingConvention.g.received.cs
      Verified: TelemetrySourceGeneratorActivityTests.Generate_GivenMethodWithGenerics_RaisesDiagnostics_CAqe1ChVnvYCZotMAPEU8aEcP2sCpDXwvcFUV45NfyI#NamingConvention.g.verified.cs
    - Received: TelemetrySourceGeneratorActivityTests.Generate_GivenMethodWithGenerics_RaisesDiagnostics_CAqe1ChVnvYCZotMAPEU8aEcP2sCpDXwvcFUV45NfyI#ObservableCounterAttribute.g.received.cs
      Verified: TelemetrySourceGeneratorActivityTests.Generate_GivenMethodWithGenerics_RaisesDiagnostics_CAqe1ChVnvYCZotMAPEU8aEcP2sCpDXwvcFUV45NfyI#ObservableCounterAttribute.g.verified.cs
    - Received: TelemetrySourceGeneratorActivityTests.Generate_GivenMethodWithGenerics_RaisesDiagnostics_CAqe1ChVnvYCZotMAPEU8aEcP2sCpDXwvcFUV45NfyI#ObservableGaugeAttribute.g.received.cs
      Verified: TelemetrySourceGeneratorActivityTests.Generate_GivenMethodWithGenerics_RaisesDiagnostics_CAqe1ChVnvYCZotMAPEU8aEcP2sCpDXwvcFUV45NfyI#ObservableGaugeAttribute.g.verified.cs
    - Received: TelemetrySourceGeneratorActivityTests.Generate_GivenMethodWithGenerics_RaisesDiagnostics_CAqe1ChVnvYCZotMAPEU8aEcP2sCpDXwvcFUV45NfyI#ObservableUpDownCounterAttribute.g.received.cs
      Verified: TelemetrySourceGeneratorActivityTests.Generate_GivenMethodWithGenerics_RaisesDiagnostics_CAqe1ChVnvYCZotMAPEU8aEcP2sCpDXwvcFUV45NfyI#ObservableUpDownCounterAttribute.g.verified.cs
    - Received: TelemetrySourceGeneratorActivityTests.Generate_GivenMethodWithGenerics_RaisesDiagnostics_CAqe1ChVnvYCZotMAPEU8aEcP2sCpDXwvcFUV45NfyI#Purview.Telemetry.SourceGenerator.TelemetryNames.g.received.cs
      Verified: TelemetrySourceGeneratorActivityTests.Generate_GivenMethodWithGenerics_RaisesDiagnostics_CAqe1ChVnvYCZotMAPEU8aEcP2sCpDXwvcFUV45NfyI#Purview.Telemetry.SourceGenerator.TelemetryNames.g.verified.cs
    - Received: TelemetrySourceGeneratorActivityTests.Generate_GivenMethodWithGenerics_RaisesDiagnostics_CAqe1ChVnvYCZotMAPEU8aEcP2sCpDXwvcFUV45NfyI#StatusDescriptionAttribute.g.received.cs
      Verified: TelemetrySourceGeneratorActivityTests.Generate_GivenMethodWithGenerics_RaisesDiagnostics_CAqe1ChVnvYCZotMAPEU8aEcP2sCpDXwvcFUV45NfyI#StatusDescriptionAttribute.g.verified.cs
    - Received: TelemetrySourceGeneratorActivityTests.Generate_GivenMethodWithGenerics_RaisesDiagnostics_CAqe1ChVnvYCZotMAPEU8aEcP2sCpDXwvcFUV45NfyI#TagAttribute.g.received.cs
      Verified: TelemetrySourceGeneratorActivityTests.Generate_GivenMethodWithGenerics_RaisesDiagnostics_CAqe1ChVnvYCZotMAPEU8aEcP2sCpDXwvcFUV45NfyI#TagAttribute.g.verified.cs
    - Received: TelemetrySourceGeneratorActivityTests.Generate_GivenMethodWithGenerics_RaisesDiagnostics_CAqe1ChVnvYCZotMAPEU8aEcP2sCpDXwvcFUV45NfyI#Targets.g.received.cs
      Verified: TelemetrySourceGeneratorActivityTests.Generate_GivenMethodWithGenerics_RaisesDiagnostics_CAqe1ChVnvYCZotMAPEU8aEcP2sCpDXwvcFUV45NfyI#Targets.g.verified.cs
    - Received: TelemetrySourceGeneratorActivityTests.Generate_GivenMethodWithGenerics_RaisesDiagnostics_CAqe1ChVnvYCZotMAPEU8aEcP2sCpDXwvcFUV45NfyI#TelemetryGenerationAttribute.g.received.cs
      Verified: TelemetrySourceGeneratorActivityTests.Generate_GivenMethodWithGenerics_RaisesDiagnostics_CAqe1ChVnvYCZotMAPEU8aEcP2sCpDXwvcFUV45NfyI#TelemetryGenerationAttribute.g.verified.cs
    - Received: TelemetrySourceGeneratorActivityTests.Generate_GivenMethodWithGenerics_RaisesDiagnostics_CAqe1ChVnvYCZotMAPEU8aEcP2sCpDXwvcFUV45NfyI#Testing.TestActivitiesCore.Activity.g.received.cs
      Verified: TelemetrySourceGeneratorActivityTests.Generate_GivenMethodWithGenerics_RaisesDiagnostics_CAqe1ChVnvYCZotMAPEU8aEcP2sCpDXwvcFUV45NfyI#Testing.TestActivitiesCore.Activity.g.verified.cs
    - Received: TelemetrySourceGeneratorActivityTests.Generate_GivenMethodWithGenerics_RaisesDiagnostics_CAqe1ChVnvYCZotMAPEU8aEcP2sCpDXwvcFUV45NfyI#TraceAttribute.g.received.cs
      Verified: TelemetrySourceGeneratorActivityTests.Generate_GivenMethodWithGenerics_RaisesDiagnostics_CAqe1ChVnvYCZotMAPEU8aEcP2sCpDXwvcFUV45NfyI#TraceAttribute.g.verified.cs
    - Received: TelemetrySourceGeneratorActivityTests.Generate_GivenMethodWithGenerics_RaisesDiagnostics_CAqe1ChVnvYCZotMAPEU8aEcP2sCpDXwvcFUV45NfyI#UpDownCounterAttribute.g.received.cs
      Verified: TelemetrySourceGeneratorActivityTests.Generate_GivenMethodWithGenerics_RaisesDiagnostics_CAqe1ChVnvYCZotMAPEU8aEcP2sCpDXwvcFUV45NfyI#UpDownCounterAttribute.g.verified.cs
    - Received: TelemetrySourceGeneratorActivityTests.Generate_GivenMethodWithGenerics_RaisesDiagnostics_CAqe1ChVnvYCZotMAPEU8aEcP2sCpDXwvcFUV45NfyI#WarningAttribute.g.received.cs
      Verified: TelemetrySourceGeneratorActivityTests.Generate_GivenMethodWithGenerics_RaisesDiagnostics_CAqe1ChVnvYCZotMAPEU8aEcP2sCpDXwvcFUV45NfyI#WarningAttribute.g.verified.cs
  
  Standard output
    DBG: --- Adding templates.
    DBG: Adding ActivitySourceGenerationAttribute as ActivitySourceGenerationAttribute.g.cs.
    DBG: Adding ActivitySourceAttribute as ActivitySourceAttribute.g.cs.
    DBG: Adding ActivityAttribute as ActivityAttribute.g.cs.
    DBG: Adding EventAttribute as EventAttribute.g.cs.
    DBG: Adding ContextAttribute as ContextAttribute.g.cs.
    DBG: Adding BaggageAttribute as BaggageAttribute.g.cs.
    DBG: Adding EscapeAttribute as EscapeAttribute.g.cs.
    DBG: Adding StatusDescriptionAttribute as StatusDescriptionAttribute.g.cs.
    DBG: Adding LoggerGenerationAttribute as LoggerGenerationAttribute.g.cs.
    DBG: Adding LoggerAttribute as LoggerAttribute.g.cs.
    DBG: Adding LogAttribute as LogAttribute.g.cs.
    DBG: Adding LogPrefixType as LogPrefixType.g.cs.
    DBG: Adding LoggerGenerationMode as LoggerGenerationMode.g.cs.
    DBG: Adding ExpandEnumerableAttribute as ExpandEnumerableAttribute.g.cs.
    DBG: Adding TraceAttribute as TraceAttribute.g.cs.
    DBG: Adding DebugAttribute as DebugAttribute.g.cs.
    DBG: Adding InfoAttribute as InfoAttribute.g.cs.
    DBG: Adding WarningAttribute as WarningAttribute.g.cs.
    DBG: Adding ErrorAttribute as ErrorAttribute.g.cs.
    DBG: Adding CriticalAttribute as CriticalAttribute.g.cs.
    DBG: Adding MeterGenerationAttribute as MeterGenerationAttribute.g.cs.
    DBG: Adding MeterAttribute as MeterAttribute.g.cs.
    DBG: Adding MeterNameGenerationType as MeterNameGenerationType.g.cs.
    DBG: Adding InstrumentMeasurementAttribute as InstrumentMeasurementAttribute.g.cs.
    DBG: Adding AutoCounterAttribute as AutoCounterAttribute.g.cs.
    DBG: Adding CounterAttribute as CounterAttribute.g.cs.
    DBG: Adding UpDownCounterAttribute as UpDownCounterAttribute.g.cs.
    DBG: Adding HistogramAttribute as HistogramAttribute.g.cs.
    DBG: Adding ObservableCounterAttribute as ObservableCounterAttribute.g.cs.
    DBG: Adding ObservableGaugeAttribute as ObservableGaugeAttribute.g.cs.
    DBG: Adding ObservableUpDownCounterAttribute as ObservableUpDownCounterAttribute.g.cs.
    DBG: Adding TagAttribute as TagAttribute.g.cs.
    DBG: Adding ExcludeAttribute as ExcludeAttribute.g.cs.
    DBG: Adding TelemetryGenerationAttribute as TelemetryGenerationAttribute.g.cs.
    DBG: Adding Targets as Targets.g.cs.
    DBG: Adding NamingConvention as NamingConvention.g.cs.
    DBG: Adding ExcludeTargetsAttribute as ExcludeTargetsAttribute.g.cs.
    DBG: --- Finished adding templates.
    DBG: Found attribute: Purview.Telemetry.ActivitySourceAttribute
    DBG: Found attribute: Purview.Telemetry.TelemetryGenerationAttribute(GenerateDependencyExtension = false)
    DBG: Activity generation target: Testing.TestActivitiesCore
    DBG: Generating activity class for: Testing.TestActivitiesCore
    DBG: Generating RecordExceptionInternal.
    DBG: Skipping dependency injection emit.
    DBG: Found attribute: Purview.Telemetry.ActivitySourceAttribute
    DBG: Found attribute: Purview.Telemetry.TelemetryGenerationAttribute(GenerateDependencyExtension = false)
    DBG: Generating Telemetry Names using class 'TelemetryNames'.
    
  Error output
failed Generate_GivenInterfaceWithGenerics_RaisesDiagnostics(5) (4s 274ms)
  [Test Failure] VerifyException: Directory: P:\GitHub\kjldev\purview-telemetry-sourcegenerator\src\Purview.Telemetry.SourceGenerator.IntegrationTests\Snapshots
Delete:
  - TelemetrySourceGeneratorActivityTests.Generate_GivenInterfaceWithGenerics_RaisesDiagnostics_GuNZL4JIw_h5tWr-PyzmqtRbqJhDR5bTXFZWhDl_s-Y#Purview.Telemetry.SourceGenerator.TelemetryNames.g.verified.cs
  - TelemetrySourceGeneratorActivityTests.Generate_GivenInterfaceWithGenerics_RaisesDiagnostics_GuNZL4JIw_h5tWr-PyzmqtRbqJhDR5bTXFZWhDl_s-Y.verified.txt
Equal:
  - Received: TelemetrySourceGeneratorActivityTests.Generate_GivenInterfaceWithGenerics_RaisesDiagnostics_GuNZL4JIw_h5tWr-PyzmqtRbqJhDR5bTXFZWhDl_s-Y#ActivityAttribute.g.received.cs
    Verified: TelemetrySourceGeneratorActivityTests.Generate_GivenInterfaceWithGenerics_RaisesDiagnostics_GuNZL4JIw_h5tWr-PyzmqtRbqJhDR5bTXFZWhDl_s-Y#ActivityAttribute.g.verified.cs
  - Received: TelemetrySourceGeneratorActivityTests.Generate_GivenInterfaceWithGenerics_RaisesDiagnostics_GuNZL4JIw_h5tWr-PyzmqtRbqJhDR5bTXFZWhDl_s-Y#ActivitySourceAttribute.g.received.cs
    Verified: TelemetrySourceGeneratorActivityTests.Generate_GivenInterfaceWithGenerics_RaisesDiagnostics_GuNZL4JIw_h5tWr-PyzmqtRbqJhDR5bTXFZWhDl_s-Y#ActivitySourceAttribute.g.verified.cs
  - Received: TelemetrySourceGeneratorActivityTests.Generate_GivenInterfaceWithGenerics_RaisesDiagnostics_GuNZL4JIw_h5tWr-PyzmqtRbqJhDR5bTXFZWhDl_s-Y#ActivitySourceGenerationAttribute.g.received.cs
    Verified: TelemetrySourceGeneratorActivityTests.Generate_GivenInterfaceWithGenerics_RaisesDiagnostics_GuNZL4JIw_h5tWr-PyzmqtRbqJhDR5bTXFZWhDl_s-Y#ActivitySourceGenerationAttribute.g.verified.cs
  - Received: TelemetrySourceGeneratorActivityTests.Generate_GivenInterfaceWithGenerics_RaisesDiagnostics_GuNZL4JIw_h5tWr-PyzmqtRbqJhDR5bTXFZWhDl_s-Y#AutoCounterAttribute.g.received.cs
    Verified: TelemetrySourceGeneratorActivityTests.Generate_GivenInterfaceWithGenerics_RaisesDiagnostics_GuNZL4JIw_h5tWr-PyzmqtRbqJhDR5bTXFZWhDl_s-Y#AutoCounterAttribute.g.verified.cs
  - Received: TelemetrySourceGeneratorActivityTests.Generate_GivenInterfaceWithGenerics_RaisesDiagnostics_GuNZL4JIw_h5tWr-PyzmqtRbqJhDR5bTXFZWhDl_s-Y#BaggageAttribute.g.received.cs
    Verified: TelemetrySourceGeneratorActivityTests.Generate_GivenInterfaceWithGenerics_RaisesDiagnostics_GuNZL4JIw_h5tWr-PyzmqtRbqJhDR5bTXFZWhDl_s-Y#BaggageAttribute.g.verified.cs
  - Received: TelemetrySourceGeneratorActivityTests.Generate_GivenInterfaceWithGenerics_RaisesDiagnostics_GuNZL4JIw_h5tWr-PyzmqtRbqJhDR5bTXFZWhDl_s-Y#ContextAttribute.g.received.cs
    Verified: TelemetrySourceGeneratorActivityTests.Generate_GivenInterfaceWithGenerics_RaisesDiagnostics_GuNZL4JIw_h5tWr-PyzmqtRbqJhDR5bTXFZWhDl_s-Y#ContextAttribute.g.verified.cs
  - Received: TelemetrySourceGeneratorActivityTests.Generate_GivenInterfaceWithGenerics_RaisesDiagnostics_GuNZL4JIw_h5tWr-PyzmqtRbqJhDR5bTXFZWhDl_s-Y#CounterAttribute.g.received.cs
    Verified: TelemetrySourceGeneratorActivityTests.Generate_GivenInterfaceWithGenerics_RaisesDiagnostics_GuNZL4JIw_h5tWr-PyzmqtRbqJhDR5bTXFZWhDl_s-Y#CounterAttribute.g.verified.cs
  - Received: TelemetrySourceGeneratorActivityTests.Generate_GivenInterfaceWithGenerics_RaisesDiagnostics_GuNZL4JIw_h5tWr-PyzmqtRbqJhDR5bTXFZWhDl_s-Y#CriticalAttribute.g.received.cs
    Verified: TelemetrySourceGeneratorActivityTests.Generate_GivenInterfaceWithGenerics_RaisesDiagnostics_GuNZL4JIw_h5tWr-PyzmqtRbqJhDR5bTXFZWhDl_s-Y#CriticalAttribute.g.verified.cs
  - Received: TelemetrySourceGeneratorActivityTests.Generate_GivenInterfaceWithGenerics_RaisesDiagnostics_GuNZL4JIw_h5tWr-PyzmqtRbqJhDR5bTXFZWhDl_s-Y#DebugAttribute.g.received.cs
    Verified: TelemetrySourceGeneratorActivityTests.Generate_GivenInterfaceWithGenerics_RaisesDiagnostics_GuNZL4JIw_h5tWr-PyzmqtRbqJhDR5bTXFZWhDl_s-Y#DebugAttribute.g.verified.cs
  - Received: TelemetrySourceGeneratorActivityTests.Generate_GivenInterfaceWithGenerics_RaisesDiagnostics_GuNZL4JIw_h5tWr-PyzmqtRbqJhDR5bTXFZWhDl_s-Y#ErrorAttribute.g.received.cs
    Verified: TelemetrySourceGeneratorActivityTests.Generate_GivenInterfaceWithGenerics_RaisesDiagnostics_GuNZL4JIw_h5tWr-PyzmqtRbqJhDR5bTXFZWhDl_s-Y#ErrorAttribute.g.verified.cs
  - Received: TelemetrySourceGeneratorActivityTests.Generate_GivenInterfaceWithGenerics_RaisesDiagnostics_GuNZL4JIw_h5tWr-PyzmqtRbqJhDR5bTXFZWhDl_s-Y#EscapeAttribute.g.received.cs
    Verified: TelemetrySourceGeneratorActivityTests.Generate_GivenInterfaceWithGenerics_RaisesDiagnostics_GuNZL4JIw_h5tWr-PyzmqtRbqJhDR5bTXFZWhDl_s-Y#EscapeAttribute.g.verified.cs
  - Received: TelemetrySourceGeneratorActivityTests.Generate_GivenInterfaceWithGenerics_RaisesDiagnostics_GuNZL4JIw_h5tWr-PyzmqtRbqJhDR5bTXFZWhDl_s-Y#EventAttribute.g.received.cs
    Verified: TelemetrySourceGeneratorActivityTests.Generate_GivenInterfaceWithGenerics_RaisesDiagnostics_GuNZL4JIw_h5tWr-PyzmqtRbqJhDR5bTXFZWhDl_s-Y#EventAttribute.g.verified.cs
  - Received: TelemetrySourceGeneratorActivityTests.Generate_GivenInterfaceWithGenerics_RaisesDiagnostics_GuNZL4JIw_h5tWr-PyzmqtRbqJhDR5bTXFZWhDl_s-Y#ExcludeAttribute.g.received.cs
    Verified: TelemetrySourceGeneratorActivityTests.Generate_GivenInterfaceWithGenerics_RaisesDiagnostics_GuNZL4JIw_h5tWr-PyzmqtRbqJhDR5bTXFZWhDl_s-Y#ExcludeAttribute.g.verified.cs
  - Received: TelemetrySourceGeneratorActivityTests.Generate_GivenInterfaceWithGenerics_RaisesDiagnostics_GuNZL4JIw_h5tWr-PyzmqtRbqJhDR5bTXFZWhDl_s-Y#ExcludeTargetsAttribute.g.received.cs
    Verified: TelemetrySourceGeneratorActivityTests.Generate_GivenInterfaceWithGenerics_RaisesDiagnostics_GuNZL4JIw_h5tWr-PyzmqtRbqJhDR5bTXFZWhDl_s-Y#ExcludeTargetsAttribute.g.verified.cs
  - Received: TelemetrySourceGeneratorActivityTests.Generate_GivenInterfaceWithGenerics_RaisesDiagnostics_GuNZL4JIw_h5tWr-PyzmqtRbqJhDR5bTXFZWhDl_s-Y#ExpandEnumerableAttribute.g.received.cs
    Verified: TelemetrySourceGeneratorActivityTests.Generate_GivenInterfaceWithGenerics_RaisesDiagnostics_GuNZL4JIw_h5tWr-PyzmqtRbqJhDR5bTXFZWhDl_s-Y#ExpandEnumerableAttribute.g.verified.cs
  - Received: TelemetrySourceGeneratorActivityTests.Generate_GivenInterfaceWithGenerics_RaisesDiagnostics_GuNZL4JIw_h5tWr-PyzmqtRbqJhDR5bTXFZWhDl_s-Y#HistogramAttribute.g.received.cs
    Verified: TelemetrySourceGeneratorActivityTests.Generate_GivenInterfaceWithGenerics_RaisesDiagnostics_GuNZL4JIw_h5tWr-PyzmqtRbqJhDR5bTXFZWhDl_s-Y#HistogramAttribute.g.verified.cs
  - Received: TelemetrySourceGeneratorActivityTests.Generate_GivenInterfaceWithGenerics_RaisesDiagnostics_GuNZL4JIw_h5tWr-PyzmqtRbqJhDR5bTXFZWhDl_s-Y#InfoAttribute.g.received.cs
    Verified: TelemetrySourceGeneratorActivityTests.Generate_GivenInterfaceWithGenerics_RaisesDiagnostics_GuNZL4JIw_h5tWr-PyzmqtRbqJhDR5bTXFZWhDl_s-Y#InfoAttribute.g.verified.cs
  - Received: TelemetrySourceGeneratorActivityTests.Generate_GivenInterfaceWithGenerics_RaisesDiagnostics_GuNZL4JIw_h5tWr-PyzmqtRbqJhDR5bTXFZWhDl_s-Y#InstrumentMeasurementAttribute.g.received.cs
    Verified: TelemetrySourceGeneratorActivityTests.Generate_GivenInterfaceWithGenerics_RaisesDiagnostics_GuNZL4JIw_h5tWr-PyzmqtRbqJhDR5bTXFZWhDl_s-Y#InstrumentMeasurementAttribute.g.verified.cs
  - Received: TelemetrySourceGeneratorActivityTests.Generate_GivenInterfaceWithGenerics_RaisesDiagnostics_GuNZL4JIw_h5tWr-PyzmqtRbqJhDR5bTXFZWhDl_s-Y#LogAttribute.g.received.cs
    Verified: TelemetrySourceGeneratorActivityTests.Generate_GivenInterfaceWithGenerics_RaisesDiagnostics_GuNZL4JIw_h5tWr-PyzmqtRbqJhDR5bTXFZWhDl_s-Y#LogAttribute.g.verified.cs
  - Received: TelemetrySourceGeneratorActivityTests.Generate_GivenInterfaceWithGenerics_RaisesDiagnostics_GuNZL4JIw_h5tWr-PyzmqtRbqJhDR5bTXFZWhDl_s-Y#LoggerAttribute.g.received.cs
    Verified: TelemetrySourceGeneratorActivityTests.Generate_GivenInterfaceWithGenerics_RaisesDiagnostics_GuNZL4JIw_h5tWr-PyzmqtRbqJhDR5bTXFZWhDl_s-Y#LoggerAttribute.g.verified.cs
  - Received: TelemetrySourceGeneratorActivityTests.Generate_GivenInterfaceWithGenerics_RaisesDiagnostics_GuNZL4JIw_h5tWr-PyzmqtRbqJhDR5bTXFZWhDl_s-Y#LoggerGenerationAttribute.g.received.cs
    Verified: TelemetrySourceGeneratorActivityTests.Generate_GivenInterfaceWithGenerics_RaisesDiagnostics_GuNZL4JIw_h5tWr-PyzmqtRbqJhDR5bTXFZWhDl_s-Y#LoggerGenerationAttribute.g.verified.cs
  - Received: TelemetrySourceGeneratorActivityTests.Generate_GivenInterfaceWithGenerics_RaisesDiagnostics_GuNZL4JIw_h5tWr-PyzmqtRbqJhDR5bTXFZWhDl_s-Y#LoggerGenerationMode.g.received.cs
    Verified: TelemetrySourceGeneratorActivityTests.Generate_GivenInterfaceWithGenerics_RaisesDiagnostics_GuNZL4JIw_h5tWr-PyzmqtRbqJhDR5bTXFZWhDl_s-Y#LoggerGenerationMode.g.verified.cs
  - Received: TelemetrySourceGeneratorActivityTests.Generate_GivenInterfaceWithGenerics_RaisesDiagnostics_GuNZL4JIw_h5tWr-PyzmqtRbqJhDR5bTXFZWhDl_s-Y#LogPrefixType.g.received.cs
    Verified: TelemetrySourceGeneratorActivityTests.Generate_GivenInterfaceWithGenerics_RaisesDiagnostics_GuNZL4JIw_h5tWr-PyzmqtRbqJhDR5bTXFZWhDl_s-Y#LogPrefixType.g.verified.cs
  - Received: TelemetrySourceGeneratorActivityTests.Generate_GivenInterfaceWithGenerics_RaisesDiagnostics_GuNZL4JIw_h5tWr-PyzmqtRbqJhDR5bTXFZWhDl_s-Y#MeterAttribute.g.received.cs
    Verified: TelemetrySourceGeneratorActivityTests.Generate_GivenInterfaceWithGenerics_RaisesDiagnostics_GuNZL4JIw_h5tWr-PyzmqtRbqJhDR5bTXFZWhDl_s-Y#MeterAttribute.g.verified.cs
  - Received: TelemetrySourceGeneratorActivityTests.Generate_GivenInterfaceWithGenerics_RaisesDiagnostics_GuNZL4JIw_h5tWr-PyzmqtRbqJhDR5bTXFZWhDl_s-Y#MeterGenerationAttribute.g.received.cs
    Verified: TelemetrySourceGeneratorActivityTests.Generate_GivenInterfaceWithGenerics_RaisesDiagnostics_GuNZL4JIw_h5tWr-PyzmqtRbqJhDR5bTXFZWhDl_s-Y#MeterGenerationAttribute.g.verified.cs
  - Received: TelemetrySourceGeneratorActivityTests.Generate_GivenInterfaceWithGenerics_RaisesDiagnostics_GuNZL4JIw_h5tWr-PyzmqtRbqJhDR5bTXFZWhDl_s-Y#MeterNameGenerationType.g.received.cs
    Verified: TelemetrySourceGeneratorActivityTests.Generate_GivenInterfaceWithGenerics_RaisesDiagnostics_GuNZL4JIw_h5tWr-PyzmqtRbqJhDR5bTXFZWhDl_s-Y#MeterNameGenerationType.g.verified.cs
  - Received: TelemetrySourceGeneratorActivityTests.Generate_GivenInterfaceWithGenerics_RaisesDiagnostics_GuNZL4JIw_h5tWr-PyzmqtRbqJhDR5bTXFZWhDl_s-Y#NamingConvention.g.received.cs
    Verified: TelemetrySourceGeneratorActivityTests.Generate_GivenInterfaceWithGenerics_RaisesDiagnostics_GuNZL4JIw_h5tWr-PyzmqtRbqJhDR5bTXFZWhDl_s-Y#NamingConvention.g.verified.cs
  - Received: TelemetrySourceGeneratorActivityTests.Generate_GivenInterfaceWithGenerics_RaisesDiagnostics_GuNZL4JIw_h5tWr-PyzmqtRbqJhDR5bTXFZWhDl_s-Y#ObservableCounterAttribute.g.received.cs
    Verified: TelemetrySourceGeneratorActivityTests.Generate_GivenInterfaceWithGenerics_RaisesDiagnostics_GuNZL4JIw_h5tWr-PyzmqtRbqJhDR5bTXFZWhDl_s-Y#ObservableCounterAttribute.g.verified.cs
  - Received: TelemetrySourceGeneratorActivityTests.Generate_GivenInterfaceWithGenerics_RaisesDiagnostics_GuNZL4JIw_h5tWr-PyzmqtRbqJhDR5bTXFZWhDl_s-Y#ObservableGaugeAttribute.g.received.cs
    Verified: TelemetrySourceGeneratorActivityTests.Generate_GivenInterfaceWithGenerics_RaisesDiagnostics_GuNZL4JIw_h5tWr-PyzmqtRbqJhDR5bTXFZWhDl_s-Y#ObservableGaugeAttribute.g.verified.cs
  - Received: TelemetrySourceGeneratorActivityTests.Generate_GivenInterfaceWithGenerics_RaisesDiagnostics_GuNZL4JIw_h5tWr-PyzmqtRbqJhDR5bTXFZWhDl_s-Y#ObservableUpDownCounterAttribute.g.received.cs
    Verified: TelemetrySourceGeneratorActivityTests.Generate_GivenInterfaceWithGenerics_RaisesDiagnostics_GuNZL4JIw_h5tWr-PyzmqtRbqJhDR5bTXFZWhDl_s-Y#ObservableUpDownCounterAttribute.g.verified.cs
  - Received: TelemetrySourceGeneratorActivityTests.Generate_GivenInterfaceWithGenerics_RaisesDiagnostics_GuNZL4JIw_h5tWr-PyzmqtRbqJhDR5bTXFZWhDl_s-Y#StatusDescriptionAttribute.g.received.cs
    Verified: TelemetrySourceGeneratorActivityTests.Generate_GivenInterfaceWithGenerics_RaisesDiagnostics_GuNZL4JIw_h5tWr-PyzmqtRbqJhDR5bTXFZWhDl_s-Y#StatusDescriptionAttribute.g.verified.cs
  - Received: TelemetrySourceGeneratorActivityTests.Generate_GivenInterfaceWithGenerics_RaisesDiagnostics_GuNZL4JIw_h5tWr-PyzmqtRbqJhDR5bTXFZWhDl_s-Y#TagAttribute.g.received.cs
    Verified: TelemetrySourceGeneratorActivityTests.Generate_GivenInterfaceWithGenerics_RaisesDiagnostics_GuNZL4JIw_h5tWr-PyzmqtRbqJhDR5bTXFZWhDl_s-Y#TagAttribute.g.verified.cs
  - Received: TelemetrySourceGeneratorActivityTests.Generate_GivenInterfaceWithGenerics_RaisesDiagnostics_GuNZL4JIw_h5tWr-PyzmqtRbqJhDR5bTXFZWhDl_s-Y#Targets.g.received.cs
    Verified: TelemetrySourceGeneratorActivityTests.Generate_GivenInterfaceWithGenerics_RaisesDiagnostics_GuNZL4JIw_h5tWr-PyzmqtRbqJhDR5bTXFZWhDl_s-Y#Targets.g.verified.cs
  - Received: TelemetrySourceGeneratorActivityTests.Generate_GivenInterfaceWithGenerics_RaisesDiagnostics_GuNZL4JIw_h5tWr-PyzmqtRbqJhDR5bTXFZWhDl_s-Y#TelemetryGenerationAttribute.g.received.cs
    Verified: TelemetrySourceGeneratorActivityTests.Generate_GivenInterfaceWithGenerics_RaisesDiagnostics_GuNZL4JIw_h5tWr-PyzmqtRbqJhDR5bTXFZWhDl_s-Y#TelemetryGenerationAttribute.g.verified.cs
  - Received: TelemetrySourceGeneratorActivityTests.Generate_GivenInterfaceWithGenerics_RaisesDiagnostics_GuNZL4JIw_h5tWr-PyzmqtRbqJhDR5bTXFZWhDl_s-Y#TraceAttribute.g.received.cs
    Verified: TelemetrySourceGeneratorActivityTests.Generate_GivenInterfaceWithGenerics_RaisesDiagnostics_GuNZL4JIw_h5tWr-PyzmqtRbqJhDR5bTXFZWhDl_s-Y#TraceAttribute.g.verified.cs
  - Received: TelemetrySourceGeneratorActivityTests.Generate_GivenInterfaceWithGenerics_RaisesDiagnostics_GuNZL4JIw_h5tWr-PyzmqtRbqJhDR5bTXFZWhDl_s-Y#UpDownCounterAttribute.g.received.cs
    Verified: TelemetrySourceGeneratorActivityTests.Generate_GivenInterfaceWithGenerics_RaisesDiagnostics_GuNZL4JIw_h5tWr-PyzmqtRbqJhDR5bTXFZWhDl_s-Y#UpDownCounterAttribute.g.verified.cs
  - Received: TelemetrySourceGeneratorActivityTests.Generate_GivenInterfaceWithGenerics_RaisesDiagnostics_GuNZL4JIw_h5tWr-PyzmqtRbqJhDR5bTXFZWhDl_s-Y#WarningAttribute.g.received.cs
    Verified: TelemetrySourceGeneratorActivityTests.Generate_GivenInterfaceWithGenerics_RaisesDiagnostics_GuNZL4JIw_h5tWr-PyzmqtRbqJhDR5bTXFZWhDl_s-Y#WarningAttribute.g.verified.cs

  from P:\GitHub\kjldev\purview-telemetry-sourcegenerator\src\Purview.Telemetry.SourceGenerator.IntegrationTests\bin\Release\net10.0\Purview.Telemetry.SourceGenerator.IntegrationTests.dll (net10.0|x64)
  TUnit.Engine.Exceptions.TestFailedException: [Test Failure] VerifyException: Directory: P:\GitHub\kjldev\purview-telemetry-sourcegenerator\src\Purview.Telemetry.SourceGenerator.IntegrationTests\Snapshots
  Delete:
    - TelemetrySourceGeneratorActivityTests.Generate_GivenInterfaceWithGenerics_RaisesDiagnostics_GuNZL4JIw_h5tWr-PyzmqtRbqJhDR5bTXFZWhDl_s-Y#Purview.Telemetry.SourceGenerator.TelemetryNames.g.verified.cs
    - TelemetrySourceGeneratorActivityTests.Generate_GivenInterfaceWithGenerics_RaisesDiagnostics_GuNZL4JIw_h5tWr-PyzmqtRbqJhDR5bTXFZWhDl_s-Y.verified.txt
  Equal:
    - Received: TelemetrySourceGeneratorActivityTests.Generate_GivenInterfaceWithGenerics_RaisesDiagnostics_GuNZL4JIw_h5tWr-PyzmqtRbqJhDR5bTXFZWhDl_s-Y#ActivityAttribute.g.received.cs
      Verified: TelemetrySourceGeneratorActivityTests.Generate_GivenInterfaceWithGenerics_RaisesDiagnostics_GuNZL4JIw_h5tWr-PyzmqtRbqJhDR5bTXFZWhDl_s-Y#ActivityAttribute.g.verified.cs
    - Received: TelemetrySourceGeneratorActivityTests.Generate_GivenInterfaceWithGenerics_RaisesDiagnostics_GuNZL4JIw_h5tWr-PyzmqtRbqJhDR5bTXFZWhDl_s-Y#ActivitySourceAttribute.g.received.cs
      Verified: TelemetrySourceGeneratorActivityTests.Generate_GivenInterfaceWithGenerics_RaisesDiagnostics_GuNZL4JIw_h5tWr-PyzmqtRbqJhDR5bTXFZWhDl_s-Y#ActivitySourceAttribute.g.verified.cs
    - Received: TelemetrySourceGeneratorActivityTests.Generate_GivenInterfaceWithGenerics_RaisesDiagnostics_GuNZL4JIw_h5tWr-PyzmqtRbqJhDR5bTXFZWhDl_s-Y#ActivitySourceGenerationAttribute.g.received.cs
      Verified: TelemetrySourceGeneratorActivityTests.Generate_GivenInterfaceWithGenerics_RaisesDiagnostics_GuNZL4JIw_h5tWr-PyzmqtRbqJhDR5bTXFZWhDl_s-Y#ActivitySourceGenerationAttribute.g.verified.cs
    - Received: TelemetrySourceGeneratorActivityTests.Generate_GivenInterfaceWithGenerics_RaisesDiagnostics_GuNZL4JIw_h5tWr-PyzmqtRbqJhDR5bTXFZWhDl_s-Y#AutoCounterAttribute.g.received.cs
      Verified: TelemetrySourceGeneratorActivityTests.Generate_GivenInterfaceWithGenerics_RaisesDiagnostics_GuNZL4JIw_h5tWr-PyzmqtRbqJhDR5bTXFZWhDl_s-Y#AutoCounterAttribute.g.verified.cs
    - Received: TelemetrySourceGeneratorActivityTests.Generate_GivenInterfaceWithGenerics_RaisesDiagnostics_GuNZL4JIw_h5tWr-PyzmqtRbqJhDR5bTXFZWhDl_s-Y#BaggageAttribute.g.received.cs
      Verified: TelemetrySourceGeneratorActivityTests.Generate_GivenInterfaceWithGenerics_RaisesDiagnostics_GuNZL4JIw_h5tWr-PyzmqtRbqJhDR5bTXFZWhDl_s-Y#BaggageAttribute.g.verified.cs
    - Received: TelemetrySourceGeneratorActivityTests.Generate_GivenInterfaceWithGenerics_RaisesDiagnostics_GuNZL4JIw_h5tWr-PyzmqtRbqJhDR5bTXFZWhDl_s-Y#ContextAttribute.g.received.cs
      Verified: TelemetrySourceGeneratorActivityTests.Generate_GivenInterfaceWithGenerics_RaisesDiagnostics_GuNZL4JIw_h5tWr-PyzmqtRbqJhDR5bTXFZWhDl_s-Y#ContextAttribute.g.verified.cs
    - Received: TelemetrySourceGeneratorActivityTests.Generate_GivenInterfaceWithGenerics_RaisesDiagnostics_GuNZL4JIw_h5tWr-PyzmqtRbqJhDR5bTXFZWhDl_s-Y#CounterAttribute.g.received.cs
      Verified: TelemetrySourceGeneratorActivityTests.Generate_GivenInterfaceWithGenerics_RaisesDiagnostics_GuNZL4JIw_h5tWr-PyzmqtRbqJhDR5bTXFZWhDl_s-Y#CounterAttribute.g.verified.cs
    - Received: TelemetrySourceGeneratorActivityTests.Generate_GivenInterfaceWithGenerics_RaisesDiagnostics_GuNZL4JIw_h5tWr-PyzmqtRbqJhDR5bTXFZWhDl_s-Y#CriticalAttribute.g.received.cs
      Verified: TelemetrySourceGeneratorActivityTests.Generate_GivenInterfaceWithGenerics_RaisesDiagnostics_GuNZL4JIw_h5tWr-PyzmqtRbqJhDR5bTXFZWhDl_s-Y#CriticalAttribute.g.verified.cs
    - Received: TelemetrySourceGeneratorActivityTests.Generate_GivenInterfaceWithGenerics_RaisesDiagnostics_GuNZL4JIw_h5tWr-PyzmqtRbqJhDR5bTXFZWhDl_s-Y#DebugAttribute.g.received.cs
      Verified: TelemetrySourceGeneratorActivityTests.Generate_GivenInterfaceWithGenerics_RaisesDiagnostics_GuNZL4JIw_h5tWr-PyzmqtRbqJhDR5bTXFZWhDl_s-Y#DebugAttribute.g.verified.cs
    - Received: TelemetrySourceGeneratorActivityTests.Generate_GivenInterfaceWithGenerics_RaisesDiagnostics_GuNZL4JIw_h5tWr-PyzmqtRbqJhDR5bTXFZWhDl_s-Y#ErrorAttribute.g.received.cs
      Verified: TelemetrySourceGeneratorActivityTests.Generate_GivenInterfaceWithGenerics_RaisesDiagnostics_GuNZL4JIw_h5tWr-PyzmqtRbqJhDR5bTXFZWhDl_s-Y#ErrorAttribute.g.verified.cs
    - Received: TelemetrySourceGeneratorActivityTests.Generate_GivenInterfaceWithGenerics_RaisesDiagnostics_GuNZL4JIw_h5tWr-PyzmqtRbqJhDR5bTXFZWhDl_s-Y#EscapeAttribute.g.received.cs
      Verified: TelemetrySourceGeneratorActivityTests.Generate_GivenInterfaceWithGenerics_RaisesDiagnostics_GuNZL4JIw_h5tWr-PyzmqtRbqJhDR5bTXFZWhDl_s-Y#EscapeAttribute.g.verified.cs
    - Received: TelemetrySourceGeneratorActivityTests.Generate_GivenInterfaceWithGenerics_RaisesDiagnostics_GuNZL4JIw_h5tWr-PyzmqtRbqJhDR5bTXFZWhDl_s-Y#EventAttribute.g.received.cs
      Verified: TelemetrySourceGeneratorActivityTests.Generate_GivenInterfaceWithGenerics_RaisesDiagnostics_GuNZL4JIw_h5tWr-PyzmqtRbqJhDR5bTXFZWhDl_s-Y#EventAttribute.g.verified.cs
    - Received: TelemetrySourceGeneratorActivityTests.Generate_GivenInterfaceWithGenerics_RaisesDiagnostics_GuNZL4JIw_h5tWr-PyzmqtRbqJhDR5bTXFZWhDl_s-Y#ExcludeAttribute.g.received.cs
      Verified: TelemetrySourceGeneratorActivityTests.Generate_GivenInterfaceWithGenerics_RaisesDiagnostics_GuNZL4JIw_h5tWr-PyzmqtRbqJhDR5bTXFZWhDl_s-Y#ExcludeAttribute.g.verified.cs
    - Received: TelemetrySourceGeneratorActivityTests.Generate_GivenInterfaceWithGenerics_RaisesDiagnostics_GuNZL4JIw_h5tWr-PyzmqtRbqJhDR5bTXFZWhDl_s-Y#ExcludeTargetsAttribute.g.received.cs
      Verified: TelemetrySourceGeneratorActivityTests.Generate_GivenInterfaceWithGenerics_RaisesDiagnostics_GuNZL4JIw_h5tWr-PyzmqtRbqJhDR5bTXFZWhDl_s-Y#ExcludeTargetsAttribute.g.verified.cs
    - Received: TelemetrySourceGeneratorActivityTests.Generate_GivenInterfaceWithGenerics_RaisesDiagnostics_GuNZL4JIw_h5tWr-PyzmqtRbqJhDR5bTXFZWhDl_s-Y#ExpandEnumerableAttribute.g.received.cs
      Verified: TelemetrySourceGeneratorActivityTests.Generate_GivenInterfaceWithGenerics_RaisesDiagnostics_GuNZL4JIw_h5tWr-PyzmqtRbqJhDR5bTXFZWhDl_s-Y#ExpandEnumerableAttribute.g.verified.cs
    - Received: TelemetrySourceGeneratorActivityTests.Generate_GivenInterfaceWithGenerics_RaisesDiagnostics_GuNZL4JIw_h5tWr-PyzmqtRbqJhDR5bTXFZWhDl_s-Y#HistogramAttribute.g.received.cs
      Verified: TelemetrySourceGeneratorActivityTests.Generate_GivenInterfaceWithGenerics_RaisesDiagnostics_GuNZL4JIw_h5tWr-PyzmqtRbqJhDR5bTXFZWhDl_s-Y#HistogramAttribute.g.verified.cs
    - Received: TelemetrySourceGeneratorActivityTests.Generate_GivenInterfaceWithGenerics_RaisesDiagnostics_GuNZL4JIw_h5tWr-PyzmqtRbqJhDR5bTXFZWhDl_s-Y#InfoAttribute.g.received.cs
      Verified: TelemetrySourceGeneratorActivityTests.Generate_GivenInterfaceWithGenerics_RaisesDiagnostics_GuNZL4JIw_h5tWr-PyzmqtRbqJhDR5bTXFZWhDl_s-Y#InfoAttribute.g.verified.cs
    - Received: TelemetrySourceGeneratorActivityTests.Generate_GivenInterfaceWithGenerics_RaisesDiagnostics_GuNZL4JIw_h5tWr-PyzmqtRbqJhDR5bTXFZWhDl_s-Y#InstrumentMeasurementAttribute.g.received.cs
      Verified: TelemetrySourceGeneratorActivityTests.Generate_GivenInterfaceWithGenerics_RaisesDiagnostics_GuNZL4JIw_h5tWr-PyzmqtRbqJhDR5bTXFZWhDl_s-Y#InstrumentMeasurementAttribute.g.verified.cs
    - Received: TelemetrySourceGeneratorActivityTests.Generate_GivenInterfaceWithGenerics_RaisesDiagnostics_GuNZL4JIw_h5tWr-PyzmqtRbqJhDR5bTXFZWhDl_s-Y#LogAttribute.g.received.cs
      Verified: TelemetrySourceGeneratorActivityTests.Generate_GivenInterfaceWithGenerics_RaisesDiagnostics_GuNZL4JIw_h5tWr-PyzmqtRbqJhDR5bTXFZWhDl_s-Y#LogAttribute.g.verified.cs
    - Received: TelemetrySourceGeneratorActivityTests.Generate_GivenInterfaceWithGenerics_RaisesDiagnostics_GuNZL4JIw_h5tWr-PyzmqtRbqJhDR5bTXFZWhDl_s-Y#LoggerAttribute.g.received.cs
      Verified: TelemetrySourceGeneratorActivityTests.Generate_GivenInterfaceWithGenerics_RaisesDiagnostics_GuNZL4JIw_h5tWr-PyzmqtRbqJhDR5bTXFZWhDl_s-Y#LoggerAttribute.g.verified.cs
    - Received: TelemetrySourceGeneratorActivityTests.Generate_GivenInterfaceWithGenerics_RaisesDiagnostics_GuNZL4JIw_h5tWr-PyzmqtRbqJhDR5bTXFZWhDl_s-Y#LoggerGenerationAttribute.g.received.cs
      Verified: TelemetrySourceGeneratorActivityTests.Generate_GivenInterfaceWithGenerics_RaisesDiagnostics_GuNZL4JIw_h5tWr-PyzmqtRbqJhDR5bTXFZWhDl_s-Y#LoggerGenerationAttribute.g.verified.cs
    - Received: TelemetrySourceGeneratorActivityTests.Generate_GivenInterfaceWithGenerics_RaisesDiagnostics_GuNZL4JIw_h5tWr-PyzmqtRbqJhDR5bTXFZWhDl_s-Y#LoggerGenerationMode.g.received.cs
      Verified: TelemetrySourceGeneratorActivityTests.Generate_GivenInterfaceWithGenerics_RaisesDiagnostics_GuNZL4JIw_h5tWr-PyzmqtRbqJhDR5bTXFZWhDl_s-Y#LoggerGenerationMode.g.verified.cs
    - Received: TelemetrySourceGeneratorActivityTests.Generate_GivenInterfaceWithGenerics_RaisesDiagnostics_GuNZL4JIw_h5tWr-PyzmqtRbqJhDR5bTXFZWhDl_s-Y#LogPrefixType.g.received.cs
      Verified: TelemetrySourceGeneratorActivityTests.Generate_GivenInterfaceWithGenerics_RaisesDiagnostics_GuNZL4JIw_h5tWr-PyzmqtRbqJhDR5bTXFZWhDl_s-Y#LogPrefixType.g.verified.cs
    - Received: TelemetrySourceGeneratorActivityTests.Generate_GivenInterfaceWithGenerics_RaisesDiagnostics_GuNZL4JIw_h5tWr-PyzmqtRbqJhDR5bTXFZWhDl_s-Y#MeterAttribute.g.received.cs
      Verified: TelemetrySourceGeneratorActivityTests.Generate_GivenInterfaceWithGenerics_RaisesDiagnostics_GuNZL4JIw_h5tWr-PyzmqtRbqJhDR5bTXFZWhDl_s-Y#MeterAttribute.g.verified.cs
    - Received: TelemetrySourceGeneratorActivityTests.Generate_GivenInterfaceWithGenerics_RaisesDiagnostics_GuNZL4JIw_h5tWr-PyzmqtRbqJhDR5bTXFZWhDl_s-Y#MeterGenerationAttribute.g.received.cs
      Verified: TelemetrySourceGeneratorActivityTests.Generate_GivenInterfaceWithGenerics_RaisesDiagnostics_GuNZL4JIw_h5tWr-PyzmqtRbqJhDR5bTXFZWhDl_s-Y#MeterGenerationAttribute.g.verified.cs
    - Received: TelemetrySourceGeneratorActivityTests.Generate_GivenInterfaceWithGenerics_RaisesDiagnostics_GuNZL4JIw_h5tWr-PyzmqtRbqJhDR5bTXFZWhDl_s-Y#MeterNameGenerationType.g.received.cs
      Verified: TelemetrySourceGeneratorActivityTests.Generate_GivenInterfaceWithGenerics_RaisesDiagnostics_GuNZL4JIw_h5tWr-PyzmqtRbqJhDR5bTXFZWhDl_s-Y#MeterNameGenerationType.g.verified.cs
    - Received: TelemetrySourceGeneratorActivityTests.Generate_GivenInterfaceWithGenerics_RaisesDiagnostics_GuNZL4JIw_h5tWr-PyzmqtRbqJhDR5bTXFZWhDl_s-Y#NamingConvention.g.received.cs
      Verified: TelemetrySourceGeneratorActivityTests.Generate_GivenInterfaceWithGenerics_RaisesDiagnostics_GuNZL4JIw_h5tWr-PyzmqtRbqJhDR5bTXFZWhDl_s-Y#NamingConvention.g.verified.cs
    - Received: TelemetrySourceGeneratorActivityTests.Generate_GivenInterfaceWithGenerics_RaisesDiagnostics_GuNZL4JIw_h5tWr-PyzmqtRbqJhDR5bTXFZWhDl_s-Y#ObservableCounterAttribute.g.received.cs
      Verified: TelemetrySourceGeneratorActivityTests.Generate_GivenInterfaceWithGenerics_RaisesDiagnostics_GuNZL4JIw_h5tWr-PyzmqtRbqJhDR5bTXFZWhDl_s-Y#ObservableCounterAttribute.g.verified.cs
    - Received: TelemetrySourceGeneratorActivityTests.Generate_GivenInterfaceWithGenerics_RaisesDiagnostics_GuNZL4JIw_h5tWr-PyzmqtRbqJhDR5bTXFZWhDl_s-Y#ObservableGaugeAttribute.g.received.cs
      Verified: TelemetrySourceGeneratorActivityTests.Generate_GivenInterfaceWithGenerics_RaisesDiagnostics_GuNZL4JIw_h5tWr-PyzmqtRbqJhDR5bTXFZWhDl_s-Y#ObservableGaugeAttribute.g.verified.cs
    - Received: TelemetrySourceGeneratorActivityTests.Generate_GivenInterfaceWithGenerics_RaisesDiagnostics_GuNZL4JIw_h5tWr-PyzmqtRbqJhDR5bTXFZWhDl_s-Y#ObservableUpDownCounterAttribute.g.received.cs
      Verified: TelemetrySourceGeneratorActivityTests.Generate_GivenInterfaceWithGenerics_RaisesDiagnostics_GuNZL4JIw_h5tWr-PyzmqtRbqJhDR5bTXFZWhDl_s-Y#ObservableUpDownCounterAttribute.g.verified.cs
    - Received: TelemetrySourceGeneratorActivityTests.Generate_GivenInterfaceWithGenerics_RaisesDiagnostics_GuNZL4JIw_h5tWr-PyzmqtRbqJhDR5bTXFZWhDl_s-Y#StatusDescriptionAttribute.g.received.cs
      Verified: TelemetrySourceGeneratorActivityTests.Generate_GivenInterfaceWithGenerics_RaisesDiagnostics_GuNZL4JIw_h5tWr-PyzmqtRbqJhDR5bTXFZWhDl_s-Y#StatusDescriptionAttribute.g.verified.cs
    - Received: TelemetrySourceGeneratorActivityTests.Generate_GivenInterfaceWithGenerics_RaisesDiagnostics_GuNZL4JIw_h5tWr-PyzmqtRbqJhDR5bTXFZWhDl_s-Y#TagAttribute.g.received.cs
      Verified: TelemetrySourceGeneratorActivityTests.Generate_GivenInterfaceWithGenerics_RaisesDiagnostics_GuNZL4JIw_h5tWr-PyzmqtRbqJhDR5bTXFZWhDl_s-Y#TagAttribute.g.verified.cs
    - Received: TelemetrySourceGeneratorActivityTests.Generate_GivenInterfaceWithGenerics_RaisesDiagnostics_GuNZL4JIw_h5tWr-PyzmqtRbqJhDR5bTXFZWhDl_s-Y#Targets.g.received.cs
      Verified: TelemetrySourceGeneratorActivityTests.Generate_GivenInterfaceWithGenerics_RaisesDiagnostics_GuNZL4JIw_h5tWr-PyzmqtRbqJhDR5bTXFZWhDl_s-Y#Targets.g.verified.cs
    - Received: TelemetrySourceGeneratorActivityTests.Generate_GivenInterfaceWithGenerics_RaisesDiagnostics_GuNZL4JIw_h5tWr-PyzmqtRbqJhDR5bTXFZWhDl_s-Y#TelemetryGenerationAttribute.g.received.cs
      Verified: TelemetrySourceGeneratorActivityTests.Generate_GivenInterfaceWithGenerics_RaisesDiagnostics_GuNZL4JIw_h5tWr-PyzmqtRbqJhDR5bTXFZWhDl_s-Y#TelemetryGenerationAttribute.g.verified.cs
    - Received: TelemetrySourceGeneratorActivityTests.Generate_GivenInterfaceWithGenerics_RaisesDiagnostics_GuNZL4JIw_h5tWr-PyzmqtRbqJhDR5bTXFZWhDl_s-Y#TraceAttribute.g.received.cs
      Verified: TelemetrySourceGeneratorActivityTests.Generate_GivenInterfaceWithGenerics_RaisesDiagnostics_GuNZL4JIw_h5tWr-PyzmqtRbqJhDR5bTXFZWhDl_s-Y#TraceAttribute.g.verified.cs
    - Received: TelemetrySourceGeneratorActivityTests.Generate_GivenInterfaceWithGenerics_RaisesDiagnostics_GuNZL4JIw_h5tWr-PyzmqtRbqJhDR5bTXFZWhDl_s-Y#UpDownCounterAttribute.g.received.cs
      Verified: TelemetrySourceGeneratorActivityTests.Generate_GivenInterfaceWithGenerics_RaisesDiagnostics_GuNZL4JIw_h5tWr-PyzmqtRbqJhDR5bTXFZWhDl_s-Y#UpDownCounterAttribute.g.verified.cs
    - Received: TelemetrySourceGeneratorActivityTests.Generate_GivenInterfaceWithGenerics_RaisesDiagnostics_GuNZL4JIw_h5tWr-PyzmqtRbqJhDR5bTXFZWhDl_s-Y#WarningAttribute.g.received.cs
      Verified: TelemetrySourceGeneratorActivityTests.Generate_GivenInterfaceWithGenerics_RaisesDiagnostics_GuNZL4JIw_h5tWr-PyzmqtRbqJhDR5bTXFZWhDl_s-Y#WarningAttribute.g.verified.cs
  
  Standard output
    DBG: --- Adding templates.
    DBG: Adding ActivitySourceGenerationAttribute as ActivitySourceGenerationAttribute.g.cs.
    DBG: Adding ActivitySourceAttribute as ActivitySourceAttribute.g.cs.
    DBG: Adding ActivityAttribute as ActivityAttribute.g.cs.
    DBG: Adding EventAttribute as EventAttribute.g.cs.
    DBG: Adding ContextAttribute as ContextAttribute.g.cs.
    DBG: Adding BaggageAttribute as BaggageAttribute.g.cs.
    DBG: Adding EscapeAttribute as EscapeAttribute.g.cs.
    DBG: Adding StatusDescriptionAttribute as StatusDescriptionAttribute.g.cs.
    DBG: Adding LoggerGenerationAttribute as LoggerGenerationAttribute.g.cs.
    DBG: Adding LoggerAttribute as LoggerAttribute.g.cs.
    DBG: Adding LogAttribute as LogAttribute.g.cs.
    DBG: Adding LogPrefixType as LogPrefixType.g.cs.
    DBG: Adding LoggerGenerationMode as LoggerGenerationMode.g.cs.
    DBG: Adding ExpandEnumerableAttribute as ExpandEnumerableAttribute.g.cs.
    DBG: Adding TraceAttribute as TraceAttribute.g.cs.
    DBG: Adding DebugAttribute as DebugAttribute.g.cs.
    DBG: Adding InfoAttribute as InfoAttribute.g.cs.
    DBG: Adding WarningAttribute as WarningAttribute.g.cs.
    DBG: Adding ErrorAttribute as ErrorAttribute.g.cs.
    DBG: Adding CriticalAttribute as CriticalAttribute.g.cs.
    DBG: Adding MeterGenerationAttribute as MeterGenerationAttribute.g.cs.
    DBG: Adding MeterAttribute as MeterAttribute.g.cs.
    DBG: Adding MeterNameGenerationType as MeterNameGenerationType.g.cs.
    DBG: Adding InstrumentMeasurementAttribute as InstrumentMeasurementAttribute.g.cs.
    DBG: Adding AutoCounterAttribute as AutoCounterAttribute.g.cs.
    DBG: Adding CounterAttribute as CounterAttribute.g.cs.
    DBG: Adding UpDownCounterAttribute as UpDownCounterAttribute.g.cs.
    DBG: Adding HistogramAttribute as HistogramAttribute.g.cs.
    DBG: Adding ObservableCounterAttribute as ObservableCounterAttribute.g.cs.
    DBG: Adding ObservableGaugeAttribute as ObservableGaugeAttribute.g.cs.
    DBG: Adding ObservableUpDownCounterAttribute as ObservableUpDownCounterAttribute.g.cs.
    DBG: Adding TagAttribute as TagAttribute.g.cs.
    DBG: Adding ExcludeAttribute as ExcludeAttribute.g.cs.
    DBG: Adding TelemetryGenerationAttribute as TelemetryGenerationAttribute.g.cs.
    DBG: Adding Targets as Targets.g.cs.
    DBG: Adding NamingConvention as NamingConvention.g.cs.
    DBG: Adding ExcludeTargetsAttribute as ExcludeTargetsAttribute.g.cs.
    DBG: --- Finished adding templates.
    DIA: Cannot generate a Activity target for a generic interface '[ActivitySource] public interface ITestActivities<T0, T1, T2, T3, T4> { [Activity] System.Diagnostics.Activity? Activity(); }'.
    DIA: Cannot generate a Activity target for a generic interface '[ActivitySource] public interface ITestActivities<T0, T1, T2, T3, T4> { [Activity] System.Diagnostics.Activity? Activity(); }'.
    
  Error output
failed Generate_GivenInterfaceWithGenerics_RaisesDiagnostics(1) (4s 416ms)
  [Test Failure] VerifyException: Directory: P:\GitHub\kjldev\purview-telemetry-sourcegenerator\src\Purview.Telemetry.SourceGenerator.IntegrationTests\Snapshots
Delete:
  - TelemetrySourceGeneratorActivityTests.Generate_GivenInterfaceWithGenerics_RaisesDiagnostics_CAqe1ChVnvYCZotMAPEU8aEcP2sCpDXwvcFUV45NfyI#Purview.Telemetry.SourceGenerator.TelemetryNames.g.verified.cs
  - TelemetrySourceGeneratorActivityTests.Generate_GivenInterfaceWithGenerics_RaisesDiagnostics_CAqe1ChVnvYCZotMAPEU8aEcP2sCpDXwvcFUV45NfyI.verified.txt
Equal:
  - Received: TelemetrySourceGeneratorActivityTests.Generate_GivenInterfaceWithGenerics_RaisesDiagnostics_CAqe1ChVnvYCZotMAPEU8aEcP2sCpDXwvcFUV45NfyI#ActivityAttribute.g.received.cs
    Verified: TelemetrySourceGeneratorActivityTests.Generate_GivenInterfaceWithGenerics_RaisesDiagnostics_CAqe1ChVnvYCZotMAPEU8aEcP2sCpDXwvcFUV45NfyI#ActivityAttribute.g.verified.cs
  - Received: TelemetrySourceGeneratorActivityTests.Generate_GivenInterfaceWithGenerics_RaisesDiagnostics_CAqe1ChVnvYCZotMAPEU8aEcP2sCpDXwvcFUV45NfyI#ActivitySourceAttribute.g.received.cs
    Verified: TelemetrySourceGeneratorActivityTests.Generate_GivenInterfaceWithGenerics_RaisesDiagnostics_CAqe1ChVnvYCZotMAPEU8aEcP2sCpDXwvcFUV45NfyI#ActivitySourceAttribute.g.verified.cs
  - Received: TelemetrySourceGeneratorActivityTests.Generate_GivenInterfaceWithGenerics_RaisesDiagnostics_CAqe1ChVnvYCZotMAPEU8aEcP2sCpDXwvcFUV45NfyI#ActivitySourceGenerationAttribute.g.received.cs
    Verified: TelemetrySourceGeneratorActivityTests.Generate_GivenInterfaceWithGenerics_RaisesDiagnostics_CAqe1ChVnvYCZotMAPEU8aEcP2sCpDXwvcFUV45NfyI#ActivitySourceGenerationAttribute.g.verified.cs
  - Received: TelemetrySourceGeneratorActivityTests.Generate_GivenInterfaceWithGenerics_RaisesDiagnostics_CAqe1ChVnvYCZotMAPEU8aEcP2sCpDXwvcFUV45NfyI#AutoCounterAttribute.g.received.cs
    Verified: TelemetrySourceGeneratorActivityTests.Generate_GivenInterfaceWithGenerics_RaisesDiagnostics_CAqe1ChVnvYCZotMAPEU8aEcP2sCpDXwvcFUV45NfyI#AutoCounterAttribute.g.verified.cs
  - Received: TelemetrySourceGeneratorActivityTests.Generate_GivenInterfaceWithGenerics_RaisesDiagnostics_CAqe1ChVnvYCZotMAPEU8aEcP2sCpDXwvcFUV45NfyI#BaggageAttribute.g.received.cs
    Verified: TelemetrySourceGeneratorActivityTests.Generate_GivenInterfaceWithGenerics_RaisesDiagnostics_CAqe1ChVnvYCZotMAPEU8aEcP2sCpDXwvcFUV45NfyI#BaggageAttribute.g.verified.cs
  - Received: TelemetrySourceGeneratorActivityTests.Generate_GivenInterfaceWithGenerics_RaisesDiagnostics_CAqe1ChVnvYCZotMAPEU8aEcP2sCpDXwvcFUV45NfyI#ContextAttribute.g.received.cs
    Verified: TelemetrySourceGeneratorActivityTests.Generate_GivenInterfaceWithGenerics_RaisesDiagnostics_CAqe1ChVnvYCZotMAPEU8aEcP2sCpDXwvcFUV45NfyI#ContextAttribute.g.verified.cs
  - Received: TelemetrySourceGeneratorActivityTests.Generate_GivenInterfaceWithGenerics_RaisesDiagnostics_CAqe1ChVnvYCZotMAPEU8aEcP2sCpDXwvcFUV45NfyI#CounterAttribute.g.received.cs
    Verified: TelemetrySourceGeneratorActivityTests.Generate_GivenInterfaceWithGenerics_RaisesDiagnostics_CAqe1ChVnvYCZotMAPEU8aEcP2sCpDXwvcFUV45NfyI#CounterAttribute.g.verified.cs
  - Received: TelemetrySourceGeneratorActivityTests.Generate_GivenInterfaceWithGenerics_RaisesDiagnostics_CAqe1ChVnvYCZotMAPEU8aEcP2sCpDXwvcFUV45NfyI#CriticalAttribute.g.received.cs
    Verified: TelemetrySourceGeneratorActivityTests.Generate_GivenInterfaceWithGenerics_RaisesDiagnostics_CAqe1ChVnvYCZotMAPEU8aEcP2sCpDXwvcFUV45NfyI#CriticalAttribute.g.verified.cs
  - Received: TelemetrySourceGeneratorActivityTests.Generate_GivenInterfaceWithGenerics_RaisesDiagnostics_CAqe1ChVnvYCZotMAPEU8aEcP2sCpDXwvcFUV45NfyI#DebugAttribute.g.received.cs
    Verified: TelemetrySourceGeneratorActivityTests.Generate_GivenInterfaceWithGenerics_RaisesDiagnostics_CAqe1ChVnvYCZotMAPEU8aEcP2sCpDXwvcFUV45NfyI#DebugAttribute.g.verified.cs
  - Received: TelemetrySourceGeneratorActivityTests.Generate_GivenInterfaceWithGenerics_RaisesDiagnostics_CAqe1ChVnvYCZotMAPEU8aEcP2sCpDXwvcFUV45NfyI#ErrorAttribute.g.received.cs
    Verified: TelemetrySourceGeneratorActivityTests.Generate_GivenInterfaceWithGenerics_RaisesDiagnostics_CAqe1ChVnvYCZotMAPEU8aEcP2sCpDXwvcFUV45NfyI#ErrorAttribute.g.verified.cs
  - Received: TelemetrySourceGeneratorActivityTests.Generate_GivenInterfaceWithGenerics_RaisesDiagnostics_CAqe1ChVnvYCZotMAPEU8aEcP2sCpDXwvcFUV45NfyI#EscapeAttribute.g.received.cs
    Verified: TelemetrySourceGeneratorActivityTests.Generate_GivenInterfaceWithGenerics_RaisesDiagnostics_CAqe1ChVnvYCZotMAPEU8aEcP2sCpDXwvcFUV45NfyI#EscapeAttribute.g.verified.cs
  - Received: TelemetrySourceGeneratorActivityTests.Generate_GivenInterfaceWithGenerics_RaisesDiagnostics_CAqe1ChVnvYCZotMAPEU8aEcP2sCpDXwvcFUV45NfyI#EventAttribute.g.received.cs
    Verified: TelemetrySourceGeneratorActivityTests.Generate_GivenInterfaceWithGenerics_RaisesDiagnostics_CAqe1ChVnvYCZotMAPEU8aEcP2sCpDXwvcFUV45NfyI#EventAttribute.g.verified.cs
  - Received: TelemetrySourceGeneratorActivityTests.Generate_GivenInterfaceWithGenerics_RaisesDiagnostics_CAqe1ChVnvYCZotMAPEU8aEcP2sCpDXwvcFUV45NfyI#ExcludeAttribute.g.received.cs
    Verified: TelemetrySourceGeneratorActivityTests.Generate_GivenInterfaceWithGenerics_RaisesDiagnostics_CAqe1ChVnvYCZotMAPEU8aEcP2sCpDXwvcFUV45NfyI#ExcludeAttribute.g.verified.cs
  - Received: TelemetrySourceGeneratorActivityTests.Generate_GivenInterfaceWithGenerics_RaisesDiagnostics_CAqe1ChVnvYCZotMAPEU8aEcP2sCpDXwvcFUV45NfyI#ExcludeTargetsAttribute.g.received.cs
    Verified: TelemetrySourceGeneratorActivityTests.Generate_GivenInterfaceWithGenerics_RaisesDiagnostics_CAqe1ChVnvYCZotMAPEU8aEcP2sCpDXwvcFUV45NfyI#ExcludeTargetsAttribute.g.verified.cs
  - Received: TelemetrySourceGeneratorActivityTests.Generate_GivenInterfaceWithGenerics_RaisesDiagnostics_CAqe1ChVnvYCZotMAPEU8aEcP2sCpDXwvcFUV45NfyI#ExpandEnumerableAttribute.g.received.cs
    Verified: TelemetrySourceGeneratorActivityTests.Generate_GivenInterfaceWithGenerics_RaisesDiagnostics_CAqe1ChVnvYCZotMAPEU8aEcP2sCpDXwvcFUV45NfyI#ExpandEnumerableAttribute.g.verified.cs
  - Received: TelemetrySourceGeneratorActivityTests.Generate_GivenInterfaceWithGenerics_RaisesDiagnostics_CAqe1ChVnvYCZotMAPEU8aEcP2sCpDXwvcFUV45NfyI#HistogramAttribute.g.received.cs
    Verified: TelemetrySourceGeneratorActivityTests.Generate_GivenInterfaceWithGenerics_RaisesDiagnostics_CAqe1ChVnvYCZotMAPEU8aEcP2sCpDXwvcFUV45NfyI#HistogramAttribute.g.verified.cs
  - Received: TelemetrySourceGeneratorActivityTests.Generate_GivenInterfaceWithGenerics_RaisesDiagnostics_CAqe1ChVnvYCZotMAPEU8aEcP2sCpDXwvcFUV45NfyI#InfoAttribute.g.received.cs
    Verified: TelemetrySourceGeneratorActivityTests.Generate_GivenInterfaceWithGenerics_RaisesDiagnostics_CAqe1ChVnvYCZotMAPEU8aEcP2sCpDXwvcFUV45NfyI#InfoAttribute.g.verified.cs
  - Received: TelemetrySourceGeneratorActivityTests.Generate_GivenInterfaceWithGenerics_RaisesDiagnostics_CAqe1ChVnvYCZotMAPEU8aEcP2sCpDXwvcFUV45NfyI#InstrumentMeasurementAttribute.g.received.cs
    Verified: TelemetrySourceGeneratorActivityTests.Generate_GivenInterfaceWithGenerics_RaisesDiagnostics_CAqe1ChVnvYCZotMAPEU8aEcP2sCpDXwvcFUV45NfyI#InstrumentMeasurementAttribute.g.verified.cs
  - Received: TelemetrySourceGeneratorActivityTests.Generate_GivenInterfaceWithGenerics_RaisesDiagnostics_CAqe1ChVnvYCZotMAPEU8aEcP2sCpDXwvcFUV45NfyI#LogAttribute.g.received.cs
    Verified: TelemetrySourceGeneratorActivityTests.Generate_GivenInterfaceWithGenerics_RaisesDiagnostics_CAqe1ChVnvYCZotMAPEU8aEcP2sCpDXwvcFUV45NfyI#LogAttribute.g.verified.cs
  - Received: TelemetrySourceGeneratorActivityTests.Generate_GivenInterfaceWithGenerics_RaisesDiagnostics_CAqe1ChVnvYCZotMAPEU8aEcP2sCpDXwvcFUV45NfyI#LoggerAttribute.g.received.cs
    Verified: TelemetrySourceGeneratorActivityTests.Generate_GivenInterfaceWithGenerics_RaisesDiagnostics_CAqe1ChVnvYCZotMAPEU8aEcP2sCpDXwvcFUV45NfyI#LoggerAttribute.g.verified.cs
  - Received: TelemetrySourceGeneratorActivityTests.Generate_GivenInterfaceWithGenerics_RaisesDiagnostics_CAqe1ChVnvYCZotMAPEU8aEcP2sCpDXwvcFUV45NfyI#LoggerGenerationAttribute.g.received.cs
    Verified: TelemetrySourceGeneratorActivityTests.Generate_GivenInterfaceWithGenerics_RaisesDiagnostics_CAqe1ChVnvYCZotMAPEU8aEcP2sCpDXwvcFUV45NfyI#LoggerGenerationAttribute.g.verified.cs
  - Received: TelemetrySourceGeneratorActivityTests.Generate_GivenInterfaceWithGenerics_RaisesDiagnostics_CAqe1ChVnvYCZotMAPEU8aEcP2sCpDXwvcFUV45NfyI#LoggerGenerationMode.g.received.cs
    Verified: TelemetrySourceGeneratorActivityTests.Generate_GivenInterfaceWithGenerics_RaisesDiagnostics_CAqe1ChVnvYCZotMAPEU8aEcP2sCpDXwvcFUV45NfyI#LoggerGenerationMode.g.verified.cs
  - Received: TelemetrySourceGeneratorActivityTests.Generate_GivenInterfaceWithGenerics_RaisesDiagnostics_CAqe1ChVnvYCZotMAPEU8aEcP2sCpDXwvcFUV45NfyI#LogPrefixType.g.received.cs
    Verified: TelemetrySourceGeneratorActivityTests.Generate_GivenInterfaceWithGenerics_RaisesDiagnostics_CAqe1ChVnvYCZotMAPEU8aEcP2sCpDXwvcFUV45NfyI#LogPrefixType.g.verified.cs
  - Received: TelemetrySourceGeneratorActivityTests.Generate_GivenInterfaceWithGenerics_RaisesDiagnostics_CAqe1ChVnvYCZotMAPEU8aEcP2sCpDXwvcFUV45NfyI#MeterAttribute.g.received.cs
    Verified: TelemetrySourceGeneratorActivityTests.Generate_GivenInterfaceWithGenerics_RaisesDiagnostics_CAqe1ChVnvYCZotMAPEU8aEcP2sCpDXwvcFUV45NfyI#MeterAttribute.g.verified.cs
  - Received: TelemetrySourceGeneratorActivityTests.Generate_GivenInterfaceWithGenerics_RaisesDiagnostics_CAqe1ChVnvYCZotMAPEU8aEcP2sCpDXwvcFUV45NfyI#MeterGenerationAttribute.g.received.cs
    Verified: TelemetrySourceGeneratorActivityTests.Generate_GivenInterfaceWithGenerics_RaisesDiagnostics_CAqe1ChVnvYCZotMAPEU8aEcP2sCpDXwvcFUV45NfyI#MeterGenerationAttribute.g.verified.cs
  - Received: TelemetrySourceGeneratorActivityTests.Generate_GivenInterfaceWithGenerics_RaisesDiagnostics_CAqe1ChVnvYCZotMAPEU8aEcP2sCpDXwvcFUV45NfyI#MeterNameGenerationType.g.received.cs
    Verified: TelemetrySourceGeneratorActivityTests.Generate_GivenInterfaceWithGenerics_RaisesDiagnostics_CAqe1ChVnvYCZotMAPEU8aEcP2sCpDXwvcFUV45NfyI#MeterNameGenerationType.g.verified.cs
  - Received: TelemetrySourceGeneratorActivityTests.Generate_GivenInterfaceWithGenerics_RaisesDiagnostics_CAqe1ChVnvYCZotMAPEU8aEcP2sCpDXwvcFUV45NfyI#NamingConvention.g.received.cs
    Verified: TelemetrySourceGeneratorActivityTests.Generate_GivenInterfaceWithGenerics_RaisesDiagnostics_CAqe1ChVnvYCZotMAPEU8aEcP2sCpDXwvcFUV45NfyI#NamingConvention.g.verified.cs
  - Received: TelemetrySourceGeneratorActivityTests.Generate_GivenInterfaceWithGenerics_RaisesDiagnostics_CAqe1ChVnvYCZotMAPEU8aEcP2sCpDXwvcFUV45NfyI#ObservableCounterAttribute.g.received.cs
    Verified: TelemetrySourceGeneratorActivityTests.Generate_GivenInterfaceWithGenerics_RaisesDiagnostics_CAqe1ChVnvYCZotMAPEU8aEcP2sCpDXwvcFUV45NfyI#ObservableCounterAttribute.g.verified.cs
  - Received: TelemetrySourceGeneratorActivityTests.Generate_GivenInterfaceWithGenerics_RaisesDiagnostics_CAqe1ChVnvYCZotMAPEU8aEcP2sCpDXwvcFUV45NfyI#ObservableGaugeAttribute.g.received.cs
    Verified: TelemetrySourceGeneratorActivityTests.Generate_GivenInterfaceWithGenerics_RaisesDiagnostics_CAqe1ChVnvYCZotMAPEU8aEcP2sCpDXwvcFUV45NfyI#ObservableGaugeAttribute.g.verified.cs
  - Received: TelemetrySourceGeneratorActivityTests.Generate_GivenInterfaceWithGenerics_RaisesDiagnostics_CAqe1ChVnvYCZotMAPEU8aEcP2sCpDXwvcFUV45NfyI#ObservableUpDownCounterAttribute.g.received.cs
    Verified: TelemetrySourceGeneratorActivityTests.Generate_GivenInterfaceWithGenerics_RaisesDiagnostics_CAqe1ChVnvYCZotMAPEU8aEcP2sCpDXwvcFUV45NfyI#ObservableUpDownCounterAttribute.g.verified.cs
  - Received: TelemetrySourceGeneratorActivityTests.Generate_GivenInterfaceWithGenerics_RaisesDiagnostics_CAqe1ChVnvYCZotMAPEU8aEcP2sCpDXwvcFUV45NfyI#StatusDescriptionAttribute.g.received.cs
    Verified: TelemetrySourceGeneratorActivityTests.Generate_GivenInterfaceWithGenerics_RaisesDiagnostics_CAqe1ChVnvYCZotMAPEU8aEcP2sCpDXwvcFUV45NfyI#StatusDescriptionAttribute.g.verified.cs
  - Received: TelemetrySourceGeneratorActivityTests.Generate_GivenInterfaceWithGenerics_RaisesDiagnostics_CAqe1ChVnvYCZotMAPEU8aEcP2sCpDXwvcFUV45NfyI#TagAttribute.g.received.cs
    Verified: TelemetrySourceGeneratorActivityTests.Generate_GivenInterfaceWithGenerics_RaisesDiagnostics_CAqe1ChVnvYCZotMAPEU8aEcP2sCpDXwvcFUV45NfyI#TagAttribute.g.verified.cs
  - Received: TelemetrySourceGeneratorActivityTests.Generate_GivenInterfaceWithGenerics_RaisesDiagnostics_CAqe1ChVnvYCZotMAPEU8aEcP2sCpDXwvcFUV45NfyI#Targets.g.received.cs
    Verified: TelemetrySourceGeneratorActivityTests.Generate_GivenInterfaceWithGenerics_RaisesDiagnostics_CAqe1ChVnvYCZotMAPEU8aEcP2sCpDXwvcFUV45NfyI#Targets.g.verified.cs
  - Received: TelemetrySourceGeneratorActivityTests.Generate_GivenInterfaceWithGenerics_RaisesDiagnostics_CAqe1ChVnvYCZotMAPEU8aEcP2sCpDXwvcFUV45NfyI#TelemetryGenerationAttribute.g.received.cs
    Verified: TelemetrySourceGeneratorActivityTests.Generate_GivenInterfaceWithGenerics_RaisesDiagnostics_CAqe1ChVnvYCZotMAPEU8aEcP2sCpDXwvcFUV45NfyI#TelemetryGenerationAttribute.g.verified.cs
  - Received: TelemetrySourceGeneratorActivityTests.Generate_GivenInterfaceWithGenerics_RaisesDiagnostics_CAqe1ChVnvYCZotMAPEU8aEcP2sCpDXwvcFUV45NfyI#TraceAttribute.g.received.cs
    Verified: TelemetrySourceGeneratorActivityTests.Generate_GivenInterfaceWithGenerics_RaisesDiagnostics_CAqe1ChVnvYCZotMAPEU8aEcP2sCpDXwvcFUV45NfyI#TraceAttribute.g.verified.cs
  - Received: TelemetrySourceGeneratorActivityTests.Generate_GivenInterfaceWithGenerics_RaisesDiagnostics_CAqe1ChVnvYCZotMAPEU8aEcP2sCpDXwvcFUV45NfyI#UpDownCounterAttribute.g.received.cs
    Verified: TelemetrySourceGeneratorActivityTests.Generate_GivenInterfaceWithGenerics_RaisesDiagnostics_CAqe1ChVnvYCZotMAPEU8aEcP2sCpDXwvcFUV45NfyI#UpDownCounterAttribute.g.verified.cs
  - Received: TelemetrySourceGeneratorActivityTests.Generate_GivenInterfaceWithGenerics_RaisesDiagnostics_CAqe1ChVnvYCZotMAPEU8aEcP2sCpDXwvcFUV45NfyI#WarningAttribute.g.received.cs
    Verified: TelemetrySourceGeneratorActivityTests.Generate_GivenInterfaceWithGenerics_RaisesDiagnostics_CAqe1ChVnvYCZotMAPEU8aEcP2sCpDXwvcFUV45NfyI#WarningAttribute.g.verified.cs

  from P:\GitHub\kjldev\purview-telemetry-sourcegenerator\src\Purview.Telemetry.SourceGenerator.IntegrationTests\bin\Release\net10.0\Purview.Telemetry.SourceGenerator.IntegrationTests.dll (net10.0|x64)
  TUnit.Engine.Exceptions.TestFailedException: [Test Failure] VerifyException: Directory: P:\GitHub\kjldev\purview-telemetry-sourcegenerator\src\Purview.Telemetry.SourceGenerator.IntegrationTests\Snapshots
  Delete:
    - TelemetrySourceGeneratorActivityTests.Generate_GivenInterfaceWithGenerics_RaisesDiagnostics_CAqe1ChVnvYCZotMAPEU8aEcP2sCpDXwvcFUV45NfyI#Purview.Telemetry.SourceGenerator.TelemetryNames.g.verified.cs
    - TelemetrySourceGeneratorActivityTests.Generate_GivenInterfaceWithGenerics_RaisesDiagnostics_CAqe1ChVnvYCZotMAPEU8aEcP2sCpDXwvcFUV45NfyI.verified.txt
  Equal:
    - Received: TelemetrySourceGeneratorActivityTests.Generate_GivenInterfaceWithGenerics_RaisesDiagnostics_CAqe1ChVnvYCZotMAPEU8aEcP2sCpDXwvcFUV45NfyI#ActivityAttribute.g.received.cs
      Verified: TelemetrySourceGeneratorActivityTests.Generate_GivenInterfaceWithGenerics_RaisesDiagnostics_CAqe1ChVnvYCZotMAPEU8aEcP2sCpDXwvcFUV45NfyI#ActivityAttribute.g.verified.cs
    - Received: TelemetrySourceGeneratorActivityTests.Generate_GivenInterfaceWithGenerics_RaisesDiagnostics_CAqe1ChVnvYCZotMAPEU8aEcP2sCpDXwvcFUV45NfyI#ActivitySourceAttribute.g.received.cs
      Verified: TelemetrySourceGeneratorActivityTests.Generate_GivenInterfaceWithGenerics_RaisesDiagnostics_CAqe1ChVnvYCZotMAPEU8aEcP2sCpDXwvcFUV45NfyI#ActivitySourceAttribute.g.verified.cs
    - Received: TelemetrySourceGeneratorActivityTests.Generate_GivenInterfaceWithGenerics_RaisesDiagnostics_CAqe1ChVnvYCZotMAPEU8aEcP2sCpDXwvcFUV45NfyI#ActivitySourceGenerationAttribute.g.received.cs
      Verified: TelemetrySourceGeneratorActivityTests.Generate_GivenInterfaceWithGenerics_RaisesDiagnostics_CAqe1ChVnvYCZotMAPEU8aEcP2sCpDXwvcFUV45NfyI#ActivitySourceGenerationAttribute.g.verified.cs
    - Received: TelemetrySourceGeneratorActivityTests.Generate_GivenInterfaceWithGenerics_RaisesDiagnostics_CAqe1ChVnvYCZotMAPEU8aEcP2sCpDXwvcFUV45NfyI#AutoCounterAttribute.g.received.cs
      Verified: TelemetrySourceGeneratorActivityTests.Generate_GivenInterfaceWithGenerics_RaisesDiagnostics_CAqe1ChVnvYCZotMAPEU8aEcP2sCpDXwvcFUV45NfyI#AutoCounterAttribute.g.verified.cs
    - Received: TelemetrySourceGeneratorActivityTests.Generate_GivenInterfaceWithGenerics_RaisesDiagnostics_CAqe1ChVnvYCZotMAPEU8aEcP2sCpDXwvcFUV45NfyI#BaggageAttribute.g.received.cs
      Verified: TelemetrySourceGeneratorActivityTests.Generate_GivenInterfaceWithGenerics_RaisesDiagnostics_CAqe1ChVnvYCZotMAPEU8aEcP2sCpDXwvcFUV45NfyI#BaggageAttribute.g.verified.cs
    - Received: TelemetrySourceGeneratorActivityTests.Generate_GivenInterfaceWithGenerics_RaisesDiagnostics_CAqe1ChVnvYCZotMAPEU8aEcP2sCpDXwvcFUV45NfyI#ContextAttribute.g.received.cs
      Verified: TelemetrySourceGeneratorActivityTests.Generate_GivenInterfaceWithGenerics_RaisesDiagnostics_CAqe1ChVnvYCZotMAPEU8aEcP2sCpDXwvcFUV45NfyI#ContextAttribute.g.verified.cs
    - Received: TelemetrySourceGeneratorActivityTests.Generate_GivenInterfaceWithGenerics_RaisesDiagnostics_CAqe1ChVnvYCZotMAPEU8aEcP2sCpDXwvcFUV45NfyI#CounterAttribute.g.received.cs
      Verified: TelemetrySourceGeneratorActivityTests.Generate_GivenInterfaceWithGenerics_RaisesDiagnostics_CAqe1ChVnvYCZotMAPEU8aEcP2sCpDXwvcFUV45NfyI#CounterAttribute.g.verified.cs
    - Received: TelemetrySourceGeneratorActivityTests.Generate_GivenInterfaceWithGenerics_RaisesDiagnostics_CAqe1ChVnvYCZotMAPEU8aEcP2sCpDXwvcFUV45NfyI#CriticalAttribute.g.received.cs
      Verified: TelemetrySourceGeneratorActivityTests.Generate_GivenInterfaceWithGenerics_RaisesDiagnostics_CAqe1ChVnvYCZotMAPEU8aEcP2sCpDXwvcFUV45NfyI#CriticalAttribute.g.verified.cs
    - Received: TelemetrySourceGeneratorActivityTests.Generate_GivenInterfaceWithGenerics_RaisesDiagnostics_CAqe1ChVnvYCZotMAPEU8aEcP2sCpDXwvcFUV45NfyI#DebugAttribute.g.received.cs
      Verified: TelemetrySourceGeneratorActivityTests.Generate_GivenInterfaceWithGenerics_RaisesDiagnostics_CAqe1ChVnvYCZotMAPEU8aEcP2sCpDXwvcFUV45NfyI#DebugAttribute.g.verified.cs
    - Received: TelemetrySourceGeneratorActivityTests.Generate_GivenInterfaceWithGenerics_RaisesDiagnostics_CAqe1ChVnvYCZotMAPEU8aEcP2sCpDXwvcFUV45NfyI#ErrorAttribute.g.received.cs
      Verified: TelemetrySourceGeneratorActivityTests.Generate_GivenInterfaceWithGenerics_RaisesDiagnostics_CAqe1ChVnvYCZotMAPEU8aEcP2sCpDXwvcFUV45NfyI#ErrorAttribute.g.verified.cs
    - Received: TelemetrySourceGeneratorActivityTests.Generate_GivenInterfaceWithGenerics_RaisesDiagnostics_CAqe1ChVnvYCZotMAPEU8aEcP2sCpDXwvcFUV45NfyI#EscapeAttribute.g.received.cs
      Verified: TelemetrySourceGeneratorActivityTests.Generate_GivenInterfaceWithGenerics_RaisesDiagnostics_CAqe1ChVnvYCZotMAPEU8aEcP2sCpDXwvcFUV45NfyI#EscapeAttribute.g.verified.cs
    - Received: TelemetrySourceGeneratorActivityTests.Generate_GivenInterfaceWithGenerics_RaisesDiagnostics_CAqe1ChVnvYCZotMAPEU8aEcP2sCpDXwvcFUV45NfyI#EventAttribute.g.received.cs
      Verified: TelemetrySourceGeneratorActivityTests.Generate_GivenInterfaceWithGenerics_RaisesDiagnostics_CAqe1ChVnvYCZotMAPEU8aEcP2sCpDXwvcFUV45NfyI#EventAttribute.g.verified.cs
    - Received: TelemetrySourceGeneratorActivityTests.Generate_GivenInterfaceWithGenerics_RaisesDiagnostics_CAqe1ChVnvYCZotMAPEU8aEcP2sCpDXwvcFUV45NfyI#ExcludeAttribute.g.received.cs
      Verified: TelemetrySourceGeneratorActivityTests.Generate_GivenInterfaceWithGenerics_RaisesDiagnostics_CAqe1ChVnvYCZotMAPEU8aEcP2sCpDXwvcFUV45NfyI#ExcludeAttribute.g.verified.cs
    - Received: TelemetrySourceGeneratorActivityTests.Generate_GivenInterfaceWithGenerics_RaisesDiagnostics_CAqe1ChVnvYCZotMAPEU8aEcP2sCpDXwvcFUV45NfyI#ExcludeTargetsAttribute.g.received.cs
      Verified: TelemetrySourceGeneratorActivityTests.Generate_GivenInterfaceWithGenerics_RaisesDiagnostics_CAqe1ChVnvYCZotMAPEU8aEcP2sCpDXwvcFUV45NfyI#ExcludeTargetsAttribute.g.verified.cs
    - Received: TelemetrySourceGeneratorActivityTests.Generate_GivenInterfaceWithGenerics_RaisesDiagnostics_CAqe1ChVnvYCZotMAPEU8aEcP2sCpDXwvcFUV45NfyI#ExpandEnumerableAttribute.g.received.cs
      Verified: TelemetrySourceGeneratorActivityTests.Generate_GivenInterfaceWithGenerics_RaisesDiagnostics_CAqe1ChVnvYCZotMAPEU8aEcP2sCpDXwvcFUV45NfyI#ExpandEnumerableAttribute.g.verified.cs
    - Received: TelemetrySourceGeneratorActivityTests.Generate_GivenInterfaceWithGenerics_RaisesDiagnostics_CAqe1ChVnvYCZotMAPEU8aEcP2sCpDXwvcFUV45NfyI#HistogramAttribute.g.received.cs
      Verified: TelemetrySourceGeneratorActivityTests.Generate_GivenInterfaceWithGenerics_RaisesDiagnostics_CAqe1ChVnvYCZotMAPEU8aEcP2sCpDXwvcFUV45NfyI#HistogramAttribute.g.verified.cs
    - Received: TelemetrySourceGeneratorActivityTests.Generate_GivenInterfaceWithGenerics_RaisesDiagnostics_CAqe1ChVnvYCZotMAPEU8aEcP2sCpDXwvcFUV45NfyI#InfoAttribute.g.received.cs
      Verified: TelemetrySourceGeneratorActivityTests.Generate_GivenInterfaceWithGenerics_RaisesDiagnostics_CAqe1ChVnvYCZotMAPEU8aEcP2sCpDXwvcFUV45NfyI#InfoAttribute.g.verified.cs
    - Received: TelemetrySourceGeneratorActivityTests.Generate_GivenInterfaceWithGenerics_RaisesDiagnostics_CAqe1ChVnvYCZotMAPEU8aEcP2sCpDXwvcFUV45NfyI#InstrumentMeasurementAttribute.g.received.cs
      Verified: TelemetrySourceGeneratorActivityTests.Generate_GivenInterfaceWithGenerics_RaisesDiagnostics_CAqe1ChVnvYCZotMAPEU8aEcP2sCpDXwvcFUV45NfyI#InstrumentMeasurementAttribute.g.verified.cs
    - Received: TelemetrySourceGeneratorActivityTests.Generate_GivenInterfaceWithGenerics_RaisesDiagnostics_CAqe1ChVnvYCZotMAPEU8aEcP2sCpDXwvcFUV45NfyI#LogAttribute.g.received.cs
      Verified: TelemetrySourceGeneratorActivityTests.Generate_GivenInterfaceWithGenerics_RaisesDiagnostics_CAqe1ChVnvYCZotMAPEU8aEcP2sCpDXwvcFUV45NfyI#LogAttribute.g.verified.cs
    - Received: TelemetrySourceGeneratorActivityTests.Generate_GivenInterfaceWithGenerics_RaisesDiagnostics_CAqe1ChVnvYCZotMAPEU8aEcP2sCpDXwvcFUV45NfyI#LoggerAttribute.g.received.cs
      Verified: TelemetrySourceGeneratorActivityTests.Generate_GivenInterfaceWithGenerics_RaisesDiagnostics_CAqe1ChVnvYCZotMAPEU8aEcP2sCpDXwvcFUV45NfyI#LoggerAttribute.g.verified.cs
    - Received: TelemetrySourceGeneratorActivityTests.Generate_GivenInterfaceWithGenerics_RaisesDiagnostics_CAqe1ChVnvYCZotMAPEU8aEcP2sCpDXwvcFUV45NfyI#LoggerGenerationAttribute.g.received.cs
      Verified: TelemetrySourceGeneratorActivityTests.Generate_GivenInterfaceWithGenerics_RaisesDiagnostics_CAqe1ChVnvYCZotMAPEU8aEcP2sCpDXwvcFUV45NfyI#LoggerGenerationAttribute.g.verified.cs
    - Received: TelemetrySourceGeneratorActivityTests.Generate_GivenInterfaceWithGenerics_RaisesDiagnostics_CAqe1ChVnvYCZotMAPEU8aEcP2sCpDXwvcFUV45NfyI#LoggerGenerationMode.g.received.cs
      Verified: TelemetrySourceGeneratorActivityTests.Generate_GivenInterfaceWithGenerics_RaisesDiagnostics_CAqe1ChVnvYCZotMAPEU8aEcP2sCpDXwvcFUV45NfyI#LoggerGenerationMode.g.verified.cs
    - Received: TelemetrySourceGeneratorActivityTests.Generate_GivenInterfaceWithGenerics_RaisesDiagnostics_CAqe1ChVnvYCZotMAPEU8aEcP2sCpDXwvcFUV45NfyI#LogPrefixType.g.received.cs
      Verified: TelemetrySourceGeneratorActivityTests.Generate_GivenInterfaceWithGenerics_RaisesDiagnostics_CAqe1ChVnvYCZotMAPEU8aEcP2sCpDXwvcFUV45NfyI#LogPrefixType.g.verified.cs
    - Received: TelemetrySourceGeneratorActivityTests.Generate_GivenInterfaceWithGenerics_RaisesDiagnostics_CAqe1ChVnvYCZotMAPEU8aEcP2sCpDXwvcFUV45NfyI#MeterAttribute.g.received.cs
      Verified: TelemetrySourceGeneratorActivityTests.Generate_GivenInterfaceWithGenerics_RaisesDiagnostics_CAqe1ChVnvYCZotMAPEU8aEcP2sCpDXwvcFUV45NfyI#MeterAttribute.g.verified.cs
    - Received: TelemetrySourceGeneratorActivityTests.Generate_GivenInterfaceWithGenerics_RaisesDiagnostics_CAqe1ChVnvYCZotMAPEU8aEcP2sCpDXwvcFUV45NfyI#MeterGenerationAttribute.g.received.cs
      Verified: TelemetrySourceGeneratorActivityTests.Generate_GivenInterfaceWithGenerics_RaisesDiagnostics_CAqe1ChVnvYCZotMAPEU8aEcP2sCpDXwvcFUV45NfyI#MeterGenerationAttribute.g.verified.cs
    - Received: TelemetrySourceGeneratorActivityTests.Generate_GivenInterfaceWithGenerics_RaisesDiagnostics_CAqe1ChVnvYCZotMAPEU8aEcP2sCpDXwvcFUV45NfyI#MeterNameGenerationType.g.received.cs
      Verified: TelemetrySourceGeneratorActivityTests.Generate_GivenInterfaceWithGenerics_RaisesDiagnostics_CAqe1ChVnvYCZotMAPEU8aEcP2sCpDXwvcFUV45NfyI#MeterNameGenerationType.g.verified.cs
    - Received: TelemetrySourceGeneratorActivityTests.Generate_GivenInterfaceWithGenerics_RaisesDiagnostics_CAqe1ChVnvYCZotMAPEU8aEcP2sCpDXwvcFUV45NfyI#NamingConvention.g.received.cs
      Verified: TelemetrySourceGeneratorActivityTests.Generate_GivenInterfaceWithGenerics_RaisesDiagnostics_CAqe1ChVnvYCZotMAPEU8aEcP2sCpDXwvcFUV45NfyI#NamingConvention.g.verified.cs
    - Received: TelemetrySourceGeneratorActivityTests.Generate_GivenInterfaceWithGenerics_RaisesDiagnostics_CAqe1ChVnvYCZotMAPEU8aEcP2sCpDXwvcFUV45NfyI#ObservableCounterAttribute.g.received.cs
      Verified: TelemetrySourceGeneratorActivityTests.Generate_GivenInterfaceWithGenerics_RaisesDiagnostics_CAqe1ChVnvYCZotMAPEU8aEcP2sCpDXwvcFUV45NfyI#ObservableCounterAttribute.g.verified.cs
    - Received: TelemetrySourceGeneratorActivityTests.Generate_GivenInterfaceWithGenerics_RaisesDiagnostics_CAqe1ChVnvYCZotMAPEU8aEcP2sCpDXwvcFUV45NfyI#ObservableGaugeAttribute.g.received.cs
      Verified: TelemetrySourceGeneratorActivityTests.Generate_GivenInterfaceWithGenerics_RaisesDiagnostics_CAqe1ChVnvYCZotMAPEU8aEcP2sCpDXwvcFUV45NfyI#ObservableGaugeAttribute.g.verified.cs
    - Received: TelemetrySourceGeneratorActivityTests.Generate_GivenInterfaceWithGenerics_RaisesDiagnostics_CAqe1ChVnvYCZotMAPEU8aEcP2sCpDXwvcFUV45NfyI#ObservableUpDownCounterAttribute.g.received.cs
      Verified: TelemetrySourceGeneratorActivityTests.Generate_GivenInterfaceWithGenerics_RaisesDiagnostics_CAqe1ChVnvYCZotMAPEU8aEcP2sCpDXwvcFUV45NfyI#ObservableUpDownCounterAttribute.g.verified.cs
    - Received: TelemetrySourceGeneratorActivityTests.Generate_GivenInterfaceWithGenerics_RaisesDiagnostics_CAqe1ChVnvYCZotMAPEU8aEcP2sCpDXwvcFUV45NfyI#StatusDescriptionAttribute.g.received.cs
      Verified: TelemetrySourceGeneratorActivityTests.Generate_GivenInterfaceWithGenerics_RaisesDiagnostics_CAqe1ChVnvYCZotMAPEU8aEcP2sCpDXwvcFUV45NfyI#StatusDescriptionAttribute.g.verified.cs
    - Received: TelemetrySourceGeneratorActivityTests.Generate_GivenInterfaceWithGenerics_RaisesDiagnostics_CAqe1ChVnvYCZotMAPEU8aEcP2sCpDXwvcFUV45NfyI#TagAttribute.g.received.cs
      Verified: TelemetrySourceGeneratorActivityTests.Generate_GivenInterfaceWithGenerics_RaisesDiagnostics_CAqe1ChVnvYCZotMAPEU8aEcP2sCpDXwvcFUV45NfyI#TagAttribute.g.verified.cs
    - Received: TelemetrySourceGeneratorActivityTests.Generate_GivenInterfaceWithGenerics_RaisesDiagnostics_CAqe1ChVnvYCZotMAPEU8aEcP2sCpDXwvcFUV45NfyI#Targets.g.received.cs
      Verified: TelemetrySourceGeneratorActivityTests.Generate_GivenInterfaceWithGenerics_RaisesDiagnostics_CAqe1ChVnvYCZotMAPEU8aEcP2sCpDXwvcFUV45NfyI#Targets.g.verified.cs
    - Received: TelemetrySourceGeneratorActivityTests.Generate_GivenInterfaceWithGenerics_RaisesDiagnostics_CAqe1ChVnvYCZotMAPEU8aEcP2sCpDXwvcFUV45NfyI#TelemetryGenerationAttribute.g.received.cs
      Verified: TelemetrySourceGeneratorActivityTests.Generate_GivenInterfaceWithGenerics_RaisesDiagnostics_CAqe1ChVnvYCZotMAPEU8aEcP2sCpDXwvcFUV45NfyI#TelemetryGenerationAttribute.g.verified.cs
    - Received: TelemetrySourceGeneratorActivityTests.Generate_GivenInterfaceWithGenerics_RaisesDiagnostics_CAqe1ChVnvYCZotMAPEU8aEcP2sCpDXwvcFUV45NfyI#TraceAttribute.g.received.cs
      Verified: TelemetrySourceGeneratorActivityTests.Generate_GivenInterfaceWithGenerics_RaisesDiagnostics_CAqe1ChVnvYCZotMAPEU8aEcP2sCpDXwvcFUV45NfyI#TraceAttribute.g.verified.cs
    - Received: TelemetrySourceGeneratorActivityTests.Generate_GivenInterfaceWithGenerics_RaisesDiagnostics_CAqe1ChVnvYCZotMAPEU8aEcP2sCpDXwvcFUV45NfyI#UpDownCounterAttribute.g.received.cs
      Verified: TelemetrySourceGeneratorActivityTests.Generate_GivenInterfaceWithGenerics_RaisesDiagnostics_CAqe1ChVnvYCZotMAPEU8aEcP2sCpDXwvcFUV45NfyI#UpDownCounterAttribute.g.verified.cs
    - Received: TelemetrySourceGeneratorActivityTests.Generate_GivenInterfaceWithGenerics_RaisesDiagnostics_CAqe1ChVnvYCZotMAPEU8aEcP2sCpDXwvcFUV45NfyI#WarningAttribute.g.received.cs
      Verified: TelemetrySourceGeneratorActivityTests.Generate_GivenInterfaceWithGenerics_RaisesDiagnostics_CAqe1ChVnvYCZotMAPEU8aEcP2sCpDXwvcFUV45NfyI#WarningAttribute.g.verified.cs
  
  Standard output
    DBG: --- Adding templates.
    DBG: Adding ActivitySourceGenerationAttribute as ActivitySourceGenerationAttribute.g.cs.
    DBG: Adding ActivitySourceAttribute as ActivitySourceAttribute.g.cs.
    DBG: Adding ActivityAttribute as ActivityAttribute.g.cs.
    DBG: Adding EventAttribute as EventAttribute.g.cs.
    DBG: Adding ContextAttribute as ContextAttribute.g.cs.
    DBG: Adding BaggageAttribute as BaggageAttribute.g.cs.
    DBG: Adding EscapeAttribute as EscapeAttribute.g.cs.
    DBG: Adding StatusDescriptionAttribute as StatusDescriptionAttribute.g.cs.
    DBG: Adding LoggerGenerationAttribute as LoggerGenerationAttribute.g.cs.
    DBG: Adding LoggerAttribute as LoggerAttribute.g.cs.
    DBG: Adding LogAttribute as LogAttribute.g.cs.
    DBG: Adding LogPrefixType as LogPrefixType.g.cs.
    DBG: Adding LoggerGenerationMode as LoggerGenerationMode.g.cs.
    DBG: Adding ExpandEnumerableAttribute as ExpandEnumerableAttribute.g.cs.
    DBG: Adding TraceAttribute as TraceAttribute.g.cs.
    DBG: Adding DebugAttribute as DebugAttribute.g.cs.
    DBG: Adding InfoAttribute as InfoAttribute.g.cs.
    DBG: Adding WarningAttribute as WarningAttribute.g.cs.
    DBG: Adding ErrorAttribute as ErrorAttribute.g.cs.
    DBG: Adding CriticalAttribute as CriticalAttribute.g.cs.
    DBG: Adding MeterGenerationAttribute as MeterGenerationAttribute.g.cs.
    DBG: Adding MeterAttribute as MeterAttribute.g.cs.
    DBG: Adding MeterNameGenerationType as MeterNameGenerationType.g.cs.
    DBG: Adding InstrumentMeasurementAttribute as InstrumentMeasurementAttribute.g.cs.
    DBG: Adding AutoCounterAttribute as AutoCounterAttribute.g.cs.
    DBG: Adding CounterAttribute as CounterAttribute.g.cs.
    DBG: Adding UpDownCounterAttribute as UpDownCounterAttribute.g.cs.
    DBG: Adding HistogramAttribute as HistogramAttribute.g.cs.
    DBG: Adding ObservableCounterAttribute as ObservableCounterAttribute.g.cs.
    DBG: Adding ObservableGaugeAttribute as ObservableGaugeAttribute.g.cs.
    DBG: Adding ObservableUpDownCounterAttribute as ObservableUpDownCounterAttribute.g.cs.
    DBG: Adding TagAttribute as TagAttribute.g.cs.
    DBG: Adding ExcludeAttribute as ExcludeAttribute.g.cs.
    DBG: Adding TelemetryGenerationAttribute as TelemetryGenerationAttribute.g.cs.
    DBG: Adding Targets as Targets.g.cs.
    DBG: Adding NamingConvention as NamingConvention.g.cs.
    DBG: Adding ExcludeTargetsAttribute as ExcludeTargetsAttribute.g.cs.
    DBG: --- Finished adding templates.
    DIA: Cannot generate a Activity target for a generic interface '[ActivitySource] public interface ITestActivities<T0> { [Activity] System.Diagnostics.Activity? Activity(); }'.
    DIA: Cannot generate a Activity target for a generic interface '[ActivitySource] public interface ITestActivities<T0> { [Activity] System.Diagnostics.Activity? Activity(); }'.
    
  Error output
failed Generate_GivenMethodWithGenerics_RaisesDiagnostics(2) (4s 465ms)
  [Test Failure] VerifyException: Directory: P:\GitHub\kjldev\purview-telemetry-sourcegenerator\src\Purview.Telemetry.SourceGenerator.IntegrationTests\Snapshots
Delete:
  - TelemetrySourceGeneratorActivityTests.Generate_GivenMethodWithGenerics_RaisesDiagnostics_A4lm3p9rmpAbILTGyosqRgCf7r4DG6vIQtQ2kMC8Iis.verified.txt
Equal:
  - Received: TelemetrySourceGeneratorActivityTests.Generate_GivenMethodWithGenerics_RaisesDiagnostics_A4lm3p9rmpAbILTGyosqRgCf7r4DG6vIQtQ2kMC8Iis#ActivityAttribute.g.received.cs
    Verified: TelemetrySourceGeneratorActivityTests.Generate_GivenMethodWithGenerics_RaisesDiagnostics_A4lm3p9rmpAbILTGyosqRgCf7r4DG6vIQtQ2kMC8Iis#ActivityAttribute.g.verified.cs
  - Received: TelemetrySourceGeneratorActivityTests.Generate_GivenMethodWithGenerics_RaisesDiagnostics_A4lm3p9rmpAbILTGyosqRgCf7r4DG6vIQtQ2kMC8Iis#ActivitySourceAttribute.g.received.cs
    Verified: TelemetrySourceGeneratorActivityTests.Generate_GivenMethodWithGenerics_RaisesDiagnostics_A4lm3p9rmpAbILTGyosqRgCf7r4DG6vIQtQ2kMC8Iis#ActivitySourceAttribute.g.verified.cs
  - Received: TelemetrySourceGeneratorActivityTests.Generate_GivenMethodWithGenerics_RaisesDiagnostics_A4lm3p9rmpAbILTGyosqRgCf7r4DG6vIQtQ2kMC8Iis#ActivitySourceGenerationAttribute.g.received.cs
    Verified: TelemetrySourceGeneratorActivityTests.Generate_GivenMethodWithGenerics_RaisesDiagnostics_A4lm3p9rmpAbILTGyosqRgCf7r4DG6vIQtQ2kMC8Iis#ActivitySourceGenerationAttribute.g.verified.cs
  - Received: TelemetrySourceGeneratorActivityTests.Generate_GivenMethodWithGenerics_RaisesDiagnostics_A4lm3p9rmpAbILTGyosqRgCf7r4DG6vIQtQ2kMC8Iis#AutoCounterAttribute.g.received.cs
    Verified: TelemetrySourceGeneratorActivityTests.Generate_GivenMethodWithGenerics_RaisesDiagnostics_A4lm3p9rmpAbILTGyosqRgCf7r4DG6vIQtQ2kMC8Iis#AutoCounterAttribute.g.verified.cs
  - Received: TelemetrySourceGeneratorActivityTests.Generate_GivenMethodWithGenerics_RaisesDiagnostics_A4lm3p9rmpAbILTGyosqRgCf7r4DG6vIQtQ2kMC8Iis#BaggageAttribute.g.received.cs
    Verified: TelemetrySourceGeneratorActivityTests.Generate_GivenMethodWithGenerics_RaisesDiagnostics_A4lm3p9rmpAbILTGyosqRgCf7r4DG6vIQtQ2kMC8Iis#BaggageAttribute.g.verified.cs
  - Received: TelemetrySourceGeneratorActivityTests.Generate_GivenMethodWithGenerics_RaisesDiagnostics_A4lm3p9rmpAbILTGyosqRgCf7r4DG6vIQtQ2kMC8Iis#ContextAttribute.g.received.cs
    Verified: TelemetrySourceGeneratorActivityTests.Generate_GivenMethodWithGenerics_RaisesDiagnostics_A4lm3p9rmpAbILTGyosqRgCf7r4DG6vIQtQ2kMC8Iis#ContextAttribute.g.verified.cs
  - Received: TelemetrySourceGeneratorActivityTests.Generate_GivenMethodWithGenerics_RaisesDiagnostics_A4lm3p9rmpAbILTGyosqRgCf7r4DG6vIQtQ2kMC8Iis#CounterAttribute.g.received.cs
    Verified: TelemetrySourceGeneratorActivityTests.Generate_GivenMethodWithGenerics_RaisesDiagnostics_A4lm3p9rmpAbILTGyosqRgCf7r4DG6vIQtQ2kMC8Iis#CounterAttribute.g.verified.cs
  - Received: TelemetrySourceGeneratorActivityTests.Generate_GivenMethodWithGenerics_RaisesDiagnostics_A4lm3p9rmpAbILTGyosqRgCf7r4DG6vIQtQ2kMC8Iis#CriticalAttribute.g.received.cs
    Verified: TelemetrySourceGeneratorActivityTests.Generate_GivenMethodWithGenerics_RaisesDiagnostics_A4lm3p9rmpAbILTGyosqRgCf7r4DG6vIQtQ2kMC8Iis#CriticalAttribute.g.verified.cs
  - Received: TelemetrySourceGeneratorActivityTests.Generate_GivenMethodWithGenerics_RaisesDiagnostics_A4lm3p9rmpAbILTGyosqRgCf7r4DG6vIQtQ2kMC8Iis#DebugAttribute.g.received.cs
    Verified: TelemetrySourceGeneratorActivityTests.Generate_GivenMethodWithGenerics_RaisesDiagnostics_A4lm3p9rmpAbILTGyosqRgCf7r4DG6vIQtQ2kMC8Iis#DebugAttribute.g.verified.cs
  - Received: TelemetrySourceGeneratorActivityTests.Generate_GivenMethodWithGenerics_RaisesDiagnostics_A4lm3p9rmpAbILTGyosqRgCf7r4DG6vIQtQ2kMC8Iis#ErrorAttribute.g.received.cs
    Verified: TelemetrySourceGeneratorActivityTests.Generate_GivenMethodWithGenerics_RaisesDiagnostics_A4lm3p9rmpAbILTGyosqRgCf7r4DG6vIQtQ2kMC8Iis#ErrorAttribute.g.verified.cs
  - Received: TelemetrySourceGeneratorActivityTests.Generate_GivenMethodWithGenerics_RaisesDiagnostics_A4lm3p9rmpAbILTGyosqRgCf7r4DG6vIQtQ2kMC8Iis#EscapeAttribute.g.received.cs
    Verified: TelemetrySourceGeneratorActivityTests.Generate_GivenMethodWithGenerics_RaisesDiagnostics_A4lm3p9rmpAbILTGyosqRgCf7r4DG6vIQtQ2kMC8Iis#EscapeAttribute.g.verified.cs
  - Received: TelemetrySourceGeneratorActivityTests.Generate_GivenMethodWithGenerics_RaisesDiagnostics_A4lm3p9rmpAbILTGyosqRgCf7r4DG6vIQtQ2kMC8Iis#EventAttribute.g.received.cs
    Verified: TelemetrySourceGeneratorActivityTests.Generate_GivenMethodWithGenerics_RaisesDiagnostics_A4lm3p9rmpAbILTGyosqRgCf7r4DG6vIQtQ2kMC8Iis#EventAttribute.g.verified.cs
  - Received: TelemetrySourceGeneratorActivityTests.Generate_GivenMethodWithGenerics_RaisesDiagnostics_A4lm3p9rmpAbILTGyosqRgCf7r4DG6vIQtQ2kMC8Iis#ExcludeAttribute.g.received.cs
    Verified: TelemetrySourceGeneratorActivityTests.Generate_GivenMethodWithGenerics_RaisesDiagnostics_A4lm3p9rmpAbILTGyosqRgCf7r4DG6vIQtQ2kMC8Iis#ExcludeAttribute.g.verified.cs
  - Received: TelemetrySourceGeneratorActivityTests.Generate_GivenMethodWithGenerics_RaisesDiagnostics_A4lm3p9rmpAbILTGyosqRgCf7r4DG6vIQtQ2kMC8Iis#ExcludeTargetsAttribute.g.received.cs
    Verified: TelemetrySourceGeneratorActivityTests.Generate_GivenMethodWithGenerics_RaisesDiagnostics_A4lm3p9rmpAbILTGyosqRgCf7r4DG6vIQtQ2kMC8Iis#ExcludeTargetsAttribute.g.verified.cs
  - Received: TelemetrySourceGeneratorActivityTests.Generate_GivenMethodWithGenerics_RaisesDiagnostics_A4lm3p9rmpAbILTGyosqRgCf7r4DG6vIQtQ2kMC8Iis#ExpandEnumerableAttribute.g.received.cs
    Verified: TelemetrySourceGeneratorActivityTests.Generate_GivenMethodWithGenerics_RaisesDiagnostics_A4lm3p9rmpAbILTGyosqRgCf7r4DG6vIQtQ2kMC8Iis#ExpandEnumerableAttribute.g.verified.cs
  - Received: TelemetrySourceGeneratorActivityTests.Generate_GivenMethodWithGenerics_RaisesDiagnostics_A4lm3p9rmpAbILTGyosqRgCf7r4DG6vIQtQ2kMC8Iis#HistogramAttribute.g.received.cs
    Verified: TelemetrySourceGeneratorActivityTests.Generate_GivenMethodWithGenerics_RaisesDiagnostics_A4lm3p9rmpAbILTGyosqRgCf7r4DG6vIQtQ2kMC8Iis#HistogramAttribute.g.verified.cs
  - Received: TelemetrySourceGeneratorActivityTests.Generate_GivenMethodWithGenerics_RaisesDiagnostics_A4lm3p9rmpAbILTGyosqRgCf7r4DG6vIQtQ2kMC8Iis#InfoAttribute.g.received.cs
    Verified: TelemetrySourceGeneratorActivityTests.Generate_GivenMethodWithGenerics_RaisesDiagnostics_A4lm3p9rmpAbILTGyosqRgCf7r4DG6vIQtQ2kMC8Iis#InfoAttribute.g.verified.cs
  - Received: TelemetrySourceGeneratorActivityTests.Generate_GivenMethodWithGenerics_RaisesDiagnostics_A4lm3p9rmpAbILTGyosqRgCf7r4DG6vIQtQ2kMC8Iis#InstrumentMeasurementAttribute.g.received.cs
    Verified: TelemetrySourceGeneratorActivityTests.Generate_GivenMethodWithGenerics_RaisesDiagnostics_A4lm3p9rmpAbILTGyosqRgCf7r4DG6vIQtQ2kMC8Iis#InstrumentMeasurementAttribute.g.verified.cs
  - Received: TelemetrySourceGeneratorActivityTests.Generate_GivenMethodWithGenerics_RaisesDiagnostics_A4lm3p9rmpAbILTGyosqRgCf7r4DG6vIQtQ2kMC8Iis#LogAttribute.g.received.cs
    Verified: TelemetrySourceGeneratorActivityTests.Generate_GivenMethodWithGenerics_RaisesDiagnostics_A4lm3p9rmpAbILTGyosqRgCf7r4DG6vIQtQ2kMC8Iis#LogAttribute.g.verified.cs
  - Received: TelemetrySourceGeneratorActivityTests.Generate_GivenMethodWithGenerics_RaisesDiagnostics_A4lm3p9rmpAbILTGyosqRgCf7r4DG6vIQtQ2kMC8Iis#LoggerAttribute.g.received.cs
    Verified: TelemetrySourceGeneratorActivityTests.Generate_GivenMethodWithGenerics_RaisesDiagnostics_A4lm3p9rmpAbILTGyosqRgCf7r4DG6vIQtQ2kMC8Iis#LoggerAttribute.g.verified.cs
  - Received: TelemetrySourceGeneratorActivityTests.Generate_GivenMethodWithGenerics_RaisesDiagnostics_A4lm3p9rmpAbILTGyosqRgCf7r4DG6vIQtQ2kMC8Iis#LoggerGenerationAttribute.g.received.cs
    Verified: TelemetrySourceGeneratorActivityTests.Generate_GivenMethodWithGenerics_RaisesDiagnostics_A4lm3p9rmpAbILTGyosqRgCf7r4DG6vIQtQ2kMC8Iis#LoggerGenerationAttribute.g.verified.cs
  - Received: TelemetrySourceGeneratorActivityTests.Generate_GivenMethodWithGenerics_RaisesDiagnostics_A4lm3p9rmpAbILTGyosqRgCf7r4DG6vIQtQ2kMC8Iis#LoggerGenerationMode.g.received.cs
    Verified: TelemetrySourceGeneratorActivityTests.Generate_GivenMethodWithGenerics_RaisesDiagnostics_A4lm3p9rmpAbILTGyosqRgCf7r4DG6vIQtQ2kMC8Iis#LoggerGenerationMode.g.verified.cs
  - Received: TelemetrySourceGeneratorActivityTests.Generate_GivenMethodWithGenerics_RaisesDiagnostics_A4lm3p9rmpAbILTGyosqRgCf7r4DG6vIQtQ2kMC8Iis#LogPrefixType.g.received.cs
    Verified: TelemetrySourceGeneratorActivityTests.Generate_GivenMethodWithGenerics_RaisesDiagnostics_A4lm3p9rmpAbILTGyosqRgCf7r4DG6vIQtQ2kMC8Iis#LogPrefixType.g.verified.cs
  - Received: TelemetrySourceGeneratorActivityTests.Generate_GivenMethodWithGenerics_RaisesDiagnostics_A4lm3p9rmpAbILTGyosqRgCf7r4DG6vIQtQ2kMC8Iis#MeterAttribute.g.received.cs
    Verified: TelemetrySourceGeneratorActivityTests.Generate_GivenMethodWithGenerics_RaisesDiagnostics_A4lm3p9rmpAbILTGyosqRgCf7r4DG6vIQtQ2kMC8Iis#MeterAttribute.g.verified.cs
  - Received: TelemetrySourceGeneratorActivityTests.Generate_GivenMethodWithGenerics_RaisesDiagnostics_A4lm3p9rmpAbILTGyosqRgCf7r4DG6vIQtQ2kMC8Iis#MeterGenerationAttribute.g.received.cs
    Verified: TelemetrySourceGeneratorActivityTests.Generate_GivenMethodWithGenerics_RaisesDiagnostics_A4lm3p9rmpAbILTGyosqRgCf7r4DG6vIQtQ2kMC8Iis#MeterGenerationAttribute.g.verified.cs
  - Received: TelemetrySourceGeneratorActivityTests.Generate_GivenMethodWithGenerics_RaisesDiagnostics_A4lm3p9rmpAbILTGyosqRgCf7r4DG6vIQtQ2kMC8Iis#MeterNameGenerationType.g.received.cs
    Verified: TelemetrySourceGeneratorActivityTests.Generate_GivenMethodWithGenerics_RaisesDiagnostics_A4lm3p9rmpAbILTGyosqRgCf7r4DG6vIQtQ2kMC8Iis#MeterNameGenerationType.g.verified.cs
  - Received: TelemetrySourceGeneratorActivityTests.Generate_GivenMethodWithGenerics_RaisesDiagnostics_A4lm3p9rmpAbILTGyosqRgCf7r4DG6vIQtQ2kMC8Iis#NamingConvention.g.received.cs
    Verified: TelemetrySourceGeneratorActivityTests.Generate_GivenMethodWithGenerics_RaisesDiagnostics_A4lm3p9rmpAbILTGyosqRgCf7r4DG6vIQtQ2kMC8Iis#NamingConvention.g.verified.cs
  - Received: TelemetrySourceGeneratorActivityTests.Generate_GivenMethodWithGenerics_RaisesDiagnostics_A4lm3p9rmpAbILTGyosqRgCf7r4DG6vIQtQ2kMC8Iis#ObservableCounterAttribute.g.received.cs
    Verified: TelemetrySourceGeneratorActivityTests.Generate_GivenMethodWithGenerics_RaisesDiagnostics_A4lm3p9rmpAbILTGyosqRgCf7r4DG6vIQtQ2kMC8Iis#ObservableCounterAttribute.g.verified.cs
  - Received: TelemetrySourceGeneratorActivityTests.Generate_GivenMethodWithGenerics_RaisesDiagnostics_A4lm3p9rmpAbILTGyosqRgCf7r4DG6vIQtQ2kMC8Iis#ObservableGaugeAttribute.g.received.cs
    Verified: TelemetrySourceGeneratorActivityTests.Generate_GivenMethodWithGenerics_RaisesDiagnostics_A4lm3p9rmpAbILTGyosqRgCf7r4DG6vIQtQ2kMC8Iis#ObservableGaugeAttribute.g.verified.cs
  - Received: TelemetrySourceGeneratorActivityTests.Generate_GivenMethodWithGenerics_RaisesDiagnostics_A4lm3p9rmpAbILTGyosqRgCf7r4DG6vIQtQ2kMC8Iis#ObservableUpDownCounterAttribute.g.received.cs
    Verified: TelemetrySourceGeneratorActivityTests.Generate_GivenMethodWithGenerics_RaisesDiagnostics_A4lm3p9rmpAbILTGyosqRgCf7r4DG6vIQtQ2kMC8Iis#ObservableUpDownCounterAttribute.g.verified.cs
  - Received: TelemetrySourceGeneratorActivityTests.Generate_GivenMethodWithGenerics_RaisesDiagnostics_A4lm3p9rmpAbILTGyosqRgCf7r4DG6vIQtQ2kMC8Iis#Purview.Telemetry.SourceGenerator.TelemetryNames.g.received.cs
    Verified: TelemetrySourceGeneratorActivityTests.Generate_GivenMethodWithGenerics_RaisesDiagnostics_A4lm3p9rmpAbILTGyosqRgCf7r4DG6vIQtQ2kMC8Iis#Purview.Telemetry.SourceGenerator.TelemetryNames.g.verified.cs
  - Received: TelemetrySourceGeneratorActivityTests.Generate_GivenMethodWithGenerics_RaisesDiagnostics_A4lm3p9rmpAbILTGyosqRgCf7r4DG6vIQtQ2kMC8Iis#StatusDescriptionAttribute.g.received.cs
    Verified: TelemetrySourceGeneratorActivityTests.Generate_GivenMethodWithGenerics_RaisesDiagnostics_A4lm3p9rmpAbILTGyosqRgCf7r4DG6vIQtQ2kMC8Iis#StatusDescriptionAttribute.g.verified.cs
  - Received: TelemetrySourceGeneratorActivityTests.Generate_GivenMethodWithGenerics_RaisesDiagnostics_A4lm3p9rmpAbILTGyosqRgCf7r4DG6vIQtQ2kMC8Iis#TagAttribute.g.received.cs
    Verified: TelemetrySourceGeneratorActivityTests.Generate_GivenMethodWithGenerics_RaisesDiagnostics_A4lm3p9rmpAbILTGyosqRgCf7r4DG6vIQtQ2kMC8Iis#TagAttribute.g.verified.cs
  - Received: TelemetrySourceGeneratorActivityTests.Generate_GivenMethodWithGenerics_RaisesDiagnostics_A4lm3p9rmpAbILTGyosqRgCf7r4DG6vIQtQ2kMC8Iis#Targets.g.received.cs
    Verified: TelemetrySourceGeneratorActivityTests.Generate_GivenMethodWithGenerics_RaisesDiagnostics_A4lm3p9rmpAbILTGyosqRgCf7r4DG6vIQtQ2kMC8Iis#Targets.g.verified.cs
  - Received: TelemetrySourceGeneratorActivityTests.Generate_GivenMethodWithGenerics_RaisesDiagnostics_A4lm3p9rmpAbILTGyosqRgCf7r4DG6vIQtQ2kMC8Iis#TelemetryGenerationAttribute.g.received.cs
    Verified: TelemetrySourceGeneratorActivityTests.Generate_GivenMethodWithGenerics_RaisesDiagnostics_A4lm3p9rmpAbILTGyosqRgCf7r4DG6vIQtQ2kMC8Iis#TelemetryGenerationAttribute.g.verified.cs
  - Received: TelemetrySourceGeneratorActivityTests.Generate_GivenMethodWithGenerics_RaisesDiagnostics_A4lm3p9rmpAbILTGyosqRgCf7r4DG6vIQtQ2kMC8Iis#Testing.TestActivitiesCore.Activity.g.received.cs
    Verified: TelemetrySourceGeneratorActivityTests.Generate_GivenMethodWithGenerics_RaisesDiagnostics_A4lm3p9rmpAbILTGyosqRgCf7r4DG6vIQtQ2kMC8Iis#Testing.TestActivitiesCore.Activity.g.verified.cs
  - Received: TelemetrySourceGeneratorActivityTests.Generate_GivenMethodWithGenerics_RaisesDiagnostics_A4lm3p9rmpAbILTGyosqRgCf7r4DG6vIQtQ2kMC8Iis#TraceAttribute.g.received.cs
    Verified: TelemetrySourceGeneratorActivityTests.Generate_GivenMethodWithGenerics_RaisesDiagnostics_A4lm3p9rmpAbILTGyosqRgCf7r4DG6vIQtQ2kMC8Iis#TraceAttribute.g.verified.cs
  - Received: TelemetrySourceGeneratorActivityTests.Generate_GivenMethodWithGenerics_RaisesDiagnostics_A4lm3p9rmpAbILTGyosqRgCf7r4DG6vIQtQ2kMC8Iis#UpDownCounterAttribute.g.received.cs
    Verified: TelemetrySourceGeneratorActivityTests.Generate_GivenMethodWithGenerics_RaisesDiagnostics_A4lm3p9rmpAbILTGyosqRgCf7r4DG6vIQtQ2kMC8Iis#UpDownCounterAttribute.g.verified.cs
  - Received: TelemetrySourceGeneratorActivityTests.Generate_GivenMethodWithGenerics_RaisesDiagnostics_A4lm3p9rmpAbILTGyosqRgCf7r4DG6vIQtQ2kMC8Iis#WarningAttribute.g.received.cs
    Verified: TelemetrySourceGeneratorActivityTests.Generate_GivenMethodWithGenerics_RaisesDiagnostics_A4lm3p9rmpAbILTGyosqRgCf7r4DG6vIQtQ2kMC8Iis#WarningAttribute.g.verified.cs

  from P:\GitHub\kjldev\purview-telemetry-sourcegenerator\src\Purview.Telemetry.SourceGenerator.IntegrationTests\bin\Release\net10.0\Purview.Telemetry.SourceGenerator.IntegrationTests.dll (net10.0|x64)
  TUnit.Engine.Exceptions.TestFailedException: [Test Failure] VerifyException: Directory: P:\GitHub\kjldev\purview-telemetry-sourcegenerator\src\Purview.Telemetry.SourceGenerator.IntegrationTests\Snapshots
  Delete:
    - TelemetrySourceGeneratorActivityTests.Generate_GivenMethodWithGenerics_RaisesDiagnostics_A4lm3p9rmpAbILTGyosqRgCf7r4DG6vIQtQ2kMC8Iis.verified.txt
  Equal:
    - Received: TelemetrySourceGeneratorActivityTests.Generate_GivenMethodWithGenerics_RaisesDiagnostics_A4lm3p9rmpAbILTGyosqRgCf7r4DG6vIQtQ2kMC8Iis#ActivityAttribute.g.received.cs
      Verified: TelemetrySourceGeneratorActivityTests.Generate_GivenMethodWithGenerics_RaisesDiagnostics_A4lm3p9rmpAbILTGyosqRgCf7r4DG6vIQtQ2kMC8Iis#ActivityAttribute.g.verified.cs
    - Received: TelemetrySourceGeneratorActivityTests.Generate_GivenMethodWithGenerics_RaisesDiagnostics_A4lm3p9rmpAbILTGyosqRgCf7r4DG6vIQtQ2kMC8Iis#ActivitySourceAttribute.g.received.cs
      Verified: TelemetrySourceGeneratorActivityTests.Generate_GivenMethodWithGenerics_RaisesDiagnostics_A4lm3p9rmpAbILTGyosqRgCf7r4DG6vIQtQ2kMC8Iis#ActivitySourceAttribute.g.verified.cs
    - Received: TelemetrySourceGeneratorActivityTests.Generate_GivenMethodWithGenerics_RaisesDiagnostics_A4lm3p9rmpAbILTGyosqRgCf7r4DG6vIQtQ2kMC8Iis#ActivitySourceGenerationAttribute.g.received.cs
      Verified: TelemetrySourceGeneratorActivityTests.Generate_GivenMethodWithGenerics_RaisesDiagnostics_A4lm3p9rmpAbILTGyosqRgCf7r4DG6vIQtQ2kMC8Iis#ActivitySourceGenerationAttribute.g.verified.cs
    - Received: TelemetrySourceGeneratorActivityTests.Generate_GivenMethodWithGenerics_RaisesDiagnostics_A4lm3p9rmpAbILTGyosqRgCf7r4DG6vIQtQ2kMC8Iis#AutoCounterAttribute.g.received.cs
      Verified: TelemetrySourceGeneratorActivityTests.Generate_GivenMethodWithGenerics_RaisesDiagnostics_A4lm3p9rmpAbILTGyosqRgCf7r4DG6vIQtQ2kMC8Iis#AutoCounterAttribute.g.verified.cs
    - Received: TelemetrySourceGeneratorActivityTests.Generate_GivenMethodWithGenerics_RaisesDiagnostics_A4lm3p9rmpAbILTGyosqRgCf7r4DG6vIQtQ2kMC8Iis#BaggageAttribute.g.received.cs
      Verified: TelemetrySourceGeneratorActivityTests.Generate_GivenMethodWithGenerics_RaisesDiagnostics_A4lm3p9rmpAbILTGyosqRgCf7r4DG6vIQtQ2kMC8Iis#BaggageAttribute.g.verified.cs
    - Received: TelemetrySourceGeneratorActivityTests.Generate_GivenMethodWithGenerics_RaisesDiagnostics_A4lm3p9rmpAbILTGyosqRgCf7r4DG6vIQtQ2kMC8Iis#ContextAttribute.g.received.cs
      Verified: TelemetrySourceGeneratorActivityTests.Generate_GivenMethodWithGenerics_RaisesDiagnostics_A4lm3p9rmpAbILTGyosqRgCf7r4DG6vIQtQ2kMC8Iis#ContextAttribute.g.verified.cs
    - Received: TelemetrySourceGeneratorActivityTests.Generate_GivenMethodWithGenerics_RaisesDiagnostics_A4lm3p9rmpAbILTGyosqRgCf7r4DG6vIQtQ2kMC8Iis#CounterAttribute.g.received.cs
      Verified: TelemetrySourceGeneratorActivityTests.Generate_GivenMethodWithGenerics_RaisesDiagnostics_A4lm3p9rmpAbILTGyosqRgCf7r4DG6vIQtQ2kMC8Iis#CounterAttribute.g.verified.cs
    - Received: TelemetrySourceGeneratorActivityTests.Generate_GivenMethodWithGenerics_RaisesDiagnostics_A4lm3p9rmpAbILTGyosqRgCf7r4DG6vIQtQ2kMC8Iis#CriticalAttribute.g.received.cs
      Verified: TelemetrySourceGeneratorActivityTests.Generate_GivenMethodWithGenerics_RaisesDiagnostics_A4lm3p9rmpAbILTGyosqRgCf7r4DG6vIQtQ2kMC8Iis#CriticalAttribute.g.verified.cs
    - Received: TelemetrySourceGeneratorActivityTests.Generate_GivenMethodWithGenerics_RaisesDiagnostics_A4lm3p9rmpAbILTGyosqRgCf7r4DG6vIQtQ2kMC8Iis#DebugAttribute.g.received.cs
      Verified: TelemetrySourceGeneratorActivityTests.Generate_GivenMethodWithGenerics_RaisesDiagnostics_A4lm3p9rmpAbILTGyosqRgCf7r4DG6vIQtQ2kMC8Iis#DebugAttribute.g.verified.cs
    - Received: TelemetrySourceGeneratorActivityTests.Generate_GivenMethodWithGenerics_RaisesDiagnostics_A4lm3p9rmpAbILTGyosqRgCf7r4DG6vIQtQ2kMC8Iis#ErrorAttribute.g.received.cs
      Verified: TelemetrySourceGeneratorActivityTests.Generate_GivenMethodWithGenerics_RaisesDiagnostics_A4lm3p9rmpAbILTGyosqRgCf7r4DG6vIQtQ2kMC8Iis#ErrorAttribute.g.verified.cs
    - Received: TelemetrySourceGeneratorActivityTests.Generate_GivenMethodWithGenerics_RaisesDiagnostics_A4lm3p9rmpAbILTGyosqRgCf7r4DG6vIQtQ2kMC8Iis#EscapeAttribute.g.received.cs
      Verified: TelemetrySourceGeneratorActivityTests.Generate_GivenMethodWithGenerics_RaisesDiagnostics_A4lm3p9rmpAbILTGyosqRgCf7r4DG6vIQtQ2kMC8Iis#EscapeAttribute.g.verified.cs
    - Received: TelemetrySourceGeneratorActivityTests.Generate_GivenMethodWithGenerics_RaisesDiagnostics_A4lm3p9rmpAbILTGyosqRgCf7r4DG6vIQtQ2kMC8Iis#EventAttribute.g.received.cs
      Verified: TelemetrySourceGeneratorActivityTests.Generate_GivenMethodWithGenerics_RaisesDiagnostics_A4lm3p9rmpAbILTGyosqRgCf7r4DG6vIQtQ2kMC8Iis#EventAttribute.g.verified.cs
    - Received: TelemetrySourceGeneratorActivityTests.Generate_GivenMethodWithGenerics_RaisesDiagnostics_A4lm3p9rmpAbILTGyosqRgCf7r4DG6vIQtQ2kMC8Iis#ExcludeAttribute.g.received.cs
      Verified: TelemetrySourceGeneratorActivityTests.Generate_GivenMethodWithGenerics_RaisesDiagnostics_A4lm3p9rmpAbILTGyosqRgCf7r4DG6vIQtQ2kMC8Iis#ExcludeAttribute.g.verified.cs
    - Received: TelemetrySourceGeneratorActivityTests.Generate_GivenMethodWithGenerics_RaisesDiagnostics_A4lm3p9rmpAbILTGyosqRgCf7r4DG6vIQtQ2kMC8Iis#ExcludeTargetsAttribute.g.received.cs
      Verified: TelemetrySourceGeneratorActivityTests.Generate_GivenMethodWithGenerics_RaisesDiagnostics_A4lm3p9rmpAbILTGyosqRgCf7r4DG6vIQtQ2kMC8Iis#ExcludeTargetsAttribute.g.verified.cs
    - Received: TelemetrySourceGeneratorActivityTests.Generate_GivenMethodWithGenerics_RaisesDiagnostics_A4lm3p9rmpAbILTGyosqRgCf7r4DG6vIQtQ2kMC8Iis#ExpandEnumerableAttribute.g.received.cs
      Verified: TelemetrySourceGeneratorActivityTests.Generate_GivenMethodWithGenerics_RaisesDiagnostics_A4lm3p9rmpAbILTGyosqRgCf7r4DG6vIQtQ2kMC8Iis#ExpandEnumerableAttribute.g.verified.cs
    - Received: TelemetrySourceGeneratorActivityTests.Generate_GivenMethodWithGenerics_RaisesDiagnostics_A4lm3p9rmpAbILTGyosqRgCf7r4DG6vIQtQ2kMC8Iis#HistogramAttribute.g.received.cs
      Verified: TelemetrySourceGeneratorActivityTests.Generate_GivenMethodWithGenerics_RaisesDiagnostics_A4lm3p9rmpAbILTGyosqRgCf7r4DG6vIQtQ2kMC8Iis#HistogramAttribute.g.verified.cs
    - Received: TelemetrySourceGeneratorActivityTests.Generate_GivenMethodWithGenerics_RaisesDiagnostics_A4lm3p9rmpAbILTGyosqRgCf7r4DG6vIQtQ2kMC8Iis#InfoAttribute.g.received.cs
      Verified: TelemetrySourceGeneratorActivityTests.Generate_GivenMethodWithGenerics_RaisesDiagnostics_A4lm3p9rmpAbILTGyosqRgCf7r4DG6vIQtQ2kMC8Iis#InfoAttribute.g.verified.cs
    - Received: TelemetrySourceGeneratorActivityTests.Generate_GivenMethodWithGenerics_RaisesDiagnostics_A4lm3p9rmpAbILTGyosqRgCf7r4DG6vIQtQ2kMC8Iis#InstrumentMeasurementAttribute.g.received.cs
      Verified: TelemetrySourceGeneratorActivityTests.Generate_GivenMethodWithGenerics_RaisesDiagnostics_A4lm3p9rmpAbILTGyosqRgCf7r4DG6vIQtQ2kMC8Iis#InstrumentMeasurementAttribute.g.verified.cs
    - Received: TelemetrySourceGeneratorActivityTests.Generate_GivenMethodWithGenerics_RaisesDiagnostics_A4lm3p9rmpAbILTGyosqRgCf7r4DG6vIQtQ2kMC8Iis#LogAttribute.g.received.cs
      Verified: TelemetrySourceGeneratorActivityTests.Generate_GivenMethodWithGenerics_RaisesDiagnostics_A4lm3p9rmpAbILTGyosqRgCf7r4DG6vIQtQ2kMC8Iis#LogAttribute.g.verified.cs
    - Received: TelemetrySourceGeneratorActivityTests.Generate_GivenMethodWithGenerics_RaisesDiagnostics_A4lm3p9rmpAbILTGyosqRgCf7r4DG6vIQtQ2kMC8Iis#LoggerAttribute.g.received.cs
      Verified: TelemetrySourceGeneratorActivityTests.Generate_GivenMethodWithGenerics_RaisesDiagnostics_A4lm3p9rmpAbILTGyosqRgCf7r4DG6vIQtQ2kMC8Iis#LoggerAttribute.g.verified.cs
    - Received: TelemetrySourceGeneratorActivityTests.Generate_GivenMethodWithGenerics_RaisesDiagnostics_A4lm3p9rmpAbILTGyosqRgCf7r4DG6vIQtQ2kMC8Iis#LoggerGenerationAttribute.g.received.cs
      Verified: TelemetrySourceGeneratorActivityTests.Generate_GivenMethodWithGenerics_RaisesDiagnostics_A4lm3p9rmpAbILTGyosqRgCf7r4DG6vIQtQ2kMC8Iis#LoggerGenerationAttribute.g.verified.cs
    - Received: TelemetrySourceGeneratorActivityTests.Generate_GivenMethodWithGenerics_RaisesDiagnostics_A4lm3p9rmpAbILTGyosqRgCf7r4DG6vIQtQ2kMC8Iis#LoggerGenerationMode.g.received.cs
      Verified: TelemetrySourceGeneratorActivityTests.Generate_GivenMethodWithGenerics_RaisesDiagnostics_A4lm3p9rmpAbILTGyosqRgCf7r4DG6vIQtQ2kMC8Iis#LoggerGenerationMode.g.verified.cs
    - Received: TelemetrySourceGeneratorActivityTests.Generate_GivenMethodWithGenerics_RaisesDiagnostics_A4lm3p9rmpAbILTGyosqRgCf7r4DG6vIQtQ2kMC8Iis#LogPrefixType.g.received.cs
      Verified: TelemetrySourceGeneratorActivityTests.Generate_GivenMethodWithGenerics_RaisesDiagnostics_A4lm3p9rmpAbILTGyosqRgCf7r4DG6vIQtQ2kMC8Iis#LogPrefixType.g.verified.cs
    - Received: TelemetrySourceGeneratorActivityTests.Generate_GivenMethodWithGenerics_RaisesDiagnostics_A4lm3p9rmpAbILTGyosqRgCf7r4DG6vIQtQ2kMC8Iis#MeterAttribute.g.received.cs
      Verified: TelemetrySourceGeneratorActivityTests.Generate_GivenMethodWithGenerics_RaisesDiagnostics_A4lm3p9rmpAbILTGyosqRgCf7r4DG6vIQtQ2kMC8Iis#MeterAttribute.g.verified.cs
    - Received: TelemetrySourceGeneratorActivityTests.Generate_GivenMethodWithGenerics_RaisesDiagnostics_A4lm3p9rmpAbILTGyosqRgCf7r4DG6vIQtQ2kMC8Iis#MeterGenerationAttribute.g.received.cs
      Verified: TelemetrySourceGeneratorActivityTests.Generate_GivenMethodWithGenerics_RaisesDiagnostics_A4lm3p9rmpAbILTGyosqRgCf7r4DG6vIQtQ2kMC8Iis#MeterGenerationAttribute.g.verified.cs
    - Received: TelemetrySourceGeneratorActivityTests.Generate_GivenMethodWithGenerics_RaisesDiagnostics_A4lm3p9rmpAbILTGyosqRgCf7r4DG6vIQtQ2kMC8Iis#MeterNameGenerationType.g.received.cs
      Verified: TelemetrySourceGeneratorActivityTests.Generate_GivenMethodWithGenerics_RaisesDiagnostics_A4lm3p9rmpAbILTGyosqRgCf7r4DG6vIQtQ2kMC8Iis#MeterNameGenerationType.g.verified.cs
    - Received: TelemetrySourceGeneratorActivityTests.Generate_GivenMethodWithGenerics_RaisesDiagnostics_A4lm3p9rmpAbILTGyosqRgCf7r4DG6vIQtQ2kMC8Iis#NamingConvention.g.received.cs
      Verified: TelemetrySourceGeneratorActivityTests.Generate_GivenMethodWithGenerics_RaisesDiagnostics_A4lm3p9rmpAbILTGyosqRgCf7r4DG6vIQtQ2kMC8Iis#NamingConvention.g.verified.cs
    - Received: TelemetrySourceGeneratorActivityTests.Generate_GivenMethodWithGenerics_RaisesDiagnostics_A4lm3p9rmpAbILTGyosqRgCf7r4DG6vIQtQ2kMC8Iis#ObservableCounterAttribute.g.received.cs
      Verified: TelemetrySourceGeneratorActivityTests.Generate_GivenMethodWithGenerics_RaisesDiagnostics_A4lm3p9rmpAbILTGyosqRgCf7r4DG6vIQtQ2kMC8Iis#ObservableCounterAttribute.g.verified.cs
    - Received: TelemetrySourceGeneratorActivityTests.Generate_GivenMethodWithGenerics_RaisesDiagnostics_A4lm3p9rmpAbILTGyosqRgCf7r4DG6vIQtQ2kMC8Iis#ObservableGaugeAttribute.g.received.cs
      Verified: TelemetrySourceGeneratorActivityTests.Generate_GivenMethodWithGenerics_RaisesDiagnostics_A4lm3p9rmpAbILTGyosqRgCf7r4DG6vIQtQ2kMC8Iis#ObservableGaugeAttribute.g.verified.cs
    - Received: TelemetrySourceGeneratorActivityTests.Generate_GivenMethodWithGenerics_RaisesDiagnostics_A4lm3p9rmpAbILTGyosqRgCf7r4DG6vIQtQ2kMC8Iis#ObservableUpDownCounterAttribute.g.received.cs
      Verified: TelemetrySourceGeneratorActivityTests.Generate_GivenMethodWithGenerics_RaisesDiagnostics_A4lm3p9rmpAbILTGyosqRgCf7r4DG6vIQtQ2kMC8Iis#ObservableUpDownCounterAttribute.g.verified.cs
    - Received: TelemetrySourceGeneratorActivityTests.Generate_GivenMethodWithGenerics_RaisesDiagnostics_A4lm3p9rmpAbILTGyosqRgCf7r4DG6vIQtQ2kMC8Iis#Purview.Telemetry.SourceGenerator.TelemetryNames.g.received.cs
      Verified: TelemetrySourceGeneratorActivityTests.Generate_GivenMethodWithGenerics_RaisesDiagnostics_A4lm3p9rmpAbILTGyosqRgCf7r4DG6vIQtQ2kMC8Iis#Purview.Telemetry.SourceGenerator.TelemetryNames.g.verified.cs
    - Received: TelemetrySourceGeneratorActivityTests.Generate_GivenMethodWithGenerics_RaisesDiagnostics_A4lm3p9rmpAbILTGyosqRgCf7r4DG6vIQtQ2kMC8Iis#StatusDescriptionAttribute.g.received.cs
      Verified: TelemetrySourceGeneratorActivityTests.Generate_GivenMethodWithGenerics_RaisesDiagnostics_A4lm3p9rmpAbILTGyosqRgCf7r4DG6vIQtQ2kMC8Iis#StatusDescriptionAttribute.g.verified.cs
    - Received: TelemetrySourceGeneratorActivityTests.Generate_GivenMethodWithGenerics_RaisesDiagnostics_A4lm3p9rmpAbILTGyosqRgCf7r4DG6vIQtQ2kMC8Iis#TagAttribute.g.received.cs
      Verified: TelemetrySourceGeneratorActivityTests.Generate_GivenMethodWithGenerics_RaisesDiagnostics_A4lm3p9rmpAbILTGyosqRgCf7r4DG6vIQtQ2kMC8Iis#TagAttribute.g.verified.cs
    - Received: TelemetrySourceGeneratorActivityTests.Generate_GivenMethodWithGenerics_RaisesDiagnostics_A4lm3p9rmpAbILTGyosqRgCf7r4DG6vIQtQ2kMC8Iis#Targets.g.received.cs
      Verified: TelemetrySourceGeneratorActivityTests.Generate_GivenMethodWithGenerics_RaisesDiagnostics_A4lm3p9rmpAbILTGyosqRgCf7r4DG6vIQtQ2kMC8Iis#Targets.g.verified.cs
    - Received: TelemetrySourceGeneratorActivityTests.Generate_GivenMethodWithGenerics_RaisesDiagnostics_A4lm3p9rmpAbILTGyosqRgCf7r4DG6vIQtQ2kMC8Iis#TelemetryGenerationAttribute.g.received.cs
      Verified: TelemetrySourceGeneratorActivityTests.Generate_GivenMethodWithGenerics_RaisesDiagnostics_A4lm3p9rmpAbILTGyosqRgCf7r4DG6vIQtQ2kMC8Iis#TelemetryGenerationAttribute.g.verified.cs
    - Received: TelemetrySourceGeneratorActivityTests.Generate_GivenMethodWithGenerics_RaisesDiagnostics_A4lm3p9rmpAbILTGyosqRgCf7r4DG6vIQtQ2kMC8Iis#Testing.TestActivitiesCore.Activity.g.received.cs
      Verified: TelemetrySourceGeneratorActivityTests.Generate_GivenMethodWithGenerics_RaisesDiagnostics_A4lm3p9rmpAbILTGyosqRgCf7r4DG6vIQtQ2kMC8Iis#Testing.TestActivitiesCore.Activity.g.verified.cs
    - Received: TelemetrySourceGeneratorActivityTests.Generate_GivenMethodWithGenerics_RaisesDiagnostics_A4lm3p9rmpAbILTGyosqRgCf7r4DG6vIQtQ2kMC8Iis#TraceAttribute.g.received.cs
      Verified: TelemetrySourceGeneratorActivityTests.Generate_GivenMethodWithGenerics_RaisesDiagnostics_A4lm3p9rmpAbILTGyosqRgCf7r4DG6vIQtQ2kMC8Iis#TraceAttribute.g.verified.cs
    - Received: TelemetrySourceGeneratorActivityTests.Generate_GivenMethodWithGenerics_RaisesDiagnostics_A4lm3p9rmpAbILTGyosqRgCf7r4DG6vIQtQ2kMC8Iis#UpDownCounterAttribute.g.received.cs
      Verified: TelemetrySourceGeneratorActivityTests.Generate_GivenMethodWithGenerics_RaisesDiagnostics_A4lm3p9rmpAbILTGyosqRgCf7r4DG6vIQtQ2kMC8Iis#UpDownCounterAttribute.g.verified.cs
    - Received: TelemetrySourceGeneratorActivityTests.Generate_GivenMethodWithGenerics_RaisesDiagnostics_A4lm3p9rmpAbILTGyosqRgCf7r4DG6vIQtQ2kMC8Iis#WarningAttribute.g.received.cs
      Verified: TelemetrySourceGeneratorActivityTests.Generate_GivenMethodWithGenerics_RaisesDiagnostics_A4lm3p9rmpAbILTGyosqRgCf7r4DG6vIQtQ2kMC8Iis#WarningAttribute.g.verified.cs
  
  Standard output
    DBG: --- Adding templates.
    DBG: Adding ActivitySourceGenerationAttribute as ActivitySourceGenerationAttribute.g.cs.
    DBG: Adding ActivitySourceAttribute as ActivitySourceAttribute.g.cs.
    DBG: Adding ActivityAttribute as ActivityAttribute.g.cs.
    DBG: Adding EventAttribute as EventAttribute.g.cs.
    DBG: Adding ContextAttribute as ContextAttribute.g.cs.
    DBG: Adding BaggageAttribute as BaggageAttribute.g.cs.
    DBG: Adding EscapeAttribute as EscapeAttribute.g.cs.
    DBG: Adding StatusDescriptionAttribute as StatusDescriptionAttribute.g.cs.
    DBG: Adding LoggerGenerationAttribute as LoggerGenerationAttribute.g.cs.
    DBG: Adding LoggerAttribute as LoggerAttribute.g.cs.
    DBG: Adding LogAttribute as LogAttribute.g.cs.
    DBG: Adding LogPrefixType as LogPrefixType.g.cs.
    DBG: Adding LoggerGenerationMode as LoggerGenerationMode.g.cs.
    DBG: Adding ExpandEnumerableAttribute as ExpandEnumerableAttribute.g.cs.
    DBG: Adding TraceAttribute as TraceAttribute.g.cs.
    DBG: Adding DebugAttribute as DebugAttribute.g.cs.
    DBG: Adding InfoAttribute as InfoAttribute.g.cs.
    DBG: Adding WarningAttribute as WarningAttribute.g.cs.
    DBG: Adding ErrorAttribute as ErrorAttribute.g.cs.
    DBG: Adding CriticalAttribute as CriticalAttribute.g.cs.
    DBG: Adding MeterGenerationAttribute as MeterGenerationAttribute.g.cs.
    DBG: Adding MeterAttribute as MeterAttribute.g.cs.
    DBG: Adding MeterNameGenerationType as MeterNameGenerationType.g.cs.
    DBG: Adding InstrumentMeasurementAttribute as InstrumentMeasurementAttribute.g.cs.
    DBG: Adding AutoCounterAttribute as AutoCounterAttribute.g.cs.
    DBG: Adding CounterAttribute as CounterAttribute.g.cs.
    DBG: Adding UpDownCounterAttribute as UpDownCounterAttribute.g.cs.
    DBG: Adding HistogramAttribute as HistogramAttribute.g.cs.
    DBG: Adding ObservableCounterAttribute as ObservableCounterAttribute.g.cs.
    DBG: Adding ObservableGaugeAttribute as ObservableGaugeAttribute.g.cs.
    DBG: Adding ObservableUpDownCounterAttribute as ObservableUpDownCounterAttribute.g.cs.
    DBG: Adding TagAttribute as TagAttribute.g.cs.
    DBG: Adding ExcludeAttribute as ExcludeAttribute.g.cs.
    DBG: Adding TelemetryGenerationAttribute as TelemetryGenerationAttribute.g.cs.
    DBG: Adding Targets as Targets.g.cs.
    DBG: Adding NamingConvention as NamingConvention.g.cs.
    DBG: Adding ExcludeTargetsAttribute as ExcludeTargetsAttribute.g.cs.
    DBG: --- Finished adding templates.
    DBG: Found attribute: Purview.Telemetry.ActivitySourceAttribute
    DBG: Found attribute: Purview.Telemetry.TelemetryGenerationAttribute(GenerateDependencyExtension = false)
    DBG: Activity generation target: Testing.TestActivitiesCore
    DBG: Generating activity class for: Testing.TestActivitiesCore
    DBG: Generating RecordExceptionInternal.
    DBG: Skipping dependency injection emit.
    DBG: Found attribute: Purview.Telemetry.ActivitySourceAttribute
    DBG: Found attribute: Purview.Telemetry.TelemetryGenerationAttribute(GenerateDependencyExtension = false)
    DBG: Generating Telemetry Names using class 'TelemetryNames'.
    
  Error output
failed Generate_GivenNonNullableActivityReturnType_RaisesDiagnostic (5s 066ms)
  [Test Failure] VerifyException: Directory: P:\GitHub\kjldev\purview-telemetry-sourcegenerator\src\Purview.Telemetry.SourceGenerator.IntegrationTests\Snapshots
Delete:
  - TelemetrySourceGeneratorActivityTests.Generate_GivenNonNullableActivityReturnType_RaisesDiagnostic.verified.txt
Equal:
  - Received: TelemetrySourceGeneratorActivityTests.Generate_GivenNonNullableActivityReturnType_RaisesDiagnostic#ActivityAttribute.g.received.cs
    Verified: TelemetrySourceGeneratorActivityTests.Generate_GivenNonNullableActivityReturnType_RaisesDiagnostic#ActivityAttribute.g.verified.cs
  - Received: TelemetrySourceGeneratorActivityTests.Generate_GivenNonNullableActivityReturnType_RaisesDiagnostic#ActivitySourceAttribute.g.received.cs
    Verified: TelemetrySourceGeneratorActivityTests.Generate_GivenNonNullableActivityReturnType_RaisesDiagnostic#ActivitySourceAttribute.g.verified.cs
  - Received: TelemetrySourceGeneratorActivityTests.Generate_GivenNonNullableActivityReturnType_RaisesDiagnostic#ActivitySourceGenerationAttribute.g.received.cs
    Verified: TelemetrySourceGeneratorActivityTests.Generate_GivenNonNullableActivityReturnType_RaisesDiagnostic#ActivitySourceGenerationAttribute.g.verified.cs
  - Received: TelemetrySourceGeneratorActivityTests.Generate_GivenNonNullableActivityReturnType_RaisesDiagnostic#AutoCounterAttribute.g.received.cs
    Verified: TelemetrySourceGeneratorActivityTests.Generate_GivenNonNullableActivityReturnType_RaisesDiagnostic#AutoCounterAttribute.g.verified.cs
  - Received: TelemetrySourceGeneratorActivityTests.Generate_GivenNonNullableActivityReturnType_RaisesDiagnostic#BaggageAttribute.g.received.cs
    Verified: TelemetrySourceGeneratorActivityTests.Generate_GivenNonNullableActivityReturnType_RaisesDiagnostic#BaggageAttribute.g.verified.cs
  - Received: TelemetrySourceGeneratorActivityTests.Generate_GivenNonNullableActivityReturnType_RaisesDiagnostic#ContextAttribute.g.received.cs
    Verified: TelemetrySourceGeneratorActivityTests.Generate_GivenNonNullableActivityReturnType_RaisesDiagnostic#ContextAttribute.g.verified.cs
  - Received: TelemetrySourceGeneratorActivityTests.Generate_GivenNonNullableActivityReturnType_RaisesDiagnostic#CounterAttribute.g.received.cs
    Verified: TelemetrySourceGeneratorActivityTests.Generate_GivenNonNullableActivityReturnType_RaisesDiagnostic#CounterAttribute.g.verified.cs
  - Received: TelemetrySourceGeneratorActivityTests.Generate_GivenNonNullableActivityReturnType_RaisesDiagnostic#CriticalAttribute.g.received.cs
    Verified: TelemetrySourceGeneratorActivityTests.Generate_GivenNonNullableActivityReturnType_RaisesDiagnostic#CriticalAttribute.g.verified.cs
  - Received: TelemetrySourceGeneratorActivityTests.Generate_GivenNonNullableActivityReturnType_RaisesDiagnostic#DebugAttribute.g.received.cs
    Verified: TelemetrySourceGeneratorActivityTests.Generate_GivenNonNullableActivityReturnType_RaisesDiagnostic#DebugAttribute.g.verified.cs
  - Received: TelemetrySourceGeneratorActivityTests.Generate_GivenNonNullableActivityReturnType_RaisesDiagnostic#ErrorAttribute.g.received.cs
    Verified: TelemetrySourceGeneratorActivityTests.Generate_GivenNonNullableActivityReturnType_RaisesDiagnostic#ErrorAttribute.g.verified.cs
  - Received: TelemetrySourceGeneratorActivityTests.Generate_GivenNonNullableActivityReturnType_RaisesDiagnostic#EscapeAttribute.g.received.cs
    Verified: TelemetrySourceGeneratorActivityTests.Generate_GivenNonNullableActivityReturnType_RaisesDiagnostic#EscapeAttribute.g.verified.cs
  - Received: TelemetrySourceGeneratorActivityTests.Generate_GivenNonNullableActivityReturnType_RaisesDiagnostic#EventAttribute.g.received.cs
    Verified: TelemetrySourceGeneratorActivityTests.Generate_GivenNonNullableActivityReturnType_RaisesDiagnostic#EventAttribute.g.verified.cs
  - Received: TelemetrySourceGeneratorActivityTests.Generate_GivenNonNullableActivityReturnType_RaisesDiagnostic#ExcludeAttribute.g.received.cs
    Verified: TelemetrySourceGeneratorActivityTests.Generate_GivenNonNullableActivityReturnType_RaisesDiagnostic#ExcludeAttribute.g.verified.cs
  - Received: TelemetrySourceGeneratorActivityTests.Generate_GivenNonNullableActivityReturnType_RaisesDiagnostic#ExcludeTargetsAttribute.g.received.cs
    Verified: TelemetrySourceGeneratorActivityTests.Generate_GivenNonNullableActivityReturnType_RaisesDiagnostic#ExcludeTargetsAttribute.g.verified.cs
  - Received: TelemetrySourceGeneratorActivityTests.Generate_GivenNonNullableActivityReturnType_RaisesDiagnostic#ExpandEnumerableAttribute.g.received.cs
    Verified: TelemetrySourceGeneratorActivityTests.Generate_GivenNonNullableActivityReturnType_RaisesDiagnostic#ExpandEnumerableAttribute.g.verified.cs
  - Received: TelemetrySourceGeneratorActivityTests.Generate_GivenNonNullableActivityReturnType_RaisesDiagnostic#HistogramAttribute.g.received.cs
    Verified: TelemetrySourceGeneratorActivityTests.Generate_GivenNonNullableActivityReturnType_RaisesDiagnostic#HistogramAttribute.g.verified.cs
  - Received: TelemetrySourceGeneratorActivityTests.Generate_GivenNonNullableActivityReturnType_RaisesDiagnostic#InfoAttribute.g.received.cs
    Verified: TelemetrySourceGeneratorActivityTests.Generate_GivenNonNullableActivityReturnType_RaisesDiagnostic#InfoAttribute.g.verified.cs
  - Received: TelemetrySourceGeneratorActivityTests.Generate_GivenNonNullableActivityReturnType_RaisesDiagnostic#InstrumentMeasurementAttribute.g.received.cs
    Verified: TelemetrySourceGeneratorActivityTests.Generate_GivenNonNullableActivityReturnType_RaisesDiagnostic#InstrumentMeasurementAttribute.g.verified.cs
  - Received: TelemetrySourceGeneratorActivityTests.Generate_GivenNonNullableActivityReturnType_RaisesDiagnostic#LogAttribute.g.received.cs
    Verified: TelemetrySourceGeneratorActivityTests.Generate_GivenNonNullableActivityReturnType_RaisesDiagnostic#LogAttribute.g.verified.cs
  - Received: TelemetrySourceGeneratorActivityTests.Generate_GivenNonNullableActivityReturnType_RaisesDiagnostic#LoggerAttribute.g.received.cs
    Verified: TelemetrySourceGeneratorActivityTests.Generate_GivenNonNullableActivityReturnType_RaisesDiagnostic#LoggerAttribute.g.verified.cs
  - Received: TelemetrySourceGeneratorActivityTests.Generate_GivenNonNullableActivityReturnType_RaisesDiagnostic#LoggerGenerationAttribute.g.received.cs
    Verified: TelemetrySourceGeneratorActivityTests.Generate_GivenNonNullableActivityReturnType_RaisesDiagnostic#LoggerGenerationAttribute.g.verified.cs
  - Received: TelemetrySourceGeneratorActivityTests.Generate_GivenNonNullableActivityReturnType_RaisesDiagnostic#LoggerGenerationMode.g.received.cs
    Verified: TelemetrySourceGeneratorActivityTests.Generate_GivenNonNullableActivityReturnType_RaisesDiagnostic#LoggerGenerationMode.g.verified.cs
  - Received: TelemetrySourceGeneratorActivityTests.Generate_GivenNonNullableActivityReturnType_RaisesDiagnostic#LogPrefixType.g.received.cs
    Verified: TelemetrySourceGeneratorActivityTests.Generate_GivenNonNullableActivityReturnType_RaisesDiagnostic#LogPrefixType.g.verified.cs
  - Received: TelemetrySourceGeneratorActivityTests.Generate_GivenNonNullableActivityReturnType_RaisesDiagnostic#MeterAttribute.g.received.cs
    Verified: TelemetrySourceGeneratorActivityTests.Generate_GivenNonNullableActivityReturnType_RaisesDiagnostic#MeterAttribute.g.verified.cs
  - Received: TelemetrySourceGeneratorActivityTests.Generate_GivenNonNullableActivityReturnType_RaisesDiagnostic#MeterGenerationAttribute.g.received.cs
    Verified: TelemetrySourceGeneratorActivityTests.Generate_GivenNonNullableActivityReturnType_RaisesDiagnostic#MeterGenerationAttribute.g.verified.cs
  - Received: TelemetrySourceGeneratorActivityTests.Generate_GivenNonNullableActivityReturnType_RaisesDiagnostic#MeterNameGenerationType.g.received.cs
    Verified: TelemetrySourceGeneratorActivityTests.Generate_GivenNonNullableActivityReturnType_RaisesDiagnostic#MeterNameGenerationType.g.verified.cs
  - Received: TelemetrySourceGeneratorActivityTests.Generate_GivenNonNullableActivityReturnType_RaisesDiagnostic#NamingConvention.g.received.cs
    Verified: TelemetrySourceGeneratorActivityTests.Generate_GivenNonNullableActivityReturnType_RaisesDiagnostic#NamingConvention.g.verified.cs
  - Received: TelemetrySourceGeneratorActivityTests.Generate_GivenNonNullableActivityReturnType_RaisesDiagnostic#ObservableCounterAttribute.g.received.cs
    Verified: TelemetrySourceGeneratorActivityTests.Generate_GivenNonNullableActivityReturnType_RaisesDiagnostic#ObservableCounterAttribute.g.verified.cs
  - Received: TelemetrySourceGeneratorActivityTests.Generate_GivenNonNullableActivityReturnType_RaisesDiagnostic#ObservableGaugeAttribute.g.received.cs
    Verified: TelemetrySourceGeneratorActivityTests.Generate_GivenNonNullableActivityReturnType_RaisesDiagnostic#ObservableGaugeAttribute.g.verified.cs
  - Received: TelemetrySourceGeneratorActivityTests.Generate_GivenNonNullableActivityReturnType_RaisesDiagnostic#ObservableUpDownCounterAttribute.g.received.cs
    Verified: TelemetrySourceGeneratorActivityTests.Generate_GivenNonNullableActivityReturnType_RaisesDiagnostic#ObservableUpDownCounterAttribute.g.verified.cs
  - Received: TelemetrySourceGeneratorActivityTests.Generate_GivenNonNullableActivityReturnType_RaisesDiagnostic#Purview.Telemetry.SourceGenerator.TelemetryNames.g.received.cs
    Verified: TelemetrySourceGeneratorActivityTests.Generate_GivenNonNullableActivityReturnType_RaisesDiagnostic#Purview.Telemetry.SourceGenerator.TelemetryNames.g.verified.cs
  - Received: TelemetrySourceGeneratorActivityTests.Generate_GivenNonNullableActivityReturnType_RaisesDiagnostic#StatusDescriptionAttribute.g.received.cs
    Verified: TelemetrySourceGeneratorActivityTests.Generate_GivenNonNullableActivityReturnType_RaisesDiagnostic#StatusDescriptionAttribute.g.verified.cs
  - Received: TelemetrySourceGeneratorActivityTests.Generate_GivenNonNullableActivityReturnType_RaisesDiagnostic#TagAttribute.g.received.cs
    Verified: TelemetrySourceGeneratorActivityTests.Generate_GivenNonNullableActivityReturnType_RaisesDiagnostic#TagAttribute.g.verified.cs
  - Received: TelemetrySourceGeneratorActivityTests.Generate_GivenNonNullableActivityReturnType_RaisesDiagnostic#Targets.g.received.cs
    Verified: TelemetrySourceGeneratorActivityTests.Generate_GivenNonNullableActivityReturnType_RaisesDiagnostic#Targets.g.verified.cs
  - Received: TelemetrySourceGeneratorActivityTests.Generate_GivenNonNullableActivityReturnType_RaisesDiagnostic#TelemetryGenerationAttribute.g.received.cs
    Verified: TelemetrySourceGeneratorActivityTests.Generate_GivenNonNullableActivityReturnType_RaisesDiagnostic#TelemetryGenerationAttribute.g.verified.cs
  - Received: TelemetrySourceGeneratorActivityTests.Generate_GivenNonNullableActivityReturnType_RaisesDiagnostic#Testing.TestActivitiesCore.Activity.g.received.cs
    Verified: TelemetrySourceGeneratorActivityTests.Generate_GivenNonNullableActivityReturnType_RaisesDiagnostic#Testing.TestActivitiesCore.Activity.g.verified.cs
  - Received: TelemetrySourceGeneratorActivityTests.Generate_GivenNonNullableActivityReturnType_RaisesDiagnostic#TraceAttribute.g.received.cs
    Verified: TelemetrySourceGeneratorActivityTests.Generate_GivenNonNullableActivityReturnType_RaisesDiagnostic#TraceAttribute.g.verified.cs
  - Received: TelemetrySourceGeneratorActivityTests.Generate_GivenNonNullableActivityReturnType_RaisesDiagnostic#UpDownCounterAttribute.g.received.cs
    Verified: TelemetrySourceGeneratorActivityTests.Generate_GivenNonNullableActivityReturnType_RaisesDiagnostic#UpDownCounterAttribute.g.verified.cs
  - Received: TelemetrySourceGeneratorActivityTests.Generate_GivenNonNullableActivityReturnType_RaisesDiagnostic#WarningAttribute.g.received.cs
    Verified: TelemetrySourceGeneratorActivityTests.Generate_GivenNonNullableActivityReturnType_RaisesDiagnostic#WarningAttribute.g.verified.cs

  from P:\GitHub\kjldev\purview-telemetry-sourcegenerator\src\Purview.Telemetry.SourceGenerator.IntegrationTests\bin\Release\net10.0\Purview.Telemetry.SourceGenerator.IntegrationTests.dll (net10.0|x64)
  TUnit.Engine.Exceptions.TestFailedException: [Test Failure] VerifyException: Directory: P:\GitHub\kjldev\purview-telemetry-sourcegenerator\src\Purview.Telemetry.SourceGenerator.IntegrationTests\Snapshots
  Delete:
    - TelemetrySourceGeneratorActivityTests.Generate_GivenNonNullableActivityReturnType_RaisesDiagnostic.verified.txt
  Equal:
    - Received: TelemetrySourceGeneratorActivityTests.Generate_GivenNonNullableActivityReturnType_RaisesDiagnostic#ActivityAttribute.g.received.cs
      Verified: TelemetrySourceGeneratorActivityTests.Generate_GivenNonNullableActivityReturnType_RaisesDiagnostic#ActivityAttribute.g.verified.cs
    - Received: TelemetrySourceGeneratorActivityTests.Generate_GivenNonNullableActivityReturnType_RaisesDiagnostic#ActivitySourceAttribute.g.received.cs
      Verified: TelemetrySourceGeneratorActivityTests.Generate_GivenNonNullableActivityReturnType_RaisesDiagnostic#ActivitySourceAttribute.g.verified.cs
    - Received: TelemetrySourceGeneratorActivityTests.Generate_GivenNonNullableActivityReturnType_RaisesDiagnostic#ActivitySourceGenerationAttribute.g.received.cs
      Verified: TelemetrySourceGeneratorActivityTests.Generate_GivenNonNullableActivityReturnType_RaisesDiagnostic#ActivitySourceGenerationAttribute.g.verified.cs
    - Received: TelemetrySourceGeneratorActivityTests.Generate_GivenNonNullableActivityReturnType_RaisesDiagnostic#AutoCounterAttribute.g.received.cs
      Verified: TelemetrySourceGeneratorActivityTests.Generate_GivenNonNullableActivityReturnType_RaisesDiagnostic#AutoCounterAttribute.g.verified.cs
    - Received: TelemetrySourceGeneratorActivityTests.Generate_GivenNonNullableActivityReturnType_RaisesDiagnostic#BaggageAttribute.g.received.cs
      Verified: TelemetrySourceGeneratorActivityTests.Generate_GivenNonNullableActivityReturnType_RaisesDiagnostic#BaggageAttribute.g.verified.cs
    - Received: TelemetrySourceGeneratorActivityTests.Generate_GivenNonNullableActivityReturnType_RaisesDiagnostic#ContextAttribute.g.received.cs
      Verified: TelemetrySourceGeneratorActivityTests.Generate_GivenNonNullableActivityReturnType_RaisesDiagnostic#ContextAttribute.g.verified.cs
    - Received: TelemetrySourceGeneratorActivityTests.Generate_GivenNonNullableActivityReturnType_RaisesDiagnostic#CounterAttribute.g.received.cs
      Verified: TelemetrySourceGeneratorActivityTests.Generate_GivenNonNullableActivityReturnType_RaisesDiagnostic#CounterAttribute.g.verified.cs
    - Received: TelemetrySourceGeneratorActivityTests.Generate_GivenNonNullableActivityReturnType_RaisesDiagnostic#CriticalAttribute.g.received.cs
      Verified: TelemetrySourceGeneratorActivityTests.Generate_GivenNonNullableActivityReturnType_RaisesDiagnostic#CriticalAttribute.g.verified.cs
    - Received: TelemetrySourceGeneratorActivityTests.Generate_GivenNonNullableActivityReturnType_RaisesDiagnostic#DebugAttribute.g.received.cs
      Verified: TelemetrySourceGeneratorActivityTests.Generate_GivenNonNullableActivityReturnType_RaisesDiagnostic#DebugAttribute.g.verified.cs
    - Received: TelemetrySourceGeneratorActivityTests.Generate_GivenNonNullableActivityReturnType_RaisesDiagnostic#ErrorAttribute.g.received.cs
      Verified: TelemetrySourceGeneratorActivityTests.Generate_GivenNonNullableActivityReturnType_RaisesDiagnostic#ErrorAttribute.g.verified.cs
    - Received: TelemetrySourceGeneratorActivityTests.Generate_GivenNonNullableActivityReturnType_RaisesDiagnostic#EscapeAttribute.g.received.cs
      Verified: TelemetrySourceGeneratorActivityTests.Generate_GivenNonNullableActivityReturnType_RaisesDiagnostic#EscapeAttribute.g.verified.cs
    - Received: TelemetrySourceGeneratorActivityTests.Generate_GivenNonNullableActivityReturnType_RaisesDiagnostic#EventAttribute.g.received.cs
      Verified: TelemetrySourceGeneratorActivityTests.Generate_GivenNonNullableActivityReturnType_RaisesDiagnostic#EventAttribute.g.verified.cs
    - Received: TelemetrySourceGeneratorActivityTests.Generate_GivenNonNullableActivityReturnType_RaisesDiagnostic#ExcludeAttribute.g.received.cs
      Verified: TelemetrySourceGeneratorActivityTests.Generate_GivenNonNullableActivityReturnType_RaisesDiagnostic#ExcludeAttribute.g.verified.cs
    - Received: TelemetrySourceGeneratorActivityTests.Generate_GivenNonNullableActivityReturnType_RaisesDiagnostic#ExcludeTargetsAttribute.g.received.cs
      Verified: TelemetrySourceGeneratorActivityTests.Generate_GivenNonNullableActivityReturnType_RaisesDiagnostic#ExcludeTargetsAttribute.g.verified.cs
    - Received: TelemetrySourceGeneratorActivityTests.Generate_GivenNonNullableActivityReturnType_RaisesDiagnostic#ExpandEnumerableAttribute.g.received.cs
      Verified: TelemetrySourceGeneratorActivityTests.Generate_GivenNonNullableActivityReturnType_RaisesDiagnostic#ExpandEnumerableAttribute.g.verified.cs
    - Received: TelemetrySourceGeneratorActivityTests.Generate_GivenNonNullableActivityReturnType_RaisesDiagnostic#HistogramAttribute.g.received.cs
      Verified: TelemetrySourceGeneratorActivityTests.Generate_GivenNonNullableActivityReturnType_RaisesDiagnostic#HistogramAttribute.g.verified.cs
    - Received: TelemetrySourceGeneratorActivityTests.Generate_GivenNonNullableActivityReturnType_RaisesDiagnostic#InfoAttribute.g.received.cs
      Verified: TelemetrySourceGeneratorActivityTests.Generate_GivenNonNullableActivityReturnType_RaisesDiagnostic#InfoAttribute.g.verified.cs
    - Received: TelemetrySourceGeneratorActivityTests.Generate_GivenNonNullableActivityReturnType_RaisesDiagnostic#InstrumentMeasurementAttribute.g.received.cs
      Verified: TelemetrySourceGeneratorActivityTests.Generate_GivenNonNullableActivityReturnType_RaisesDiagnostic#InstrumentMeasurementAttribute.g.verified.cs
    - Received: TelemetrySourceGeneratorActivityTests.Generate_GivenNonNullableActivityReturnType_RaisesDiagnostic#LogAttribute.g.received.cs
      Verified: TelemetrySourceGeneratorActivityTests.Generate_GivenNonNullableActivityReturnType_RaisesDiagnostic#LogAttribute.g.verified.cs
    - Received: TelemetrySourceGeneratorActivityTests.Generate_GivenNonNullableActivityReturnType_RaisesDiagnostic#LoggerAttribute.g.received.cs
      Verified: TelemetrySourceGeneratorActivityTests.Generate_GivenNonNullableActivityReturnType_RaisesDiagnostic#LoggerAttribute.g.verified.cs
    - Received: TelemetrySourceGeneratorActivityTests.Generate_GivenNonNullableActivityReturnType_RaisesDiagnostic#LoggerGenerationAttribute.g.received.cs
      Verified: TelemetrySourceGeneratorActivityTests.Generate_GivenNonNullableActivityReturnType_RaisesDiagnostic#LoggerGenerationAttribute.g.verified.cs
    - Received: TelemetrySourceGeneratorActivityTests.Generate_GivenNonNullableActivityReturnType_RaisesDiagnostic#LoggerGenerationMode.g.received.cs
      Verified: TelemetrySourceGeneratorActivityTests.Generate_GivenNonNullableActivityReturnType_RaisesDiagnostic#LoggerGenerationMode.g.verified.cs
    - Received: TelemetrySourceGeneratorActivityTests.Generate_GivenNonNullableActivityReturnType_RaisesDiagnostic#LogPrefixType.g.received.cs
      Verified: TelemetrySourceGeneratorActivityTests.Generate_GivenNonNullableActivityReturnType_RaisesDiagnostic#LogPrefixType.g.verified.cs
    - Received: TelemetrySourceGeneratorActivityTests.Generate_GivenNonNullableActivityReturnType_RaisesDiagnostic#MeterAttribute.g.received.cs
      Verified: TelemetrySourceGeneratorActivityTests.Generate_GivenNonNullableActivityReturnType_RaisesDiagnostic#MeterAttribute.g.verified.cs
    - Received: TelemetrySourceGeneratorActivityTests.Generate_GivenNonNullableActivityReturnType_RaisesDiagnostic#MeterGenerationAttribute.g.received.cs
      Verified: TelemetrySourceGeneratorActivityTests.Generate_GivenNonNullableActivityReturnType_RaisesDiagnostic#MeterGenerationAttribute.g.verified.cs
    - Received: TelemetrySourceGeneratorActivityTests.Generate_GivenNonNullableActivityReturnType_RaisesDiagnostic#MeterNameGenerationType.g.received.cs
      Verified: TelemetrySourceGeneratorActivityTests.Generate_GivenNonNullableActivityReturnType_RaisesDiagnostic#MeterNameGenerationType.g.verified.cs
    - Received: TelemetrySourceGeneratorActivityTests.Generate_GivenNonNullableActivityReturnType_RaisesDiagnostic#NamingConvention.g.received.cs
      Verified: TelemetrySourceGeneratorActivityTests.Generate_GivenNonNullableActivityReturnType_RaisesDiagnostic#NamingConvention.g.verified.cs
    - Received: TelemetrySourceGeneratorActivityTests.Generate_GivenNonNullableActivityReturnType_RaisesDiagnostic#ObservableCounterAttribute.g.received.cs
      Verified: TelemetrySourceGeneratorActivityTests.Generate_GivenNonNullableActivityReturnType_RaisesDiagnostic#ObservableCounterAttribute.g.verified.cs
    - Received: TelemetrySourceGeneratorActivityTests.Generate_GivenNonNullableActivityReturnType_RaisesDiagnostic#ObservableGaugeAttribute.g.received.cs
      Verified: TelemetrySourceGeneratorActivityTests.Generate_GivenNonNullableActivityReturnType_RaisesDiagnostic#ObservableGaugeAttribute.g.verified.cs
    - Received: TelemetrySourceGeneratorActivityTests.Generate_GivenNonNullableActivityReturnType_RaisesDiagnostic#ObservableUpDownCounterAttribute.g.received.cs
      Verified: TelemetrySourceGeneratorActivityTests.Generate_GivenNonNullableActivityReturnType_RaisesDiagnostic#ObservableUpDownCounterAttribute.g.verified.cs
    - Received: TelemetrySourceGeneratorActivityTests.Generate_GivenNonNullableActivityReturnType_RaisesDiagnostic#Purview.Telemetry.SourceGenerator.TelemetryNames.g.received.cs
      Verified: TelemetrySourceGeneratorActivityTests.Generate_GivenNonNullableActivityReturnType_RaisesDiagnostic#Purview.Telemetry.SourceGenerator.TelemetryNames.g.verified.cs
    - Received: TelemetrySourceGeneratorActivityTests.Generate_GivenNonNullableActivityReturnType_RaisesDiagnostic#StatusDescriptionAttribute.g.received.cs
      Verified: TelemetrySourceGeneratorActivityTests.Generate_GivenNonNullableActivityReturnType_RaisesDiagnostic#StatusDescriptionAttribute.g.verified.cs
    - Received: TelemetrySourceGeneratorActivityTests.Generate_GivenNonNullableActivityReturnType_RaisesDiagnostic#TagAttribute.g.received.cs
      Verified: TelemetrySourceGeneratorActivityTests.Generate_GivenNonNullableActivityReturnType_RaisesDiagnostic#TagAttribute.g.verified.cs
    - Received: TelemetrySourceGeneratorActivityTests.Generate_GivenNonNullableActivityReturnType_RaisesDiagnostic#Targets.g.received.cs
      Verified: TelemetrySourceGeneratorActivityTests.Generate_GivenNonNullableActivityReturnType_RaisesDiagnostic#Targets.g.verified.cs
    - Received: TelemetrySourceGeneratorActivityTests.Generate_GivenNonNullableActivityReturnType_RaisesDiagnostic#TelemetryGenerationAttribute.g.received.cs
      Verified: TelemetrySourceGeneratorActivityTests.Generate_GivenNonNullableActivityReturnType_RaisesDiagnostic#TelemetryGenerationAttribute.g.verified.cs
    - Received: TelemetrySourceGeneratorActivityTests.Generate_GivenNonNullableActivityReturnType_RaisesDiagnostic#Testing.TestActivitiesCore.Activity.g.received.cs
      Verified: TelemetrySourceGeneratorActivityTests.Generate_GivenNonNullableActivityReturnType_RaisesDiagnostic#Testing.TestActivitiesCore.Activity.g.verified.cs
    - Received: TelemetrySourceGeneratorActivityTests.Generate_GivenNonNullableActivityReturnType_RaisesDiagnostic#TraceAttribute.g.received.cs
      Verified: TelemetrySourceGeneratorActivityTests.Generate_GivenNonNullableActivityReturnType_RaisesDiagnostic#TraceAttribute.g.verified.cs
    - Received: TelemetrySourceGeneratorActivityTests.Generate_GivenNonNullableActivityReturnType_RaisesDiagnostic#UpDownCounterAttribute.g.received.cs
      Verified: TelemetrySourceGeneratorActivityTests.Generate_GivenNonNullableActivityReturnType_RaisesDiagnostic#UpDownCounterAttribute.g.verified.cs
    - Received: TelemetrySourceGeneratorActivityTests.Generate_GivenNonNullableActivityReturnType_RaisesDiagnostic#WarningAttribute.g.received.cs
      Verified: TelemetrySourceGeneratorActivityTests.Generate_GivenNonNullableActivityReturnType_RaisesDiagnostic#WarningAttribute.g.verified.cs
  
  Standard output
    DBG: --- Adding templates.
    DBG: Adding ActivitySourceGenerationAttribute as ActivitySourceGenerationAttribute.g.cs.
    DBG: Adding ActivitySourceAttribute as ActivitySourceAttribute.g.cs.
    DBG: Adding ActivityAttribute as ActivityAttribute.g.cs.
    DBG: Adding EventAttribute as EventAttribute.g.cs.
    DBG: Adding ContextAttribute as ContextAttribute.g.cs.
    DBG: Adding BaggageAttribute as BaggageAttribute.g.cs.
    DBG: Adding EscapeAttribute as EscapeAttribute.g.cs.
    DBG: Adding StatusDescriptionAttribute as StatusDescriptionAttribute.g.cs.
    DBG: Adding LoggerGenerationAttribute as LoggerGenerationAttribute.g.cs.
    DBG: Adding LoggerAttribute as LoggerAttribute.g.cs.
    DBG: Adding LogAttribute as LogAttribute.g.cs.
    DBG: Adding LogPrefixType as LogPrefixType.g.cs.
    DBG: Adding LoggerGenerationMode as LoggerGenerationMode.g.cs.
    DBG: Adding ExpandEnumerableAttribute as ExpandEnumerableAttribute.g.cs.
    DBG: Adding TraceAttribute as TraceAttribute.g.cs.
    DBG: Adding DebugAttribute as DebugAttribute.g.cs.
    DBG: Adding InfoAttribute as InfoAttribute.g.cs.
    DBG: Adding WarningAttribute as WarningAttribute.g.cs.
    DBG: Adding ErrorAttribute as ErrorAttribute.g.cs.
    DBG: Adding CriticalAttribute as CriticalAttribute.g.cs.
    DBG: Adding MeterGenerationAttribute as MeterGenerationAttribute.g.cs.
    DBG: Adding MeterAttribute as MeterAttribute.g.cs.
    DBG: Adding MeterNameGenerationType as MeterNameGenerationType.g.cs.
    DBG: Adding InstrumentMeasurementAttribute as InstrumentMeasurementAttribute.g.cs.
    DBG: Adding AutoCounterAttribute as AutoCounterAttribute.g.cs.
    DBG: Adding CounterAttribute as CounterAttribute.g.cs.
    DBG: Adding UpDownCounterAttribute as UpDownCounterAttribute.g.cs.
    DBG: Adding HistogramAttribute as HistogramAttribute.g.cs.
    DBG: Adding ObservableCounterAttribute as ObservableCounterAttribute.g.cs.
    DBG: Adding ObservableGaugeAttribute as ObservableGaugeAttribute.g.cs.
    DBG: Adding ObservableUpDownCounterAttribute as ObservableUpDownCounterAttribute.g.cs.
    DBG: Adding TagAttribute as TagAttribute.g.cs.
    DBG: Adding ExcludeAttribute as ExcludeAttribute.g.cs.
    DBG: Adding TelemetryGenerationAttribute as TelemetryGenerationAttribute.g.cs.
    DBG: Adding Targets as Targets.g.cs.
    DBG: Adding NamingConvention as NamingConvention.g.cs.
    DBG: Adding ExcludeTargetsAttribute as ExcludeTargetsAttribute.g.cs.
    DBG: --- Finished adding templates.
    DBG: Found attribute: Purview.Telemetry.ActivitySourceAttribute("testing-activity-source")
    DBG: Found attribute: Purview.Telemetry.TelemetryGenerationAttribute(GenerateDependencyExtension = false)
    DBG: Found attribute: Purview.Telemetry.ActivityAttribute
    DBG: Found explicit activity: Activity.
    DBG: Found Activity method ITestActivities.Activity.
    DBG: Found explicit baggage: stringParam.
    DBG: Found attribute: Purview.Telemetry.BaggageAttribute
    DBG: Found explicit tag: intParam.
    DBG: Found attribute: Purview.Telemetry.TagAttribute
    DBG: Activity generation target: Testing.TestActivitiesCore
    DBG: Generating activity class for: Testing.TestActivitiesCore
    DBG: Generating RecordExceptionInternal.
    DIA: Activity return type is not nullable for Activity.
    DBG: Skipping dependency injection emit.
    DBG: Found attribute: Purview.Telemetry.ActivitySourceAttribute("testing-activity-source")
    DBG: Found attribute: Purview.Telemetry.TelemetryGenerationAttribute(GenerateDependencyExtension = false)
    DBG: Found attribute: Purview.Telemetry.ActivityAttribute
    DBG: Found explicit activity: Activity.
    DBG: Found Activity method ITestActivities.Activity.
    DBG: Found explicit baggage: stringParam.
    DBG: Found attribute: Purview.Telemetry.BaggageAttribute
    DBG: Found explicit tag: intParam.
    DBG: Found attribute: Purview.Telemetry.TagAttribute
    DBG: Generating Telemetry Names using class 'TelemetryNames'.
    
  Error output
failed Generate_GivenBasicGenWithReturningNullableActivity_GeneratesActivity (1s 619ms)
  [Test Failure] VerifyException: Directory: P:\GitHub\kjldev\purview-telemetry-sourcegenerator\src\Purview.Telemetry.SourceGenerator.IntegrationTests\Snapshots
Delete:
  - TelemetrySourceGeneratorActivityTests.Generate_GivenBasicGenWithReturningNullableActivity_GeneratesActivity.verified.txt
Equal:
  - Received: TelemetrySourceGeneratorActivityTests.Generate_GivenBasicGenWithReturningNullableActivity_GeneratesActivity#ActivityAttribute.g.received.cs
    Verified: TelemetrySourceGeneratorActivityTests.Generate_GivenBasicGenWithReturningNullableActivity_GeneratesActivity#ActivityAttribute.g.verified.cs
  - Received: TelemetrySourceGeneratorActivityTests.Generate_GivenBasicGenWithReturningNullableActivity_GeneratesActivity#ActivitySourceAttribute.g.received.cs
    Verified: TelemetrySourceGeneratorActivityTests.Generate_GivenBasicGenWithReturningNullableActivity_GeneratesActivity#ActivitySourceAttribute.g.verified.cs
  - Received: TelemetrySourceGeneratorActivityTests.Generate_GivenBasicGenWithReturningNullableActivity_GeneratesActivity#ActivitySourceGenerationAttribute.g.received.cs
    Verified: TelemetrySourceGeneratorActivityTests.Generate_GivenBasicGenWithReturningNullableActivity_GeneratesActivity#ActivitySourceGenerationAttribute.g.verified.cs
  - Received: TelemetrySourceGeneratorActivityTests.Generate_GivenBasicGenWithReturningNullableActivity_GeneratesActivity#AutoCounterAttribute.g.received.cs
    Verified: TelemetrySourceGeneratorActivityTests.Generate_GivenBasicGenWithReturningNullableActivity_GeneratesActivity#AutoCounterAttribute.g.verified.cs
  - Received: TelemetrySourceGeneratorActivityTests.Generate_GivenBasicGenWithReturningNullableActivity_GeneratesActivity#BaggageAttribute.g.received.cs
    Verified: TelemetrySourceGeneratorActivityTests.Generate_GivenBasicGenWithReturningNullableActivity_GeneratesActivity#BaggageAttribute.g.verified.cs
  - Received: TelemetrySourceGeneratorActivityTests.Generate_GivenBasicGenWithReturningNullableActivity_GeneratesActivity#ContextAttribute.g.received.cs
    Verified: TelemetrySourceGeneratorActivityTests.Generate_GivenBasicGenWithReturningNullableActivity_GeneratesActivity#ContextAttribute.g.verified.cs
  - Received: TelemetrySourceGeneratorActivityTests.Generate_GivenBasicGenWithReturningNullableActivity_GeneratesActivity#CounterAttribute.g.received.cs
    Verified: TelemetrySourceGeneratorActivityTests.Generate_GivenBasicGenWithReturningNullableActivity_GeneratesActivity#CounterAttribute.g.verified.cs
  - Received: TelemetrySourceGeneratorActivityTests.Generate_GivenBasicGenWithReturningNullableActivity_GeneratesActivity#CriticalAttribute.g.received.cs
    Verified: TelemetrySourceGeneratorActivityTests.Generate_GivenBasicGenWithReturningNullableActivity_GeneratesActivity#CriticalAttribute.g.verified.cs
  - Received: TelemetrySourceGeneratorActivityTests.Generate_GivenBasicGenWithReturningNullableActivity_GeneratesActivity#DebugAttribute.g.received.cs
    Verified: TelemetrySourceGeneratorActivityTests.Generate_GivenBasicGenWithReturningNullableActivity_GeneratesActivity#DebugAttribute.g.verified.cs
  - Received: TelemetrySourceGeneratorActivityTests.Generate_GivenBasicGenWithReturningNullableActivity_GeneratesActivity#ErrorAttribute.g.received.cs
    Verified: TelemetrySourceGeneratorActivityTests.Generate_GivenBasicGenWithReturningNullableActivity_GeneratesActivity#ErrorAttribute.g.verified.cs
  - Received: TelemetrySourceGeneratorActivityTests.Generate_GivenBasicGenWithReturningNullableActivity_GeneratesActivity#EscapeAttribute.g.received.cs
    Verified: TelemetrySourceGeneratorActivityTests.Generate_GivenBasicGenWithReturningNullableActivity_GeneratesActivity#EscapeAttribute.g.verified.cs
  - Received: TelemetrySourceGeneratorActivityTests.Generate_GivenBasicGenWithReturningNullableActivity_GeneratesActivity#EventAttribute.g.received.cs
    Verified: TelemetrySourceGeneratorActivityTests.Generate_GivenBasicGenWithReturningNullableActivity_GeneratesActivity#EventAttribute.g.verified.cs
  - Received: TelemetrySourceGeneratorActivityTests.Generate_GivenBasicGenWithReturningNullableActivity_GeneratesActivity#ExcludeAttribute.g.received.cs
    Verified: TelemetrySourceGeneratorActivityTests.Generate_GivenBasicGenWithReturningNullableActivity_GeneratesActivity#ExcludeAttribute.g.verified.cs
  - Received: TelemetrySourceGeneratorActivityTests.Generate_GivenBasicGenWithReturningNullableActivity_GeneratesActivity#ExcludeTargetsAttribute.g.received.cs
    Verified: TelemetrySourceGeneratorActivityTests.Generate_GivenBasicGenWithReturningNullableActivity_GeneratesActivity#ExcludeTargetsAttribute.g.verified.cs
  - Received: TelemetrySourceGeneratorActivityTests.Generate_GivenBasicGenWithReturningNullableActivity_GeneratesActivity#ExpandEnumerableAttribute.g.received.cs
    Verified: TelemetrySourceGeneratorActivityTests.Generate_GivenBasicGenWithReturningNullableActivity_GeneratesActivity#ExpandEnumerableAttribute.g.verified.cs
  - Received: TelemetrySourceGeneratorActivityTests.Generate_GivenBasicGenWithReturningNullableActivity_GeneratesActivity#HistogramAttribute.g.received.cs
    Verified: TelemetrySourceGeneratorActivityTests.Generate_GivenBasicGenWithReturningNullableActivity_GeneratesActivity#HistogramAttribute.g.verified.cs
  - Received: TelemetrySourceGeneratorActivityTests.Generate_GivenBasicGenWithReturningNullableActivity_GeneratesActivity#InfoAttribute.g.received.cs
    Verified: TelemetrySourceGeneratorActivityTests.Generate_GivenBasicGenWithReturningNullableActivity_GeneratesActivity#InfoAttribute.g.verified.cs
  - Received: TelemetrySourceGeneratorActivityTests.Generate_GivenBasicGenWithReturningNullableActivity_GeneratesActivity#InstrumentMeasurementAttribute.g.received.cs
    Verified: TelemetrySourceGeneratorActivityTests.Generate_GivenBasicGenWithReturningNullableActivity_GeneratesActivity#InstrumentMeasurementAttribute.g.verified.cs
  - Received: TelemetrySourceGeneratorActivityTests.Generate_GivenBasicGenWithReturningNullableActivity_GeneratesActivity#LogAttribute.g.received.cs
    Verified: TelemetrySourceGeneratorActivityTests.Generate_GivenBasicGenWithReturningNullableActivity_GeneratesActivity#LogAttribute.g.verified.cs
  - Received: TelemetrySourceGeneratorActivityTests.Generate_GivenBasicGenWithReturningNullableActivity_GeneratesActivity#LoggerAttribute.g.received.cs
    Verified: TelemetrySourceGeneratorActivityTests.Generate_GivenBasicGenWithReturningNullableActivity_GeneratesActivity#LoggerAttribute.g.verified.cs
  - Received: TelemetrySourceGeneratorActivityTests.Generate_GivenBasicGenWithReturningNullableActivity_GeneratesActivity#LoggerGenerationAttribute.g.received.cs
    Verified: TelemetrySourceGeneratorActivityTests.Generate_GivenBasicGenWithReturningNullableActivity_GeneratesActivity#LoggerGenerationAttribute.g.verified.cs
  - Received: TelemetrySourceGeneratorActivityTests.Generate_GivenBasicGenWithReturningNullableActivity_GeneratesActivity#LoggerGenerationMode.g.received.cs
    Verified: TelemetrySourceGeneratorActivityTests.Generate_GivenBasicGenWithReturningNullableActivity_GeneratesActivity#LoggerGenerationMode.g.verified.cs
  - Received: TelemetrySourceGeneratorActivityTests.Generate_GivenBasicGenWithReturningNullableActivity_GeneratesActivity#LogPrefixType.g.received.cs
    Verified: TelemetrySourceGeneratorActivityTests.Generate_GivenBasicGenWithReturningNullableActivity_GeneratesActivity#LogPrefixType.g.verified.cs
  - Received: TelemetrySourceGeneratorActivityTests.Generate_GivenBasicGenWithReturningNullableActivity_GeneratesActivity#MeterAttribute.g.received.cs
    Verified: TelemetrySourceGeneratorActivityTests.Generate_GivenBasicGenWithReturningNullableActivity_GeneratesActivity#MeterAttribute.g.verified.cs
  - Received: TelemetrySourceGeneratorActivityTests.Generate_GivenBasicGenWithReturningNullableActivity_GeneratesActivity#MeterGenerationAttribute.g.received.cs
    Verified: TelemetrySourceGeneratorActivityTests.Generate_GivenBasicGenWithReturningNullableActivity_GeneratesActivity#MeterGenerationAttribute.g.verified.cs
  - Received: TelemetrySourceGeneratorActivityTests.Generate_GivenBasicGenWithReturningNullableActivity_GeneratesActivity#MeterNameGenerationType.g.received.cs
    Verified: TelemetrySourceGeneratorActivityTests.Generate_GivenBasicGenWithReturningNullableActivity_GeneratesActivity#MeterNameGenerationType.g.verified.cs
  - Received: TelemetrySourceGeneratorActivityTests.Generate_GivenBasicGenWithReturningNullableActivity_GeneratesActivity#NamingConvention.g.received.cs
    Verified: TelemetrySourceGeneratorActivityTests.Generate_GivenBasicGenWithReturningNullableActivity_GeneratesActivity#NamingConvention.g.verified.cs
  - Received: TelemetrySourceGeneratorActivityTests.Generate_GivenBasicGenWithReturningNullableActivity_GeneratesActivity#ObservableCounterAttribute.g.received.cs
    Verified: TelemetrySourceGeneratorActivityTests.Generate_GivenBasicGenWithReturningNullableActivity_GeneratesActivity#ObservableCounterAttribute.g.verified.cs
  - Received: TelemetrySourceGeneratorActivityTests.Generate_GivenBasicGenWithReturningNullableActivity_GeneratesActivity#ObservableGaugeAttribute.g.received.cs
    Verified: TelemetrySourceGeneratorActivityTests.Generate_GivenBasicGenWithReturningNullableActivity_GeneratesActivity#ObservableGaugeAttribute.g.verified.cs
  - Received: TelemetrySourceGeneratorActivityTests.Generate_GivenBasicGenWithReturningNullableActivity_GeneratesActivity#ObservableUpDownCounterAttribute.g.received.cs
    Verified: TelemetrySourceGeneratorActivityTests.Generate_GivenBasicGenWithReturningNullableActivity_GeneratesActivity#ObservableUpDownCounterAttribute.g.verified.cs
  - Received: TelemetrySourceGeneratorActivityTests.Generate_GivenBasicGenWithReturningNullableActivity_GeneratesActivity#Purview.Telemetry.SourceGenerator.TelemetryNames.g.received.cs
    Verified: TelemetrySourceGeneratorActivityTests.Generate_GivenBasicGenWithReturningNullableActivity_GeneratesActivity#Purview.Telemetry.SourceGenerator.TelemetryNames.g.verified.cs
  - Received: TelemetrySourceGeneratorActivityTests.Generate_GivenBasicGenWithReturningNullableActivity_GeneratesActivity#StatusDescriptionAttribute.g.received.cs
    Verified: TelemetrySourceGeneratorActivityTests.Generate_GivenBasicGenWithReturningNullableActivity_GeneratesActivity#StatusDescriptionAttribute.g.verified.cs
  - Received: TelemetrySourceGeneratorActivityTests.Generate_GivenBasicGenWithReturningNullableActivity_GeneratesActivity#TagAttribute.g.received.cs
    Verified: TelemetrySourceGeneratorActivityTests.Generate_GivenBasicGenWithReturningNullableActivity_GeneratesActivity#TagAttribute.g.verified.cs
  - Received: TelemetrySourceGeneratorActivityTests.Generate_GivenBasicGenWithReturningNullableActivity_GeneratesActivity#Targets.g.received.cs
    Verified: TelemetrySourceGeneratorActivityTests.Generate_GivenBasicGenWithReturningNullableActivity_GeneratesActivity#Targets.g.verified.cs
  - Received: TelemetrySourceGeneratorActivityTests.Generate_GivenBasicGenWithReturningNullableActivity_GeneratesActivity#TelemetryGenerationAttribute.g.received.cs
    Verified: TelemetrySourceGeneratorActivityTests.Generate_GivenBasicGenWithReturningNullableActivity_GeneratesActivity#TelemetryGenerationAttribute.g.verified.cs
  - Received: TelemetrySourceGeneratorActivityTests.Generate_GivenBasicGenWithReturningNullableActivity_GeneratesActivity#Testing.TestActivitiesCore.Activity.g.received.cs
    Verified: TelemetrySourceGeneratorActivityTests.Generate_GivenBasicGenWithReturningNullableActivity_GeneratesActivity#Testing.TestActivitiesCore.Activity.g.verified.cs
  - Received: TelemetrySourceGeneratorActivityTests.Generate_GivenBasicGenWithReturningNullableActivity_GeneratesActivity#TraceAttribute.g.received.cs
    Verified: TelemetrySourceGeneratorActivityTests.Generate_GivenBasicGenWithReturningNullableActivity_GeneratesActivity#TraceAttribute.g.verified.cs
  - Received: TelemetrySourceGeneratorActivityTests.Generate_GivenBasicGenWithReturningNullableActivity_GeneratesActivity#UpDownCounterAttribute.g.received.cs
    Verified: TelemetrySourceGeneratorActivityTests.Generate_GivenBasicGenWithReturningNullableActivity_GeneratesActivity#UpDownCounterAttribute.g.verified.cs
  - Received: TelemetrySourceGeneratorActivityTests.Generate_GivenBasicGenWithReturningNullableActivity_GeneratesActivity#WarningAttribute.g.received.cs
    Verified: TelemetrySourceGeneratorActivityTests.Generate_GivenBasicGenWithReturningNullableActivity_GeneratesActivity#WarningAttribute.g.verified.cs

  from P:\GitHub\kjldev\purview-telemetry-sourcegenerator\src\Purview.Telemetry.SourceGenerator.IntegrationTests\bin\Release\net10.0\Purview.Telemetry.SourceGenerator.IntegrationTests.dll (net10.0|x64)
  TUnit.Engine.Exceptions.TestFailedException: [Test Failure] VerifyException: Directory: P:\GitHub\kjldev\purview-telemetry-sourcegenerator\src\Purview.Telemetry.SourceGenerator.IntegrationTests\Snapshots
  Delete:
    - TelemetrySourceGeneratorActivityTests.Generate_GivenBasicGenWithReturningNullableActivity_GeneratesActivity.verified.txt
  Equal:
    - Received: TelemetrySourceGeneratorActivityTests.Generate_GivenBasicGenWithReturningNullableActivity_GeneratesActivity#ActivityAttribute.g.received.cs
      Verified: TelemetrySourceGeneratorActivityTests.Generate_GivenBasicGenWithReturningNullableActivity_GeneratesActivity#ActivityAttribute.g.verified.cs
    - Received: TelemetrySourceGeneratorActivityTests.Generate_GivenBasicGenWithReturningNullableActivity_GeneratesActivity#ActivitySourceAttribute.g.received.cs
      Verified: TelemetrySourceGeneratorActivityTests.Generate_GivenBasicGenWithReturningNullableActivity_GeneratesActivity#ActivitySourceAttribute.g.verified.cs
    - Received: TelemetrySourceGeneratorActivityTests.Generate_GivenBasicGenWithReturningNullableActivity_GeneratesActivity#ActivitySourceGenerationAttribute.g.received.cs
      Verified: TelemetrySourceGeneratorActivityTests.Generate_GivenBasicGenWithReturningNullableActivity_GeneratesActivity#ActivitySourceGenerationAttribute.g.verified.cs
    - Received: TelemetrySourceGeneratorActivityTests.Generate_GivenBasicGenWithReturningNullableActivity_GeneratesActivity#AutoCounterAttribute.g.received.cs
      Verified: TelemetrySourceGeneratorActivityTests.Generate_GivenBasicGenWithReturningNullableActivity_GeneratesActivity#AutoCounterAttribute.g.verified.cs
    - Received: TelemetrySourceGeneratorActivityTests.Generate_GivenBasicGenWithReturningNullableActivity_GeneratesActivity#BaggageAttribute.g.received.cs
      Verified: TelemetrySourceGeneratorActivityTests.Generate_GivenBasicGenWithReturningNullableActivity_GeneratesActivity#BaggageAttribute.g.verified.cs
    - Received: TelemetrySourceGeneratorActivityTests.Generate_GivenBasicGenWithReturningNullableActivity_GeneratesActivity#ContextAttribute.g.received.cs
      Verified: TelemetrySourceGeneratorActivityTests.Generate_GivenBasicGenWithReturningNullableActivity_GeneratesActivity#ContextAttribute.g.verified.cs
    - Received: TelemetrySourceGeneratorActivityTests.Generate_GivenBasicGenWithReturningNullableActivity_GeneratesActivity#CounterAttribute.g.received.cs
      Verified: TelemetrySourceGeneratorActivityTests.Generate_GivenBasicGenWithReturningNullableActivity_GeneratesActivity#CounterAttribute.g.verified.cs
    - Received: TelemetrySourceGeneratorActivityTests.Generate_GivenBasicGenWithReturningNullableActivity_GeneratesActivity#CriticalAttribute.g.received.cs
      Verified: TelemetrySourceGeneratorActivityTests.Generate_GivenBasicGenWithReturningNullableActivity_GeneratesActivity#CriticalAttribute.g.verified.cs
    - Received: TelemetrySourceGeneratorActivityTests.Generate_GivenBasicGenWithReturningNullableActivity_GeneratesActivity#DebugAttribute.g.received.cs
      Verified: TelemetrySourceGeneratorActivityTests.Generate_GivenBasicGenWithReturningNullableActivity_GeneratesActivity#DebugAttribute.g.verified.cs
    - Received: TelemetrySourceGeneratorActivityTests.Generate_GivenBasicGenWithReturningNullableActivity_GeneratesActivity#ErrorAttribute.g.received.cs
      Verified: TelemetrySourceGeneratorActivityTests.Generate_GivenBasicGenWithReturningNullableActivity_GeneratesActivity#ErrorAttribute.g.verified.cs
    - Received: TelemetrySourceGeneratorActivityTests.Generate_GivenBasicGenWithReturningNullableActivity_GeneratesActivity#EscapeAttribute.g.received.cs
      Verified: TelemetrySourceGeneratorActivityTests.Generate_GivenBasicGenWithReturningNullableActivity_GeneratesActivity#EscapeAttribute.g.verified.cs
    - Received: TelemetrySourceGeneratorActivityTests.Generate_GivenBasicGenWithReturningNullableActivity_GeneratesActivity#EventAttribute.g.received.cs
      Verified: TelemetrySourceGeneratorActivityTests.Generate_GivenBasicGenWithReturningNullableActivity_GeneratesActivity#EventAttribute.g.verified.cs
    - Received: TelemetrySourceGeneratorActivityTests.Generate_GivenBasicGenWithReturningNullableActivity_GeneratesActivity#ExcludeAttribute.g.received.cs
      Verified: TelemetrySourceGeneratorActivityTests.Generate_GivenBasicGenWithReturningNullableActivity_GeneratesActivity#ExcludeAttribute.g.verified.cs
    - Received: TelemetrySourceGeneratorActivityTests.Generate_GivenBasicGenWithReturningNullableActivity_GeneratesActivity#ExcludeTargetsAttribute.g.received.cs
      Verified: TelemetrySourceGeneratorActivityTests.Generate_GivenBasicGenWithReturningNullableActivity_GeneratesActivity#ExcludeTargetsAttribute.g.verified.cs
    - Received: TelemetrySourceGeneratorActivityTests.Generate_GivenBasicGenWithReturningNullableActivity_GeneratesActivity#ExpandEnumerableAttribute.g.received.cs
      Verified: TelemetrySourceGeneratorActivityTests.Generate_GivenBasicGenWithReturningNullableActivity_GeneratesActivity#ExpandEnumerableAttribute.g.verified.cs
    - Received: TelemetrySourceGeneratorActivityTests.Generate_GivenBasicGenWithReturningNullableActivity_GeneratesActivity#HistogramAttribute.g.received.cs
      Verified: TelemetrySourceGeneratorActivityTests.Generate_GivenBasicGenWithReturningNullableActivity_GeneratesActivity#HistogramAttribute.g.verified.cs
    - Received: TelemetrySourceGeneratorActivityTests.Generate_GivenBasicGenWithReturningNullableActivity_GeneratesActivity#InfoAttribute.g.received.cs
      Verified: TelemetrySourceGeneratorActivityTests.Generate_GivenBasicGenWithReturningNullableActivity_GeneratesActivity#InfoAttribute.g.verified.cs
    - Received: TelemetrySourceGeneratorActivityTests.Generate_GivenBasicGenWithReturningNullableActivity_GeneratesActivity#InstrumentMeasurementAttribute.g.received.cs
      Verified: TelemetrySourceGeneratorActivityTests.Generate_GivenBasicGenWithReturningNullableActivity_GeneratesActivity#InstrumentMeasurementAttribute.g.verified.cs
    - Received: TelemetrySourceGeneratorActivityTests.Generate_GivenBasicGenWithReturningNullableActivity_GeneratesActivity#LogAttribute.g.received.cs
      Verified: TelemetrySourceGeneratorActivityTests.Generate_GivenBasicGenWithReturningNullableActivity_GeneratesActivity#LogAttribute.g.verified.cs
    - Received: TelemetrySourceGeneratorActivityTests.Generate_GivenBasicGenWithReturningNullableActivity_GeneratesActivity#LoggerAttribute.g.received.cs
      Verified: TelemetrySourceGeneratorActivityTests.Generate_GivenBasicGenWithReturningNullableActivity_GeneratesActivity#LoggerAttribute.g.verified.cs
    - Received: TelemetrySourceGeneratorActivityTests.Generate_GivenBasicGenWithReturningNullableActivity_GeneratesActivity#LoggerGenerationAttribute.g.received.cs
      Verified: TelemetrySourceGeneratorActivityTests.Generate_GivenBasicGenWithReturningNullableActivity_GeneratesActivity#LoggerGenerationAttribute.g.verified.cs
    - Received: TelemetrySourceGeneratorActivityTests.Generate_GivenBasicGenWithReturningNullableActivity_GeneratesActivity#LoggerGenerationMode.g.received.cs
      Verified: TelemetrySourceGeneratorActivityTests.Generate_GivenBasicGenWithReturningNullableActivity_GeneratesActivity#LoggerGenerationMode.g.verified.cs
    - Received: TelemetrySourceGeneratorActivityTests.Generate_GivenBasicGenWithReturningNullableActivity_GeneratesActivity#LogPrefixType.g.received.cs
      Verified: TelemetrySourceGeneratorActivityTests.Generate_GivenBasicGenWithReturningNullableActivity_GeneratesActivity#LogPrefixType.g.verified.cs
    - Received: TelemetrySourceGeneratorActivityTests.Generate_GivenBasicGenWithReturningNullableActivity_GeneratesActivity#MeterAttribute.g.received.cs
      Verified: TelemetrySourceGeneratorActivityTests.Generate_GivenBasicGenWithReturningNullableActivity_GeneratesActivity#MeterAttribute.g.verified.cs
    - Received: TelemetrySourceGeneratorActivityTests.Generate_GivenBasicGenWithReturningNullableActivity_GeneratesActivity#MeterGenerationAttribute.g.received.cs
      Verified: TelemetrySourceGeneratorActivityTests.Generate_GivenBasicGenWithReturningNullableActivity_GeneratesActivity#MeterGenerationAttribute.g.verified.cs
    - Received: TelemetrySourceGeneratorActivityTests.Generate_GivenBasicGenWithReturningNullableActivity_GeneratesActivity#MeterNameGenerationType.g.received.cs
      Verified: TelemetrySourceGeneratorActivityTests.Generate_GivenBasicGenWithReturningNullableActivity_GeneratesActivity#MeterNameGenerationType.g.verified.cs
    - Received: TelemetrySourceGeneratorActivityTests.Generate_GivenBasicGenWithReturningNullableActivity_GeneratesActivity#NamingConvention.g.received.cs
      Verified: TelemetrySourceGeneratorActivityTests.Generate_GivenBasicGenWithReturningNullableActivity_GeneratesActivity#NamingConvention.g.verified.cs
    - Received: TelemetrySourceGeneratorActivityTests.Generate_GivenBasicGenWithReturningNullableActivity_GeneratesActivity#ObservableCounterAttribute.g.received.cs
      Verified: TelemetrySourceGeneratorActivityTests.Generate_GivenBasicGenWithReturningNullableActivity_GeneratesActivity#ObservableCounterAttribute.g.verified.cs
    - Received: TelemetrySourceGeneratorActivityTests.Generate_GivenBasicGenWithReturningNullableActivity_GeneratesActivity#ObservableGaugeAttribute.g.received.cs
      Verified: TelemetrySourceGeneratorActivityTests.Generate_GivenBasicGenWithReturningNullableActivity_GeneratesActivity#ObservableGaugeAttribute.g.verified.cs
    - Received: TelemetrySourceGeneratorActivityTests.Generate_GivenBasicGenWithReturningNullableActivity_GeneratesActivity#ObservableUpDownCounterAttribute.g.received.cs
      Verified: TelemetrySourceGeneratorActivityTests.Generate_GivenBasicGenWithReturningNullableActivity_GeneratesActivity#ObservableUpDownCounterAttribute.g.verified.cs
    - Received: TelemetrySourceGeneratorActivityTests.Generate_GivenBasicGenWithReturningNullableActivity_GeneratesActivity#Purview.Telemetry.SourceGenerator.TelemetryNames.g.received.cs
      Verified: TelemetrySourceGeneratorActivityTests.Generate_GivenBasicGenWithReturningNullableActivity_GeneratesActivity#Purview.Telemetry.SourceGenerator.TelemetryNames.g.verified.cs
    - Received: TelemetrySourceGeneratorActivityTests.Generate_GivenBasicGenWithReturningNullableActivity_GeneratesActivity#StatusDescriptionAttribute.g.received.cs
      Verified: TelemetrySourceGeneratorActivityTests.Generate_GivenBasicGenWithReturningNullableActivity_GeneratesActivity#StatusDescriptionAttribute.g.verified.cs
    - Received: TelemetrySourceGeneratorActivityTests.Generate_GivenBasicGenWithReturningNullableActivity_GeneratesActivity#TagAttribute.g.received.cs
      Verified: TelemetrySourceGeneratorActivityTests.Generate_GivenBasicGenWithReturningNullableActivity_GeneratesActivity#TagAttribute.g.verified.cs
    - Received: TelemetrySourceGeneratorActivityTests.Generate_GivenBasicGenWithReturningNullableActivity_GeneratesActivity#Targets.g.received.cs
      Verified: TelemetrySourceGeneratorActivityTests.Generate_GivenBasicGenWithReturningNullableActivity_GeneratesActivity#Targets.g.verified.cs
    - Received: TelemetrySourceGeneratorActivityTests.Generate_GivenBasicGenWithReturningNullableActivity_GeneratesActivity#TelemetryGenerationAttribute.g.received.cs
      Verified: TelemetrySourceGeneratorActivityTests.Generate_GivenBasicGenWithReturningNullableActivity_GeneratesActivity#TelemetryGenerationAttribute.g.verified.cs
    - Received: TelemetrySourceGeneratorActivityTests.Generate_GivenBasicGenWithReturningNullableActivity_GeneratesActivity#Testing.TestActivitiesCore.Activity.g.received.cs
      Verified: TelemetrySourceGeneratorActivityTests.Generate_GivenBasicGenWithReturningNullableActivity_GeneratesActivity#Testing.TestActivitiesCore.Activity.g.verified.cs
    - Received: TelemetrySourceGeneratorActivityTests.Generate_GivenBasicGenWithReturningNullableActivity_GeneratesActivity#TraceAttribute.g.received.cs
      Verified: TelemetrySourceGeneratorActivityTests.Generate_GivenBasicGenWithReturningNullableActivity_GeneratesActivity#TraceAttribute.g.verified.cs
    - Received: TelemetrySourceGeneratorActivityTests.Generate_GivenBasicGenWithReturningNullableActivity_GeneratesActivity#UpDownCounterAttribute.g.received.cs
      Verified: TelemetrySourceGeneratorActivityTests.Generate_GivenBasicGenWithReturningNullableActivity_GeneratesActivity#UpDownCounterAttribute.g.verified.cs
    - Received: TelemetrySourceGeneratorActivityTests.Generate_GivenBasicGenWithReturningNullableActivity_GeneratesActivity#WarningAttribute.g.received.cs
      Verified: TelemetrySourceGeneratorActivityTests.Generate_GivenBasicGenWithReturningNullableActivity_GeneratesActivity#WarningAttribute.g.verified.cs
  
  Standard output
    DBG: --- Adding templates.
    DBG: Adding ActivitySourceGenerationAttribute as ActivitySourceGenerationAttribute.g.cs.
    DBG: Adding ActivitySourceAttribute as ActivitySourceAttribute.g.cs.
    DBG: Adding ActivityAttribute as ActivityAttribute.g.cs.
    DBG: Adding EventAttribute as EventAttribute.g.cs.
    DBG: Adding ContextAttribute as ContextAttribute.g.cs.
    DBG: Adding BaggageAttribute as BaggageAttribute.g.cs.
    DBG: Adding EscapeAttribute as EscapeAttribute.g.cs.
    DBG: Adding StatusDescriptionAttribute as StatusDescriptionAttribute.g.cs.
    DBG: Adding LoggerGenerationAttribute as LoggerGenerationAttribute.g.cs.
    DBG: Adding LoggerAttribute as LoggerAttribute.g.cs.
    DBG: Adding LogAttribute as LogAttribute.g.cs.
    DBG: Adding LogPrefixType as LogPrefixType.g.cs.
    DBG: Adding LoggerGenerationMode as LoggerGenerationMode.g.cs.
    DBG: Adding ExpandEnumerableAttribute as ExpandEnumerableAttribute.g.cs.
    DBG: Adding TraceAttribute as TraceAttribute.g.cs.
    DBG: Adding DebugAttribute as DebugAttribute.g.cs.
    DBG: Adding InfoAttribute as InfoAttribute.g.cs.
    DBG: Adding WarningAttribute as WarningAttribute.g.cs.
    DBG: Adding ErrorAttribute as ErrorAttribute.g.cs.
    DBG: Adding CriticalAttribute as CriticalAttribute.g.cs.
    DBG: Adding MeterGenerationAttribute as MeterGenerationAttribute.g.cs.
    DBG: Adding MeterAttribute as MeterAttribute.g.cs.
    DBG: Adding MeterNameGenerationType as MeterNameGenerationType.g.cs.
    DBG: Adding InstrumentMeasurementAttribute as InstrumentMeasurementAttribute.g.cs.
    DBG: Adding AutoCounterAttribute as AutoCounterAttribute.g.cs.
    DBG: Adding CounterAttribute as CounterAttribute.g.cs.
    DBG: Adding UpDownCounterAttribute as UpDownCounterAttribute.g.cs.
    DBG: Adding HistogramAttribute as HistogramAttribute.g.cs.
    DBG: Adding ObservableCounterAttribute as ObservableCounterAttribute.g.cs.
    DBG: Adding ObservableGaugeAttribute as ObservableGaugeAttribute.g.cs.
    DBG: Adding ObservableUpDownCounterAttribute as ObservableUpDownCounterAttribute.g.cs.
    DBG: Adding TagAttribute as TagAttribute.g.cs.
    DBG: Adding ExcludeAttribute as ExcludeAttribute.g.cs.
    DBG: Adding TelemetryGenerationAttribute as TelemetryGenerationAttribute.g.cs.
    DBG: Adding Targets as Targets.g.cs.
    DBG: Adding NamingConvention as NamingConvention.g.cs.
    DBG: Adding ExcludeTargetsAttribute as ExcludeTargetsAttribute.g.cs.
    DBG: --- Finished adding templates.
    DBG: Found attribute: Purview.Telemetry.ActivitySourceAttribute("testing-activity-source")
    DBG: Found attribute: Purview.Telemetry.TelemetryGenerationAttribute(GenerateDependencyExtension = false)
    DBG: Found attribute: Purview.Telemetry.ActivityAttribute
    DBG: Found explicit activity: Activity.
    DBG: Found Activity method ITestActivities.Activity.
    DBG: Found explicit baggage: stringParam.
    DBG: Found attribute: Purview.Telemetry.BaggageAttribute
    DBG: Found explicit tag: intParam.
    DBG: Found attribute: Purview.Telemetry.TagAttribute
    DBG: Inferring tag: boolParam.
    DBG: Found attribute: Purview.Telemetry.ActivityAttribute
    DBG: Found explicit activity: ActivityWithNullableReturnActivity.
    DBG: Found Activity method ITestActivities.ActivityWithNullableReturnActivity.
    DBG: Found explicit baggage: stringParam.
    DBG: Found attribute: Purview.Telemetry.BaggageAttribute
    DBG: Found explicit tag: intParam.
    DBG: Found attribute: Purview.Telemetry.TagAttribute
    DBG: Inferring tag: boolParam.
    DBG: Activity generation target: Testing.TestActivitiesCore
    DBG: Generating activity class for: Testing.TestActivitiesCore
    DBG: Generating RecordExceptionInternal.
    DIA: Activity return type is not nullable for Activity.
    DBG: Skipping dependency injection emit.
    DBG: Found attribute: Purview.Telemetry.ActivitySourceAttribute("testing-activity-source")
    DBG: Found attribute: Purview.Telemetry.TelemetryGenerationAttribute(GenerateDependencyExtension = false)
    DBG: Found attribute: Purview.Telemetry.ActivityAttribute
    DBG: Found explicit activity: Activity.
    DBG: Found Activity method ITestActivities.Activity.
    DBG: Found explicit baggage: stringParam.
    DBG: Found attribute: Purview.Telemetry.BaggageAttribute
    DBG: Found explicit tag: intParam.
    DBG: Found attribute: Purview.Telemetry.TagAttribute
    DBG: Inferring tag: boolParam.
    DBG: Found attribute: Purview.Telemetry.ActivityAttribute
    DBG: Found explicit activity: ActivityWithNullableReturnActivity.
    DBG: Found Activity method ITestActivities.ActivityWithNullableReturnActivity.
    DBG: Found explicit baggage: stringParam.
    DBG: Found attribute: Purview.Telemetry.BaggageAttribute
    DBG: Found explicit tag: intParam.
    DBG: Found attribute: Purview.Telemetry.TagAttribute
    DBG: Inferring tag: boolParam.
    DBG: Generating Telemetry Names using class 'TelemetryNames'.
    
  Error output
failed Generate_GivenBasicGenWithReturningActivity_GeneratesActivity (1s 579ms)
  [Test Failure] VerifyException: Directory: P:\GitHub\kjldev\purview-telemetry-sourcegenerator\src\Purview.Telemetry.SourceGenerator.IntegrationTests\Snapshots
Delete:
  - TelemetrySourceGeneratorActivityTests.Generate_GivenBasicGenWithReturningActivity_GeneratesActivity.verified.txt
Equal:
  - Received: TelemetrySourceGeneratorActivityTests.Generate_GivenBasicGenWithReturningActivity_GeneratesActivity#ActivityAttribute.g.received.cs
    Verified: TelemetrySourceGeneratorActivityTests.Generate_GivenBasicGenWithReturningActivity_GeneratesActivity#ActivityAttribute.g.verified.cs
  - Received: TelemetrySourceGeneratorActivityTests.Generate_GivenBasicGenWithReturningActivity_GeneratesActivity#ActivitySourceAttribute.g.received.cs
    Verified: TelemetrySourceGeneratorActivityTests.Generate_GivenBasicGenWithReturningActivity_GeneratesActivity#ActivitySourceAttribute.g.verified.cs
  - Received: TelemetrySourceGeneratorActivityTests.Generate_GivenBasicGenWithReturningActivity_GeneratesActivity#ActivitySourceGenerationAttribute.g.received.cs
    Verified: TelemetrySourceGeneratorActivityTests.Generate_GivenBasicGenWithReturningActivity_GeneratesActivity#ActivitySourceGenerationAttribute.g.verified.cs
  - Received: TelemetrySourceGeneratorActivityTests.Generate_GivenBasicGenWithReturningActivity_GeneratesActivity#AutoCounterAttribute.g.received.cs
    Verified: TelemetrySourceGeneratorActivityTests.Generate_GivenBasicGenWithReturningActivity_GeneratesActivity#AutoCounterAttribute.g.verified.cs
  - Received: TelemetrySourceGeneratorActivityTests.Generate_GivenBasicGenWithReturningActivity_GeneratesActivity#BaggageAttribute.g.received.cs
    Verified: TelemetrySourceGeneratorActivityTests.Generate_GivenBasicGenWithReturningActivity_GeneratesActivity#BaggageAttribute.g.verified.cs
  - Received: TelemetrySourceGeneratorActivityTests.Generate_GivenBasicGenWithReturningActivity_GeneratesActivity#ContextAttribute.g.received.cs
    Verified: TelemetrySourceGeneratorActivityTests.Generate_GivenBasicGenWithReturningActivity_GeneratesActivity#ContextAttribute.g.verified.cs
  - Received: TelemetrySourceGeneratorActivityTests.Generate_GivenBasicGenWithReturningActivity_GeneratesActivity#CounterAttribute.g.received.cs
    Verified: TelemetrySourceGeneratorActivityTests.Generate_GivenBasicGenWithReturningActivity_GeneratesActivity#CounterAttribute.g.verified.cs
  - Received: TelemetrySourceGeneratorActivityTests.Generate_GivenBasicGenWithReturningActivity_GeneratesActivity#CriticalAttribute.g.received.cs
    Verified: TelemetrySourceGeneratorActivityTests.Generate_GivenBasicGenWithReturningActivity_GeneratesActivity#CriticalAttribute.g.verified.cs
  - Received: TelemetrySourceGeneratorActivityTests.Generate_GivenBasicGenWithReturningActivity_GeneratesActivity#DebugAttribute.g.received.cs
    Verified: TelemetrySourceGeneratorActivityTests.Generate_GivenBasicGenWithReturningActivity_GeneratesActivity#DebugAttribute.g.verified.cs
  - Received: TelemetrySourceGeneratorActivityTests.Generate_GivenBasicGenWithReturningActivity_GeneratesActivity#ErrorAttribute.g.received.cs
    Verified: TelemetrySourceGeneratorActivityTests.Generate_GivenBasicGenWithReturningActivity_GeneratesActivity#ErrorAttribute.g.verified.cs
  - Received: TelemetrySourceGeneratorActivityTests.Generate_GivenBasicGenWithReturningActivity_GeneratesActivity#EscapeAttribute.g.received.cs
    Verified: TelemetrySourceGeneratorActivityTests.Generate_GivenBasicGenWithReturningActivity_GeneratesActivity#EscapeAttribute.g.verified.cs
  - Received: TelemetrySourceGeneratorActivityTests.Generate_GivenBasicGenWithReturningActivity_GeneratesActivity#EventAttribute.g.received.cs
    Verified: TelemetrySourceGeneratorActivityTests.Generate_GivenBasicGenWithReturningActivity_GeneratesActivity#EventAttribute.g.verified.cs
  - Received: TelemetrySourceGeneratorActivityTests.Generate_GivenBasicGenWithReturningActivity_GeneratesActivity#ExcludeAttribute.g.received.cs
    Verified: TelemetrySourceGeneratorActivityTests.Generate_GivenBasicGenWithReturningActivity_GeneratesActivity#ExcludeAttribute.g.verified.cs
  - Received: TelemetrySourceGeneratorActivityTests.Generate_GivenBasicGenWithReturningActivity_GeneratesActivity#ExcludeTargetsAttribute.g.received.cs
    Verified: TelemetrySourceGeneratorActivityTests.Generate_GivenBasicGenWithReturningActivity_GeneratesActivity#ExcludeTargetsAttribute.g.verified.cs
  - Received: TelemetrySourceGeneratorActivityTests.Generate_GivenBasicGenWithReturningActivity_GeneratesActivity#ExpandEnumerableAttribute.g.received.cs
    Verified: TelemetrySourceGeneratorActivityTests.Generate_GivenBasicGenWithReturningActivity_GeneratesActivity#ExpandEnumerableAttribute.g.verified.cs
  - Received: TelemetrySourceGeneratorActivityTests.Generate_GivenBasicGenWithReturningActivity_GeneratesActivity#HistogramAttribute.g.received.cs
    Verified: TelemetrySourceGeneratorActivityTests.Generate_GivenBasicGenWithReturningActivity_GeneratesActivity#HistogramAttribute.g.verified.cs
  - Received: TelemetrySourceGeneratorActivityTests.Generate_GivenBasicGenWithReturningActivity_GeneratesActivity#InfoAttribute.g.received.cs
    Verified: TelemetrySourceGeneratorActivityTests.Generate_GivenBasicGenWithReturningActivity_GeneratesActivity#InfoAttribute.g.verified.cs
  - Received: TelemetrySourceGeneratorActivityTests.Generate_GivenBasicGenWithReturningActivity_GeneratesActivity#InstrumentMeasurementAttribute.g.received.cs
    Verified: TelemetrySourceGeneratorActivityTests.Generate_GivenBasicGenWithReturningActivity_GeneratesActivity#InstrumentMeasurementAttribute.g.verified.cs
  - Received: TelemetrySourceGeneratorActivityTests.Generate_GivenBasicGenWithReturningActivity_GeneratesActivity#LogAttribute.g.received.cs
    Verified: TelemetrySourceGeneratorActivityTests.Generate_GivenBasicGenWithReturningActivity_GeneratesActivity#LogAttribute.g.verified.cs
  - Received: TelemetrySourceGeneratorActivityTests.Generate_GivenBasicGenWithReturningActivity_GeneratesActivity#LoggerAttribute.g.received.cs
    Verified: TelemetrySourceGeneratorActivityTests.Generate_GivenBasicGenWithReturningActivity_GeneratesActivity#LoggerAttribute.g.verified.cs
  - Received: TelemetrySourceGeneratorActivityTests.Generate_GivenBasicGenWithReturningActivity_GeneratesActivity#LoggerGenerationAttribute.g.received.cs
    Verified: TelemetrySourceGeneratorActivityTests.Generate_GivenBasicGenWithReturningActivity_GeneratesActivity#LoggerGenerationAttribute.g.verified.cs
  - Received: TelemetrySourceGeneratorActivityTests.Generate_GivenBasicGenWithReturningActivity_GeneratesActivity#LoggerGenerationMode.g.received.cs
    Verified: TelemetrySourceGeneratorActivityTests.Generate_GivenBasicGenWithReturningActivity_GeneratesActivity#LoggerGenerationMode.g.verified.cs
  - Received: TelemetrySourceGeneratorActivityTests.Generate_GivenBasicGenWithReturningActivity_GeneratesActivity#LogPrefixType.g.received.cs
    Verified: TelemetrySourceGeneratorActivityTests.Generate_GivenBasicGenWithReturningActivity_GeneratesActivity#LogPrefixType.g.verified.cs
  - Received: TelemetrySourceGeneratorActivityTests.Generate_GivenBasicGenWithReturningActivity_GeneratesActivity#MeterAttribute.g.received.cs
    Verified: TelemetrySourceGeneratorActivityTests.Generate_GivenBasicGenWithReturningActivity_GeneratesActivity#MeterAttribute.g.verified.cs
  - Received: TelemetrySourceGeneratorActivityTests.Generate_GivenBasicGenWithReturningActivity_GeneratesActivity#MeterGenerationAttribute.g.received.cs
    Verified: TelemetrySourceGeneratorActivityTests.Generate_GivenBasicGenWithReturningActivity_GeneratesActivity#MeterGenerationAttribute.g.verified.cs
  - Received: TelemetrySourceGeneratorActivityTests.Generate_GivenBasicGenWithReturningActivity_GeneratesActivity#MeterNameGenerationType.g.received.cs
    Verified: TelemetrySourceGeneratorActivityTests.Generate_GivenBasicGenWithReturningActivity_GeneratesActivity#MeterNameGenerationType.g.verified.cs
  - Received: TelemetrySourceGeneratorActivityTests.Generate_GivenBasicGenWithReturningActivity_GeneratesActivity#NamingConvention.g.received.cs
    Verified: TelemetrySourceGeneratorActivityTests.Generate_GivenBasicGenWithReturningActivity_GeneratesActivity#NamingConvention.g.verified.cs
  - Received: TelemetrySourceGeneratorActivityTests.Generate_GivenBasicGenWithReturningActivity_GeneratesActivity#ObservableCounterAttribute.g.received.cs
    Verified: TelemetrySourceGeneratorActivityTests.Generate_GivenBasicGenWithReturningActivity_GeneratesActivity#ObservableCounterAttribute.g.verified.cs
  - Received: TelemetrySourceGeneratorActivityTests.Generate_GivenBasicGenWithReturningActivity_GeneratesActivity#ObservableGaugeAttribute.g.received.cs
    Verified: TelemetrySourceGeneratorActivityTests.Generate_GivenBasicGenWithReturningActivity_GeneratesActivity#ObservableGaugeAttribute.g.verified.cs
  - Received: TelemetrySourceGeneratorActivityTests.Generate_GivenBasicGenWithReturningActivity_GeneratesActivity#ObservableUpDownCounterAttribute.g.received.cs
    Verified: TelemetrySourceGeneratorActivityTests.Generate_GivenBasicGenWithReturningActivity_GeneratesActivity#ObservableUpDownCounterAttribute.g.verified.cs
  - Received: TelemetrySourceGeneratorActivityTests.Generate_GivenBasicGenWithReturningActivity_GeneratesActivity#Purview.Telemetry.SourceGenerator.TelemetryNames.g.received.cs
    Verified: TelemetrySourceGeneratorActivityTests.Generate_GivenBasicGenWithReturningActivity_GeneratesActivity#Purview.Telemetry.SourceGenerator.TelemetryNames.g.verified.cs
  - Received: TelemetrySourceGeneratorActivityTests.Generate_GivenBasicGenWithReturningActivity_GeneratesActivity#StatusDescriptionAttribute.g.received.cs
    Verified: TelemetrySourceGeneratorActivityTests.Generate_GivenBasicGenWithReturningActivity_GeneratesActivity#StatusDescriptionAttribute.g.verified.cs
  - Received: TelemetrySourceGeneratorActivityTests.Generate_GivenBasicGenWithReturningActivity_GeneratesActivity#TagAttribute.g.received.cs
    Verified: TelemetrySourceGeneratorActivityTests.Generate_GivenBasicGenWithReturningActivity_GeneratesActivity#TagAttribute.g.verified.cs
  - Received: TelemetrySourceGeneratorActivityTests.Generate_GivenBasicGenWithReturningActivity_GeneratesActivity#Targets.g.received.cs
    Verified: TelemetrySourceGeneratorActivityTests.Generate_GivenBasicGenWithReturningActivity_GeneratesActivity#Targets.g.verified.cs
  - Received: TelemetrySourceGeneratorActivityTests.Generate_GivenBasicGenWithReturningActivity_GeneratesActivity#TelemetryGenerationAttribute.g.received.cs
    Verified: TelemetrySourceGeneratorActivityTests.Generate_GivenBasicGenWithReturningActivity_GeneratesActivity#TelemetryGenerationAttribute.g.verified.cs
  - Received: TelemetrySourceGeneratorActivityTests.Generate_GivenBasicGenWithReturningActivity_GeneratesActivity#Testing.TestActivitiesCore.Activity.g.received.cs
    Verified: TelemetrySourceGeneratorActivityTests.Generate_GivenBasicGenWithReturningActivity_GeneratesActivity#Testing.TestActivitiesCore.Activity.g.verified.cs
  - Received: TelemetrySourceGeneratorActivityTests.Generate_GivenBasicGenWithReturningActivity_GeneratesActivity#TraceAttribute.g.received.cs
    Verified: TelemetrySourceGeneratorActivityTests.Generate_GivenBasicGenWithReturningActivity_GeneratesActivity#TraceAttribute.g.verified.cs
  - Received: TelemetrySourceGeneratorActivityTests.Generate_GivenBasicGenWithReturningActivity_GeneratesActivity#UpDownCounterAttribute.g.received.cs
    Verified: TelemetrySourceGeneratorActivityTests.Generate_GivenBasicGenWithReturningActivity_GeneratesActivity#UpDownCounterAttribute.g.verified.cs
  - Received: TelemetrySourceGeneratorActivityTests.Generate_GivenBasicGenWithReturningActivity_GeneratesActivity#WarningAttribute.g.received.cs
    Verified: TelemetrySourceGeneratorActivityTests.Generate_GivenBasicGenWithReturningActivity_GeneratesActivity#WarningAttribute.g.verified.cs

  from P:\GitHub\kjldev\purview-telemetry-sourcegenerator\src\Purview.Telemetry.SourceGenerator.IntegrationTests\bin\Release\net10.0\Purview.Telemetry.SourceGenerator.IntegrationTests.dll (net10.0|x64)
  TUnit.Engine.Exceptions.TestFailedException: [Test Failure] VerifyException: Directory: P:\GitHub\kjldev\purview-telemetry-sourcegenerator\src\Purview.Telemetry.SourceGenerator.IntegrationTests\Snapshots
  Delete:
    - TelemetrySourceGeneratorActivityTests.Generate_GivenBasicGenWithReturningActivity_GeneratesActivity.verified.txt
  Equal:
    - Received: TelemetrySourceGeneratorActivityTests.Generate_GivenBasicGenWithReturningActivity_GeneratesActivity#ActivityAttribute.g.received.cs
      Verified: TelemetrySourceGeneratorActivityTests.Generate_GivenBasicGenWithReturningActivity_GeneratesActivity#ActivityAttribute.g.verified.cs
    - Received: TelemetrySourceGeneratorActivityTests.Generate_GivenBasicGenWithReturningActivity_GeneratesActivity#ActivitySourceAttribute.g.received.cs
      Verified: TelemetrySourceGeneratorActivityTests.Generate_GivenBasicGenWithReturningActivity_GeneratesActivity#ActivitySourceAttribute.g.verified.cs
    - Received: TelemetrySourceGeneratorActivityTests.Generate_GivenBasicGenWithReturningActivity_GeneratesActivity#ActivitySourceGenerationAttribute.g.received.cs
      Verified: TelemetrySourceGeneratorActivityTests.Generate_GivenBasicGenWithReturningActivity_GeneratesActivity#ActivitySourceGenerationAttribute.g.verified.cs
    - Received: TelemetrySourceGeneratorActivityTests.Generate_GivenBasicGenWithReturningActivity_GeneratesActivity#AutoCounterAttribute.g.received.cs
      Verified: TelemetrySourceGeneratorActivityTests.Generate_GivenBasicGenWithReturningActivity_GeneratesActivity#AutoCounterAttribute.g.verified.cs
    - Received: TelemetrySourceGeneratorActivityTests.Generate_GivenBasicGenWithReturningActivity_GeneratesActivity#BaggageAttribute.g.received.cs
      Verified: TelemetrySourceGeneratorActivityTests.Generate_GivenBasicGenWithReturningActivity_GeneratesActivity#BaggageAttribute.g.verified.cs
    - Received: TelemetrySourceGeneratorActivityTests.Generate_GivenBasicGenWithReturningActivity_GeneratesActivity#ContextAttribute.g.received.cs
      Verified: TelemetrySourceGeneratorActivityTests.Generate_GivenBasicGenWithReturningActivity_GeneratesActivity#ContextAttribute.g.verified.cs
    - Received: TelemetrySourceGeneratorActivityTests.Generate_GivenBasicGenWithReturningActivity_GeneratesActivity#CounterAttribute.g.received.cs
      Verified: TelemetrySourceGeneratorActivityTests.Generate_GivenBasicGenWithReturningActivity_GeneratesActivity#CounterAttribute.g.verified.cs
    - Received: TelemetrySourceGeneratorActivityTests.Generate_GivenBasicGenWithReturningActivity_GeneratesActivity#CriticalAttribute.g.received.cs
      Verified: TelemetrySourceGeneratorActivityTests.Generate_GivenBasicGenWithReturningActivity_GeneratesActivity#CriticalAttribute.g.verified.cs
    - Received: TelemetrySourceGeneratorActivityTests.Generate_GivenBasicGenWithReturningActivity_GeneratesActivity#DebugAttribute.g.received.cs
      Verified: TelemetrySourceGeneratorActivityTests.Generate_GivenBasicGenWithReturningActivity_GeneratesActivity#DebugAttribute.g.verified.cs
    - Received: TelemetrySourceGeneratorActivityTests.Generate_GivenBasicGenWithReturningActivity_GeneratesActivity#ErrorAttribute.g.received.cs
      Verified: TelemetrySourceGeneratorActivityTests.Generate_GivenBasicGenWithReturningActivity_GeneratesActivity#ErrorAttribute.g.verified.cs
    - Received: TelemetrySourceGeneratorActivityTests.Generate_GivenBasicGenWithReturningActivity_GeneratesActivity#EscapeAttribute.g.received.cs
      Verified: TelemetrySourceGeneratorActivityTests.Generate_GivenBasicGenWithReturningActivity_GeneratesActivity#EscapeAttribute.g.verified.cs
    - Received: TelemetrySourceGeneratorActivityTests.Generate_GivenBasicGenWithReturningActivity_GeneratesActivity#EventAttribute.g.received.cs
      Verified: TelemetrySourceGeneratorActivityTests.Generate_GivenBasicGenWithReturningActivity_GeneratesActivity#EventAttribute.g.verified.cs
    - Received: TelemetrySourceGeneratorActivityTests.Generate_GivenBasicGenWithReturningActivity_GeneratesActivity#ExcludeAttribute.g.received.cs
      Verified: TelemetrySourceGeneratorActivityTests.Generate_GivenBasicGenWithReturningActivity_GeneratesActivity#ExcludeAttribute.g.verified.cs
    - Received: TelemetrySourceGeneratorActivityTests.Generate_GivenBasicGenWithReturningActivity_GeneratesActivity#ExcludeTargetsAttribute.g.received.cs
      Verified: TelemetrySourceGeneratorActivityTests.Generate_GivenBasicGenWithReturningActivity_GeneratesActivity#ExcludeTargetsAttribute.g.verified.cs
    - Received: TelemetrySourceGeneratorActivityTests.Generate_GivenBasicGenWithReturningActivity_GeneratesActivity#ExpandEnumerableAttribute.g.received.cs
      Verified: TelemetrySourceGeneratorActivityTests.Generate_GivenBasicGenWithReturningActivity_GeneratesActivity#ExpandEnumerableAttribute.g.verified.cs
    - Received: TelemetrySourceGeneratorActivityTests.Generate_GivenBasicGenWithReturningActivity_GeneratesActivity#HistogramAttribute.g.received.cs
      Verified: TelemetrySourceGeneratorActivityTests.Generate_GivenBasicGenWithReturningActivity_GeneratesActivity#HistogramAttribute.g.verified.cs
    - Received: TelemetrySourceGeneratorActivityTests.Generate_GivenBasicGenWithReturningActivity_GeneratesActivity#InfoAttribute.g.received.cs
      Verified: TelemetrySourceGeneratorActivityTests.Generate_GivenBasicGenWithReturningActivity_GeneratesActivity#InfoAttribute.g.verified.cs
    - Received: TelemetrySourceGeneratorActivityTests.Generate_GivenBasicGenWithReturningActivity_GeneratesActivity#InstrumentMeasurementAttribute.g.received.cs
      Verified: TelemetrySourceGeneratorActivityTests.Generate_GivenBasicGenWithReturningActivity_GeneratesActivity#InstrumentMeasurementAttribute.g.verified.cs
    - Received: TelemetrySourceGeneratorActivityTests.Generate_GivenBasicGenWithReturningActivity_GeneratesActivity#LogAttribute.g.received.cs
      Verified: TelemetrySourceGeneratorActivityTests.Generate_GivenBasicGenWithReturningActivity_GeneratesActivity#LogAttribute.g.verified.cs
    - Received: TelemetrySourceGeneratorActivityTests.Generate_GivenBasicGenWithReturningActivity_GeneratesActivity#LoggerAttribute.g.received.cs
      Verified: TelemetrySourceGeneratorActivityTests.Generate_GivenBasicGenWithReturningActivity_GeneratesActivity#LoggerAttribute.g.verified.cs
    - Received: TelemetrySourceGeneratorActivityTests.Generate_GivenBasicGenWithReturningActivity_GeneratesActivity#LoggerGenerationAttribute.g.received.cs
      Verified: TelemetrySourceGeneratorActivityTests.Generate_GivenBasicGenWithReturningActivity_GeneratesActivity#LoggerGenerationAttribute.g.verified.cs
    - Received: TelemetrySourceGeneratorActivityTests.Generate_GivenBasicGenWithReturningActivity_GeneratesActivity#LoggerGenerationMode.g.received.cs
      Verified: TelemetrySourceGeneratorActivityTests.Generate_GivenBasicGenWithReturningActivity_GeneratesActivity#LoggerGenerationMode.g.verified.cs
    - Received: TelemetrySourceGeneratorActivityTests.Generate_GivenBasicGenWithReturningActivity_GeneratesActivity#LogPrefixType.g.received.cs
      Verified: TelemetrySourceGeneratorActivityTests.Generate_GivenBasicGenWithReturningActivity_GeneratesActivity#LogPrefixType.g.verified.cs
    - Received: TelemetrySourceGeneratorActivityTests.Generate_GivenBasicGenWithReturningActivity_GeneratesActivity#MeterAttribute.g.received.cs
      Verified: TelemetrySourceGeneratorActivityTests.Generate_GivenBasicGenWithReturningActivity_GeneratesActivity#MeterAttribute.g.verified.cs
    - Received: TelemetrySourceGeneratorActivityTests.Generate_GivenBasicGenWithReturningActivity_GeneratesActivity#MeterGenerationAttribute.g.received.cs
      Verified: TelemetrySourceGeneratorActivityTests.Generate_GivenBasicGenWithReturningActivity_GeneratesActivity#MeterGenerationAttribute.g.verified.cs
    - Received: TelemetrySourceGeneratorActivityTests.Generate_GivenBasicGenWithReturningActivity_GeneratesActivity#MeterNameGenerationType.g.received.cs
      Verified: TelemetrySourceGeneratorActivityTests.Generate_GivenBasicGenWithReturningActivity_GeneratesActivity#MeterNameGenerationType.g.verified.cs
    - Received: TelemetrySourceGeneratorActivityTests.Generate_GivenBasicGenWithReturningActivity_GeneratesActivity#NamingConvention.g.received.cs
      Verified: TelemetrySourceGeneratorActivityTests.Generate_GivenBasicGenWithReturningActivity_GeneratesActivity#NamingConvention.g.verified.cs
    - Received: TelemetrySourceGeneratorActivityTests.Generate_GivenBasicGenWithReturningActivity_GeneratesActivity#ObservableCounterAttribute.g.received.cs
      Verified: TelemetrySourceGeneratorActivityTests.Generate_GivenBasicGenWithReturningActivity_GeneratesActivity#ObservableCounterAttribute.g.verified.cs
    - Received: TelemetrySourceGeneratorActivityTests.Generate_GivenBasicGenWithReturningActivity_GeneratesActivity#ObservableGaugeAttribute.g.received.cs
      Verified: TelemetrySourceGeneratorActivityTests.Generate_GivenBasicGenWithReturningActivity_GeneratesActivity#ObservableGaugeAttribute.g.verified.cs
    - Received: TelemetrySourceGeneratorActivityTests.Generate_GivenBasicGenWithReturningActivity_GeneratesActivity#ObservableUpDownCounterAttribute.g.received.cs
      Verified: TelemetrySourceGeneratorActivityTests.Generate_GivenBasicGenWithReturningActivity_GeneratesActivity#ObservableUpDownCounterAttribute.g.verified.cs
    - Received: TelemetrySourceGeneratorActivityTests.Generate_GivenBasicGenWithReturningActivity_GeneratesActivity#Purview.Telemetry.SourceGenerator.TelemetryNames.g.received.cs
      Verified: TelemetrySourceGeneratorActivityTests.Generate_GivenBasicGenWithReturningActivity_GeneratesActivity#Purview.Telemetry.SourceGenerator.TelemetryNames.g.verified.cs
    - Received: TelemetrySourceGeneratorActivityTests.Generate_GivenBasicGenWithReturningActivity_GeneratesActivity#StatusDescriptionAttribute.g.received.cs
      Verified: TelemetrySourceGeneratorActivityTests.Generate_GivenBasicGenWithReturningActivity_GeneratesActivity#StatusDescriptionAttribute.g.verified.cs
    - Received: TelemetrySourceGeneratorActivityTests.Generate_GivenBasicGenWithReturningActivity_GeneratesActivity#TagAttribute.g.received.cs
      Verified: TelemetrySourceGeneratorActivityTests.Generate_GivenBasicGenWithReturningActivity_GeneratesActivity#TagAttribute.g.verified.cs
    - Received: TelemetrySourceGeneratorActivityTests.Generate_GivenBasicGenWithReturningActivity_GeneratesActivity#Targets.g.received.cs
      Verified: TelemetrySourceGeneratorActivityTests.Generate_GivenBasicGenWithReturningActivity_GeneratesActivity#Targets.g.verified.cs
    - Received: TelemetrySourceGeneratorActivityTests.Generate_GivenBasicGenWithReturningActivity_GeneratesActivity#TelemetryGenerationAttribute.g.received.cs
      Verified: TelemetrySourceGeneratorActivityTests.Generate_GivenBasicGenWithReturningActivity_GeneratesActivity#TelemetryGenerationAttribute.g.verified.cs
    - Received: TelemetrySourceGeneratorActivityTests.Generate_GivenBasicGenWithReturningActivity_GeneratesActivity#Testing.TestActivitiesCore.Activity.g.received.cs
      Verified: TelemetrySourceGeneratorActivityTests.Generate_GivenBasicGenWithReturningActivity_GeneratesActivity#Testing.TestActivitiesCore.Activity.g.verified.cs
    - Received: TelemetrySourceGeneratorActivityTests.Generate_GivenBasicGenWithReturningActivity_GeneratesActivity#TraceAttribute.g.received.cs
      Verified: TelemetrySourceGeneratorActivityTests.Generate_GivenBasicGenWithReturningActivity_GeneratesActivity#TraceAttribute.g.verified.cs
    - Received: TelemetrySourceGeneratorActivityTests.Generate_GivenBasicGenWithReturningActivity_GeneratesActivity#UpDownCounterAttribute.g.received.cs
      Verified: TelemetrySourceGeneratorActivityTests.Generate_GivenBasicGenWithReturningActivity_GeneratesActivity#UpDownCounterAttribute.g.verified.cs
    - Received: TelemetrySourceGeneratorActivityTests.Generate_GivenBasicGenWithReturningActivity_GeneratesActivity#WarningAttribute.g.received.cs
      Verified: TelemetrySourceGeneratorActivityTests.Generate_GivenBasicGenWithReturningActivity_GeneratesActivity#WarningAttribute.g.verified.cs
  
  Standard output
    DBG: --- Adding templates.
    DBG: Adding ActivitySourceGenerationAttribute as ActivitySourceGenerationAttribute.g.cs.
    DBG: Adding ActivitySourceAttribute as ActivitySourceAttribute.g.cs.
    DBG: Adding ActivityAttribute as ActivityAttribute.g.cs.
    DBG: Adding EventAttribute as EventAttribute.g.cs.
    DBG: Adding ContextAttribute as ContextAttribute.g.cs.
    DBG: Adding BaggageAttribute as BaggageAttribute.g.cs.
    DBG: Adding EscapeAttribute as EscapeAttribute.g.cs.
    DBG: Adding StatusDescriptionAttribute as StatusDescriptionAttribute.g.cs.
    DBG: Adding LoggerGenerationAttribute as LoggerGenerationAttribute.g.cs.
    DBG: Adding LoggerAttribute as LoggerAttribute.g.cs.
    DBG: Adding LogAttribute as LogAttribute.g.cs.
    DBG: Adding LogPrefixType as LogPrefixType.g.cs.
    DBG: Adding LoggerGenerationMode as LoggerGenerationMode.g.cs.
    DBG: Adding ExpandEnumerableAttribute as ExpandEnumerableAttribute.g.cs.
    DBG: Adding TraceAttribute as TraceAttribute.g.cs.
    DBG: Adding DebugAttribute as DebugAttribute.g.cs.
    DBG: Adding InfoAttribute as InfoAttribute.g.cs.
    DBG: Adding WarningAttribute as WarningAttribute.g.cs.
    DBG: Adding ErrorAttribute as ErrorAttribute.g.cs.
    DBG: Adding CriticalAttribute as CriticalAttribute.g.cs.
    DBG: Adding MeterGenerationAttribute as MeterGenerationAttribute.g.cs.
    DBG: Adding MeterAttribute as MeterAttribute.g.cs.
    DBG: Adding MeterNameGenerationType as MeterNameGenerationType.g.cs.
    DBG: Adding InstrumentMeasurementAttribute as InstrumentMeasurementAttribute.g.cs.
    DBG: Adding AutoCounterAttribute as AutoCounterAttribute.g.cs.
    DBG: Adding CounterAttribute as CounterAttribute.g.cs.
    DBG: Adding UpDownCounterAttribute as UpDownCounterAttribute.g.cs.
    DBG: Adding HistogramAttribute as HistogramAttribute.g.cs.
    DBG: Adding ObservableCounterAttribute as ObservableCounterAttribute.g.cs.
    DBG: Adding ObservableGaugeAttribute as ObservableGaugeAttribute.g.cs.
    DBG: Adding ObservableUpDownCounterAttribute as ObservableUpDownCounterAttribute.g.cs.
    DBG: Adding TagAttribute as TagAttribute.g.cs.
    DBG: Adding ExcludeAttribute as ExcludeAttribute.g.cs.
    DBG: Adding TelemetryGenerationAttribute as TelemetryGenerationAttribute.g.cs.
    DBG: Adding Targets as Targets.g.cs.
    DBG: Adding NamingConvention as NamingConvention.g.cs.
    DBG: Adding ExcludeTargetsAttribute as ExcludeTargetsAttribute.g.cs.
    DBG: --- Finished adding templates.
    DBG: Found attribute: Purview.Telemetry.ActivitySourceAttribute("testing-activity-source")
    DBG: Found attribute: Purview.Telemetry.TelemetryGenerationAttribute(GenerateDependencyExtension = false)
    DBG: Found attribute: Purview.Telemetry.ActivityAttribute
    DBG: Found explicit activity: Activity.
    DBG: Found Activity method ITestActivities.Activity.
    DBG: Found explicit baggage: stringParam.
    DBG: Found attribute: Purview.Telemetry.BaggageAttribute
    DBG: Found explicit tag: intParam.
    DBG: Found attribute: Purview.Telemetry.TagAttribute
    DBG: Inferring tag: boolParam.
    DBG: Found attribute: Purview.Telemetry.EventAttribute(System.Diagnostics.ActivityStatusCode.Unset)
    DBG: Found explicit event: Event.
    DBG: Found Event method ITestActivities.Event.
    DBG: Found explicit baggage: stringParam.
    DBG: Found attribute: Purview.Telemetry.BaggageAttribute
    DBG: Found explicit tag: intParam.
    DBG: Found attribute: Purview.Telemetry.TagAttribute
    DBG: Inferring tag: boolParam.
    DBG: Activity generation target: Testing.TestActivitiesCore
    DBG: Generating activity class for: Testing.TestActivitiesCore
    DBG: Generating RecordExceptionInternal.
    DIA: Activity return type is not nullable for Activity.
    DBG: Skipping dependency injection emit.
    DBG: Found attribute: Purview.Telemetry.ActivitySourceAttribute("testing-activity-source")
    DBG: Found attribute: Purview.Telemetry.TelemetryGenerationAttribute(GenerateDependencyExtension = false)
    DBG: Found attribute: Purview.Telemetry.ActivityAttribute
    DBG: Found explicit activity: Activity.
    DBG: Found Activity method ITestActivities.Activity.
    DBG: Found explicit baggage: stringParam.
    DBG: Found attribute: Purview.Telemetry.BaggageAttribute
    DBG: Found explicit tag: intParam.
    DBG: Found attribute: Purview.Telemetry.TagAttribute
    DBG: Inferring tag: boolParam.
    DBG: Found attribute: Purview.Telemetry.EventAttribute(System.Diagnostics.ActivityStatusCode.Unset)
    DBG: Found explicit event: Event.
    DBG: Found Event method ITestActivities.Event.
    DBG: Found explicit baggage: stringParam.
    DBG: Found attribute: Purview.Telemetry.BaggageAttribute
    DBG: Found explicit tag: intParam.
    DBG: Found attribute: Purview.Telemetry.TagAttribute
    DBG: Inferring tag: boolParam.
    DBG: Generating Telemetry Names using class 'TelemetryNames'.
    
  Error output
failed Generate_GivenWithNonStringBaggage_RaisesDiagnosticAndGenerates (2s 299ms)
  [Test Failure] VerifyException: Directory: P:\GitHub\kjldev\purview-telemetry-sourcegenerator\src\Purview.Telemetry.SourceGenerator.IntegrationTests\Snapshots
Delete:
  - TelemetrySourceGeneratorActivityTests.Generate_GivenWithNonStringBaggage_RaisesDiagnosticAndGenerates.verified.txt
Equal:
  - Received: TelemetrySourceGeneratorActivityTests.Generate_GivenWithNonStringBaggage_RaisesDiagnosticAndGenerates#ActivityAttribute.g.received.cs
    Verified: TelemetrySourceGeneratorActivityTests.Generate_GivenWithNonStringBaggage_RaisesDiagnosticAndGenerates#ActivityAttribute.g.verified.cs
  - Received: TelemetrySourceGeneratorActivityTests.Generate_GivenWithNonStringBaggage_RaisesDiagnosticAndGenerates#ActivitySourceAttribute.g.received.cs
    Verified: TelemetrySourceGeneratorActivityTests.Generate_GivenWithNonStringBaggage_RaisesDiagnosticAndGenerates#ActivitySourceAttribute.g.verified.cs
  - Received: TelemetrySourceGeneratorActivityTests.Generate_GivenWithNonStringBaggage_RaisesDiagnosticAndGenerates#ActivitySourceGenerationAttribute.g.received.cs
    Verified: TelemetrySourceGeneratorActivityTests.Generate_GivenWithNonStringBaggage_RaisesDiagnosticAndGenerates#ActivitySourceGenerationAttribute.g.verified.cs
  - Received: TelemetrySourceGeneratorActivityTests.Generate_GivenWithNonStringBaggage_RaisesDiagnosticAndGenerates#AutoCounterAttribute.g.received.cs
    Verified: TelemetrySourceGeneratorActivityTests.Generate_GivenWithNonStringBaggage_RaisesDiagnosticAndGenerates#AutoCounterAttribute.g.verified.cs
  - Received: TelemetrySourceGeneratorActivityTests.Generate_GivenWithNonStringBaggage_RaisesDiagnosticAndGenerates#BaggageAttribute.g.received.cs
    Verified: TelemetrySourceGeneratorActivityTests.Generate_GivenWithNonStringBaggage_RaisesDiagnosticAndGenerates#BaggageAttribute.g.verified.cs
  - Received: TelemetrySourceGeneratorActivityTests.Generate_GivenWithNonStringBaggage_RaisesDiagnosticAndGenerates#ContextAttribute.g.received.cs
    Verified: TelemetrySourceGeneratorActivityTests.Generate_GivenWithNonStringBaggage_RaisesDiagnosticAndGenerates#ContextAttribute.g.verified.cs
  - Received: TelemetrySourceGeneratorActivityTests.Generate_GivenWithNonStringBaggage_RaisesDiagnosticAndGenerates#CounterAttribute.g.received.cs
    Verified: TelemetrySourceGeneratorActivityTests.Generate_GivenWithNonStringBaggage_RaisesDiagnosticAndGenerates#CounterAttribute.g.verified.cs
  - Received: TelemetrySourceGeneratorActivityTests.Generate_GivenWithNonStringBaggage_RaisesDiagnosticAndGenerates#CriticalAttribute.g.received.cs
    Verified: TelemetrySourceGeneratorActivityTests.Generate_GivenWithNonStringBaggage_RaisesDiagnosticAndGenerates#CriticalAttribute.g.verified.cs
  - Received: TelemetrySourceGeneratorActivityTests.Generate_GivenWithNonStringBaggage_RaisesDiagnosticAndGenerates#DebugAttribute.g.received.cs
    Verified: TelemetrySourceGeneratorActivityTests.Generate_GivenWithNonStringBaggage_RaisesDiagnosticAndGenerates#DebugAttribute.g.verified.cs
  - Received: TelemetrySourceGeneratorActivityTests.Generate_GivenWithNonStringBaggage_RaisesDiagnosticAndGenerates#ErrorAttribute.g.received.cs
    Verified: TelemetrySourceGeneratorActivityTests.Generate_GivenWithNonStringBaggage_RaisesDiagnosticAndGenerates#ErrorAttribute.g.verified.cs
  - Received: TelemetrySourceGeneratorActivityTests.Generate_GivenWithNonStringBaggage_RaisesDiagnosticAndGenerates#EscapeAttribute.g.received.cs
    Verified: TelemetrySourceGeneratorActivityTests.Generate_GivenWithNonStringBaggage_RaisesDiagnosticAndGenerates#EscapeAttribute.g.verified.cs
  - Received: TelemetrySourceGeneratorActivityTests.Generate_GivenWithNonStringBaggage_RaisesDiagnosticAndGenerates#EventAttribute.g.received.cs
    Verified: TelemetrySourceGeneratorActivityTests.Generate_GivenWithNonStringBaggage_RaisesDiagnosticAndGenerates#EventAttribute.g.verified.cs
  - Received: TelemetrySourceGeneratorActivityTests.Generate_GivenWithNonStringBaggage_RaisesDiagnosticAndGenerates#ExcludeAttribute.g.received.cs
    Verified: TelemetrySourceGeneratorActivityTests.Generate_GivenWithNonStringBaggage_RaisesDiagnosticAndGenerates#ExcludeAttribute.g.verified.cs
  - Received: TelemetrySourceGeneratorActivityTests.Generate_GivenWithNonStringBaggage_RaisesDiagnosticAndGenerates#ExcludeTargetsAttribute.g.received.cs
    Verified: TelemetrySourceGeneratorActivityTests.Generate_GivenWithNonStringBaggage_RaisesDiagnosticAndGenerates#ExcludeTargetsAttribute.g.verified.cs
  - Received: TelemetrySourceGeneratorActivityTests.Generate_GivenWithNonStringBaggage_RaisesDiagnosticAndGenerates#ExpandEnumerableAttribute.g.received.cs
    Verified: TelemetrySourceGeneratorActivityTests.Generate_GivenWithNonStringBaggage_RaisesDiagnosticAndGenerates#ExpandEnumerableAttribute.g.verified.cs
  - Received: TelemetrySourceGeneratorActivityTests.Generate_GivenWithNonStringBaggage_RaisesDiagnosticAndGenerates#HistogramAttribute.g.received.cs
    Verified: TelemetrySourceGeneratorActivityTests.Generate_GivenWithNonStringBaggage_RaisesDiagnosticAndGenerates#HistogramAttribute.g.verified.cs
  - Received: TelemetrySourceGeneratorActivityTests.Generate_GivenWithNonStringBaggage_RaisesDiagnosticAndGenerates#InfoAttribute.g.received.cs
    Verified: TelemetrySourceGeneratorActivityTests.Generate_GivenWithNonStringBaggage_RaisesDiagnosticAndGenerates#InfoAttribute.g.verified.cs
  - Received: TelemetrySourceGeneratorActivityTests.Generate_GivenWithNonStringBaggage_RaisesDiagnosticAndGenerates#InstrumentMeasurementAttribute.g.received.cs
    Verified: TelemetrySourceGeneratorActivityTests.Generate_GivenWithNonStringBaggage_RaisesDiagnosticAndGenerates#InstrumentMeasurementAttribute.g.verified.cs
  - Received: TelemetrySourceGeneratorActivityTests.Generate_GivenWithNonStringBaggage_RaisesDiagnosticAndGenerates#LogAttribute.g.received.cs
    Verified: TelemetrySourceGeneratorActivityTests.Generate_GivenWithNonStringBaggage_RaisesDiagnosticAndGenerates#LogAttribute.g.verified.cs
  - Received: TelemetrySourceGeneratorActivityTests.Generate_GivenWithNonStringBaggage_RaisesDiagnosticAndGenerates#LoggerAttribute.g.received.cs
    Verified: TelemetrySourceGeneratorActivityTests.Generate_GivenWithNonStringBaggage_RaisesDiagnosticAndGenerates#LoggerAttribute.g.verified.cs
  - Received: TelemetrySourceGeneratorActivityTests.Generate_GivenWithNonStringBaggage_RaisesDiagnosticAndGenerates#LoggerGenerationAttribute.g.received.cs
    Verified: TelemetrySourceGeneratorActivityTests.Generate_GivenWithNonStringBaggage_RaisesDiagnosticAndGenerates#LoggerGenerationAttribute.g.verified.cs
  - Received: TelemetrySourceGeneratorActivityTests.Generate_GivenWithNonStringBaggage_RaisesDiagnosticAndGenerates#LoggerGenerationMode.g.received.cs
    Verified: TelemetrySourceGeneratorActivityTests.Generate_GivenWithNonStringBaggage_RaisesDiagnosticAndGenerates#LoggerGenerationMode.g.verified.cs
  - Received: TelemetrySourceGeneratorActivityTests.Generate_GivenWithNonStringBaggage_RaisesDiagnosticAndGenerates#LogPrefixType.g.received.cs
    Verified: TelemetrySourceGeneratorActivityTests.Generate_GivenWithNonStringBaggage_RaisesDiagnosticAndGenerates#LogPrefixType.g.verified.cs
  - Received: TelemetrySourceGeneratorActivityTests.Generate_GivenWithNonStringBaggage_RaisesDiagnosticAndGenerates#MeterAttribute.g.received.cs
    Verified: TelemetrySourceGeneratorActivityTests.Generate_GivenWithNonStringBaggage_RaisesDiagnosticAndGenerates#MeterAttribute.g.verified.cs
  - Received: TelemetrySourceGeneratorActivityTests.Generate_GivenWithNonStringBaggage_RaisesDiagnosticAndGenerates#MeterGenerationAttribute.g.received.cs
    Verified: TelemetrySourceGeneratorActivityTests.Generate_GivenWithNonStringBaggage_RaisesDiagnosticAndGenerates#MeterGenerationAttribute.g.verified.cs
  - Received: TelemetrySourceGeneratorActivityTests.Generate_GivenWithNonStringBaggage_RaisesDiagnosticAndGenerates#MeterNameGenerationType.g.received.cs
    Verified: TelemetrySourceGeneratorActivityTests.Generate_GivenWithNonStringBaggage_RaisesDiagnosticAndGenerates#MeterNameGenerationType.g.verified.cs
  - Received: TelemetrySourceGeneratorActivityTests.Generate_GivenWithNonStringBaggage_RaisesDiagnosticAndGenerates#NamingConvention.g.received.cs
    Verified: TelemetrySourceGeneratorActivityTests.Generate_GivenWithNonStringBaggage_RaisesDiagnosticAndGenerates#NamingConvention.g.verified.cs
  - Received: TelemetrySourceGeneratorActivityTests.Generate_GivenWithNonStringBaggage_RaisesDiagnosticAndGenerates#ObservableCounterAttribute.g.received.cs
    Verified: TelemetrySourceGeneratorActivityTests.Generate_GivenWithNonStringBaggage_RaisesDiagnosticAndGenerates#ObservableCounterAttribute.g.verified.cs
  - Received: TelemetrySourceGeneratorActivityTests.Generate_GivenWithNonStringBaggage_RaisesDiagnosticAndGenerates#ObservableGaugeAttribute.g.received.cs
    Verified: TelemetrySourceGeneratorActivityTests.Generate_GivenWithNonStringBaggage_RaisesDiagnosticAndGenerates#ObservableGaugeAttribute.g.verified.cs
  - Received: TelemetrySourceGeneratorActivityTests.Generate_GivenWithNonStringBaggage_RaisesDiagnosticAndGenerates#ObservableUpDownCounterAttribute.g.received.cs
    Verified: TelemetrySourceGeneratorActivityTests.Generate_GivenWithNonStringBaggage_RaisesDiagnosticAndGenerates#ObservableUpDownCounterAttribute.g.verified.cs
  - Received: TelemetrySourceGeneratorActivityTests.Generate_GivenWithNonStringBaggage_RaisesDiagnosticAndGenerates#Purview.Telemetry.SourceGenerator.TelemetryNames.g.received.cs
    Verified: TelemetrySourceGeneratorActivityTests.Generate_GivenWithNonStringBaggage_RaisesDiagnosticAndGenerates#Purview.Telemetry.SourceGenerator.TelemetryNames.g.verified.cs
  - Received: TelemetrySourceGeneratorActivityTests.Generate_GivenWithNonStringBaggage_RaisesDiagnosticAndGenerates#StatusDescriptionAttribute.g.received.cs
    Verified: TelemetrySourceGeneratorActivityTests.Generate_GivenWithNonStringBaggage_RaisesDiagnosticAndGenerates#StatusDescriptionAttribute.g.verified.cs
  - Received: TelemetrySourceGeneratorActivityTests.Generate_GivenWithNonStringBaggage_RaisesDiagnosticAndGenerates#TagAttribute.g.received.cs
    Verified: TelemetrySourceGeneratorActivityTests.Generate_GivenWithNonStringBaggage_RaisesDiagnosticAndGenerates#TagAttribute.g.verified.cs
  - Received: TelemetrySourceGeneratorActivityTests.Generate_GivenWithNonStringBaggage_RaisesDiagnosticAndGenerates#Targets.g.received.cs
    Verified: TelemetrySourceGeneratorActivityTests.Generate_GivenWithNonStringBaggage_RaisesDiagnosticAndGenerates#Targets.g.verified.cs
  - Received: TelemetrySourceGeneratorActivityTests.Generate_GivenWithNonStringBaggage_RaisesDiagnosticAndGenerates#TelemetryGenerationAttribute.g.received.cs
    Verified: TelemetrySourceGeneratorActivityTests.Generate_GivenWithNonStringBaggage_RaisesDiagnosticAndGenerates#TelemetryGenerationAttribute.g.verified.cs
  - Received: TelemetrySourceGeneratorActivityTests.Generate_GivenWithNonStringBaggage_RaisesDiagnosticAndGenerates#Testing.TestActivitiesCore.Activity.g.received.cs
    Verified: TelemetrySourceGeneratorActivityTests.Generate_GivenWithNonStringBaggage_RaisesDiagnosticAndGenerates#Testing.TestActivitiesCore.Activity.g.verified.cs
  - Received: TelemetrySourceGeneratorActivityTests.Generate_GivenWithNonStringBaggage_RaisesDiagnosticAndGenerates#TraceAttribute.g.received.cs
    Verified: TelemetrySourceGeneratorActivityTests.Generate_GivenWithNonStringBaggage_RaisesDiagnosticAndGenerates#TraceAttribute.g.verified.cs
  - Received: TelemetrySourceGeneratorActivityTests.Generate_GivenWithNonStringBaggage_RaisesDiagnosticAndGenerates#UpDownCounterAttribute.g.received.cs
    Verified: TelemetrySourceGeneratorActivityTests.Generate_GivenWithNonStringBaggage_RaisesDiagnosticAndGenerates#UpDownCounterAttribute.g.verified.cs
  - Received: TelemetrySourceGeneratorActivityTests.Generate_GivenWithNonStringBaggage_RaisesDiagnosticAndGenerates#WarningAttribute.g.received.cs
    Verified: TelemetrySourceGeneratorActivityTests.Generate_GivenWithNonStringBaggage_RaisesDiagnosticAndGenerates#WarningAttribute.g.verified.cs

  from P:\GitHub\kjldev\purview-telemetry-sourcegenerator\src\Purview.Telemetry.SourceGenerator.IntegrationTests\bin\Release\net10.0\Purview.Telemetry.SourceGenerator.IntegrationTests.dll (net10.0|x64)
  TUnit.Engine.Exceptions.TestFailedException: [Test Failure] VerifyException: Directory: P:\GitHub\kjldev\purview-telemetry-sourcegenerator\src\Purview.Telemetry.SourceGenerator.IntegrationTests\Snapshots
  Delete:
    - TelemetrySourceGeneratorActivityTests.Generate_GivenWithNonStringBaggage_RaisesDiagnosticAndGenerates.verified.txt
  Equal:
    - Received: TelemetrySourceGeneratorActivityTests.Generate_GivenWithNonStringBaggage_RaisesDiagnosticAndGenerates#ActivityAttribute.g.received.cs
      Verified: TelemetrySourceGeneratorActivityTests.Generate_GivenWithNonStringBaggage_RaisesDiagnosticAndGenerates#ActivityAttribute.g.verified.cs
    - Received: TelemetrySourceGeneratorActivityTests.Generate_GivenWithNonStringBaggage_RaisesDiagnosticAndGenerates#ActivitySourceAttribute.g.received.cs
      Verified: TelemetrySourceGeneratorActivityTests.Generate_GivenWithNonStringBaggage_RaisesDiagnosticAndGenerates#ActivitySourceAttribute.g.verified.cs
    - Received: TelemetrySourceGeneratorActivityTests.Generate_GivenWithNonStringBaggage_RaisesDiagnosticAndGenerates#ActivitySourceGenerationAttribute.g.received.cs
      Verified: TelemetrySourceGeneratorActivityTests.Generate_GivenWithNonStringBaggage_RaisesDiagnosticAndGenerates#ActivitySourceGenerationAttribute.g.verified.cs
    - Received: TelemetrySourceGeneratorActivityTests.Generate_GivenWithNonStringBaggage_RaisesDiagnosticAndGenerates#AutoCounterAttribute.g.received.cs
      Verified: TelemetrySourceGeneratorActivityTests.Generate_GivenWithNonStringBaggage_RaisesDiagnosticAndGenerates#AutoCounterAttribute.g.verified.cs
    - Received: TelemetrySourceGeneratorActivityTests.Generate_GivenWithNonStringBaggage_RaisesDiagnosticAndGenerates#BaggageAttribute.g.received.cs
      Verified: TelemetrySourceGeneratorActivityTests.Generate_GivenWithNonStringBaggage_RaisesDiagnosticAndGenerates#BaggageAttribute.g.verified.cs
    - Received: TelemetrySourceGeneratorActivityTests.Generate_GivenWithNonStringBaggage_RaisesDiagnosticAndGenerates#ContextAttribute.g.received.cs
      Verified: TelemetrySourceGeneratorActivityTests.Generate_GivenWithNonStringBaggage_RaisesDiagnosticAndGenerates#ContextAttribute.g.verified.cs
    - Received: TelemetrySourceGeneratorActivityTests.Generate_GivenWithNonStringBaggage_RaisesDiagnosticAndGenerates#CounterAttribute.g.received.cs
      Verified: TelemetrySourceGeneratorActivityTests.Generate_GivenWithNonStringBaggage_RaisesDiagnosticAndGenerates#CounterAttribute.g.verified.cs
    - Received: TelemetrySourceGeneratorActivityTests.Generate_GivenWithNonStringBaggage_RaisesDiagnosticAndGenerates#CriticalAttribute.g.received.cs
      Verified: TelemetrySourceGeneratorActivityTests.Generate_GivenWithNonStringBaggage_RaisesDiagnosticAndGenerates#CriticalAttribute.g.verified.cs
    - Received: TelemetrySourceGeneratorActivityTests.Generate_GivenWithNonStringBaggage_RaisesDiagnosticAndGenerates#DebugAttribute.g.received.cs
      Verified: TelemetrySourceGeneratorActivityTests.Generate_GivenWithNonStringBaggage_RaisesDiagnosticAndGenerates#DebugAttribute.g.verified.cs
    - Received: TelemetrySourceGeneratorActivityTests.Generate_GivenWithNonStringBaggage_RaisesDiagnosticAndGenerates#ErrorAttribute.g.received.cs
      Verified: TelemetrySourceGeneratorActivityTests.Generate_GivenWithNonStringBaggage_RaisesDiagnosticAndGenerates#ErrorAttribute.g.verified.cs
    - Received: TelemetrySourceGeneratorActivityTests.Generate_GivenWithNonStringBaggage_RaisesDiagnosticAndGenerates#EscapeAttribute.g.received.cs
      Verified: TelemetrySourceGeneratorActivityTests.Generate_GivenWithNonStringBaggage_RaisesDiagnosticAndGenerates#EscapeAttribute.g.verified.cs
    - Received: TelemetrySourceGeneratorActivityTests.Generate_GivenWithNonStringBaggage_RaisesDiagnosticAndGenerates#EventAttribute.g.received.cs
      Verified: TelemetrySourceGeneratorActivityTests.Generate_GivenWithNonStringBaggage_RaisesDiagnosticAndGenerates#EventAttribute.g.verified.cs
    - Received: TelemetrySourceGeneratorActivityTests.Generate_GivenWithNonStringBaggage_RaisesDiagnosticAndGenerates#ExcludeAttribute.g.received.cs
      Verified: TelemetrySourceGeneratorActivityTests.Generate_GivenWithNonStringBaggage_RaisesDiagnosticAndGenerates#ExcludeAttribute.g.verified.cs
    - Received: TelemetrySourceGeneratorActivityTests.Generate_GivenWithNonStringBaggage_RaisesDiagnosticAndGenerates#ExcludeTargetsAttribute.g.received.cs
      Verified: TelemetrySourceGeneratorActivityTests.Generate_GivenWithNonStringBaggage_RaisesDiagnosticAndGenerates#ExcludeTargetsAttribute.g.verified.cs
    - Received: TelemetrySourceGeneratorActivityTests.Generate_GivenWithNonStringBaggage_RaisesDiagnosticAndGenerates#ExpandEnumerableAttribute.g.received.cs
      Verified: TelemetrySourceGeneratorActivityTests.Generate_GivenWithNonStringBaggage_RaisesDiagnosticAndGenerates#ExpandEnumerableAttribute.g.verified.cs
    - Received: TelemetrySourceGeneratorActivityTests.Generate_GivenWithNonStringBaggage_RaisesDiagnosticAndGenerates#HistogramAttribute.g.received.cs
      Verified: TelemetrySourceGeneratorActivityTests.Generate_GivenWithNonStringBaggage_RaisesDiagnosticAndGenerates#HistogramAttribute.g.verified.cs
    - Received: TelemetrySourceGeneratorActivityTests.Generate_GivenWithNonStringBaggage_RaisesDiagnosticAndGenerates#InfoAttribute.g.received.cs
      Verified: TelemetrySourceGeneratorActivityTests.Generate_GivenWithNonStringBaggage_RaisesDiagnosticAndGenerates#InfoAttribute.g.verified.cs
    - Received: TelemetrySourceGeneratorActivityTests.Generate_GivenWithNonStringBaggage_RaisesDiagnosticAndGenerates#InstrumentMeasurementAttribute.g.received.cs
      Verified: TelemetrySourceGeneratorActivityTests.Generate_GivenWithNonStringBaggage_RaisesDiagnosticAndGenerates#InstrumentMeasurementAttribute.g.verified.cs
    - Received: TelemetrySourceGeneratorActivityTests.Generate_GivenWithNonStringBaggage_RaisesDiagnosticAndGenerates#LogAttribute.g.received.cs
      Verified: TelemetrySourceGeneratorActivityTests.Generate_GivenWithNonStringBaggage_RaisesDiagnosticAndGenerates#LogAttribute.g.verified.cs
    - Received: TelemetrySourceGeneratorActivityTests.Generate_GivenWithNonStringBaggage_RaisesDiagnosticAndGenerates#LoggerAttribute.g.received.cs
      Verified: TelemetrySourceGeneratorActivityTests.Generate_GivenWithNonStringBaggage_RaisesDiagnosticAndGenerates#LoggerAttribute.g.verified.cs
    - Received: TelemetrySourceGeneratorActivityTests.Generate_GivenWithNonStringBaggage_RaisesDiagnosticAndGenerates#LoggerGenerationAttribute.g.received.cs
      Verified: TelemetrySourceGeneratorActivityTests.Generate_GivenWithNonStringBaggage_RaisesDiagnosticAndGenerates#LoggerGenerationAttribute.g.verified.cs
    - Received: TelemetrySourceGeneratorActivityTests.Generate_GivenWithNonStringBaggage_RaisesDiagnosticAndGenerates#LoggerGenerationMode.g.received.cs
      Verified: TelemetrySourceGeneratorActivityTests.Generate_GivenWithNonStringBaggage_RaisesDiagnosticAndGenerates#LoggerGenerationMode.g.verified.cs
    - Received: TelemetrySourceGeneratorActivityTests.Generate_GivenWithNonStringBaggage_RaisesDiagnosticAndGenerates#LogPrefixType.g.received.cs
      Verified: TelemetrySourceGeneratorActivityTests.Generate_GivenWithNonStringBaggage_RaisesDiagnosticAndGenerates#LogPrefixType.g.verified.cs
    - Received: TelemetrySourceGeneratorActivityTests.Generate_GivenWithNonStringBaggage_RaisesDiagnosticAndGenerates#MeterAttribute.g.received.cs
      Verified: TelemetrySourceGeneratorActivityTests.Generate_GivenWithNonStringBaggage_RaisesDiagnosticAndGenerates#MeterAttribute.g.verified.cs
    - Received: TelemetrySourceGeneratorActivityTests.Generate_GivenWithNonStringBaggage_RaisesDiagnosticAndGenerates#MeterGenerationAttribute.g.received.cs
      Verified: TelemetrySourceGeneratorActivityTests.Generate_GivenWithNonStringBaggage_RaisesDiagnosticAndGenerates#MeterGenerationAttribute.g.verified.cs
    - Received: TelemetrySourceGeneratorActivityTests.Generate_GivenWithNonStringBaggage_RaisesDiagnosticAndGenerates#MeterNameGenerationType.g.received.cs
      Verified: TelemetrySourceGeneratorActivityTests.Generate_GivenWithNonStringBaggage_RaisesDiagnosticAndGenerates#MeterNameGenerationType.g.verified.cs
    - Received: TelemetrySourceGeneratorActivityTests.Generate_GivenWithNonStringBaggage_RaisesDiagnosticAndGenerates#NamingConvention.g.received.cs
      Verified: TelemetrySourceGeneratorActivityTests.Generate_GivenWithNonStringBaggage_RaisesDiagnosticAndGenerates#NamingConvention.g.verified.cs
    - Received: TelemetrySourceGeneratorActivityTests.Generate_GivenWithNonStringBaggage_RaisesDiagnosticAndGenerates#ObservableCounterAttribute.g.received.cs
      Verified: TelemetrySourceGeneratorActivityTests.Generate_GivenWithNonStringBaggage_RaisesDiagnosticAndGenerates#ObservableCounterAttribute.g.verified.cs
    - Received: TelemetrySourceGeneratorActivityTests.Generate_GivenWithNonStringBaggage_RaisesDiagnosticAndGenerates#ObservableGaugeAttribute.g.received.cs
      Verified: TelemetrySourceGeneratorActivityTests.Generate_GivenWithNonStringBaggage_RaisesDiagnosticAndGenerates#ObservableGaugeAttribute.g.verified.cs
    - Received: TelemetrySourceGeneratorActivityTests.Generate_GivenWithNonStringBaggage_RaisesDiagnosticAndGenerates#ObservableUpDownCounterAttribute.g.received.cs
      Verified: TelemetrySourceGeneratorActivityTests.Generate_GivenWithNonStringBaggage_RaisesDiagnosticAndGenerates#ObservableUpDownCounterAttribute.g.verified.cs
    - Received: TelemetrySourceGeneratorActivityTests.Generate_GivenWithNonStringBaggage_RaisesDiagnosticAndGenerates#Purview.Telemetry.SourceGenerator.TelemetryNames.g.received.cs
      Verified: TelemetrySourceGeneratorActivityTests.Generate_GivenWithNonStringBaggage_RaisesDiagnosticAndGenerates#Purview.Telemetry.SourceGenerator.TelemetryNames.g.verified.cs
    - Received: TelemetrySourceGeneratorActivityTests.Generate_GivenWithNonStringBaggage_RaisesDiagnosticAndGenerates#StatusDescriptionAttribute.g.received.cs
      Verified: TelemetrySourceGeneratorActivityTests.Generate_GivenWithNonStringBaggage_RaisesDiagnosticAndGenerates#StatusDescriptionAttribute.g.verified.cs
    - Received: TelemetrySourceGeneratorActivityTests.Generate_GivenWithNonStringBaggage_RaisesDiagnosticAndGenerates#TagAttribute.g.received.cs
      Verified: TelemetrySourceGeneratorActivityTests.Generate_GivenWithNonStringBaggage_RaisesDiagnosticAndGenerates#TagAttribute.g.verified.cs
    - Received: TelemetrySourceGeneratorActivityTests.Generate_GivenWithNonStringBaggage_RaisesDiagnosticAndGenerates#Targets.g.received.cs
      Verified: TelemetrySourceGeneratorActivityTests.Generate_GivenWithNonStringBaggage_RaisesDiagnosticAndGenerates#Targets.g.verified.cs
    - Received: TelemetrySourceGeneratorActivityTests.Generate_GivenWithNonStringBaggage_RaisesDiagnosticAndGenerates#TelemetryGenerationAttribute.g.received.cs
      Verified: TelemetrySourceGeneratorActivityTests.Generate_GivenWithNonStringBaggage_RaisesDiagnosticAndGenerates#TelemetryGenerationAttribute.g.verified.cs
    - Received: TelemetrySourceGeneratorActivityTests.Generate_GivenWithNonStringBaggage_RaisesDiagnosticAndGenerates#Testing.TestActivitiesCore.Activity.g.received.cs
      Verified: TelemetrySourceGeneratorActivityTests.Generate_GivenWithNonStringBaggage_RaisesDiagnosticAndGenerates#Testing.TestActivitiesCore.Activity.g.verified.cs
    - Received: TelemetrySourceGeneratorActivityTests.Generate_GivenWithNonStringBaggage_RaisesDiagnosticAndGenerates#TraceAttribute.g.received.cs
      Verified: TelemetrySourceGeneratorActivityTests.Generate_GivenWithNonStringBaggage_RaisesDiagnosticAndGenerates#TraceAttribute.g.verified.cs
    - Received: TelemetrySourceGeneratorActivityTests.Generate_GivenWithNonStringBaggage_RaisesDiagnosticAndGenerates#UpDownCounterAttribute.g.received.cs
      Verified: TelemetrySourceGeneratorActivityTests.Generate_GivenWithNonStringBaggage_RaisesDiagnosticAndGenerates#UpDownCounterAttribute.g.verified.cs
    - Received: TelemetrySourceGeneratorActivityTests.Generate_GivenWithNonStringBaggage_RaisesDiagnosticAndGenerates#WarningAttribute.g.received.cs
      Verified: TelemetrySourceGeneratorActivityTests.Generate_GivenWithNonStringBaggage_RaisesDiagnosticAndGenerates#WarningAttribute.g.verified.cs
  
  Standard output
    DBG: --- Adding templates.
    DBG: Adding ActivitySourceGenerationAttribute as ActivitySourceGenerationAttribute.g.cs.
    DBG: Adding ActivitySourceAttribute as ActivitySourceAttribute.g.cs.
    DBG: Adding ActivityAttribute as ActivityAttribute.g.cs.
    DBG: Adding EventAttribute as EventAttribute.g.cs.
    DBG: Adding ContextAttribute as ContextAttribute.g.cs.
    DBG: Adding BaggageAttribute as BaggageAttribute.g.cs.
    DBG: Adding EscapeAttribute as EscapeAttribute.g.cs.
    DBG: Adding StatusDescriptionAttribute as StatusDescriptionAttribute.g.cs.
    DBG: Adding LoggerGenerationAttribute as LoggerGenerationAttribute.g.cs.
    DBG: Adding LoggerAttribute as LoggerAttribute.g.cs.
    DBG: Adding LogAttribute as LogAttribute.g.cs.
    DBG: Adding LogPrefixType as LogPrefixType.g.cs.
    DBG: Adding LoggerGenerationMode as LoggerGenerationMode.g.cs.
    DBG: Adding ExpandEnumerableAttribute as ExpandEnumerableAttribute.g.cs.
    DBG: Adding TraceAttribute as TraceAttribute.g.cs.
    DBG: Adding DebugAttribute as DebugAttribute.g.cs.
    DBG: Adding InfoAttribute as InfoAttribute.g.cs.
    DBG: Adding WarningAttribute as WarningAttribute.g.cs.
    DBG: Adding ErrorAttribute as ErrorAttribute.g.cs.
    DBG: Adding CriticalAttribute as CriticalAttribute.g.cs.
    DBG: Adding MeterGenerationAttribute as MeterGenerationAttribute.g.cs.
    DBG: Adding MeterAttribute as MeterAttribute.g.cs.
    DBG: Adding MeterNameGenerationType as MeterNameGenerationType.g.cs.
    DBG: Adding InstrumentMeasurementAttribute as InstrumentMeasurementAttribute.g.cs.
    DBG: Adding AutoCounterAttribute as AutoCounterAttribute.g.cs.
    DBG: Adding CounterAttribute as CounterAttribute.g.cs.
    DBG: Adding UpDownCounterAttribute as UpDownCounterAttribute.g.cs.
    DBG: Adding HistogramAttribute as HistogramAttribute.g.cs.
    DBG: Adding ObservableCounterAttribute as ObservableCounterAttribute.g.cs.
    DBG: Adding ObservableGaugeAttribute as ObservableGaugeAttribute.g.cs.
    DBG: Adding ObservableUpDownCounterAttribute as ObservableUpDownCounterAttribute.g.cs.
    DBG: Adding TagAttribute as TagAttribute.g.cs.
    DBG: Adding ExcludeAttribute as ExcludeAttribute.g.cs.
    DBG: Adding TelemetryGenerationAttribute as TelemetryGenerationAttribute.g.cs.
    DBG: Adding Targets as Targets.g.cs.
    DBG: Adding NamingConvention as NamingConvention.g.cs.
    DBG: Adding ExcludeTargetsAttribute as ExcludeTargetsAttribute.g.cs.
    DBG: --- Finished adding templates.
    DBG: Found attribute: Purview.Telemetry.ActivitySourceAttribute("testing-activity-source")
    DBG: Found attribute: Purview.Telemetry.TelemetryGenerationAttribute(GenerateDependencyExtension = false)
    DBG: Found attribute: Purview.Telemetry.ActivityAttribute
    DBG: Found explicit activity: Activity.
    DBG: Found Activity method ITestActivities.Activity.
    DBG: Found explicit baggage: stringNonNullParam.
    DBG: Found attribute: Purview.Telemetry.BaggageAttribute
    DBG: Found explicit baggage: intParam.
    DBG: Found attribute: Purview.Telemetry.BaggageAttribute
    DBG: Found explicit baggage: boolParam.
    DBG: Found attribute: Purview.Telemetry.BaggageAttribute
    DBG: Found attribute: Purview.Telemetry.EventAttribute(System.Diagnostics.ActivityStatusCode.Unset)
    DBG: Found explicit event: Event.
    DBG: Found Event method ITestActivities.Event.
    DBG: Found explicit baggage: stringNullableParam.
    DBG: Found attribute: Purview.Telemetry.BaggageAttribute
    DBG: Found explicit baggage: intParam.
    DBG: Found attribute: Purview.Telemetry.BaggageAttribute
    DBG: Found explicit baggage: boolParam.
    DBG: Found attribute: Purview.Telemetry.BaggageAttribute
    DBG: Found explicit context: Context.
    DBG: Found Context method ITestActivities.Context.
    DBG: Found explicit baggage: objectParam.
    DBG: Found attribute: Purview.Telemetry.BaggageAttribute
    DBG: Found explicit baggage: stringNonNullParam.
    DBG: Found attribute: Purview.Telemetry.BaggageAttribute
    DBG: Found explicit baggage: floatParam.
    DBG: Found attribute: Purview.Telemetry.BaggageAttribute
    DBG: Activity generation target: Testing.TestActivitiesCore
    DBG: Generating activity class for: Testing.TestActivitiesCore
    DBG: Generating RecordExceptionInternal.
    DIA: Found a baggage parameter type that is not a string.
    DIA: Found a baggage parameter type that is not a string.
    DIA: Found a baggage parameter type that is not a string.
    DIA: Found a baggage parameter type that is not a string.
    DIA: Found a baggage parameter type that is not a string.
    DIA: Found a baggage parameter type that is not a string.
    DBG: Skipping dependency injection emit.
    DBG: Found attribute: Purview.Telemetry.ActivitySourceAttribute("testing-activity-source")
    DBG: Found attribute: Purview.Telemetry.TelemetryGenerationAttribute(GenerateDependencyExtension = false)
    DBG: Found attribute: Purview.Telemetry.ActivityAttribute
    DBG: Found explicit activity: Activity.
    DBG: Found Activity method ITestActivities.Activity.
    DBG: Found explicit baggage: stringNonNullParam.
    DBG: Found attribute: Purview.Telemetry.BaggageAttribute
    DBG: Found explicit baggage: intParam.
    DBG: Found attribute: Purview.Telemetry.BaggageAttribute
    DBG: Found explicit baggage: boolParam.
    DBG: Found attribute: Purview.Telemetry.BaggageAttribute
    DBG: Found attribute: Purview.Telemetry.EventAttribute(System.Diagnostics.ActivityStatusCode.Unset)
    DBG: Found explicit event: Event.
    DBG: Found Event method ITestActivities.Event.
    DBG: Found explicit baggage: stringNullableParam.
    DBG: Found attribute: Purview.Telemetry.BaggageAttribute
    DBG: Found explicit baggage: intParam.
    DBG: Found attribute: Purview.Telemetry.BaggageAttribute
    DBG: Found explicit baggage: boolParam.
    DBG: Found attribute: Purview.Telemetry.BaggageAttribute
    DBG: Found explicit context: Context.
    DBG: Found Context method ITestActivities.Context.
    DBG: Found explicit baggage: objectParam.
    DBG: Found attribute: Purview.Telemetry.BaggageAttribute
    DBG: Found explicit baggage: stringNonNullParam.
    DBG: Found attribute: Purview.Telemetry.BaggageAttribute
    DBG: Found explicit baggage: floatParam.
    DBG: Found attribute: Purview.Telemetry.BaggageAttribute
    DBG: Generating Telemetry Names using class 'TelemetryNames'.
    
  Error output
failed Generate_GivenInterfaceWithNoActivityButOtherActivityBasedMethods_GeneratesDiagnostic (4s 456ms)
  [Test Failure] VerifyException: Directory: P:\GitHub\kjldev\purview-telemetry-sourcegenerator\src\Purview.Telemetry.SourceGenerator.IntegrationTests\Snapshots
Delete:
  - TelemetrySourceGeneratorActivityTests.Generate_GivenInterfaceWithNoActivityButOtherActivityBasedMethods_GeneratesDiagnostic.verified.txt
Equal:
  - Received: TelemetrySourceGeneratorActivityTests.Generate_GivenInterfaceWithNoActivityButOtherActivityBasedMethods_GeneratesDiagnostic#ActivityAttribute.g.received.cs
    Verified: TelemetrySourceGeneratorActivityTests.Generate_GivenInterfaceWithNoActivityButOtherActivityBasedMethods_GeneratesDiagnostic#ActivityAttribute.g.verified.cs
  - Received: TelemetrySourceGeneratorActivityTests.Generate_GivenInterfaceWithNoActivityButOtherActivityBasedMethods_GeneratesDiagnostic#ActivitySourceAttribute.g.received.cs
    Verified: TelemetrySourceGeneratorActivityTests.Generate_GivenInterfaceWithNoActivityButOtherActivityBasedMethods_GeneratesDiagnostic#ActivitySourceAttribute.g.verified.cs
  - Received: TelemetrySourceGeneratorActivityTests.Generate_GivenInterfaceWithNoActivityButOtherActivityBasedMethods_GeneratesDiagnostic#ActivitySourceGenerationAttribute.g.received.cs
    Verified: TelemetrySourceGeneratorActivityTests.Generate_GivenInterfaceWithNoActivityButOtherActivityBasedMethods_GeneratesDiagnostic#ActivitySourceGenerationAttribute.g.verified.cs
  - Received: TelemetrySourceGeneratorActivityTests.Generate_GivenInterfaceWithNoActivityButOtherActivityBasedMethods_GeneratesDiagnostic#AutoCounterAttribute.g.received.cs
    Verified: TelemetrySourceGeneratorActivityTests.Generate_GivenInterfaceWithNoActivityButOtherActivityBasedMethods_GeneratesDiagnostic#AutoCounterAttribute.g.verified.cs
  - Received: TelemetrySourceGeneratorActivityTests.Generate_GivenInterfaceWithNoActivityButOtherActivityBasedMethods_GeneratesDiagnostic#BaggageAttribute.g.received.cs
    Verified: TelemetrySourceGeneratorActivityTests.Generate_GivenInterfaceWithNoActivityButOtherActivityBasedMethods_GeneratesDiagnostic#BaggageAttribute.g.verified.cs
  - Received: TelemetrySourceGeneratorActivityTests.Generate_GivenInterfaceWithNoActivityButOtherActivityBasedMethods_GeneratesDiagnostic#ContextAttribute.g.received.cs
    Verified: TelemetrySourceGeneratorActivityTests.Generate_GivenInterfaceWithNoActivityButOtherActivityBasedMethods_GeneratesDiagnostic#ContextAttribute.g.verified.cs
  - Received: TelemetrySourceGeneratorActivityTests.Generate_GivenInterfaceWithNoActivityButOtherActivityBasedMethods_GeneratesDiagnostic#CounterAttribute.g.received.cs
    Verified: TelemetrySourceGeneratorActivityTests.Generate_GivenInterfaceWithNoActivityButOtherActivityBasedMethods_GeneratesDiagnostic#CounterAttribute.g.verified.cs
  - Received: TelemetrySourceGeneratorActivityTests.Generate_GivenInterfaceWithNoActivityButOtherActivityBasedMethods_GeneratesDiagnostic#CriticalAttribute.g.received.cs
    Verified: TelemetrySourceGeneratorActivityTests.Generate_GivenInterfaceWithNoActivityButOtherActivityBasedMethods_GeneratesDiagnostic#CriticalAttribute.g.verified.cs
  - Received: TelemetrySourceGeneratorActivityTests.Generate_GivenInterfaceWithNoActivityButOtherActivityBasedMethods_GeneratesDiagnostic#DebugAttribute.g.received.cs
    Verified: TelemetrySourceGeneratorActivityTests.Generate_GivenInterfaceWithNoActivityButOtherActivityBasedMethods_GeneratesDiagnostic#DebugAttribute.g.verified.cs
  - Received: TelemetrySourceGeneratorActivityTests.Generate_GivenInterfaceWithNoActivityButOtherActivityBasedMethods_GeneratesDiagnostic#ErrorAttribute.g.received.cs
    Verified: TelemetrySourceGeneratorActivityTests.Generate_GivenInterfaceWithNoActivityButOtherActivityBasedMethods_GeneratesDiagnostic#ErrorAttribute.g.verified.cs
  - Received: TelemetrySourceGeneratorActivityTests.Generate_GivenInterfaceWithNoActivityButOtherActivityBasedMethods_GeneratesDiagnostic#EscapeAttribute.g.received.cs
    Verified: TelemetrySourceGeneratorActivityTests.Generate_GivenInterfaceWithNoActivityButOtherActivityBasedMethods_GeneratesDiagnostic#EscapeAttribute.g.verified.cs
  - Received: TelemetrySourceGeneratorActivityTests.Generate_GivenInterfaceWithNoActivityButOtherActivityBasedMethods_GeneratesDiagnostic#EventAttribute.g.received.cs
    Verified: TelemetrySourceGeneratorActivityTests.Generate_GivenInterfaceWithNoActivityButOtherActivityBasedMethods_GeneratesDiagnostic#EventAttribute.g.verified.cs
  - Received: TelemetrySourceGeneratorActivityTests.Generate_GivenInterfaceWithNoActivityButOtherActivityBasedMethods_GeneratesDiagnostic#ExcludeAttribute.g.received.cs
    Verified: TelemetrySourceGeneratorActivityTests.Generate_GivenInterfaceWithNoActivityButOtherActivityBasedMethods_GeneratesDiagnostic#ExcludeAttribute.g.verified.cs
  - Received: TelemetrySourceGeneratorActivityTests.Generate_GivenInterfaceWithNoActivityButOtherActivityBasedMethods_GeneratesDiagnostic#ExcludeTargetsAttribute.g.received.cs
    Verified: TelemetrySourceGeneratorActivityTests.Generate_GivenInterfaceWithNoActivityButOtherActivityBasedMethods_GeneratesDiagnostic#ExcludeTargetsAttribute.g.verified.cs
  - Received: TelemetrySourceGeneratorActivityTests.Generate_GivenInterfaceWithNoActivityButOtherActivityBasedMethods_GeneratesDiagnostic#ExpandEnumerableAttribute.g.received.cs
    Verified: TelemetrySourceGeneratorActivityTests.Generate_GivenInterfaceWithNoActivityButOtherActivityBasedMethods_GeneratesDiagnostic#ExpandEnumerableAttribute.g.verified.cs
  - Received: TelemetrySourceGeneratorActivityTests.Generate_GivenInterfaceWithNoActivityButOtherActivityBasedMethods_GeneratesDiagnostic#HistogramAttribute.g.received.cs
    Verified: TelemetrySourceGeneratorActivityTests.Generate_GivenInterfaceWithNoActivityButOtherActivityBasedMethods_GeneratesDiagnostic#HistogramAttribute.g.verified.cs
  - Received: TelemetrySourceGeneratorActivityTests.Generate_GivenInterfaceWithNoActivityButOtherActivityBasedMethods_GeneratesDiagnostic#InfoAttribute.g.received.cs
    Verified: TelemetrySourceGeneratorActivityTests.Generate_GivenInterfaceWithNoActivityButOtherActivityBasedMethods_GeneratesDiagnostic#InfoAttribute.g.verified.cs
  - Received: TelemetrySourceGeneratorActivityTests.Generate_GivenInterfaceWithNoActivityButOtherActivityBasedMethods_GeneratesDiagnostic#InstrumentMeasurementAttribute.g.received.cs
    Verified: TelemetrySourceGeneratorActivityTests.Generate_GivenInterfaceWithNoActivityButOtherActivityBasedMethods_GeneratesDiagnostic#InstrumentMeasurementAttribute.g.verified.cs
  - Received: TelemetrySourceGeneratorActivityTests.Generate_GivenInterfaceWithNoActivityButOtherActivityBasedMethods_GeneratesDiagnostic#LogAttribute.g.received.cs
    Verified: TelemetrySourceGeneratorActivityTests.Generate_GivenInterfaceWithNoActivityButOtherActivityBasedMethods_GeneratesDiagnostic#LogAttribute.g.verified.cs
  - Received: TelemetrySourceGeneratorActivityTests.Generate_GivenInterfaceWithNoActivityButOtherActivityBasedMethods_GeneratesDiagnostic#LoggerAttribute.g.received.cs
    Verified: TelemetrySourceGeneratorActivityTests.Generate_GivenInterfaceWithNoActivityButOtherActivityBasedMethods_GeneratesDiagnostic#LoggerAttribute.g.verified.cs
  - Received: TelemetrySourceGeneratorActivityTests.Generate_GivenInterfaceWithNoActivityButOtherActivityBasedMethods_GeneratesDiagnostic#LoggerGenerationAttribute.g.received.cs
    Verified: TelemetrySourceGeneratorActivityTests.Generate_GivenInterfaceWithNoActivityButOtherActivityBasedMethods_GeneratesDiagnostic#LoggerGenerationAttribute.g.verified.cs
  - Received: TelemetrySourceGeneratorActivityTests.Generate_GivenInterfaceWithNoActivityButOtherActivityBasedMethods_GeneratesDiagnostic#LoggerGenerationMode.g.received.cs
    Verified: TelemetrySourceGeneratorActivityTests.Generate_GivenInterfaceWithNoActivityButOtherActivityBasedMethods_GeneratesDiagnostic#LoggerGenerationMode.g.verified.cs
  - Received: TelemetrySourceGeneratorActivityTests.Generate_GivenInterfaceWithNoActivityButOtherActivityBasedMethods_GeneratesDiagnostic#LogPrefixType.g.received.cs
    Verified: TelemetrySourceGeneratorActivityTests.Generate_GivenInterfaceWithNoActivityButOtherActivityBasedMethods_GeneratesDiagnostic#LogPrefixType.g.verified.cs
  - Received: TelemetrySourceGeneratorActivityTests.Generate_GivenInterfaceWithNoActivityButOtherActivityBasedMethods_GeneratesDiagnostic#MeterAttribute.g.received.cs
    Verified: TelemetrySourceGeneratorActivityTests.Generate_GivenInterfaceWithNoActivityButOtherActivityBasedMethods_GeneratesDiagnostic#MeterAttribute.g.verified.cs
  - Received: TelemetrySourceGeneratorActivityTests.Generate_GivenInterfaceWithNoActivityButOtherActivityBasedMethods_GeneratesDiagnostic#MeterGenerationAttribute.g.received.cs
    Verified: TelemetrySourceGeneratorActivityTests.Generate_GivenInterfaceWithNoActivityButOtherActivityBasedMethods_GeneratesDiagnostic#MeterGenerationAttribute.g.verified.cs
  - Received: TelemetrySourceGeneratorActivityTests.Generate_GivenInterfaceWithNoActivityButOtherActivityBasedMethods_GeneratesDiagnostic#MeterNameGenerationType.g.received.cs
    Verified: TelemetrySourceGeneratorActivityTests.Generate_GivenInterfaceWithNoActivityButOtherActivityBasedMethods_GeneratesDiagnostic#MeterNameGenerationType.g.verified.cs
  - Received: TelemetrySourceGeneratorActivityTests.Generate_GivenInterfaceWithNoActivityButOtherActivityBasedMethods_GeneratesDiagnostic#NamingConvention.g.received.cs
    Verified: TelemetrySourceGeneratorActivityTests.Generate_GivenInterfaceWithNoActivityButOtherActivityBasedMethods_GeneratesDiagnostic#NamingConvention.g.verified.cs
  - Received: TelemetrySourceGeneratorActivityTests.Generate_GivenInterfaceWithNoActivityButOtherActivityBasedMethods_GeneratesDiagnostic#ObservableCounterAttribute.g.received.cs
    Verified: TelemetrySourceGeneratorActivityTests.Generate_GivenInterfaceWithNoActivityButOtherActivityBasedMethods_GeneratesDiagnostic#ObservableCounterAttribute.g.verified.cs
  - Received: TelemetrySourceGeneratorActivityTests.Generate_GivenInterfaceWithNoActivityButOtherActivityBasedMethods_GeneratesDiagnostic#ObservableGaugeAttribute.g.received.cs
    Verified: TelemetrySourceGeneratorActivityTests.Generate_GivenInterfaceWithNoActivityButOtherActivityBasedMethods_GeneratesDiagnostic#ObservableGaugeAttribute.g.verified.cs
  - Received: TelemetrySourceGeneratorActivityTests.Generate_GivenInterfaceWithNoActivityButOtherActivityBasedMethods_GeneratesDiagnostic#ObservableUpDownCounterAttribute.g.received.cs
    Verified: TelemetrySourceGeneratorActivityTests.Generate_GivenInterfaceWithNoActivityButOtherActivityBasedMethods_GeneratesDiagnostic#ObservableUpDownCounterAttribute.g.verified.cs
  - Received: TelemetrySourceGeneratorActivityTests.Generate_GivenInterfaceWithNoActivityButOtherActivityBasedMethods_GeneratesDiagnostic#Purview.Telemetry.SourceGenerator.TelemetryNames.g.received.cs
    Verified: TelemetrySourceGeneratorActivityTests.Generate_GivenInterfaceWithNoActivityButOtherActivityBasedMethods_GeneratesDiagnostic#Purview.Telemetry.SourceGenerator.TelemetryNames.g.verified.cs
  - Received: TelemetrySourceGeneratorActivityTests.Generate_GivenInterfaceWithNoActivityButOtherActivityBasedMethods_GeneratesDiagnostic#StatusDescriptionAttribute.g.received.cs
    Verified: TelemetrySourceGeneratorActivityTests.Generate_GivenInterfaceWithNoActivityButOtherActivityBasedMethods_GeneratesDiagnostic#StatusDescriptionAttribute.g.verified.cs
  - Received: TelemetrySourceGeneratorActivityTests.Generate_GivenInterfaceWithNoActivityButOtherActivityBasedMethods_GeneratesDiagnostic#TagAttribute.g.received.cs
    Verified: TelemetrySourceGeneratorActivityTests.Generate_GivenInterfaceWithNoActivityButOtherActivityBasedMethods_GeneratesDiagnostic#TagAttribute.g.verified.cs
  - Received: TelemetrySourceGeneratorActivityTests.Generate_GivenInterfaceWithNoActivityButOtherActivityBasedMethods_GeneratesDiagnostic#Targets.g.received.cs
    Verified: TelemetrySourceGeneratorActivityTests.Generate_GivenInterfaceWithNoActivityButOtherActivityBasedMethods_GeneratesDiagnostic#Targets.g.verified.cs
  - Received: TelemetrySourceGeneratorActivityTests.Generate_GivenInterfaceWithNoActivityButOtherActivityBasedMethods_GeneratesDiagnostic#TelemetryGenerationAttribute.g.received.cs
    Verified: TelemetrySourceGeneratorActivityTests.Generate_GivenInterfaceWithNoActivityButOtherActivityBasedMethods_GeneratesDiagnostic#TelemetryGenerationAttribute.g.verified.cs
  - Received: TelemetrySourceGeneratorActivityTests.Generate_GivenInterfaceWithNoActivityButOtherActivityBasedMethods_GeneratesDiagnostic#Testing.TestActivitiesCore.Activity.g.received.cs
    Verified: TelemetrySourceGeneratorActivityTests.Generate_GivenInterfaceWithNoActivityButOtherActivityBasedMethods_GeneratesDiagnostic#Testing.TestActivitiesCore.Activity.g.verified.cs
  - Received: TelemetrySourceGeneratorActivityTests.Generate_GivenInterfaceWithNoActivityButOtherActivityBasedMethods_GeneratesDiagnostic#TraceAttribute.g.received.cs
    Verified: TelemetrySourceGeneratorActivityTests.Generate_GivenInterfaceWithNoActivityButOtherActivityBasedMethods_GeneratesDiagnostic#TraceAttribute.g.verified.cs
  - Received: TelemetrySourceGeneratorActivityTests.Generate_GivenInterfaceWithNoActivityButOtherActivityBasedMethods_GeneratesDiagnostic#UpDownCounterAttribute.g.received.cs
    Verified: TelemetrySourceGeneratorActivityTests.Generate_GivenInterfaceWithNoActivityButOtherActivityBasedMethods_GeneratesDiagnostic#UpDownCounterAttribute.g.verified.cs
  - Received: TelemetrySourceGeneratorActivityTests.Generate_GivenInterfaceWithNoActivityButOtherActivityBasedMethods_GeneratesDiagnostic#WarningAttribute.g.received.cs
    Verified: TelemetrySourceGeneratorActivityTests.Generate_GivenInterfaceWithNoActivityButOtherActivityBasedMethods_GeneratesDiagnostic#WarningAttribute.g.verified.cs

  from P:\GitHub\kjldev\purview-telemetry-sourcegenerator\src\Purview.Telemetry.SourceGenerator.IntegrationTests\bin\Release\net10.0\Purview.Telemetry.SourceGenerator.IntegrationTests.dll (net10.0|x64)
  TUnit.Engine.Exceptions.TestFailedException: [Test Failure] VerifyException: Directory: P:\GitHub\kjldev\purview-telemetry-sourcegenerator\src\Purview.Telemetry.SourceGenerator.IntegrationTests\Snapshots
  Delete:
    - TelemetrySourceGeneratorActivityTests.Generate_GivenInterfaceWithNoActivityButOtherActivityBasedMethods_GeneratesDiagnostic.verified.txt
  Equal:
    - Received: TelemetrySourceGeneratorActivityTests.Generate_GivenInterfaceWithNoActivityButOtherActivityBasedMethods_GeneratesDiagnostic#ActivityAttribute.g.received.cs
      Verified: TelemetrySourceGeneratorActivityTests.Generate_GivenInterfaceWithNoActivityButOtherActivityBasedMethods_GeneratesDiagnostic#ActivityAttribute.g.verified.cs
    - Received: TelemetrySourceGeneratorActivityTests.Generate_GivenInterfaceWithNoActivityButOtherActivityBasedMethods_GeneratesDiagnostic#ActivitySourceAttribute.g.received.cs
      Verified: TelemetrySourceGeneratorActivityTests.Generate_GivenInterfaceWithNoActivityButOtherActivityBasedMethods_GeneratesDiagnostic#ActivitySourceAttribute.g.verified.cs
    - Received: TelemetrySourceGeneratorActivityTests.Generate_GivenInterfaceWithNoActivityButOtherActivityBasedMethods_GeneratesDiagnostic#ActivitySourceGenerationAttribute.g.received.cs
      Verified: TelemetrySourceGeneratorActivityTests.Generate_GivenInterfaceWithNoActivityButOtherActivityBasedMethods_GeneratesDiagnostic#ActivitySourceGenerationAttribute.g.verified.cs
    - Received: TelemetrySourceGeneratorActivityTests.Generate_GivenInterfaceWithNoActivityButOtherActivityBasedMethods_GeneratesDiagnostic#AutoCounterAttribute.g.received.cs
      Verified: TelemetrySourceGeneratorActivityTests.Generate_GivenInterfaceWithNoActivityButOtherActivityBasedMethods_GeneratesDiagnostic#AutoCounterAttribute.g.verified.cs
    - Received: TelemetrySourceGeneratorActivityTests.Generate_GivenInterfaceWithNoActivityButOtherActivityBasedMethods_GeneratesDiagnostic#BaggageAttribute.g.received.cs
      Verified: TelemetrySourceGeneratorActivityTests.Generate_GivenInterfaceWithNoActivityButOtherActivityBasedMethods_GeneratesDiagnostic#BaggageAttribute.g.verified.cs
    - Received: TelemetrySourceGeneratorActivityTests.Generate_GivenInterfaceWithNoActivityButOtherActivityBasedMethods_GeneratesDiagnostic#ContextAttribute.g.received.cs
      Verified: TelemetrySourceGeneratorActivityTests.Generate_GivenInterfaceWithNoActivityButOtherActivityBasedMethods_GeneratesDiagnostic#ContextAttribute.g.verified.cs
    - Received: TelemetrySourceGeneratorActivityTests.Generate_GivenInterfaceWithNoActivityButOtherActivityBasedMethods_GeneratesDiagnostic#CounterAttribute.g.received.cs
      Verified: TelemetrySourceGeneratorActivityTests.Generate_GivenInterfaceWithNoActivityButOtherActivityBasedMethods_GeneratesDiagnostic#CounterAttribute.g.verified.cs
    - Received: TelemetrySourceGeneratorActivityTests.Generate_GivenInterfaceWithNoActivityButOtherActivityBasedMethods_GeneratesDiagnostic#CriticalAttribute.g.received.cs
      Verified: TelemetrySourceGeneratorActivityTests.Generate_GivenInterfaceWithNoActivityButOtherActivityBasedMethods_GeneratesDiagnostic#CriticalAttribute.g.verified.cs
    - Received: TelemetrySourceGeneratorActivityTests.Generate_GivenInterfaceWithNoActivityButOtherActivityBasedMethods_GeneratesDiagnostic#DebugAttribute.g.received.cs
      Verified: TelemetrySourceGeneratorActivityTests.Generate_GivenInterfaceWithNoActivityButOtherActivityBasedMethods_GeneratesDiagnostic#DebugAttribute.g.verified.cs
    - Received: TelemetrySourceGeneratorActivityTests.Generate_GivenInterfaceWithNoActivityButOtherActivityBasedMethods_GeneratesDiagnostic#ErrorAttribute.g.received.cs
      Verified: TelemetrySourceGeneratorActivityTests.Generate_GivenInterfaceWithNoActivityButOtherActivityBasedMethods_GeneratesDiagnostic#ErrorAttribute.g.verified.cs
    - Received: TelemetrySourceGeneratorActivityTests.Generate_GivenInterfaceWithNoActivityButOtherActivityBasedMethods_GeneratesDiagnostic#EscapeAttribute.g.received.cs
      Verified: TelemetrySourceGeneratorActivityTests.Generate_GivenInterfaceWithNoActivityButOtherActivityBasedMethods_GeneratesDiagnostic#EscapeAttribute.g.verified.cs
    - Received: TelemetrySourceGeneratorActivityTests.Generate_GivenInterfaceWithNoActivityButOtherActivityBasedMethods_GeneratesDiagnostic#EventAttribute.g.received.cs
      Verified: TelemetrySourceGeneratorActivityTests.Generate_GivenInterfaceWithNoActivityButOtherActivityBasedMethods_GeneratesDiagnostic#EventAttribute.g.verified.cs
    - Received: TelemetrySourceGeneratorActivityTests.Generate_GivenInterfaceWithNoActivityButOtherActivityBasedMethods_GeneratesDiagnostic#ExcludeAttribute.g.received.cs
      Verified: TelemetrySourceGeneratorActivityTests.Generate_GivenInterfaceWithNoActivityButOtherActivityBasedMethods_GeneratesDiagnostic#ExcludeAttribute.g.verified.cs
    - Received: TelemetrySourceGeneratorActivityTests.Generate_GivenInterfaceWithNoActivityButOtherActivityBasedMethods_GeneratesDiagnostic#ExcludeTargetsAttribute.g.received.cs
      Verified: TelemetrySourceGeneratorActivityTests.Generate_GivenInterfaceWithNoActivityButOtherActivityBasedMethods_GeneratesDiagnostic#ExcludeTargetsAttribute.g.verified.cs
    - Received: TelemetrySourceGeneratorActivityTests.Generate_GivenInterfaceWithNoActivityButOtherActivityBasedMethods_GeneratesDiagnostic#ExpandEnumerableAttribute.g.received.cs
      Verified: TelemetrySourceGeneratorActivityTests.Generate_GivenInterfaceWithNoActivityButOtherActivityBasedMethods_GeneratesDiagnostic#ExpandEnumerableAttribute.g.verified.cs
    - Received: TelemetrySourceGeneratorActivityTests.Generate_GivenInterfaceWithNoActivityButOtherActivityBasedMethods_GeneratesDiagnostic#HistogramAttribute.g.received.cs
      Verified: TelemetrySourceGeneratorActivityTests.Generate_GivenInterfaceWithNoActivityButOtherActivityBasedMethods_GeneratesDiagnostic#HistogramAttribute.g.verified.cs
    - Received: TelemetrySourceGeneratorActivityTests.Generate_GivenInterfaceWithNoActivityButOtherActivityBasedMethods_GeneratesDiagnostic#InfoAttribute.g.received.cs
      Verified: TelemetrySourceGeneratorActivityTests.Generate_GivenInterfaceWithNoActivityButOtherActivityBasedMethods_GeneratesDiagnostic#InfoAttribute.g.verified.cs
    - Received: TelemetrySourceGeneratorActivityTests.Generate_GivenInterfaceWithNoActivityButOtherActivityBasedMethods_GeneratesDiagnostic#InstrumentMeasurementAttribute.g.received.cs
      Verified: TelemetrySourceGeneratorActivityTests.Generate_GivenInterfaceWithNoActivityButOtherActivityBasedMethods_GeneratesDiagnostic#InstrumentMeasurementAttribute.g.verified.cs
    - Received: TelemetrySourceGeneratorActivityTests.Generate_GivenInterfaceWithNoActivityButOtherActivityBasedMethods_GeneratesDiagnostic#LogAttribute.g.received.cs
      Verified: TelemetrySourceGeneratorActivityTests.Generate_GivenInterfaceWithNoActivityButOtherActivityBasedMethods_GeneratesDiagnostic#LogAttribute.g.verified.cs
    - Received: TelemetrySourceGeneratorActivityTests.Generate_GivenInterfaceWithNoActivityButOtherActivityBasedMethods_GeneratesDiagnostic#LoggerAttribute.g.received.cs
      Verified: TelemetrySourceGeneratorActivityTests.Generate_GivenInterfaceWithNoActivityButOtherActivityBasedMethods_GeneratesDiagnostic#LoggerAttribute.g.verified.cs
    - Received: TelemetrySourceGeneratorActivityTests.Generate_GivenInterfaceWithNoActivityButOtherActivityBasedMethods_GeneratesDiagnostic#LoggerGenerationAttribute.g.received.cs
      Verified: TelemetrySourceGeneratorActivityTests.Generate_GivenInterfaceWithNoActivityButOtherActivityBasedMethods_GeneratesDiagnostic#LoggerGenerationAttribute.g.verified.cs
    - Received: TelemetrySourceGeneratorActivityTests.Generate_GivenInterfaceWithNoActivityButOtherActivityBasedMethods_GeneratesDiagnostic#LoggerGenerationMode.g.received.cs
      Verified: TelemetrySourceGeneratorActivityTests.Generate_GivenInterfaceWithNoActivityButOtherActivityBasedMethods_GeneratesDiagnostic#LoggerGenerationMode.g.verified.cs
    - Received: TelemetrySourceGeneratorActivityTests.Generate_GivenInterfaceWithNoActivityButOtherActivityBasedMethods_GeneratesDiagnostic#LogPrefixType.g.received.cs
      Verified: TelemetrySourceGeneratorActivityTests.Generate_GivenInterfaceWithNoActivityButOtherActivityBasedMethods_GeneratesDiagnostic#LogPrefixType.g.verified.cs
    - Received: TelemetrySourceGeneratorActivityTests.Generate_GivenInterfaceWithNoActivityButOtherActivityBasedMethods_GeneratesDiagnostic#MeterAttribute.g.received.cs
      Verified: TelemetrySourceGeneratorActivityTests.Generate_GivenInterfaceWithNoActivityButOtherActivityBasedMethods_GeneratesDiagnostic#MeterAttribute.g.verified.cs
    - Received: TelemetrySourceGeneratorActivityTests.Generate_GivenInterfaceWithNoActivityButOtherActivityBasedMethods_GeneratesDiagnostic#MeterGenerationAttribute.g.received.cs
      Verified: TelemetrySourceGeneratorActivityTests.Generate_GivenInterfaceWithNoActivityButOtherActivityBasedMethods_GeneratesDiagnostic#MeterGenerationAttribute.g.verified.cs
    - Received: TelemetrySourceGeneratorActivityTests.Generate_GivenInterfaceWithNoActivityButOtherActivityBasedMethods_GeneratesDiagnostic#MeterNameGenerationType.g.received.cs
      Verified: TelemetrySourceGeneratorActivityTests.Generate_GivenInterfaceWithNoActivityButOtherActivityBasedMethods_GeneratesDiagnostic#MeterNameGenerationType.g.verified.cs
    - Received: TelemetrySourceGeneratorActivityTests.Generate_GivenInterfaceWithNoActivityButOtherActivityBasedMethods_GeneratesDiagnostic#NamingConvention.g.received.cs
      Verified: TelemetrySourceGeneratorActivityTests.Generate_GivenInterfaceWithNoActivityButOtherActivityBasedMethods_GeneratesDiagnostic#NamingConvention.g.verified.cs
    - Received: TelemetrySourceGeneratorActivityTests.Generate_GivenInterfaceWithNoActivityButOtherActivityBasedMethods_GeneratesDiagnostic#ObservableCounterAttribute.g.received.cs
      Verified: TelemetrySourceGeneratorActivityTests.Generate_GivenInterfaceWithNoActivityButOtherActivityBasedMethods_GeneratesDiagnostic#ObservableCounterAttribute.g.verified.cs
    - Received: TelemetrySourceGeneratorActivityTests.Generate_GivenInterfaceWithNoActivityButOtherActivityBasedMethods_GeneratesDiagnostic#ObservableGaugeAttribute.g.received.cs
      Verified: TelemetrySourceGeneratorActivityTests.Generate_GivenInterfaceWithNoActivityButOtherActivityBasedMethods_GeneratesDiagnostic#ObservableGaugeAttribute.g.verified.cs
    - Received: TelemetrySourceGeneratorActivityTests.Generate_GivenInterfaceWithNoActivityButOtherActivityBasedMethods_GeneratesDiagnostic#ObservableUpDownCounterAttribute.g.received.cs
      Verified: TelemetrySourceGeneratorActivityTests.Generate_GivenInterfaceWithNoActivityButOtherActivityBasedMethods_GeneratesDiagnostic#ObservableUpDownCounterAttribute.g.verified.cs
    - Received: TelemetrySourceGeneratorActivityTests.Generate_GivenInterfaceWithNoActivityButOtherActivityBasedMethods_GeneratesDiagnostic#Purview.Telemetry.SourceGenerator.TelemetryNames.g.received.cs
      Verified: TelemetrySourceGeneratorActivityTests.Generate_GivenInterfaceWithNoActivityButOtherActivityBasedMethods_GeneratesDiagnostic#Purview.Telemetry.SourceGenerator.TelemetryNames.g.verified.cs
    - Received: TelemetrySourceGeneratorActivityTests.Generate_GivenInterfaceWithNoActivityButOtherActivityBasedMethods_GeneratesDiagnostic#StatusDescriptionAttribute.g.received.cs
      Verified: TelemetrySourceGeneratorActivityTests.Generate_GivenInterfaceWithNoActivityButOtherActivityBasedMethods_GeneratesDiagnostic#StatusDescriptionAttribute.g.verified.cs
    - Received: TelemetrySourceGeneratorActivityTests.Generate_GivenInterfaceWithNoActivityButOtherActivityBasedMethods_GeneratesDiagnostic#TagAttribute.g.received.cs
      Verified: TelemetrySourceGeneratorActivityTests.Generate_GivenInterfaceWithNoActivityButOtherActivityBasedMethods_GeneratesDiagnostic#TagAttribute.g.verified.cs
    - Received: TelemetrySourceGeneratorActivityTests.Generate_GivenInterfaceWithNoActivityButOtherActivityBasedMethods_GeneratesDiagnostic#Targets.g.received.cs
      Verified: TelemetrySourceGeneratorActivityTests.Generate_GivenInterfaceWithNoActivityButOtherActivityBasedMethods_GeneratesDiagnostic#Targets.g.verified.cs
    - Received: TelemetrySourceGeneratorActivityTests.Generate_GivenInterfaceWithNoActivityButOtherActivityBasedMethods_GeneratesDiagnostic#TelemetryGenerationAttribute.g.received.cs
      Verified: TelemetrySourceGeneratorActivityTests.Generate_GivenInterfaceWithNoActivityButOtherActivityBasedMethods_GeneratesDiagnostic#TelemetryGenerationAttribute.g.verified.cs
    - Received: TelemetrySourceGeneratorActivityTests.Generate_GivenInterfaceWithNoActivityButOtherActivityBasedMethods_GeneratesDiagnostic#Testing.TestActivitiesCore.Activity.g.received.cs
      Verified: TelemetrySourceGeneratorActivityTests.Generate_GivenInterfaceWithNoActivityButOtherActivityBasedMethods_GeneratesDiagnostic#Testing.TestActivitiesCore.Activity.g.verified.cs
    - Received: TelemetrySourceGeneratorActivityTests.Generate_GivenInterfaceWithNoActivityButOtherActivityBasedMethods_GeneratesDiagnostic#TraceAttribute.g.received.cs
      Verified: TelemetrySourceGeneratorActivityTests.Generate_GivenInterfaceWithNoActivityButOtherActivityBasedMethods_GeneratesDiagnostic#TraceAttribute.g.verified.cs
    - Received: TelemetrySourceGeneratorActivityTests.Generate_GivenInterfaceWithNoActivityButOtherActivityBasedMethods_GeneratesDiagnostic#UpDownCounterAttribute.g.received.cs
      Verified: TelemetrySourceGeneratorActivityTests.Generate_GivenInterfaceWithNoActivityButOtherActivityBasedMethods_GeneratesDiagnostic#UpDownCounterAttribute.g.verified.cs
    - Received: TelemetrySourceGeneratorActivityTests.Generate_GivenInterfaceWithNoActivityButOtherActivityBasedMethods_GeneratesDiagnostic#WarningAttribute.g.received.cs
      Verified: TelemetrySourceGeneratorActivityTests.Generate_GivenInterfaceWithNoActivityButOtherActivityBasedMethods_GeneratesDiagnostic#WarningAttribute.g.verified.cs
  
  Standard output
    DBG: --- Adding templates.
    DBG: Adding ActivitySourceGenerationAttribute as ActivitySourceGenerationAttribute.g.cs.
    DBG: Adding ActivitySourceAttribute as ActivitySourceAttribute.g.cs.
    DBG: Adding ActivityAttribute as ActivityAttribute.g.cs.
    DBG: Adding EventAttribute as EventAttribute.g.cs.
    DBG: Adding ContextAttribute as ContextAttribute.g.cs.
    DBG: Adding BaggageAttribute as BaggageAttribute.g.cs.
    DBG: Adding EscapeAttribute as EscapeAttribute.g.cs.
    DBG: Adding StatusDescriptionAttribute as StatusDescriptionAttribute.g.cs.
    DBG: Adding LoggerGenerationAttribute as LoggerGenerationAttribute.g.cs.
    DBG: Adding LoggerAttribute as LoggerAttribute.g.cs.
    DBG: Adding LogAttribute as LogAttribute.g.cs.
    DBG: Adding LogPrefixType as LogPrefixType.g.cs.
    DBG: Adding LoggerGenerationMode as LoggerGenerationMode.g.cs.
    DBG: Adding ExpandEnumerableAttribute as ExpandEnumerableAttribute.g.cs.
    DBG: Adding TraceAttribute as TraceAttribute.g.cs.
    DBG: Adding DebugAttribute as DebugAttribute.g.cs.
    DBG: Adding InfoAttribute as InfoAttribute.g.cs.
    DBG: Adding WarningAttribute as WarningAttribute.g.cs.
    DBG: Adding ErrorAttribute as ErrorAttribute.g.cs.
    DBG: Adding CriticalAttribute as CriticalAttribute.g.cs.
    DBG: Adding MeterGenerationAttribute as MeterGenerationAttribute.g.cs.
    DBG: Adding MeterAttribute as MeterAttribute.g.cs.
    DBG: Adding MeterNameGenerationType as MeterNameGenerationType.g.cs.
    DBG: Adding InstrumentMeasurementAttribute as InstrumentMeasurementAttribute.g.cs.
    DBG: Adding AutoCounterAttribute as AutoCounterAttribute.g.cs.
    DBG: Adding CounterAttribute as CounterAttribute.g.cs.
    DBG: Adding UpDownCounterAttribute as UpDownCounterAttribute.g.cs.
    DBG: Adding HistogramAttribute as HistogramAttribute.g.cs.
    DBG: Adding ObservableCounterAttribute as ObservableCounterAttribute.g.cs.
    DBG: Adding ObservableGaugeAttribute as ObservableGaugeAttribute.g.cs.
    DBG: Adding ObservableUpDownCounterAttribute as ObservableUpDownCounterAttribute.g.cs.
    DBG: Adding TagAttribute as TagAttribute.g.cs.
    DBG: Adding ExcludeAttribute as ExcludeAttribute.g.cs.
    DBG: Adding TelemetryGenerationAttribute as TelemetryGenerationAttribute.g.cs.
    DBG: Adding Targets as Targets.g.cs.
    DBG: Adding NamingConvention as NamingConvention.g.cs.
    DBG: Adding ExcludeTargetsAttribute as ExcludeTargetsAttribute.g.cs.
    DBG: --- Finished adding templates.
    DBG: Found attribute: Purview.Telemetry.ActivitySourceAttribute("testing-activity-source")
    DBG: Found attribute: Purview.Telemetry.TelemetryGenerationAttribute(GenerateDependencyExtension = false)
    DBG: Found explicit context: Context.
    DBG: Found Context method ITestActivities.Context.
    DBG: Found explicit baggage: stringParam.
    DBG: Found attribute: Purview.Telemetry.BaggageAttribute
    DBG: Found explicit tag: intParam.
    DBG: Found attribute: Purview.Telemetry.TagAttribute
    DBG: Inferring tag: boolParam.
    DBG: Found attribute: Purview.Telemetry.EventAttribute(System.Diagnostics.ActivityStatusCode.Unset)
    DBG: Found explicit event: Event.
    DBG: Found Event method ITestActivities.Event.
    DBG: Found explicit baggage: stringParam.
    DBG: Found attribute: Purview.Telemetry.BaggageAttribute
    DBG: Found explicit tag: intParam.
    DBG: Found attribute: Purview.Telemetry.TagAttribute
    DBG: Inferring tag: boolParam.
    DBG: Activity generation target: Testing.TestActivitiesCore
    DBG: Generating activity class for: Testing.TestActivitiesCore
    DBG: Generating RecordExceptionInternal.
    DIA: There are no Activity methods defined, however there are Events/ Context methods.
    DBG: Skipping dependency injection emit.
    DBG: Found attribute: Purview.Telemetry.ActivitySourceAttribute("testing-activity-source")
    DBG: Found attribute: Purview.Telemetry.TelemetryGenerationAttribute(GenerateDependencyExtension = false)
    DBG: Found explicit context: Context.
    DBG: Found Context method ITestActivities.Context.
    DBG: Found explicit baggage: stringParam.
    DBG: Found attribute: Purview.Telemetry.BaggageAttribute
    DBG: Found explicit tag: intParam.
    DBG: Found attribute: Purview.Telemetry.TagAttribute
    DBG: Inferring tag: boolParam.
    DBG: Found attribute: Purview.Telemetry.EventAttribute(System.Diagnostics.ActivityStatusCode.Unset)
    DBG: Found explicit event: Event.
    DBG: Found Event method ITestActivities.Event.
    DBG: Found explicit baggage: stringParam.
    DBG: Found attribute: Purview.Telemetry.BaggageAttribute
    DBG: Found explicit tag: intParam.
    DBG: Found attribute: Purview.Telemetry.TagAttribute
    DBG: Inferring tag: boolParam.
    DBG: Generating Telemetry Names using class 'TelemetryNames'.
    
  Error output
failed Generate_GivenMethodWithExpandableAndHighMaxCount_GeneratesDiagnostic(100) (4s 069ms)
  [Test Failure] VerifyException: Directory: P:\GitHub\kjldev\purview-telemetry-sourcegenerator\src\Purview.Telemetry.SourceGenerator.IntegrationTests\Snapshots
Delete:
  - TelemetrySourceGeneratorLoggingGen2Tests.Generate_GivenMethodWithExpandableAndHighMaxCount_GeneratesDiagnostic_QNmv0Ds9WRx64Zi24fmFvWe9mEQt75etsa0vZ1a_3aw.verified.txt
Equal:
  - Received: TelemetrySourceGeneratorLoggingGen2Tests.Generate_GivenMethodWithExpandableAndHighMaxCount_GeneratesDiagnostic_QNmv0Ds9WRx64Zi24fmFvWe9mEQt75etsa0vZ1a_3aw#ActivityAttribute.g.received.cs
    Verified: TelemetrySourceGeneratorLoggingGen2Tests.Generate_GivenMethodWithExpandableAndHighMaxCount_GeneratesDiagnostic_QNmv0Ds9WRx64Zi24fmFvWe9mEQt75etsa0vZ1a_3aw#ActivityAttribute.g.verified.cs
  - Received: TelemetrySourceGeneratorLoggingGen2Tests.Generate_GivenMethodWithExpandableAndHighMaxCount_GeneratesDiagnostic_QNmv0Ds9WRx64Zi24fmFvWe9mEQt75etsa0vZ1a_3aw#ActivitySourceAttribute.g.received.cs
    Verified: TelemetrySourceGeneratorLoggingGen2Tests.Generate_GivenMethodWithExpandableAndHighMaxCount_GeneratesDiagnostic_QNmv0Ds9WRx64Zi24fmFvWe9mEQt75etsa0vZ1a_3aw#ActivitySourceAttribute.g.verified.cs
  - Received: TelemetrySourceGeneratorLoggingGen2Tests.Generate_GivenMethodWithExpandableAndHighMaxCount_GeneratesDiagnostic_QNmv0Ds9WRx64Zi24fmFvWe9mEQt75etsa0vZ1a_3aw#ActivitySourceGenerationAttribute.g.received.cs
    Verified: TelemetrySourceGeneratorLoggingGen2Tests.Generate_GivenMethodWithExpandableAndHighMaxCount_GeneratesDiagnostic_QNmv0Ds9WRx64Zi24fmFvWe9mEQt75etsa0vZ1a_3aw#ActivitySourceGenerationAttribute.g.verified.cs
  - Received: TelemetrySourceGeneratorLoggingGen2Tests.Generate_GivenMethodWithExpandableAndHighMaxCount_GeneratesDiagnostic_QNmv0Ds9WRx64Zi24fmFvWe9mEQt75etsa0vZ1a_3aw#AutoCounterAttribute.g.received.cs
    Verified: TelemetrySourceGeneratorLoggingGen2Tests.Generate_GivenMethodWithExpandableAndHighMaxCount_GeneratesDiagnostic_QNmv0Ds9WRx64Zi24fmFvWe9mEQt75etsa0vZ1a_3aw#AutoCounterAttribute.g.verified.cs
  - Received: TelemetrySourceGeneratorLoggingGen2Tests.Generate_GivenMethodWithExpandableAndHighMaxCount_GeneratesDiagnostic_QNmv0Ds9WRx64Zi24fmFvWe9mEQt75etsa0vZ1a_3aw#BaggageAttribute.g.received.cs
    Verified: TelemetrySourceGeneratorLoggingGen2Tests.Generate_GivenMethodWithExpandableAndHighMaxCount_GeneratesDiagnostic_QNmv0Ds9WRx64Zi24fmFvWe9mEQt75etsa0vZ1a_3aw#BaggageAttribute.g.verified.cs
  - Received: TelemetrySourceGeneratorLoggingGen2Tests.Generate_GivenMethodWithExpandableAndHighMaxCount_GeneratesDiagnostic_QNmv0Ds9WRx64Zi24fmFvWe9mEQt75etsa0vZ1a_3aw#ContextAttribute.g.received.cs
    Verified: TelemetrySourceGeneratorLoggingGen2Tests.Generate_GivenMethodWithExpandableAndHighMaxCount_GeneratesDiagnostic_QNmv0Ds9WRx64Zi24fmFvWe9mEQt75etsa0vZ1a_3aw#ContextAttribute.g.verified.cs
  - Received: TelemetrySourceGeneratorLoggingGen2Tests.Generate_GivenMethodWithExpandableAndHighMaxCount_GeneratesDiagnostic_QNmv0Ds9WRx64Zi24fmFvWe9mEQt75etsa0vZ1a_3aw#CounterAttribute.g.received.cs
    Verified: TelemetrySourceGeneratorLoggingGen2Tests.Generate_GivenMethodWithExpandableAndHighMaxCount_GeneratesDiagnostic_QNmv0Ds9WRx64Zi24fmFvWe9mEQt75etsa0vZ1a_3aw#CounterAttribute.g.verified.cs
  - Received: TelemetrySourceGeneratorLoggingGen2Tests.Generate_GivenMethodWithExpandableAndHighMaxCount_GeneratesDiagnostic_QNmv0Ds9WRx64Zi24fmFvWe9mEQt75etsa0vZ1a_3aw#CriticalAttribute.g.received.cs
    Verified: TelemetrySourceGeneratorLoggingGen2Tests.Generate_GivenMethodWithExpandableAndHighMaxCount_GeneratesDiagnostic_QNmv0Ds9WRx64Zi24fmFvWe9mEQt75etsa0vZ1a_3aw#CriticalAttribute.g.verified.cs
  - Received: TelemetrySourceGeneratorLoggingGen2Tests.Generate_GivenMethodWithExpandableAndHighMaxCount_GeneratesDiagnostic_QNmv0Ds9WRx64Zi24fmFvWe9mEQt75etsa0vZ1a_3aw#DebugAttribute.g.received.cs
    Verified: TelemetrySourceGeneratorLoggingGen2Tests.Generate_GivenMethodWithExpandableAndHighMaxCount_GeneratesDiagnostic_QNmv0Ds9WRx64Zi24fmFvWe9mEQt75etsa0vZ1a_3aw#DebugAttribute.g.verified.cs
  - Received: TelemetrySourceGeneratorLoggingGen2Tests.Generate_GivenMethodWithExpandableAndHighMaxCount_GeneratesDiagnostic_QNmv0Ds9WRx64Zi24fmFvWe9mEQt75etsa0vZ1a_3aw#ErrorAttribute.g.received.cs
    Verified: TelemetrySourceGeneratorLoggingGen2Tests.Generate_GivenMethodWithExpandableAndHighMaxCount_GeneratesDiagnostic_QNmv0Ds9WRx64Zi24fmFvWe9mEQt75etsa0vZ1a_3aw#ErrorAttribute.g.verified.cs
  - Received: TelemetrySourceGeneratorLoggingGen2Tests.Generate_GivenMethodWithExpandableAndHighMaxCount_GeneratesDiagnostic_QNmv0Ds9WRx64Zi24fmFvWe9mEQt75etsa0vZ1a_3aw#EscapeAttribute.g.received.cs
    Verified: TelemetrySourceGeneratorLoggingGen2Tests.Generate_GivenMethodWithExpandableAndHighMaxCount_GeneratesDiagnostic_QNmv0Ds9WRx64Zi24fmFvWe9mEQt75etsa0vZ1a_3aw#EscapeAttribute.g.verified.cs
  - Received: TelemetrySourceGeneratorLoggingGen2Tests.Generate_GivenMethodWithExpandableAndHighMaxCount_GeneratesDiagnostic_QNmv0Ds9WRx64Zi24fmFvWe9mEQt75etsa0vZ1a_3aw#EventAttribute.g.received.cs
    Verified: TelemetrySourceGeneratorLoggingGen2Tests.Generate_GivenMethodWithExpandableAndHighMaxCount_GeneratesDiagnostic_QNmv0Ds9WRx64Zi24fmFvWe9mEQt75etsa0vZ1a_3aw#EventAttribute.g.verified.cs
  - Received: TelemetrySourceGeneratorLoggingGen2Tests.Generate_GivenMethodWithExpandableAndHighMaxCount_GeneratesDiagnostic_QNmv0Ds9WRx64Zi24fmFvWe9mEQt75etsa0vZ1a_3aw#ExcludeAttribute.g.received.cs
    Verified: TelemetrySourceGeneratorLoggingGen2Tests.Generate_GivenMethodWithExpandableAndHighMaxCount_GeneratesDiagnostic_QNmv0Ds9WRx64Zi24fmFvWe9mEQt75etsa0vZ1a_3aw#ExcludeAttribute.g.verified.cs
  - Received: TelemetrySourceGeneratorLoggingGen2Tests.Generate_GivenMethodWithExpandableAndHighMaxCount_GeneratesDiagnostic_QNmv0Ds9WRx64Zi24fmFvWe9mEQt75etsa0vZ1a_3aw#ExcludeTargetsAttribute.g.received.cs
    Verified: TelemetrySourceGeneratorLoggingGen2Tests.Generate_GivenMethodWithExpandableAndHighMaxCount_GeneratesDiagnostic_QNmv0Ds9WRx64Zi24fmFvWe9mEQt75etsa0vZ1a_3aw#ExcludeTargetsAttribute.g.verified.cs
  - Received: TelemetrySourceGeneratorLoggingGen2Tests.Generate_GivenMethodWithExpandableAndHighMaxCount_GeneratesDiagnostic_QNmv0Ds9WRx64Zi24fmFvWe9mEQt75etsa0vZ1a_3aw#ExpandEnumerableAttribute.g.received.cs
    Verified: TelemetrySourceGeneratorLoggingGen2Tests.Generate_GivenMethodWithExpandableAndHighMaxCount_GeneratesDiagnostic_QNmv0Ds9WRx64Zi24fmFvWe9mEQt75etsa0vZ1a_3aw#ExpandEnumerableAttribute.g.verified.cs
  - Received: TelemetrySourceGeneratorLoggingGen2Tests.Generate_GivenMethodWithExpandableAndHighMaxCount_GeneratesDiagnostic_QNmv0Ds9WRx64Zi24fmFvWe9mEQt75etsa0vZ1a_3aw#HistogramAttribute.g.received.cs
    Verified: TelemetrySourceGeneratorLoggingGen2Tests.Generate_GivenMethodWithExpandableAndHighMaxCount_GeneratesDiagnostic_QNmv0Ds9WRx64Zi24fmFvWe9mEQt75etsa0vZ1a_3aw#HistogramAttribute.g.verified.cs
  - Received: TelemetrySourceGeneratorLoggingGen2Tests.Generate_GivenMethodWithExpandableAndHighMaxCount_GeneratesDiagnostic_QNmv0Ds9WRx64Zi24fmFvWe9mEQt75etsa0vZ1a_3aw#InfoAttribute.g.received.cs
    Verified: TelemetrySourceGeneratorLoggingGen2Tests.Generate_GivenMethodWithExpandableAndHighMaxCount_GeneratesDiagnostic_QNmv0Ds9WRx64Zi24fmFvWe9mEQt75etsa0vZ1a_3aw#InfoAttribute.g.verified.cs
  - Received: TelemetrySourceGeneratorLoggingGen2Tests.Generate_GivenMethodWithExpandableAndHighMaxCount_GeneratesDiagnostic_QNmv0Ds9WRx64Zi24fmFvWe9mEQt75etsa0vZ1a_3aw#InstrumentMeasurementAttribute.g.received.cs
    Verified: TelemetrySourceGeneratorLoggingGen2Tests.Generate_GivenMethodWithExpandableAndHighMaxCount_GeneratesDiagnostic_QNmv0Ds9WRx64Zi24fmFvWe9mEQt75etsa0vZ1a_3aw#InstrumentMeasurementAttribute.g.verified.cs
  - Received: TelemetrySourceGeneratorLoggingGen2Tests.Generate_GivenMethodWithExpandableAndHighMaxCount_GeneratesDiagnostic_QNmv0Ds9WRx64Zi24fmFvWe9mEQt75etsa0vZ1a_3aw#LogAttribute.g.received.cs
    Verified: TelemetrySourceGeneratorLoggingGen2Tests.Generate_GivenMethodWithExpandableAndHighMaxCount_GeneratesDiagnostic_QNmv0Ds9WRx64Zi24fmFvWe9mEQt75etsa0vZ1a_3aw#LogAttribute.g.verified.cs
  - Received: TelemetrySourceGeneratorLoggingGen2Tests.Generate_GivenMethodWithExpandableAndHighMaxCount_GeneratesDiagnostic_QNmv0Ds9WRx64Zi24fmFvWe9mEQt75etsa0vZ1a_3aw#LoggerAttribute.g.received.cs
    Verified: TelemetrySourceGeneratorLoggingGen2Tests.Generate_GivenMethodWithExpandableAndHighMaxCount_GeneratesDiagnostic_QNmv0Ds9WRx64Zi24fmFvWe9mEQt75etsa0vZ1a_3aw#LoggerAttribute.g.verified.cs
  - Received: TelemetrySourceGeneratorLoggingGen2Tests.Generate_GivenMethodWithExpandableAndHighMaxCount_GeneratesDiagnostic_QNmv0Ds9WRx64Zi24fmFvWe9mEQt75etsa0vZ1a_3aw#LoggerGenerationAttribute.g.received.cs
    Verified: TelemetrySourceGeneratorLoggingGen2Tests.Generate_GivenMethodWithExpandableAndHighMaxCount_GeneratesDiagnostic_QNmv0Ds9WRx64Zi24fmFvWe9mEQt75etsa0vZ1a_3aw#LoggerGenerationAttribute.g.verified.cs
  - Received: TelemetrySourceGeneratorLoggingGen2Tests.Generate_GivenMethodWithExpandableAndHighMaxCount_GeneratesDiagnostic_QNmv0Ds9WRx64Zi24fmFvWe9mEQt75etsa0vZ1a_3aw#LoggerGenerationMode.g.received.cs
    Verified: TelemetrySourceGeneratorLoggingGen2Tests.Generate_GivenMethodWithExpandableAndHighMaxCount_GeneratesDiagnostic_QNmv0Ds9WRx64Zi24fmFvWe9mEQt75etsa0vZ1a_3aw#LoggerGenerationMode.g.verified.cs
  - Received: TelemetrySourceGeneratorLoggingGen2Tests.Generate_GivenMethodWithExpandableAndHighMaxCount_GeneratesDiagnostic_QNmv0Ds9WRx64Zi24fmFvWe9mEQt75etsa0vZ1a_3aw#LogPrefixType.g.received.cs
    Verified: TelemetrySourceGeneratorLoggingGen2Tests.Generate_GivenMethodWithExpandableAndHighMaxCount_GeneratesDiagnostic_QNmv0Ds9WRx64Zi24fmFvWe9mEQt75etsa0vZ1a_3aw#LogPrefixType.g.verified.cs
  - Received: TelemetrySourceGeneratorLoggingGen2Tests.Generate_GivenMethodWithExpandableAndHighMaxCount_GeneratesDiagnostic_QNmv0Ds9WRx64Zi24fmFvWe9mEQt75etsa0vZ1a_3aw#MeterAttribute.g.received.cs
    Verified: TelemetrySourceGeneratorLoggingGen2Tests.Generate_GivenMethodWithExpandableAndHighMaxCount_GeneratesDiagnostic_QNmv0Ds9WRx64Zi24fmFvWe9mEQt75etsa0vZ1a_3aw#MeterAttribute.g.verified.cs
  - Received: TelemetrySourceGeneratorLoggingGen2Tests.Generate_GivenMethodWithExpandableAndHighMaxCount_GeneratesDiagnostic_QNmv0Ds9WRx64Zi24fmFvWe9mEQt75etsa0vZ1a_3aw#MeterGenerationAttribute.g.received.cs
    Verified: TelemetrySourceGeneratorLoggingGen2Tests.Generate_GivenMethodWithExpandableAndHighMaxCount_GeneratesDiagnostic_QNmv0Ds9WRx64Zi24fmFvWe9mEQt75etsa0vZ1a_3aw#MeterGenerationAttribute.g.verified.cs
  - Received: TelemetrySourceGeneratorLoggingGen2Tests.Generate_GivenMethodWithExpandableAndHighMaxCount_GeneratesDiagnostic_QNmv0Ds9WRx64Zi24fmFvWe9mEQt75etsa0vZ1a_3aw#MeterNameGenerationType.g.received.cs
    Verified: TelemetrySourceGeneratorLoggingGen2Tests.Generate_GivenMethodWithExpandableAndHighMaxCount_GeneratesDiagnostic_QNmv0Ds9WRx64Zi24fmFvWe9mEQt75etsa0vZ1a_3aw#MeterNameGenerationType.g.verified.cs
  - Received: TelemetrySourceGeneratorLoggingGen2Tests.Generate_GivenMethodWithExpandableAndHighMaxCount_GeneratesDiagnostic_QNmv0Ds9WRx64Zi24fmFvWe9mEQt75etsa0vZ1a_3aw#NamingConvention.g.received.cs
    Verified: TelemetrySourceGeneratorLoggingGen2Tests.Generate_GivenMethodWithExpandableAndHighMaxCount_GeneratesDiagnostic_QNmv0Ds9WRx64Zi24fmFvWe9mEQt75etsa0vZ1a_3aw#NamingConvention.g.verified.cs
  - Received: TelemetrySourceGeneratorLoggingGen2Tests.Generate_GivenMethodWithExpandableAndHighMaxCount_GeneratesDiagnostic_QNmv0Ds9WRx64Zi24fmFvWe9mEQt75etsa0vZ1a_3aw#ObservableCounterAttribute.g.received.cs
    Verified: TelemetrySourceGeneratorLoggingGen2Tests.Generate_GivenMethodWithExpandableAndHighMaxCount_GeneratesDiagnostic_QNmv0Ds9WRx64Zi24fmFvWe9mEQt75etsa0vZ1a_3aw#ObservableCounterAttribute.g.verified.cs
  - Received: TelemetrySourceGeneratorLoggingGen2Tests.Generate_GivenMethodWithExpandableAndHighMaxCount_GeneratesDiagnostic_QNmv0Ds9WRx64Zi24fmFvWe9mEQt75etsa0vZ1a_3aw#ObservableGaugeAttribute.g.received.cs
    Verified: TelemetrySourceGeneratorLoggingGen2Tests.Generate_GivenMethodWithExpandableAndHighMaxCount_GeneratesDiagnostic_QNmv0Ds9WRx64Zi24fmFvWe9mEQt75etsa0vZ1a_3aw#ObservableGaugeAttribute.g.verified.cs
  - Received: TelemetrySourceGeneratorLoggingGen2Tests.Generate_GivenMethodWithExpandableAndHighMaxCount_GeneratesDiagnostic_QNmv0Ds9WRx64Zi24fmFvWe9mEQt75etsa0vZ1a_3aw#ObservableUpDownCounterAttribute.g.received.cs
    Verified: TelemetrySourceGeneratorLoggingGen2Tests.Generate_GivenMethodWithExpandableAndHighMaxCount_GeneratesDiagnostic_QNmv0Ds9WRx64Zi24fmFvWe9mEQt75etsa0vZ1a_3aw#ObservableUpDownCounterAttribute.g.verified.cs
  - Received: TelemetrySourceGeneratorLoggingGen2Tests.Generate_GivenMethodWithExpandableAndHighMaxCount_GeneratesDiagnostic_QNmv0Ds9WRx64Zi24fmFvWe9mEQt75etsa0vZ1a_3aw#StatusDescriptionAttribute.g.received.cs
    Verified: TelemetrySourceGeneratorLoggingGen2Tests.Generate_GivenMethodWithExpandableAndHighMaxCount_GeneratesDiagnostic_QNmv0Ds9WRx64Zi24fmFvWe9mEQt75etsa0vZ1a_3aw#StatusDescriptionAttribute.g.verified.cs
  - Received: TelemetrySourceGeneratorLoggingGen2Tests.Generate_GivenMethodWithExpandableAndHighMaxCount_GeneratesDiagnostic_QNmv0Ds9WRx64Zi24fmFvWe9mEQt75etsa0vZ1a_3aw#TagAttribute.g.received.cs
    Verified: TelemetrySourceGeneratorLoggingGen2Tests.Generate_GivenMethodWithExpandableAndHighMaxCount_GeneratesDiagnostic_QNmv0Ds9WRx64Zi24fmFvWe9mEQt75etsa0vZ1a_3aw#TagAttribute.g.verified.cs
  - Received: TelemetrySourceGeneratorLoggingGen2Tests.Generate_GivenMethodWithExpandableAndHighMaxCount_GeneratesDiagnostic_QNmv0Ds9WRx64Zi24fmFvWe9mEQt75etsa0vZ1a_3aw#Targets.g.received.cs
    Verified: TelemetrySourceGeneratorLoggingGen2Tests.Generate_GivenMethodWithExpandableAndHighMaxCount_GeneratesDiagnostic_QNmv0Ds9WRx64Zi24fmFvWe9mEQt75etsa0vZ1a_3aw#Targets.g.verified.cs
  - Received: TelemetrySourceGeneratorLoggingGen2Tests.Generate_GivenMethodWithExpandableAndHighMaxCount_GeneratesDiagnostic_QNmv0Ds9WRx64Zi24fmFvWe9mEQt75etsa0vZ1a_3aw#TelemetryGenerationAttribute.g.received.cs
    Verified: TelemetrySourceGeneratorLoggingGen2Tests.Generate_GivenMethodWithExpandableAndHighMaxCount_GeneratesDiagnostic_QNmv0Ds9WRx64Zi24fmFvWe9mEQt75etsa0vZ1a_3aw#TelemetryGenerationAttribute.g.verified.cs
  - Received: TelemetrySourceGeneratorLoggingGen2Tests.Generate_GivenMethodWithExpandableAndHighMaxCount_GeneratesDiagnostic_QNmv0Ds9WRx64Zi24fmFvWe9mEQt75etsa0vZ1a_3aw#Testing.TestLoggerCore.Logging.g.received.cs
    Verified: TelemetrySourceGeneratorLoggingGen2Tests.Generate_GivenMethodWithExpandableAndHighMaxCount_GeneratesDiagnostic_QNmv0Ds9WRx64Zi24fmFvWe9mEQt75etsa0vZ1a_3aw#Testing.TestLoggerCore.Logging.g.verified.cs
  - Received: TelemetrySourceGeneratorLoggingGen2Tests.Generate_GivenMethodWithExpandableAndHighMaxCount_GeneratesDiagnostic_QNmv0Ds9WRx64Zi24fmFvWe9mEQt75etsa0vZ1a_3aw#TraceAttribute.g.received.cs
    Verified: TelemetrySourceGeneratorLoggingGen2Tests.Generate_GivenMethodWithExpandableAndHighMaxCount_GeneratesDiagnostic_QNmv0Ds9WRx64Zi24fmFvWe9mEQt75etsa0vZ1a_3aw#TraceAttribute.g.verified.cs
  - Received: TelemetrySourceGeneratorLoggingGen2Tests.Generate_GivenMethodWithExpandableAndHighMaxCount_GeneratesDiagnostic_QNmv0Ds9WRx64Zi24fmFvWe9mEQt75etsa0vZ1a_3aw#UpDownCounterAttribute.g.received.cs
    Verified: TelemetrySourceGeneratorLoggingGen2Tests.Generate_GivenMethodWithExpandableAndHighMaxCount_GeneratesDiagnostic_QNmv0Ds9WRx64Zi24fmFvWe9mEQt75etsa0vZ1a_3aw#UpDownCounterAttribute.g.verified.cs
  - Received: TelemetrySourceGeneratorLoggingGen2Tests.Generate_GivenMethodWithExpandableAndHighMaxCount_GeneratesDiagnostic_QNmv0Ds9WRx64Zi24fmFvWe9mEQt75etsa0vZ1a_3aw#WarningAttribute.g.received.cs
    Verified: TelemetrySourceGeneratorLoggingGen2Tests.Generate_GivenMethodWithExpandableAndHighMaxCount_GeneratesDiagnostic_QNmv0Ds9WRx64Zi24fmFvWe9mEQt75etsa0vZ1a_3aw#WarningAttribute.g.verified.cs

  from P:\GitHub\kjldev\purview-telemetry-sourcegenerator\src\Purview.Telemetry.SourceGenerator.IntegrationTests\bin\Release\net10.0\Purview.Telemetry.SourceGenerator.IntegrationTests.dll (net10.0|x64)
  TUnit.Engine.Exceptions.TestFailedException: [Test Failure] VerifyException: Directory: P:\GitHub\kjldev\purview-telemetry-sourcegenerator\src\Purview.Telemetry.SourceGenerator.IntegrationTests\Snapshots
  Delete:
    - TelemetrySourceGeneratorLoggingGen2Tests.Generate_GivenMethodWithExpandableAndHighMaxCount_GeneratesDiagnostic_QNmv0Ds9WRx64Zi24fmFvWe9mEQt75etsa0vZ1a_3aw.verified.txt
  Equal:
    - Received: TelemetrySourceGeneratorLoggingGen2Tests.Generate_GivenMethodWithExpandableAndHighMaxCount_GeneratesDiagnostic_QNmv0Ds9WRx64Zi24fmFvWe9mEQt75etsa0vZ1a_3aw#ActivityAttribute.g.received.cs
      Verified: TelemetrySourceGeneratorLoggingGen2Tests.Generate_GivenMethodWithExpandableAndHighMaxCount_GeneratesDiagnostic_QNmv0Ds9WRx64Zi24fmFvWe9mEQt75etsa0vZ1a_3aw#ActivityAttribute.g.verified.cs
    - Received: TelemetrySourceGeneratorLoggingGen2Tests.Generate_GivenMethodWithExpandableAndHighMaxCount_GeneratesDiagnostic_QNmv0Ds9WRx64Zi24fmFvWe9mEQt75etsa0vZ1a_3aw#ActivitySourceAttribute.g.received.cs
      Verified: TelemetrySourceGeneratorLoggingGen2Tests.Generate_GivenMethodWithExpandableAndHighMaxCount_GeneratesDiagnostic_QNmv0Ds9WRx64Zi24fmFvWe9mEQt75etsa0vZ1a_3aw#ActivitySourceAttribute.g.verified.cs
    - Received: TelemetrySourceGeneratorLoggingGen2Tests.Generate_GivenMethodWithExpandableAndHighMaxCount_GeneratesDiagnostic_QNmv0Ds9WRx64Zi24fmFvWe9mEQt75etsa0vZ1a_3aw#ActivitySourceGenerationAttribute.g.received.cs
      Verified: TelemetrySourceGeneratorLoggingGen2Tests.Generate_GivenMethodWithExpandableAndHighMaxCount_GeneratesDiagnostic_QNmv0Ds9WRx64Zi24fmFvWe9mEQt75etsa0vZ1a_3aw#ActivitySourceGenerationAttribute.g.verified.cs
    - Received: TelemetrySourceGeneratorLoggingGen2Tests.Generate_GivenMethodWithExpandableAndHighMaxCount_GeneratesDiagnostic_QNmv0Ds9WRx64Zi24fmFvWe9mEQt75etsa0vZ1a_3aw#AutoCounterAttribute.g.received.cs
      Verified: TelemetrySourceGeneratorLoggingGen2Tests.Generate_GivenMethodWithExpandableAndHighMaxCount_GeneratesDiagnostic_QNmv0Ds9WRx64Zi24fmFvWe9mEQt75etsa0vZ1a_3aw#AutoCounterAttribute.g.verified.cs
    - Received: TelemetrySourceGeneratorLoggingGen2Tests.Generate_GivenMethodWithExpandableAndHighMaxCount_GeneratesDiagnostic_QNmv0Ds9WRx64Zi24fmFvWe9mEQt75etsa0vZ1a_3aw#BaggageAttribute.g.received.cs
      Verified: TelemetrySourceGeneratorLoggingGen2Tests.Generate_GivenMethodWithExpandableAndHighMaxCount_GeneratesDiagnostic_QNmv0Ds9WRx64Zi24fmFvWe9mEQt75etsa0vZ1a_3aw#BaggageAttribute.g.verified.cs
    - Received: TelemetrySourceGeneratorLoggingGen2Tests.Generate_GivenMethodWithExpandableAndHighMaxCount_GeneratesDiagnostic_QNmv0Ds9WRx64Zi24fmFvWe9mEQt75etsa0vZ1a_3aw#ContextAttribute.g.received.cs
      Verified: TelemetrySourceGeneratorLoggingGen2Tests.Generate_GivenMethodWithExpandableAndHighMaxCount_GeneratesDiagnostic_QNmv0Ds9WRx64Zi24fmFvWe9mEQt75etsa0vZ1a_3aw#ContextAttribute.g.verified.cs
    - Received: TelemetrySourceGeneratorLoggingGen2Tests.Generate_GivenMethodWithExpandableAndHighMaxCount_GeneratesDiagnostic_QNmv0Ds9WRx64Zi24fmFvWe9mEQt75etsa0vZ1a_3aw#CounterAttribute.g.received.cs
      Verified: TelemetrySourceGeneratorLoggingGen2Tests.Generate_GivenMethodWithExpandableAndHighMaxCount_GeneratesDiagnostic_QNmv0Ds9WRx64Zi24fmFvWe9mEQt75etsa0vZ1a_3aw#CounterAttribute.g.verified.cs
    - Received: TelemetrySourceGeneratorLoggingGen2Tests.Generate_GivenMethodWithExpandableAndHighMaxCount_GeneratesDiagnostic_QNmv0Ds9WRx64Zi24fmFvWe9mEQt75etsa0vZ1a_3aw#CriticalAttribute.g.received.cs
      Verified: TelemetrySourceGeneratorLoggingGen2Tests.Generate_GivenMethodWithExpandableAndHighMaxCount_GeneratesDiagnostic_QNmv0Ds9WRx64Zi24fmFvWe9mEQt75etsa0vZ1a_3aw#CriticalAttribute.g.verified.cs
    - Received: TelemetrySourceGeneratorLoggingGen2Tests.Generate_GivenMethodWithExpandableAndHighMaxCount_GeneratesDiagnostic_QNmv0Ds9WRx64Zi24fmFvWe9mEQt75etsa0vZ1a_3aw#DebugAttribute.g.received.cs
      Verified: TelemetrySourceGeneratorLoggingGen2Tests.Generate_GivenMethodWithExpandableAndHighMaxCount_GeneratesDiagnostic_QNmv0Ds9WRx64Zi24fmFvWe9mEQt75etsa0vZ1a_3aw#DebugAttribute.g.verified.cs
    - Received: TelemetrySourceGeneratorLoggingGen2Tests.Generate_GivenMethodWithExpandableAndHighMaxCount_GeneratesDiagnostic_QNmv0Ds9WRx64Zi24fmFvWe9mEQt75etsa0vZ1a_3aw#ErrorAttribute.g.received.cs
      Verified: TelemetrySourceGeneratorLoggingGen2Tests.Generate_GivenMethodWithExpandableAndHighMaxCount_GeneratesDiagnostic_QNmv0Ds9WRx64Zi24fmFvWe9mEQt75etsa0vZ1a_3aw#ErrorAttribute.g.verified.cs
    - Received: TelemetrySourceGeneratorLoggingGen2Tests.Generate_GivenMethodWithExpandableAndHighMaxCount_GeneratesDiagnostic_QNmv0Ds9WRx64Zi24fmFvWe9mEQt75etsa0vZ1a_3aw#EscapeAttribute.g.received.cs
      Verified: TelemetrySourceGeneratorLoggingGen2Tests.Generate_GivenMethodWithExpandableAndHighMaxCount_GeneratesDiagnostic_QNmv0Ds9WRx64Zi24fmFvWe9mEQt75etsa0vZ1a_3aw#EscapeAttribute.g.verified.cs
    - Received: TelemetrySourceGeneratorLoggingGen2Tests.Generate_GivenMethodWithExpandableAndHighMaxCount_GeneratesDiagnostic_QNmv0Ds9WRx64Zi24fmFvWe9mEQt75etsa0vZ1a_3aw#EventAttribute.g.received.cs
      Verified: TelemetrySourceGeneratorLoggingGen2Tests.Generate_GivenMethodWithExpandableAndHighMaxCount_GeneratesDiagnostic_QNmv0Ds9WRx64Zi24fmFvWe9mEQt75etsa0vZ1a_3aw#EventAttribute.g.verified.cs
    - Received: TelemetrySourceGeneratorLoggingGen2Tests.Generate_GivenMethodWithExpandableAndHighMaxCount_GeneratesDiagnostic_QNmv0Ds9WRx64Zi24fmFvWe9mEQt75etsa0vZ1a_3aw#ExcludeAttribute.g.received.cs
      Verified: TelemetrySourceGeneratorLoggingGen2Tests.Generate_GivenMethodWithExpandableAndHighMaxCount_GeneratesDiagnostic_QNmv0Ds9WRx64Zi24fmFvWe9mEQt75etsa0vZ1a_3aw#ExcludeAttribute.g.verified.cs
    - Received: TelemetrySourceGeneratorLoggingGen2Tests.Generate_GivenMethodWithExpandableAndHighMaxCount_GeneratesDiagnostic_QNmv0Ds9WRx64Zi24fmFvWe9mEQt75etsa0vZ1a_3aw#ExcludeTargetsAttribute.g.received.cs
      Verified: TelemetrySourceGeneratorLoggingGen2Tests.Generate_GivenMethodWithExpandableAndHighMaxCount_GeneratesDiagnostic_QNmv0Ds9WRx64Zi24fmFvWe9mEQt75etsa0vZ1a_3aw#ExcludeTargetsAttribute.g.verified.cs
    - Received: TelemetrySourceGeneratorLoggingGen2Tests.Generate_GivenMethodWithExpandableAndHighMaxCount_GeneratesDiagnostic_QNmv0Ds9WRx64Zi24fmFvWe9mEQt75etsa0vZ1a_3aw#ExpandEnumerableAttribute.g.received.cs
      Verified: TelemetrySourceGeneratorLoggingGen2Tests.Generate_GivenMethodWithExpandableAndHighMaxCount_GeneratesDiagnostic_QNmv0Ds9WRx64Zi24fmFvWe9mEQt75etsa0vZ1a_3aw#ExpandEnumerableAttribute.g.verified.cs
    - Received: TelemetrySourceGeneratorLoggingGen2Tests.Generate_GivenMethodWithExpandableAndHighMaxCount_GeneratesDiagnostic_QNmv0Ds9WRx64Zi24fmFvWe9mEQt75etsa0vZ1a_3aw#HistogramAttribute.g.received.cs
      Verified: TelemetrySourceGeneratorLoggingGen2Tests.Generate_GivenMethodWithExpandableAndHighMaxCount_GeneratesDiagnostic_QNmv0Ds9WRx64Zi24fmFvWe9mEQt75etsa0vZ1a_3aw#HistogramAttribute.g.verified.cs
    - Received: TelemetrySourceGeneratorLoggingGen2Tests.Generate_GivenMethodWithExpandableAndHighMaxCount_GeneratesDiagnostic_QNmv0Ds9WRx64Zi24fmFvWe9mEQt75etsa0vZ1a_3aw#InfoAttribute.g.received.cs
      Verified: TelemetrySourceGeneratorLoggingGen2Tests.Generate_GivenMethodWithExpandableAndHighMaxCount_GeneratesDiagnostic_QNmv0Ds9WRx64Zi24fmFvWe9mEQt75etsa0vZ1a_3aw#InfoAttribute.g.verified.cs
    - Received: TelemetrySourceGeneratorLoggingGen2Tests.Generate_GivenMethodWithExpandableAndHighMaxCount_GeneratesDiagnostic_QNmv0Ds9WRx64Zi24fmFvWe9mEQt75etsa0vZ1a_3aw#InstrumentMeasurementAttribute.g.received.cs
      Verified: TelemetrySourceGeneratorLoggingGen2Tests.Generate_GivenMethodWithExpandableAndHighMaxCount_GeneratesDiagnostic_QNmv0Ds9WRx64Zi24fmFvWe9mEQt75etsa0vZ1a_3aw#InstrumentMeasurementAttribute.g.verified.cs
    - Received: TelemetrySourceGeneratorLoggingGen2Tests.Generate_GivenMethodWithExpandableAndHighMaxCount_GeneratesDiagnostic_QNmv0Ds9WRx64Zi24fmFvWe9mEQt75etsa0vZ1a_3aw#LogAttribute.g.received.cs
      Verified: TelemetrySourceGeneratorLoggingGen2Tests.Generate_GivenMethodWithExpandableAndHighMaxCount_GeneratesDiagnostic_QNmv0Ds9WRx64Zi24fmFvWe9mEQt75etsa0vZ1a_3aw#LogAttribute.g.verified.cs
    - Received: TelemetrySourceGeneratorLoggingGen2Tests.Generate_GivenMethodWithExpandableAndHighMaxCount_GeneratesDiagnostic_QNmv0Ds9WRx64Zi24fmFvWe9mEQt75etsa0vZ1a_3aw#LoggerAttribute.g.received.cs
      Verified: TelemetrySourceGeneratorLoggingGen2Tests.Generate_GivenMethodWithExpandableAndHighMaxCount_GeneratesDiagnostic_QNmv0Ds9WRx64Zi24fmFvWe9mEQt75etsa0vZ1a_3aw#LoggerAttribute.g.verified.cs
    - Received: TelemetrySourceGeneratorLoggingGen2Tests.Generate_GivenMethodWithExpandableAndHighMaxCount_GeneratesDiagnostic_QNmv0Ds9WRx64Zi24fmFvWe9mEQt75etsa0vZ1a_3aw#LoggerGenerationAttribute.g.received.cs
      Verified: TelemetrySourceGeneratorLoggingGen2Tests.Generate_GivenMethodWithExpandableAndHighMaxCount_GeneratesDiagnostic_QNmv0Ds9WRx64Zi24fmFvWe9mEQt75etsa0vZ1a_3aw#LoggerGenerationAttribute.g.verified.cs
    - Received: TelemetrySourceGeneratorLoggingGen2Tests.Generate_GivenMethodWithExpandableAndHighMaxCount_GeneratesDiagnostic_QNmv0Ds9WRx64Zi24fmFvWe9mEQt75etsa0vZ1a_3aw#LoggerGenerationMode.g.received.cs
      Verified: TelemetrySourceGeneratorLoggingGen2Tests.Generate_GivenMethodWithExpandableAndHighMaxCount_GeneratesDiagnostic_QNmv0Ds9WRx64Zi24fmFvWe9mEQt75etsa0vZ1a_3aw#LoggerGenerationMode.g.verified.cs
    - Received: TelemetrySourceGeneratorLoggingGen2Tests.Generate_GivenMethodWithExpandableAndHighMaxCount_GeneratesDiagnostic_QNmv0Ds9WRx64Zi24fmFvWe9mEQt75etsa0vZ1a_3aw#LogPrefixType.g.received.cs
      Verified: TelemetrySourceGeneratorLoggingGen2Tests.Generate_GivenMethodWithExpandableAndHighMaxCount_GeneratesDiagnostic_QNmv0Ds9WRx64Zi24fmFvWe9mEQt75etsa0vZ1a_3aw#LogPrefixType.g.verified.cs
    - Received: TelemetrySourceGeneratorLoggingGen2Tests.Generate_GivenMethodWithExpandableAndHighMaxCount_GeneratesDiagnostic_QNmv0Ds9WRx64Zi24fmFvWe9mEQt75etsa0vZ1a_3aw#MeterAttribute.g.received.cs
      Verified: TelemetrySourceGeneratorLoggingGen2Tests.Generate_GivenMethodWithExpandableAndHighMaxCount_GeneratesDiagnostic_QNmv0Ds9WRx64Zi24fmFvWe9mEQt75etsa0vZ1a_3aw#MeterAttribute.g.verified.cs
    - Received: TelemetrySourceGeneratorLoggingGen2Tests.Generate_GivenMethodWithExpandableAndHighMaxCount_GeneratesDiagnostic_QNmv0Ds9WRx64Zi24fmFvWe9mEQt75etsa0vZ1a_3aw#MeterGenerationAttribute.g.received.cs
      Verified: TelemetrySourceGeneratorLoggingGen2Tests.Generate_GivenMethodWithExpandableAndHighMaxCount_GeneratesDiagnostic_QNmv0Ds9WRx64Zi24fmFvWe9mEQt75etsa0vZ1a_3aw#MeterGenerationAttribute.g.verified.cs
    - Received: TelemetrySourceGeneratorLoggingGen2Tests.Generate_GivenMethodWithExpandableAndHighMaxCount_GeneratesDiagnostic_QNmv0Ds9WRx64Zi24fmFvWe9mEQt75etsa0vZ1a_3aw#MeterNameGenerationType.g.received.cs
      Verified: TelemetrySourceGeneratorLoggingGen2Tests.Generate_GivenMethodWithExpandableAndHighMaxCount_GeneratesDiagnostic_QNmv0Ds9WRx64Zi24fmFvWe9mEQt75etsa0vZ1a_3aw#MeterNameGenerationType.g.verified.cs
    - Received: TelemetrySourceGeneratorLoggingGen2Tests.Generate_GivenMethodWithExpandableAndHighMaxCount_GeneratesDiagnostic_QNmv0Ds9WRx64Zi24fmFvWe9mEQt75etsa0vZ1a_3aw#NamingConvention.g.received.cs
      Verified: TelemetrySourceGeneratorLoggingGen2Tests.Generate_GivenMethodWithExpandableAndHighMaxCount_GeneratesDiagnostic_QNmv0Ds9WRx64Zi24fmFvWe9mEQt75etsa0vZ1a_3aw#NamingConvention.g.verified.cs
    - Received: TelemetrySourceGeneratorLoggingGen2Tests.Generate_GivenMethodWithExpandableAndHighMaxCount_GeneratesDiagnostic_QNmv0Ds9WRx64Zi24fmFvWe9mEQt75etsa0vZ1a_3aw#ObservableCounterAttribute.g.received.cs
      Verified: TelemetrySourceGeneratorLoggingGen2Tests.Generate_GivenMethodWithExpandableAndHighMaxCount_GeneratesDiagnostic_QNmv0Ds9WRx64Zi24fmFvWe9mEQt75etsa0vZ1a_3aw#ObservableCounterAttribute.g.verified.cs
    - Received: TelemetrySourceGeneratorLoggingGen2Tests.Generate_GivenMethodWithExpandableAndHighMaxCount_GeneratesDiagnostic_QNmv0Ds9WRx64Zi24fmFvWe9mEQt75etsa0vZ1a_3aw#ObservableGaugeAttribute.g.received.cs
      Verified: TelemetrySourceGeneratorLoggingGen2Tests.Generate_GivenMethodWithExpandableAndHighMaxCount_GeneratesDiagnostic_QNmv0Ds9WRx64Zi24fmFvWe9mEQt75etsa0vZ1a_3aw#ObservableGaugeAttribute.g.verified.cs
    - Received: TelemetrySourceGeneratorLoggingGen2Tests.Generate_GivenMethodWithExpandableAndHighMaxCount_GeneratesDiagnostic_QNmv0Ds9WRx64Zi24fmFvWe9mEQt75etsa0vZ1a_3aw#ObservableUpDownCounterAttribute.g.received.cs
      Verified: TelemetrySourceGeneratorLoggingGen2Tests.Generate_GivenMethodWithExpandableAndHighMaxCount_GeneratesDiagnostic_QNmv0Ds9WRx64Zi24fmFvWe9mEQt75etsa0vZ1a_3aw#ObservableUpDownCounterAttribute.g.verified.cs
    - Received: TelemetrySourceGeneratorLoggingGen2Tests.Generate_GivenMethodWithExpandableAndHighMaxCount_GeneratesDiagnostic_QNmv0Ds9WRx64Zi24fmFvWe9mEQt75etsa0vZ1a_3aw#StatusDescriptionAttribute.g.received.cs
      Verified: TelemetrySourceGeneratorLoggingGen2Tests.Generate_GivenMethodWithExpandableAndHighMaxCount_GeneratesDiagnostic_QNmv0Ds9WRx64Zi24fmFvWe9mEQt75etsa0vZ1a_3aw#StatusDescriptionAttribute.g.verified.cs
    - Received: TelemetrySourceGeneratorLoggingGen2Tests.Generate_GivenMethodWithExpandableAndHighMaxCount_GeneratesDiagnostic_QNmv0Ds9WRx64Zi24fmFvWe9mEQt75etsa0vZ1a_3aw#TagAttribute.g.received.cs
      Verified: TelemetrySourceGeneratorLoggingGen2Tests.Generate_GivenMethodWithExpandableAndHighMaxCount_GeneratesDiagnostic_QNmv0Ds9WRx64Zi24fmFvWe9mEQt75etsa0vZ1a_3aw#TagAttribute.g.verified.cs
    - Received: TelemetrySourceGeneratorLoggingGen2Tests.Generate_GivenMethodWithExpandableAndHighMaxCount_GeneratesDiagnostic_QNmv0Ds9WRx64Zi24fmFvWe9mEQt75etsa0vZ1a_3aw#Targets.g.received.cs
      Verified: TelemetrySourceGeneratorLoggingGen2Tests.Generate_GivenMethodWithExpandableAndHighMaxCount_GeneratesDiagnostic_QNmv0Ds9WRx64Zi24fmFvWe9mEQt75etsa0vZ1a_3aw#Targets.g.verified.cs
    - Received: TelemetrySourceGeneratorLoggingGen2Tests.Generate_GivenMethodWithExpandableAndHighMaxCount_GeneratesDiagnostic_QNmv0Ds9WRx64Zi24fmFvWe9mEQt75etsa0vZ1a_3aw#TelemetryGenerationAttribute.g.received.cs
      Verified: TelemetrySourceGeneratorLoggingGen2Tests.Generate_GivenMethodWithExpandableAndHighMaxCount_GeneratesDiagnostic_QNmv0Ds9WRx64Zi24fmFvWe9mEQt75etsa0vZ1a_3aw#TelemetryGenerationAttribute.g.verified.cs
    - Received: TelemetrySourceGeneratorLoggingGen2Tests.Generate_GivenMethodWithExpandableAndHighMaxCount_GeneratesDiagnostic_QNmv0Ds9WRx64Zi24fmFvWe9mEQt75etsa0vZ1a_3aw#Testing.TestLoggerCore.Logging.g.received.cs
      Verified: TelemetrySourceGeneratorLoggingGen2Tests.Generate_GivenMethodWithExpandableAndHighMaxCount_GeneratesDiagnostic_QNmv0Ds9WRx64Zi24fmFvWe9mEQt75etsa0vZ1a_3aw#Testing.TestLoggerCore.Logging.g.verified.cs
    - Received: TelemetrySourceGeneratorLoggingGen2Tests.Generate_GivenMethodWithExpandableAndHighMaxCount_GeneratesDiagnostic_QNmv0Ds9WRx64Zi24fmFvWe9mEQt75etsa0vZ1a_3aw#TraceAttribute.g.received.cs
      Verified: TelemetrySourceGeneratorLoggingGen2Tests.Generate_GivenMethodWithExpandableAndHighMaxCount_GeneratesDiagnostic_QNmv0Ds9WRx64Zi24fmFvWe9mEQt75etsa0vZ1a_3aw#TraceAttribute.g.verified.cs
    - Received: TelemetrySourceGeneratorLoggingGen2Tests.Generate_GivenMethodWithExpandableAndHighMaxCount_GeneratesDiagnostic_QNmv0Ds9WRx64Zi24fmFvWe9mEQt75etsa0vZ1a_3aw#UpDownCounterAttribute.g.received.cs
      Verified: TelemetrySourceGeneratorLoggingGen2Tests.Generate_GivenMethodWithExpandableAndHighMaxCount_GeneratesDiagnostic_QNmv0Ds9WRx64Zi24fmFvWe9mEQt75etsa0vZ1a_3aw#UpDownCounterAttribute.g.verified.cs
    - Received: TelemetrySourceGeneratorLoggingGen2Tests.Generate_GivenMethodWithExpandableAndHighMaxCount_GeneratesDiagnostic_QNmv0Ds9WRx64Zi24fmFvWe9mEQt75etsa0vZ1a_3aw#WarningAttribute.g.received.cs
      Verified: TelemetrySourceGeneratorLoggingGen2Tests.Generate_GivenMethodWithExpandableAndHighMaxCount_GeneratesDiagnostic_QNmv0Ds9WRx64Zi24fmFvWe9mEQt75etsa0vZ1a_3aw#WarningAttribute.g.verified.cs
  
  Standard output
    DBG: --- Adding templates.
    DBG: Adding ActivitySourceGenerationAttribute as ActivitySourceGenerationAttribute.g.cs.
    DBG: Adding ActivitySourceAttribute as ActivitySourceAttribute.g.cs.
    DBG: Adding ActivityAttribute as ActivityAttribute.g.cs.
    DBG: Adding EventAttribute as EventAttribute.g.cs.
    DBG: Adding ContextAttribute as ContextAttribute.g.cs.
    DBG: Adding BaggageAttribute as BaggageAttribute.g.cs.
    DBG: Adding EscapeAttribute as EscapeAttribute.g.cs.
    DBG: Adding StatusDescriptionAttribute as StatusDescriptionAttribute.g.cs.
    DBG: Adding LoggerGenerationAttribute as LoggerGenerationAttribute.g.cs.
    DBG: Adding LoggerAttribute as LoggerAttribute.g.cs.
    DBG: Adding LogAttribute as LogAttribute.g.cs.
    DBG: Adding LogPrefixType as LogPrefixType.g.cs.
    DBG: Adding LoggerGenerationMode as LoggerGenerationMode.g.cs.
    DBG: Adding ExpandEnumerableAttribute as ExpandEnumerableAttribute.g.cs.
    DBG: Adding TraceAttribute as TraceAttribute.g.cs.
    DBG: Adding DebugAttribute as DebugAttribute.g.cs.
    DBG: Adding InfoAttribute as InfoAttribute.g.cs.
    DBG: Adding WarningAttribute as WarningAttribute.g.cs.
    DBG: Adding ErrorAttribute as ErrorAttribute.g.cs.
    DBG: Adding CriticalAttribute as CriticalAttribute.g.cs.
    DBG: Adding MeterGenerationAttribute as MeterGenerationAttribute.g.cs.
    DBG: Adding MeterAttribute as MeterAttribute.g.cs.
    DBG: Adding MeterNameGenerationType as MeterNameGenerationType.g.cs.
    DBG: Adding InstrumentMeasurementAttribute as InstrumentMeasurementAttribute.g.cs.
    DBG: Adding AutoCounterAttribute as AutoCounterAttribute.g.cs.
    DBG: Adding CounterAttribute as CounterAttribute.g.cs.
    DBG: Adding UpDownCounterAttribute as UpDownCounterAttribute.g.cs.
    DBG: Adding HistogramAttribute as HistogramAttribute.g.cs.
    DBG: Adding ObservableCounterAttribute as ObservableCounterAttribute.g.cs.
    DBG: Adding ObservableGaugeAttribute as ObservableGaugeAttribute.g.cs.
    DBG: Adding ObservableUpDownCounterAttribute as ObservableUpDownCounterAttribute.g.cs.
    DBG: Adding TagAttribute as TagAttribute.g.cs.
    DBG: Adding ExcludeAttribute as ExcludeAttribute.g.cs.
    DBG: Adding TelemetryGenerationAttribute as TelemetryGenerationAttribute.g.cs.
    DBG: Adding Targets as Targets.g.cs.
    DBG: Adding NamingConvention as NamingConvention.g.cs.
    DBG: Adding ExcludeTargetsAttribute as ExcludeTargetsAttribute.g.cs.
    DBG: --- Finished adding templates.
    DBG: Found attribute: Purview.Telemetry.LoggerAttribute
    DBG: Found attribute: Purview.Telemetry.TelemetryGenerationAttribute(GenerateDependencyExtension = false)
    DBG: Found method ITestLogger.Log.
    DBG: Found attribute: Purview.Telemetry.ExpandEnumerableAttribute(100)
    DBG: Found 1 parameter(s) for Log.
    DBG: Found method ITestLogger.Log2.
    DBG: Found attribute: Purview.Telemetry.ExpandEnumerableAttribute(5, MaximumValueCount = 100)
    DBG: Found 1 parameter(s) for Log2.
    DBG: Logger generation target: Testing.TestLoggerCore
    DBG: Generating MS Gen-based logging class for: Testing.TestLoggerCore
    DBG: Building logging method: Log
    DBG: Emitting state content
    DIA: Identified paramValue that has a large unbounded ienumerable max.
    DBG: Building logging method: Log2
    DBG: Emitting state content
    DIA: Identified paramValue2 that has a large unbounded ienumerable max.
    DBG: Skipping dependency injection emit.
    
  Error output
failed Generate_GivenMethodWithExpandableAndHighMaxCount_GeneratesDiagnostic(10000) (4s 071ms)
  [Test Failure] VerifyException: Directory: P:\GitHub\kjldev\purview-telemetry-sourcegenerator\src\Purview.Telemetry.SourceGenerator.IntegrationTests\Snapshots
Delete:
  - TelemetrySourceGeneratorLoggingGen2Tests.Generate_GivenMethodWithExpandableAndHighMaxCount_GeneratesDiagnostic__VIqMiS3NMZieOvT0wbLQblxgUaZWer1zK6tLrfDZlk.verified.txt
Equal:
  - Received: TelemetrySourceGeneratorLoggingGen2Tests.Generate_GivenMethodWithExpandableAndHighMaxCount_GeneratesDiagnostic__VIqMiS3NMZieOvT0wbLQblxgUaZWer1zK6tLrfDZlk#ActivityAttribute.g.received.cs
    Verified: TelemetrySourceGeneratorLoggingGen2Tests.Generate_GivenMethodWithExpandableAndHighMaxCount_GeneratesDiagnostic__VIqMiS3NMZieOvT0wbLQblxgUaZWer1zK6tLrfDZlk#ActivityAttribute.g.verified.cs
  - Received: TelemetrySourceGeneratorLoggingGen2Tests.Generate_GivenMethodWithExpandableAndHighMaxCount_GeneratesDiagnostic__VIqMiS3NMZieOvT0wbLQblxgUaZWer1zK6tLrfDZlk#ActivitySourceAttribute.g.received.cs
    Verified: TelemetrySourceGeneratorLoggingGen2Tests.Generate_GivenMethodWithExpandableAndHighMaxCount_GeneratesDiagnostic__VIqMiS3NMZieOvT0wbLQblxgUaZWer1zK6tLrfDZlk#ActivitySourceAttribute.g.verified.cs
  - Received: TelemetrySourceGeneratorLoggingGen2Tests.Generate_GivenMethodWithExpandableAndHighMaxCount_GeneratesDiagnostic__VIqMiS3NMZieOvT0wbLQblxgUaZWer1zK6tLrfDZlk#ActivitySourceGenerationAttribute.g.received.cs
    Verified: TelemetrySourceGeneratorLoggingGen2Tests.Generate_GivenMethodWithExpandableAndHighMaxCount_GeneratesDiagnostic__VIqMiS3NMZieOvT0wbLQblxgUaZWer1zK6tLrfDZlk#ActivitySourceGenerationAttribute.g.verified.cs
  - Received: TelemetrySourceGeneratorLoggingGen2Tests.Generate_GivenMethodWithExpandableAndHighMaxCount_GeneratesDiagnostic__VIqMiS3NMZieOvT0wbLQblxgUaZWer1zK6tLrfDZlk#AutoCounterAttribute.g.received.cs
    Verified: TelemetrySourceGeneratorLoggingGen2Tests.Generate_GivenMethodWithExpandableAndHighMaxCount_GeneratesDiagnostic__VIqMiS3NMZieOvT0wbLQblxgUaZWer1zK6tLrfDZlk#AutoCounterAttribute.g.verified.cs
  - Received: TelemetrySourceGeneratorLoggingGen2Tests.Generate_GivenMethodWithExpandableAndHighMaxCount_GeneratesDiagnostic__VIqMiS3NMZieOvT0wbLQblxgUaZWer1zK6tLrfDZlk#BaggageAttribute.g.received.cs
    Verified: TelemetrySourceGeneratorLoggingGen2Tests.Generate_GivenMethodWithExpandableAndHighMaxCount_GeneratesDiagnostic__VIqMiS3NMZieOvT0wbLQblxgUaZWer1zK6tLrfDZlk#BaggageAttribute.g.verified.cs
  - Received: TelemetrySourceGeneratorLoggingGen2Tests.Generate_GivenMethodWithExpandableAndHighMaxCount_GeneratesDiagnostic__VIqMiS3NMZieOvT0wbLQblxgUaZWer1zK6tLrfDZlk#ContextAttribute.g.received.cs
    Verified: TelemetrySourceGeneratorLoggingGen2Tests.Generate_GivenMethodWithExpandableAndHighMaxCount_GeneratesDiagnostic__VIqMiS3NMZieOvT0wbLQblxgUaZWer1zK6tLrfDZlk#ContextAttribute.g.verified.cs
  - Received: TelemetrySourceGeneratorLoggingGen2Tests.Generate_GivenMethodWithExpandableAndHighMaxCount_GeneratesDiagnostic__VIqMiS3NMZieOvT0wbLQblxgUaZWer1zK6tLrfDZlk#CounterAttribute.g.received.cs
    Verified: TelemetrySourceGeneratorLoggingGen2Tests.Generate_GivenMethodWithExpandableAndHighMaxCount_GeneratesDiagnostic__VIqMiS3NMZieOvT0wbLQblxgUaZWer1zK6tLrfDZlk#CounterAttribute.g.verified.cs
  - Received: TelemetrySourceGeneratorLoggingGen2Tests.Generate_GivenMethodWithExpandableAndHighMaxCount_GeneratesDiagnostic__VIqMiS3NMZieOvT0wbLQblxgUaZWer1zK6tLrfDZlk#CriticalAttribute.g.received.cs
    Verified: TelemetrySourceGeneratorLoggingGen2Tests.Generate_GivenMethodWithExpandableAndHighMaxCount_GeneratesDiagnostic__VIqMiS3NMZieOvT0wbLQblxgUaZWer1zK6tLrfDZlk#CriticalAttribute.g.verified.cs
  - Received: TelemetrySourceGeneratorLoggingGen2Tests.Generate_GivenMethodWithExpandableAndHighMaxCount_GeneratesDiagnostic__VIqMiS3NMZieOvT0wbLQblxgUaZWer1zK6tLrfDZlk#DebugAttribute.g.received.cs
    Verified: TelemetrySourceGeneratorLoggingGen2Tests.Generate_GivenMethodWithExpandableAndHighMaxCount_GeneratesDiagnostic__VIqMiS3NMZieOvT0wbLQblxgUaZWer1zK6tLrfDZlk#DebugAttribute.g.verified.cs
  - Received: TelemetrySourceGeneratorLoggingGen2Tests.Generate_GivenMethodWithExpandableAndHighMaxCount_GeneratesDiagnostic__VIqMiS3NMZieOvT0wbLQblxgUaZWer1zK6tLrfDZlk#ErrorAttribute.g.received.cs
    Verified: TelemetrySourceGeneratorLoggingGen2Tests.Generate_GivenMethodWithExpandableAndHighMaxCount_GeneratesDiagnostic__VIqMiS3NMZieOvT0wbLQblxgUaZWer1zK6tLrfDZlk#ErrorAttribute.g.verified.cs
  - Received: TelemetrySourceGeneratorLoggingGen2Tests.Generate_GivenMethodWithExpandableAndHighMaxCount_GeneratesDiagnostic__VIqMiS3NMZieOvT0wbLQblxgUaZWer1zK6tLrfDZlk#EscapeAttribute.g.received.cs
    Verified: TelemetrySourceGeneratorLoggingGen2Tests.Generate_GivenMethodWithExpandableAndHighMaxCount_GeneratesDiagnostic__VIqMiS3NMZieOvT0wbLQblxgUaZWer1zK6tLrfDZlk#EscapeAttribute.g.verified.cs
  - Received: TelemetrySourceGeneratorLoggingGen2Tests.Generate_GivenMethodWithExpandableAndHighMaxCount_GeneratesDiagnostic__VIqMiS3NMZieOvT0wbLQblxgUaZWer1zK6tLrfDZlk#EventAttribute.g.received.cs
    Verified: TelemetrySourceGeneratorLoggingGen2Tests.Generate_GivenMethodWithExpandableAndHighMaxCount_GeneratesDiagnostic__VIqMiS3NMZieOvT0wbLQblxgUaZWer1zK6tLrfDZlk#EventAttribute.g.verified.cs
  - Received: TelemetrySourceGeneratorLoggingGen2Tests.Generate_GivenMethodWithExpandableAndHighMaxCount_GeneratesDiagnostic__VIqMiS3NMZieOvT0wbLQblxgUaZWer1zK6tLrfDZlk#ExcludeAttribute.g.received.cs
    Verified: TelemetrySourceGeneratorLoggingGen2Tests.Generate_GivenMethodWithExpandableAndHighMaxCount_GeneratesDiagnostic__VIqMiS3NMZieOvT0wbLQblxgUaZWer1zK6tLrfDZlk#ExcludeAttribute.g.verified.cs
  - Received: TelemetrySourceGeneratorLoggingGen2Tests.Generate_GivenMethodWithExpandableAndHighMaxCount_GeneratesDiagnostic__VIqMiS3NMZieOvT0wbLQblxgUaZWer1zK6tLrfDZlk#ExcludeTargetsAttribute.g.received.cs
    Verified: TelemetrySourceGeneratorLoggingGen2Tests.Generate_GivenMethodWithExpandableAndHighMaxCount_GeneratesDiagnostic__VIqMiS3NMZieOvT0wbLQblxgUaZWer1zK6tLrfDZlk#ExcludeTargetsAttribute.g.verified.cs
  - Received: TelemetrySourceGeneratorLoggingGen2Tests.Generate_GivenMethodWithExpandableAndHighMaxCount_GeneratesDiagnostic__VIqMiS3NMZieOvT0wbLQblxgUaZWer1zK6tLrfDZlk#ExpandEnumerableAttribute.g.received.cs
    Verified: TelemetrySourceGeneratorLoggingGen2Tests.Generate_GivenMethodWithExpandableAndHighMaxCount_GeneratesDiagnostic__VIqMiS3NMZieOvT0wbLQblxgUaZWer1zK6tLrfDZlk#ExpandEnumerableAttribute.g.verified.cs
  - Received: TelemetrySourceGeneratorLoggingGen2Tests.Generate_GivenMethodWithExpandableAndHighMaxCount_GeneratesDiagnostic__VIqMiS3NMZieOvT0wbLQblxgUaZWer1zK6tLrfDZlk#HistogramAttribute.g.received.cs
    Verified: TelemetrySourceGeneratorLoggingGen2Tests.Generate_GivenMethodWithExpandableAndHighMaxCount_GeneratesDiagnostic__VIqMiS3NMZieOvT0wbLQblxgUaZWer1zK6tLrfDZlk#HistogramAttribute.g.verified.cs
  - Received: TelemetrySourceGeneratorLoggingGen2Tests.Generate_GivenMethodWithExpandableAndHighMaxCount_GeneratesDiagnostic__VIqMiS3NMZieOvT0wbLQblxgUaZWer1zK6tLrfDZlk#InfoAttribute.g.received.cs
    Verified: TelemetrySourceGeneratorLoggingGen2Tests.Generate_GivenMethodWithExpandableAndHighMaxCount_GeneratesDiagnostic__VIqMiS3NMZieOvT0wbLQblxgUaZWer1zK6tLrfDZlk#InfoAttribute.g.verified.cs
  - Received: TelemetrySourceGeneratorLoggingGen2Tests.Generate_GivenMethodWithExpandableAndHighMaxCount_GeneratesDiagnostic__VIqMiS3NMZieOvT0wbLQblxgUaZWer1zK6tLrfDZlk#InstrumentMeasurementAttribute.g.received.cs
    Verified: TelemetrySourceGeneratorLoggingGen2Tests.Generate_GivenMethodWithExpandableAndHighMaxCount_GeneratesDiagnostic__VIqMiS3NMZieOvT0wbLQblxgUaZWer1zK6tLrfDZlk#InstrumentMeasurementAttribute.g.verified.cs
  - Received: TelemetrySourceGeneratorLoggingGen2Tests.Generate_GivenMethodWithExpandableAndHighMaxCount_GeneratesDiagnostic__VIqMiS3NMZieOvT0wbLQblxgUaZWer1zK6tLrfDZlk#LogAttribute.g.received.cs
    Verified: TelemetrySourceGeneratorLoggingGen2Tests.Generate_GivenMethodWithExpandableAndHighMaxCount_GeneratesDiagnostic__VIqMiS3NMZieOvT0wbLQblxgUaZWer1zK6tLrfDZlk#LogAttribute.g.verified.cs
  - Received: TelemetrySourceGeneratorLoggingGen2Tests.Generate_GivenMethodWithExpandableAndHighMaxCount_GeneratesDiagnostic__VIqMiS3NMZieOvT0wbLQblxgUaZWer1zK6tLrfDZlk#LoggerAttribute.g.received.cs
    Verified: TelemetrySourceGeneratorLoggingGen2Tests.Generate_GivenMethodWithExpandableAndHighMaxCount_GeneratesDiagnostic__VIqMiS3NMZieOvT0wbLQblxgUaZWer1zK6tLrfDZlk#LoggerAttribute.g.verified.cs
  - Received: TelemetrySourceGeneratorLoggingGen2Tests.Generate_GivenMethodWithExpandableAndHighMaxCount_GeneratesDiagnostic__VIqMiS3NMZieOvT0wbLQblxgUaZWer1zK6tLrfDZlk#LoggerGenerationAttribute.g.received.cs
    Verified: TelemetrySourceGeneratorLoggingGen2Tests.Generate_GivenMethodWithExpandableAndHighMaxCount_GeneratesDiagnostic__VIqMiS3NMZieOvT0wbLQblxgUaZWer1zK6tLrfDZlk#LoggerGenerationAttribute.g.verified.cs
  - Received: TelemetrySourceGeneratorLoggingGen2Tests.Generate_GivenMethodWithExpandableAndHighMaxCount_GeneratesDiagnostic__VIqMiS3NMZieOvT0wbLQblxgUaZWer1zK6tLrfDZlk#LoggerGenerationMode.g.received.cs
    Verified: TelemetrySourceGeneratorLoggingGen2Tests.Generate_GivenMethodWithExpandableAndHighMaxCount_GeneratesDiagnostic__VIqMiS3NMZieOvT0wbLQblxgUaZWer1zK6tLrfDZlk#LoggerGenerationMode.g.verified.cs
  - Received: TelemetrySourceGeneratorLoggingGen2Tests.Generate_GivenMethodWithExpandableAndHighMaxCount_GeneratesDiagnostic__VIqMiS3NMZieOvT0wbLQblxgUaZWer1zK6tLrfDZlk#LogPrefixType.g.received.cs
    Verified: TelemetrySourceGeneratorLoggingGen2Tests.Generate_GivenMethodWithExpandableAndHighMaxCount_GeneratesDiagnostic__VIqMiS3NMZieOvT0wbLQblxgUaZWer1zK6tLrfDZlk#LogPrefixType.g.verified.cs
  - Received: TelemetrySourceGeneratorLoggingGen2Tests.Generate_GivenMethodWithExpandableAndHighMaxCount_GeneratesDiagnostic__VIqMiS3NMZieOvT0wbLQblxgUaZWer1zK6tLrfDZlk#MeterAttribute.g.received.cs
    Verified: TelemetrySourceGeneratorLoggingGen2Tests.Generate_GivenMethodWithExpandableAndHighMaxCount_GeneratesDiagnostic__VIqMiS3NMZieOvT0wbLQblxgUaZWer1zK6tLrfDZlk#MeterAttribute.g.verified.cs
  - Received: TelemetrySourceGeneratorLoggingGen2Tests.Generate_GivenMethodWithExpandableAndHighMaxCount_GeneratesDiagnostic__VIqMiS3NMZieOvT0wbLQblxgUaZWer1zK6tLrfDZlk#MeterGenerationAttribute.g.received.cs
    Verified: TelemetrySourceGeneratorLoggingGen2Tests.Generate_GivenMethodWithExpandableAndHighMaxCount_GeneratesDiagnostic__VIqMiS3NMZieOvT0wbLQblxgUaZWer1zK6tLrfDZlk#MeterGenerationAttribute.g.verified.cs
  - Received: TelemetrySourceGeneratorLoggingGen2Tests.Generate_GivenMethodWithExpandableAndHighMaxCount_GeneratesDiagnostic__VIqMiS3NMZieOvT0wbLQblxgUaZWer1zK6tLrfDZlk#MeterNameGenerationType.g.received.cs
    Verified: TelemetrySourceGeneratorLoggingGen2Tests.Generate_GivenMethodWithExpandableAndHighMaxCount_GeneratesDiagnostic__VIqMiS3NMZieOvT0wbLQblxgUaZWer1zK6tLrfDZlk#MeterNameGenerationType.g.verified.cs
  - Received: TelemetrySourceGeneratorLoggingGen2Tests.Generate_GivenMethodWithExpandableAndHighMaxCount_GeneratesDiagnostic__VIqMiS3NMZieOvT0wbLQblxgUaZWer1zK6tLrfDZlk#NamingConvention.g.received.cs
    Verified: TelemetrySourceGeneratorLoggingGen2Tests.Generate_GivenMethodWithExpandableAndHighMaxCount_GeneratesDiagnostic__VIqMiS3NMZieOvT0wbLQblxgUaZWer1zK6tLrfDZlk#NamingConvention.g.verified.cs
  - Received: TelemetrySourceGeneratorLoggingGen2Tests.Generate_GivenMethodWithExpandableAndHighMaxCount_GeneratesDiagnostic__VIqMiS3NMZieOvT0wbLQblxgUaZWer1zK6tLrfDZlk#ObservableCounterAttribute.g.received.cs
    Verified: TelemetrySourceGeneratorLoggingGen2Tests.Generate_GivenMethodWithExpandableAndHighMaxCount_GeneratesDiagnostic__VIqMiS3NMZieOvT0wbLQblxgUaZWer1zK6tLrfDZlk#ObservableCounterAttribute.g.verified.cs
  - Received: TelemetrySourceGeneratorLoggingGen2Tests.Generate_GivenMethodWithExpandableAndHighMaxCount_GeneratesDiagnostic__VIqMiS3NMZieOvT0wbLQblxgUaZWer1zK6tLrfDZlk#ObservableGaugeAttribute.g.received.cs
    Verified: TelemetrySourceGeneratorLoggingGen2Tests.Generate_GivenMethodWithExpandableAndHighMaxCount_GeneratesDiagnostic__VIqMiS3NMZieOvT0wbLQblxgUaZWer1zK6tLrfDZlk#ObservableGaugeAttribute.g.verified.cs
  - Received: TelemetrySourceGeneratorLoggingGen2Tests.Generate_GivenMethodWithExpandableAndHighMaxCount_GeneratesDiagnostic__VIqMiS3NMZieOvT0wbLQblxgUaZWer1zK6tLrfDZlk#ObservableUpDownCounterAttribute.g.received.cs
    Verified: TelemetrySourceGeneratorLoggingGen2Tests.Generate_GivenMethodWithExpandableAndHighMaxCount_GeneratesDiagnostic__VIqMiS3NMZieOvT0wbLQblxgUaZWer1zK6tLrfDZlk#ObservableUpDownCounterAttribute.g.verified.cs
  - Received: TelemetrySourceGeneratorLoggingGen2Tests.Generate_GivenMethodWithExpandableAndHighMaxCount_GeneratesDiagnostic__VIqMiS3NMZieOvT0wbLQblxgUaZWer1zK6tLrfDZlk#StatusDescriptionAttribute.g.received.cs
    Verified: TelemetrySourceGeneratorLoggingGen2Tests.Generate_GivenMethodWithExpandableAndHighMaxCount_GeneratesDiagnostic__VIqMiS3NMZieOvT0wbLQblxgUaZWer1zK6tLrfDZlk#StatusDescriptionAttribute.g.verified.cs
  - Received: TelemetrySourceGeneratorLoggingGen2Tests.Generate_GivenMethodWithExpandableAndHighMaxCount_GeneratesDiagnostic__VIqMiS3NMZieOvT0wbLQblxgUaZWer1zK6tLrfDZlk#TagAttribute.g.received.cs
    Verified: TelemetrySourceGeneratorLoggingGen2Tests.Generate_GivenMethodWithExpandableAndHighMaxCount_GeneratesDiagnostic__VIqMiS3NMZieOvT0wbLQblxgUaZWer1zK6tLrfDZlk#TagAttribute.g.verified.cs
  - Received: TelemetrySourceGeneratorLoggingGen2Tests.Generate_GivenMethodWithExpandableAndHighMaxCount_GeneratesDiagnostic__VIqMiS3NMZieOvT0wbLQblxgUaZWer1zK6tLrfDZlk#Targets.g.received.cs
    Verified: TelemetrySourceGeneratorLoggingGen2Tests.Generate_GivenMethodWithExpandableAndHighMaxCount_GeneratesDiagnostic__VIqMiS3NMZieOvT0wbLQblxgUaZWer1zK6tLrfDZlk#Targets.g.verified.cs
  - Received: TelemetrySourceGeneratorLoggingGen2Tests.Generate_GivenMethodWithExpandableAndHighMaxCount_GeneratesDiagnostic__VIqMiS3NMZieOvT0wbLQblxgUaZWer1zK6tLrfDZlk#TelemetryGenerationAttribute.g.received.cs
    Verified: TelemetrySourceGeneratorLoggingGen2Tests.Generate_GivenMethodWithExpandableAndHighMaxCount_GeneratesDiagnostic__VIqMiS3NMZieOvT0wbLQblxgUaZWer1zK6tLrfDZlk#TelemetryGenerationAttribute.g.verified.cs
  - Received: TelemetrySourceGeneratorLoggingGen2Tests.Generate_GivenMethodWithExpandableAndHighMaxCount_GeneratesDiagnostic__VIqMiS3NMZieOvT0wbLQblxgUaZWer1zK6tLrfDZlk#Testing.TestLoggerCore.Logging.g.received.cs
    Verified: TelemetrySourceGeneratorLoggingGen2Tests.Generate_GivenMethodWithExpandableAndHighMaxCount_GeneratesDiagnostic__VIqMiS3NMZieOvT0wbLQblxgUaZWer1zK6tLrfDZlk#Testing.TestLoggerCore.Logging.g.verified.cs
  - Received: TelemetrySourceGeneratorLoggingGen2Tests.Generate_GivenMethodWithExpandableAndHighMaxCount_GeneratesDiagnostic__VIqMiS3NMZieOvT0wbLQblxgUaZWer1zK6tLrfDZlk#TraceAttribute.g.received.cs
    Verified: TelemetrySourceGeneratorLoggingGen2Tests.Generate_GivenMethodWithExpandableAndHighMaxCount_GeneratesDiagnostic__VIqMiS3NMZieOvT0wbLQblxgUaZWer1zK6tLrfDZlk#TraceAttribute.g.verified.cs
  - Received: TelemetrySourceGeneratorLoggingGen2Tests.Generate_GivenMethodWithExpandableAndHighMaxCount_GeneratesDiagnostic__VIqMiS3NMZieOvT0wbLQblxgUaZWer1zK6tLrfDZlk#UpDownCounterAttribute.g.received.cs
    Verified: TelemetrySourceGeneratorLoggingGen2Tests.Generate_GivenMethodWithExpandableAndHighMaxCount_GeneratesDiagnostic__VIqMiS3NMZieOvT0wbLQblxgUaZWer1zK6tLrfDZlk#UpDownCounterAttribute.g.verified.cs
  - Received: TelemetrySourceGeneratorLoggingGen2Tests.Generate_GivenMethodWithExpandableAndHighMaxCount_GeneratesDiagnostic__VIqMiS3NMZieOvT0wbLQblxgUaZWer1zK6tLrfDZlk#WarningAttribute.g.received.cs
    Verified: TelemetrySourceGeneratorLoggingGen2Tests.Generate_GivenMethodWithExpandableAndHighMaxCount_GeneratesDiagnostic__VIqMiS3NMZieOvT0wbLQblxgUaZWer1zK6tLrfDZlk#WarningAttribute.g.verified.cs

  from P:\GitHub\kjldev\purview-telemetry-sourcegenerator\src\Purview.Telemetry.SourceGenerator.IntegrationTests\bin\Release\net10.0\Purview.Telemetry.SourceGenerator.IntegrationTests.dll (net10.0|x64)
  TUnit.Engine.Exceptions.TestFailedException: [Test Failure] VerifyException: Directory: P:\GitHub\kjldev\purview-telemetry-sourcegenerator\src\Purview.Telemetry.SourceGenerator.IntegrationTests\Snapshots
  Delete:
    - TelemetrySourceGeneratorLoggingGen2Tests.Generate_GivenMethodWithExpandableAndHighMaxCount_GeneratesDiagnostic__VIqMiS3NMZieOvT0wbLQblxgUaZWer1zK6tLrfDZlk.verified.txt
  Equal:
    - Received: TelemetrySourceGeneratorLoggingGen2Tests.Generate_GivenMethodWithExpandableAndHighMaxCount_GeneratesDiagnostic__VIqMiS3NMZieOvT0wbLQblxgUaZWer1zK6tLrfDZlk#ActivityAttribute.g.received.cs
      Verified: TelemetrySourceGeneratorLoggingGen2Tests.Generate_GivenMethodWithExpandableAndHighMaxCount_GeneratesDiagnostic__VIqMiS3NMZieOvT0wbLQblxgUaZWer1zK6tLrfDZlk#ActivityAttribute.g.verified.cs
    - Received: TelemetrySourceGeneratorLoggingGen2Tests.Generate_GivenMethodWithExpandableAndHighMaxCount_GeneratesDiagnostic__VIqMiS3NMZieOvT0wbLQblxgUaZWer1zK6tLrfDZlk#ActivitySourceAttribute.g.received.cs
      Verified: TelemetrySourceGeneratorLoggingGen2Tests.Generate_GivenMethodWithExpandableAndHighMaxCount_GeneratesDiagnostic__VIqMiS3NMZieOvT0wbLQblxgUaZWer1zK6tLrfDZlk#ActivitySourceAttribute.g.verified.cs
    - Received: TelemetrySourceGeneratorLoggingGen2Tests.Generate_GivenMethodWithExpandableAndHighMaxCount_GeneratesDiagnostic__VIqMiS3NMZieOvT0wbLQblxgUaZWer1zK6tLrfDZlk#ActivitySourceGenerationAttribute.g.received.cs
      Verified: TelemetrySourceGeneratorLoggingGen2Tests.Generate_GivenMethodWithExpandableAndHighMaxCount_GeneratesDiagnostic__VIqMiS3NMZieOvT0wbLQblxgUaZWer1zK6tLrfDZlk#ActivitySourceGenerationAttribute.g.verified.cs
    - Received: TelemetrySourceGeneratorLoggingGen2Tests.Generate_GivenMethodWithExpandableAndHighMaxCount_GeneratesDiagnostic__VIqMiS3NMZieOvT0wbLQblxgUaZWer1zK6tLrfDZlk#AutoCounterAttribute.g.received.cs
      Verified: TelemetrySourceGeneratorLoggingGen2Tests.Generate_GivenMethodWithExpandableAndHighMaxCount_GeneratesDiagnostic__VIqMiS3NMZieOvT0wbLQblxgUaZWer1zK6tLrfDZlk#AutoCounterAttribute.g.verified.cs
    - Received: TelemetrySourceGeneratorLoggingGen2Tests.Generate_GivenMethodWithExpandableAndHighMaxCount_GeneratesDiagnostic__VIqMiS3NMZieOvT0wbLQblxgUaZWer1zK6tLrfDZlk#BaggageAttribute.g.received.cs
      Verified: TelemetrySourceGeneratorLoggingGen2Tests.Generate_GivenMethodWithExpandableAndHighMaxCount_GeneratesDiagnostic__VIqMiS3NMZieOvT0wbLQblxgUaZWer1zK6tLrfDZlk#BaggageAttribute.g.verified.cs
    - Received: TelemetrySourceGeneratorLoggingGen2Tests.Generate_GivenMethodWithExpandableAndHighMaxCount_GeneratesDiagnostic__VIqMiS3NMZieOvT0wbLQblxgUaZWer1zK6tLrfDZlk#ContextAttribute.g.received.cs
      Verified: TelemetrySourceGeneratorLoggingGen2Tests.Generate_GivenMethodWithExpandableAndHighMaxCount_GeneratesDiagnostic__VIqMiS3NMZieOvT0wbLQblxgUaZWer1zK6tLrfDZlk#ContextAttribute.g.verified.cs
    - Received: TelemetrySourceGeneratorLoggingGen2Tests.Generate_GivenMethodWithExpandableAndHighMaxCount_GeneratesDiagnostic__VIqMiS3NMZieOvT0wbLQblxgUaZWer1zK6tLrfDZlk#CounterAttribute.g.received.cs
      Verified: TelemetrySourceGeneratorLoggingGen2Tests.Generate_GivenMethodWithExpandableAndHighMaxCount_GeneratesDiagnostic__VIqMiS3NMZieOvT0wbLQblxgUaZWer1zK6tLrfDZlk#CounterAttribute.g.verified.cs
    - Received: TelemetrySourceGeneratorLoggingGen2Tests.Generate_GivenMethodWithExpandableAndHighMaxCount_GeneratesDiagnostic__VIqMiS3NMZieOvT0wbLQblxgUaZWer1zK6tLrfDZlk#CriticalAttribute.g.received.cs
      Verified: TelemetrySourceGeneratorLoggingGen2Tests.Generate_GivenMethodWithExpandableAndHighMaxCount_GeneratesDiagnostic__VIqMiS3NMZieOvT0wbLQblxgUaZWer1zK6tLrfDZlk#CriticalAttribute.g.verified.cs
    - Received: TelemetrySourceGeneratorLoggingGen2Tests.Generate_GivenMethodWithExpandableAndHighMaxCount_GeneratesDiagnostic__VIqMiS3NMZieOvT0wbLQblxgUaZWer1zK6tLrfDZlk#DebugAttribute.g.received.cs
      Verified: TelemetrySourceGeneratorLoggingGen2Tests.Generate_GivenMethodWithExpandableAndHighMaxCount_GeneratesDiagnostic__VIqMiS3NMZieOvT0wbLQblxgUaZWer1zK6tLrfDZlk#DebugAttribute.g.verified.cs
    - Received: TelemetrySourceGeneratorLoggingGen2Tests.Generate_GivenMethodWithExpandableAndHighMaxCount_GeneratesDiagnostic__VIqMiS3NMZieOvT0wbLQblxgUaZWer1zK6tLrfDZlk#ErrorAttribute.g.received.cs
      Verified: TelemetrySourceGeneratorLoggingGen2Tests.Generate_GivenMethodWithExpandableAndHighMaxCount_GeneratesDiagnostic__VIqMiS3NMZieOvT0wbLQblxgUaZWer1zK6tLrfDZlk#ErrorAttribute.g.verified.cs
    - Received: TelemetrySourceGeneratorLoggingGen2Tests.Generate_GivenMethodWithExpandableAndHighMaxCount_GeneratesDiagnostic__VIqMiS3NMZieOvT0wbLQblxgUaZWer1zK6tLrfDZlk#EscapeAttribute.g.received.cs
      Verified: TelemetrySourceGeneratorLoggingGen2Tests.Generate_GivenMethodWithExpandableAndHighMaxCount_GeneratesDiagnostic__VIqMiS3NMZieOvT0wbLQblxgUaZWer1zK6tLrfDZlk#EscapeAttribute.g.verified.cs
    - Received: TelemetrySourceGeneratorLoggingGen2Tests.Generate_GivenMethodWithExpandableAndHighMaxCount_GeneratesDiagnostic__VIqMiS3NMZieOvT0wbLQblxgUaZWer1zK6tLrfDZlk#EventAttribute.g.received.cs
      Verified: TelemetrySourceGeneratorLoggingGen2Tests.Generate_GivenMethodWithExpandableAndHighMaxCount_GeneratesDiagnostic__VIqMiS3NMZieOvT0wbLQblxgUaZWer1zK6tLrfDZlk#EventAttribute.g.verified.cs
    - Received: TelemetrySourceGeneratorLoggingGen2Tests.Generate_GivenMethodWithExpandableAndHighMaxCount_GeneratesDiagnostic__VIqMiS3NMZieOvT0wbLQblxgUaZWer1zK6tLrfDZlk#ExcludeAttribute.g.received.cs
      Verified: TelemetrySourceGeneratorLoggingGen2Tests.Generate_GivenMethodWithExpandableAndHighMaxCount_GeneratesDiagnostic__VIqMiS3NMZieOvT0wbLQblxgUaZWer1zK6tLrfDZlk#ExcludeAttribute.g.verified.cs
    - Received: TelemetrySourceGeneratorLoggingGen2Tests.Generate_GivenMethodWithExpandableAndHighMaxCount_GeneratesDiagnostic__VIqMiS3NMZieOvT0wbLQblxgUaZWer1zK6tLrfDZlk#ExcludeTargetsAttribute.g.received.cs
      Verified: TelemetrySourceGeneratorLoggingGen2Tests.Generate_GivenMethodWithExpandableAndHighMaxCount_GeneratesDiagnostic__VIqMiS3NMZieOvT0wbLQblxgUaZWer1zK6tLrfDZlk#ExcludeTargetsAttribute.g.verified.cs
    - Received: TelemetrySourceGeneratorLoggingGen2Tests.Generate_GivenMethodWithExpandableAndHighMaxCount_GeneratesDiagnostic__VIqMiS3NMZieOvT0wbLQblxgUaZWer1zK6tLrfDZlk#ExpandEnumerableAttribute.g.received.cs
      Verified: TelemetrySourceGeneratorLoggingGen2Tests.Generate_GivenMethodWithExpandableAndHighMaxCount_GeneratesDiagnostic__VIqMiS3NMZieOvT0wbLQblxgUaZWer1zK6tLrfDZlk#ExpandEnumerableAttribute.g.verified.cs
    - Received: TelemetrySourceGeneratorLoggingGen2Tests.Generate_GivenMethodWithExpandableAndHighMaxCount_GeneratesDiagnostic__VIqMiS3NMZieOvT0wbLQblxgUaZWer1zK6tLrfDZlk#HistogramAttribute.g.received.cs
      Verified: TelemetrySourceGeneratorLoggingGen2Tests.Generate_GivenMethodWithExpandableAndHighMaxCount_GeneratesDiagnostic__VIqMiS3NMZieOvT0wbLQblxgUaZWer1zK6tLrfDZlk#HistogramAttribute.g.verified.cs
    - Received: TelemetrySourceGeneratorLoggingGen2Tests.Generate_GivenMethodWithExpandableAndHighMaxCount_GeneratesDiagnostic__VIqMiS3NMZieOvT0wbLQblxgUaZWer1zK6tLrfDZlk#InfoAttribute.g.received.cs
      Verified: TelemetrySourceGeneratorLoggingGen2Tests.Generate_GivenMethodWithExpandableAndHighMaxCount_GeneratesDiagnostic__VIqMiS3NMZieOvT0wbLQblxgUaZWer1zK6tLrfDZlk#InfoAttribute.g.verified.cs
    - Received: TelemetrySourceGeneratorLoggingGen2Tests.Generate_GivenMethodWithExpandableAndHighMaxCount_GeneratesDiagnostic__VIqMiS3NMZieOvT0wbLQblxgUaZWer1zK6tLrfDZlk#InstrumentMeasurementAttribute.g.received.cs
      Verified: TelemetrySourceGeneratorLoggingGen2Tests.Generate_GivenMethodWithExpandableAndHighMaxCount_GeneratesDiagnostic__VIqMiS3NMZieOvT0wbLQblxgUaZWer1zK6tLrfDZlk#InstrumentMeasurementAttribute.g.verified.cs
    - Received: TelemetrySourceGeneratorLoggingGen2Tests.Generate_GivenMethodWithExpandableAndHighMaxCount_GeneratesDiagnostic__VIqMiS3NMZieOvT0wbLQblxgUaZWer1zK6tLrfDZlk#LogAttribute.g.received.cs
      Verified: TelemetrySourceGeneratorLoggingGen2Tests.Generate_GivenMethodWithExpandableAndHighMaxCount_GeneratesDiagnostic__VIqMiS3NMZieOvT0wbLQblxgUaZWer1zK6tLrfDZlk#LogAttribute.g.verified.cs
    - Received: TelemetrySourceGeneratorLoggingGen2Tests.Generate_GivenMethodWithExpandableAndHighMaxCount_GeneratesDiagnostic__VIqMiS3NMZieOvT0wbLQblxgUaZWer1zK6tLrfDZlk#LoggerAttribute.g.received.cs
      Verified: TelemetrySourceGeneratorLoggingGen2Tests.Generate_GivenMethodWithExpandableAndHighMaxCount_GeneratesDiagnostic__VIqMiS3NMZieOvT0wbLQblxgUaZWer1zK6tLrfDZlk#LoggerAttribute.g.verified.cs
    - Received: TelemetrySourceGeneratorLoggingGen2Tests.Generate_GivenMethodWithExpandableAndHighMaxCount_GeneratesDiagnostic__VIqMiS3NMZieOvT0wbLQblxgUaZWer1zK6tLrfDZlk#LoggerGenerationAttribute.g.received.cs
      Verified: TelemetrySourceGeneratorLoggingGen2Tests.Generate_GivenMethodWithExpandableAndHighMaxCount_GeneratesDiagnostic__VIqMiS3NMZieOvT0wbLQblxgUaZWer1zK6tLrfDZlk#LoggerGenerationAttribute.g.verified.cs
    - Received: TelemetrySourceGeneratorLoggingGen2Tests.Generate_GivenMethodWithExpandableAndHighMaxCount_GeneratesDiagnostic__VIqMiS3NMZieOvT0wbLQblxgUaZWer1zK6tLrfDZlk#LoggerGenerationMode.g.received.cs
      Verified: TelemetrySourceGeneratorLoggingGen2Tests.Generate_GivenMethodWithExpandableAndHighMaxCount_GeneratesDiagnostic__VIqMiS3NMZieOvT0wbLQblxgUaZWer1zK6tLrfDZlk#LoggerGenerationMode.g.verified.cs
    - Received: TelemetrySourceGeneratorLoggingGen2Tests.Generate_GivenMethodWithExpandableAndHighMaxCount_GeneratesDiagnostic__VIqMiS3NMZieOvT0wbLQblxgUaZWer1zK6tLrfDZlk#LogPrefixType.g.received.cs
      Verified: TelemetrySourceGeneratorLoggingGen2Tests.Generate_GivenMethodWithExpandableAndHighMaxCount_GeneratesDiagnostic__VIqMiS3NMZieOvT0wbLQblxgUaZWer1zK6tLrfDZlk#LogPrefixType.g.verified.cs
    - Received: TelemetrySourceGeneratorLoggingGen2Tests.Generate_GivenMethodWithExpandableAndHighMaxCount_GeneratesDiagnostic__VIqMiS3NMZieOvT0wbLQblxgUaZWer1zK6tLrfDZlk#MeterAttribute.g.received.cs
      Verified: TelemetrySourceGeneratorLoggingGen2Tests.Generate_GivenMethodWithExpandableAndHighMaxCount_GeneratesDiagnostic__VIqMiS3NMZieOvT0wbLQblxgUaZWer1zK6tLrfDZlk#MeterAttribute.g.verified.cs
    - Received: TelemetrySourceGeneratorLoggingGen2Tests.Generate_GivenMethodWithExpandableAndHighMaxCount_GeneratesDiagnostic__VIqMiS3NMZieOvT0wbLQblxgUaZWer1zK6tLrfDZlk#MeterGenerationAttribute.g.received.cs
      Verified: TelemetrySourceGeneratorLoggingGen2Tests.Generate_GivenMethodWithExpandableAndHighMaxCount_GeneratesDiagnostic__VIqMiS3NMZieOvT0wbLQblxgUaZWer1zK6tLrfDZlk#MeterGenerationAttribute.g.verified.cs
    - Received: TelemetrySourceGeneratorLoggingGen2Tests.Generate_GivenMethodWithExpandableAndHighMaxCount_GeneratesDiagnostic__VIqMiS3NMZieOvT0wbLQblxgUaZWer1zK6tLrfDZlk#MeterNameGenerationType.g.received.cs
      Verified: TelemetrySourceGeneratorLoggingGen2Tests.Generate_GivenMethodWithExpandableAndHighMaxCount_GeneratesDiagnostic__VIqMiS3NMZieOvT0wbLQblxgUaZWer1zK6tLrfDZlk#MeterNameGenerationType.g.verified.cs
    - Received: TelemetrySourceGeneratorLoggingGen2Tests.Generate_GivenMethodWithExpandableAndHighMaxCount_GeneratesDiagnostic__VIqMiS3NMZieOvT0wbLQblxgUaZWer1zK6tLrfDZlk#NamingConvention.g.received.cs
      Verified: TelemetrySourceGeneratorLoggingGen2Tests.Generate_GivenMethodWithExpandableAndHighMaxCount_GeneratesDiagnostic__VIqMiS3NMZieOvT0wbLQblxgUaZWer1zK6tLrfDZlk#NamingConvention.g.verified.cs
    - Received: TelemetrySourceGeneratorLoggingGen2Tests.Generate_GivenMethodWithExpandableAndHighMaxCount_GeneratesDiagnostic__VIqMiS3NMZieOvT0wbLQblxgUaZWer1zK6tLrfDZlk#ObservableCounterAttribute.g.received.cs
      Verified: TelemetrySourceGeneratorLoggingGen2Tests.Generate_GivenMethodWithExpandableAndHighMaxCount_GeneratesDiagnostic__VIqMiS3NMZieOvT0wbLQblxgUaZWer1zK6tLrfDZlk#ObservableCounterAttribute.g.verified.cs
    - Received: TelemetrySourceGeneratorLoggingGen2Tests.Generate_GivenMethodWithExpandableAndHighMaxCount_GeneratesDiagnostic__VIqMiS3NMZieOvT0wbLQblxgUaZWer1zK6tLrfDZlk#ObservableGaugeAttribute.g.received.cs
      Verified: TelemetrySourceGeneratorLoggingGen2Tests.Generate_GivenMethodWithExpandableAndHighMaxCount_GeneratesDiagnostic__VIqMiS3NMZieOvT0wbLQblxgUaZWer1zK6tLrfDZlk#ObservableGaugeAttribute.g.verified.cs
    - Received: TelemetrySourceGeneratorLoggingGen2Tests.Generate_GivenMethodWithExpandableAndHighMaxCount_GeneratesDiagnostic__VIqMiS3NMZieOvT0wbLQblxgUaZWer1zK6tLrfDZlk#ObservableUpDownCounterAttribute.g.received.cs
      Verified: TelemetrySourceGeneratorLoggingGen2Tests.Generate_GivenMethodWithExpandableAndHighMaxCount_GeneratesDiagnostic__VIqMiS3NMZieOvT0wbLQblxgUaZWer1zK6tLrfDZlk#ObservableUpDownCounterAttribute.g.verified.cs
    - Received: TelemetrySourceGeneratorLoggingGen2Tests.Generate_GivenMethodWithExpandableAndHighMaxCount_GeneratesDiagnostic__VIqMiS3NMZieOvT0wbLQblxgUaZWer1zK6tLrfDZlk#StatusDescriptionAttribute.g.received.cs
      Verified: TelemetrySourceGeneratorLoggingGen2Tests.Generate_GivenMethodWithExpandableAndHighMaxCount_GeneratesDiagnostic__VIqMiS3NMZieOvT0wbLQblxgUaZWer1zK6tLrfDZlk#StatusDescriptionAttribute.g.verified.cs
    - Received: TelemetrySourceGeneratorLoggingGen2Tests.Generate_GivenMethodWithExpandableAndHighMaxCount_GeneratesDiagnostic__VIqMiS3NMZieOvT0wbLQblxgUaZWer1zK6tLrfDZlk#TagAttribute.g.received.cs
      Verified: TelemetrySourceGeneratorLoggingGen2Tests.Generate_GivenMethodWithExpandableAndHighMaxCount_GeneratesDiagnostic__VIqMiS3NMZieOvT0wbLQblxgUaZWer1zK6tLrfDZlk#TagAttribute.g.verified.cs
    - Received: TelemetrySourceGeneratorLoggingGen2Tests.Generate_GivenMethodWithExpandableAndHighMaxCount_GeneratesDiagnostic__VIqMiS3NMZieOvT0wbLQblxgUaZWer1zK6tLrfDZlk#Targets.g.received.cs
      Verified: TelemetrySourceGeneratorLoggingGen2Tests.Generate_GivenMethodWithExpandableAndHighMaxCount_GeneratesDiagnostic__VIqMiS3NMZieOvT0wbLQblxgUaZWer1zK6tLrfDZlk#Targets.g.verified.cs
    - Received: TelemetrySourceGeneratorLoggingGen2Tests.Generate_GivenMethodWithExpandableAndHighMaxCount_GeneratesDiagnostic__VIqMiS3NMZieOvT0wbLQblxgUaZWer1zK6tLrfDZlk#TelemetryGenerationAttribute.g.received.cs
      Verified: TelemetrySourceGeneratorLoggingGen2Tests.Generate_GivenMethodWithExpandableAndHighMaxCount_GeneratesDiagnostic__VIqMiS3NMZieOvT0wbLQblxgUaZWer1zK6tLrfDZlk#TelemetryGenerationAttribute.g.verified.cs
    - Received: TelemetrySourceGeneratorLoggingGen2Tests.Generate_GivenMethodWithExpandableAndHighMaxCount_GeneratesDiagnostic__VIqMiS3NMZieOvT0wbLQblxgUaZWer1zK6tLrfDZlk#Testing.TestLoggerCore.Logging.g.received.cs
      Verified: TelemetrySourceGeneratorLoggingGen2Tests.Generate_GivenMethodWithExpandableAndHighMaxCount_GeneratesDiagnostic__VIqMiS3NMZieOvT0wbLQblxgUaZWer1zK6tLrfDZlk#Testing.TestLoggerCore.Logging.g.verified.cs
    - Received: TelemetrySourceGeneratorLoggingGen2Tests.Generate_GivenMethodWithExpandableAndHighMaxCount_GeneratesDiagnostic__VIqMiS3NMZieOvT0wbLQblxgUaZWer1zK6tLrfDZlk#TraceAttribute.g.received.cs
      Verified: TelemetrySourceGeneratorLoggingGen2Tests.Generate_GivenMethodWithExpandableAndHighMaxCount_GeneratesDiagnostic__VIqMiS3NMZieOvT0wbLQblxgUaZWer1zK6tLrfDZlk#TraceAttribute.g.verified.cs
    - Received: TelemetrySourceGeneratorLoggingGen2Tests.Generate_GivenMethodWithExpandableAndHighMaxCount_GeneratesDiagnostic__VIqMiS3NMZieOvT0wbLQblxgUaZWer1zK6tLrfDZlk#UpDownCounterAttribute.g.received.cs
      Verified: TelemetrySourceGeneratorLoggingGen2Tests.Generate_GivenMethodWithExpandableAndHighMaxCount_GeneratesDiagnostic__VIqMiS3NMZieOvT0wbLQblxgUaZWer1zK6tLrfDZlk#UpDownCounterAttribute.g.verified.cs
    - Received: TelemetrySourceGeneratorLoggingGen2Tests.Generate_GivenMethodWithExpandableAndHighMaxCount_GeneratesDiagnostic__VIqMiS3NMZieOvT0wbLQblxgUaZWer1zK6tLrfDZlk#WarningAttribute.g.received.cs
      Verified: TelemetrySourceGeneratorLoggingGen2Tests.Generate_GivenMethodWithExpandableAndHighMaxCount_GeneratesDiagnostic__VIqMiS3NMZieOvT0wbLQblxgUaZWer1zK6tLrfDZlk#WarningAttribute.g.verified.cs
  
  Standard output
    DBG: --- Adding templates.
    DBG: Adding ActivitySourceGenerationAttribute as ActivitySourceGenerationAttribute.g.cs.
    DBG: Adding ActivitySourceAttribute as ActivitySourceAttribute.g.cs.
    DBG: Adding ActivityAttribute as ActivityAttribute.g.cs.
    DBG: Adding EventAttribute as EventAttribute.g.cs.
    DBG: Adding ContextAttribute as ContextAttribute.g.cs.
    DBG: Adding BaggageAttribute as BaggageAttribute.g.cs.
    DBG: Adding EscapeAttribute as EscapeAttribute.g.cs.
    DBG: Adding StatusDescriptionAttribute as StatusDescriptionAttribute.g.cs.
    DBG: Adding LoggerGenerationAttribute as LoggerGenerationAttribute.g.cs.
    DBG: Adding LoggerAttribute as LoggerAttribute.g.cs.
    DBG: Adding LogAttribute as LogAttribute.g.cs.
    DBG: Adding LogPrefixType as LogPrefixType.g.cs.
    DBG: Adding LoggerGenerationMode as LoggerGenerationMode.g.cs.
    DBG: Adding ExpandEnumerableAttribute as ExpandEnumerableAttribute.g.cs.
    DBG: Adding TraceAttribute as TraceAttribute.g.cs.
    DBG: Adding DebugAttribute as DebugAttribute.g.cs.
    DBG: Adding InfoAttribute as InfoAttribute.g.cs.
    DBG: Adding WarningAttribute as WarningAttribute.g.cs.
    DBG: Adding ErrorAttribute as ErrorAttribute.g.cs.
    DBG: Adding CriticalAttribute as CriticalAttribute.g.cs.
    DBG: Adding MeterGenerationAttribute as MeterGenerationAttribute.g.cs.
    DBG: Adding MeterAttribute as MeterAttribute.g.cs.
    DBG: Adding MeterNameGenerationType as MeterNameGenerationType.g.cs.
    DBG: Adding InstrumentMeasurementAttribute as InstrumentMeasurementAttribute.g.cs.
    DBG: Adding AutoCounterAttribute as AutoCounterAttribute.g.cs.
    DBG: Adding CounterAttribute as CounterAttribute.g.cs.
    DBG: Adding UpDownCounterAttribute as UpDownCounterAttribute.g.cs.
    DBG: Adding HistogramAttribute as HistogramAttribute.g.cs.
    DBG: Adding ObservableCounterAttribute as ObservableCounterAttribute.g.cs.
    DBG: Adding ObservableGaugeAttribute as ObservableGaugeAttribute.g.cs.
    DBG: Adding ObservableUpDownCounterAttribute as ObservableUpDownCounterAttribute.g.cs.
    DBG: Adding TagAttribute as TagAttribute.g.cs.
    DBG: Adding ExcludeAttribute as ExcludeAttribute.g.cs.
    DBG: Adding TelemetryGenerationAttribute as TelemetryGenerationAttribute.g.cs.
    DBG: Adding Targets as Targets.g.cs.
    DBG: Adding NamingConvention as NamingConvention.g.cs.
    DBG: Adding ExcludeTargetsAttribute as ExcludeTargetsAttribute.g.cs.
    DBG: --- Finished adding templates.
    DBG: Found attribute: Purview.Telemetry.LoggerAttribute
    DBG: Found attribute: Purview.Telemetry.TelemetryGenerationAttribute(GenerateDependencyExtension = false)
    DBG: Found method ITestLogger.Log.
    DBG: Found attribute: Purview.Telemetry.ExpandEnumerableAttribute(10000)
    DBG: Found 1 parameter(s) for Log.
    DBG: Found method ITestLogger.Log2.
    DBG: Found attribute: Purview.Telemetry.ExpandEnumerableAttribute(5, MaximumValueCount = 10000)
    DBG: Found 1 parameter(s) for Log2.
    DBG: Logger generation target: Testing.TestLoggerCore
    DBG: Generating MS Gen-based logging class for: Testing.TestLoggerCore
    DBG: Building logging method: Log
    DBG: Emitting state content
    DIA: Identified paramValue that has a large unbounded ienumerable max.
    DBG: Building logging method: Log2
    DBG: Emitting state content
    DIA: Identified paramValue2 that has a large unbounded ienumerable max.
    DBG: Skipping dependency injection emit.
    
  Error output
failed Generate_GivenInterfaceWithGenerics_RaisesDiagnostics(1) (2s 734ms)
  [Test Failure] VerifyException: Directory: P:\GitHub\kjldev\purview-telemetry-sourcegenerator\src\Purview.Telemetry.SourceGenerator.IntegrationTests\Snapshots
Delete:
  - TelemetrySourceGeneratorLoggingGen2Tests.Generate_GivenInterfaceWithGenerics_RaisesDiagnostics_CAqe1ChVnvYCZotMAPEU8aEcP2sCpDXwvcFUV45NfyI.verified.txt
Equal:
  - Received: TelemetrySourceGeneratorLoggingGen2Tests.Generate_GivenInterfaceWithGenerics_RaisesDiagnostics_CAqe1ChVnvYCZotMAPEU8aEcP2sCpDXwvcFUV45NfyI#ActivityAttribute.g.received.cs
    Verified: TelemetrySourceGeneratorLoggingGen2Tests.Generate_GivenInterfaceWithGenerics_RaisesDiagnostics_CAqe1ChVnvYCZotMAPEU8aEcP2sCpDXwvcFUV45NfyI#ActivityAttribute.g.verified.cs
  - Received: TelemetrySourceGeneratorLoggingGen2Tests.Generate_GivenInterfaceWithGenerics_RaisesDiagnostics_CAqe1ChVnvYCZotMAPEU8aEcP2sCpDXwvcFUV45NfyI#ActivitySourceAttribute.g.received.cs
    Verified: TelemetrySourceGeneratorLoggingGen2Tests.Generate_GivenInterfaceWithGenerics_RaisesDiagnostics_CAqe1ChVnvYCZotMAPEU8aEcP2sCpDXwvcFUV45NfyI#ActivitySourceAttribute.g.verified.cs
  - Received: TelemetrySourceGeneratorLoggingGen2Tests.Generate_GivenInterfaceWithGenerics_RaisesDiagnostics_CAqe1ChVnvYCZotMAPEU8aEcP2sCpDXwvcFUV45NfyI#ActivitySourceGenerationAttribute.g.received.cs
    Verified: TelemetrySourceGeneratorLoggingGen2Tests.Generate_GivenInterfaceWithGenerics_RaisesDiagnostics_CAqe1ChVnvYCZotMAPEU8aEcP2sCpDXwvcFUV45NfyI#ActivitySourceGenerationAttribute.g.verified.cs
  - Received: TelemetrySourceGeneratorLoggingGen2Tests.Generate_GivenInterfaceWithGenerics_RaisesDiagnostics_CAqe1ChVnvYCZotMAPEU8aEcP2sCpDXwvcFUV45NfyI#AutoCounterAttribute.g.received.cs
    Verified: TelemetrySourceGeneratorLoggingGen2Tests.Generate_GivenInterfaceWithGenerics_RaisesDiagnostics_CAqe1ChVnvYCZotMAPEU8aEcP2sCpDXwvcFUV45NfyI#AutoCounterAttribute.g.verified.cs
  - Received: TelemetrySourceGeneratorLoggingGen2Tests.Generate_GivenInterfaceWithGenerics_RaisesDiagnostics_CAqe1ChVnvYCZotMAPEU8aEcP2sCpDXwvcFUV45NfyI#BaggageAttribute.g.received.cs
    Verified: TelemetrySourceGeneratorLoggingGen2Tests.Generate_GivenInterfaceWithGenerics_RaisesDiagnostics_CAqe1ChVnvYCZotMAPEU8aEcP2sCpDXwvcFUV45NfyI#BaggageAttribute.g.verified.cs
  - Received: TelemetrySourceGeneratorLoggingGen2Tests.Generate_GivenInterfaceWithGenerics_RaisesDiagnostics_CAqe1ChVnvYCZotMAPEU8aEcP2sCpDXwvcFUV45NfyI#ContextAttribute.g.received.cs
    Verified: TelemetrySourceGeneratorLoggingGen2Tests.Generate_GivenInterfaceWithGenerics_RaisesDiagnostics_CAqe1ChVnvYCZotMAPEU8aEcP2sCpDXwvcFUV45NfyI#ContextAttribute.g.verified.cs
  - Received: TelemetrySourceGeneratorLoggingGen2Tests.Generate_GivenInterfaceWithGenerics_RaisesDiagnostics_CAqe1ChVnvYCZotMAPEU8aEcP2sCpDXwvcFUV45NfyI#CounterAttribute.g.received.cs
    Verified: TelemetrySourceGeneratorLoggingGen2Tests.Generate_GivenInterfaceWithGenerics_RaisesDiagnostics_CAqe1ChVnvYCZotMAPEU8aEcP2sCpDXwvcFUV45NfyI#CounterAttribute.g.verified.cs
  - Received: TelemetrySourceGeneratorLoggingGen2Tests.Generate_GivenInterfaceWithGenerics_RaisesDiagnostics_CAqe1ChVnvYCZotMAPEU8aEcP2sCpDXwvcFUV45NfyI#CriticalAttribute.g.received.cs
    Verified: TelemetrySourceGeneratorLoggingGen2Tests.Generate_GivenInterfaceWithGenerics_RaisesDiagnostics_CAqe1ChVnvYCZotMAPEU8aEcP2sCpDXwvcFUV45NfyI#CriticalAttribute.g.verified.cs
  - Received: TelemetrySourceGeneratorLoggingGen2Tests.Generate_GivenInterfaceWithGenerics_RaisesDiagnostics_CAqe1ChVnvYCZotMAPEU8aEcP2sCpDXwvcFUV45NfyI#DebugAttribute.g.received.cs
    Verified: TelemetrySourceGeneratorLoggingGen2Tests.Generate_GivenInterfaceWithGenerics_RaisesDiagnostics_CAqe1ChVnvYCZotMAPEU8aEcP2sCpDXwvcFUV45NfyI#DebugAttribute.g.verified.cs
  - Received: TelemetrySourceGeneratorLoggingGen2Tests.Generate_GivenInterfaceWithGenerics_RaisesDiagnostics_CAqe1ChVnvYCZotMAPEU8aEcP2sCpDXwvcFUV45NfyI#ErrorAttribute.g.received.cs
    Verified: TelemetrySourceGeneratorLoggingGen2Tests.Generate_GivenInterfaceWithGenerics_RaisesDiagnostics_CAqe1ChVnvYCZotMAPEU8aEcP2sCpDXwvcFUV45NfyI#ErrorAttribute.g.verified.cs
  - Received: TelemetrySourceGeneratorLoggingGen2Tests.Generate_GivenInterfaceWithGenerics_RaisesDiagnostics_CAqe1ChVnvYCZotMAPEU8aEcP2sCpDXwvcFUV45NfyI#EscapeAttribute.g.received.cs
    Verified: TelemetrySourceGeneratorLoggingGen2Tests.Generate_GivenInterfaceWithGenerics_RaisesDiagnostics_CAqe1ChVnvYCZotMAPEU8aEcP2sCpDXwvcFUV45NfyI#EscapeAttribute.g.verified.cs
  - Received: TelemetrySourceGeneratorLoggingGen2Tests.Generate_GivenInterfaceWithGenerics_RaisesDiagnostics_CAqe1ChVnvYCZotMAPEU8aEcP2sCpDXwvcFUV45NfyI#EventAttribute.g.received.cs
    Verified: TelemetrySourceGeneratorLoggingGen2Tests.Generate_GivenInterfaceWithGenerics_RaisesDiagnostics_CAqe1ChVnvYCZotMAPEU8aEcP2sCpDXwvcFUV45NfyI#EventAttribute.g.verified.cs
  - Received: TelemetrySourceGeneratorLoggingGen2Tests.Generate_GivenInterfaceWithGenerics_RaisesDiagnostics_CAqe1ChVnvYCZotMAPEU8aEcP2sCpDXwvcFUV45NfyI#ExcludeAttribute.g.received.cs
    Verified: TelemetrySourceGeneratorLoggingGen2Tests.Generate_GivenInterfaceWithGenerics_RaisesDiagnostics_CAqe1ChVnvYCZotMAPEU8aEcP2sCpDXwvcFUV45NfyI#ExcludeAttribute.g.verified.cs
  - Received: TelemetrySourceGeneratorLoggingGen2Tests.Generate_GivenInterfaceWithGenerics_RaisesDiagnostics_CAqe1ChVnvYCZotMAPEU8aEcP2sCpDXwvcFUV45NfyI#ExcludeTargetsAttribute.g.received.cs
    Verified: TelemetrySourceGeneratorLoggingGen2Tests.Generate_GivenInterfaceWithGenerics_RaisesDiagnostics_CAqe1ChVnvYCZotMAPEU8aEcP2sCpDXwvcFUV45NfyI#ExcludeTargetsAttribute.g.verified.cs
  - Received: TelemetrySourceGeneratorLoggingGen2Tests.Generate_GivenInterfaceWithGenerics_RaisesDiagnostics_CAqe1ChVnvYCZotMAPEU8aEcP2sCpDXwvcFUV45NfyI#ExpandEnumerableAttribute.g.received.cs
    Verified: TelemetrySourceGeneratorLoggingGen2Tests.Generate_GivenInterfaceWithGenerics_RaisesDiagnostics_CAqe1ChVnvYCZotMAPEU8aEcP2sCpDXwvcFUV45NfyI#ExpandEnumerableAttribute.g.verified.cs
  - Received: TelemetrySourceGeneratorLoggingGen2Tests.Generate_GivenInterfaceWithGenerics_RaisesDiagnostics_CAqe1ChVnvYCZotMAPEU8aEcP2sCpDXwvcFUV45NfyI#HistogramAttribute.g.received.cs
    Verified: TelemetrySourceGeneratorLoggingGen2Tests.Generate_GivenInterfaceWithGenerics_RaisesDiagnostics_CAqe1ChVnvYCZotMAPEU8aEcP2sCpDXwvcFUV45NfyI#HistogramAttribute.g.verified.cs
  - Received: TelemetrySourceGeneratorLoggingGen2Tests.Generate_GivenInterfaceWithGenerics_RaisesDiagnostics_CAqe1ChVnvYCZotMAPEU8aEcP2sCpDXwvcFUV45NfyI#InfoAttribute.g.received.cs
    Verified: TelemetrySourceGeneratorLoggingGen2Tests.Generate_GivenInterfaceWithGenerics_RaisesDiagnostics_CAqe1ChVnvYCZotMAPEU8aEcP2sCpDXwvcFUV45NfyI#InfoAttribute.g.verified.cs
  - Received: TelemetrySourceGeneratorLoggingGen2Tests.Generate_GivenInterfaceWithGenerics_RaisesDiagnostics_CAqe1ChVnvYCZotMAPEU8aEcP2sCpDXwvcFUV45NfyI#InstrumentMeasurementAttribute.g.received.cs
    Verified: TelemetrySourceGeneratorLoggingGen2Tests.Generate_GivenInterfaceWithGenerics_RaisesDiagnostics_CAqe1ChVnvYCZotMAPEU8aEcP2sCpDXwvcFUV45NfyI#InstrumentMeasurementAttribute.g.verified.cs
  - Received: TelemetrySourceGeneratorLoggingGen2Tests.Generate_GivenInterfaceWithGenerics_RaisesDiagnostics_CAqe1ChVnvYCZotMAPEU8aEcP2sCpDXwvcFUV45NfyI#LogAttribute.g.received.cs
    Verified: TelemetrySourceGeneratorLoggingGen2Tests.Generate_GivenInterfaceWithGenerics_RaisesDiagnostics_CAqe1ChVnvYCZotMAPEU8aEcP2sCpDXwvcFUV45NfyI#LogAttribute.g.verified.cs
  - Received: TelemetrySourceGeneratorLoggingGen2Tests.Generate_GivenInterfaceWithGenerics_RaisesDiagnostics_CAqe1ChVnvYCZotMAPEU8aEcP2sCpDXwvcFUV45NfyI#LoggerAttribute.g.received.cs
    Verified: TelemetrySourceGeneratorLoggingGen2Tests.Generate_GivenInterfaceWithGenerics_RaisesDiagnostics_CAqe1ChVnvYCZotMAPEU8aEcP2sCpDXwvcFUV45NfyI#LoggerAttribute.g.verified.cs
  - Received: TelemetrySourceGeneratorLoggingGen2Tests.Generate_GivenInterfaceWithGenerics_RaisesDiagnostics_CAqe1ChVnvYCZotMAPEU8aEcP2sCpDXwvcFUV45NfyI#LoggerGenerationAttribute.g.received.cs
    Verified: TelemetrySourceGeneratorLoggingGen2Tests.Generate_GivenInterfaceWithGenerics_RaisesDiagnostics_CAqe1ChVnvYCZotMAPEU8aEcP2sCpDXwvcFUV45NfyI#LoggerGenerationAttribute.g.verified.cs
  - Received: TelemetrySourceGeneratorLoggingGen2Tests.Generate_GivenInterfaceWithGenerics_RaisesDiagnostics_CAqe1ChVnvYCZotMAPEU8aEcP2sCpDXwvcFUV45NfyI#LoggerGenerationMode.g.received.cs
    Verified: TelemetrySourceGeneratorLoggingGen2Tests.Generate_GivenInterfaceWithGenerics_RaisesDiagnostics_CAqe1ChVnvYCZotMAPEU8aEcP2sCpDXwvcFUV45NfyI#LoggerGenerationMode.g.verified.cs
  - Received: TelemetrySourceGeneratorLoggingGen2Tests.Generate_GivenInterfaceWithGenerics_RaisesDiagnostics_CAqe1ChVnvYCZotMAPEU8aEcP2sCpDXwvcFUV45NfyI#LogPrefixType.g.received.cs
    Verified: TelemetrySourceGeneratorLoggingGen2Tests.Generate_GivenInterfaceWithGenerics_RaisesDiagnostics_CAqe1ChVnvYCZotMAPEU8aEcP2sCpDXwvcFUV45NfyI#LogPrefixType.g.verified.cs
  - Received: TelemetrySourceGeneratorLoggingGen2Tests.Generate_GivenInterfaceWithGenerics_RaisesDiagnostics_CAqe1ChVnvYCZotMAPEU8aEcP2sCpDXwvcFUV45NfyI#MeterAttribute.g.received.cs
    Verified: TelemetrySourceGeneratorLoggingGen2Tests.Generate_GivenInterfaceWithGenerics_RaisesDiagnostics_CAqe1ChVnvYCZotMAPEU8aEcP2sCpDXwvcFUV45NfyI#MeterAttribute.g.verified.cs
  - Received: TelemetrySourceGeneratorLoggingGen2Tests.Generate_GivenInterfaceWithGenerics_RaisesDiagnostics_CAqe1ChVnvYCZotMAPEU8aEcP2sCpDXwvcFUV45NfyI#MeterGenerationAttribute.g.received.cs
    Verified: TelemetrySourceGeneratorLoggingGen2Tests.Generate_GivenInterfaceWithGenerics_RaisesDiagnostics_CAqe1ChVnvYCZotMAPEU8aEcP2sCpDXwvcFUV45NfyI#MeterGenerationAttribute.g.verified.cs
  - Received: TelemetrySourceGeneratorLoggingGen2Tests.Generate_GivenInterfaceWithGenerics_RaisesDiagnostics_CAqe1ChVnvYCZotMAPEU8aEcP2sCpDXwvcFUV45NfyI#MeterNameGenerationType.g.received.cs
    Verified: TelemetrySourceGeneratorLoggingGen2Tests.Generate_GivenInterfaceWithGenerics_RaisesDiagnostics_CAqe1ChVnvYCZotMAPEU8aEcP2sCpDXwvcFUV45NfyI#MeterNameGenerationType.g.verified.cs
  - Received: TelemetrySourceGeneratorLoggingGen2Tests.Generate_GivenInterfaceWithGenerics_RaisesDiagnostics_CAqe1ChVnvYCZotMAPEU8aEcP2sCpDXwvcFUV45NfyI#NamingConvention.g.received.cs
    Verified: TelemetrySourceGeneratorLoggingGen2Tests.Generate_GivenInterfaceWithGenerics_RaisesDiagnostics_CAqe1ChVnvYCZotMAPEU8aEcP2sCpDXwvcFUV45NfyI#NamingConvention.g.verified.cs
  - Received: TelemetrySourceGeneratorLoggingGen2Tests.Generate_GivenInterfaceWithGenerics_RaisesDiagnostics_CAqe1ChVnvYCZotMAPEU8aEcP2sCpDXwvcFUV45NfyI#ObservableCounterAttribute.g.received.cs
    Verified: TelemetrySourceGeneratorLoggingGen2Tests.Generate_GivenInterfaceWithGenerics_RaisesDiagnostics_CAqe1ChVnvYCZotMAPEU8aEcP2sCpDXwvcFUV45NfyI#ObservableCounterAttribute.g.verified.cs
  - Received: TelemetrySourceGeneratorLoggingGen2Tests.Generate_GivenInterfaceWithGenerics_RaisesDiagnostics_CAqe1ChVnvYCZotMAPEU8aEcP2sCpDXwvcFUV45NfyI#ObservableGaugeAttribute.g.received.cs
    Verified: TelemetrySourceGeneratorLoggingGen2Tests.Generate_GivenInterfaceWithGenerics_RaisesDiagnostics_CAqe1ChVnvYCZotMAPEU8aEcP2sCpDXwvcFUV45NfyI#ObservableGaugeAttribute.g.verified.cs
  - Received: TelemetrySourceGeneratorLoggingGen2Tests.Generate_GivenInterfaceWithGenerics_RaisesDiagnostics_CAqe1ChVnvYCZotMAPEU8aEcP2sCpDXwvcFUV45NfyI#ObservableUpDownCounterAttribute.g.received.cs
    Verified: TelemetrySourceGeneratorLoggingGen2Tests.Generate_GivenInterfaceWithGenerics_RaisesDiagnostics_CAqe1ChVnvYCZotMAPEU8aEcP2sCpDXwvcFUV45NfyI#ObservableUpDownCounterAttribute.g.verified.cs
  - Received: TelemetrySourceGeneratorLoggingGen2Tests.Generate_GivenInterfaceWithGenerics_RaisesDiagnostics_CAqe1ChVnvYCZotMAPEU8aEcP2sCpDXwvcFUV45NfyI#StatusDescriptionAttribute.g.received.cs
    Verified: TelemetrySourceGeneratorLoggingGen2Tests.Generate_GivenInterfaceWithGenerics_RaisesDiagnostics_CAqe1ChVnvYCZotMAPEU8aEcP2sCpDXwvcFUV45NfyI#StatusDescriptionAttribute.g.verified.cs
  - Received: TelemetrySourceGeneratorLoggingGen2Tests.Generate_GivenInterfaceWithGenerics_RaisesDiagnostics_CAqe1ChVnvYCZotMAPEU8aEcP2sCpDXwvcFUV45NfyI#TagAttribute.g.received.cs
    Verified: TelemetrySourceGeneratorLoggingGen2Tests.Generate_GivenInterfaceWithGenerics_RaisesDiagnostics_CAqe1ChVnvYCZotMAPEU8aEcP2sCpDXwvcFUV45NfyI#TagAttribute.g.verified.cs
  - Received: TelemetrySourceGeneratorLoggingGen2Tests.Generate_GivenInterfaceWithGenerics_RaisesDiagnostics_CAqe1ChVnvYCZotMAPEU8aEcP2sCpDXwvcFUV45NfyI#Targets.g.received.cs
    Verified: TelemetrySourceGeneratorLoggingGen2Tests.Generate_GivenInterfaceWithGenerics_RaisesDiagnostics_CAqe1ChVnvYCZotMAPEU8aEcP2sCpDXwvcFUV45NfyI#Targets.g.verified.cs
  - Received: TelemetrySourceGeneratorLoggingGen2Tests.Generate_GivenInterfaceWithGenerics_RaisesDiagnostics_CAqe1ChVnvYCZotMAPEU8aEcP2sCpDXwvcFUV45NfyI#TelemetryGenerationAttribute.g.received.cs
    Verified: TelemetrySourceGeneratorLoggingGen2Tests.Generate_GivenInterfaceWithGenerics_RaisesDiagnostics_CAqe1ChVnvYCZotMAPEU8aEcP2sCpDXwvcFUV45NfyI#TelemetryGenerationAttribute.g.verified.cs
  - Received: TelemetrySourceGeneratorLoggingGen2Tests.Generate_GivenInterfaceWithGenerics_RaisesDiagnostics_CAqe1ChVnvYCZotMAPEU8aEcP2sCpDXwvcFUV45NfyI#TraceAttribute.g.received.cs
    Verified: TelemetrySourceGeneratorLoggingGen2Tests.Generate_GivenInterfaceWithGenerics_RaisesDiagnostics_CAqe1ChVnvYCZotMAPEU8aEcP2sCpDXwvcFUV45NfyI#TraceAttribute.g.verified.cs
  - Received: TelemetrySourceGeneratorLoggingGen2Tests.Generate_GivenInterfaceWithGenerics_RaisesDiagnostics_CAqe1ChVnvYCZotMAPEU8aEcP2sCpDXwvcFUV45NfyI#UpDownCounterAttribute.g.received.cs
    Verified: TelemetrySourceGeneratorLoggingGen2Tests.Generate_GivenInterfaceWithGenerics_RaisesDiagnostics_CAqe1ChVnvYCZotMAPEU8aEcP2sCpDXwvcFUV45NfyI#UpDownCounterAttribute.g.verified.cs
  - Received: TelemetrySourceGeneratorLoggingGen2Tests.Generate_GivenInterfaceWithGenerics_RaisesDiagnostics_CAqe1ChVnvYCZotMAPEU8aEcP2sCpDXwvcFUV45NfyI#WarningAttribute.g.received.cs
    Verified: TelemetrySourceGeneratorLoggingGen2Tests.Generate_GivenInterfaceWithGenerics_RaisesDiagnostics_CAqe1ChVnvYCZotMAPEU8aEcP2sCpDXwvcFUV45NfyI#WarningAttribute.g.verified.cs

  from P:\GitHub\kjldev\purview-telemetry-sourcegenerator\src\Purview.Telemetry.SourceGenerator.IntegrationTests\bin\Release\net10.0\Purview.Telemetry.SourceGenerator.IntegrationTests.dll (net10.0|x64)
  TUnit.Engine.Exceptions.TestFailedException: [Test Failure] VerifyException: Directory: P:\GitHub\kjldev\purview-telemetry-sourcegenerator\src\Purview.Telemetry.SourceGenerator.IntegrationTests\Snapshots
  Delete:
    - TelemetrySourceGeneratorLoggingGen2Tests.Generate_GivenInterfaceWithGenerics_RaisesDiagnostics_CAqe1ChVnvYCZotMAPEU8aEcP2sCpDXwvcFUV45NfyI.verified.txt
  Equal:
    - Received: TelemetrySourceGeneratorLoggingGen2Tests.Generate_GivenInterfaceWithGenerics_RaisesDiagnostics_CAqe1ChVnvYCZotMAPEU8aEcP2sCpDXwvcFUV45NfyI#ActivityAttribute.g.received.cs
      Verified: TelemetrySourceGeneratorLoggingGen2Tests.Generate_GivenInterfaceWithGenerics_RaisesDiagnostics_CAqe1ChVnvYCZotMAPEU8aEcP2sCpDXwvcFUV45NfyI#ActivityAttribute.g.verified.cs
    - Received: TelemetrySourceGeneratorLoggingGen2Tests.Generate_GivenInterfaceWithGenerics_RaisesDiagnostics_CAqe1ChVnvYCZotMAPEU8aEcP2sCpDXwvcFUV45NfyI#ActivitySourceAttribute.g.received.cs
      Verified: TelemetrySourceGeneratorLoggingGen2Tests.Generate_GivenInterfaceWithGenerics_RaisesDiagnostics_CAqe1ChVnvYCZotMAPEU8aEcP2sCpDXwvcFUV45NfyI#ActivitySourceAttribute.g.verified.cs
    - Received: TelemetrySourceGeneratorLoggingGen2Tests.Generate_GivenInterfaceWithGenerics_RaisesDiagnostics_CAqe1ChVnvYCZotMAPEU8aEcP2sCpDXwvcFUV45NfyI#ActivitySourceGenerationAttribute.g.received.cs
      Verified: TelemetrySourceGeneratorLoggingGen2Tests.Generate_GivenInterfaceWithGenerics_RaisesDiagnostics_CAqe1ChVnvYCZotMAPEU8aEcP2sCpDXwvcFUV45NfyI#ActivitySourceGenerationAttribute.g.verified.cs
    - Received: TelemetrySourceGeneratorLoggingGen2Tests.Generate_GivenInterfaceWithGenerics_RaisesDiagnostics_CAqe1ChVnvYCZotMAPEU8aEcP2sCpDXwvcFUV45NfyI#AutoCounterAttribute.g.received.cs
      Verified: TelemetrySourceGeneratorLoggingGen2Tests.Generate_GivenInterfaceWithGenerics_RaisesDiagnostics_CAqe1ChVnvYCZotMAPEU8aEcP2sCpDXwvcFUV45NfyI#AutoCounterAttribute.g.verified.cs
    - Received: TelemetrySourceGeneratorLoggingGen2Tests.Generate_GivenInterfaceWithGenerics_RaisesDiagnostics_CAqe1ChVnvYCZotMAPEU8aEcP2sCpDXwvcFUV45NfyI#BaggageAttribute.g.received.cs
      Verified: TelemetrySourceGeneratorLoggingGen2Tests.Generate_GivenInterfaceWithGenerics_RaisesDiagnostics_CAqe1ChVnvYCZotMAPEU8aEcP2sCpDXwvcFUV45NfyI#BaggageAttribute.g.verified.cs
    - Received: TelemetrySourceGeneratorLoggingGen2Tests.Generate_GivenInterfaceWithGenerics_RaisesDiagnostics_CAqe1ChVnvYCZotMAPEU8aEcP2sCpDXwvcFUV45NfyI#ContextAttribute.g.received.cs
      Verified: TelemetrySourceGeneratorLoggingGen2Tests.Generate_GivenInterfaceWithGenerics_RaisesDiagnostics_CAqe1ChVnvYCZotMAPEU8aEcP2sCpDXwvcFUV45NfyI#ContextAttribute.g.verified.cs
    - Received: TelemetrySourceGeneratorLoggingGen2Tests.Generate_GivenInterfaceWithGenerics_RaisesDiagnostics_CAqe1ChVnvYCZotMAPEU8aEcP2sCpDXwvcFUV45NfyI#CounterAttribute.g.received.cs
      Verified: TelemetrySourceGeneratorLoggingGen2Tests.Generate_GivenInterfaceWithGenerics_RaisesDiagnostics_CAqe1ChVnvYCZotMAPEU8aEcP2sCpDXwvcFUV45NfyI#CounterAttribute.g.verified.cs
    - Received: TelemetrySourceGeneratorLoggingGen2Tests.Generate_GivenInterfaceWithGenerics_RaisesDiagnostics_CAqe1ChVnvYCZotMAPEU8aEcP2sCpDXwvcFUV45NfyI#CriticalAttribute.g.received.cs
      Verified: TelemetrySourceGeneratorLoggingGen2Tests.Generate_GivenInterfaceWithGenerics_RaisesDiagnostics_CAqe1ChVnvYCZotMAPEU8aEcP2sCpDXwvcFUV45NfyI#CriticalAttribute.g.verified.cs
    - Received: TelemetrySourceGeneratorLoggingGen2Tests.Generate_GivenInterfaceWithGenerics_RaisesDiagnostics_CAqe1ChVnvYCZotMAPEU8aEcP2sCpDXwvcFUV45NfyI#DebugAttribute.g.received.cs
      Verified: TelemetrySourceGeneratorLoggingGen2Tests.Generate_GivenInterfaceWithGenerics_RaisesDiagnostics_CAqe1ChVnvYCZotMAPEU8aEcP2sCpDXwvcFUV45NfyI#DebugAttribute.g.verified.cs
    - Received: TelemetrySourceGeneratorLoggingGen2Tests.Generate_GivenInterfaceWithGenerics_RaisesDiagnostics_CAqe1ChVnvYCZotMAPEU8aEcP2sCpDXwvcFUV45NfyI#ErrorAttribute.g.received.cs
      Verified: TelemetrySourceGeneratorLoggingGen2Tests.Generate_GivenInterfaceWithGenerics_RaisesDiagnostics_CAqe1ChVnvYCZotMAPEU8aEcP2sCpDXwvcFUV45NfyI#ErrorAttribute.g.verified.cs
    - Received: TelemetrySourceGeneratorLoggingGen2Tests.Generate_GivenInterfaceWithGenerics_RaisesDiagnostics_CAqe1ChVnvYCZotMAPEU8aEcP2sCpDXwvcFUV45NfyI#EscapeAttribute.g.received.cs
      Verified: TelemetrySourceGeneratorLoggingGen2Tests.Generate_GivenInterfaceWithGenerics_RaisesDiagnostics_CAqe1ChVnvYCZotMAPEU8aEcP2sCpDXwvcFUV45NfyI#EscapeAttribute.g.verified.cs
    - Received: TelemetrySourceGeneratorLoggingGen2Tests.Generate_GivenInterfaceWithGenerics_RaisesDiagnostics_CAqe1ChVnvYCZotMAPEU8aEcP2sCpDXwvcFUV45NfyI#EventAttribute.g.received.cs
      Verified: TelemetrySourceGeneratorLoggingGen2Tests.Generate_GivenInterfaceWithGenerics_RaisesDiagnostics_CAqe1ChVnvYCZotMAPEU8aEcP2sCpDXwvcFUV45NfyI#EventAttribute.g.verified.cs
    - Received: TelemetrySourceGeneratorLoggingGen2Tests.Generate_GivenInterfaceWithGenerics_RaisesDiagnostics_CAqe1ChVnvYCZotMAPEU8aEcP2sCpDXwvcFUV45NfyI#ExcludeAttribute.g.received.cs
      Verified: TelemetrySourceGeneratorLoggingGen2Tests.Generate_GivenInterfaceWithGenerics_RaisesDiagnostics_CAqe1ChVnvYCZotMAPEU8aEcP2sCpDXwvcFUV45NfyI#ExcludeAttribute.g.verified.cs
    - Received: TelemetrySourceGeneratorLoggingGen2Tests.Generate_GivenInterfaceWithGenerics_RaisesDiagnostics_CAqe1ChVnvYCZotMAPEU8aEcP2sCpDXwvcFUV45NfyI#ExcludeTargetsAttribute.g.received.cs
      Verified: TelemetrySourceGeneratorLoggingGen2Tests.Generate_GivenInterfaceWithGenerics_RaisesDiagnostics_CAqe1ChVnvYCZotMAPEU8aEcP2sCpDXwvcFUV45NfyI#ExcludeTargetsAttribute.g.verified.cs
    - Received: TelemetrySourceGeneratorLoggingGen2Tests.Generate_GivenInterfaceWithGenerics_RaisesDiagnostics_CAqe1ChVnvYCZotMAPEU8aEcP2sCpDXwvcFUV45NfyI#ExpandEnumerableAttribute.g.received.cs
      Verified: TelemetrySourceGeneratorLoggingGen2Tests.Generate_GivenInterfaceWithGenerics_RaisesDiagnostics_CAqe1ChVnvYCZotMAPEU8aEcP2sCpDXwvcFUV45NfyI#ExpandEnumerableAttribute.g.verified.cs
    - Received: TelemetrySourceGeneratorLoggingGen2Tests.Generate_GivenInterfaceWithGenerics_RaisesDiagnostics_CAqe1ChVnvYCZotMAPEU8aEcP2sCpDXwvcFUV45NfyI#HistogramAttribute.g.received.cs
      Verified: TelemetrySourceGeneratorLoggingGen2Tests.Generate_GivenInterfaceWithGenerics_RaisesDiagnostics_CAqe1ChVnvYCZotMAPEU8aEcP2sCpDXwvcFUV45NfyI#HistogramAttribute.g.verified.cs
    - Received: TelemetrySourceGeneratorLoggingGen2Tests.Generate_GivenInterfaceWithGenerics_RaisesDiagnostics_CAqe1ChVnvYCZotMAPEU8aEcP2sCpDXwvcFUV45NfyI#InfoAttribute.g.received.cs
      Verified: TelemetrySourceGeneratorLoggingGen2Tests.Generate_GivenInterfaceWithGenerics_RaisesDiagnostics_CAqe1ChVnvYCZotMAPEU8aEcP2sCpDXwvcFUV45NfyI#InfoAttribute.g.verified.cs
    - Received: TelemetrySourceGeneratorLoggingGen2Tests.Generate_GivenInterfaceWithGenerics_RaisesDiagnostics_CAqe1ChVnvYCZotMAPEU8aEcP2sCpDXwvcFUV45NfyI#InstrumentMeasurementAttribute.g.received.cs
      Verified: TelemetrySourceGeneratorLoggingGen2Tests.Generate_GivenInterfaceWithGenerics_RaisesDiagnostics_CAqe1ChVnvYCZotMAPEU8aEcP2sCpDXwvcFUV45NfyI#InstrumentMeasurementAttribute.g.verified.cs
    - Received: TelemetrySourceGeneratorLoggingGen2Tests.Generate_GivenInterfaceWithGenerics_RaisesDiagnostics_CAqe1ChVnvYCZotMAPEU8aEcP2sCpDXwvcFUV45NfyI#LogAttribute.g.received.cs
      Verified: TelemetrySourceGeneratorLoggingGen2Tests.Generate_GivenInterfaceWithGenerics_RaisesDiagnostics_CAqe1ChVnvYCZotMAPEU8aEcP2sCpDXwvcFUV45NfyI#LogAttribute.g.verified.cs
    - Received: TelemetrySourceGeneratorLoggingGen2Tests.Generate_GivenInterfaceWithGenerics_RaisesDiagnostics_CAqe1ChVnvYCZotMAPEU8aEcP2sCpDXwvcFUV45NfyI#LoggerAttribute.g.received.cs
      Verified: TelemetrySourceGeneratorLoggingGen2Tests.Generate_GivenInterfaceWithGenerics_RaisesDiagnostics_CAqe1ChVnvYCZotMAPEU8aEcP2sCpDXwvcFUV45NfyI#LoggerAttribute.g.verified.cs
    - Received: TelemetrySourceGeneratorLoggingGen2Tests.Generate_GivenInterfaceWithGenerics_RaisesDiagnostics_CAqe1ChVnvYCZotMAPEU8aEcP2sCpDXwvcFUV45NfyI#LoggerGenerationAttribute.g.received.cs
      Verified: TelemetrySourceGeneratorLoggingGen2Tests.Generate_GivenInterfaceWithGenerics_RaisesDiagnostics_CAqe1ChVnvYCZotMAPEU8aEcP2sCpDXwvcFUV45NfyI#LoggerGenerationAttribute.g.verified.cs
    - Received: TelemetrySourceGeneratorLoggingGen2Tests.Generate_GivenInterfaceWithGenerics_RaisesDiagnostics_CAqe1ChVnvYCZotMAPEU8aEcP2sCpDXwvcFUV45NfyI#LoggerGenerationMode.g.received.cs
      Verified: TelemetrySourceGeneratorLoggingGen2Tests.Generate_GivenInterfaceWithGenerics_RaisesDiagnostics_CAqe1ChVnvYCZotMAPEU8aEcP2sCpDXwvcFUV45NfyI#LoggerGenerationMode.g.verified.cs
    - Received: TelemetrySourceGeneratorLoggingGen2Tests.Generate_GivenInterfaceWithGenerics_RaisesDiagnostics_CAqe1ChVnvYCZotMAPEU8aEcP2sCpDXwvcFUV45NfyI#LogPrefixType.g.received.cs
      Verified: TelemetrySourceGeneratorLoggingGen2Tests.Generate_GivenInterfaceWithGenerics_RaisesDiagnostics_CAqe1ChVnvYCZotMAPEU8aEcP2sCpDXwvcFUV45NfyI#LogPrefixType.g.verified.cs
    - Received: TelemetrySourceGeneratorLoggingGen2Tests.Generate_GivenInterfaceWithGenerics_RaisesDiagnostics_CAqe1ChVnvYCZotMAPEU8aEcP2sCpDXwvcFUV45NfyI#MeterAttribute.g.received.cs
      Verified: TelemetrySourceGeneratorLoggingGen2Tests.Generate_GivenInterfaceWithGenerics_RaisesDiagnostics_CAqe1ChVnvYCZotMAPEU8aEcP2sCpDXwvcFUV45NfyI#MeterAttribute.g.verified.cs
    - Received: TelemetrySourceGeneratorLoggingGen2Tests.Generate_GivenInterfaceWithGenerics_RaisesDiagnostics_CAqe1ChVnvYCZotMAPEU8aEcP2sCpDXwvcFUV45NfyI#MeterGenerationAttribute.g.received.cs
      Verified: TelemetrySourceGeneratorLoggingGen2Tests.Generate_GivenInterfaceWithGenerics_RaisesDiagnostics_CAqe1ChVnvYCZotMAPEU8aEcP2sCpDXwvcFUV45NfyI#MeterGenerationAttribute.g.verified.cs
    - Received: TelemetrySourceGeneratorLoggingGen2Tests.Generate_GivenInterfaceWithGenerics_RaisesDiagnostics_CAqe1ChVnvYCZotMAPEU8aEcP2sCpDXwvcFUV45NfyI#MeterNameGenerationType.g.received.cs
      Verified: TelemetrySourceGeneratorLoggingGen2Tests.Generate_GivenInterfaceWithGenerics_RaisesDiagnostics_CAqe1ChVnvYCZotMAPEU8aEcP2sCpDXwvcFUV45NfyI#MeterNameGenerationType.g.verified.cs
    - Received: TelemetrySourceGeneratorLoggingGen2Tests.Generate_GivenInterfaceWithGenerics_RaisesDiagnostics_CAqe1ChVnvYCZotMAPEU8aEcP2sCpDXwvcFUV45NfyI#NamingConvention.g.received.cs
      Verified: TelemetrySourceGeneratorLoggingGen2Tests.Generate_GivenInterfaceWithGenerics_RaisesDiagnostics_CAqe1ChVnvYCZotMAPEU8aEcP2sCpDXwvcFUV45NfyI#NamingConvention.g.verified.cs
    - Received: TelemetrySourceGeneratorLoggingGen2Tests.Generate_GivenInterfaceWithGenerics_RaisesDiagnostics_CAqe1ChVnvYCZotMAPEU8aEcP2sCpDXwvcFUV45NfyI#ObservableCounterAttribute.g.received.cs
      Verified: TelemetrySourceGeneratorLoggingGen2Tests.Generate_GivenInterfaceWithGenerics_RaisesDiagnostics_CAqe1ChVnvYCZotMAPEU8aEcP2sCpDXwvcFUV45NfyI#ObservableCounterAttribute.g.verified.cs
    - Received: TelemetrySourceGeneratorLoggingGen2Tests.Generate_GivenInterfaceWithGenerics_RaisesDiagnostics_CAqe1ChVnvYCZotMAPEU8aEcP2sCpDXwvcFUV45NfyI#ObservableGaugeAttribute.g.received.cs
      Verified: TelemetrySourceGeneratorLoggingGen2Tests.Generate_GivenInterfaceWithGenerics_RaisesDiagnostics_CAqe1ChVnvYCZotMAPEU8aEcP2sCpDXwvcFUV45NfyI#ObservableGaugeAttribute.g.verified.cs
    - Received: TelemetrySourceGeneratorLoggingGen2Tests.Generate_GivenInterfaceWithGenerics_RaisesDiagnostics_CAqe1ChVnvYCZotMAPEU8aEcP2sCpDXwvcFUV45NfyI#ObservableUpDownCounterAttribute.g.received.cs
      Verified: TelemetrySourceGeneratorLoggingGen2Tests.Generate_GivenInterfaceWithGenerics_RaisesDiagnostics_CAqe1ChVnvYCZotMAPEU8aEcP2sCpDXwvcFUV45NfyI#ObservableUpDownCounterAttribute.g.verified.cs
    - Received: TelemetrySourceGeneratorLoggingGen2Tests.Generate_GivenInterfaceWithGenerics_RaisesDiagnostics_CAqe1ChVnvYCZotMAPEU8aEcP2sCpDXwvcFUV45NfyI#StatusDescriptionAttribute.g.received.cs
      Verified: TelemetrySourceGeneratorLoggingGen2Tests.Generate_GivenInterfaceWithGenerics_RaisesDiagnostics_CAqe1ChVnvYCZotMAPEU8aEcP2sCpDXwvcFUV45NfyI#StatusDescriptionAttribute.g.verified.cs
    - Received: TelemetrySourceGeneratorLoggingGen2Tests.Generate_GivenInterfaceWithGenerics_RaisesDiagnostics_CAqe1ChVnvYCZotMAPEU8aEcP2sCpDXwvcFUV45NfyI#TagAttribute.g.received.cs
      Verified: TelemetrySourceGeneratorLoggingGen2Tests.Generate_GivenInterfaceWithGenerics_RaisesDiagnostics_CAqe1ChVnvYCZotMAPEU8aEcP2sCpDXwvcFUV45NfyI#TagAttribute.g.verified.cs
    - Received: TelemetrySourceGeneratorLoggingGen2Tests.Generate_GivenInterfaceWithGenerics_RaisesDiagnostics_CAqe1ChVnvYCZotMAPEU8aEcP2sCpDXwvcFUV45NfyI#Targets.g.received.cs
      Verified: TelemetrySourceGeneratorLoggingGen2Tests.Generate_GivenInterfaceWithGenerics_RaisesDiagnostics_CAqe1ChVnvYCZotMAPEU8aEcP2sCpDXwvcFUV45NfyI#Targets.g.verified.cs
    - Received: TelemetrySourceGeneratorLoggingGen2Tests.Generate_GivenInterfaceWithGenerics_RaisesDiagnostics_CAqe1ChVnvYCZotMAPEU8aEcP2sCpDXwvcFUV45NfyI#TelemetryGenerationAttribute.g.received.cs
      Verified: TelemetrySourceGeneratorLoggingGen2Tests.Generate_GivenInterfaceWithGenerics_RaisesDiagnostics_CAqe1ChVnvYCZotMAPEU8aEcP2sCpDXwvcFUV45NfyI#TelemetryGenerationAttribute.g.verified.cs
    - Received: TelemetrySourceGeneratorLoggingGen2Tests.Generate_GivenInterfaceWithGenerics_RaisesDiagnostics_CAqe1ChVnvYCZotMAPEU8aEcP2sCpDXwvcFUV45NfyI#TraceAttribute.g.received.cs
      Verified: TelemetrySourceGeneratorLoggingGen2Tests.Generate_GivenInterfaceWithGenerics_RaisesDiagnostics_CAqe1ChVnvYCZotMAPEU8aEcP2sCpDXwvcFUV45NfyI#TraceAttribute.g.verified.cs
    - Received: TelemetrySourceGeneratorLoggingGen2Tests.Generate_GivenInterfaceWithGenerics_RaisesDiagnostics_CAqe1ChVnvYCZotMAPEU8aEcP2sCpDXwvcFUV45NfyI#UpDownCounterAttribute.g.received.cs
      Verified: TelemetrySourceGeneratorLoggingGen2Tests.Generate_GivenInterfaceWithGenerics_RaisesDiagnostics_CAqe1ChVnvYCZotMAPEU8aEcP2sCpDXwvcFUV45NfyI#UpDownCounterAttribute.g.verified.cs
    - Received: TelemetrySourceGeneratorLoggingGen2Tests.Generate_GivenInterfaceWithGenerics_RaisesDiagnostics_CAqe1ChVnvYCZotMAPEU8aEcP2sCpDXwvcFUV45NfyI#WarningAttribute.g.received.cs
      Verified: TelemetrySourceGeneratorLoggingGen2Tests.Generate_GivenInterfaceWithGenerics_RaisesDiagnostics_CAqe1ChVnvYCZotMAPEU8aEcP2sCpDXwvcFUV45NfyI#WarningAttribute.g.verified.cs
  
  Standard output
    DBG: --- Adding templates.
    DBG: Adding ActivitySourceGenerationAttribute as ActivitySourceGenerationAttribute.g.cs.
    DBG: Adding ActivitySourceAttribute as ActivitySourceAttribute.g.cs.
    DBG: Adding ActivityAttribute as ActivityAttribute.g.cs.
    DBG: Adding EventAttribute as EventAttribute.g.cs.
    DBG: Adding ContextAttribute as ContextAttribute.g.cs.
    DBG: Adding BaggageAttribute as BaggageAttribute.g.cs.
    DBG: Adding EscapeAttribute as EscapeAttribute.g.cs.
    DBG: Adding StatusDescriptionAttribute as StatusDescriptionAttribute.g.cs.
    DBG: Adding LoggerGenerationAttribute as LoggerGenerationAttribute.g.cs.
    DBG: Adding LoggerAttribute as LoggerAttribute.g.cs.
    DBG: Adding LogAttribute as LogAttribute.g.cs.
    DBG: Adding LogPrefixType as LogPrefixType.g.cs.
    DBG: Adding LoggerGenerationMode as LoggerGenerationMode.g.cs.
    DBG: Adding ExpandEnumerableAttribute as ExpandEnumerableAttribute.g.cs.
    DBG: Adding TraceAttribute as TraceAttribute.g.cs.
    DBG: Adding DebugAttribute as DebugAttribute.g.cs.
    DBG: Adding InfoAttribute as InfoAttribute.g.cs.
    DBG: Adding WarningAttribute as WarningAttribute.g.cs.
    DBG: Adding ErrorAttribute as ErrorAttribute.g.cs.
    DBG: Adding CriticalAttribute as CriticalAttribute.g.cs.
    DBG: Adding MeterGenerationAttribute as MeterGenerationAttribute.g.cs.
    DBG: Adding MeterAttribute as MeterAttribute.g.cs.
    DBG: Adding MeterNameGenerationType as MeterNameGenerationType.g.cs.
    DBG: Adding InstrumentMeasurementAttribute as InstrumentMeasurementAttribute.g.cs.
    DBG: Adding AutoCounterAttribute as AutoCounterAttribute.g.cs.
    DBG: Adding CounterAttribute as CounterAttribute.g.cs.
    DBG: Adding UpDownCounterAttribute as UpDownCounterAttribute.g.cs.
    DBG: Adding HistogramAttribute as HistogramAttribute.g.cs.
    DBG: Adding ObservableCounterAttribute as ObservableCounterAttribute.g.cs.
    DBG: Adding ObservableGaugeAttribute as ObservableGaugeAttribute.g.cs.
    DBG: Adding ObservableUpDownCounterAttribute as ObservableUpDownCounterAttribute.g.cs.
    DBG: Adding TagAttribute as TagAttribute.g.cs.
    DBG: Adding ExcludeAttribute as ExcludeAttribute.g.cs.
    DBG: Adding TelemetryGenerationAttribute as TelemetryGenerationAttribute.g.cs.
    DBG: Adding Targets as Targets.g.cs.
    DBG: Adding NamingConvention as NamingConvention.g.cs.
    DBG: Adding ExcludeTargetsAttribute as ExcludeTargetsAttribute.g.cs.
    DBG: --- Finished adding templates.
    DIA: Cannot generate a Logger target for a generic interface '[Logger] public interface ITestLogger<T0> { void LogEntryWithGenericTypeParam(); }'.
    
  Error output
failed Generate_GivenMethodWithExpandableAndHighMaxCount_GeneratesDiagnostic(12) (5s 099ms)
  [Test Failure] VerifyException: Directory: P:\GitHub\kjldev\purview-telemetry-sourcegenerator\src\Purview.Telemetry.SourceGenerator.IntegrationTests\Snapshots
Delete:
  - TelemetrySourceGeneratorLoggingGen2Tests.Generate_GivenMethodWithExpandableAndHighMaxCount_GeneratesDiagnostic_Vo8V6f57zwrb4oNveyxSGrQUvLZcEiTuD-2nd5ZYhvc.verified.txt
Equal:
  - Received: TelemetrySourceGeneratorLoggingGen2Tests.Generate_GivenMethodWithExpandableAndHighMaxCount_GeneratesDiagnostic_Vo8V6f57zwrb4oNveyxSGrQUvLZcEiTuD-2nd5ZYhvc#ActivityAttribute.g.received.cs
    Verified: TelemetrySourceGeneratorLoggingGen2Tests.Generate_GivenMethodWithExpandableAndHighMaxCount_GeneratesDiagnostic_Vo8V6f57zwrb4oNveyxSGrQUvLZcEiTuD-2nd5ZYhvc#ActivityAttribute.g.verified.cs
  - Received: TelemetrySourceGeneratorLoggingGen2Tests.Generate_GivenMethodWithExpandableAndHighMaxCount_GeneratesDiagnostic_Vo8V6f57zwrb4oNveyxSGrQUvLZcEiTuD-2nd5ZYhvc#ActivitySourceAttribute.g.received.cs
    Verified: TelemetrySourceGeneratorLoggingGen2Tests.Generate_GivenMethodWithExpandableAndHighMaxCount_GeneratesDiagnostic_Vo8V6f57zwrb4oNveyxSGrQUvLZcEiTuD-2nd5ZYhvc#ActivitySourceAttribute.g.verified.cs
  - Received: TelemetrySourceGeneratorLoggingGen2Tests.Generate_GivenMethodWithExpandableAndHighMaxCount_GeneratesDiagnostic_Vo8V6f57zwrb4oNveyxSGrQUvLZcEiTuD-2nd5ZYhvc#ActivitySourceGenerationAttribute.g.received.cs
    Verified: TelemetrySourceGeneratorLoggingGen2Tests.Generate_GivenMethodWithExpandableAndHighMaxCount_GeneratesDiagnostic_Vo8V6f57zwrb4oNveyxSGrQUvLZcEiTuD-2nd5ZYhvc#ActivitySourceGenerationAttribute.g.verified.cs
  - Received: TelemetrySourceGeneratorLoggingGen2Tests.Generate_GivenMethodWithExpandableAndHighMaxCount_GeneratesDiagnostic_Vo8V6f57zwrb4oNveyxSGrQUvLZcEiTuD-2nd5ZYhvc#AutoCounterAttribute.g.received.cs
    Verified: TelemetrySourceGeneratorLoggingGen2Tests.Generate_GivenMethodWithExpandableAndHighMaxCount_GeneratesDiagnostic_Vo8V6f57zwrb4oNveyxSGrQUvLZcEiTuD-2nd5ZYhvc#AutoCounterAttribute.g.verified.cs
  - Received: TelemetrySourceGeneratorLoggingGen2Tests.Generate_GivenMethodWithExpandableAndHighMaxCount_GeneratesDiagnostic_Vo8V6f57zwrb4oNveyxSGrQUvLZcEiTuD-2nd5ZYhvc#BaggageAttribute.g.received.cs
    Verified: TelemetrySourceGeneratorLoggingGen2Tests.Generate_GivenMethodWithExpandableAndHighMaxCount_GeneratesDiagnostic_Vo8V6f57zwrb4oNveyxSGrQUvLZcEiTuD-2nd5ZYhvc#BaggageAttribute.g.verified.cs
  - Received: TelemetrySourceGeneratorLoggingGen2Tests.Generate_GivenMethodWithExpandableAndHighMaxCount_GeneratesDiagnostic_Vo8V6f57zwrb4oNveyxSGrQUvLZcEiTuD-2nd5ZYhvc#ContextAttribute.g.received.cs
    Verified: TelemetrySourceGeneratorLoggingGen2Tests.Generate_GivenMethodWithExpandableAndHighMaxCount_GeneratesDiagnostic_Vo8V6f57zwrb4oNveyxSGrQUvLZcEiTuD-2nd5ZYhvc#ContextAttribute.g.verified.cs
  - Received: TelemetrySourceGeneratorLoggingGen2Tests.Generate_GivenMethodWithExpandableAndHighMaxCount_GeneratesDiagnostic_Vo8V6f57zwrb4oNveyxSGrQUvLZcEiTuD-2nd5ZYhvc#CounterAttribute.g.received.cs
    Verified: TelemetrySourceGeneratorLoggingGen2Tests.Generate_GivenMethodWithExpandableAndHighMaxCount_GeneratesDiagnostic_Vo8V6f57zwrb4oNveyxSGrQUvLZcEiTuD-2nd5ZYhvc#CounterAttribute.g.verified.cs
  - Received: TelemetrySourceGeneratorLoggingGen2Tests.Generate_GivenMethodWithExpandableAndHighMaxCount_GeneratesDiagnostic_Vo8V6f57zwrb4oNveyxSGrQUvLZcEiTuD-2nd5ZYhvc#CriticalAttribute.g.received.cs
    Verified: TelemetrySourceGeneratorLoggingGen2Tests.Generate_GivenMethodWithExpandableAndHighMaxCount_GeneratesDiagnostic_Vo8V6f57zwrb4oNveyxSGrQUvLZcEiTuD-2nd5ZYhvc#CriticalAttribute.g.verified.cs
  - Received: TelemetrySourceGeneratorLoggingGen2Tests.Generate_GivenMethodWithExpandableAndHighMaxCount_GeneratesDiagnostic_Vo8V6f57zwrb4oNveyxSGrQUvLZcEiTuD-2nd5ZYhvc#DebugAttribute.g.received.cs
    Verified: TelemetrySourceGeneratorLoggingGen2Tests.Generate_GivenMethodWithExpandableAndHighMaxCount_GeneratesDiagnostic_Vo8V6f57zwrb4oNveyxSGrQUvLZcEiTuD-2nd5ZYhvc#DebugAttribute.g.verified.cs
  - Received: TelemetrySourceGeneratorLoggingGen2Tests.Generate_GivenMethodWithExpandableAndHighMaxCount_GeneratesDiagnostic_Vo8V6f57zwrb4oNveyxSGrQUvLZcEiTuD-2nd5ZYhvc#ErrorAttribute.g.received.cs
    Verified: TelemetrySourceGeneratorLoggingGen2Tests.Generate_GivenMethodWithExpandableAndHighMaxCount_GeneratesDiagnostic_Vo8V6f57zwrb4oNveyxSGrQUvLZcEiTuD-2nd5ZYhvc#ErrorAttribute.g.verified.cs
  - Received: TelemetrySourceGeneratorLoggingGen2Tests.Generate_GivenMethodWithExpandableAndHighMaxCount_GeneratesDiagnostic_Vo8V6f57zwrb4oNveyxSGrQUvLZcEiTuD-2nd5ZYhvc#EscapeAttribute.g.received.cs
    Verified: TelemetrySourceGeneratorLoggingGen2Tests.Generate_GivenMethodWithExpandableAndHighMaxCount_GeneratesDiagnostic_Vo8V6f57zwrb4oNveyxSGrQUvLZcEiTuD-2nd5ZYhvc#EscapeAttribute.g.verified.cs
  - Received: TelemetrySourceGeneratorLoggingGen2Tests.Generate_GivenMethodWithExpandableAndHighMaxCount_GeneratesDiagnostic_Vo8V6f57zwrb4oNveyxSGrQUvLZcEiTuD-2nd5ZYhvc#EventAttribute.g.received.cs
    Verified: TelemetrySourceGeneratorLoggingGen2Tests.Generate_GivenMethodWithExpandableAndHighMaxCount_GeneratesDiagnostic_Vo8V6f57zwrb4oNveyxSGrQUvLZcEiTuD-2nd5ZYhvc#EventAttribute.g.verified.cs
  - Received: TelemetrySourceGeneratorLoggingGen2Tests.Generate_GivenMethodWithExpandableAndHighMaxCount_GeneratesDiagnostic_Vo8V6f57zwrb4oNveyxSGrQUvLZcEiTuD-2nd5ZYhvc#ExcludeAttribute.g.received.cs
    Verified: TelemetrySourceGeneratorLoggingGen2Tests.Generate_GivenMethodWithExpandableAndHighMaxCount_GeneratesDiagnostic_Vo8V6f57zwrb4oNveyxSGrQUvLZcEiTuD-2nd5ZYhvc#ExcludeAttribute.g.verified.cs
  - Received: TelemetrySourceGeneratorLoggingGen2Tests.Generate_GivenMethodWithExpandableAndHighMaxCount_GeneratesDiagnostic_Vo8V6f57zwrb4oNveyxSGrQUvLZcEiTuD-2nd5ZYhvc#ExcludeTargetsAttribute.g.received.cs
    Verified: TelemetrySourceGeneratorLoggingGen2Tests.Generate_GivenMethodWithExpandableAndHighMaxCount_GeneratesDiagnostic_Vo8V6f57zwrb4oNveyxSGrQUvLZcEiTuD-2nd5ZYhvc#ExcludeTargetsAttribute.g.verified.cs
  - Received: TelemetrySourceGeneratorLoggingGen2Tests.Generate_GivenMethodWithExpandableAndHighMaxCount_GeneratesDiagnostic_Vo8V6f57zwrb4oNveyxSGrQUvLZcEiTuD-2nd5ZYhvc#ExpandEnumerableAttribute.g.received.cs
    Verified: TelemetrySourceGeneratorLoggingGen2Tests.Generate_GivenMethodWithExpandableAndHighMaxCount_GeneratesDiagnostic_Vo8V6f57zwrb4oNveyxSGrQUvLZcEiTuD-2nd5ZYhvc#ExpandEnumerableAttribute.g.verified.cs
  - Received: TelemetrySourceGeneratorLoggingGen2Tests.Generate_GivenMethodWithExpandableAndHighMaxCount_GeneratesDiagnostic_Vo8V6f57zwrb4oNveyxSGrQUvLZcEiTuD-2nd5ZYhvc#HistogramAttribute.g.received.cs
    Verified: TelemetrySourceGeneratorLoggingGen2Tests.Generate_GivenMethodWithExpandableAndHighMaxCount_GeneratesDiagnostic_Vo8V6f57zwrb4oNveyxSGrQUvLZcEiTuD-2nd5ZYhvc#HistogramAttribute.g.verified.cs
  - Received: TelemetrySourceGeneratorLoggingGen2Tests.Generate_GivenMethodWithExpandableAndHighMaxCount_GeneratesDiagnostic_Vo8V6f57zwrb4oNveyxSGrQUvLZcEiTuD-2nd5ZYhvc#InfoAttribute.g.received.cs
    Verified: TelemetrySourceGeneratorLoggingGen2Tests.Generate_GivenMethodWithExpandableAndHighMaxCount_GeneratesDiagnostic_Vo8V6f57zwrb4oNveyxSGrQUvLZcEiTuD-2nd5ZYhvc#InfoAttribute.g.verified.cs
  - Received: TelemetrySourceGeneratorLoggingGen2Tests.Generate_GivenMethodWithExpandableAndHighMaxCount_GeneratesDiagnostic_Vo8V6f57zwrb4oNveyxSGrQUvLZcEiTuD-2nd5ZYhvc#InstrumentMeasurementAttribute.g.received.cs
    Verified: TelemetrySourceGeneratorLoggingGen2Tests.Generate_GivenMethodWithExpandableAndHighMaxCount_GeneratesDiagnostic_Vo8V6f57zwrb4oNveyxSGrQUvLZcEiTuD-2nd5ZYhvc#InstrumentMeasurementAttribute.g.verified.cs
  - Received: TelemetrySourceGeneratorLoggingGen2Tests.Generate_GivenMethodWithExpandableAndHighMaxCount_GeneratesDiagnostic_Vo8V6f57zwrb4oNveyxSGrQUvLZcEiTuD-2nd5ZYhvc#LogAttribute.g.received.cs
    Verified: TelemetrySourceGeneratorLoggingGen2Tests.Generate_GivenMethodWithExpandableAndHighMaxCount_GeneratesDiagnostic_Vo8V6f57zwrb4oNveyxSGrQUvLZcEiTuD-2nd5ZYhvc#LogAttribute.g.verified.cs
  - Received: TelemetrySourceGeneratorLoggingGen2Tests.Generate_GivenMethodWithExpandableAndHighMaxCount_GeneratesDiagnostic_Vo8V6f57zwrb4oNveyxSGrQUvLZcEiTuD-2nd5ZYhvc#LoggerAttribute.g.received.cs
    Verified: TelemetrySourceGeneratorLoggingGen2Tests.Generate_GivenMethodWithExpandableAndHighMaxCount_GeneratesDiagnostic_Vo8V6f57zwrb4oNveyxSGrQUvLZcEiTuD-2nd5ZYhvc#LoggerAttribute.g.verified.cs
  - Received: TelemetrySourceGeneratorLoggingGen2Tests.Generate_GivenMethodWithExpandableAndHighMaxCount_GeneratesDiagnostic_Vo8V6f57zwrb4oNveyxSGrQUvLZcEiTuD-2nd5ZYhvc#LoggerGenerationAttribute.g.received.cs
    Verified: TelemetrySourceGeneratorLoggingGen2Tests.Generate_GivenMethodWithExpandableAndHighMaxCount_GeneratesDiagnostic_Vo8V6f57zwrb4oNveyxSGrQUvLZcEiTuD-2nd5ZYhvc#LoggerGenerationAttribute.g.verified.cs
  - Received: TelemetrySourceGeneratorLoggingGen2Tests.Generate_GivenMethodWithExpandableAndHighMaxCount_GeneratesDiagnostic_Vo8V6f57zwrb4oNveyxSGrQUvLZcEiTuD-2nd5ZYhvc#LoggerGenerationMode.g.received.cs
    Verified: TelemetrySourceGeneratorLoggingGen2Tests.Generate_GivenMethodWithExpandableAndHighMaxCount_GeneratesDiagnostic_Vo8V6f57zwrb4oNveyxSGrQUvLZcEiTuD-2nd5ZYhvc#LoggerGenerationMode.g.verified.cs
  - Received: TelemetrySourceGeneratorLoggingGen2Tests.Generate_GivenMethodWithExpandableAndHighMaxCount_GeneratesDiagnostic_Vo8V6f57zwrb4oNveyxSGrQUvLZcEiTuD-2nd5ZYhvc#LogPrefixType.g.received.cs
    Verified: TelemetrySourceGeneratorLoggingGen2Tests.Generate_GivenMethodWithExpandableAndHighMaxCount_GeneratesDiagnostic_Vo8V6f57zwrb4oNveyxSGrQUvLZcEiTuD-2nd5ZYhvc#LogPrefixType.g.verified.cs
  - Received: TelemetrySourceGeneratorLoggingGen2Tests.Generate_GivenMethodWithExpandableAndHighMaxCount_GeneratesDiagnostic_Vo8V6f57zwrb4oNveyxSGrQUvLZcEiTuD-2nd5ZYhvc#MeterAttribute.g.received.cs
    Verified: TelemetrySourceGeneratorLoggingGen2Tests.Generate_GivenMethodWithExpandableAndHighMaxCount_GeneratesDiagnostic_Vo8V6f57zwrb4oNveyxSGrQUvLZcEiTuD-2nd5ZYhvc#MeterAttribute.g.verified.cs
  - Received: TelemetrySourceGeneratorLoggingGen2Tests.Generate_GivenMethodWithExpandableAndHighMaxCount_GeneratesDiagnostic_Vo8V6f57zwrb4oNveyxSGrQUvLZcEiTuD-2nd5ZYhvc#MeterGenerationAttribute.g.received.cs
    Verified: TelemetrySourceGeneratorLoggingGen2Tests.Generate_GivenMethodWithExpandableAndHighMaxCount_GeneratesDiagnostic_Vo8V6f57zwrb4oNveyxSGrQUvLZcEiTuD-2nd5ZYhvc#MeterGenerationAttribute.g.verified.cs
  - Received: TelemetrySourceGeneratorLoggingGen2Tests.Generate_GivenMethodWithExpandableAndHighMaxCount_GeneratesDiagnostic_Vo8V6f57zwrb4oNveyxSGrQUvLZcEiTuD-2nd5ZYhvc#MeterNameGenerationType.g.received.cs
    Verified: TelemetrySourceGeneratorLoggingGen2Tests.Generate_GivenMethodWithExpandableAndHighMaxCount_GeneratesDiagnostic_Vo8V6f57zwrb4oNveyxSGrQUvLZcEiTuD-2nd5ZYhvc#MeterNameGenerationType.g.verified.cs
  - Received: TelemetrySourceGeneratorLoggingGen2Tests.Generate_GivenMethodWithExpandableAndHighMaxCount_GeneratesDiagnostic_Vo8V6f57zwrb4oNveyxSGrQUvLZcEiTuD-2nd5ZYhvc#NamingConvention.g.received.cs
    Verified: TelemetrySourceGeneratorLoggingGen2Tests.Generate_GivenMethodWithExpandableAndHighMaxCount_GeneratesDiagnostic_Vo8V6f57zwrb4oNveyxSGrQUvLZcEiTuD-2nd5ZYhvc#NamingConvention.g.verified.cs
  - Received: TelemetrySourceGeneratorLoggingGen2Tests.Generate_GivenMethodWithExpandableAndHighMaxCount_GeneratesDiagnostic_Vo8V6f57zwrb4oNveyxSGrQUvLZcEiTuD-2nd5ZYhvc#ObservableCounterAttribute.g.received.cs
    Verified: TelemetrySourceGeneratorLoggingGen2Tests.Generate_GivenMethodWithExpandableAndHighMaxCount_GeneratesDiagnostic_Vo8V6f57zwrb4oNveyxSGrQUvLZcEiTuD-2nd5ZYhvc#ObservableCounterAttribute.g.verified.cs
  - Received: TelemetrySourceGeneratorLoggingGen2Tests.Generate_GivenMethodWithExpandableAndHighMaxCount_GeneratesDiagnostic_Vo8V6f57zwrb4oNveyxSGrQUvLZcEiTuD-2nd5ZYhvc#ObservableGaugeAttribute.g.received.cs
    Verified: TelemetrySourceGeneratorLoggingGen2Tests.Generate_GivenMethodWithExpandableAndHighMaxCount_GeneratesDiagnostic_Vo8V6f57zwrb4oNveyxSGrQUvLZcEiTuD-2nd5ZYhvc#ObservableGaugeAttribute.g.verified.cs
  - Received: TelemetrySourceGeneratorLoggingGen2Tests.Generate_GivenMethodWithExpandableAndHighMaxCount_GeneratesDiagnostic_Vo8V6f57zwrb4oNveyxSGrQUvLZcEiTuD-2nd5ZYhvc#ObservableUpDownCounterAttribute.g.received.cs
    Verified: TelemetrySourceGeneratorLoggingGen2Tests.Generate_GivenMethodWithExpandableAndHighMaxCount_GeneratesDiagnostic_Vo8V6f57zwrb4oNveyxSGrQUvLZcEiTuD-2nd5ZYhvc#ObservableUpDownCounterAttribute.g.verified.cs
  - Received: TelemetrySourceGeneratorLoggingGen2Tests.Generate_GivenMethodWithExpandableAndHighMaxCount_GeneratesDiagnostic_Vo8V6f57zwrb4oNveyxSGrQUvLZcEiTuD-2nd5ZYhvc#StatusDescriptionAttribute.g.received.cs
    Verified: TelemetrySourceGeneratorLoggingGen2Tests.Generate_GivenMethodWithExpandableAndHighMaxCount_GeneratesDiagnostic_Vo8V6f57zwrb4oNveyxSGrQUvLZcEiTuD-2nd5ZYhvc#StatusDescriptionAttribute.g.verified.cs
  - Received: TelemetrySourceGeneratorLoggingGen2Tests.Generate_GivenMethodWithExpandableAndHighMaxCount_GeneratesDiagnostic_Vo8V6f57zwrb4oNveyxSGrQUvLZcEiTuD-2nd5ZYhvc#TagAttribute.g.received.cs
    Verified: TelemetrySourceGeneratorLoggingGen2Tests.Generate_GivenMethodWithExpandableAndHighMaxCount_GeneratesDiagnostic_Vo8V6f57zwrb4oNveyxSGrQUvLZcEiTuD-2nd5ZYhvc#TagAttribute.g.verified.cs
  - Received: TelemetrySourceGeneratorLoggingGen2Tests.Generate_GivenMethodWithExpandableAndHighMaxCount_GeneratesDiagnostic_Vo8V6f57zwrb4oNveyxSGrQUvLZcEiTuD-2nd5ZYhvc#Targets.g.received.cs
    Verified: TelemetrySourceGeneratorLoggingGen2Tests.Generate_GivenMethodWithExpandableAndHighMaxCount_GeneratesDiagnostic_Vo8V6f57zwrb4oNveyxSGrQUvLZcEiTuD-2nd5ZYhvc#Targets.g.verified.cs
  - Received: TelemetrySourceGeneratorLoggingGen2Tests.Generate_GivenMethodWithExpandableAndHighMaxCount_GeneratesDiagnostic_Vo8V6f57zwrb4oNveyxSGrQUvLZcEiTuD-2nd5ZYhvc#TelemetryGenerationAttribute.g.received.cs
    Verified: TelemetrySourceGeneratorLoggingGen2Tests.Generate_GivenMethodWithExpandableAndHighMaxCount_GeneratesDiagnostic_Vo8V6f57zwrb4oNveyxSGrQUvLZcEiTuD-2nd5ZYhvc#TelemetryGenerationAttribute.g.verified.cs
  - Received: TelemetrySourceGeneratorLoggingGen2Tests.Generate_GivenMethodWithExpandableAndHighMaxCount_GeneratesDiagnostic_Vo8V6f57zwrb4oNveyxSGrQUvLZcEiTuD-2nd5ZYhvc#Testing.TestLoggerCore.Logging.g.received.cs
    Verified: TelemetrySourceGeneratorLoggingGen2Tests.Generate_GivenMethodWithExpandableAndHighMaxCount_GeneratesDiagnostic_Vo8V6f57zwrb4oNveyxSGrQUvLZcEiTuD-2nd5ZYhvc#Testing.TestLoggerCore.Logging.g.verified.cs
  - Received: TelemetrySourceGeneratorLoggingGen2Tests.Generate_GivenMethodWithExpandableAndHighMaxCount_GeneratesDiagnostic_Vo8V6f57zwrb4oNveyxSGrQUvLZcEiTuD-2nd5ZYhvc#TraceAttribute.g.received.cs
    Verified: TelemetrySourceGeneratorLoggingGen2Tests.Generate_GivenMethodWithExpandableAndHighMaxCount_GeneratesDiagnostic_Vo8V6f57zwrb4oNveyxSGrQUvLZcEiTuD-2nd5ZYhvc#TraceAttribute.g.verified.cs
  - Received: TelemetrySourceGeneratorLoggingGen2Tests.Generate_GivenMethodWithExpandableAndHighMaxCount_GeneratesDiagnostic_Vo8V6f57zwrb4oNveyxSGrQUvLZcEiTuD-2nd5ZYhvc#UpDownCounterAttribute.g.received.cs
    Verified: TelemetrySourceGeneratorLoggingGen2Tests.Generate_GivenMethodWithExpandableAndHighMaxCount_GeneratesDiagnostic_Vo8V6f57zwrb4oNveyxSGrQUvLZcEiTuD-2nd5ZYhvc#UpDownCounterAttribute.g.verified.cs
  - Received: TelemetrySourceGeneratorLoggingGen2Tests.Generate_GivenMethodWithExpandableAndHighMaxCount_GeneratesDiagnostic_Vo8V6f57zwrb4oNveyxSGrQUvLZcEiTuD-2nd5ZYhvc#WarningAttribute.g.received.cs
    Verified: TelemetrySourceGeneratorLoggingGen2Tests.Generate_GivenMethodWithExpandableAndHighMaxCount_GeneratesDiagnostic_Vo8V6f57zwrb4oNveyxSGrQUvLZcEiTuD-2nd5ZYhvc#WarningAttribute.g.verified.cs

  from P:\GitHub\kjldev\purview-telemetry-sourcegenerator\src\Purview.Telemetry.SourceGenerator.IntegrationTests\bin\Release\net10.0\Purview.Telemetry.SourceGenerator.IntegrationTests.dll (net10.0|x64)
  TUnit.Engine.Exceptions.TestFailedException: [Test Failure] VerifyException: Directory: P:\GitHub\kjldev\purview-telemetry-sourcegenerator\src\Purview.Telemetry.SourceGenerator.IntegrationTests\Snapshots
  Delete:
    - TelemetrySourceGeneratorLoggingGen2Tests.Generate_GivenMethodWithExpandableAndHighMaxCount_GeneratesDiagnostic_Vo8V6f57zwrb4oNveyxSGrQUvLZcEiTuD-2nd5ZYhvc.verified.txt
  Equal:
    - Received: TelemetrySourceGeneratorLoggingGen2Tests.Generate_GivenMethodWithExpandableAndHighMaxCount_GeneratesDiagnostic_Vo8V6f57zwrb4oNveyxSGrQUvLZcEiTuD-2nd5ZYhvc#ActivityAttribute.g.received.cs
      Verified: TelemetrySourceGeneratorLoggingGen2Tests.Generate_GivenMethodWithExpandableAndHighMaxCount_GeneratesDiagnostic_Vo8V6f57zwrb4oNveyxSGrQUvLZcEiTuD-2nd5ZYhvc#ActivityAttribute.g.verified.cs
    - Received: TelemetrySourceGeneratorLoggingGen2Tests.Generate_GivenMethodWithExpandableAndHighMaxCount_GeneratesDiagnostic_Vo8V6f57zwrb4oNveyxSGrQUvLZcEiTuD-2nd5ZYhvc#ActivitySourceAttribute.g.received.cs
      Verified: TelemetrySourceGeneratorLoggingGen2Tests.Generate_GivenMethodWithExpandableAndHighMaxCount_GeneratesDiagnostic_Vo8V6f57zwrb4oNveyxSGrQUvLZcEiTuD-2nd5ZYhvc#ActivitySourceAttribute.g.verified.cs
    - Received: TelemetrySourceGeneratorLoggingGen2Tests.Generate_GivenMethodWithExpandableAndHighMaxCount_GeneratesDiagnostic_Vo8V6f57zwrb4oNveyxSGrQUvLZcEiTuD-2nd5ZYhvc#ActivitySourceGenerationAttribute.g.received.cs
      Verified: TelemetrySourceGeneratorLoggingGen2Tests.Generate_GivenMethodWithExpandableAndHighMaxCount_GeneratesDiagnostic_Vo8V6f57zwrb4oNveyxSGrQUvLZcEiTuD-2nd5ZYhvc#ActivitySourceGenerationAttribute.g.verified.cs
    - Received: TelemetrySourceGeneratorLoggingGen2Tests.Generate_GivenMethodWithExpandableAndHighMaxCount_GeneratesDiagnostic_Vo8V6f57zwrb4oNveyxSGrQUvLZcEiTuD-2nd5ZYhvc#AutoCounterAttribute.g.received.cs
      Verified: TelemetrySourceGeneratorLoggingGen2Tests.Generate_GivenMethodWithExpandableAndHighMaxCount_GeneratesDiagnostic_Vo8V6f57zwrb4oNveyxSGrQUvLZcEiTuD-2nd5ZYhvc#AutoCounterAttribute.g.verified.cs
    - Received: TelemetrySourceGeneratorLoggingGen2Tests.Generate_GivenMethodWithExpandableAndHighMaxCount_GeneratesDiagnostic_Vo8V6f57zwrb4oNveyxSGrQUvLZcEiTuD-2nd5ZYhvc#BaggageAttribute.g.received.cs
      Verified: TelemetrySourceGeneratorLoggingGen2Tests.Generate_GivenMethodWithExpandableAndHighMaxCount_GeneratesDiagnostic_Vo8V6f57zwrb4oNveyxSGrQUvLZcEiTuD-2nd5ZYhvc#BaggageAttribute.g.verified.cs
    - Received: TelemetrySourceGeneratorLoggingGen2Tests.Generate_GivenMethodWithExpandableAndHighMaxCount_GeneratesDiagnostic_Vo8V6f57zwrb4oNveyxSGrQUvLZcEiTuD-2nd5ZYhvc#ContextAttribute.g.received.cs
      Verified: TelemetrySourceGeneratorLoggingGen2Tests.Generate_GivenMethodWithExpandableAndHighMaxCount_GeneratesDiagnostic_Vo8V6f57zwrb4oNveyxSGrQUvLZcEiTuD-2nd5ZYhvc#ContextAttribute.g.verified.cs
    - Received: TelemetrySourceGeneratorLoggingGen2Tests.Generate_GivenMethodWithExpandableAndHighMaxCount_GeneratesDiagnostic_Vo8V6f57zwrb4oNveyxSGrQUvLZcEiTuD-2nd5ZYhvc#CounterAttribute.g.received.cs
      Verified: TelemetrySourceGeneratorLoggingGen2Tests.Generate_GivenMethodWithExpandableAndHighMaxCount_GeneratesDiagnostic_Vo8V6f57zwrb4oNveyxSGrQUvLZcEiTuD-2nd5ZYhvc#CounterAttribute.g.verified.cs
    - Received: TelemetrySourceGeneratorLoggingGen2Tests.Generate_GivenMethodWithExpandableAndHighMaxCount_GeneratesDiagnostic_Vo8V6f57zwrb4oNveyxSGrQUvLZcEiTuD-2nd5ZYhvc#CriticalAttribute.g.received.cs
      Verified: TelemetrySourceGeneratorLoggingGen2Tests.Generate_GivenMethodWithExpandableAndHighMaxCount_GeneratesDiagnostic_Vo8V6f57zwrb4oNveyxSGrQUvLZcEiTuD-2nd5ZYhvc#CriticalAttribute.g.verified.cs
    - Received: TelemetrySourceGeneratorLoggingGen2Tests.Generate_GivenMethodWithExpandableAndHighMaxCount_GeneratesDiagnostic_Vo8V6f57zwrb4oNveyxSGrQUvLZcEiTuD-2nd5ZYhvc#DebugAttribute.g.received.cs
      Verified: TelemetrySourceGeneratorLoggingGen2Tests.Generate_GivenMethodWithExpandableAndHighMaxCount_GeneratesDiagnostic_Vo8V6f57zwrb4oNveyxSGrQUvLZcEiTuD-2nd5ZYhvc#DebugAttribute.g.verified.cs
    - Received: TelemetrySourceGeneratorLoggingGen2Tests.Generate_GivenMethodWithExpandableAndHighMaxCount_GeneratesDiagnostic_Vo8V6f57zwrb4oNveyxSGrQUvLZcEiTuD-2nd5ZYhvc#ErrorAttribute.g.received.cs
      Verified: TelemetrySourceGeneratorLoggingGen2Tests.Generate_GivenMethodWithExpandableAndHighMaxCount_GeneratesDiagnostic_Vo8V6f57zwrb4oNveyxSGrQUvLZcEiTuD-2nd5ZYhvc#ErrorAttribute.g.verified.cs
    - Received: TelemetrySourceGeneratorLoggingGen2Tests.Generate_GivenMethodWithExpandableAndHighMaxCount_GeneratesDiagnostic_Vo8V6f57zwrb4oNveyxSGrQUvLZcEiTuD-2nd5ZYhvc#EscapeAttribute.g.received.cs
      Verified: TelemetrySourceGeneratorLoggingGen2Tests.Generate_GivenMethodWithExpandableAndHighMaxCount_GeneratesDiagnostic_Vo8V6f57zwrb4oNveyxSGrQUvLZcEiTuD-2nd5ZYhvc#EscapeAttribute.g.verified.cs
    - Received: TelemetrySourceGeneratorLoggingGen2Tests.Generate_GivenMethodWithExpandableAndHighMaxCount_GeneratesDiagnostic_Vo8V6f57zwrb4oNveyxSGrQUvLZcEiTuD-2nd5ZYhvc#EventAttribute.g.received.cs
      Verified: TelemetrySourceGeneratorLoggingGen2Tests.Generate_GivenMethodWithExpandableAndHighMaxCount_GeneratesDiagnostic_Vo8V6f57zwrb4oNveyxSGrQUvLZcEiTuD-2nd5ZYhvc#EventAttribute.g.verified.cs
    - Received: TelemetrySourceGeneratorLoggingGen2Tests.Generate_GivenMethodWithExpandableAndHighMaxCount_GeneratesDiagnostic_Vo8V6f57zwrb4oNveyxSGrQUvLZcEiTuD-2nd5ZYhvc#ExcludeAttribute.g.received.cs
      Verified: TelemetrySourceGeneratorLoggingGen2Tests.Generate_GivenMethodWithExpandableAndHighMaxCount_GeneratesDiagnostic_Vo8V6f57zwrb4oNveyxSGrQUvLZcEiTuD-2nd5ZYhvc#ExcludeAttribute.g.verified.cs
    - Received: TelemetrySourceGeneratorLoggingGen2Tests.Generate_GivenMethodWithExpandableAndHighMaxCount_GeneratesDiagnostic_Vo8V6f57zwrb4oNveyxSGrQUvLZcEiTuD-2nd5ZYhvc#ExcludeTargetsAttribute.g.received.cs
      Verified: TelemetrySourceGeneratorLoggingGen2Tests.Generate_GivenMethodWithExpandableAndHighMaxCount_GeneratesDiagnostic_Vo8V6f57zwrb4oNveyxSGrQUvLZcEiTuD-2nd5ZYhvc#ExcludeTargetsAttribute.g.verified.cs
    - Received: TelemetrySourceGeneratorLoggingGen2Tests.Generate_GivenMethodWithExpandableAndHighMaxCount_GeneratesDiagnostic_Vo8V6f57zwrb4oNveyxSGrQUvLZcEiTuD-2nd5ZYhvc#ExpandEnumerableAttribute.g.received.cs
      Verified: TelemetrySourceGeneratorLoggingGen2Tests.Generate_GivenMethodWithExpandableAndHighMaxCount_GeneratesDiagnostic_Vo8V6f57zwrb4oNveyxSGrQUvLZcEiTuD-2nd5ZYhvc#ExpandEnumerableAttribute.g.verified.cs
    - Received: TelemetrySourceGeneratorLoggingGen2Tests.Generate_GivenMethodWithExpandableAndHighMaxCount_GeneratesDiagnostic_Vo8V6f57zwrb4oNveyxSGrQUvLZcEiTuD-2nd5ZYhvc#HistogramAttribute.g.received.cs
      Verified: TelemetrySourceGeneratorLoggingGen2Tests.Generate_GivenMethodWithExpandableAndHighMaxCount_GeneratesDiagnostic_Vo8V6f57zwrb4oNveyxSGrQUvLZcEiTuD-2nd5ZYhvc#HistogramAttribute.g.verified.cs
    - Received: TelemetrySourceGeneratorLoggingGen2Tests.Generate_GivenMethodWithExpandableAndHighMaxCount_GeneratesDiagnostic_Vo8V6f57zwrb4oNveyxSGrQUvLZcEiTuD-2nd5ZYhvc#InfoAttribute.g.received.cs
      Verified: TelemetrySourceGeneratorLoggingGen2Tests.Generate_GivenMethodWithExpandableAndHighMaxCount_GeneratesDiagnostic_Vo8V6f57zwrb4oNveyxSGrQUvLZcEiTuD-2nd5ZYhvc#InfoAttribute.g.verified.cs
    - Received: TelemetrySourceGeneratorLoggingGen2Tests.Generate_GivenMethodWithExpandableAndHighMaxCount_GeneratesDiagnostic_Vo8V6f57zwrb4oNveyxSGrQUvLZcEiTuD-2nd5ZYhvc#InstrumentMeasurementAttribute.g.received.cs
      Verified: TelemetrySourceGeneratorLoggingGen2Tests.Generate_GivenMethodWithExpandableAndHighMaxCount_GeneratesDiagnostic_Vo8V6f57zwrb4oNveyxSGrQUvLZcEiTuD-2nd5ZYhvc#InstrumentMeasurementAttribute.g.verified.cs
    - Received: TelemetrySourceGeneratorLoggingGen2Tests.Generate_GivenMethodWithExpandableAndHighMaxCount_GeneratesDiagnostic_Vo8V6f57zwrb4oNveyxSGrQUvLZcEiTuD-2nd5ZYhvc#LogAttribute.g.received.cs
      Verified: TelemetrySourceGeneratorLoggingGen2Tests.Generate_GivenMethodWithExpandableAndHighMaxCount_GeneratesDiagnostic_Vo8V6f57zwrb4oNveyxSGrQUvLZcEiTuD-2nd5ZYhvc#LogAttribute.g.verified.cs
    - Received: TelemetrySourceGeneratorLoggingGen2Tests.Generate_GivenMethodWithExpandableAndHighMaxCount_GeneratesDiagnostic_Vo8V6f57zwrb4oNveyxSGrQUvLZcEiTuD-2nd5ZYhvc#LoggerAttribute.g.received.cs
      Verified: TelemetrySourceGeneratorLoggingGen2Tests.Generate_GivenMethodWithExpandableAndHighMaxCount_GeneratesDiagnostic_Vo8V6f57zwrb4oNveyxSGrQUvLZcEiTuD-2nd5ZYhvc#LoggerAttribute.g.verified.cs
    - Received: TelemetrySourceGeneratorLoggingGen2Tests.Generate_GivenMethodWithExpandableAndHighMaxCount_GeneratesDiagnostic_Vo8V6f57zwrb4oNveyxSGrQUvLZcEiTuD-2nd5ZYhvc#LoggerGenerationAttribute.g.received.cs
      Verified: TelemetrySourceGeneratorLoggingGen2Tests.Generate_GivenMethodWithExpandableAndHighMaxCount_GeneratesDiagnostic_Vo8V6f57zwrb4oNveyxSGrQUvLZcEiTuD-2nd5ZYhvc#LoggerGenerationAttribute.g.verified.cs
    - Received: TelemetrySourceGeneratorLoggingGen2Tests.Generate_GivenMethodWithExpandableAndHighMaxCount_GeneratesDiagnostic_Vo8V6f57zwrb4oNveyxSGrQUvLZcEiTuD-2nd5ZYhvc#LoggerGenerationMode.g.received.cs
      Verified: TelemetrySourceGeneratorLoggingGen2Tests.Generate_GivenMethodWithExpandableAndHighMaxCount_GeneratesDiagnostic_Vo8V6f57zwrb4oNveyxSGrQUvLZcEiTuD-2nd5ZYhvc#LoggerGenerationMode.g.verified.cs
    - Received: TelemetrySourceGeneratorLoggingGen2Tests.Generate_GivenMethodWithExpandableAndHighMaxCount_GeneratesDiagnostic_Vo8V6f57zwrb4oNveyxSGrQUvLZcEiTuD-2nd5ZYhvc#LogPrefixType.g.received.cs
      Verified: TelemetrySourceGeneratorLoggingGen2Tests.Generate_GivenMethodWithExpandableAndHighMaxCount_GeneratesDiagnostic_Vo8V6f57zwrb4oNveyxSGrQUvLZcEiTuD-2nd5ZYhvc#LogPrefixType.g.verified.cs
    - Received: TelemetrySourceGeneratorLoggingGen2Tests.Generate_GivenMethodWithExpandableAndHighMaxCount_GeneratesDiagnostic_Vo8V6f57zwrb4oNveyxSGrQUvLZcEiTuD-2nd5ZYhvc#MeterAttribute.g.received.cs
      Verified: TelemetrySourceGeneratorLoggingGen2Tests.Generate_GivenMethodWithExpandableAndHighMaxCount_GeneratesDiagnostic_Vo8V6f57zwrb4oNveyxSGrQUvLZcEiTuD-2nd5ZYhvc#MeterAttribute.g.verified.cs
    - Received: TelemetrySourceGeneratorLoggingGen2Tests.Generate_GivenMethodWithExpandableAndHighMaxCount_GeneratesDiagnostic_Vo8V6f57zwrb4oNveyxSGrQUvLZcEiTuD-2nd5ZYhvc#MeterGenerationAttribute.g.received.cs
      Verified: TelemetrySourceGeneratorLoggingGen2Tests.Generate_GivenMethodWithExpandableAndHighMaxCount_GeneratesDiagnostic_Vo8V6f57zwrb4oNveyxSGrQUvLZcEiTuD-2nd5ZYhvc#MeterGenerationAttribute.g.verified.cs
    - Received: TelemetrySourceGeneratorLoggingGen2Tests.Generate_GivenMethodWithExpandableAndHighMaxCount_GeneratesDiagnostic_Vo8V6f57zwrb4oNveyxSGrQUvLZcEiTuD-2nd5ZYhvc#MeterNameGenerationType.g.received.cs
      Verified: TelemetrySourceGeneratorLoggingGen2Tests.Generate_GivenMethodWithExpandableAndHighMaxCount_GeneratesDiagnostic_Vo8V6f57zwrb4oNveyxSGrQUvLZcEiTuD-2nd5ZYhvc#MeterNameGenerationType.g.verified.cs
    - Received: TelemetrySourceGeneratorLoggingGen2Tests.Generate_GivenMethodWithExpandableAndHighMaxCount_GeneratesDiagnostic_Vo8V6f57zwrb4oNveyxSGrQUvLZcEiTuD-2nd5ZYhvc#NamingConvention.g.received.cs
      Verified: TelemetrySourceGeneratorLoggingGen2Tests.Generate_GivenMethodWithExpandableAndHighMaxCount_GeneratesDiagnostic_Vo8V6f57zwrb4oNveyxSGrQUvLZcEiTuD-2nd5ZYhvc#NamingConvention.g.verified.cs
    - Received: TelemetrySourceGeneratorLoggingGen2Tests.Generate_GivenMethodWithExpandableAndHighMaxCount_GeneratesDiagnostic_Vo8V6f57zwrb4oNveyxSGrQUvLZcEiTuD-2nd5ZYhvc#ObservableCounterAttribute.g.received.cs
      Verified: TelemetrySourceGeneratorLoggingGen2Tests.Generate_GivenMethodWithExpandableAndHighMaxCount_GeneratesDiagnostic_Vo8V6f57zwrb4oNveyxSGrQUvLZcEiTuD-2nd5ZYhvc#ObservableCounterAttribute.g.verified.cs
    - Received: TelemetrySourceGeneratorLoggingGen2Tests.Generate_GivenMethodWithExpandableAndHighMaxCount_GeneratesDiagnostic_Vo8V6f57zwrb4oNveyxSGrQUvLZcEiTuD-2nd5ZYhvc#ObservableGaugeAttribute.g.received.cs
      Verified: TelemetrySourceGeneratorLoggingGen2Tests.Generate_GivenMethodWithExpandableAndHighMaxCount_GeneratesDiagnostic_Vo8V6f57zwrb4oNveyxSGrQUvLZcEiTuD-2nd5ZYhvc#ObservableGaugeAttribute.g.verified.cs
    - Received: TelemetrySourceGeneratorLoggingGen2Tests.Generate_GivenMethodWithExpandableAndHighMaxCount_GeneratesDiagnostic_Vo8V6f57zwrb4oNveyxSGrQUvLZcEiTuD-2nd5ZYhvc#ObservableUpDownCounterAttribute.g.received.cs
      Verified: TelemetrySourceGeneratorLoggingGen2Tests.Generate_GivenMethodWithExpandableAndHighMaxCount_GeneratesDiagnostic_Vo8V6f57zwrb4oNveyxSGrQUvLZcEiTuD-2nd5ZYhvc#ObservableUpDownCounterAttribute.g.verified.cs
    - Received: TelemetrySourceGeneratorLoggingGen2Tests.Generate_GivenMethodWithExpandableAndHighMaxCount_GeneratesDiagnostic_Vo8V6f57zwrb4oNveyxSGrQUvLZcEiTuD-2nd5ZYhvc#StatusDescriptionAttribute.g.received.cs
      Verified: TelemetrySourceGeneratorLoggingGen2Tests.Generate_GivenMethodWithExpandableAndHighMaxCount_GeneratesDiagnostic_Vo8V6f57zwrb4oNveyxSGrQUvLZcEiTuD-2nd5ZYhvc#StatusDescriptionAttribute.g.verified.cs
    - Received: TelemetrySourceGeneratorLoggingGen2Tests.Generate_GivenMethodWithExpandableAndHighMaxCount_GeneratesDiagnostic_Vo8V6f57zwrb4oNveyxSGrQUvLZcEiTuD-2nd5ZYhvc#TagAttribute.g.received.cs
      Verified: TelemetrySourceGeneratorLoggingGen2Tests.Generate_GivenMethodWithExpandableAndHighMaxCount_GeneratesDiagnostic_Vo8V6f57zwrb4oNveyxSGrQUvLZcEiTuD-2nd5ZYhvc#TagAttribute.g.verified.cs
    - Received: TelemetrySourceGeneratorLoggingGen2Tests.Generate_GivenMethodWithExpandableAndHighMaxCount_GeneratesDiagnostic_Vo8V6f57zwrb4oNveyxSGrQUvLZcEiTuD-2nd5ZYhvc#Targets.g.received.cs
      Verified: TelemetrySourceGeneratorLoggingGen2Tests.Generate_GivenMethodWithExpandableAndHighMaxCount_GeneratesDiagnostic_Vo8V6f57zwrb4oNveyxSGrQUvLZcEiTuD-2nd5ZYhvc#Targets.g.verified.cs
    - Received: TelemetrySourceGeneratorLoggingGen2Tests.Generate_GivenMethodWithExpandableAndHighMaxCount_GeneratesDiagnostic_Vo8V6f57zwrb4oNveyxSGrQUvLZcEiTuD-2nd5ZYhvc#TelemetryGenerationAttribute.g.received.cs
      Verified: TelemetrySourceGeneratorLoggingGen2Tests.Generate_GivenMethodWithExpandableAndHighMaxCount_GeneratesDiagnostic_Vo8V6f57zwrb4oNveyxSGrQUvLZcEiTuD-2nd5ZYhvc#TelemetryGenerationAttribute.g.verified.cs
    - Received: TelemetrySourceGeneratorLoggingGen2Tests.Generate_GivenMethodWithExpandableAndHighMaxCount_GeneratesDiagnostic_Vo8V6f57zwrb4oNveyxSGrQUvLZcEiTuD-2nd5ZYhvc#Testing.TestLoggerCore.Logging.g.received.cs
      Verified: TelemetrySourceGeneratorLoggingGen2Tests.Generate_GivenMethodWithExpandableAndHighMaxCount_GeneratesDiagnostic_Vo8V6f57zwrb4oNveyxSGrQUvLZcEiTuD-2nd5ZYhvc#Testing.TestLoggerCore.Logging.g.verified.cs
    - Received: TelemetrySourceGeneratorLoggingGen2Tests.Generate_GivenMethodWithExpandableAndHighMaxCount_GeneratesDiagnostic_Vo8V6f57zwrb4oNveyxSGrQUvLZcEiTuD-2nd5ZYhvc#TraceAttribute.g.received.cs
      Verified: TelemetrySourceGeneratorLoggingGen2Tests.Generate_GivenMethodWithExpandableAndHighMaxCount_GeneratesDiagnostic_Vo8V6f57zwrb4oNveyxSGrQUvLZcEiTuD-2nd5ZYhvc#TraceAttribute.g.verified.cs
    - Received: TelemetrySourceGeneratorLoggingGen2Tests.Generate_GivenMethodWithExpandableAndHighMaxCount_GeneratesDiagnostic_Vo8V6f57zwrb4oNveyxSGrQUvLZcEiTuD-2nd5ZYhvc#UpDownCounterAttribute.g.received.cs
      Verified: TelemetrySourceGeneratorLoggingGen2Tests.Generate_GivenMethodWithExpandableAndHighMaxCount_GeneratesDiagnostic_Vo8V6f57zwrb4oNveyxSGrQUvLZcEiTuD-2nd5ZYhvc#UpDownCounterAttribute.g.verified.cs
    - Received: TelemetrySourceGeneratorLoggingGen2Tests.Generate_GivenMethodWithExpandableAndHighMaxCount_GeneratesDiagnostic_Vo8V6f57zwrb4oNveyxSGrQUvLZcEiTuD-2nd5ZYhvc#WarningAttribute.g.received.cs
      Verified: TelemetrySourceGeneratorLoggingGen2Tests.Generate_GivenMethodWithExpandableAndHighMaxCount_GeneratesDiagnostic_Vo8V6f57zwrb4oNveyxSGrQUvLZcEiTuD-2nd5ZYhvc#WarningAttribute.g.verified.cs
  
  Standard output
    DBG: --- Adding templates.
    DBG: Adding ActivitySourceGenerationAttribute as ActivitySourceGenerationAttribute.g.cs.
    DBG: Adding ActivitySourceAttribute as ActivitySourceAttribute.g.cs.
    DBG: Adding ActivityAttribute as ActivityAttribute.g.cs.
    DBG: Adding EventAttribute as EventAttribute.g.cs.
    DBG: Adding ContextAttribute as ContextAttribute.g.cs.
    DBG: Adding BaggageAttribute as BaggageAttribute.g.cs.
    DBG: Adding EscapeAttribute as EscapeAttribute.g.cs.
    DBG: Adding StatusDescriptionAttribute as StatusDescriptionAttribute.g.cs.
    DBG: Adding LoggerGenerationAttribute as LoggerGenerationAttribute.g.cs.
    DBG: Adding LoggerAttribute as LoggerAttribute.g.cs.
    DBG: Adding LogAttribute as LogAttribute.g.cs.
    DBG: Adding LogPrefixType as LogPrefixType.g.cs.
    DBG: Adding LoggerGenerationMode as LoggerGenerationMode.g.cs.
    DBG: Adding ExpandEnumerableAttribute as ExpandEnumerableAttribute.g.cs.
    DBG: Adding TraceAttribute as TraceAttribute.g.cs.
    DBG: Adding DebugAttribute as DebugAttribute.g.cs.
    DBG: Adding InfoAttribute as InfoAttribute.g.cs.
    DBG: Adding WarningAttribute as WarningAttribute.g.cs.
    DBG: Adding ErrorAttribute as ErrorAttribute.g.cs.
    DBG: Adding CriticalAttribute as CriticalAttribute.g.cs.
    DBG: Adding MeterGenerationAttribute as MeterGenerationAttribute.g.cs.
    DBG: Adding MeterAttribute as MeterAttribute.g.cs.
    DBG: Adding MeterNameGenerationType as MeterNameGenerationType.g.cs.
    DBG: Adding InstrumentMeasurementAttribute as InstrumentMeasurementAttribute.g.cs.
    DBG: Adding AutoCounterAttribute as AutoCounterAttribute.g.cs.
    DBG: Adding CounterAttribute as CounterAttribute.g.cs.
    DBG: Adding UpDownCounterAttribute as UpDownCounterAttribute.g.cs.
    DBG: Adding HistogramAttribute as HistogramAttribute.g.cs.
    DBG: Adding ObservableCounterAttribute as ObservableCounterAttribute.g.cs.
    DBG: Adding ObservableGaugeAttribute as ObservableGaugeAttribute.g.cs.
    DBG: Adding ObservableUpDownCounterAttribute as ObservableUpDownCounterAttribute.g.cs.
    DBG: Adding TagAttribute as TagAttribute.g.cs.
    DBG: Adding ExcludeAttribute as ExcludeAttribute.g.cs.
    DBG: Adding TelemetryGenerationAttribute as TelemetryGenerationAttribute.g.cs.
    DBG: Adding Targets as Targets.g.cs.
    DBG: Adding NamingConvention as NamingConvention.g.cs.
    DBG: Adding ExcludeTargetsAttribute as ExcludeTargetsAttribute.g.cs.
    DBG: --- Finished adding templates.
    DBG: Found attribute: Purview.Telemetry.LoggerAttribute
    DBG: Found attribute: Purview.Telemetry.TelemetryGenerationAttribute(GenerateDependencyExtension = false)
    DBG: Found method ITestLogger.Log.
    DBG: Found attribute: Purview.Telemetry.ExpandEnumerableAttribute(12)
    DBG: Found 1 parameter(s) for Log.
    DBG: Found method ITestLogger.Log2.
    DBG: Found attribute: Purview.Telemetry.ExpandEnumerableAttribute(5, MaximumValueCount = 12)
    DBG: Found 1 parameter(s) for Log2.
    DBG: Logger generation target: Testing.TestLoggerCore
    DBG: Generating MS Gen-based logging class for: Testing.TestLoggerCore
    DBG: Building logging method: Log
    DBG: Emitting state content
    DIA: Identified paramValue that has a large unbounded ienumerable max.
    DBG: Building logging method: Log2
    DBG: Emitting state content
    DIA: Identified paramValue2 that has a large unbounded ienumerable max.
    DBG: Skipping dependency injection emit.
    
  Error output
failed Generate_GivenMethodWithExpandableAndHighMaxCount_GeneratesDiagnostic(6) (5s 127ms)
  [Test Failure] VerifyException: Directory: P:\GitHub\kjldev\purview-telemetry-sourcegenerator\src\Purview.Telemetry.SourceGenerator.IntegrationTests\Snapshots
Delete:
  - TelemetrySourceGeneratorLoggingGen2Tests.Generate_GivenMethodWithExpandableAndHighMaxCount_GeneratesDiagnostic__pS4J_BFW-5vSmomUob4J_GHSO3laVZe6CcFgIW60UY.verified.txt
Equal:
  - Received: TelemetrySourceGeneratorLoggingGen2Tests.Generate_GivenMethodWithExpandableAndHighMaxCount_GeneratesDiagnostic__pS4J_BFW-5vSmomUob4J_GHSO3laVZe6CcFgIW60UY#ActivityAttribute.g.received.cs
    Verified: TelemetrySourceGeneratorLoggingGen2Tests.Generate_GivenMethodWithExpandableAndHighMaxCount_GeneratesDiagnostic__pS4J_BFW-5vSmomUob4J_GHSO3laVZe6CcFgIW60UY#ActivityAttribute.g.verified.cs
  - Received: TelemetrySourceGeneratorLoggingGen2Tests.Generate_GivenMethodWithExpandableAndHighMaxCount_GeneratesDiagnostic__pS4J_BFW-5vSmomUob4J_GHSO3laVZe6CcFgIW60UY#ActivitySourceAttribute.g.received.cs
    Verified: TelemetrySourceGeneratorLoggingGen2Tests.Generate_GivenMethodWithExpandableAndHighMaxCount_GeneratesDiagnostic__pS4J_BFW-5vSmomUob4J_GHSO3laVZe6CcFgIW60UY#ActivitySourceAttribute.g.verified.cs
  - Received: TelemetrySourceGeneratorLoggingGen2Tests.Generate_GivenMethodWithExpandableAndHighMaxCount_GeneratesDiagnostic__pS4J_BFW-5vSmomUob4J_GHSO3laVZe6CcFgIW60UY#ActivitySourceGenerationAttribute.g.received.cs
    Verified: TelemetrySourceGeneratorLoggingGen2Tests.Generate_GivenMethodWithExpandableAndHighMaxCount_GeneratesDiagnostic__pS4J_BFW-5vSmomUob4J_GHSO3laVZe6CcFgIW60UY#ActivitySourceGenerationAttribute.g.verified.cs
  - Received: TelemetrySourceGeneratorLoggingGen2Tests.Generate_GivenMethodWithExpandableAndHighMaxCount_GeneratesDiagnostic__pS4J_BFW-5vSmomUob4J_GHSO3laVZe6CcFgIW60UY#AutoCounterAttribute.g.received.cs
    Verified: TelemetrySourceGeneratorLoggingGen2Tests.Generate_GivenMethodWithExpandableAndHighMaxCount_GeneratesDiagnostic__pS4J_BFW-5vSmomUob4J_GHSO3laVZe6CcFgIW60UY#AutoCounterAttribute.g.verified.cs
  - Received: TelemetrySourceGeneratorLoggingGen2Tests.Generate_GivenMethodWithExpandableAndHighMaxCount_GeneratesDiagnostic__pS4J_BFW-5vSmomUob4J_GHSO3laVZe6CcFgIW60UY#BaggageAttribute.g.received.cs
    Verified: TelemetrySourceGeneratorLoggingGen2Tests.Generate_GivenMethodWithExpandableAndHighMaxCount_GeneratesDiagnostic__pS4J_BFW-5vSmomUob4J_GHSO3laVZe6CcFgIW60UY#BaggageAttribute.g.verified.cs
  - Received: TelemetrySourceGeneratorLoggingGen2Tests.Generate_GivenMethodWithExpandableAndHighMaxCount_GeneratesDiagnostic__pS4J_BFW-5vSmomUob4J_GHSO3laVZe6CcFgIW60UY#ContextAttribute.g.received.cs
    Verified: TelemetrySourceGeneratorLoggingGen2Tests.Generate_GivenMethodWithExpandableAndHighMaxCount_GeneratesDiagnostic__pS4J_BFW-5vSmomUob4J_GHSO3laVZe6CcFgIW60UY#ContextAttribute.g.verified.cs
  - Received: TelemetrySourceGeneratorLoggingGen2Tests.Generate_GivenMethodWithExpandableAndHighMaxCount_GeneratesDiagnostic__pS4J_BFW-5vSmomUob4J_GHSO3laVZe6CcFgIW60UY#CounterAttribute.g.received.cs
    Verified: TelemetrySourceGeneratorLoggingGen2Tests.Generate_GivenMethodWithExpandableAndHighMaxCount_GeneratesDiagnostic__pS4J_BFW-5vSmomUob4J_GHSO3laVZe6CcFgIW60UY#CounterAttribute.g.verified.cs
  - Received: TelemetrySourceGeneratorLoggingGen2Tests.Generate_GivenMethodWithExpandableAndHighMaxCount_GeneratesDiagnostic__pS4J_BFW-5vSmomUob4J_GHSO3laVZe6CcFgIW60UY#CriticalAttribute.g.received.cs
    Verified: TelemetrySourceGeneratorLoggingGen2Tests.Generate_GivenMethodWithExpandableAndHighMaxCount_GeneratesDiagnostic__pS4J_BFW-5vSmomUob4J_GHSO3laVZe6CcFgIW60UY#CriticalAttribute.g.verified.cs
  - Received: TelemetrySourceGeneratorLoggingGen2Tests.Generate_GivenMethodWithExpandableAndHighMaxCount_GeneratesDiagnostic__pS4J_BFW-5vSmomUob4J_GHSO3laVZe6CcFgIW60UY#DebugAttribute.g.received.cs
    Verified: TelemetrySourceGeneratorLoggingGen2Tests.Generate_GivenMethodWithExpandableAndHighMaxCount_GeneratesDiagnostic__pS4J_BFW-5vSmomUob4J_GHSO3laVZe6CcFgIW60UY#DebugAttribute.g.verified.cs
  - Received: TelemetrySourceGeneratorLoggingGen2Tests.Generate_GivenMethodWithExpandableAndHighMaxCount_GeneratesDiagnostic__pS4J_BFW-5vSmomUob4J_GHSO3laVZe6CcFgIW60UY#ErrorAttribute.g.received.cs
    Verified: TelemetrySourceGeneratorLoggingGen2Tests.Generate_GivenMethodWithExpandableAndHighMaxCount_GeneratesDiagnostic__pS4J_BFW-5vSmomUob4J_GHSO3laVZe6CcFgIW60UY#ErrorAttribute.g.verified.cs
  - Received: TelemetrySourceGeneratorLoggingGen2Tests.Generate_GivenMethodWithExpandableAndHighMaxCount_GeneratesDiagnostic__pS4J_BFW-5vSmomUob4J_GHSO3laVZe6CcFgIW60UY#EscapeAttribute.g.received.cs
    Verified: TelemetrySourceGeneratorLoggingGen2Tests.Generate_GivenMethodWithExpandableAndHighMaxCount_GeneratesDiagnostic__pS4J_BFW-5vSmomUob4J_GHSO3laVZe6CcFgIW60UY#EscapeAttribute.g.verified.cs
  - Received: TelemetrySourceGeneratorLoggingGen2Tests.Generate_GivenMethodWithExpandableAndHighMaxCount_GeneratesDiagnostic__pS4J_BFW-5vSmomUob4J_GHSO3laVZe6CcFgIW60UY#EventAttribute.g.received.cs
    Verified: TelemetrySourceGeneratorLoggingGen2Tests.Generate_GivenMethodWithExpandableAndHighMaxCount_GeneratesDiagnostic__pS4J_BFW-5vSmomUob4J_GHSO3laVZe6CcFgIW60UY#EventAttribute.g.verified.cs
  - Received: TelemetrySourceGeneratorLoggingGen2Tests.Generate_GivenMethodWithExpandableAndHighMaxCount_GeneratesDiagnostic__pS4J_BFW-5vSmomUob4J_GHSO3laVZe6CcFgIW60UY#ExcludeAttribute.g.received.cs
    Verified: TelemetrySourceGeneratorLoggingGen2Tests.Generate_GivenMethodWithExpandableAndHighMaxCount_GeneratesDiagnostic__pS4J_BFW-5vSmomUob4J_GHSO3laVZe6CcFgIW60UY#ExcludeAttribute.g.verified.cs
  - Received: TelemetrySourceGeneratorLoggingGen2Tests.Generate_GivenMethodWithExpandableAndHighMaxCount_GeneratesDiagnostic__pS4J_BFW-5vSmomUob4J_GHSO3laVZe6CcFgIW60UY#ExcludeTargetsAttribute.g.received.cs
    Verified: TelemetrySourceGeneratorLoggingGen2Tests.Generate_GivenMethodWithExpandableAndHighMaxCount_GeneratesDiagnostic__pS4J_BFW-5vSmomUob4J_GHSO3laVZe6CcFgIW60UY#ExcludeTargetsAttribute.g.verified.cs
  - Received: TelemetrySourceGeneratorLoggingGen2Tests.Generate_GivenMethodWithExpandableAndHighMaxCount_GeneratesDiagnostic__pS4J_BFW-5vSmomUob4J_GHSO3laVZe6CcFgIW60UY#ExpandEnumerableAttribute.g.received.cs
    Verified: TelemetrySourceGeneratorLoggingGen2Tests.Generate_GivenMethodWithExpandableAndHighMaxCount_GeneratesDiagnostic__pS4J_BFW-5vSmomUob4J_GHSO3laVZe6CcFgIW60UY#ExpandEnumerableAttribute.g.verified.cs
  - Received: TelemetrySourceGeneratorLoggingGen2Tests.Generate_GivenMethodWithExpandableAndHighMaxCount_GeneratesDiagnostic__pS4J_BFW-5vSmomUob4J_GHSO3laVZe6CcFgIW60UY#HistogramAttribute.g.received.cs
    Verified: TelemetrySourceGeneratorLoggingGen2Tests.Generate_GivenMethodWithExpandableAndHighMaxCount_GeneratesDiagnostic__pS4J_BFW-5vSmomUob4J_GHSO3laVZe6CcFgIW60UY#HistogramAttribute.g.verified.cs
  - Received: TelemetrySourceGeneratorLoggingGen2Tests.Generate_GivenMethodWithExpandableAndHighMaxCount_GeneratesDiagnostic__pS4J_BFW-5vSmomUob4J_GHSO3laVZe6CcFgIW60UY#InfoAttribute.g.received.cs
    Verified: TelemetrySourceGeneratorLoggingGen2Tests.Generate_GivenMethodWithExpandableAndHighMaxCount_GeneratesDiagnostic__pS4J_BFW-5vSmomUob4J_GHSO3laVZe6CcFgIW60UY#InfoAttribute.g.verified.cs
  - Received: TelemetrySourceGeneratorLoggingGen2Tests.Generate_GivenMethodWithExpandableAndHighMaxCount_GeneratesDiagnostic__pS4J_BFW-5vSmomUob4J_GHSO3laVZe6CcFgIW60UY#InstrumentMeasurementAttribute.g.received.cs
    Verified: TelemetrySourceGeneratorLoggingGen2Tests.Generate_GivenMethodWithExpandableAndHighMaxCount_GeneratesDiagnostic__pS4J_BFW-5vSmomUob4J_GHSO3laVZe6CcFgIW60UY#InstrumentMeasurementAttribute.g.verified.cs
  - Received: TelemetrySourceGeneratorLoggingGen2Tests.Generate_GivenMethodWithExpandableAndHighMaxCount_GeneratesDiagnostic__pS4J_BFW-5vSmomUob4J_GHSO3laVZe6CcFgIW60UY#LogAttribute.g.received.cs
    Verified: TelemetrySourceGeneratorLoggingGen2Tests.Generate_GivenMethodWithExpandableAndHighMaxCount_GeneratesDiagnostic__pS4J_BFW-5vSmomUob4J_GHSO3laVZe6CcFgIW60UY#LogAttribute.g.verified.cs
  - Received: TelemetrySourceGeneratorLoggingGen2Tests.Generate_GivenMethodWithExpandableAndHighMaxCount_GeneratesDiagnostic__pS4J_BFW-5vSmomUob4J_GHSO3laVZe6CcFgIW60UY#LoggerAttribute.g.received.cs
    Verified: TelemetrySourceGeneratorLoggingGen2Tests.Generate_GivenMethodWithExpandableAndHighMaxCount_GeneratesDiagnostic__pS4J_BFW-5vSmomUob4J_GHSO3laVZe6CcFgIW60UY#LoggerAttribute.g.verified.cs
  - Received: TelemetrySourceGeneratorLoggingGen2Tests.Generate_GivenMethodWithExpandableAndHighMaxCount_GeneratesDiagnostic__pS4J_BFW-5vSmomUob4J_GHSO3laVZe6CcFgIW60UY#LoggerGenerationAttribute.g.received.cs
    Verified: TelemetrySourceGeneratorLoggingGen2Tests.Generate_GivenMethodWithExpandableAndHighMaxCount_GeneratesDiagnostic__pS4J_BFW-5vSmomUob4J_GHSO3laVZe6CcFgIW60UY#LoggerGenerationAttribute.g.verified.cs
  - Received: TelemetrySourceGeneratorLoggingGen2Tests.Generate_GivenMethodWithExpandableAndHighMaxCount_GeneratesDiagnostic__pS4J_BFW-5vSmomUob4J_GHSO3laVZe6CcFgIW60UY#LoggerGenerationMode.g.received.cs
    Verified: TelemetrySourceGeneratorLoggingGen2Tests.Generate_GivenMethodWithExpandableAndHighMaxCount_GeneratesDiagnostic__pS4J_BFW-5vSmomUob4J_GHSO3laVZe6CcFgIW60UY#LoggerGenerationMode.g.verified.cs
  - Received: TelemetrySourceGeneratorLoggingGen2Tests.Generate_GivenMethodWithExpandableAndHighMaxCount_GeneratesDiagnostic__pS4J_BFW-5vSmomUob4J_GHSO3laVZe6CcFgIW60UY#LogPrefixType.g.received.cs
    Verified: TelemetrySourceGeneratorLoggingGen2Tests.Generate_GivenMethodWithExpandableAndHighMaxCount_GeneratesDiagnostic__pS4J_BFW-5vSmomUob4J_GHSO3laVZe6CcFgIW60UY#LogPrefixType.g.verified.cs
  - Received: TelemetrySourceGeneratorLoggingGen2Tests.Generate_GivenMethodWithExpandableAndHighMaxCount_GeneratesDiagnostic__pS4J_BFW-5vSmomUob4J_GHSO3laVZe6CcFgIW60UY#MeterAttribute.g.received.cs
    Verified: TelemetrySourceGeneratorLoggingGen2Tests.Generate_GivenMethodWithExpandableAndHighMaxCount_GeneratesDiagnostic__pS4J_BFW-5vSmomUob4J_GHSO3laVZe6CcFgIW60UY#MeterAttribute.g.verified.cs
  - Received: TelemetrySourceGeneratorLoggingGen2Tests.Generate_GivenMethodWithExpandableAndHighMaxCount_GeneratesDiagnostic__pS4J_BFW-5vSmomUob4J_GHSO3laVZe6CcFgIW60UY#MeterGenerationAttribute.g.received.cs
    Verified: TelemetrySourceGeneratorLoggingGen2Tests.Generate_GivenMethodWithExpandableAndHighMaxCount_GeneratesDiagnostic__pS4J_BFW-5vSmomUob4J_GHSO3laVZe6CcFgIW60UY#MeterGenerationAttribute.g.verified.cs
  - Received: TelemetrySourceGeneratorLoggingGen2Tests.Generate_GivenMethodWithExpandableAndHighMaxCount_GeneratesDiagnostic__pS4J_BFW-5vSmomUob4J_GHSO3laVZe6CcFgIW60UY#MeterNameGenerationType.g.received.cs
    Verified: TelemetrySourceGeneratorLoggingGen2Tests.Generate_GivenMethodWithExpandableAndHighMaxCount_GeneratesDiagnostic__pS4J_BFW-5vSmomUob4J_GHSO3laVZe6CcFgIW60UY#MeterNameGenerationType.g.verified.cs
  - Received: TelemetrySourceGeneratorLoggingGen2Tests.Generate_GivenMethodWithExpandableAndHighMaxCount_GeneratesDiagnostic__pS4J_BFW-5vSmomUob4J_GHSO3laVZe6CcFgIW60UY#NamingConvention.g.received.cs
    Verified: TelemetrySourceGeneratorLoggingGen2Tests.Generate_GivenMethodWithExpandableAndHighMaxCount_GeneratesDiagnostic__pS4J_BFW-5vSmomUob4J_GHSO3laVZe6CcFgIW60UY#NamingConvention.g.verified.cs
  - Received: TelemetrySourceGeneratorLoggingGen2Tests.Generate_GivenMethodWithExpandableAndHighMaxCount_GeneratesDiagnostic__pS4J_BFW-5vSmomUob4J_GHSO3laVZe6CcFgIW60UY#ObservableCounterAttribute.g.received.cs
    Verified: TelemetrySourceGeneratorLoggingGen2Tests.Generate_GivenMethodWithExpandableAndHighMaxCount_GeneratesDiagnostic__pS4J_BFW-5vSmomUob4J_GHSO3laVZe6CcFgIW60UY#ObservableCounterAttribute.g.verified.cs
  - Received: TelemetrySourceGeneratorLoggingGen2Tests.Generate_GivenMethodWithExpandableAndHighMaxCount_GeneratesDiagnostic__pS4J_BFW-5vSmomUob4J_GHSO3laVZe6CcFgIW60UY#ObservableGaugeAttribute.g.received.cs
    Verified: TelemetrySourceGeneratorLoggingGen2Tests.Generate_GivenMethodWithExpandableAndHighMaxCount_GeneratesDiagnostic__pS4J_BFW-5vSmomUob4J_GHSO3laVZe6CcFgIW60UY#ObservableGaugeAttribute.g.verified.cs
  - Received: TelemetrySourceGeneratorLoggingGen2Tests.Generate_GivenMethodWithExpandableAndHighMaxCount_GeneratesDiagnostic__pS4J_BFW-5vSmomUob4J_GHSO3laVZe6CcFgIW60UY#ObservableUpDownCounterAttribute.g.received.cs
    Verified: TelemetrySourceGeneratorLoggingGen2Tests.Generate_GivenMethodWithExpandableAndHighMaxCount_GeneratesDiagnostic__pS4J_BFW-5vSmomUob4J_GHSO3laVZe6CcFgIW60UY#ObservableUpDownCounterAttribute.g.verified.cs
  - Received: TelemetrySourceGeneratorLoggingGen2Tests.Generate_GivenMethodWithExpandableAndHighMaxCount_GeneratesDiagnostic__pS4J_BFW-5vSmomUob4J_GHSO3laVZe6CcFgIW60UY#StatusDescriptionAttribute.g.received.cs
    Verified: TelemetrySourceGeneratorLoggingGen2Tests.Generate_GivenMethodWithExpandableAndHighMaxCount_GeneratesDiagnostic__pS4J_BFW-5vSmomUob4J_GHSO3laVZe6CcFgIW60UY#StatusDescriptionAttribute.g.verified.cs
  - Received: TelemetrySourceGeneratorLoggingGen2Tests.Generate_GivenMethodWithExpandableAndHighMaxCount_GeneratesDiagnostic__pS4J_BFW-5vSmomUob4J_GHSO3laVZe6CcFgIW60UY#TagAttribute.g.received.cs
    Verified: TelemetrySourceGeneratorLoggingGen2Tests.Generate_GivenMethodWithExpandableAndHighMaxCount_GeneratesDiagnostic__pS4J_BFW-5vSmomUob4J_GHSO3laVZe6CcFgIW60UY#TagAttribute.g.verified.cs
  - Received: TelemetrySourceGeneratorLoggingGen2Tests.Generate_GivenMethodWithExpandableAndHighMaxCount_GeneratesDiagnostic__pS4J_BFW-5vSmomUob4J_GHSO3laVZe6CcFgIW60UY#Targets.g.received.cs
    Verified: TelemetrySourceGeneratorLoggingGen2Tests.Generate_GivenMethodWithExpandableAndHighMaxCount_GeneratesDiagnostic__pS4J_BFW-5vSmomUob4J_GHSO3laVZe6CcFgIW60UY#Targets.g.verified.cs
  - Received: TelemetrySourceGeneratorLoggingGen2Tests.Generate_GivenMethodWithExpandableAndHighMaxCount_GeneratesDiagnostic__pS4J_BFW-5vSmomUob4J_GHSO3laVZe6CcFgIW60UY#TelemetryGenerationAttribute.g.received.cs
    Verified: TelemetrySourceGeneratorLoggingGen2Tests.Generate_GivenMethodWithExpandableAndHighMaxCount_GeneratesDiagnostic__pS4J_BFW-5vSmomUob4J_GHSO3laVZe6CcFgIW60UY#TelemetryGenerationAttribute.g.verified.cs
  - Received: TelemetrySourceGeneratorLoggingGen2Tests.Generate_GivenMethodWithExpandableAndHighMaxCount_GeneratesDiagnostic__pS4J_BFW-5vSmomUob4J_GHSO3laVZe6CcFgIW60UY#Testing.TestLoggerCore.Logging.g.received.cs
    Verified: TelemetrySourceGeneratorLoggingGen2Tests.Generate_GivenMethodWithExpandableAndHighMaxCount_GeneratesDiagnostic__pS4J_BFW-5vSmomUob4J_GHSO3laVZe6CcFgIW60UY#Testing.TestLoggerCore.Logging.g.verified.cs
  - Received: TelemetrySourceGeneratorLoggingGen2Tests.Generate_GivenMethodWithExpandableAndHighMaxCount_GeneratesDiagnostic__pS4J_BFW-5vSmomUob4J_GHSO3laVZe6CcFgIW60UY#TraceAttribute.g.received.cs
    Verified: TelemetrySourceGeneratorLoggingGen2Tests.Generate_GivenMethodWithExpandableAndHighMaxCount_GeneratesDiagnostic__pS4J_BFW-5vSmomUob4J_GHSO3laVZe6CcFgIW60UY#TraceAttribute.g.verified.cs
  - Received: TelemetrySourceGeneratorLoggingGen2Tests.Generate_GivenMethodWithExpandableAndHighMaxCount_GeneratesDiagnostic__pS4J_BFW-5vSmomUob4J_GHSO3laVZe6CcFgIW60UY#UpDownCounterAttribute.g.received.cs
    Verified: TelemetrySourceGeneratorLoggingGen2Tests.Generate_GivenMethodWithExpandableAndHighMaxCount_GeneratesDiagnostic__pS4J_BFW-5vSmomUob4J_GHSO3laVZe6CcFgIW60UY#UpDownCounterAttribute.g.verified.cs
  - Received: TelemetrySourceGeneratorLoggingGen2Tests.Generate_GivenMethodWithExpandableAndHighMaxCount_GeneratesDiagnostic__pS4J_BFW-5vSmomUob4J_GHSO3laVZe6CcFgIW60UY#WarningAttribute.g.received.cs
    Verified: TelemetrySourceGeneratorLoggingGen2Tests.Generate_GivenMethodWithExpandableAndHighMaxCount_GeneratesDiagnostic__pS4J_BFW-5vSmomUob4J_GHSO3laVZe6CcFgIW60UY#WarningAttribute.g.verified.cs

  from P:\GitHub\kjldev\purview-telemetry-sourcegenerator\src\Purview.Telemetry.SourceGenerator.IntegrationTests\bin\Release\net10.0\Purview.Telemetry.SourceGenerator.IntegrationTests.dll (net10.0|x64)
  TUnit.Engine.Exceptions.TestFailedException: [Test Failure] VerifyException: Directory: P:\GitHub\kjldev\purview-telemetry-sourcegenerator\src\Purview.Telemetry.SourceGenerator.IntegrationTests\Snapshots
  Delete:
    - TelemetrySourceGeneratorLoggingGen2Tests.Generate_GivenMethodWithExpandableAndHighMaxCount_GeneratesDiagnostic__pS4J_BFW-5vSmomUob4J_GHSO3laVZe6CcFgIW60UY.verified.txt
  Equal:
    - Received: TelemetrySourceGeneratorLoggingGen2Tests.Generate_GivenMethodWithExpandableAndHighMaxCount_GeneratesDiagnostic__pS4J_BFW-5vSmomUob4J_GHSO3laVZe6CcFgIW60UY#ActivityAttribute.g.received.cs
      Verified: TelemetrySourceGeneratorLoggingGen2Tests.Generate_GivenMethodWithExpandableAndHighMaxCount_GeneratesDiagnostic__pS4J_BFW-5vSmomUob4J_GHSO3laVZe6CcFgIW60UY#ActivityAttribute.g.verified.cs
    - Received: TelemetrySourceGeneratorLoggingGen2Tests.Generate_GivenMethodWithExpandableAndHighMaxCount_GeneratesDiagnostic__pS4J_BFW-5vSmomUob4J_GHSO3laVZe6CcFgIW60UY#ActivitySourceAttribute.g.received.cs
      Verified: TelemetrySourceGeneratorLoggingGen2Tests.Generate_GivenMethodWithExpandableAndHighMaxCount_GeneratesDiagnostic__pS4J_BFW-5vSmomUob4J_GHSO3laVZe6CcFgIW60UY#ActivitySourceAttribute.g.verified.cs
    - Received: TelemetrySourceGeneratorLoggingGen2Tests.Generate_GivenMethodWithExpandableAndHighMaxCount_GeneratesDiagnostic__pS4J_BFW-5vSmomUob4J_GHSO3laVZe6CcFgIW60UY#ActivitySourceGenerationAttribute.g.received.cs
      Verified: TelemetrySourceGeneratorLoggingGen2Tests.Generate_GivenMethodWithExpandableAndHighMaxCount_GeneratesDiagnostic__pS4J_BFW-5vSmomUob4J_GHSO3laVZe6CcFgIW60UY#ActivitySourceGenerationAttribute.g.verified.cs
    - Received: TelemetrySourceGeneratorLoggingGen2Tests.Generate_GivenMethodWithExpandableAndHighMaxCount_GeneratesDiagnostic__pS4J_BFW-5vSmomUob4J_GHSO3laVZe6CcFgIW60UY#AutoCounterAttribute.g.received.cs
      Verified: TelemetrySourceGeneratorLoggingGen2Tests.Generate_GivenMethodWithExpandableAndHighMaxCount_GeneratesDiagnostic__pS4J_BFW-5vSmomUob4J_GHSO3laVZe6CcFgIW60UY#AutoCounterAttribute.g.verified.cs
    - Received: TelemetrySourceGeneratorLoggingGen2Tests.Generate_GivenMethodWithExpandableAndHighMaxCount_GeneratesDiagnostic__pS4J_BFW-5vSmomUob4J_GHSO3laVZe6CcFgIW60UY#BaggageAttribute.g.received.cs
      Verified: TelemetrySourceGeneratorLoggingGen2Tests.Generate_GivenMethodWithExpandableAndHighMaxCount_GeneratesDiagnostic__pS4J_BFW-5vSmomUob4J_GHSO3laVZe6CcFgIW60UY#BaggageAttribute.g.verified.cs
    - Received: TelemetrySourceGeneratorLoggingGen2Tests.Generate_GivenMethodWithExpandableAndHighMaxCount_GeneratesDiagnostic__pS4J_BFW-5vSmomUob4J_GHSO3laVZe6CcFgIW60UY#ContextAttribute.g.received.cs
      Verified: TelemetrySourceGeneratorLoggingGen2Tests.Generate_GivenMethodWithExpandableAndHighMaxCount_GeneratesDiagnostic__pS4J_BFW-5vSmomUob4J_GHSO3laVZe6CcFgIW60UY#ContextAttribute.g.verified.cs
    - Received: TelemetrySourceGeneratorLoggingGen2Tests.Generate_GivenMethodWithExpandableAndHighMaxCount_GeneratesDiagnostic__pS4J_BFW-5vSmomUob4J_GHSO3laVZe6CcFgIW60UY#CounterAttribute.g.received.cs
      Verified: TelemetrySourceGeneratorLoggingGen2Tests.Generate_GivenMethodWithExpandableAndHighMaxCount_GeneratesDiagnostic__pS4J_BFW-5vSmomUob4J_GHSO3laVZe6CcFgIW60UY#CounterAttribute.g.verified.cs
    - Received: TelemetrySourceGeneratorLoggingGen2Tests.Generate_GivenMethodWithExpandableAndHighMaxCount_GeneratesDiagnostic__pS4J_BFW-5vSmomUob4J_GHSO3laVZe6CcFgIW60UY#CriticalAttribute.g.received.cs
      Verified: TelemetrySourceGeneratorLoggingGen2Tests.Generate_GivenMethodWithExpandableAndHighMaxCount_GeneratesDiagnostic__pS4J_BFW-5vSmomUob4J_GHSO3laVZe6CcFgIW60UY#CriticalAttribute.g.verified.cs
    - Received: TelemetrySourceGeneratorLoggingGen2Tests.Generate_GivenMethodWithExpandableAndHighMaxCount_GeneratesDiagnostic__pS4J_BFW-5vSmomUob4J_GHSO3laVZe6CcFgIW60UY#DebugAttribute.g.received.cs
      Verified: TelemetrySourceGeneratorLoggingGen2Tests.Generate_GivenMethodWithExpandableAndHighMaxCount_GeneratesDiagnostic__pS4J_BFW-5vSmomUob4J_GHSO3laVZe6CcFgIW60UY#DebugAttribute.g.verified.cs
    - Received: TelemetrySourceGeneratorLoggingGen2Tests.Generate_GivenMethodWithExpandableAndHighMaxCount_GeneratesDiagnostic__pS4J_BFW-5vSmomUob4J_GHSO3laVZe6CcFgIW60UY#ErrorAttribute.g.received.cs
      Verified: TelemetrySourceGeneratorLoggingGen2Tests.Generate_GivenMethodWithExpandableAndHighMaxCount_GeneratesDiagnostic__pS4J_BFW-5vSmomUob4J_GHSO3laVZe6CcFgIW60UY#ErrorAttribute.g.verified.cs
    - Received: TelemetrySourceGeneratorLoggingGen2Tests.Generate_GivenMethodWithExpandableAndHighMaxCount_GeneratesDiagnostic__pS4J_BFW-5vSmomUob4J_GHSO3laVZe6CcFgIW60UY#EscapeAttribute.g.received.cs
      Verified: TelemetrySourceGeneratorLoggingGen2Tests.Generate_GivenMethodWithExpandableAndHighMaxCount_GeneratesDiagnostic__pS4J_BFW-5vSmomUob4J_GHSO3laVZe6CcFgIW60UY#EscapeAttribute.g.verified.cs
    - Received: TelemetrySourceGeneratorLoggingGen2Tests.Generate_GivenMethodWithExpandableAndHighMaxCount_GeneratesDiagnostic__pS4J_BFW-5vSmomUob4J_GHSO3laVZe6CcFgIW60UY#EventAttribute.g.received.cs
      Verified: TelemetrySourceGeneratorLoggingGen2Tests.Generate_GivenMethodWithExpandableAndHighMaxCount_GeneratesDiagnostic__pS4J_BFW-5vSmomUob4J_GHSO3laVZe6CcFgIW60UY#EventAttribute.g.verified.cs
    - Received: TelemetrySourceGeneratorLoggingGen2Tests.Generate_GivenMethodWithExpandableAndHighMaxCount_GeneratesDiagnostic__pS4J_BFW-5vSmomUob4J_GHSO3laVZe6CcFgIW60UY#ExcludeAttribute.g.received.cs
      Verified: TelemetrySourceGeneratorLoggingGen2Tests.Generate_GivenMethodWithExpandableAndHighMaxCount_GeneratesDiagnostic__pS4J_BFW-5vSmomUob4J_GHSO3laVZe6CcFgIW60UY#ExcludeAttribute.g.verified.cs
    - Received: TelemetrySourceGeneratorLoggingGen2Tests.Generate_GivenMethodWithExpandableAndHighMaxCount_GeneratesDiagnostic__pS4J_BFW-5vSmomUob4J_GHSO3laVZe6CcFgIW60UY#ExcludeTargetsAttribute.g.received.cs
      Verified: TelemetrySourceGeneratorLoggingGen2Tests.Generate_GivenMethodWithExpandableAndHighMaxCount_GeneratesDiagnostic__pS4J_BFW-5vSmomUob4J_GHSO3laVZe6CcFgIW60UY#ExcludeTargetsAttribute.g.verified.cs
    - Received: TelemetrySourceGeneratorLoggingGen2Tests.Generate_GivenMethodWithExpandableAndHighMaxCount_GeneratesDiagnostic__pS4J_BFW-5vSmomUob4J_GHSO3laVZe6CcFgIW60UY#ExpandEnumerableAttribute.g.received.cs
      Verified: TelemetrySourceGeneratorLoggingGen2Tests.Generate_GivenMethodWithExpandableAndHighMaxCount_GeneratesDiagnostic__pS4J_BFW-5vSmomUob4J_GHSO3laVZe6CcFgIW60UY#ExpandEnumerableAttribute.g.verified.cs
    - Received: TelemetrySourceGeneratorLoggingGen2Tests.Generate_GivenMethodWithExpandableAndHighMaxCount_GeneratesDiagnostic__pS4J_BFW-5vSmomUob4J_GHSO3laVZe6CcFgIW60UY#HistogramAttribute.g.received.cs
      Verified: TelemetrySourceGeneratorLoggingGen2Tests.Generate_GivenMethodWithExpandableAndHighMaxCount_GeneratesDiagnostic__pS4J_BFW-5vSmomUob4J_GHSO3laVZe6CcFgIW60UY#HistogramAttribute.g.verified.cs
    - Received: TelemetrySourceGeneratorLoggingGen2Tests.Generate_GivenMethodWithExpandableAndHighMaxCount_GeneratesDiagnostic__pS4J_BFW-5vSmomUob4J_GHSO3laVZe6CcFgIW60UY#InfoAttribute.g.received.cs
      Verified: TelemetrySourceGeneratorLoggingGen2Tests.Generate_GivenMethodWithExpandableAndHighMaxCount_GeneratesDiagnostic__pS4J_BFW-5vSmomUob4J_GHSO3laVZe6CcFgIW60UY#InfoAttribute.g.verified.cs
    - Received: TelemetrySourceGeneratorLoggingGen2Tests.Generate_GivenMethodWithExpandableAndHighMaxCount_GeneratesDiagnostic__pS4J_BFW-5vSmomUob4J_GHSO3laVZe6CcFgIW60UY#InstrumentMeasurementAttribute.g.received.cs
      Verified: TelemetrySourceGeneratorLoggingGen2Tests.Generate_GivenMethodWithExpandableAndHighMaxCount_GeneratesDiagnostic__pS4J_BFW-5vSmomUob4J_GHSO3laVZe6CcFgIW60UY#InstrumentMeasurementAttribute.g.verified.cs
    - Received: TelemetrySourceGeneratorLoggingGen2Tests.Generate_GivenMethodWithExpandableAndHighMaxCount_GeneratesDiagnostic__pS4J_BFW-5vSmomUob4J_GHSO3laVZe6CcFgIW60UY#LogAttribute.g.received.cs
      Verified: TelemetrySourceGeneratorLoggingGen2Tests.Generate_GivenMethodWithExpandableAndHighMaxCount_GeneratesDiagnostic__pS4J_BFW-5vSmomUob4J_GHSO3laVZe6CcFgIW60UY#LogAttribute.g.verified.cs
    - Received: TelemetrySourceGeneratorLoggingGen2Tests.Generate_GivenMethodWithExpandableAndHighMaxCount_GeneratesDiagnostic__pS4J_BFW-5vSmomUob4J_GHSO3laVZe6CcFgIW60UY#LoggerAttribute.g.received.cs
      Verified: TelemetrySourceGeneratorLoggingGen2Tests.Generate_GivenMethodWithExpandableAndHighMaxCount_GeneratesDiagnostic__pS4J_BFW-5vSmomUob4J_GHSO3laVZe6CcFgIW60UY#LoggerAttribute.g.verified.cs
    - Received: TelemetrySourceGeneratorLoggingGen2Tests.Generate_GivenMethodWithExpandableAndHighMaxCount_GeneratesDiagnostic__pS4J_BFW-5vSmomUob4J_GHSO3laVZe6CcFgIW60UY#LoggerGenerationAttribute.g.received.cs
      Verified: TelemetrySourceGeneratorLoggingGen2Tests.Generate_GivenMethodWithExpandableAndHighMaxCount_GeneratesDiagnostic__pS4J_BFW-5vSmomUob4J_GHSO3laVZe6CcFgIW60UY#LoggerGenerationAttribute.g.verified.cs
    - Received: TelemetrySourceGeneratorLoggingGen2Tests.Generate_GivenMethodWithExpandableAndHighMaxCount_GeneratesDiagnostic__pS4J_BFW-5vSmomUob4J_GHSO3laVZe6CcFgIW60UY#LoggerGenerationMode.g.received.cs
      Verified: TelemetrySourceGeneratorLoggingGen2Tests.Generate_GivenMethodWithExpandableAndHighMaxCount_GeneratesDiagnostic__pS4J_BFW-5vSmomUob4J_GHSO3laVZe6CcFgIW60UY#LoggerGenerationMode.g.verified.cs
    - Received: TelemetrySourceGeneratorLoggingGen2Tests.Generate_GivenMethodWithExpandableAndHighMaxCount_GeneratesDiagnostic__pS4J_BFW-5vSmomUob4J_GHSO3laVZe6CcFgIW60UY#LogPrefixType.g.received.cs
      Verified: TelemetrySourceGeneratorLoggingGen2Tests.Generate_GivenMethodWithExpandableAndHighMaxCount_GeneratesDiagnostic__pS4J_BFW-5vSmomUob4J_GHSO3laVZe6CcFgIW60UY#LogPrefixType.g.verified.cs
    - Received: TelemetrySourceGeneratorLoggingGen2Tests.Generate_GivenMethodWithExpandableAndHighMaxCount_GeneratesDiagnostic__pS4J_BFW-5vSmomUob4J_GHSO3laVZe6CcFgIW60UY#MeterAttribute.g.received.cs
      Verified: TelemetrySourceGeneratorLoggingGen2Tests.Generate_GivenMethodWithExpandableAndHighMaxCount_GeneratesDiagnostic__pS4J_BFW-5vSmomUob4J_GHSO3laVZe6CcFgIW60UY#MeterAttribute.g.verified.cs
    - Received: TelemetrySourceGeneratorLoggingGen2Tests.Generate_GivenMethodWithExpandableAndHighMaxCount_GeneratesDiagnostic__pS4J_BFW-5vSmomUob4J_GHSO3laVZe6CcFgIW60UY#MeterGenerationAttribute.g.received.cs
      Verified: TelemetrySourceGeneratorLoggingGen2Tests.Generate_GivenMethodWithExpandableAndHighMaxCount_GeneratesDiagnostic__pS4J_BFW-5vSmomUob4J_GHSO3laVZe6CcFgIW60UY#MeterGenerationAttribute.g.verified.cs
    - Received: TelemetrySourceGeneratorLoggingGen2Tests.Generate_GivenMethodWithExpandableAndHighMaxCount_GeneratesDiagnostic__pS4J_BFW-5vSmomUob4J_GHSO3laVZe6CcFgIW60UY#MeterNameGenerationType.g.received.cs
      Verified: TelemetrySourceGeneratorLoggingGen2Tests.Generate_GivenMethodWithExpandableAndHighMaxCount_GeneratesDiagnostic__pS4J_BFW-5vSmomUob4J_GHSO3laVZe6CcFgIW60UY#MeterNameGenerationType.g.verified.cs
    - Received: TelemetrySourceGeneratorLoggingGen2Tests.Generate_GivenMethodWithExpandableAndHighMaxCount_GeneratesDiagnostic__pS4J_BFW-5vSmomUob4J_GHSO3laVZe6CcFgIW60UY#NamingConvention.g.received.cs
      Verified: TelemetrySourceGeneratorLoggingGen2Tests.Generate_GivenMethodWithExpandableAndHighMaxCount_GeneratesDiagnostic__pS4J_BFW-5vSmomUob4J_GHSO3laVZe6CcFgIW60UY#NamingConvention.g.verified.cs
    - Received: TelemetrySourceGeneratorLoggingGen2Tests.Generate_GivenMethodWithExpandableAndHighMaxCount_GeneratesDiagnostic__pS4J_BFW-5vSmomUob4J_GHSO3laVZe6CcFgIW60UY#ObservableCounterAttribute.g.received.cs
      Verified: TelemetrySourceGeneratorLoggingGen2Tests.Generate_GivenMethodWithExpandableAndHighMaxCount_GeneratesDiagnostic__pS4J_BFW-5vSmomUob4J_GHSO3laVZe6CcFgIW60UY#ObservableCounterAttribute.g.verified.cs
    - Received: TelemetrySourceGeneratorLoggingGen2Tests.Generate_GivenMethodWithExpandableAndHighMaxCount_GeneratesDiagnostic__pS4J_BFW-5vSmomUob4J_GHSO3laVZe6CcFgIW60UY#ObservableGaugeAttribute.g.received.cs
      Verified: TelemetrySourceGeneratorLoggingGen2Tests.Generate_GivenMethodWithExpandableAndHighMaxCount_GeneratesDiagnostic__pS4J_BFW-5vSmomUob4J_GHSO3laVZe6CcFgIW60UY#ObservableGaugeAttribute.g.verified.cs
    - Received: TelemetrySourceGeneratorLoggingGen2Tests.Generate_GivenMethodWithExpandableAndHighMaxCount_GeneratesDiagnostic__pS4J_BFW-5vSmomUob4J_GHSO3laVZe6CcFgIW60UY#ObservableUpDownCounterAttribute.g.received.cs
      Verified: TelemetrySourceGeneratorLoggingGen2Tests.Generate_GivenMethodWithExpandableAndHighMaxCount_GeneratesDiagnostic__pS4J_BFW-5vSmomUob4J_GHSO3laVZe6CcFgIW60UY#ObservableUpDownCounterAttribute.g.verified.cs
    - Received: TelemetrySourceGeneratorLoggingGen2Tests.Generate_GivenMethodWithExpandableAndHighMaxCount_GeneratesDiagnostic__pS4J_BFW-5vSmomUob4J_GHSO3laVZe6CcFgIW60UY#StatusDescriptionAttribute.g.received.cs
      Verified: TelemetrySourceGeneratorLoggingGen2Tests.Generate_GivenMethodWithExpandableAndHighMaxCount_GeneratesDiagnostic__pS4J_BFW-5vSmomUob4J_GHSO3laVZe6CcFgIW60UY#StatusDescriptionAttribute.g.verified.cs
    - Received: TelemetrySourceGeneratorLoggingGen2Tests.Generate_GivenMethodWithExpandableAndHighMaxCount_GeneratesDiagnostic__pS4J_BFW-5vSmomUob4J_GHSO3laVZe6CcFgIW60UY#TagAttribute.g.received.cs
      Verified: TelemetrySourceGeneratorLoggingGen2Tests.Generate_GivenMethodWithExpandableAndHighMaxCount_GeneratesDiagnostic__pS4J_BFW-5vSmomUob4J_GHSO3laVZe6CcFgIW60UY#TagAttribute.g.verified.cs
    - Received: TelemetrySourceGeneratorLoggingGen2Tests.Generate_GivenMethodWithExpandableAndHighMaxCount_GeneratesDiagnostic__pS4J_BFW-5vSmomUob4J_GHSO3laVZe6CcFgIW60UY#Targets.g.received.cs
      Verified: TelemetrySourceGeneratorLoggingGen2Tests.Generate_GivenMethodWithExpandableAndHighMaxCount_GeneratesDiagnostic__pS4J_BFW-5vSmomUob4J_GHSO3laVZe6CcFgIW60UY#Targets.g.verified.cs
    - Received: TelemetrySourceGeneratorLoggingGen2Tests.Generate_GivenMethodWithExpandableAndHighMaxCount_GeneratesDiagnostic__pS4J_BFW-5vSmomUob4J_GHSO3laVZe6CcFgIW60UY#TelemetryGenerationAttribute.g.received.cs
      Verified: TelemetrySourceGeneratorLoggingGen2Tests.Generate_GivenMethodWithExpandableAndHighMaxCount_GeneratesDiagnostic__pS4J_BFW-5vSmomUob4J_GHSO3laVZe6CcFgIW60UY#TelemetryGenerationAttribute.g.verified.cs
    - Received: TelemetrySourceGeneratorLoggingGen2Tests.Generate_GivenMethodWithExpandableAndHighMaxCount_GeneratesDiagnostic__pS4J_BFW-5vSmomUob4J_GHSO3laVZe6CcFgIW60UY#Testing.TestLoggerCore.Logging.g.received.cs
      Verified: TelemetrySourceGeneratorLoggingGen2Tests.Generate_GivenMethodWithExpandableAndHighMaxCount_GeneratesDiagnostic__pS4J_BFW-5vSmomUob4J_GHSO3laVZe6CcFgIW60UY#Testing.TestLoggerCore.Logging.g.verified.cs
    - Received: TelemetrySourceGeneratorLoggingGen2Tests.Generate_GivenMethodWithExpandableAndHighMaxCount_GeneratesDiagnostic__pS4J_BFW-5vSmomUob4J_GHSO3laVZe6CcFgIW60UY#TraceAttribute.g.received.cs
      Verified: TelemetrySourceGeneratorLoggingGen2Tests.Generate_GivenMethodWithExpandableAndHighMaxCount_GeneratesDiagnostic__pS4J_BFW-5vSmomUob4J_GHSO3laVZe6CcFgIW60UY#TraceAttribute.g.verified.cs
    - Received: TelemetrySourceGeneratorLoggingGen2Tests.Generate_GivenMethodWithExpandableAndHighMaxCount_GeneratesDiagnostic__pS4J_BFW-5vSmomUob4J_GHSO3laVZe6CcFgIW60UY#UpDownCounterAttribute.g.received.cs
      Verified: TelemetrySourceGeneratorLoggingGen2Tests.Generate_GivenMethodWithExpandableAndHighMaxCount_GeneratesDiagnostic__pS4J_BFW-5vSmomUob4J_GHSO3laVZe6CcFgIW60UY#UpDownCounterAttribute.g.verified.cs
    - Received: TelemetrySourceGeneratorLoggingGen2Tests.Generate_GivenMethodWithExpandableAndHighMaxCount_GeneratesDiagnostic__pS4J_BFW-5vSmomUob4J_GHSO3laVZe6CcFgIW60UY#WarningAttribute.g.received.cs
      Verified: TelemetrySourceGeneratorLoggingGen2Tests.Generate_GivenMethodWithExpandableAndHighMaxCount_GeneratesDiagnostic__pS4J_BFW-5vSmomUob4J_GHSO3laVZe6CcFgIW60UY#WarningAttribute.g.verified.cs
  
  Standard output
    DBG: --- Adding templates.
    DBG: Adding ActivitySourceGenerationAttribute as ActivitySourceGenerationAttribute.g.cs.
    DBG: Adding ActivitySourceAttribute as ActivitySourceAttribute.g.cs.
    DBG: Adding ActivityAttribute as ActivityAttribute.g.cs.
    DBG: Adding EventAttribute as EventAttribute.g.cs.
    DBG: Adding ContextAttribute as ContextAttribute.g.cs.
    DBG: Adding BaggageAttribute as BaggageAttribute.g.cs.
    DBG: Adding EscapeAttribute as EscapeAttribute.g.cs.
    DBG: Adding StatusDescriptionAttribute as StatusDescriptionAttribute.g.cs.
    DBG: Adding LoggerGenerationAttribute as LoggerGenerationAttribute.g.cs.
    DBG: Adding LoggerAttribute as LoggerAttribute.g.cs.
    DBG: Adding LogAttribute as LogAttribute.g.cs.
    DBG: Adding LogPrefixType as LogPrefixType.g.cs.
    DBG: Adding LoggerGenerationMode as LoggerGenerationMode.g.cs.
    DBG: Adding ExpandEnumerableAttribute as ExpandEnumerableAttribute.g.cs.
    DBG: Adding TraceAttribute as TraceAttribute.g.cs.
    DBG: Adding DebugAttribute as DebugAttribute.g.cs.
    DBG: Adding InfoAttribute as InfoAttribute.g.cs.
    DBG: Adding WarningAttribute as WarningAttribute.g.cs.
    DBG: Adding ErrorAttribute as ErrorAttribute.g.cs.
    DBG: Adding CriticalAttribute as CriticalAttribute.g.cs.
    DBG: Adding MeterGenerationAttribute as MeterGenerationAttribute.g.cs.
    DBG: Adding MeterAttribute as MeterAttribute.g.cs.
    DBG: Adding MeterNameGenerationType as MeterNameGenerationType.g.cs.
    DBG: Adding InstrumentMeasurementAttribute as InstrumentMeasurementAttribute.g.cs.
    DBG: Adding AutoCounterAttribute as AutoCounterAttribute.g.cs.
    DBG: Adding CounterAttribute as CounterAttribute.g.cs.
    DBG: Adding UpDownCounterAttribute as UpDownCounterAttribute.g.cs.
    DBG: Adding HistogramAttribute as HistogramAttribute.g.cs.
    DBG: Adding ObservableCounterAttribute as ObservableCounterAttribute.g.cs.
    DBG: Adding ObservableGaugeAttribute as ObservableGaugeAttribute.g.cs.
    DBG: Adding ObservableUpDownCounterAttribute as ObservableUpDownCounterAttribute.g.cs.
    DBG: Adding TagAttribute as TagAttribute.g.cs.
    DBG: Adding ExcludeAttribute as ExcludeAttribute.g.cs.
    DBG: Adding TelemetryGenerationAttribute as TelemetryGenerationAttribute.g.cs.
    DBG: Adding Targets as Targets.g.cs.
    DBG: Adding NamingConvention as NamingConvention.g.cs.
    DBG: Adding ExcludeTargetsAttribute as ExcludeTargetsAttribute.g.cs.
    DBG: --- Finished adding templates.
    DBG: Found attribute: Purview.Telemetry.LoggerAttribute
    DBG: Found attribute: Purview.Telemetry.TelemetryGenerationAttribute(GenerateDependencyExtension = false)
    DBG: Found method ITestLogger.Log.
    DBG: Found attribute: Purview.Telemetry.ExpandEnumerableAttribute(6)
    DBG: Found 1 parameter(s) for Log.
    DBG: Found method ITestLogger.Log2.
    DBG: Found attribute: Purview.Telemetry.ExpandEnumerableAttribute(5, MaximumValueCount = 6)
    DBG: Found 1 parameter(s) for Log2.
    DBG: Logger generation target: Testing.TestLoggerCore
    DBG: Generating MS Gen-based logging class for: Testing.TestLoggerCore
    DBG: Building logging method: Log
    DBG: Emitting state content
    DIA: Identified paramValue that has a large unbounded ienumerable max.
    DBG: Building logging method: Log2
    DBG: Emitting state content
    DIA: Identified paramValue2 that has a large unbounded ienumerable max.
    DBG: Skipping dependency injection emit.
    
  Error output
failed Generate_GivenV2InterfaceWithPerMethodV1Override_WithTooManyParams_RaisesDiagnostic (5s 185ms)
  [Test Failure] VerifyException: Directory: P:\GitHub\kjldev\purview-telemetry-sourcegenerator\src\Purview.Telemetry.SourceGenerator.IntegrationTests\Snapshots
Delete:
  - TelemetrySourceGeneratorLoggingGen2Tests.Generate_GivenV2InterfaceWithPerMethodV1Override_WithTooManyParams_RaisesDiagnostic.verified.txt
Equal:
  - Received: TelemetrySourceGeneratorLoggingGen2Tests.Generate_GivenV2InterfaceWithPerMethodV1Override_WithTooManyParams_RaisesDiagnostic#ActivityAttribute.g.received.cs
    Verified: TelemetrySourceGeneratorLoggingGen2Tests.Generate_GivenV2InterfaceWithPerMethodV1Override_WithTooManyParams_RaisesDiagnostic#ActivityAttribute.g.verified.cs
  - Received: TelemetrySourceGeneratorLoggingGen2Tests.Generate_GivenV2InterfaceWithPerMethodV1Override_WithTooManyParams_RaisesDiagnostic#ActivitySourceAttribute.g.received.cs
    Verified: TelemetrySourceGeneratorLoggingGen2Tests.Generate_GivenV2InterfaceWithPerMethodV1Override_WithTooManyParams_RaisesDiagnostic#ActivitySourceAttribute.g.verified.cs
  - Received: TelemetrySourceGeneratorLoggingGen2Tests.Generate_GivenV2InterfaceWithPerMethodV1Override_WithTooManyParams_RaisesDiagnostic#ActivitySourceGenerationAttribute.g.received.cs
    Verified: TelemetrySourceGeneratorLoggingGen2Tests.Generate_GivenV2InterfaceWithPerMethodV1Override_WithTooManyParams_RaisesDiagnostic#ActivitySourceGenerationAttribute.g.verified.cs
  - Received: TelemetrySourceGeneratorLoggingGen2Tests.Generate_GivenV2InterfaceWithPerMethodV1Override_WithTooManyParams_RaisesDiagnostic#AutoCounterAttribute.g.received.cs
    Verified: TelemetrySourceGeneratorLoggingGen2Tests.Generate_GivenV2InterfaceWithPerMethodV1Override_WithTooManyParams_RaisesDiagnostic#AutoCounterAttribute.g.verified.cs
  - Received: TelemetrySourceGeneratorLoggingGen2Tests.Generate_GivenV2InterfaceWithPerMethodV1Override_WithTooManyParams_RaisesDiagnostic#BaggageAttribute.g.received.cs
    Verified: TelemetrySourceGeneratorLoggingGen2Tests.Generate_GivenV2InterfaceWithPerMethodV1Override_WithTooManyParams_RaisesDiagnostic#BaggageAttribute.g.verified.cs
  - Received: TelemetrySourceGeneratorLoggingGen2Tests.Generate_GivenV2InterfaceWithPerMethodV1Override_WithTooManyParams_RaisesDiagnostic#ContextAttribute.g.received.cs
    Verified: TelemetrySourceGeneratorLoggingGen2Tests.Generate_GivenV2InterfaceWithPerMethodV1Override_WithTooManyParams_RaisesDiagnostic#ContextAttribute.g.verified.cs
  - Received: TelemetrySourceGeneratorLoggingGen2Tests.Generate_GivenV2InterfaceWithPerMethodV1Override_WithTooManyParams_RaisesDiagnostic#CounterAttribute.g.received.cs
    Verified: TelemetrySourceGeneratorLoggingGen2Tests.Generate_GivenV2InterfaceWithPerMethodV1Override_WithTooManyParams_RaisesDiagnostic#CounterAttribute.g.verified.cs
  - Received: TelemetrySourceGeneratorLoggingGen2Tests.Generate_GivenV2InterfaceWithPerMethodV1Override_WithTooManyParams_RaisesDiagnostic#CriticalAttribute.g.received.cs
    Verified: TelemetrySourceGeneratorLoggingGen2Tests.Generate_GivenV2InterfaceWithPerMethodV1Override_WithTooManyParams_RaisesDiagnostic#CriticalAttribute.g.verified.cs
  - Received: TelemetrySourceGeneratorLoggingGen2Tests.Generate_GivenV2InterfaceWithPerMethodV1Override_WithTooManyParams_RaisesDiagnostic#DebugAttribute.g.received.cs
    Verified: TelemetrySourceGeneratorLoggingGen2Tests.Generate_GivenV2InterfaceWithPerMethodV1Override_WithTooManyParams_RaisesDiagnostic#DebugAttribute.g.verified.cs
  - Received: TelemetrySourceGeneratorLoggingGen2Tests.Generate_GivenV2InterfaceWithPerMethodV1Override_WithTooManyParams_RaisesDiagnostic#ErrorAttribute.g.received.cs
    Verified: TelemetrySourceGeneratorLoggingGen2Tests.Generate_GivenV2InterfaceWithPerMethodV1Override_WithTooManyParams_RaisesDiagnostic#ErrorAttribute.g.verified.cs
  - Received: TelemetrySourceGeneratorLoggingGen2Tests.Generate_GivenV2InterfaceWithPerMethodV1Override_WithTooManyParams_RaisesDiagnostic#EscapeAttribute.g.received.cs
    Verified: TelemetrySourceGeneratorLoggingGen2Tests.Generate_GivenV2InterfaceWithPerMethodV1Override_WithTooManyParams_RaisesDiagnostic#EscapeAttribute.g.verified.cs
  - Received: TelemetrySourceGeneratorLoggingGen2Tests.Generate_GivenV2InterfaceWithPerMethodV1Override_WithTooManyParams_RaisesDiagnostic#EventAttribute.g.received.cs
    Verified: TelemetrySourceGeneratorLoggingGen2Tests.Generate_GivenV2InterfaceWithPerMethodV1Override_WithTooManyParams_RaisesDiagnostic#EventAttribute.g.verified.cs
  - Received: TelemetrySourceGeneratorLoggingGen2Tests.Generate_GivenV2InterfaceWithPerMethodV1Override_WithTooManyParams_RaisesDiagnostic#ExcludeAttribute.g.received.cs
    Verified: TelemetrySourceGeneratorLoggingGen2Tests.Generate_GivenV2InterfaceWithPerMethodV1Override_WithTooManyParams_RaisesDiagnostic#ExcludeAttribute.g.verified.cs
  - Received: TelemetrySourceGeneratorLoggingGen2Tests.Generate_GivenV2InterfaceWithPerMethodV1Override_WithTooManyParams_RaisesDiagnostic#ExcludeTargetsAttribute.g.received.cs
    Verified: TelemetrySourceGeneratorLoggingGen2Tests.Generate_GivenV2InterfaceWithPerMethodV1Override_WithTooManyParams_RaisesDiagnostic#ExcludeTargetsAttribute.g.verified.cs
  - Received: TelemetrySourceGeneratorLoggingGen2Tests.Generate_GivenV2InterfaceWithPerMethodV1Override_WithTooManyParams_RaisesDiagnostic#ExpandEnumerableAttribute.g.received.cs
    Verified: TelemetrySourceGeneratorLoggingGen2Tests.Generate_GivenV2InterfaceWithPerMethodV1Override_WithTooManyParams_RaisesDiagnostic#ExpandEnumerableAttribute.g.verified.cs
  - Received: TelemetrySourceGeneratorLoggingGen2Tests.Generate_GivenV2InterfaceWithPerMethodV1Override_WithTooManyParams_RaisesDiagnostic#HistogramAttribute.g.received.cs
    Verified: TelemetrySourceGeneratorLoggingGen2Tests.Generate_GivenV2InterfaceWithPerMethodV1Override_WithTooManyParams_RaisesDiagnostic#HistogramAttribute.g.verified.cs
  - Received: TelemetrySourceGeneratorLoggingGen2Tests.Generate_GivenV2InterfaceWithPerMethodV1Override_WithTooManyParams_RaisesDiagnostic#InfoAttribute.g.received.cs
    Verified: TelemetrySourceGeneratorLoggingGen2Tests.Generate_GivenV2InterfaceWithPerMethodV1Override_WithTooManyParams_RaisesDiagnostic#InfoAttribute.g.verified.cs
  - Received: TelemetrySourceGeneratorLoggingGen2Tests.Generate_GivenV2InterfaceWithPerMethodV1Override_WithTooManyParams_RaisesDiagnostic#InstrumentMeasurementAttribute.g.received.cs
    Verified: TelemetrySourceGeneratorLoggingGen2Tests.Generate_GivenV2InterfaceWithPerMethodV1Override_WithTooManyParams_RaisesDiagnostic#InstrumentMeasurementAttribute.g.verified.cs
  - Received: TelemetrySourceGeneratorLoggingGen2Tests.Generate_GivenV2InterfaceWithPerMethodV1Override_WithTooManyParams_RaisesDiagnostic#LogAttribute.g.received.cs
    Verified: TelemetrySourceGeneratorLoggingGen2Tests.Generate_GivenV2InterfaceWithPerMethodV1Override_WithTooManyParams_RaisesDiagnostic#LogAttribute.g.verified.cs
  - Received: TelemetrySourceGeneratorLoggingGen2Tests.Generate_GivenV2InterfaceWithPerMethodV1Override_WithTooManyParams_RaisesDiagnostic#LoggerAttribute.g.received.cs
    Verified: TelemetrySourceGeneratorLoggingGen2Tests.Generate_GivenV2InterfaceWithPerMethodV1Override_WithTooManyParams_RaisesDiagnostic#LoggerAttribute.g.verified.cs
  - Received: TelemetrySourceGeneratorLoggingGen2Tests.Generate_GivenV2InterfaceWithPerMethodV1Override_WithTooManyParams_RaisesDiagnostic#LoggerGenerationAttribute.g.received.cs
    Verified: TelemetrySourceGeneratorLoggingGen2Tests.Generate_GivenV2InterfaceWithPerMethodV1Override_WithTooManyParams_RaisesDiagnostic#LoggerGenerationAttribute.g.verified.cs
  - Received: TelemetrySourceGeneratorLoggingGen2Tests.Generate_GivenV2InterfaceWithPerMethodV1Override_WithTooManyParams_RaisesDiagnostic#LoggerGenerationMode.g.received.cs
    Verified: TelemetrySourceGeneratorLoggingGen2Tests.Generate_GivenV2InterfaceWithPerMethodV1Override_WithTooManyParams_RaisesDiagnostic#LoggerGenerationMode.g.verified.cs
  - Received: TelemetrySourceGeneratorLoggingGen2Tests.Generate_GivenV2InterfaceWithPerMethodV1Override_WithTooManyParams_RaisesDiagnostic#LogPrefixType.g.received.cs
    Verified: TelemetrySourceGeneratorLoggingGen2Tests.Generate_GivenV2InterfaceWithPerMethodV1Override_WithTooManyParams_RaisesDiagnostic#LogPrefixType.g.verified.cs
  - Received: TelemetrySourceGeneratorLoggingGen2Tests.Generate_GivenV2InterfaceWithPerMethodV1Override_WithTooManyParams_RaisesDiagnostic#MeterAttribute.g.received.cs
    Verified: TelemetrySourceGeneratorLoggingGen2Tests.Generate_GivenV2InterfaceWithPerMethodV1Override_WithTooManyParams_RaisesDiagnostic#MeterAttribute.g.verified.cs
  - Received: TelemetrySourceGeneratorLoggingGen2Tests.Generate_GivenV2InterfaceWithPerMethodV1Override_WithTooManyParams_RaisesDiagnostic#MeterGenerationAttribute.g.received.cs
    Verified: TelemetrySourceGeneratorLoggingGen2Tests.Generate_GivenV2InterfaceWithPerMethodV1Override_WithTooManyParams_RaisesDiagnostic#MeterGenerationAttribute.g.verified.cs
  - Received: TelemetrySourceGeneratorLoggingGen2Tests.Generate_GivenV2InterfaceWithPerMethodV1Override_WithTooManyParams_RaisesDiagnostic#MeterNameGenerationType.g.received.cs
    Verified: TelemetrySourceGeneratorLoggingGen2Tests.Generate_GivenV2InterfaceWithPerMethodV1Override_WithTooManyParams_RaisesDiagnostic#MeterNameGenerationType.g.verified.cs
  - Received: TelemetrySourceGeneratorLoggingGen2Tests.Generate_GivenV2InterfaceWithPerMethodV1Override_WithTooManyParams_RaisesDiagnostic#NamingConvention.g.received.cs
    Verified: TelemetrySourceGeneratorLoggingGen2Tests.Generate_GivenV2InterfaceWithPerMethodV1Override_WithTooManyParams_RaisesDiagnostic#NamingConvention.g.verified.cs
  - Received: TelemetrySourceGeneratorLoggingGen2Tests.Generate_GivenV2InterfaceWithPerMethodV1Override_WithTooManyParams_RaisesDiagnostic#ObservableCounterAttribute.g.received.cs
    Verified: TelemetrySourceGeneratorLoggingGen2Tests.Generate_GivenV2InterfaceWithPerMethodV1Override_WithTooManyParams_RaisesDiagnostic#ObservableCounterAttribute.g.verified.cs
  - Received: TelemetrySourceGeneratorLoggingGen2Tests.Generate_GivenV2InterfaceWithPerMethodV1Override_WithTooManyParams_RaisesDiagnostic#ObservableGaugeAttribute.g.received.cs
    Verified: TelemetrySourceGeneratorLoggingGen2Tests.Generate_GivenV2InterfaceWithPerMethodV1Override_WithTooManyParams_RaisesDiagnostic#ObservableGaugeAttribute.g.verified.cs
  - Received: TelemetrySourceGeneratorLoggingGen2Tests.Generate_GivenV2InterfaceWithPerMethodV1Override_WithTooManyParams_RaisesDiagnostic#ObservableUpDownCounterAttribute.g.received.cs
    Verified: TelemetrySourceGeneratorLoggingGen2Tests.Generate_GivenV2InterfaceWithPerMethodV1Override_WithTooManyParams_RaisesDiagnostic#ObservableUpDownCounterAttribute.g.verified.cs
  - Received: TelemetrySourceGeneratorLoggingGen2Tests.Generate_GivenV2InterfaceWithPerMethodV1Override_WithTooManyParams_RaisesDiagnostic#StatusDescriptionAttribute.g.received.cs
    Verified: TelemetrySourceGeneratorLoggingGen2Tests.Generate_GivenV2InterfaceWithPerMethodV1Override_WithTooManyParams_RaisesDiagnostic#StatusDescriptionAttribute.g.verified.cs
  - Received: TelemetrySourceGeneratorLoggingGen2Tests.Generate_GivenV2InterfaceWithPerMethodV1Override_WithTooManyParams_RaisesDiagnostic#TagAttribute.g.received.cs
    Verified: TelemetrySourceGeneratorLoggingGen2Tests.Generate_GivenV2InterfaceWithPerMethodV1Override_WithTooManyParams_RaisesDiagnostic#TagAttribute.g.verified.cs
  - Received: TelemetrySourceGeneratorLoggingGen2Tests.Generate_GivenV2InterfaceWithPerMethodV1Override_WithTooManyParams_RaisesDiagnostic#Targets.g.received.cs
    Verified: TelemetrySourceGeneratorLoggingGen2Tests.Generate_GivenV2InterfaceWithPerMethodV1Override_WithTooManyParams_RaisesDiagnostic#Targets.g.verified.cs
  - Received: TelemetrySourceGeneratorLoggingGen2Tests.Generate_GivenV2InterfaceWithPerMethodV1Override_WithTooManyParams_RaisesDiagnostic#TelemetryGenerationAttribute.g.received.cs
    Verified: TelemetrySourceGeneratorLoggingGen2Tests.Generate_GivenV2InterfaceWithPerMethodV1Override_WithTooManyParams_RaisesDiagnostic#TelemetryGenerationAttribute.g.verified.cs
  - Received: TelemetrySourceGeneratorLoggingGen2Tests.Generate_GivenV2InterfaceWithPerMethodV1Override_WithTooManyParams_RaisesDiagnostic#Testing.TestLoggerCore.Logging.g.received.cs
    Verified: TelemetrySourceGeneratorLoggingGen2Tests.Generate_GivenV2InterfaceWithPerMethodV1Override_WithTooManyParams_RaisesDiagnostic#Testing.TestLoggerCore.Logging.g.verified.cs
  - Received: TelemetrySourceGeneratorLoggingGen2Tests.Generate_GivenV2InterfaceWithPerMethodV1Override_WithTooManyParams_RaisesDiagnostic#TraceAttribute.g.received.cs
    Verified: TelemetrySourceGeneratorLoggingGen2Tests.Generate_GivenV2InterfaceWithPerMethodV1Override_WithTooManyParams_RaisesDiagnostic#TraceAttribute.g.verified.cs
  - Received: TelemetrySourceGeneratorLoggingGen2Tests.Generate_GivenV2InterfaceWithPerMethodV1Override_WithTooManyParams_RaisesDiagnostic#UpDownCounterAttribute.g.received.cs
    Verified: TelemetrySourceGeneratorLoggingGen2Tests.Generate_GivenV2InterfaceWithPerMethodV1Override_WithTooManyParams_RaisesDiagnostic#UpDownCounterAttribute.g.verified.cs
  - Received: TelemetrySourceGeneratorLoggingGen2Tests.Generate_GivenV2InterfaceWithPerMethodV1Override_WithTooManyParams_RaisesDiagnostic#WarningAttribute.g.received.cs
    Verified: TelemetrySourceGeneratorLoggingGen2Tests.Generate_GivenV2InterfaceWithPerMethodV1Override_WithTooManyParams_RaisesDiagnostic#WarningAttribute.g.verified.cs

  from P:\GitHub\kjldev\purview-telemetry-sourcegenerator\src\Purview.Telemetry.SourceGenerator.IntegrationTests\bin\Release\net10.0\Purview.Telemetry.SourceGenerator.IntegrationTests.dll (net10.0|x64)
  TUnit.Engine.Exceptions.TestFailedException: [Test Failure] VerifyException: Directory: P:\GitHub\kjldev\purview-telemetry-sourcegenerator\src\Purview.Telemetry.SourceGenerator.IntegrationTests\Snapshots
  Delete:
    - TelemetrySourceGeneratorLoggingGen2Tests.Generate_GivenV2InterfaceWithPerMethodV1Override_WithTooManyParams_RaisesDiagnostic.verified.txt
  Equal:
    - Received: TelemetrySourceGeneratorLoggingGen2Tests.Generate_GivenV2InterfaceWithPerMethodV1Override_WithTooManyParams_RaisesDiagnostic#ActivityAttribute.g.received.cs
      Verified: TelemetrySourceGeneratorLoggingGen2Tests.Generate_GivenV2InterfaceWithPerMethodV1Override_WithTooManyParams_RaisesDiagnostic#ActivityAttribute.g.verified.cs
    - Received: TelemetrySourceGeneratorLoggingGen2Tests.Generate_GivenV2InterfaceWithPerMethodV1Override_WithTooManyParams_RaisesDiagnostic#ActivitySourceAttribute.g.received.cs
      Verified: TelemetrySourceGeneratorLoggingGen2Tests.Generate_GivenV2InterfaceWithPerMethodV1Override_WithTooManyParams_RaisesDiagnostic#ActivitySourceAttribute.g.verified.cs
    - Received: TelemetrySourceGeneratorLoggingGen2Tests.Generate_GivenV2InterfaceWithPerMethodV1Override_WithTooManyParams_RaisesDiagnostic#ActivitySourceGenerationAttribute.g.received.cs
      Verified: TelemetrySourceGeneratorLoggingGen2Tests.Generate_GivenV2InterfaceWithPerMethodV1Override_WithTooManyParams_RaisesDiagnostic#ActivitySourceGenerationAttribute.g.verified.cs
    - Received: TelemetrySourceGeneratorLoggingGen2Tests.Generate_GivenV2InterfaceWithPerMethodV1Override_WithTooManyParams_RaisesDiagnostic#AutoCounterAttribute.g.received.cs
      Verified: TelemetrySourceGeneratorLoggingGen2Tests.Generate_GivenV2InterfaceWithPerMethodV1Override_WithTooManyParams_RaisesDiagnostic#AutoCounterAttribute.g.verified.cs
    - Received: TelemetrySourceGeneratorLoggingGen2Tests.Generate_GivenV2InterfaceWithPerMethodV1Override_WithTooManyParams_RaisesDiagnostic#BaggageAttribute.g.received.cs
      Verified: TelemetrySourceGeneratorLoggingGen2Tests.Generate_GivenV2InterfaceWithPerMethodV1Override_WithTooManyParams_RaisesDiagnostic#BaggageAttribute.g.verified.cs
    - Received: TelemetrySourceGeneratorLoggingGen2Tests.Generate_GivenV2InterfaceWithPerMethodV1Override_WithTooManyParams_RaisesDiagnostic#ContextAttribute.g.received.cs
      Verified: TelemetrySourceGeneratorLoggingGen2Tests.Generate_GivenV2InterfaceWithPerMethodV1Override_WithTooManyParams_RaisesDiagnostic#ContextAttribute.g.verified.cs
    - Received: TelemetrySourceGeneratorLoggingGen2Tests.Generate_GivenV2InterfaceWithPerMethodV1Override_WithTooManyParams_RaisesDiagnostic#CounterAttribute.g.received.cs
      Verified: TelemetrySourceGeneratorLoggingGen2Tests.Generate_GivenV2InterfaceWithPerMethodV1Override_WithTooManyParams_RaisesDiagnostic#CounterAttribute.g.verified.cs
    - Received: TelemetrySourceGeneratorLoggingGen2Tests.Generate_GivenV2InterfaceWithPerMethodV1Override_WithTooManyParams_RaisesDiagnostic#CriticalAttribute.g.received.cs
      Verified: TelemetrySourceGeneratorLoggingGen2Tests.Generate_GivenV2InterfaceWithPerMethodV1Override_WithTooManyParams_RaisesDiagnostic#CriticalAttribute.g.verified.cs
    - Received: TelemetrySourceGeneratorLoggingGen2Tests.Generate_GivenV2InterfaceWithPerMethodV1Override_WithTooManyParams_RaisesDiagnostic#DebugAttribute.g.received.cs
      Verified: TelemetrySourceGeneratorLoggingGen2Tests.Generate_GivenV2InterfaceWithPerMethodV1Override_WithTooManyParams_RaisesDiagnostic#DebugAttribute.g.verified.cs
    - Received: TelemetrySourceGeneratorLoggingGen2Tests.Generate_GivenV2InterfaceWithPerMethodV1Override_WithTooManyParams_RaisesDiagnostic#ErrorAttribute.g.received.cs
      Verified: TelemetrySourceGeneratorLoggingGen2Tests.Generate_GivenV2InterfaceWithPerMethodV1Override_WithTooManyParams_RaisesDiagnostic#ErrorAttribute.g.verified.cs
    - Received: TelemetrySourceGeneratorLoggingGen2Tests.Generate_GivenV2InterfaceWithPerMethodV1Override_WithTooManyParams_RaisesDiagnostic#EscapeAttribute.g.received.cs
      Verified: TelemetrySourceGeneratorLoggingGen2Tests.Generate_GivenV2InterfaceWithPerMethodV1Override_WithTooManyParams_RaisesDiagnostic#EscapeAttribute.g.verified.cs
    - Received: TelemetrySourceGeneratorLoggingGen2Tests.Generate_GivenV2InterfaceWithPerMethodV1Override_WithTooManyParams_RaisesDiagnostic#EventAttribute.g.received.cs
      Verified: TelemetrySourceGeneratorLoggingGen2Tests.Generate_GivenV2InterfaceWithPerMethodV1Override_WithTooManyParams_RaisesDiagnostic#EventAttribute.g.verified.cs
    - Received: TelemetrySourceGeneratorLoggingGen2Tests.Generate_GivenV2InterfaceWithPerMethodV1Override_WithTooManyParams_RaisesDiagnostic#ExcludeAttribute.g.received.cs
      Verified: TelemetrySourceGeneratorLoggingGen2Tests.Generate_GivenV2InterfaceWithPerMethodV1Override_WithTooManyParams_RaisesDiagnostic#ExcludeAttribute.g.verified.cs
    - Received: TelemetrySourceGeneratorLoggingGen2Tests.Generate_GivenV2InterfaceWithPerMethodV1Override_WithTooManyParams_RaisesDiagnostic#ExcludeTargetsAttribute.g.received.cs
      Verified: TelemetrySourceGeneratorLoggingGen2Tests.Generate_GivenV2InterfaceWithPerMethodV1Override_WithTooManyParams_RaisesDiagnostic#ExcludeTargetsAttribute.g.verified.cs
    - Received: TelemetrySourceGeneratorLoggingGen2Tests.Generate_GivenV2InterfaceWithPerMethodV1Override_WithTooManyParams_RaisesDiagnostic#ExpandEnumerableAttribute.g.received.cs
      Verified: TelemetrySourceGeneratorLoggingGen2Tests.Generate_GivenV2InterfaceWithPerMethodV1Override_WithTooManyParams_RaisesDiagnostic#ExpandEnumerableAttribute.g.verified.cs
    - Received: TelemetrySourceGeneratorLoggingGen2Tests.Generate_GivenV2InterfaceWithPerMethodV1Override_WithTooManyParams_RaisesDiagnostic#HistogramAttribute.g.received.cs
      Verified: TelemetrySourceGeneratorLoggingGen2Tests.Generate_GivenV2InterfaceWithPerMethodV1Override_WithTooManyParams_RaisesDiagnostic#HistogramAttribute.g.verified.cs
    - Received: TelemetrySourceGeneratorLoggingGen2Tests.Generate_GivenV2InterfaceWithPerMethodV1Override_WithTooManyParams_RaisesDiagnostic#InfoAttribute.g.received.cs
      Verified: TelemetrySourceGeneratorLoggingGen2Tests.Generate_GivenV2InterfaceWithPerMethodV1Override_WithTooManyParams_RaisesDiagnostic#InfoAttribute.g.verified.cs
    - Received: TelemetrySourceGeneratorLoggingGen2Tests.Generate_GivenV2InterfaceWithPerMethodV1Override_WithTooManyParams_RaisesDiagnostic#InstrumentMeasurementAttribute.g.received.cs
      Verified: TelemetrySourceGeneratorLoggingGen2Tests.Generate_GivenV2InterfaceWithPerMethodV1Override_WithTooManyParams_RaisesDiagnostic#InstrumentMeasurementAttribute.g.verified.cs
    - Received: TelemetrySourceGeneratorLoggingGen2Tests.Generate_GivenV2InterfaceWithPerMethodV1Override_WithTooManyParams_RaisesDiagnostic#LogAttribute.g.received.cs
      Verified: TelemetrySourceGeneratorLoggingGen2Tests.Generate_GivenV2InterfaceWithPerMethodV1Override_WithTooManyParams_RaisesDiagnostic#LogAttribute.g.verified.cs
    - Received: TelemetrySourceGeneratorLoggingGen2Tests.Generate_GivenV2InterfaceWithPerMethodV1Override_WithTooManyParams_RaisesDiagnostic#LoggerAttribute.g.received.cs
      Verified: TelemetrySourceGeneratorLoggingGen2Tests.Generate_GivenV2InterfaceWithPerMethodV1Override_WithTooManyParams_RaisesDiagnostic#LoggerAttribute.g.verified.cs
    - Received: TelemetrySourceGeneratorLoggingGen2Tests.Generate_GivenV2InterfaceWithPerMethodV1Override_WithTooManyParams_RaisesDiagnostic#LoggerGenerationAttribute.g.received.cs
      Verified: TelemetrySourceGeneratorLoggingGen2Tests.Generate_GivenV2InterfaceWithPerMethodV1Override_WithTooManyParams_RaisesDiagnostic#LoggerGenerationAttribute.g.verified.cs
    - Received: TelemetrySourceGeneratorLoggingGen2Tests.Generate_GivenV2InterfaceWithPerMethodV1Override_WithTooManyParams_RaisesDiagnostic#LoggerGenerationMode.g.received.cs
      Verified: TelemetrySourceGeneratorLoggingGen2Tests.Generate_GivenV2InterfaceWithPerMethodV1Override_WithTooManyParams_RaisesDiagnostic#LoggerGenerationMode.g.verified.cs
    - Received: TelemetrySourceGeneratorLoggingGen2Tests.Generate_GivenV2InterfaceWithPerMethodV1Override_WithTooManyParams_RaisesDiagnostic#LogPrefixType.g.received.cs
      Verified: TelemetrySourceGeneratorLoggingGen2Tests.Generate_GivenV2InterfaceWithPerMethodV1Override_WithTooManyParams_RaisesDiagnostic#LogPrefixType.g.verified.cs
    - Received: TelemetrySourceGeneratorLoggingGen2Tests.Generate_GivenV2InterfaceWithPerMethodV1Override_WithTooManyParams_RaisesDiagnostic#MeterAttribute.g.received.cs
      Verified: TelemetrySourceGeneratorLoggingGen2Tests.Generate_GivenV2InterfaceWithPerMethodV1Override_WithTooManyParams_RaisesDiagnostic#MeterAttribute.g.verified.cs
    - Received: TelemetrySourceGeneratorLoggingGen2Tests.Generate_GivenV2InterfaceWithPerMethodV1Override_WithTooManyParams_RaisesDiagnostic#MeterGenerationAttribute.g.received.cs
      Verified: TelemetrySourceGeneratorLoggingGen2Tests.Generate_GivenV2InterfaceWithPerMethodV1Override_WithTooManyParams_RaisesDiagnostic#MeterGenerationAttribute.g.verified.cs
    - Received: TelemetrySourceGeneratorLoggingGen2Tests.Generate_GivenV2InterfaceWithPerMethodV1Override_WithTooManyParams_RaisesDiagnostic#MeterNameGenerationType.g.received.cs
      Verified: TelemetrySourceGeneratorLoggingGen2Tests.Generate_GivenV2InterfaceWithPerMethodV1Override_WithTooManyParams_RaisesDiagnostic#MeterNameGenerationType.g.verified.cs
    - Received: TelemetrySourceGeneratorLoggingGen2Tests.Generate_GivenV2InterfaceWithPerMethodV1Override_WithTooManyParams_RaisesDiagnostic#NamingConvention.g.received.cs
      Verified: TelemetrySourceGeneratorLoggingGen2Tests.Generate_GivenV2InterfaceWithPerMethodV1Override_WithTooManyParams_RaisesDiagnostic#NamingConvention.g.verified.cs
    - Received: TelemetrySourceGeneratorLoggingGen2Tests.Generate_GivenV2InterfaceWithPerMethodV1Override_WithTooManyParams_RaisesDiagnostic#ObservableCounterAttribute.g.received.cs
      Verified: TelemetrySourceGeneratorLoggingGen2Tests.Generate_GivenV2InterfaceWithPerMethodV1Override_WithTooManyParams_RaisesDiagnostic#ObservableCounterAttribute.g.verified.cs
    - Received: TelemetrySourceGeneratorLoggingGen2Tests.Generate_GivenV2InterfaceWithPerMethodV1Override_WithTooManyParams_RaisesDiagnostic#ObservableGaugeAttribute.g.received.cs
      Verified: TelemetrySourceGeneratorLoggingGen2Tests.Generate_GivenV2InterfaceWithPerMethodV1Override_WithTooManyParams_RaisesDiagnostic#ObservableGaugeAttribute.g.verified.cs
    - Received: TelemetrySourceGeneratorLoggingGen2Tests.Generate_GivenV2InterfaceWithPerMethodV1Override_WithTooManyParams_RaisesDiagnostic#ObservableUpDownCounterAttribute.g.received.cs
      Verified: TelemetrySourceGeneratorLoggingGen2Tests.Generate_GivenV2InterfaceWithPerMethodV1Override_WithTooManyParams_RaisesDiagnostic#ObservableUpDownCounterAttribute.g.verified.cs
    - Received: TelemetrySourceGeneratorLoggingGen2Tests.Generate_GivenV2InterfaceWithPerMethodV1Override_WithTooManyParams_RaisesDiagnostic#StatusDescriptionAttribute.g.received.cs
      Verified: TelemetrySourceGeneratorLoggingGen2Tests.Generate_GivenV2InterfaceWithPerMethodV1Override_WithTooManyParams_RaisesDiagnostic#StatusDescriptionAttribute.g.verified.cs
    - Received: TelemetrySourceGeneratorLoggingGen2Tests.Generate_GivenV2InterfaceWithPerMethodV1Override_WithTooManyParams_RaisesDiagnostic#TagAttribute.g.received.cs
      Verified: TelemetrySourceGeneratorLoggingGen2Tests.Generate_GivenV2InterfaceWithPerMethodV1Override_WithTooManyParams_RaisesDiagnostic#TagAttribute.g.verified.cs
    - Received: TelemetrySourceGeneratorLoggingGen2Tests.Generate_GivenV2InterfaceWithPerMethodV1Override_WithTooManyParams_RaisesDiagnostic#Targets.g.received.cs
      Verified: TelemetrySourceGeneratorLoggingGen2Tests.Generate_GivenV2InterfaceWithPerMethodV1Override_WithTooManyParams_RaisesDiagnostic#Targets.g.verified.cs
    - Received: TelemetrySourceGeneratorLoggingGen2Tests.Generate_GivenV2InterfaceWithPerMethodV1Override_WithTooManyParams_RaisesDiagnostic#TelemetryGenerationAttribute.g.received.cs
      Verified: TelemetrySourceGeneratorLoggingGen2Tests.Generate_GivenV2InterfaceWithPerMethodV1Override_WithTooManyParams_RaisesDiagnostic#TelemetryGenerationAttribute.g.verified.cs
    - Received: TelemetrySourceGeneratorLoggingGen2Tests.Generate_GivenV2InterfaceWithPerMethodV1Override_WithTooManyParams_RaisesDiagnostic#Testing.TestLoggerCore.Logging.g.received.cs
      Verified: TelemetrySourceGeneratorLoggingGen2Tests.Generate_GivenV2InterfaceWithPerMethodV1Override_WithTooManyParams_RaisesDiagnostic#Testing.TestLoggerCore.Logging.g.verified.cs
    - Received: TelemetrySourceGeneratorLoggingGen2Tests.Generate_GivenV2InterfaceWithPerMethodV1Override_WithTooManyParams_RaisesDiagnostic#TraceAttribute.g.received.cs
      Verified: TelemetrySourceGeneratorLoggingGen2Tests.Generate_GivenV2InterfaceWithPerMethodV1Override_WithTooManyParams_RaisesDiagnostic#TraceAttribute.g.verified.cs
    - Received: TelemetrySourceGeneratorLoggingGen2Tests.Generate_GivenV2InterfaceWithPerMethodV1Override_WithTooManyParams_RaisesDiagnostic#UpDownCounterAttribute.g.received.cs
      Verified: TelemetrySourceGeneratorLoggingGen2Tests.Generate_GivenV2InterfaceWithPerMethodV1Override_WithTooManyParams_RaisesDiagnostic#UpDownCounterAttribute.g.verified.cs
    - Received: TelemetrySourceGeneratorLoggingGen2Tests.Generate_GivenV2InterfaceWithPerMethodV1Override_WithTooManyParams_RaisesDiagnostic#WarningAttribute.g.received.cs
      Verified: TelemetrySourceGeneratorLoggingGen2Tests.Generate_GivenV2InterfaceWithPerMethodV1Override_WithTooManyParams_RaisesDiagnostic#WarningAttribute.g.verified.cs
  
  Standard output
    DBG: --- Adding templates.
    DBG: Adding ActivitySourceGenerationAttribute as ActivitySourceGenerationAttribute.g.cs.
    DBG: Adding ActivitySourceAttribute as ActivitySourceAttribute.g.cs.
    DBG: Adding ActivityAttribute as ActivityAttribute.g.cs.
    DBG: Adding EventAttribute as EventAttribute.g.cs.
    DBG: Adding ContextAttribute as ContextAttribute.g.cs.
    DBG: Adding BaggageAttribute as BaggageAttribute.g.cs.
    DBG: Adding EscapeAttribute as EscapeAttribute.g.cs.
    DBG: Adding StatusDescriptionAttribute as StatusDescriptionAttribute.g.cs.
    DBG: Adding LoggerGenerationAttribute as LoggerGenerationAttribute.g.cs.
    DBG: Adding LoggerAttribute as LoggerAttribute.g.cs.
    DBG: Adding LogAttribute as LogAttribute.g.cs.
    DBG: Adding LogPrefixType as LogPrefixType.g.cs.
    DBG: Adding LoggerGenerationMode as LoggerGenerationMode.g.cs.
    DBG: Adding ExpandEnumerableAttribute as ExpandEnumerableAttribute.g.cs.
    DBG: Adding TraceAttribute as TraceAttribute.g.cs.
    DBG: Adding DebugAttribute as DebugAttribute.g.cs.
    DBG: Adding InfoAttribute as InfoAttribute.g.cs.
    DBG: Adding WarningAttribute as WarningAttribute.g.cs.
    DBG: Adding ErrorAttribute as ErrorAttribute.g.cs.
    DBG: Adding CriticalAttribute as CriticalAttribute.g.cs.
    DBG: Adding MeterGenerationAttribute as MeterGenerationAttribute.g.cs.
    DBG: Adding MeterAttribute as MeterAttribute.g.cs.
    DBG: Adding MeterNameGenerationType as MeterNameGenerationType.g.cs.
    DBG: Adding InstrumentMeasurementAttribute as InstrumentMeasurementAttribute.g.cs.
    DBG: Adding AutoCounterAttribute as AutoCounterAttribute.g.cs.
    DBG: Adding CounterAttribute as CounterAttribute.g.cs.
    DBG: Adding UpDownCounterAttribute as UpDownCounterAttribute.g.cs.
    DBG: Adding HistogramAttribute as HistogramAttribute.g.cs.
    DBG: Adding ObservableCounterAttribute as ObservableCounterAttribute.g.cs.
    DBG: Adding ObservableGaugeAttribute as ObservableGaugeAttribute.g.cs.
    DBG: Adding ObservableUpDownCounterAttribute as ObservableUpDownCounterAttribute.g.cs.
    DBG: Adding TagAttribute as TagAttribute.g.cs.
    DBG: Adding ExcludeAttribute as ExcludeAttribute.g.cs.
    DBG: Adding TelemetryGenerationAttribute as TelemetryGenerationAttribute.g.cs.
    DBG: Adding Targets as Targets.g.cs.
    DBG: Adding NamingConvention as NamingConvention.g.cs.
    DBG: Adding ExcludeTargetsAttribute as ExcludeTargetsAttribute.g.cs.
    DBG: --- Finished adding templates.
    DBG: Found attribute: Purview.Telemetry.LoggerAttribute
    DBG: Found attribute: Purview.Telemetry.TelemetryGenerationAttribute(GenerateDependencyExtension = false)
    DBG: Found method ITestLogger.HotPathV1LogEntry.
    DBG: Found 7 parameter(s) for HotPathV1LogEntry.
    DBG: Found attribute: Purview.Telemetry.LogAttribute(GenerationMode = Purview.Telemetry.LoggerGenerationMode.V1)
    DBG: Logger generation target: Testing.TestLoggerCore
    DBG: Generating MS Gen-based logging class for: Testing.TestLoggerCore
    DIA: Method has more than 6 parameters.
    DBG: Building logging method: HotPathV1LogEntry
    DBG: Skipping dependency injection emit.
    
  Error output
failed Generate_GivenMethodWithLogPropertyAndExpandEnumerable_GeneratesDiagnostic (5s 192ms)
  [Test Failure] VerifyException: Directory: P:\GitHub\kjldev\purview-telemetry-sourcegenerator\src\Purview.Telemetry.SourceGenerator.IntegrationTests\Snapshots
Delete:
  - TelemetrySourceGeneratorLoggingGen2Tests.Generate_GivenMethodWithLogPropertyAndExpandEnumerable_GeneratesDiagnostic.verified.txt
Equal:
  - Received: TelemetrySourceGeneratorLoggingGen2Tests.Generate_GivenMethodWithLogPropertyAndExpandEnumerable_GeneratesDiagnostic#ActivityAttribute.g.received.cs
    Verified: TelemetrySourceGeneratorLoggingGen2Tests.Generate_GivenMethodWithLogPropertyAndExpandEnumerable_GeneratesDiagnostic#ActivityAttribute.g.verified.cs
  - Received: TelemetrySourceGeneratorLoggingGen2Tests.Generate_GivenMethodWithLogPropertyAndExpandEnumerable_GeneratesDiagnostic#ActivitySourceAttribute.g.received.cs
    Verified: TelemetrySourceGeneratorLoggingGen2Tests.Generate_GivenMethodWithLogPropertyAndExpandEnumerable_GeneratesDiagnostic#ActivitySourceAttribute.g.verified.cs
  - Received: TelemetrySourceGeneratorLoggingGen2Tests.Generate_GivenMethodWithLogPropertyAndExpandEnumerable_GeneratesDiagnostic#ActivitySourceGenerationAttribute.g.received.cs
    Verified: TelemetrySourceGeneratorLoggingGen2Tests.Generate_GivenMethodWithLogPropertyAndExpandEnumerable_GeneratesDiagnostic#ActivitySourceGenerationAttribute.g.verified.cs
  - Received: TelemetrySourceGeneratorLoggingGen2Tests.Generate_GivenMethodWithLogPropertyAndExpandEnumerable_GeneratesDiagnostic#AutoCounterAttribute.g.received.cs
    Verified: TelemetrySourceGeneratorLoggingGen2Tests.Generate_GivenMethodWithLogPropertyAndExpandEnumerable_GeneratesDiagnostic#AutoCounterAttribute.g.verified.cs
  - Received: TelemetrySourceGeneratorLoggingGen2Tests.Generate_GivenMethodWithLogPropertyAndExpandEnumerable_GeneratesDiagnostic#BaggageAttribute.g.received.cs
    Verified: TelemetrySourceGeneratorLoggingGen2Tests.Generate_GivenMethodWithLogPropertyAndExpandEnumerable_GeneratesDiagnostic#BaggageAttribute.g.verified.cs
  - Received: TelemetrySourceGeneratorLoggingGen2Tests.Generate_GivenMethodWithLogPropertyAndExpandEnumerable_GeneratesDiagnostic#ContextAttribute.g.received.cs
    Verified: TelemetrySourceGeneratorLoggingGen2Tests.Generate_GivenMethodWithLogPropertyAndExpandEnumerable_GeneratesDiagnostic#ContextAttribute.g.verified.cs
  - Received: TelemetrySourceGeneratorLoggingGen2Tests.Generate_GivenMethodWithLogPropertyAndExpandEnumerable_GeneratesDiagnostic#CounterAttribute.g.received.cs
    Verified: TelemetrySourceGeneratorLoggingGen2Tests.Generate_GivenMethodWithLogPropertyAndExpandEnumerable_GeneratesDiagnostic#CounterAttribute.g.verified.cs
  - Received: TelemetrySourceGeneratorLoggingGen2Tests.Generate_GivenMethodWithLogPropertyAndExpandEnumerable_GeneratesDiagnostic#CriticalAttribute.g.received.cs
    Verified: TelemetrySourceGeneratorLoggingGen2Tests.Generate_GivenMethodWithLogPropertyAndExpandEnumerable_GeneratesDiagnostic#CriticalAttribute.g.verified.cs
  - Received: TelemetrySourceGeneratorLoggingGen2Tests.Generate_GivenMethodWithLogPropertyAndExpandEnumerable_GeneratesDiagnostic#DebugAttribute.g.received.cs
    Verified: TelemetrySourceGeneratorLoggingGen2Tests.Generate_GivenMethodWithLogPropertyAndExpandEnumerable_GeneratesDiagnostic#DebugAttribute.g.verified.cs
  - Received: TelemetrySourceGeneratorLoggingGen2Tests.Generate_GivenMethodWithLogPropertyAndExpandEnumerable_GeneratesDiagnostic#ErrorAttribute.g.received.cs
    Verified: TelemetrySourceGeneratorLoggingGen2Tests.Generate_GivenMethodWithLogPropertyAndExpandEnumerable_GeneratesDiagnostic#ErrorAttribute.g.verified.cs
  - Received: TelemetrySourceGeneratorLoggingGen2Tests.Generate_GivenMethodWithLogPropertyAndExpandEnumerable_GeneratesDiagnostic#EscapeAttribute.g.received.cs
    Verified: TelemetrySourceGeneratorLoggingGen2Tests.Generate_GivenMethodWithLogPropertyAndExpandEnumerable_GeneratesDiagnostic#EscapeAttribute.g.verified.cs
  - Received: TelemetrySourceGeneratorLoggingGen2Tests.Generate_GivenMethodWithLogPropertyAndExpandEnumerable_GeneratesDiagnostic#EventAttribute.g.received.cs
    Verified: TelemetrySourceGeneratorLoggingGen2Tests.Generate_GivenMethodWithLogPropertyAndExpandEnumerable_GeneratesDiagnostic#EventAttribute.g.verified.cs
  - Received: TelemetrySourceGeneratorLoggingGen2Tests.Generate_GivenMethodWithLogPropertyAndExpandEnumerable_GeneratesDiagnostic#ExcludeAttribute.g.received.cs
    Verified: TelemetrySourceGeneratorLoggingGen2Tests.Generate_GivenMethodWithLogPropertyAndExpandEnumerable_GeneratesDiagnostic#ExcludeAttribute.g.verified.cs
  - Received: TelemetrySourceGeneratorLoggingGen2Tests.Generate_GivenMethodWithLogPropertyAndExpandEnumerable_GeneratesDiagnostic#ExcludeTargetsAttribute.g.received.cs
    Verified: TelemetrySourceGeneratorLoggingGen2Tests.Generate_GivenMethodWithLogPropertyAndExpandEnumerable_GeneratesDiagnostic#ExcludeTargetsAttribute.g.verified.cs
  - Received: TelemetrySourceGeneratorLoggingGen2Tests.Generate_GivenMethodWithLogPropertyAndExpandEnumerable_GeneratesDiagnostic#ExpandEnumerableAttribute.g.received.cs
    Verified: TelemetrySourceGeneratorLoggingGen2Tests.Generate_GivenMethodWithLogPropertyAndExpandEnumerable_GeneratesDiagnostic#ExpandEnumerableAttribute.g.verified.cs
  - Received: TelemetrySourceGeneratorLoggingGen2Tests.Generate_GivenMethodWithLogPropertyAndExpandEnumerable_GeneratesDiagnostic#HistogramAttribute.g.received.cs
    Verified: TelemetrySourceGeneratorLoggingGen2Tests.Generate_GivenMethodWithLogPropertyAndExpandEnumerable_GeneratesDiagnostic#HistogramAttribute.g.verified.cs
  - Received: TelemetrySourceGeneratorLoggingGen2Tests.Generate_GivenMethodWithLogPropertyAndExpandEnumerable_GeneratesDiagnostic#InfoAttribute.g.received.cs
    Verified: TelemetrySourceGeneratorLoggingGen2Tests.Generate_GivenMethodWithLogPropertyAndExpandEnumerable_GeneratesDiagnostic#InfoAttribute.g.verified.cs
  - Received: TelemetrySourceGeneratorLoggingGen2Tests.Generate_GivenMethodWithLogPropertyAndExpandEnumerable_GeneratesDiagnostic#InstrumentMeasurementAttribute.g.received.cs
    Verified: TelemetrySourceGeneratorLoggingGen2Tests.Generate_GivenMethodWithLogPropertyAndExpandEnumerable_GeneratesDiagnostic#InstrumentMeasurementAttribute.g.verified.cs
  - Received: TelemetrySourceGeneratorLoggingGen2Tests.Generate_GivenMethodWithLogPropertyAndExpandEnumerable_GeneratesDiagnostic#LogAttribute.g.received.cs
    Verified: TelemetrySourceGeneratorLoggingGen2Tests.Generate_GivenMethodWithLogPropertyAndExpandEnumerable_GeneratesDiagnostic#LogAttribute.g.verified.cs
  - Received: TelemetrySourceGeneratorLoggingGen2Tests.Generate_GivenMethodWithLogPropertyAndExpandEnumerable_GeneratesDiagnostic#LoggerAttribute.g.received.cs
    Verified: TelemetrySourceGeneratorLoggingGen2Tests.Generate_GivenMethodWithLogPropertyAndExpandEnumerable_GeneratesDiagnostic#LoggerAttribute.g.verified.cs
  - Received: TelemetrySourceGeneratorLoggingGen2Tests.Generate_GivenMethodWithLogPropertyAndExpandEnumerable_GeneratesDiagnostic#LoggerGenerationAttribute.g.received.cs
    Verified: TelemetrySourceGeneratorLoggingGen2Tests.Generate_GivenMethodWithLogPropertyAndExpandEnumerable_GeneratesDiagnostic#LoggerGenerationAttribute.g.verified.cs
  - Received: TelemetrySourceGeneratorLoggingGen2Tests.Generate_GivenMethodWithLogPropertyAndExpandEnumerable_GeneratesDiagnostic#LoggerGenerationMode.g.received.cs
    Verified: TelemetrySourceGeneratorLoggingGen2Tests.Generate_GivenMethodWithLogPropertyAndExpandEnumerable_GeneratesDiagnostic#LoggerGenerationMode.g.verified.cs
  - Received: TelemetrySourceGeneratorLoggingGen2Tests.Generate_GivenMethodWithLogPropertyAndExpandEnumerable_GeneratesDiagnostic#LogPrefixType.g.received.cs
    Verified: TelemetrySourceGeneratorLoggingGen2Tests.Generate_GivenMethodWithLogPropertyAndExpandEnumerable_GeneratesDiagnostic#LogPrefixType.g.verified.cs
  - Received: TelemetrySourceGeneratorLoggingGen2Tests.Generate_GivenMethodWithLogPropertyAndExpandEnumerable_GeneratesDiagnostic#MeterAttribute.g.received.cs
    Verified: TelemetrySourceGeneratorLoggingGen2Tests.Generate_GivenMethodWithLogPropertyAndExpandEnumerable_GeneratesDiagnostic#MeterAttribute.g.verified.cs
  - Received: TelemetrySourceGeneratorLoggingGen2Tests.Generate_GivenMethodWithLogPropertyAndExpandEnumerable_GeneratesDiagnostic#MeterGenerationAttribute.g.received.cs
    Verified: TelemetrySourceGeneratorLoggingGen2Tests.Generate_GivenMethodWithLogPropertyAndExpandEnumerable_GeneratesDiagnostic#MeterGenerationAttribute.g.verified.cs
  - Received: TelemetrySourceGeneratorLoggingGen2Tests.Generate_GivenMethodWithLogPropertyAndExpandEnumerable_GeneratesDiagnostic#MeterNameGenerationType.g.received.cs
    Verified: TelemetrySourceGeneratorLoggingGen2Tests.Generate_GivenMethodWithLogPropertyAndExpandEnumerable_GeneratesDiagnostic#MeterNameGenerationType.g.verified.cs
  - Received: TelemetrySourceGeneratorLoggingGen2Tests.Generate_GivenMethodWithLogPropertyAndExpandEnumerable_GeneratesDiagnostic#NamingConvention.g.received.cs
    Verified: TelemetrySourceGeneratorLoggingGen2Tests.Generate_GivenMethodWithLogPropertyAndExpandEnumerable_GeneratesDiagnostic#NamingConvention.g.verified.cs
  - Received: TelemetrySourceGeneratorLoggingGen2Tests.Generate_GivenMethodWithLogPropertyAndExpandEnumerable_GeneratesDiagnostic#ObservableCounterAttribute.g.received.cs
    Verified: TelemetrySourceGeneratorLoggingGen2Tests.Generate_GivenMethodWithLogPropertyAndExpandEnumerable_GeneratesDiagnostic#ObservableCounterAttribute.g.verified.cs
  - Received: TelemetrySourceGeneratorLoggingGen2Tests.Generate_GivenMethodWithLogPropertyAndExpandEnumerable_GeneratesDiagnostic#ObservableGaugeAttribute.g.received.cs
    Verified: TelemetrySourceGeneratorLoggingGen2Tests.Generate_GivenMethodWithLogPropertyAndExpandEnumerable_GeneratesDiagnostic#ObservableGaugeAttribute.g.verified.cs
  - Received: TelemetrySourceGeneratorLoggingGen2Tests.Generate_GivenMethodWithLogPropertyAndExpandEnumerable_GeneratesDiagnostic#ObservableUpDownCounterAttribute.g.received.cs
    Verified: TelemetrySourceGeneratorLoggingGen2Tests.Generate_GivenMethodWithLogPropertyAndExpandEnumerable_GeneratesDiagnostic#ObservableUpDownCounterAttribute.g.verified.cs
  - Received: TelemetrySourceGeneratorLoggingGen2Tests.Generate_GivenMethodWithLogPropertyAndExpandEnumerable_GeneratesDiagnostic#StatusDescriptionAttribute.g.received.cs
    Verified: TelemetrySourceGeneratorLoggingGen2Tests.Generate_GivenMethodWithLogPropertyAndExpandEnumerable_GeneratesDiagnostic#StatusDescriptionAttribute.g.verified.cs
  - Received: TelemetrySourceGeneratorLoggingGen2Tests.Generate_GivenMethodWithLogPropertyAndExpandEnumerable_GeneratesDiagnostic#TagAttribute.g.received.cs
    Verified: TelemetrySourceGeneratorLoggingGen2Tests.Generate_GivenMethodWithLogPropertyAndExpandEnumerable_GeneratesDiagnostic#TagAttribute.g.verified.cs
  - Received: TelemetrySourceGeneratorLoggingGen2Tests.Generate_GivenMethodWithLogPropertyAndExpandEnumerable_GeneratesDiagnostic#Targets.g.received.cs
    Verified: TelemetrySourceGeneratorLoggingGen2Tests.Generate_GivenMethodWithLogPropertyAndExpandEnumerable_GeneratesDiagnostic#Targets.g.verified.cs
  - Received: TelemetrySourceGeneratorLoggingGen2Tests.Generate_GivenMethodWithLogPropertyAndExpandEnumerable_GeneratesDiagnostic#TelemetryGenerationAttribute.g.received.cs
    Verified: TelemetrySourceGeneratorLoggingGen2Tests.Generate_GivenMethodWithLogPropertyAndExpandEnumerable_GeneratesDiagnostic#TelemetryGenerationAttribute.g.verified.cs
  - Received: TelemetrySourceGeneratorLoggingGen2Tests.Generate_GivenMethodWithLogPropertyAndExpandEnumerable_GeneratesDiagnostic#Testing.TestLoggerCore.Logging.g.received.cs
    Verified: TelemetrySourceGeneratorLoggingGen2Tests.Generate_GivenMethodWithLogPropertyAndExpandEnumerable_GeneratesDiagnostic#Testing.TestLoggerCore.Logging.g.verified.cs
  - Received: TelemetrySourceGeneratorLoggingGen2Tests.Generate_GivenMethodWithLogPropertyAndExpandEnumerable_GeneratesDiagnostic#TraceAttribute.g.received.cs
    Verified: TelemetrySourceGeneratorLoggingGen2Tests.Generate_GivenMethodWithLogPropertyAndExpandEnumerable_GeneratesDiagnostic#TraceAttribute.g.verified.cs
  - Received: TelemetrySourceGeneratorLoggingGen2Tests.Generate_GivenMethodWithLogPropertyAndExpandEnumerable_GeneratesDiagnostic#UpDownCounterAttribute.g.received.cs
    Verified: TelemetrySourceGeneratorLoggingGen2Tests.Generate_GivenMethodWithLogPropertyAndExpandEnumerable_GeneratesDiagnostic#UpDownCounterAttribute.g.verified.cs
  - Received: TelemetrySourceGeneratorLoggingGen2Tests.Generate_GivenMethodWithLogPropertyAndExpandEnumerable_GeneratesDiagnostic#WarningAttribute.g.received.cs
    Verified: TelemetrySourceGeneratorLoggingGen2Tests.Generate_GivenMethodWithLogPropertyAndExpandEnumerable_GeneratesDiagnostic#WarningAttribute.g.verified.cs

  from P:\GitHub\kjldev\purview-telemetry-sourcegenerator\src\Purview.Telemetry.SourceGenerator.IntegrationTests\bin\Release\net10.0\Purview.Telemetry.SourceGenerator.IntegrationTests.dll (net10.0|x64)
  TUnit.Engine.Exceptions.TestFailedException: [Test Failure] VerifyException: Directory: P:\GitHub\kjldev\purview-telemetry-sourcegenerator\src\Purview.Telemetry.SourceGenerator.IntegrationTests\Snapshots
  Delete:
    - TelemetrySourceGeneratorLoggingGen2Tests.Generate_GivenMethodWithLogPropertyAndExpandEnumerable_GeneratesDiagnostic.verified.txt
  Equal:
    - Received: TelemetrySourceGeneratorLoggingGen2Tests.Generate_GivenMethodWithLogPropertyAndExpandEnumerable_GeneratesDiagnostic#ActivityAttribute.g.received.cs
      Verified: TelemetrySourceGeneratorLoggingGen2Tests.Generate_GivenMethodWithLogPropertyAndExpandEnumerable_GeneratesDiagnostic#ActivityAttribute.g.verified.cs
    - Received: TelemetrySourceGeneratorLoggingGen2Tests.Generate_GivenMethodWithLogPropertyAndExpandEnumerable_GeneratesDiagnostic#ActivitySourceAttribute.g.received.cs
      Verified: TelemetrySourceGeneratorLoggingGen2Tests.Generate_GivenMethodWithLogPropertyAndExpandEnumerable_GeneratesDiagnostic#ActivitySourceAttribute.g.verified.cs
    - Received: TelemetrySourceGeneratorLoggingGen2Tests.Generate_GivenMethodWithLogPropertyAndExpandEnumerable_GeneratesDiagnostic#ActivitySourceGenerationAttribute.g.received.cs
      Verified: TelemetrySourceGeneratorLoggingGen2Tests.Generate_GivenMethodWithLogPropertyAndExpandEnumerable_GeneratesDiagnostic#ActivitySourceGenerationAttribute.g.verified.cs
    - Received: TelemetrySourceGeneratorLoggingGen2Tests.Generate_GivenMethodWithLogPropertyAndExpandEnumerable_GeneratesDiagnostic#AutoCounterAttribute.g.received.cs
      Verified: TelemetrySourceGeneratorLoggingGen2Tests.Generate_GivenMethodWithLogPropertyAndExpandEnumerable_GeneratesDiagnostic#AutoCounterAttribute.g.verified.cs
    - Received: TelemetrySourceGeneratorLoggingGen2Tests.Generate_GivenMethodWithLogPropertyAndExpandEnumerable_GeneratesDiagnostic#BaggageAttribute.g.received.cs
      Verified: TelemetrySourceGeneratorLoggingGen2Tests.Generate_GivenMethodWithLogPropertyAndExpandEnumerable_GeneratesDiagnostic#BaggageAttribute.g.verified.cs
    - Received: TelemetrySourceGeneratorLoggingGen2Tests.Generate_GivenMethodWithLogPropertyAndExpandEnumerable_GeneratesDiagnostic#ContextAttribute.g.received.cs
      Verified: TelemetrySourceGeneratorLoggingGen2Tests.Generate_GivenMethodWithLogPropertyAndExpandEnumerable_GeneratesDiagnostic#ContextAttribute.g.verified.cs
    - Received: TelemetrySourceGeneratorLoggingGen2Tests.Generate_GivenMethodWithLogPropertyAndExpandEnumerable_GeneratesDiagnostic#CounterAttribute.g.received.cs
      Verified: TelemetrySourceGeneratorLoggingGen2Tests.Generate_GivenMethodWithLogPropertyAndExpandEnumerable_GeneratesDiagnostic#CounterAttribute.g.verified.cs
    - Received: TelemetrySourceGeneratorLoggingGen2Tests.Generate_GivenMethodWithLogPropertyAndExpandEnumerable_GeneratesDiagnostic#CriticalAttribute.g.received.cs
      Verified: TelemetrySourceGeneratorLoggingGen2Tests.Generate_GivenMethodWithLogPropertyAndExpandEnumerable_GeneratesDiagnostic#CriticalAttribute.g.verified.cs
    - Received: TelemetrySourceGeneratorLoggingGen2Tests.Generate_GivenMethodWithLogPropertyAndExpandEnumerable_GeneratesDiagnostic#DebugAttribute.g.received.cs
      Verified: TelemetrySourceGeneratorLoggingGen2Tests.Generate_GivenMethodWithLogPropertyAndExpandEnumerable_GeneratesDiagnostic#DebugAttribute.g.verified.cs
    - Received: TelemetrySourceGeneratorLoggingGen2Tests.Generate_GivenMethodWithLogPropertyAndExpandEnumerable_GeneratesDiagnostic#ErrorAttribute.g.received.cs
      Verified: TelemetrySourceGeneratorLoggingGen2Tests.Generate_GivenMethodWithLogPropertyAndExpandEnumerable_GeneratesDiagnostic#ErrorAttribute.g.verified.cs
    - Received: TelemetrySourceGeneratorLoggingGen2Tests.Generate_GivenMethodWithLogPropertyAndExpandEnumerable_GeneratesDiagnostic#EscapeAttribute.g.received.cs
      Verified: TelemetrySourceGeneratorLoggingGen2Tests.Generate_GivenMethodWithLogPropertyAndExpandEnumerable_GeneratesDiagnostic#EscapeAttribute.g.verified.cs
    - Received: TelemetrySourceGeneratorLoggingGen2Tests.Generate_GivenMethodWithLogPropertyAndExpandEnumerable_GeneratesDiagnostic#EventAttribute.g.received.cs
      Verified: TelemetrySourceGeneratorLoggingGen2Tests.Generate_GivenMethodWithLogPropertyAndExpandEnumerable_GeneratesDiagnostic#EventAttribute.g.verified.cs
    - Received: TelemetrySourceGeneratorLoggingGen2Tests.Generate_GivenMethodWithLogPropertyAndExpandEnumerable_GeneratesDiagnostic#ExcludeAttribute.g.received.cs
      Verified: TelemetrySourceGeneratorLoggingGen2Tests.Generate_GivenMethodWithLogPropertyAndExpandEnumerable_GeneratesDiagnostic#ExcludeAttribute.g.verified.cs
    - Received: TelemetrySourceGeneratorLoggingGen2Tests.Generate_GivenMethodWithLogPropertyAndExpandEnumerable_GeneratesDiagnostic#ExcludeTargetsAttribute.g.received.cs
      Verified: TelemetrySourceGeneratorLoggingGen2Tests.Generate_GivenMethodWithLogPropertyAndExpandEnumerable_GeneratesDiagnostic#ExcludeTargetsAttribute.g.verified.cs
    - Received: TelemetrySourceGeneratorLoggingGen2Tests.Generate_GivenMethodWithLogPropertyAndExpandEnumerable_GeneratesDiagnostic#ExpandEnumerableAttribute.g.received.cs
      Verified: TelemetrySourceGeneratorLoggingGen2Tests.Generate_GivenMethodWithLogPropertyAndExpandEnumerable_GeneratesDiagnostic#ExpandEnumerableAttribute.g.verified.cs
    - Received: TelemetrySourceGeneratorLoggingGen2Tests.Generate_GivenMethodWithLogPropertyAndExpandEnumerable_GeneratesDiagnostic#HistogramAttribute.g.received.cs
      Verified: TelemetrySourceGeneratorLoggingGen2Tests.Generate_GivenMethodWithLogPropertyAndExpandEnumerable_GeneratesDiagnostic#HistogramAttribute.g.verified.cs
    - Received: TelemetrySourceGeneratorLoggingGen2Tests.Generate_GivenMethodWithLogPropertyAndExpandEnumerable_GeneratesDiagnostic#InfoAttribute.g.received.cs
      Verified: TelemetrySourceGeneratorLoggingGen2Tests.Generate_GivenMethodWithLogPropertyAndExpandEnumerable_GeneratesDiagnostic#InfoAttribute.g.verified.cs
    - Received: TelemetrySourceGeneratorLoggingGen2Tests.Generate_GivenMethodWithLogPropertyAndExpandEnumerable_GeneratesDiagnostic#InstrumentMeasurementAttribute.g.received.cs
      Verified: TelemetrySourceGeneratorLoggingGen2Tests.Generate_GivenMethodWithLogPropertyAndExpandEnumerable_GeneratesDiagnostic#InstrumentMeasurementAttribute.g.verified.cs
    - Received: TelemetrySourceGeneratorLoggingGen2Tests.Generate_GivenMethodWithLogPropertyAndExpandEnumerable_GeneratesDiagnostic#LogAttribute.g.received.cs
      Verified: TelemetrySourceGeneratorLoggingGen2Tests.Generate_GivenMethodWithLogPropertyAndExpandEnumerable_GeneratesDiagnostic#LogAttribute.g.verified.cs
    - Received: TelemetrySourceGeneratorLoggingGen2Tests.Generate_GivenMethodWithLogPropertyAndExpandEnumerable_GeneratesDiagnostic#LoggerAttribute.g.received.cs
      Verified: TelemetrySourceGeneratorLoggingGen2Tests.Generate_GivenMethodWithLogPropertyAndExpandEnumerable_GeneratesDiagnostic#LoggerAttribute.g.verified.cs
    - Received: TelemetrySourceGeneratorLoggingGen2Tests.Generate_GivenMethodWithLogPropertyAndExpandEnumerable_GeneratesDiagnostic#LoggerGenerationAttribute.g.received.cs
      Verified: TelemetrySourceGeneratorLoggingGen2Tests.Generate_GivenMethodWithLogPropertyAndExpandEnumerable_GeneratesDiagnostic#LoggerGenerationAttribute.g.verified.cs
    - Received: TelemetrySourceGeneratorLoggingGen2Tests.Generate_GivenMethodWithLogPropertyAndExpandEnumerable_GeneratesDiagnostic#LoggerGenerationMode.g.received.cs
      Verified: TelemetrySourceGeneratorLoggingGen2Tests.Generate_GivenMethodWithLogPropertyAndExpandEnumerable_GeneratesDiagnostic#LoggerGenerationMode.g.verified.cs
    - Received: TelemetrySourceGeneratorLoggingGen2Tests.Generate_GivenMethodWithLogPropertyAndExpandEnumerable_GeneratesDiagnostic#LogPrefixType.g.received.cs
      Verified: TelemetrySourceGeneratorLoggingGen2Tests.Generate_GivenMethodWithLogPropertyAndExpandEnumerable_GeneratesDiagnostic#LogPrefixType.g.verified.cs
    - Received: TelemetrySourceGeneratorLoggingGen2Tests.Generate_GivenMethodWithLogPropertyAndExpandEnumerable_GeneratesDiagnostic#MeterAttribute.g.received.cs
      Verified: TelemetrySourceGeneratorLoggingGen2Tests.Generate_GivenMethodWithLogPropertyAndExpandEnumerable_GeneratesDiagnostic#MeterAttribute.g.verified.cs
    - Received: TelemetrySourceGeneratorLoggingGen2Tests.Generate_GivenMethodWithLogPropertyAndExpandEnumerable_GeneratesDiagnostic#MeterGenerationAttribute.g.received.cs
      Verified: TelemetrySourceGeneratorLoggingGen2Tests.Generate_GivenMethodWithLogPropertyAndExpandEnumerable_GeneratesDiagnostic#MeterGenerationAttribute.g.verified.cs
    - Received: TelemetrySourceGeneratorLoggingGen2Tests.Generate_GivenMethodWithLogPropertyAndExpandEnumerable_GeneratesDiagnostic#MeterNameGenerationType.g.received.cs
      Verified: TelemetrySourceGeneratorLoggingGen2Tests.Generate_GivenMethodWithLogPropertyAndExpandEnumerable_GeneratesDiagnostic#MeterNameGenerationType.g.verified.cs
    - Received: TelemetrySourceGeneratorLoggingGen2Tests.Generate_GivenMethodWithLogPropertyAndExpandEnumerable_GeneratesDiagnostic#NamingConvention.g.received.cs
      Verified: TelemetrySourceGeneratorLoggingGen2Tests.Generate_GivenMethodWithLogPropertyAndExpandEnumerable_GeneratesDiagnostic#NamingConvention.g.verified.cs
    - Received: TelemetrySourceGeneratorLoggingGen2Tests.Generate_GivenMethodWithLogPropertyAndExpandEnumerable_GeneratesDiagnostic#ObservableCounterAttribute.g.received.cs
      Verified: TelemetrySourceGeneratorLoggingGen2Tests.Generate_GivenMethodWithLogPropertyAndExpandEnumerable_GeneratesDiagnostic#ObservableCounterAttribute.g.verified.cs
    - Received: TelemetrySourceGeneratorLoggingGen2Tests.Generate_GivenMethodWithLogPropertyAndExpandEnumerable_GeneratesDiagnostic#ObservableGaugeAttribute.g.received.cs
      Verified: TelemetrySourceGeneratorLoggingGen2Tests.Generate_GivenMethodWithLogPropertyAndExpandEnumerable_GeneratesDiagnostic#ObservableGaugeAttribute.g.verified.cs
    - Received: TelemetrySourceGeneratorLoggingGen2Tests.Generate_GivenMethodWithLogPropertyAndExpandEnumerable_GeneratesDiagnostic#ObservableUpDownCounterAttribute.g.received.cs
      Verified: TelemetrySourceGeneratorLoggingGen2Tests.Generate_GivenMethodWithLogPropertyAndExpandEnumerable_GeneratesDiagnostic#ObservableUpDownCounterAttribute.g.verified.cs
    - Received: TelemetrySourceGeneratorLoggingGen2Tests.Generate_GivenMethodWithLogPropertyAndExpandEnumerable_GeneratesDiagnostic#StatusDescriptionAttribute.g.received.cs
      Verified: TelemetrySourceGeneratorLoggingGen2Tests.Generate_GivenMethodWithLogPropertyAndExpandEnumerable_GeneratesDiagnostic#StatusDescriptionAttribute.g.verified.cs
    - Received: TelemetrySourceGeneratorLoggingGen2Tests.Generate_GivenMethodWithLogPropertyAndExpandEnumerable_GeneratesDiagnostic#TagAttribute.g.received.cs
      Verified: TelemetrySourceGeneratorLoggingGen2Tests.Generate_GivenMethodWithLogPropertyAndExpandEnumerable_GeneratesDiagnostic#TagAttribute.g.verified.cs
    - Received: TelemetrySourceGeneratorLoggingGen2Tests.Generate_GivenMethodWithLogPropertyAndExpandEnumerable_GeneratesDiagnostic#Targets.g.received.cs
      Verified: TelemetrySourceGeneratorLoggingGen2Tests.Generate_GivenMethodWithLogPropertyAndExpandEnumerable_GeneratesDiagnostic#Targets.g.verified.cs
    - Received: TelemetrySourceGeneratorLoggingGen2Tests.Generate_GivenMethodWithLogPropertyAndExpandEnumerable_GeneratesDiagnostic#TelemetryGenerationAttribute.g.received.cs
      Verified: TelemetrySourceGeneratorLoggingGen2Tests.Generate_GivenMethodWithLogPropertyAndExpandEnumerable_GeneratesDiagnostic#TelemetryGenerationAttribute.g.verified.cs
    - Received: TelemetrySourceGeneratorLoggingGen2Tests.Generate_GivenMethodWithLogPropertyAndExpandEnumerable_GeneratesDiagnostic#Testing.TestLoggerCore.Logging.g.received.cs
      Verified: TelemetrySourceGeneratorLoggingGen2Tests.Generate_GivenMethodWithLogPropertyAndExpandEnumerable_GeneratesDiagnostic#Testing.TestLoggerCore.Logging.g.verified.cs
    - Received: TelemetrySourceGeneratorLoggingGen2Tests.Generate_GivenMethodWithLogPropertyAndExpandEnumerable_GeneratesDiagnostic#TraceAttribute.g.received.cs
      Verified: TelemetrySourceGeneratorLoggingGen2Tests.Generate_GivenMethodWithLogPropertyAndExpandEnumerable_GeneratesDiagnostic#TraceAttribute.g.verified.cs
    - Received: TelemetrySourceGeneratorLoggingGen2Tests.Generate_GivenMethodWithLogPropertyAndExpandEnumerable_GeneratesDiagnostic#UpDownCounterAttribute.g.received.cs
      Verified: TelemetrySourceGeneratorLoggingGen2Tests.Generate_GivenMethodWithLogPropertyAndExpandEnumerable_GeneratesDiagnostic#UpDownCounterAttribute.g.verified.cs
    - Received: TelemetrySourceGeneratorLoggingGen2Tests.Generate_GivenMethodWithLogPropertyAndExpandEnumerable_GeneratesDiagnostic#WarningAttribute.g.received.cs
      Verified: TelemetrySourceGeneratorLoggingGen2Tests.Generate_GivenMethodWithLogPropertyAndExpandEnumerable_GeneratesDiagnostic#WarningAttribute.g.verified.cs
  
  Standard output
    DBG: --- Adding templates.
    DBG: Adding ActivitySourceGenerationAttribute as ActivitySourceGenerationAttribute.g.cs.
    DBG: Adding ActivitySourceAttribute as ActivitySourceAttribute.g.cs.
    DBG: Adding ActivityAttribute as ActivityAttribute.g.cs.
    DBG: Adding EventAttribute as EventAttribute.g.cs.
    DBG: Adding ContextAttribute as ContextAttribute.g.cs.
    DBG: Adding BaggageAttribute as BaggageAttribute.g.cs.
    DBG: Adding EscapeAttribute as EscapeAttribute.g.cs.
    DBG: Adding StatusDescriptionAttribute as StatusDescriptionAttribute.g.cs.
    DBG: Adding LoggerGenerationAttribute as LoggerGenerationAttribute.g.cs.
    DBG: Adding LoggerAttribute as LoggerAttribute.g.cs.
    DBG: Adding LogAttribute as LogAttribute.g.cs.
    DBG: Adding LogPrefixType as LogPrefixType.g.cs.
    DBG: Adding LoggerGenerationMode as LoggerGenerationMode.g.cs.
    DBG: Adding ExpandEnumerableAttribute as ExpandEnumerableAttribute.g.cs.
    DBG: Adding TraceAttribute as TraceAttribute.g.cs.
    DBG: Adding DebugAttribute as DebugAttribute.g.cs.
    DBG: Adding InfoAttribute as InfoAttribute.g.cs.
    DBG: Adding WarningAttribute as WarningAttribute.g.cs.
    DBG: Adding ErrorAttribute as ErrorAttribute.g.cs.
    DBG: Adding CriticalAttribute as CriticalAttribute.g.cs.
    DBG: Adding MeterGenerationAttribute as MeterGenerationAttribute.g.cs.
    DBG: Adding MeterAttribute as MeterAttribute.g.cs.
    DBG: Adding MeterNameGenerationType as MeterNameGenerationType.g.cs.
    DBG: Adding InstrumentMeasurementAttribute as InstrumentMeasurementAttribute.g.cs.
    DBG: Adding AutoCounterAttribute as AutoCounterAttribute.g.cs.
    DBG: Adding CounterAttribute as CounterAttribute.g.cs.
    DBG: Adding UpDownCounterAttribute as UpDownCounterAttribute.g.cs.
    DBG: Adding HistogramAttribute as HistogramAttribute.g.cs.
    DBG: Adding ObservableCounterAttribute as ObservableCounterAttribute.g.cs.
    DBG: Adding ObservableGaugeAttribute as ObservableGaugeAttribute.g.cs.
    DBG: Adding ObservableUpDownCounterAttribute as ObservableUpDownCounterAttribute.g.cs.
    DBG: Adding TagAttribute as TagAttribute.g.cs.
    DBG: Adding ExcludeAttribute as ExcludeAttribute.g.cs.
    DBG: Adding TelemetryGenerationAttribute as TelemetryGenerationAttribute.g.cs.
    DBG: Adding Targets as Targets.g.cs.
    DBG: Adding NamingConvention as NamingConvention.g.cs.
    DBG: Adding ExcludeTargetsAttribute as ExcludeTargetsAttribute.g.cs.
    DBG: --- Finished adding templates.
    DBG: Found attribute: Purview.Telemetry.LoggerAttribute
    DBG: Found attribute: Purview.Telemetry.TelemetryGenerationAttribute(GenerateDependencyExtension = false)
    DBG: Found method ITestLogger.LogWeather.
    DBG: Found attribute: Microsoft.Extensions.Logging.LogPropertiesAttribute
    DBG: Found attribute: Purview.Telemetry.ExpandEnumerableAttribute(5)
    DBG: Found 0 parameter(s) for LogWeather.
    DBG: Logger generation target: Testing.TestLoggerCore
    DBG: Generating MS Gen-based logging class for: Testing.TestLoggerCore
    DBG: Skipping dependency injection emit.
    
  Error output
failed Generate_GivenMethodWithExpandableAndHighMaxCount_GeneratesDiagnostic(2147483647) (6s 219ms)
  [Test Failure] VerifyException: Directory: P:\GitHub\kjldev\purview-telemetry-sourcegenerator\src\Purview.Telemetry.SourceGenerator.IntegrationTests\Snapshots
Delete:
  - TelemetrySourceGeneratorLoggingGen2Tests.Generate_GivenMethodWithExpandableAndHighMaxCount_GeneratesDiagnostic_zyD3sscUZxgZUl7qDV_nunYWlyKonimpihYjmv-y-N8.verified.txt
Equal:
  - Received: TelemetrySourceGeneratorLoggingGen2Tests.Generate_GivenMethodWithExpandableAndHighMaxCount_GeneratesDiagnostic_zyD3sscUZxgZUl7qDV_nunYWlyKonimpihYjmv-y-N8#ActivityAttribute.g.received.cs
    Verified: TelemetrySourceGeneratorLoggingGen2Tests.Generate_GivenMethodWithExpandableAndHighMaxCount_GeneratesDiagnostic_zyD3sscUZxgZUl7qDV_nunYWlyKonimpihYjmv-y-N8#ActivityAttribute.g.verified.cs
  - Received: TelemetrySourceGeneratorLoggingGen2Tests.Generate_GivenMethodWithExpandableAndHighMaxCount_GeneratesDiagnostic_zyD3sscUZxgZUl7qDV_nunYWlyKonimpihYjmv-y-N8#ActivitySourceAttribute.g.received.cs
    Verified: TelemetrySourceGeneratorLoggingGen2Tests.Generate_GivenMethodWithExpandableAndHighMaxCount_GeneratesDiagnostic_zyD3sscUZxgZUl7qDV_nunYWlyKonimpihYjmv-y-N8#ActivitySourceAttribute.g.verified.cs
  - Received: TelemetrySourceGeneratorLoggingGen2Tests.Generate_GivenMethodWithExpandableAndHighMaxCount_GeneratesDiagnostic_zyD3sscUZxgZUl7qDV_nunYWlyKonimpihYjmv-y-N8#ActivitySourceGenerationAttribute.g.received.cs
    Verified: TelemetrySourceGeneratorLoggingGen2Tests.Generate_GivenMethodWithExpandableAndHighMaxCount_GeneratesDiagnostic_zyD3sscUZxgZUl7qDV_nunYWlyKonimpihYjmv-y-N8#ActivitySourceGenerationAttribute.g.verified.cs
  - Received: TelemetrySourceGeneratorLoggingGen2Tests.Generate_GivenMethodWithExpandableAndHighMaxCount_GeneratesDiagnostic_zyD3sscUZxgZUl7qDV_nunYWlyKonimpihYjmv-y-N8#AutoCounterAttribute.g.received.cs
    Verified: TelemetrySourceGeneratorLoggingGen2Tests.Generate_GivenMethodWithExpandableAndHighMaxCount_GeneratesDiagnostic_zyD3sscUZxgZUl7qDV_nunYWlyKonimpihYjmv-y-N8#AutoCounterAttribute.g.verified.cs
  - Received: TelemetrySourceGeneratorLoggingGen2Tests.Generate_GivenMethodWithExpandableAndHighMaxCount_GeneratesDiagnostic_zyD3sscUZxgZUl7qDV_nunYWlyKonimpihYjmv-y-N8#BaggageAttribute.g.received.cs
    Verified: TelemetrySourceGeneratorLoggingGen2Tests.Generate_GivenMethodWithExpandableAndHighMaxCount_GeneratesDiagnostic_zyD3sscUZxgZUl7qDV_nunYWlyKonimpihYjmv-y-N8#BaggageAttribute.g.verified.cs
  - Received: TelemetrySourceGeneratorLoggingGen2Tests.Generate_GivenMethodWithExpandableAndHighMaxCount_GeneratesDiagnostic_zyD3sscUZxgZUl7qDV_nunYWlyKonimpihYjmv-y-N8#ContextAttribute.g.received.cs
    Verified: TelemetrySourceGeneratorLoggingGen2Tests.Generate_GivenMethodWithExpandableAndHighMaxCount_GeneratesDiagnostic_zyD3sscUZxgZUl7qDV_nunYWlyKonimpihYjmv-y-N8#ContextAttribute.g.verified.cs
  - Received: TelemetrySourceGeneratorLoggingGen2Tests.Generate_GivenMethodWithExpandableAndHighMaxCount_GeneratesDiagnostic_zyD3sscUZxgZUl7qDV_nunYWlyKonimpihYjmv-y-N8#CounterAttribute.g.received.cs
    Verified: TelemetrySourceGeneratorLoggingGen2Tests.Generate_GivenMethodWithExpandableAndHighMaxCount_GeneratesDiagnostic_zyD3sscUZxgZUl7qDV_nunYWlyKonimpihYjmv-y-N8#CounterAttribute.g.verified.cs
  - Received: TelemetrySourceGeneratorLoggingGen2Tests.Generate_GivenMethodWithExpandableAndHighMaxCount_GeneratesDiagnostic_zyD3sscUZxgZUl7qDV_nunYWlyKonimpihYjmv-y-N8#CriticalAttribute.g.received.cs
    Verified: TelemetrySourceGeneratorLoggingGen2Tests.Generate_GivenMethodWithExpandableAndHighMaxCount_GeneratesDiagnostic_zyD3sscUZxgZUl7qDV_nunYWlyKonimpihYjmv-y-N8#CriticalAttribute.g.verified.cs
  - Received: TelemetrySourceGeneratorLoggingGen2Tests.Generate_GivenMethodWithExpandableAndHighMaxCount_GeneratesDiagnostic_zyD3sscUZxgZUl7qDV_nunYWlyKonimpihYjmv-y-N8#DebugAttribute.g.received.cs
    Verified: TelemetrySourceGeneratorLoggingGen2Tests.Generate_GivenMethodWithExpandableAndHighMaxCount_GeneratesDiagnostic_zyD3sscUZxgZUl7qDV_nunYWlyKonimpihYjmv-y-N8#DebugAttribute.g.verified.cs
  - Received: TelemetrySourceGeneratorLoggingGen2Tests.Generate_GivenMethodWithExpandableAndHighMaxCount_GeneratesDiagnostic_zyD3sscUZxgZUl7qDV_nunYWlyKonimpihYjmv-y-N8#ErrorAttribute.g.received.cs
    Verified: TelemetrySourceGeneratorLoggingGen2Tests.Generate_GivenMethodWithExpandableAndHighMaxCount_GeneratesDiagnostic_zyD3sscUZxgZUl7qDV_nunYWlyKonimpihYjmv-y-N8#ErrorAttribute.g.verified.cs
  - Received: TelemetrySourceGeneratorLoggingGen2Tests.Generate_GivenMethodWithExpandableAndHighMaxCount_GeneratesDiagnostic_zyD3sscUZxgZUl7qDV_nunYWlyKonimpihYjmv-y-N8#EscapeAttribute.g.received.cs
    Verified: TelemetrySourceGeneratorLoggingGen2Tests.Generate_GivenMethodWithExpandableAndHighMaxCount_GeneratesDiagnostic_zyD3sscUZxgZUl7qDV_nunYWlyKonimpihYjmv-y-N8#EscapeAttribute.g.verified.cs
  - Received: TelemetrySourceGeneratorLoggingGen2Tests.Generate_GivenMethodWithExpandableAndHighMaxCount_GeneratesDiagnostic_zyD3sscUZxgZUl7qDV_nunYWlyKonimpihYjmv-y-N8#EventAttribute.g.received.cs
    Verified: TelemetrySourceGeneratorLoggingGen2Tests.Generate_GivenMethodWithExpandableAndHighMaxCount_GeneratesDiagnostic_zyD3sscUZxgZUl7qDV_nunYWlyKonimpihYjmv-y-N8#EventAttribute.g.verified.cs
  - Received: TelemetrySourceGeneratorLoggingGen2Tests.Generate_GivenMethodWithExpandableAndHighMaxCount_GeneratesDiagnostic_zyD3sscUZxgZUl7qDV_nunYWlyKonimpihYjmv-y-N8#ExcludeAttribute.g.received.cs
    Verified: TelemetrySourceGeneratorLoggingGen2Tests.Generate_GivenMethodWithExpandableAndHighMaxCount_GeneratesDiagnostic_zyD3sscUZxgZUl7qDV_nunYWlyKonimpihYjmv-y-N8#ExcludeAttribute.g.verified.cs
  - Received: TelemetrySourceGeneratorLoggingGen2Tests.Generate_GivenMethodWithExpandableAndHighMaxCount_GeneratesDiagnostic_zyD3sscUZxgZUl7qDV_nunYWlyKonimpihYjmv-y-N8#ExcludeTargetsAttribute.g.received.cs
    Verified: TelemetrySourceGeneratorLoggingGen2Tests.Generate_GivenMethodWithExpandableAndHighMaxCount_GeneratesDiagnostic_zyD3sscUZxgZUl7qDV_nunYWlyKonimpihYjmv-y-N8#ExcludeTargetsAttribute.g.verified.cs
  - Received: TelemetrySourceGeneratorLoggingGen2Tests.Generate_GivenMethodWithExpandableAndHighMaxCount_GeneratesDiagnostic_zyD3sscUZxgZUl7qDV_nunYWlyKonimpihYjmv-y-N8#ExpandEnumerableAttribute.g.received.cs
    Verified: TelemetrySourceGeneratorLoggingGen2Tests.Generate_GivenMethodWithExpandableAndHighMaxCount_GeneratesDiagnostic_zyD3sscUZxgZUl7qDV_nunYWlyKonimpihYjmv-y-N8#ExpandEnumerableAttribute.g.verified.cs
  - Received: TelemetrySourceGeneratorLoggingGen2Tests.Generate_GivenMethodWithExpandableAndHighMaxCount_GeneratesDiagnostic_zyD3sscUZxgZUl7qDV_nunYWlyKonimpihYjmv-y-N8#HistogramAttribute.g.received.cs
    Verified: TelemetrySourceGeneratorLoggingGen2Tests.Generate_GivenMethodWithExpandableAndHighMaxCount_GeneratesDiagnostic_zyD3sscUZxgZUl7qDV_nunYWlyKonimpihYjmv-y-N8#HistogramAttribute.g.verified.cs
  - Received: TelemetrySourceGeneratorLoggingGen2Tests.Generate_GivenMethodWithExpandableAndHighMaxCount_GeneratesDiagnostic_zyD3sscUZxgZUl7qDV_nunYWlyKonimpihYjmv-y-N8#InfoAttribute.g.received.cs
    Verified: TelemetrySourceGeneratorLoggingGen2Tests.Generate_GivenMethodWithExpandableAndHighMaxCount_GeneratesDiagnostic_zyD3sscUZxgZUl7qDV_nunYWlyKonimpihYjmv-y-N8#InfoAttribute.g.verified.cs
  - Received: TelemetrySourceGeneratorLoggingGen2Tests.Generate_GivenMethodWithExpandableAndHighMaxCount_GeneratesDiagnostic_zyD3sscUZxgZUl7qDV_nunYWlyKonimpihYjmv-y-N8#InstrumentMeasurementAttribute.g.received.cs
    Verified: TelemetrySourceGeneratorLoggingGen2Tests.Generate_GivenMethodWithExpandableAndHighMaxCount_GeneratesDiagnostic_zyD3sscUZxgZUl7qDV_nunYWlyKonimpihYjmv-y-N8#InstrumentMeasurementAttribute.g.verified.cs
  - Received: TelemetrySourceGeneratorLoggingGen2Tests.Generate_GivenMethodWithExpandableAndHighMaxCount_GeneratesDiagnostic_zyD3sscUZxgZUl7qDV_nunYWlyKonimpihYjmv-y-N8#LogAttribute.g.received.cs
    Verified: TelemetrySourceGeneratorLoggingGen2Tests.Generate_GivenMethodWithExpandableAndHighMaxCount_GeneratesDiagnostic_zyD3sscUZxgZUl7qDV_nunYWlyKonimpihYjmv-y-N8#LogAttribute.g.verified.cs
  - Received: TelemetrySourceGeneratorLoggingGen2Tests.Generate_GivenMethodWithExpandableAndHighMaxCount_GeneratesDiagnostic_zyD3sscUZxgZUl7qDV_nunYWlyKonimpihYjmv-y-N8#LoggerAttribute.g.received.cs
    Verified: TelemetrySourceGeneratorLoggingGen2Tests.Generate_GivenMethodWithExpandableAndHighMaxCount_GeneratesDiagnostic_zyD3sscUZxgZUl7qDV_nunYWlyKonimpihYjmv-y-N8#LoggerAttribute.g.verified.cs
  - Received: TelemetrySourceGeneratorLoggingGen2Tests.Generate_GivenMethodWithExpandableAndHighMaxCount_GeneratesDiagnostic_zyD3sscUZxgZUl7qDV_nunYWlyKonimpihYjmv-y-N8#LoggerGenerationAttribute.g.received.cs
    Verified: TelemetrySourceGeneratorLoggingGen2Tests.Generate_GivenMethodWithExpandableAndHighMaxCount_GeneratesDiagnostic_zyD3sscUZxgZUl7qDV_nunYWlyKonimpihYjmv-y-N8#LoggerGenerationAttribute.g.verified.cs
  - Received: TelemetrySourceGeneratorLoggingGen2Tests.Generate_GivenMethodWithExpandableAndHighMaxCount_GeneratesDiagnostic_zyD3sscUZxgZUl7qDV_nunYWlyKonimpihYjmv-y-N8#LoggerGenerationMode.g.received.cs
    Verified: TelemetrySourceGeneratorLoggingGen2Tests.Generate_GivenMethodWithExpandableAndHighMaxCount_GeneratesDiagnostic_zyD3sscUZxgZUl7qDV_nunYWlyKonimpihYjmv-y-N8#LoggerGenerationMode.g.verified.cs
  - Received: TelemetrySourceGeneratorLoggingGen2Tests.Generate_GivenMethodWithExpandableAndHighMaxCount_GeneratesDiagnostic_zyD3sscUZxgZUl7qDV_nunYWlyKonimpihYjmv-y-N8#LogPrefixType.g.received.cs
    Verified: TelemetrySourceGeneratorLoggingGen2Tests.Generate_GivenMethodWithExpandableAndHighMaxCount_GeneratesDiagnostic_zyD3sscUZxgZUl7qDV_nunYWlyKonimpihYjmv-y-N8#LogPrefixType.g.verified.cs
  - Received: TelemetrySourceGeneratorLoggingGen2Tests.Generate_GivenMethodWithExpandableAndHighMaxCount_GeneratesDiagnostic_zyD3sscUZxgZUl7qDV_nunYWlyKonimpihYjmv-y-N8#MeterAttribute.g.received.cs
    Verified: TelemetrySourceGeneratorLoggingGen2Tests.Generate_GivenMethodWithExpandableAndHighMaxCount_GeneratesDiagnostic_zyD3sscUZxgZUl7qDV_nunYWlyKonimpihYjmv-y-N8#MeterAttribute.g.verified.cs
  - Received: TelemetrySourceGeneratorLoggingGen2Tests.Generate_GivenMethodWithExpandableAndHighMaxCount_GeneratesDiagnostic_zyD3sscUZxgZUl7qDV_nunYWlyKonimpihYjmv-y-N8#MeterGenerationAttribute.g.received.cs
    Verified: TelemetrySourceGeneratorLoggingGen2Tests.Generate_GivenMethodWithExpandableAndHighMaxCount_GeneratesDiagnostic_zyD3sscUZxgZUl7qDV_nunYWlyKonimpihYjmv-y-N8#MeterGenerationAttribute.g.verified.cs
  - Received: TelemetrySourceGeneratorLoggingGen2Tests.Generate_GivenMethodWithExpandableAndHighMaxCount_GeneratesDiagnostic_zyD3sscUZxgZUl7qDV_nunYWlyKonimpihYjmv-y-N8#MeterNameGenerationType.g.received.cs
    Verified: TelemetrySourceGeneratorLoggingGen2Tests.Generate_GivenMethodWithExpandableAndHighMaxCount_GeneratesDiagnostic_zyD3sscUZxgZUl7qDV_nunYWlyKonimpihYjmv-y-N8#MeterNameGenerationType.g.verified.cs
  - Received: TelemetrySourceGeneratorLoggingGen2Tests.Generate_GivenMethodWithExpandableAndHighMaxCount_GeneratesDiagnostic_zyD3sscUZxgZUl7qDV_nunYWlyKonimpihYjmv-y-N8#NamingConvention.g.received.cs
    Verified: TelemetrySourceGeneratorLoggingGen2Tests.Generate_GivenMethodWithExpandableAndHighMaxCount_GeneratesDiagnostic_zyD3sscUZxgZUl7qDV_nunYWlyKonimpihYjmv-y-N8#NamingConvention.g.verified.cs
  - Received: TelemetrySourceGeneratorLoggingGen2Tests.Generate_GivenMethodWithExpandableAndHighMaxCount_GeneratesDiagnostic_zyD3sscUZxgZUl7qDV_nunYWlyKonimpihYjmv-y-N8#ObservableCounterAttribute.g.received.cs
    Verified: TelemetrySourceGeneratorLoggingGen2Tests.Generate_GivenMethodWithExpandableAndHighMaxCount_GeneratesDiagnostic_zyD3sscUZxgZUl7qDV_nunYWlyKonimpihYjmv-y-N8#ObservableCounterAttribute.g.verified.cs
  - Received: TelemetrySourceGeneratorLoggingGen2Tests.Generate_GivenMethodWithExpandableAndHighMaxCount_GeneratesDiagnostic_zyD3sscUZxgZUl7qDV_nunYWlyKonimpihYjmv-y-N8#ObservableGaugeAttribute.g.received.cs
    Verified: TelemetrySourceGeneratorLoggingGen2Tests.Generate_GivenMethodWithExpandableAndHighMaxCount_GeneratesDiagnostic_zyD3sscUZxgZUl7qDV_nunYWlyKonimpihYjmv-y-N8#ObservableGaugeAttribute.g.verified.cs
  - Received: TelemetrySourceGeneratorLoggingGen2Tests.Generate_GivenMethodWithExpandableAndHighMaxCount_GeneratesDiagnostic_zyD3sscUZxgZUl7qDV_nunYWlyKonimpihYjmv-y-N8#ObservableUpDownCounterAttribute.g.received.cs
    Verified: TelemetrySourceGeneratorLoggingGen2Tests.Generate_GivenMethodWithExpandableAndHighMaxCount_GeneratesDiagnostic_zyD3sscUZxgZUl7qDV_nunYWlyKonimpihYjmv-y-N8#ObservableUpDownCounterAttribute.g.verified.cs
  - Received: TelemetrySourceGeneratorLoggingGen2Tests.Generate_GivenMethodWithExpandableAndHighMaxCount_GeneratesDiagnostic_zyD3sscUZxgZUl7qDV_nunYWlyKonimpihYjmv-y-N8#StatusDescriptionAttribute.g.received.cs
    Verified: TelemetrySourceGeneratorLoggingGen2Tests.Generate_GivenMethodWithExpandableAndHighMaxCount_GeneratesDiagnostic_zyD3sscUZxgZUl7qDV_nunYWlyKonimpihYjmv-y-N8#StatusDescriptionAttribute.g.verified.cs
  - Received: TelemetrySourceGeneratorLoggingGen2Tests.Generate_GivenMethodWithExpandableAndHighMaxCount_GeneratesDiagnostic_zyD3sscUZxgZUl7qDV_nunYWlyKonimpihYjmv-y-N8#TagAttribute.g.received.cs
    Verified: TelemetrySourceGeneratorLoggingGen2Tests.Generate_GivenMethodWithExpandableAndHighMaxCount_GeneratesDiagnostic_zyD3sscUZxgZUl7qDV_nunYWlyKonimpihYjmv-y-N8#TagAttribute.g.verified.cs
  - Received: TelemetrySourceGeneratorLoggingGen2Tests.Generate_GivenMethodWithExpandableAndHighMaxCount_GeneratesDiagnostic_zyD3sscUZxgZUl7qDV_nunYWlyKonimpihYjmv-y-N8#Targets.g.received.cs
    Verified: TelemetrySourceGeneratorLoggingGen2Tests.Generate_GivenMethodWithExpandableAndHighMaxCount_GeneratesDiagnostic_zyD3sscUZxgZUl7qDV_nunYWlyKonimpihYjmv-y-N8#Targets.g.verified.cs
  - Received: TelemetrySourceGeneratorLoggingGen2Tests.Generate_GivenMethodWithExpandableAndHighMaxCount_GeneratesDiagnostic_zyD3sscUZxgZUl7qDV_nunYWlyKonimpihYjmv-y-N8#TelemetryGenerationAttribute.g.received.cs
    Verified: TelemetrySourceGeneratorLoggingGen2Tests.Generate_GivenMethodWithExpandableAndHighMaxCount_GeneratesDiagnostic_zyD3sscUZxgZUl7qDV_nunYWlyKonimpihYjmv-y-N8#TelemetryGenerationAttribute.g.verified.cs
  - Received: TelemetrySourceGeneratorLoggingGen2Tests.Generate_GivenMethodWithExpandableAndHighMaxCount_GeneratesDiagnostic_zyD3sscUZxgZUl7qDV_nunYWlyKonimpihYjmv-y-N8#Testing.TestLoggerCore.Logging.g.received.cs
    Verified: TelemetrySourceGeneratorLoggingGen2Tests.Generate_GivenMethodWithExpandableAndHighMaxCount_GeneratesDiagnostic_zyD3sscUZxgZUl7qDV_nunYWlyKonimpihYjmv-y-N8#Testing.TestLoggerCore.Logging.g.verified.cs
  - Received: TelemetrySourceGeneratorLoggingGen2Tests.Generate_GivenMethodWithExpandableAndHighMaxCount_GeneratesDiagnostic_zyD3sscUZxgZUl7qDV_nunYWlyKonimpihYjmv-y-N8#TraceAttribute.g.received.cs
    Verified: TelemetrySourceGeneratorLoggingGen2Tests.Generate_GivenMethodWithExpandableAndHighMaxCount_GeneratesDiagnostic_zyD3sscUZxgZUl7qDV_nunYWlyKonimpihYjmv-y-N8#TraceAttribute.g.verified.cs
  - Received: TelemetrySourceGeneratorLoggingGen2Tests.Generate_GivenMethodWithExpandableAndHighMaxCount_GeneratesDiagnostic_zyD3sscUZxgZUl7qDV_nunYWlyKonimpihYjmv-y-N8#UpDownCounterAttribute.g.received.cs
    Verified: TelemetrySourceGeneratorLoggingGen2Tests.Generate_GivenMethodWithExpandableAndHighMaxCount_GeneratesDiagnostic_zyD3sscUZxgZUl7qDV_nunYWlyKonimpihYjmv-y-N8#UpDownCounterAttribute.g.verified.cs
  - Received: TelemetrySourceGeneratorLoggingGen2Tests.Generate_GivenMethodWithExpandableAndHighMaxCount_GeneratesDiagnostic_zyD3sscUZxgZUl7qDV_nunYWlyKonimpihYjmv-y-N8#WarningAttribute.g.received.cs
    Verified: TelemetrySourceGeneratorLoggingGen2Tests.Generate_GivenMethodWithExpandableAndHighMaxCount_GeneratesDiagnostic_zyD3sscUZxgZUl7qDV_nunYWlyKonimpihYjmv-y-N8#WarningAttribute.g.verified.cs

  from P:\GitHub\kjldev\purview-telemetry-sourcegenerator\src\Purview.Telemetry.SourceGenerator.IntegrationTests\bin\Release\net10.0\Purview.Telemetry.SourceGenerator.IntegrationTests.dll (net10.0|x64)
  TUnit.Engine.Exceptions.TestFailedException: [Test Failure] VerifyException: Directory: P:\GitHub\kjldev\purview-telemetry-sourcegenerator\src\Purview.Telemetry.SourceGenerator.IntegrationTests\Snapshots
  Delete:
    - TelemetrySourceGeneratorLoggingGen2Tests.Generate_GivenMethodWithExpandableAndHighMaxCount_GeneratesDiagnostic_zyD3sscUZxgZUl7qDV_nunYWlyKonimpihYjmv-y-N8.verified.txt
  Equal:
    - Received: TelemetrySourceGeneratorLoggingGen2Tests.Generate_GivenMethodWithExpandableAndHighMaxCount_GeneratesDiagnostic_zyD3sscUZxgZUl7qDV_nunYWlyKonimpihYjmv-y-N8#ActivityAttribute.g.received.cs
      Verified: TelemetrySourceGeneratorLoggingGen2Tests.Generate_GivenMethodWithExpandableAndHighMaxCount_GeneratesDiagnostic_zyD3sscUZxgZUl7qDV_nunYWlyKonimpihYjmv-y-N8#ActivityAttribute.g.verified.cs
    - Received: TelemetrySourceGeneratorLoggingGen2Tests.Generate_GivenMethodWithExpandableAndHighMaxCount_GeneratesDiagnostic_zyD3sscUZxgZUl7qDV_nunYWlyKonimpihYjmv-y-N8#ActivitySourceAttribute.g.received.cs
      Verified: TelemetrySourceGeneratorLoggingGen2Tests.Generate_GivenMethodWithExpandableAndHighMaxCount_GeneratesDiagnostic_zyD3sscUZxgZUl7qDV_nunYWlyKonimpihYjmv-y-N8#ActivitySourceAttribute.g.verified.cs
    - Received: TelemetrySourceGeneratorLoggingGen2Tests.Generate_GivenMethodWithExpandableAndHighMaxCount_GeneratesDiagnostic_zyD3sscUZxgZUl7qDV_nunYWlyKonimpihYjmv-y-N8#ActivitySourceGenerationAttribute.g.received.cs
      Verified: TelemetrySourceGeneratorLoggingGen2Tests.Generate_GivenMethodWithExpandableAndHighMaxCount_GeneratesDiagnostic_zyD3sscUZxgZUl7qDV_nunYWlyKonimpihYjmv-y-N8#ActivitySourceGenerationAttribute.g.verified.cs
    - Received: TelemetrySourceGeneratorLoggingGen2Tests.Generate_GivenMethodWithExpandableAndHighMaxCount_GeneratesDiagnostic_zyD3sscUZxgZUl7qDV_nunYWlyKonimpihYjmv-y-N8#AutoCounterAttribute.g.received.cs
      Verified: TelemetrySourceGeneratorLoggingGen2Tests.Generate_GivenMethodWithExpandableAndHighMaxCount_GeneratesDiagnostic_zyD3sscUZxgZUl7qDV_nunYWlyKonimpihYjmv-y-N8#AutoCounterAttribute.g.verified.cs
    - Received: TelemetrySourceGeneratorLoggingGen2Tests.Generate_GivenMethodWithExpandableAndHighMaxCount_GeneratesDiagnostic_zyD3sscUZxgZUl7qDV_nunYWlyKonimpihYjmv-y-N8#BaggageAttribute.g.received.cs
      Verified: TelemetrySourceGeneratorLoggingGen2Tests.Generate_GivenMethodWithExpandableAndHighMaxCount_GeneratesDiagnostic_zyD3sscUZxgZUl7qDV_nunYWlyKonimpihYjmv-y-N8#BaggageAttribute.g.verified.cs
    - Received: TelemetrySourceGeneratorLoggingGen2Tests.Generate_GivenMethodWithExpandableAndHighMaxCount_GeneratesDiagnostic_zyD3sscUZxgZUl7qDV_nunYWlyKonimpihYjmv-y-N8#ContextAttribute.g.received.cs
      Verified: TelemetrySourceGeneratorLoggingGen2Tests.Generate_GivenMethodWithExpandableAndHighMaxCount_GeneratesDiagnostic_zyD3sscUZxgZUl7qDV_nunYWlyKonimpihYjmv-y-N8#ContextAttribute.g.verified.cs
    - Received: TelemetrySourceGeneratorLoggingGen2Tests.Generate_GivenMethodWithExpandableAndHighMaxCount_GeneratesDiagnostic_zyD3sscUZxgZUl7qDV_nunYWlyKonimpihYjmv-y-N8#CounterAttribute.g.received.cs
      Verified: TelemetrySourceGeneratorLoggingGen2Tests.Generate_GivenMethodWithExpandableAndHighMaxCount_GeneratesDiagnostic_zyD3sscUZxgZUl7qDV_nunYWlyKonimpihYjmv-y-N8#CounterAttribute.g.verified.cs
    - Received: TelemetrySourceGeneratorLoggingGen2Tests.Generate_GivenMethodWithExpandableAndHighMaxCount_GeneratesDiagnostic_zyD3sscUZxgZUl7qDV_nunYWlyKonimpihYjmv-y-N8#CriticalAttribute.g.received.cs
      Verified: TelemetrySourceGeneratorLoggingGen2Tests.Generate_GivenMethodWithExpandableAndHighMaxCount_GeneratesDiagnostic_zyD3sscUZxgZUl7qDV_nunYWlyKonimpihYjmv-y-N8#CriticalAttribute.g.verified.cs
    - Received: TelemetrySourceGeneratorLoggingGen2Tests.Generate_GivenMethodWithExpandableAndHighMaxCount_GeneratesDiagnostic_zyD3sscUZxgZUl7qDV_nunYWlyKonimpihYjmv-y-N8#DebugAttribute.g.received.cs
      Verified: TelemetrySourceGeneratorLoggingGen2Tests.Generate_GivenMethodWithExpandableAndHighMaxCount_GeneratesDiagnostic_zyD3sscUZxgZUl7qDV_nunYWlyKonimpihYjmv-y-N8#DebugAttribute.g.verified.cs
    - Received: TelemetrySourceGeneratorLoggingGen2Tests.Generate_GivenMethodWithExpandableAndHighMaxCount_GeneratesDiagnostic_zyD3sscUZxgZUl7qDV_nunYWlyKonimpihYjmv-y-N8#ErrorAttribute.g.received.cs
      Verified: TelemetrySourceGeneratorLoggingGen2Tests.Generate_GivenMethodWithExpandableAndHighMaxCount_GeneratesDiagnostic_zyD3sscUZxgZUl7qDV_nunYWlyKonimpihYjmv-y-N8#ErrorAttribute.g.verified.cs
    - Received: TelemetrySourceGeneratorLoggingGen2Tests.Generate_GivenMethodWithExpandableAndHighMaxCount_GeneratesDiagnostic_zyD3sscUZxgZUl7qDV_nunYWlyKonimpihYjmv-y-N8#EscapeAttribute.g.received.cs
      Verified: TelemetrySourceGeneratorLoggingGen2Tests.Generate_GivenMethodWithExpandableAndHighMaxCount_GeneratesDiagnostic_zyD3sscUZxgZUl7qDV_nunYWlyKonimpihYjmv-y-N8#EscapeAttribute.g.verified.cs
    - Received: TelemetrySourceGeneratorLoggingGen2Tests.Generate_GivenMethodWithExpandableAndHighMaxCount_GeneratesDiagnostic_zyD3sscUZxgZUl7qDV_nunYWlyKonimpihYjmv-y-N8#EventAttribute.g.received.cs
      Verified: TelemetrySourceGeneratorLoggingGen2Tests.Generate_GivenMethodWithExpandableAndHighMaxCount_GeneratesDiagnostic_zyD3sscUZxgZUl7qDV_nunYWlyKonimpihYjmv-y-N8#EventAttribute.g.verified.cs
    - Received: TelemetrySourceGeneratorLoggingGen2Tests.Generate_GivenMethodWithExpandableAndHighMaxCount_GeneratesDiagnostic_zyD3sscUZxgZUl7qDV_nunYWlyKonimpihYjmv-y-N8#ExcludeAttribute.g.received.cs
      Verified: TelemetrySourceGeneratorLoggingGen2Tests.Generate_GivenMethodWithExpandableAndHighMaxCount_GeneratesDiagnostic_zyD3sscUZxgZUl7qDV_nunYWlyKonimpihYjmv-y-N8#ExcludeAttribute.g.verified.cs
    - Received: TelemetrySourceGeneratorLoggingGen2Tests.Generate_GivenMethodWithExpandableAndHighMaxCount_GeneratesDiagnostic_zyD3sscUZxgZUl7qDV_nunYWlyKonimpihYjmv-y-N8#ExcludeTargetsAttribute.g.received.cs
      Verified: TelemetrySourceGeneratorLoggingGen2Tests.Generate_GivenMethodWithExpandableAndHighMaxCount_GeneratesDiagnostic_zyD3sscUZxgZUl7qDV_nunYWlyKonimpihYjmv-y-N8#ExcludeTargetsAttribute.g.verified.cs
    - Received: TelemetrySourceGeneratorLoggingGen2Tests.Generate_GivenMethodWithExpandableAndHighMaxCount_GeneratesDiagnostic_zyD3sscUZxgZUl7qDV_nunYWlyKonimpihYjmv-y-N8#ExpandEnumerableAttribute.g.received.cs
      Verified: TelemetrySourceGeneratorLoggingGen2Tests.Generate_GivenMethodWithExpandableAndHighMaxCount_GeneratesDiagnostic_zyD3sscUZxgZUl7qDV_nunYWlyKonimpihYjmv-y-N8#ExpandEnumerableAttribute.g.verified.cs
    - Received: TelemetrySourceGeneratorLoggingGen2Tests.Generate_GivenMethodWithExpandableAndHighMaxCount_GeneratesDiagnostic_zyD3sscUZxgZUl7qDV_nunYWlyKonimpihYjmv-y-N8#HistogramAttribute.g.received.cs
      Verified: TelemetrySourceGeneratorLoggingGen2Tests.Generate_GivenMethodWithExpandableAndHighMaxCount_GeneratesDiagnostic_zyD3sscUZxgZUl7qDV_nunYWlyKonimpihYjmv-y-N8#HistogramAttribute.g.verified.cs
    - Received: TelemetrySourceGeneratorLoggingGen2Tests.Generate_GivenMethodWithExpandableAndHighMaxCount_GeneratesDiagnostic_zyD3sscUZxgZUl7qDV_nunYWlyKonimpihYjmv-y-N8#InfoAttribute.g.received.cs
      Verified: TelemetrySourceGeneratorLoggingGen2Tests.Generate_GivenMethodWithExpandableAndHighMaxCount_GeneratesDiagnostic_zyD3sscUZxgZUl7qDV_nunYWlyKonimpihYjmv-y-N8#InfoAttribute.g.verified.cs
    - Received: TelemetrySourceGeneratorLoggingGen2Tests.Generate_GivenMethodWithExpandableAndHighMaxCount_GeneratesDiagnostic_zyD3sscUZxgZUl7qDV_nunYWlyKonimpihYjmv-y-N8#InstrumentMeasurementAttribute.g.received.cs
      Verified: TelemetrySourceGeneratorLoggingGen2Tests.Generate_GivenMethodWithExpandableAndHighMaxCount_GeneratesDiagnostic_zyD3sscUZxgZUl7qDV_nunYWlyKonimpihYjmv-y-N8#InstrumentMeasurementAttribute.g.verified.cs
    - Received: TelemetrySourceGeneratorLoggingGen2Tests.Generate_GivenMethodWithExpandableAndHighMaxCount_GeneratesDiagnostic_zyD3sscUZxgZUl7qDV_nunYWlyKonimpihYjmv-y-N8#LogAttribute.g.received.cs
      Verified: TelemetrySourceGeneratorLoggingGen2Tests.Generate_GivenMethodWithExpandableAndHighMaxCount_GeneratesDiagnostic_zyD3sscUZxgZUl7qDV_nunYWlyKonimpihYjmv-y-N8#LogAttribute.g.verified.cs
    - Received: TelemetrySourceGeneratorLoggingGen2Tests.Generate_GivenMethodWithExpandableAndHighMaxCount_GeneratesDiagnostic_zyD3sscUZxgZUl7qDV_nunYWlyKonimpihYjmv-y-N8#LoggerAttribute.g.received.cs
      Verified: TelemetrySourceGeneratorLoggingGen2Tests.Generate_GivenMethodWithExpandableAndHighMaxCount_GeneratesDiagnostic_zyD3sscUZxgZUl7qDV_nunYWlyKonimpihYjmv-y-N8#LoggerAttribute.g.verified.cs
    - Received: TelemetrySourceGeneratorLoggingGen2Tests.Generate_GivenMethodWithExpandableAndHighMaxCount_GeneratesDiagnostic_zyD3sscUZxgZUl7qDV_nunYWlyKonimpihYjmv-y-N8#LoggerGenerationAttribute.g.received.cs
      Verified: TelemetrySourceGeneratorLoggingGen2Tests.Generate_GivenMethodWithExpandableAndHighMaxCount_GeneratesDiagnostic_zyD3sscUZxgZUl7qDV_nunYWlyKonimpihYjmv-y-N8#LoggerGenerationAttribute.g.verified.cs
    - Received: TelemetrySourceGeneratorLoggingGen2Tests.Generate_GivenMethodWithExpandableAndHighMaxCount_GeneratesDiagnostic_zyD3sscUZxgZUl7qDV_nunYWlyKonimpihYjmv-y-N8#LoggerGenerationMode.g.received.cs
      Verified: TelemetrySourceGeneratorLoggingGen2Tests.Generate_GivenMethodWithExpandableAndHighMaxCount_GeneratesDiagnostic_zyD3sscUZxgZUl7qDV_nunYWlyKonimpihYjmv-y-N8#LoggerGenerationMode.g.verified.cs
    - Received: TelemetrySourceGeneratorLoggingGen2Tests.Generate_GivenMethodWithExpandableAndHighMaxCount_GeneratesDiagnostic_zyD3sscUZxgZUl7qDV_nunYWlyKonimpihYjmv-y-N8#LogPrefixType.g.received.cs
      Verified: TelemetrySourceGeneratorLoggingGen2Tests.Generate_GivenMethodWithExpandableAndHighMaxCount_GeneratesDiagnostic_zyD3sscUZxgZUl7qDV_nunYWlyKonimpihYjmv-y-N8#LogPrefixType.g.verified.cs
    - Received: TelemetrySourceGeneratorLoggingGen2Tests.Generate_GivenMethodWithExpandableAndHighMaxCount_GeneratesDiagnostic_zyD3sscUZxgZUl7qDV_nunYWlyKonimpihYjmv-y-N8#MeterAttribute.g.received.cs
      Verified: TelemetrySourceGeneratorLoggingGen2Tests.Generate_GivenMethodWithExpandableAndHighMaxCount_GeneratesDiagnostic_zyD3sscUZxgZUl7qDV_nunYWlyKonimpihYjmv-y-N8#MeterAttribute.g.verified.cs
    - Received: TelemetrySourceGeneratorLoggingGen2Tests.Generate_GivenMethodWithExpandableAndHighMaxCount_GeneratesDiagnostic_zyD3sscUZxgZUl7qDV_nunYWlyKonimpihYjmv-y-N8#MeterGenerationAttribute.g.received.cs
      Verified: TelemetrySourceGeneratorLoggingGen2Tests.Generate_GivenMethodWithExpandableAndHighMaxCount_GeneratesDiagnostic_zyD3sscUZxgZUl7qDV_nunYWlyKonimpihYjmv-y-N8#MeterGenerationAttribute.g.verified.cs
    - Received: TelemetrySourceGeneratorLoggingGen2Tests.Generate_GivenMethodWithExpandableAndHighMaxCount_GeneratesDiagnostic_zyD3sscUZxgZUl7qDV_nunYWlyKonimpihYjmv-y-N8#MeterNameGenerationType.g.received.cs
      Verified: TelemetrySourceGeneratorLoggingGen2Tests.Generate_GivenMethodWithExpandableAndHighMaxCount_GeneratesDiagnostic_zyD3sscUZxgZUl7qDV_nunYWlyKonimpihYjmv-y-N8#MeterNameGenerationType.g.verified.cs
    - Received: TelemetrySourceGeneratorLoggingGen2Tests.Generate_GivenMethodWithExpandableAndHighMaxCount_GeneratesDiagnostic_zyD3sscUZxgZUl7qDV_nunYWlyKonimpihYjmv-y-N8#NamingConvention.g.received.cs
      Verified: TelemetrySourceGeneratorLoggingGen2Tests.Generate_GivenMethodWithExpandableAndHighMaxCount_GeneratesDiagnostic_zyD3sscUZxgZUl7qDV_nunYWlyKonimpihYjmv-y-N8#NamingConvention.g.verified.cs
    - Received: TelemetrySourceGeneratorLoggingGen2Tests.Generate_GivenMethodWithExpandableAndHighMaxCount_GeneratesDiagnostic_zyD3sscUZxgZUl7qDV_nunYWlyKonimpihYjmv-y-N8#ObservableCounterAttribute.g.received.cs
      Verified: TelemetrySourceGeneratorLoggingGen2Tests.Generate_GivenMethodWithExpandableAndHighMaxCount_GeneratesDiagnostic_zyD3sscUZxgZUl7qDV_nunYWlyKonimpihYjmv-y-N8#ObservableCounterAttribute.g.verified.cs
    - Received: TelemetrySourceGeneratorLoggingGen2Tests.Generate_GivenMethodWithExpandableAndHighMaxCount_GeneratesDiagnostic_zyD3sscUZxgZUl7qDV_nunYWlyKonimpihYjmv-y-N8#ObservableGaugeAttribute.g.received.cs
      Verified: TelemetrySourceGeneratorLoggingGen2Tests.Generate_GivenMethodWithExpandableAndHighMaxCount_GeneratesDiagnostic_zyD3sscUZxgZUl7qDV_nunYWlyKonimpihYjmv-y-N8#ObservableGaugeAttribute.g.verified.cs
    - Received: TelemetrySourceGeneratorLoggingGen2Tests.Generate_GivenMethodWithExpandableAndHighMaxCount_GeneratesDiagnostic_zyD3sscUZxgZUl7qDV_nunYWlyKonimpihYjmv-y-N8#ObservableUpDownCounterAttribute.g.received.cs
      Verified: TelemetrySourceGeneratorLoggingGen2Tests.Generate_GivenMethodWithExpandableAndHighMaxCount_GeneratesDiagnostic_zyD3sscUZxgZUl7qDV_nunYWlyKonimpihYjmv-y-N8#ObservableUpDownCounterAttribute.g.verified.cs
    - Received: TelemetrySourceGeneratorLoggingGen2Tests.Generate_GivenMethodWithExpandableAndHighMaxCount_GeneratesDiagnostic_zyD3sscUZxgZUl7qDV_nunYWlyKonimpihYjmv-y-N8#StatusDescriptionAttribute.g.received.cs
      Verified: TelemetrySourceGeneratorLoggingGen2Tests.Generate_GivenMethodWithExpandableAndHighMaxCount_GeneratesDiagnostic_zyD3sscUZxgZUl7qDV_nunYWlyKonimpihYjmv-y-N8#StatusDescriptionAttribute.g.verified.cs
    - Received: TelemetrySourceGeneratorLoggingGen2Tests.Generate_GivenMethodWithExpandableAndHighMaxCount_GeneratesDiagnostic_zyD3sscUZxgZUl7qDV_nunYWlyKonimpihYjmv-y-N8#TagAttribute.g.received.cs
      Verified: TelemetrySourceGeneratorLoggingGen2Tests.Generate_GivenMethodWithExpandableAndHighMaxCount_GeneratesDiagnostic_zyD3sscUZxgZUl7qDV_nunYWlyKonimpihYjmv-y-N8#TagAttribute.g.verified.cs
    - Received: TelemetrySourceGeneratorLoggingGen2Tests.Generate_GivenMethodWithExpandableAndHighMaxCount_GeneratesDiagnostic_zyD3sscUZxgZUl7qDV_nunYWlyKonimpihYjmv-y-N8#Targets.g.received.cs
      Verified: TelemetrySourceGeneratorLoggingGen2Tests.Generate_GivenMethodWithExpandableAndHighMaxCount_GeneratesDiagnostic_zyD3sscUZxgZUl7qDV_nunYWlyKonimpihYjmv-y-N8#Targets.g.verified.cs
    - Received: TelemetrySourceGeneratorLoggingGen2Tests.Generate_GivenMethodWithExpandableAndHighMaxCount_GeneratesDiagnostic_zyD3sscUZxgZUl7qDV_nunYWlyKonimpihYjmv-y-N8#TelemetryGenerationAttribute.g.received.cs
      Verified: TelemetrySourceGeneratorLoggingGen2Tests.Generate_GivenMethodWithExpandableAndHighMaxCount_GeneratesDiagnostic_zyD3sscUZxgZUl7qDV_nunYWlyKonimpihYjmv-y-N8#TelemetryGenerationAttribute.g.verified.cs
    - Received: TelemetrySourceGeneratorLoggingGen2Tests.Generate_GivenMethodWithExpandableAndHighMaxCount_GeneratesDiagnostic_zyD3sscUZxgZUl7qDV_nunYWlyKonimpihYjmv-y-N8#Testing.TestLoggerCore.Logging.g.received.cs
      Verified: TelemetrySourceGeneratorLoggingGen2Tests.Generate_GivenMethodWithExpandableAndHighMaxCount_GeneratesDiagnostic_zyD3sscUZxgZUl7qDV_nunYWlyKonimpihYjmv-y-N8#Testing.TestLoggerCore.Logging.g.verified.cs
    - Received: TelemetrySourceGeneratorLoggingGen2Tests.Generate_GivenMethodWithExpandableAndHighMaxCount_GeneratesDiagnostic_zyD3sscUZxgZUl7qDV_nunYWlyKonimpihYjmv-y-N8#TraceAttribute.g.received.cs
      Verified: TelemetrySourceGeneratorLoggingGen2Tests.Generate_GivenMethodWithExpandableAndHighMaxCount_GeneratesDiagnostic_zyD3sscUZxgZUl7qDV_nunYWlyKonimpihYjmv-y-N8#TraceAttribute.g.verified.cs
    - Received: TelemetrySourceGeneratorLoggingGen2Tests.Generate_GivenMethodWithExpandableAndHighMaxCount_GeneratesDiagnostic_zyD3sscUZxgZUl7qDV_nunYWlyKonimpihYjmv-y-N8#UpDownCounterAttribute.g.received.cs
      Verified: TelemetrySourceGeneratorLoggingGen2Tests.Generate_GivenMethodWithExpandableAndHighMaxCount_GeneratesDiagnostic_zyD3sscUZxgZUl7qDV_nunYWlyKonimpihYjmv-y-N8#UpDownCounterAttribute.g.verified.cs
    - Received: TelemetrySourceGeneratorLoggingGen2Tests.Generate_GivenMethodWithExpandableAndHighMaxCount_GeneratesDiagnostic_zyD3sscUZxgZUl7qDV_nunYWlyKonimpihYjmv-y-N8#WarningAttribute.g.received.cs
      Verified: TelemetrySourceGeneratorLoggingGen2Tests.Generate_GivenMethodWithExpandableAndHighMaxCount_GeneratesDiagnostic_zyD3sscUZxgZUl7qDV_nunYWlyKonimpihYjmv-y-N8#WarningAttribute.g.verified.cs
  
  Standard output
    DBG: --- Adding templates.
    DBG: Adding ActivitySourceGenerationAttribute as ActivitySourceGenerationAttribute.g.cs.
    DBG: Adding ActivitySourceAttribute as ActivitySourceAttribute.g.cs.
    DBG: Adding ActivityAttribute as ActivityAttribute.g.cs.
    DBG: Adding EventAttribute as EventAttribute.g.cs.
    DBG: Adding ContextAttribute as ContextAttribute.g.cs.
    DBG: Adding BaggageAttribute as BaggageAttribute.g.cs.
    DBG: Adding EscapeAttribute as EscapeAttribute.g.cs.
    DBG: Adding StatusDescriptionAttribute as StatusDescriptionAttribute.g.cs.
    DBG: Adding LoggerGenerationAttribute as LoggerGenerationAttribute.g.cs.
    DBG: Adding LoggerAttribute as LoggerAttribute.g.cs.
    DBG: Adding LogAttribute as LogAttribute.g.cs.
    DBG: Adding LogPrefixType as LogPrefixType.g.cs.
    DBG: Adding LoggerGenerationMode as LoggerGenerationMode.g.cs.
    DBG: Adding ExpandEnumerableAttribute as ExpandEnumerableAttribute.g.cs.
    DBG: Adding TraceAttribute as TraceAttribute.g.cs.
    DBG: Adding DebugAttribute as DebugAttribute.g.cs.
    DBG: Adding InfoAttribute as InfoAttribute.g.cs.
    DBG: Adding WarningAttribute as WarningAttribute.g.cs.
    DBG: Adding ErrorAttribute as ErrorAttribute.g.cs.
    DBG: Adding CriticalAttribute as CriticalAttribute.g.cs.
    DBG: Adding MeterGenerationAttribute as MeterGenerationAttribute.g.cs.
    DBG: Adding MeterAttribute as MeterAttribute.g.cs.
    DBG: Adding MeterNameGenerationType as MeterNameGenerationType.g.cs.
    DBG: Adding InstrumentMeasurementAttribute as InstrumentMeasurementAttribute.g.cs.
    DBG: Adding AutoCounterAttribute as AutoCounterAttribute.g.cs.
    DBG: Adding CounterAttribute as CounterAttribute.g.cs.
    DBG: Adding UpDownCounterAttribute as UpDownCounterAttribute.g.cs.
    DBG: Adding HistogramAttribute as HistogramAttribute.g.cs.
    DBG: Adding ObservableCounterAttribute as ObservableCounterAttribute.g.cs.
    DBG: Adding ObservableGaugeAttribute as ObservableGaugeAttribute.g.cs.
    DBG: Adding ObservableUpDownCounterAttribute as ObservableUpDownCounterAttribute.g.cs.
    DBG: Adding TagAttribute as TagAttribute.g.cs.
    DBG: Adding ExcludeAttribute as ExcludeAttribute.g.cs.
    DBG: Adding TelemetryGenerationAttribute as TelemetryGenerationAttribute.g.cs.
    DBG: Adding Targets as Targets.g.cs.
    DBG: Adding NamingConvention as NamingConvention.g.cs.
    DBG: Adding ExcludeTargetsAttribute as ExcludeTargetsAttribute.g.cs.
    DBG: --- Finished adding templates.
    DBG: Found attribute: Purview.Telemetry.LoggerAttribute
    DBG: Found attribute: Purview.Telemetry.TelemetryGenerationAttribute(GenerateDependencyExtension = false)
    DBG: Found method ITestLogger.Log.
    DBG: Found attribute: Purview.Telemetry.ExpandEnumerableAttribute(2147483647)
    DBG: Found 1 parameter(s) for Log.
    DBG: Found method ITestLogger.Log2.
    DBG: Found attribute: Purview.Telemetry.ExpandEnumerableAttribute(5, MaximumValueCount = 2147483647)
    DBG: Found 1 parameter(s) for Log2.
    DBG: Logger generation target: Testing.TestLoggerCore
    DBG: Generating MS Gen-based logging class for: Testing.TestLoggerCore
    DBG: Building logging method: Log
    DBG: Emitting state content
    DIA: Identified paramValue that has a large unbounded ienumerable max.
    DBG: Building logging method: Log2
    DBG: Emitting state content
    DIA: Identified paramValue2 that has a large unbounded ienumerable max.
    DBG: Skipping dependency injection emit.
    
  Error output
failed Generate_GivenInterfaceWithGenerics_RaisesDiagnostics(5) (3s 330ms)
  [Test Failure] VerifyException: Directory: P:\GitHub\kjldev\purview-telemetry-sourcegenerator\src\Purview.Telemetry.SourceGenerator.IntegrationTests\Snapshots
Delete:
  - TelemetrySourceGeneratorLoggingGen2Tests.Generate_GivenInterfaceWithGenerics_RaisesDiagnostics_GuNZL4JIw_h5tWr-PyzmqtRbqJhDR5bTXFZWhDl_s-Y.verified.txt
Equal:
  - Received: TelemetrySourceGeneratorLoggingGen2Tests.Generate_GivenInterfaceWithGenerics_RaisesDiagnostics_GuNZL4JIw_h5tWr-PyzmqtRbqJhDR5bTXFZWhDl_s-Y#ActivityAttribute.g.received.cs
    Verified: TelemetrySourceGeneratorLoggingGen2Tests.Generate_GivenInterfaceWithGenerics_RaisesDiagnostics_GuNZL4JIw_h5tWr-PyzmqtRbqJhDR5bTXFZWhDl_s-Y#ActivityAttribute.g.verified.cs
  - Received: TelemetrySourceGeneratorLoggingGen2Tests.Generate_GivenInterfaceWithGenerics_RaisesDiagnostics_GuNZL4JIw_h5tWr-PyzmqtRbqJhDR5bTXFZWhDl_s-Y#ActivitySourceAttribute.g.received.cs
    Verified: TelemetrySourceGeneratorLoggingGen2Tests.Generate_GivenInterfaceWithGenerics_RaisesDiagnostics_GuNZL4JIw_h5tWr-PyzmqtRbqJhDR5bTXFZWhDl_s-Y#ActivitySourceAttribute.g.verified.cs
  - Received: TelemetrySourceGeneratorLoggingGen2Tests.Generate_GivenInterfaceWithGenerics_RaisesDiagnostics_GuNZL4JIw_h5tWr-PyzmqtRbqJhDR5bTXFZWhDl_s-Y#ActivitySourceGenerationAttribute.g.received.cs
    Verified: TelemetrySourceGeneratorLoggingGen2Tests.Generate_GivenInterfaceWithGenerics_RaisesDiagnostics_GuNZL4JIw_h5tWr-PyzmqtRbqJhDR5bTXFZWhDl_s-Y#ActivitySourceGenerationAttribute.g.verified.cs
  - Received: TelemetrySourceGeneratorLoggingGen2Tests.Generate_GivenInterfaceWithGenerics_RaisesDiagnostics_GuNZL4JIw_h5tWr-PyzmqtRbqJhDR5bTXFZWhDl_s-Y#AutoCounterAttribute.g.received.cs
    Verified: TelemetrySourceGeneratorLoggingGen2Tests.Generate_GivenInterfaceWithGenerics_RaisesDiagnostics_GuNZL4JIw_h5tWr-PyzmqtRbqJhDR5bTXFZWhDl_s-Y#AutoCounterAttribute.g.verified.cs
  - Received: TelemetrySourceGeneratorLoggingGen2Tests.Generate_GivenInterfaceWithGenerics_RaisesDiagnostics_GuNZL4JIw_h5tWr-PyzmqtRbqJhDR5bTXFZWhDl_s-Y#BaggageAttribute.g.received.cs
    Verified: TelemetrySourceGeneratorLoggingGen2Tests.Generate_GivenInterfaceWithGenerics_RaisesDiagnostics_GuNZL4JIw_h5tWr-PyzmqtRbqJhDR5bTXFZWhDl_s-Y#BaggageAttribute.g.verified.cs
  - Received: TelemetrySourceGeneratorLoggingGen2Tests.Generate_GivenInterfaceWithGenerics_RaisesDiagnostics_GuNZL4JIw_h5tWr-PyzmqtRbqJhDR5bTXFZWhDl_s-Y#ContextAttribute.g.received.cs
    Verified: TelemetrySourceGeneratorLoggingGen2Tests.Generate_GivenInterfaceWithGenerics_RaisesDiagnostics_GuNZL4JIw_h5tWr-PyzmqtRbqJhDR5bTXFZWhDl_s-Y#ContextAttribute.g.verified.cs
  - Received: TelemetrySourceGeneratorLoggingGen2Tests.Generate_GivenInterfaceWithGenerics_RaisesDiagnostics_GuNZL4JIw_h5tWr-PyzmqtRbqJhDR5bTXFZWhDl_s-Y#CounterAttribute.g.received.cs
    Verified: TelemetrySourceGeneratorLoggingGen2Tests.Generate_GivenInterfaceWithGenerics_RaisesDiagnostics_GuNZL4JIw_h5tWr-PyzmqtRbqJhDR5bTXFZWhDl_s-Y#CounterAttribute.g.verified.cs
  - Received: TelemetrySourceGeneratorLoggingGen2Tests.Generate_GivenInterfaceWithGenerics_RaisesDiagnostics_GuNZL4JIw_h5tWr-PyzmqtRbqJhDR5bTXFZWhDl_s-Y#CriticalAttribute.g.received.cs
    Verified: TelemetrySourceGeneratorLoggingGen2Tests.Generate_GivenInterfaceWithGenerics_RaisesDiagnostics_GuNZL4JIw_h5tWr-PyzmqtRbqJhDR5bTXFZWhDl_s-Y#CriticalAttribute.g.verified.cs
  - Received: TelemetrySourceGeneratorLoggingGen2Tests.Generate_GivenInterfaceWithGenerics_RaisesDiagnostics_GuNZL4JIw_h5tWr-PyzmqtRbqJhDR5bTXFZWhDl_s-Y#DebugAttribute.g.received.cs
    Verified: TelemetrySourceGeneratorLoggingGen2Tests.Generate_GivenInterfaceWithGenerics_RaisesDiagnostics_GuNZL4JIw_h5tWr-PyzmqtRbqJhDR5bTXFZWhDl_s-Y#DebugAttribute.g.verified.cs
  - Received: TelemetrySourceGeneratorLoggingGen2Tests.Generate_GivenInterfaceWithGenerics_RaisesDiagnostics_GuNZL4JIw_h5tWr-PyzmqtRbqJhDR5bTXFZWhDl_s-Y#ErrorAttribute.g.received.cs
    Verified: TelemetrySourceGeneratorLoggingGen2Tests.Generate_GivenInterfaceWithGenerics_RaisesDiagnostics_GuNZL4JIw_h5tWr-PyzmqtRbqJhDR5bTXFZWhDl_s-Y#ErrorAttribute.g.verified.cs
  - Received: TelemetrySourceGeneratorLoggingGen2Tests.Generate_GivenInterfaceWithGenerics_RaisesDiagnostics_GuNZL4JIw_h5tWr-PyzmqtRbqJhDR5bTXFZWhDl_s-Y#EscapeAttribute.g.received.cs
    Verified: TelemetrySourceGeneratorLoggingGen2Tests.Generate_GivenInterfaceWithGenerics_RaisesDiagnostics_GuNZL4JIw_h5tWr-PyzmqtRbqJhDR5bTXFZWhDl_s-Y#EscapeAttribute.g.verified.cs
  - Received: TelemetrySourceGeneratorLoggingGen2Tests.Generate_GivenInterfaceWithGenerics_RaisesDiagnostics_GuNZL4JIw_h5tWr-PyzmqtRbqJhDR5bTXFZWhDl_s-Y#EventAttribute.g.received.cs
    Verified: TelemetrySourceGeneratorLoggingGen2Tests.Generate_GivenInterfaceWithGenerics_RaisesDiagnostics_GuNZL4JIw_h5tWr-PyzmqtRbqJhDR5bTXFZWhDl_s-Y#EventAttribute.g.verified.cs
  - Received: TelemetrySourceGeneratorLoggingGen2Tests.Generate_GivenInterfaceWithGenerics_RaisesDiagnostics_GuNZL4JIw_h5tWr-PyzmqtRbqJhDR5bTXFZWhDl_s-Y#ExcludeAttribute.g.received.cs
    Verified: TelemetrySourceGeneratorLoggingGen2Tests.Generate_GivenInterfaceWithGenerics_RaisesDiagnostics_GuNZL4JIw_h5tWr-PyzmqtRbqJhDR5bTXFZWhDl_s-Y#ExcludeAttribute.g.verified.cs
  - Received: TelemetrySourceGeneratorLoggingGen2Tests.Generate_GivenInterfaceWithGenerics_RaisesDiagnostics_GuNZL4JIw_h5tWr-PyzmqtRbqJhDR5bTXFZWhDl_s-Y#ExcludeTargetsAttribute.g.received.cs
    Verified: TelemetrySourceGeneratorLoggingGen2Tests.Generate_GivenInterfaceWithGenerics_RaisesDiagnostics_GuNZL4JIw_h5tWr-PyzmqtRbqJhDR5bTXFZWhDl_s-Y#ExcludeTargetsAttribute.g.verified.cs
  - Received: TelemetrySourceGeneratorLoggingGen2Tests.Generate_GivenInterfaceWithGenerics_RaisesDiagnostics_GuNZL4JIw_h5tWr-PyzmqtRbqJhDR5bTXFZWhDl_s-Y#ExpandEnumerableAttribute.g.received.cs
    Verified: TelemetrySourceGeneratorLoggingGen2Tests.Generate_GivenInterfaceWithGenerics_RaisesDiagnostics_GuNZL4JIw_h5tWr-PyzmqtRbqJhDR5bTXFZWhDl_s-Y#ExpandEnumerableAttribute.g.verified.cs
  - Received: TelemetrySourceGeneratorLoggingGen2Tests.Generate_GivenInterfaceWithGenerics_RaisesDiagnostics_GuNZL4JIw_h5tWr-PyzmqtRbqJhDR5bTXFZWhDl_s-Y#HistogramAttribute.g.received.cs
    Verified: TelemetrySourceGeneratorLoggingGen2Tests.Generate_GivenInterfaceWithGenerics_RaisesDiagnostics_GuNZL4JIw_h5tWr-PyzmqtRbqJhDR5bTXFZWhDl_s-Y#HistogramAttribute.g.verified.cs
  - Received: TelemetrySourceGeneratorLoggingGen2Tests.Generate_GivenInterfaceWithGenerics_RaisesDiagnostics_GuNZL4JIw_h5tWr-PyzmqtRbqJhDR5bTXFZWhDl_s-Y#InfoAttribute.g.received.cs
    Verified: TelemetrySourceGeneratorLoggingGen2Tests.Generate_GivenInterfaceWithGenerics_RaisesDiagnostics_GuNZL4JIw_h5tWr-PyzmqtRbqJhDR5bTXFZWhDl_s-Y#InfoAttribute.g.verified.cs
  - Received: TelemetrySourceGeneratorLoggingGen2Tests.Generate_GivenInterfaceWithGenerics_RaisesDiagnostics_GuNZL4JIw_h5tWr-PyzmqtRbqJhDR5bTXFZWhDl_s-Y#InstrumentMeasurementAttribute.g.received.cs
    Verified: TelemetrySourceGeneratorLoggingGen2Tests.Generate_GivenInterfaceWithGenerics_RaisesDiagnostics_GuNZL4JIw_h5tWr-PyzmqtRbqJhDR5bTXFZWhDl_s-Y#InstrumentMeasurementAttribute.g.verified.cs
  - Received: TelemetrySourceGeneratorLoggingGen2Tests.Generate_GivenInterfaceWithGenerics_RaisesDiagnostics_GuNZL4JIw_h5tWr-PyzmqtRbqJhDR5bTXFZWhDl_s-Y#LogAttribute.g.received.cs
    Verified: TelemetrySourceGeneratorLoggingGen2Tests.Generate_GivenInterfaceWithGenerics_RaisesDiagnostics_GuNZL4JIw_h5tWr-PyzmqtRbqJhDR5bTXFZWhDl_s-Y#LogAttribute.g.verified.cs
  - Received: TelemetrySourceGeneratorLoggingGen2Tests.Generate_GivenInterfaceWithGenerics_RaisesDiagnostics_GuNZL4JIw_h5tWr-PyzmqtRbqJhDR5bTXFZWhDl_s-Y#LoggerAttribute.g.received.cs
    Verified: TelemetrySourceGeneratorLoggingGen2Tests.Generate_GivenInterfaceWithGenerics_RaisesDiagnostics_GuNZL4JIw_h5tWr-PyzmqtRbqJhDR5bTXFZWhDl_s-Y#LoggerAttribute.g.verified.cs
  - Received: TelemetrySourceGeneratorLoggingGen2Tests.Generate_GivenInterfaceWithGenerics_RaisesDiagnostics_GuNZL4JIw_h5tWr-PyzmqtRbqJhDR5bTXFZWhDl_s-Y#LoggerGenerationAttribute.g.received.cs
    Verified: TelemetrySourceGeneratorLoggingGen2Tests.Generate_GivenInterfaceWithGenerics_RaisesDiagnostics_GuNZL4JIw_h5tWr-PyzmqtRbqJhDR5bTXFZWhDl_s-Y#LoggerGenerationAttribute.g.verified.cs
  - Received: TelemetrySourceGeneratorLoggingGen2Tests.Generate_GivenInterfaceWithGenerics_RaisesDiagnostics_GuNZL4JIw_h5tWr-PyzmqtRbqJhDR5bTXFZWhDl_s-Y#LoggerGenerationMode.g.received.cs
    Verified: TelemetrySourceGeneratorLoggingGen2Tests.Generate_GivenInterfaceWithGenerics_RaisesDiagnostics_GuNZL4JIw_h5tWr-PyzmqtRbqJhDR5bTXFZWhDl_s-Y#LoggerGenerationMode.g.verified.cs
  - Received: TelemetrySourceGeneratorLoggingGen2Tests.Generate_GivenInterfaceWithGenerics_RaisesDiagnostics_GuNZL4JIw_h5tWr-PyzmqtRbqJhDR5bTXFZWhDl_s-Y#LogPrefixType.g.received.cs
    Verified: TelemetrySourceGeneratorLoggingGen2Tests.Generate_GivenInterfaceWithGenerics_RaisesDiagnostics_GuNZL4JIw_h5tWr-PyzmqtRbqJhDR5bTXFZWhDl_s-Y#LogPrefixType.g.verified.cs
  - Received: TelemetrySourceGeneratorLoggingGen2Tests.Generate_GivenInterfaceWithGenerics_RaisesDiagnostics_GuNZL4JIw_h5tWr-PyzmqtRbqJhDR5bTXFZWhDl_s-Y#MeterAttribute.g.received.cs
    Verified: TelemetrySourceGeneratorLoggingGen2Tests.Generate_GivenInterfaceWithGenerics_RaisesDiagnostics_GuNZL4JIw_h5tWr-PyzmqtRbqJhDR5bTXFZWhDl_s-Y#MeterAttribute.g.verified.cs
  - Received: TelemetrySourceGeneratorLoggingGen2Tests.Generate_GivenInterfaceWithGenerics_RaisesDiagnostics_GuNZL4JIw_h5tWr-PyzmqtRbqJhDR5bTXFZWhDl_s-Y#MeterGenerationAttribute.g.received.cs
    Verified: TelemetrySourceGeneratorLoggingGen2Tests.Generate_GivenInterfaceWithGenerics_RaisesDiagnostics_GuNZL4JIw_h5tWr-PyzmqtRbqJhDR5bTXFZWhDl_s-Y#MeterGenerationAttribute.g.verified.cs
  - Received: TelemetrySourceGeneratorLoggingGen2Tests.Generate_GivenInterfaceWithGenerics_RaisesDiagnostics_GuNZL4JIw_h5tWr-PyzmqtRbqJhDR5bTXFZWhDl_s-Y#MeterNameGenerationType.g.received.cs
    Verified: TelemetrySourceGeneratorLoggingGen2Tests.Generate_GivenInterfaceWithGenerics_RaisesDiagnostics_GuNZL4JIw_h5tWr-PyzmqtRbqJhDR5bTXFZWhDl_s-Y#MeterNameGenerationType.g.verified.cs
  - Received: TelemetrySourceGeneratorLoggingGen2Tests.Generate_GivenInterfaceWithGenerics_RaisesDiagnostics_GuNZL4JIw_h5tWr-PyzmqtRbqJhDR5bTXFZWhDl_s-Y#NamingConvention.g.received.cs
    Verified: TelemetrySourceGeneratorLoggingGen2Tests.Generate_GivenInterfaceWithGenerics_RaisesDiagnostics_GuNZL4JIw_h5tWr-PyzmqtRbqJhDR5bTXFZWhDl_s-Y#NamingConvention.g.verified.cs
  - Received: TelemetrySourceGeneratorLoggingGen2Tests.Generate_GivenInterfaceWithGenerics_RaisesDiagnostics_GuNZL4JIw_h5tWr-PyzmqtRbqJhDR5bTXFZWhDl_s-Y#ObservableCounterAttribute.g.received.cs
    Verified: TelemetrySourceGeneratorLoggingGen2Tests.Generate_GivenInterfaceWithGenerics_RaisesDiagnostics_GuNZL4JIw_h5tWr-PyzmqtRbqJhDR5bTXFZWhDl_s-Y#ObservableCounterAttribute.g.verified.cs
  - Received: TelemetrySourceGeneratorLoggingGen2Tests.Generate_GivenInterfaceWithGenerics_RaisesDiagnostics_GuNZL4JIw_h5tWr-PyzmqtRbqJhDR5bTXFZWhDl_s-Y#ObservableGaugeAttribute.g.received.cs
    Verified: TelemetrySourceGeneratorLoggingGen2Tests.Generate_GivenInterfaceWithGenerics_RaisesDiagnostics_GuNZL4JIw_h5tWr-PyzmqtRbqJhDR5bTXFZWhDl_s-Y#ObservableGaugeAttribute.g.verified.cs
  - Received: TelemetrySourceGeneratorLoggingGen2Tests.Generate_GivenInterfaceWithGenerics_RaisesDiagnostics_GuNZL4JIw_h5tWr-PyzmqtRbqJhDR5bTXFZWhDl_s-Y#ObservableUpDownCounterAttribute.g.received.cs
    Verified: TelemetrySourceGeneratorLoggingGen2Tests.Generate_GivenInterfaceWithGenerics_RaisesDiagnostics_GuNZL4JIw_h5tWr-PyzmqtRbqJhDR5bTXFZWhDl_s-Y#ObservableUpDownCounterAttribute.g.verified.cs
  - Received: TelemetrySourceGeneratorLoggingGen2Tests.Generate_GivenInterfaceWithGenerics_RaisesDiagnostics_GuNZL4JIw_h5tWr-PyzmqtRbqJhDR5bTXFZWhDl_s-Y#StatusDescriptionAttribute.g.received.cs
    Verified: TelemetrySourceGeneratorLoggingGen2Tests.Generate_GivenInterfaceWithGenerics_RaisesDiagnostics_GuNZL4JIw_h5tWr-PyzmqtRbqJhDR5bTXFZWhDl_s-Y#StatusDescriptionAttribute.g.verified.cs
  - Received: TelemetrySourceGeneratorLoggingGen2Tests.Generate_GivenInterfaceWithGenerics_RaisesDiagnostics_GuNZL4JIw_h5tWr-PyzmqtRbqJhDR5bTXFZWhDl_s-Y#TagAttribute.g.received.cs
    Verified: TelemetrySourceGeneratorLoggingGen2Tests.Generate_GivenInterfaceWithGenerics_RaisesDiagnostics_GuNZL4JIw_h5tWr-PyzmqtRbqJhDR5bTXFZWhDl_s-Y#TagAttribute.g.verified.cs
  - Received: TelemetrySourceGeneratorLoggingGen2Tests.Generate_GivenInterfaceWithGenerics_RaisesDiagnostics_GuNZL4JIw_h5tWr-PyzmqtRbqJhDR5bTXFZWhDl_s-Y#Targets.g.received.cs
    Verified: TelemetrySourceGeneratorLoggingGen2Tests.Generate_GivenInterfaceWithGenerics_RaisesDiagnostics_GuNZL4JIw_h5tWr-PyzmqtRbqJhDR5bTXFZWhDl_s-Y#Targets.g.verified.cs
  - Received: TelemetrySourceGeneratorLoggingGen2Tests.Generate_GivenInterfaceWithGenerics_RaisesDiagnostics_GuNZL4JIw_h5tWr-PyzmqtRbqJhDR5bTXFZWhDl_s-Y#TelemetryGenerationAttribute.g.received.cs
    Verified: TelemetrySourceGeneratorLoggingGen2Tests.Generate_GivenInterfaceWithGenerics_RaisesDiagnostics_GuNZL4JIw_h5tWr-PyzmqtRbqJhDR5bTXFZWhDl_s-Y#TelemetryGenerationAttribute.g.verified.cs
  - Received: TelemetrySourceGeneratorLoggingGen2Tests.Generate_GivenInterfaceWithGenerics_RaisesDiagnostics_GuNZL4JIw_h5tWr-PyzmqtRbqJhDR5bTXFZWhDl_s-Y#TraceAttribute.g.received.cs
    Verified: TelemetrySourceGeneratorLoggingGen2Tests.Generate_GivenInterfaceWithGenerics_RaisesDiagnostics_GuNZL4JIw_h5tWr-PyzmqtRbqJhDR5bTXFZWhDl_s-Y#TraceAttribute.g.verified.cs
  - Received: TelemetrySourceGeneratorLoggingGen2Tests.Generate_GivenInterfaceWithGenerics_RaisesDiagnostics_GuNZL4JIw_h5tWr-PyzmqtRbqJhDR5bTXFZWhDl_s-Y#UpDownCounterAttribute.g.received.cs
    Verified: TelemetrySourceGeneratorLoggingGen2Tests.Generate_GivenInterfaceWithGenerics_RaisesDiagnostics_GuNZL4JIw_h5tWr-PyzmqtRbqJhDR5bTXFZWhDl_s-Y#UpDownCounterAttribute.g.verified.cs
  - Received: TelemetrySourceGeneratorLoggingGen2Tests.Generate_GivenInterfaceWithGenerics_RaisesDiagnostics_GuNZL4JIw_h5tWr-PyzmqtRbqJhDR5bTXFZWhDl_s-Y#WarningAttribute.g.received.cs
    Verified: TelemetrySourceGeneratorLoggingGen2Tests.Generate_GivenInterfaceWithGenerics_RaisesDiagnostics_GuNZL4JIw_h5tWr-PyzmqtRbqJhDR5bTXFZWhDl_s-Y#WarningAttribute.g.verified.cs

  from P:\GitHub\kjldev\purview-telemetry-sourcegenerator\src\Purview.Telemetry.SourceGenerator.IntegrationTests\bin\Release\net10.0\Purview.Telemetry.SourceGenerator.IntegrationTests.dll (net10.0|x64)
  TUnit.Engine.Exceptions.TestFailedException: [Test Failure] VerifyException: Directory: P:\GitHub\kjldev\purview-telemetry-sourcegenerator\src\Purview.Telemetry.SourceGenerator.IntegrationTests\Snapshots
  Delete:
    - TelemetrySourceGeneratorLoggingGen2Tests.Generate_GivenInterfaceWithGenerics_RaisesDiagnostics_GuNZL4JIw_h5tWr-PyzmqtRbqJhDR5bTXFZWhDl_s-Y.verified.txt
  Equal:
    - Received: TelemetrySourceGeneratorLoggingGen2Tests.Generate_GivenInterfaceWithGenerics_RaisesDiagnostics_GuNZL4JIw_h5tWr-PyzmqtRbqJhDR5bTXFZWhDl_s-Y#ActivityAttribute.g.received.cs
      Verified: TelemetrySourceGeneratorLoggingGen2Tests.Generate_GivenInterfaceWithGenerics_RaisesDiagnostics_GuNZL4JIw_h5tWr-PyzmqtRbqJhDR5bTXFZWhDl_s-Y#ActivityAttribute.g.verified.cs
    - Received: TelemetrySourceGeneratorLoggingGen2Tests.Generate_GivenInterfaceWithGenerics_RaisesDiagnostics_GuNZL4JIw_h5tWr-PyzmqtRbqJhDR5bTXFZWhDl_s-Y#ActivitySourceAttribute.g.received.cs
      Verified: TelemetrySourceGeneratorLoggingGen2Tests.Generate_GivenInterfaceWithGenerics_RaisesDiagnostics_GuNZL4JIw_h5tWr-PyzmqtRbqJhDR5bTXFZWhDl_s-Y#ActivitySourceAttribute.g.verified.cs
    - Received: TelemetrySourceGeneratorLoggingGen2Tests.Generate_GivenInterfaceWithGenerics_RaisesDiagnostics_GuNZL4JIw_h5tWr-PyzmqtRbqJhDR5bTXFZWhDl_s-Y#ActivitySourceGenerationAttribute.g.received.cs
      Verified: TelemetrySourceGeneratorLoggingGen2Tests.Generate_GivenInterfaceWithGenerics_RaisesDiagnostics_GuNZL4JIw_h5tWr-PyzmqtRbqJhDR5bTXFZWhDl_s-Y#ActivitySourceGenerationAttribute.g.verified.cs
    - Received: TelemetrySourceGeneratorLoggingGen2Tests.Generate_GivenInterfaceWithGenerics_RaisesDiagnostics_GuNZL4JIw_h5tWr-PyzmqtRbqJhDR5bTXFZWhDl_s-Y#AutoCounterAttribute.g.received.cs
      Verified: TelemetrySourceGeneratorLoggingGen2Tests.Generate_GivenInterfaceWithGenerics_RaisesDiagnostics_GuNZL4JIw_h5tWr-PyzmqtRbqJhDR5bTXFZWhDl_s-Y#AutoCounterAttribute.g.verified.cs
    - Received: TelemetrySourceGeneratorLoggingGen2Tests.Generate_GivenInterfaceWithGenerics_RaisesDiagnostics_GuNZL4JIw_h5tWr-PyzmqtRbqJhDR5bTXFZWhDl_s-Y#BaggageAttribute.g.received.cs
      Verified: TelemetrySourceGeneratorLoggingGen2Tests.Generate_GivenInterfaceWithGenerics_RaisesDiagnostics_GuNZL4JIw_h5tWr-PyzmqtRbqJhDR5bTXFZWhDl_s-Y#BaggageAttribute.g.verified.cs
    - Received: TelemetrySourceGeneratorLoggingGen2Tests.Generate_GivenInterfaceWithGenerics_RaisesDiagnostics_GuNZL4JIw_h5tWr-PyzmqtRbqJhDR5bTXFZWhDl_s-Y#ContextAttribute.g.received.cs
      Verified: TelemetrySourceGeneratorLoggingGen2Tests.Generate_GivenInterfaceWithGenerics_RaisesDiagnostics_GuNZL4JIw_h5tWr-PyzmqtRbqJhDR5bTXFZWhDl_s-Y#ContextAttribute.g.verified.cs
    - Received: TelemetrySourceGeneratorLoggingGen2Tests.Generate_GivenInterfaceWithGenerics_RaisesDiagnostics_GuNZL4JIw_h5tWr-PyzmqtRbqJhDR5bTXFZWhDl_s-Y#CounterAttribute.g.received.cs
      Verified: TelemetrySourceGeneratorLoggingGen2Tests.Generate_GivenInterfaceWithGenerics_RaisesDiagnostics_GuNZL4JIw_h5tWr-PyzmqtRbqJhDR5bTXFZWhDl_s-Y#CounterAttribute.g.verified.cs
    - Received: TelemetrySourceGeneratorLoggingGen2Tests.Generate_GivenInterfaceWithGenerics_RaisesDiagnostics_GuNZL4JIw_h5tWr-PyzmqtRbqJhDR5bTXFZWhDl_s-Y#CriticalAttribute.g.received.cs
      Verified: TelemetrySourceGeneratorLoggingGen2Tests.Generate_GivenInterfaceWithGenerics_RaisesDiagnostics_GuNZL4JIw_h5tWr-PyzmqtRbqJhDR5bTXFZWhDl_s-Y#CriticalAttribute.g.verified.cs
    - Received: TelemetrySourceGeneratorLoggingGen2Tests.Generate_GivenInterfaceWithGenerics_RaisesDiagnostics_GuNZL4JIw_h5tWr-PyzmqtRbqJhDR5bTXFZWhDl_s-Y#DebugAttribute.g.received.cs
      Verified: TelemetrySourceGeneratorLoggingGen2Tests.Generate_GivenInterfaceWithGenerics_RaisesDiagnostics_GuNZL4JIw_h5tWr-PyzmqtRbqJhDR5bTXFZWhDl_s-Y#DebugAttribute.g.verified.cs
    - Received: TelemetrySourceGeneratorLoggingGen2Tests.Generate_GivenInterfaceWithGenerics_RaisesDiagnostics_GuNZL4JIw_h5tWr-PyzmqtRbqJhDR5bTXFZWhDl_s-Y#ErrorAttribute.g.received.cs
      Verified: TelemetrySourceGeneratorLoggingGen2Tests.Generate_GivenInterfaceWithGenerics_RaisesDiagnostics_GuNZL4JIw_h5tWr-PyzmqtRbqJhDR5bTXFZWhDl_s-Y#ErrorAttribute.g.verified.cs
    - Received: TelemetrySourceGeneratorLoggingGen2Tests.Generate_GivenInterfaceWithGenerics_RaisesDiagnostics_GuNZL4JIw_h5tWr-PyzmqtRbqJhDR5bTXFZWhDl_s-Y#EscapeAttribute.g.received.cs
      Verified: TelemetrySourceGeneratorLoggingGen2Tests.Generate_GivenInterfaceWithGenerics_RaisesDiagnostics_GuNZL4JIw_h5tWr-PyzmqtRbqJhDR5bTXFZWhDl_s-Y#EscapeAttribute.g.verified.cs
    - Received: TelemetrySourceGeneratorLoggingGen2Tests.Generate_GivenInterfaceWithGenerics_RaisesDiagnostics_GuNZL4JIw_h5tWr-PyzmqtRbqJhDR5bTXFZWhDl_s-Y#EventAttribute.g.received.cs
      Verified: TelemetrySourceGeneratorLoggingGen2Tests.Generate_GivenInterfaceWithGenerics_RaisesDiagnostics_GuNZL4JIw_h5tWr-PyzmqtRbqJhDR5bTXFZWhDl_s-Y#EventAttribute.g.verified.cs
    - Received: TelemetrySourceGeneratorLoggingGen2Tests.Generate_GivenInterfaceWithGenerics_RaisesDiagnostics_GuNZL4JIw_h5tWr-PyzmqtRbqJhDR5bTXFZWhDl_s-Y#ExcludeAttribute.g.received.cs
      Verified: TelemetrySourceGeneratorLoggingGen2Tests.Generate_GivenInterfaceWithGenerics_RaisesDiagnostics_GuNZL4JIw_h5tWr-PyzmqtRbqJhDR5bTXFZWhDl_s-Y#ExcludeAttribute.g.verified.cs
    - Received: TelemetrySourceGeneratorLoggingGen2Tests.Generate_GivenInterfaceWithGenerics_RaisesDiagnostics_GuNZL4JIw_h5tWr-PyzmqtRbqJhDR5bTXFZWhDl_s-Y#ExcludeTargetsAttribute.g.received.cs
      Verified: TelemetrySourceGeneratorLoggingGen2Tests.Generate_GivenInterfaceWithGenerics_RaisesDiagnostics_GuNZL4JIw_h5tWr-PyzmqtRbqJhDR5bTXFZWhDl_s-Y#ExcludeTargetsAttribute.g.verified.cs
    - Received: TelemetrySourceGeneratorLoggingGen2Tests.Generate_GivenInterfaceWithGenerics_RaisesDiagnostics_GuNZL4JIw_h5tWr-PyzmqtRbqJhDR5bTXFZWhDl_s-Y#ExpandEnumerableAttribute.g.received.cs
      Verified: TelemetrySourceGeneratorLoggingGen2Tests.Generate_GivenInterfaceWithGenerics_RaisesDiagnostics_GuNZL4JIw_h5tWr-PyzmqtRbqJhDR5bTXFZWhDl_s-Y#ExpandEnumerableAttribute.g.verified.cs
    - Received: TelemetrySourceGeneratorLoggingGen2Tests.Generate_GivenInterfaceWithGenerics_RaisesDiagnostics_GuNZL4JIw_h5tWr-PyzmqtRbqJhDR5bTXFZWhDl_s-Y#HistogramAttribute.g.received.cs
      Verified: TelemetrySourceGeneratorLoggingGen2Tests.Generate_GivenInterfaceWithGenerics_RaisesDiagnostics_GuNZL4JIw_h5tWr-PyzmqtRbqJhDR5bTXFZWhDl_s-Y#HistogramAttribute.g.verified.cs
    - Received: TelemetrySourceGeneratorLoggingGen2Tests.Generate_GivenInterfaceWithGenerics_RaisesDiagnostics_GuNZL4JIw_h5tWr-PyzmqtRbqJhDR5bTXFZWhDl_s-Y#InfoAttribute.g.received.cs
      Verified: TelemetrySourceGeneratorLoggingGen2Tests.Generate_GivenInterfaceWithGenerics_RaisesDiagnostics_GuNZL4JIw_h5tWr-PyzmqtRbqJhDR5bTXFZWhDl_s-Y#InfoAttribute.g.verified.cs
    - Received: TelemetrySourceGeneratorLoggingGen2Tests.Generate_GivenInterfaceWithGenerics_RaisesDiagnostics_GuNZL4JIw_h5tWr-PyzmqtRbqJhDR5bTXFZWhDl_s-Y#InstrumentMeasurementAttribute.g.received.cs
      Verified: TelemetrySourceGeneratorLoggingGen2Tests.Generate_GivenInterfaceWithGenerics_RaisesDiagnostics_GuNZL4JIw_h5tWr-PyzmqtRbqJhDR5bTXFZWhDl_s-Y#InstrumentMeasurementAttribute.g.verified.cs
    - Received: TelemetrySourceGeneratorLoggingGen2Tests.Generate_GivenInterfaceWithGenerics_RaisesDiagnostics_GuNZL4JIw_h5tWr-PyzmqtRbqJhDR5bTXFZWhDl_s-Y#LogAttribute.g.received.cs
      Verified: TelemetrySourceGeneratorLoggingGen2Tests.Generate_GivenInterfaceWithGenerics_RaisesDiagnostics_GuNZL4JIw_h5tWr-PyzmqtRbqJhDR5bTXFZWhDl_s-Y#LogAttribute.g.verified.cs
    - Received: TelemetrySourceGeneratorLoggingGen2Tests.Generate_GivenInterfaceWithGenerics_RaisesDiagnostics_GuNZL4JIw_h5tWr-PyzmqtRbqJhDR5bTXFZWhDl_s-Y#LoggerAttribute.g.received.cs
      Verified: TelemetrySourceGeneratorLoggingGen2Tests.Generate_GivenInterfaceWithGenerics_RaisesDiagnostics_GuNZL4JIw_h5tWr-PyzmqtRbqJhDR5bTXFZWhDl_s-Y#LoggerAttribute.g.verified.cs
    - Received: TelemetrySourceGeneratorLoggingGen2Tests.Generate_GivenInterfaceWithGenerics_RaisesDiagnostics_GuNZL4JIw_h5tWr-PyzmqtRbqJhDR5bTXFZWhDl_s-Y#LoggerGenerationAttribute.g.received.cs
      Verified: TelemetrySourceGeneratorLoggingGen2Tests.Generate_GivenInterfaceWithGenerics_RaisesDiagnostics_GuNZL4JIw_h5tWr-PyzmqtRbqJhDR5bTXFZWhDl_s-Y#LoggerGenerationAttribute.g.verified.cs
    - Received: TelemetrySourceGeneratorLoggingGen2Tests.Generate_GivenInterfaceWithGenerics_RaisesDiagnostics_GuNZL4JIw_h5tWr-PyzmqtRbqJhDR5bTXFZWhDl_s-Y#LoggerGenerationMode.g.received.cs
      Verified: TelemetrySourceGeneratorLoggingGen2Tests.Generate_GivenInterfaceWithGenerics_RaisesDiagnostics_GuNZL4JIw_h5tWr-PyzmqtRbqJhDR5bTXFZWhDl_s-Y#LoggerGenerationMode.g.verified.cs
    - Received: TelemetrySourceGeneratorLoggingGen2Tests.Generate_GivenInterfaceWithGenerics_RaisesDiagnostics_GuNZL4JIw_h5tWr-PyzmqtRbqJhDR5bTXFZWhDl_s-Y#LogPrefixType.g.received.cs
      Verified: TelemetrySourceGeneratorLoggingGen2Tests.Generate_GivenInterfaceWithGenerics_RaisesDiagnostics_GuNZL4JIw_h5tWr-PyzmqtRbqJhDR5bTXFZWhDl_s-Y#LogPrefixType.g.verified.cs
    - Received: TelemetrySourceGeneratorLoggingGen2Tests.Generate_GivenInterfaceWithGenerics_RaisesDiagnostics_GuNZL4JIw_h5tWr-PyzmqtRbqJhDR5bTXFZWhDl_s-Y#MeterAttribute.g.received.cs
      Verified: TelemetrySourceGeneratorLoggingGen2Tests.Generate_GivenInterfaceWithGenerics_RaisesDiagnostics_GuNZL4JIw_h5tWr-PyzmqtRbqJhDR5bTXFZWhDl_s-Y#MeterAttribute.g.verified.cs
    - Received: TelemetrySourceGeneratorLoggingGen2Tests.Generate_GivenInterfaceWithGenerics_RaisesDiagnostics_GuNZL4JIw_h5tWr-PyzmqtRbqJhDR5bTXFZWhDl_s-Y#MeterGenerationAttribute.g.received.cs
      Verified: TelemetrySourceGeneratorLoggingGen2Tests.Generate_GivenInterfaceWithGenerics_RaisesDiagnostics_GuNZL4JIw_h5tWr-PyzmqtRbqJhDR5bTXFZWhDl_s-Y#MeterGenerationAttribute.g.verified.cs
    - Received: TelemetrySourceGeneratorLoggingGen2Tests.Generate_GivenInterfaceWithGenerics_RaisesDiagnostics_GuNZL4JIw_h5tWr-PyzmqtRbqJhDR5bTXFZWhDl_s-Y#MeterNameGenerationType.g.received.cs
      Verified: TelemetrySourceGeneratorLoggingGen2Tests.Generate_GivenInterfaceWithGenerics_RaisesDiagnostics_GuNZL4JIw_h5tWr-PyzmqtRbqJhDR5bTXFZWhDl_s-Y#MeterNameGenerationType.g.verified.cs
    - Received: TelemetrySourceGeneratorLoggingGen2Tests.Generate_GivenInterfaceWithGenerics_RaisesDiagnostics_GuNZL4JIw_h5tWr-PyzmqtRbqJhDR5bTXFZWhDl_s-Y#NamingConvention.g.received.cs
      Verified: TelemetrySourceGeneratorLoggingGen2Tests.Generate_GivenInterfaceWithGenerics_RaisesDiagnostics_GuNZL4JIw_h5tWr-PyzmqtRbqJhDR5bTXFZWhDl_s-Y#NamingConvention.g.verified.cs
    - Received: TelemetrySourceGeneratorLoggingGen2Tests.Generate_GivenInterfaceWithGenerics_RaisesDiagnostics_GuNZL4JIw_h5tWr-PyzmqtRbqJhDR5bTXFZWhDl_s-Y#ObservableCounterAttribute.g.received.cs
      Verified: TelemetrySourceGeneratorLoggingGen2Tests.Generate_GivenInterfaceWithGenerics_RaisesDiagnostics_GuNZL4JIw_h5tWr-PyzmqtRbqJhDR5bTXFZWhDl_s-Y#ObservableCounterAttribute.g.verified.cs
    - Received: TelemetrySourceGeneratorLoggingGen2Tests.Generate_GivenInterfaceWithGenerics_RaisesDiagnostics_GuNZL4JIw_h5tWr-PyzmqtRbqJhDR5bTXFZWhDl_s-Y#ObservableGaugeAttribute.g.received.cs
      Verified: TelemetrySourceGeneratorLoggingGen2Tests.Generate_GivenInterfaceWithGenerics_RaisesDiagnostics_GuNZL4JIw_h5tWr-PyzmqtRbqJhDR5bTXFZWhDl_s-Y#ObservableGaugeAttribute.g.verified.cs
    - Received: TelemetrySourceGeneratorLoggingGen2Tests.Generate_GivenInterfaceWithGenerics_RaisesDiagnostics_GuNZL4JIw_h5tWr-PyzmqtRbqJhDR5bTXFZWhDl_s-Y#ObservableUpDownCounterAttribute.g.received.cs
      Verified: TelemetrySourceGeneratorLoggingGen2Tests.Generate_GivenInterfaceWithGenerics_RaisesDiagnostics_GuNZL4JIw_h5tWr-PyzmqtRbqJhDR5bTXFZWhDl_s-Y#ObservableUpDownCounterAttribute.g.verified.cs
    - Received: TelemetrySourceGeneratorLoggingGen2Tests.Generate_GivenInterfaceWithGenerics_RaisesDiagnostics_GuNZL4JIw_h5tWr-PyzmqtRbqJhDR5bTXFZWhDl_s-Y#StatusDescriptionAttribute.g.received.cs
      Verified: TelemetrySourceGeneratorLoggingGen2Tests.Generate_GivenInterfaceWithGenerics_RaisesDiagnostics_GuNZL4JIw_h5tWr-PyzmqtRbqJhDR5bTXFZWhDl_s-Y#StatusDescriptionAttribute.g.verified.cs
    - Received: TelemetrySourceGeneratorLoggingGen2Tests.Generate_GivenInterfaceWithGenerics_RaisesDiagnostics_GuNZL4JIw_h5tWr-PyzmqtRbqJhDR5bTXFZWhDl_s-Y#TagAttribute.g.received.cs
      Verified: TelemetrySourceGeneratorLoggingGen2Tests.Generate_GivenInterfaceWithGenerics_RaisesDiagnostics_GuNZL4JIw_h5tWr-PyzmqtRbqJhDR5bTXFZWhDl_s-Y#TagAttribute.g.verified.cs
    - Received: TelemetrySourceGeneratorLoggingGen2Tests.Generate_GivenInterfaceWithGenerics_RaisesDiagnostics_GuNZL4JIw_h5tWr-PyzmqtRbqJhDR5bTXFZWhDl_s-Y#Targets.g.received.cs
      Verified: TelemetrySourceGeneratorLoggingGen2Tests.Generate_GivenInterfaceWithGenerics_RaisesDiagnostics_GuNZL4JIw_h5tWr-PyzmqtRbqJhDR5bTXFZWhDl_s-Y#Targets.g.verified.cs
    - Received: TelemetrySourceGeneratorLoggingGen2Tests.Generate_GivenInterfaceWithGenerics_RaisesDiagnostics_GuNZL4JIw_h5tWr-PyzmqtRbqJhDR5bTXFZWhDl_s-Y#TelemetryGenerationAttribute.g.received.cs
      Verified: TelemetrySourceGeneratorLoggingGen2Tests.Generate_GivenInterfaceWithGenerics_RaisesDiagnostics_GuNZL4JIw_h5tWr-PyzmqtRbqJhDR5bTXFZWhDl_s-Y#TelemetryGenerationAttribute.g.verified.cs
    - Received: TelemetrySourceGeneratorLoggingGen2Tests.Generate_GivenInterfaceWithGenerics_RaisesDiagnostics_GuNZL4JIw_h5tWr-PyzmqtRbqJhDR5bTXFZWhDl_s-Y#TraceAttribute.g.received.cs
      Verified: TelemetrySourceGeneratorLoggingGen2Tests.Generate_GivenInterfaceWithGenerics_RaisesDiagnostics_GuNZL4JIw_h5tWr-PyzmqtRbqJhDR5bTXFZWhDl_s-Y#TraceAttribute.g.verified.cs
    - Received: TelemetrySourceGeneratorLoggingGen2Tests.Generate_GivenInterfaceWithGenerics_RaisesDiagnostics_GuNZL4JIw_h5tWr-PyzmqtRbqJhDR5bTXFZWhDl_s-Y#UpDownCounterAttribute.g.received.cs
      Verified: TelemetrySourceGeneratorLoggingGen2Tests.Generate_GivenInterfaceWithGenerics_RaisesDiagnostics_GuNZL4JIw_h5tWr-PyzmqtRbqJhDR5bTXFZWhDl_s-Y#UpDownCounterAttribute.g.verified.cs
    - Received: TelemetrySourceGeneratorLoggingGen2Tests.Generate_GivenInterfaceWithGenerics_RaisesDiagnostics_GuNZL4JIw_h5tWr-PyzmqtRbqJhDR5bTXFZWhDl_s-Y#WarningAttribute.g.received.cs
      Verified: TelemetrySourceGeneratorLoggingGen2Tests.Generate_GivenInterfaceWithGenerics_RaisesDiagnostics_GuNZL4JIw_h5tWr-PyzmqtRbqJhDR5bTXFZWhDl_s-Y#WarningAttribute.g.verified.cs
  
  Standard output
    DBG: --- Adding templates.
    DBG: Adding ActivitySourceGenerationAttribute as ActivitySourceGenerationAttribute.g.cs.
    DBG: Adding ActivitySourceAttribute as ActivitySourceAttribute.g.cs.
    DBG: Adding ActivityAttribute as ActivityAttribute.g.cs.
    DBG: Adding EventAttribute as EventAttribute.g.cs.
    DBG: Adding ContextAttribute as ContextAttribute.g.cs.
    DBG: Adding BaggageAttribute as BaggageAttribute.g.cs.
    DBG: Adding EscapeAttribute as EscapeAttribute.g.cs.
    DBG: Adding StatusDescriptionAttribute as StatusDescriptionAttribute.g.cs.
    DBG: Adding LoggerGenerationAttribute as LoggerGenerationAttribute.g.cs.
    DBG: Adding LoggerAttribute as LoggerAttribute.g.cs.
    DBG: Adding LogAttribute as LogAttribute.g.cs.
    DBG: Adding LogPrefixType as LogPrefixType.g.cs.
    DBG: Adding LoggerGenerationMode as LoggerGenerationMode.g.cs.
    DBG: Adding ExpandEnumerableAttribute as ExpandEnumerableAttribute.g.cs.
    DBG: Adding TraceAttribute as TraceAttribute.g.cs.
    DBG: Adding DebugAttribute as DebugAttribute.g.cs.
    DBG: Adding InfoAttribute as InfoAttribute.g.cs.
    DBG: Adding WarningAttribute as WarningAttribute.g.cs.
    DBG: Adding ErrorAttribute as ErrorAttribute.g.cs.
    DBG: Adding CriticalAttribute as CriticalAttribute.g.cs.
    DBG: Adding MeterGenerationAttribute as MeterGenerationAttribute.g.cs.
    DBG: Adding MeterAttribute as MeterAttribute.g.cs.
    DBG: Adding MeterNameGenerationType as MeterNameGenerationType.g.cs.
    DBG: Adding InstrumentMeasurementAttribute as InstrumentMeasurementAttribute.g.cs.
    DBG: Adding AutoCounterAttribute as AutoCounterAttribute.g.cs.
    DBG: Adding CounterAttribute as CounterAttribute.g.cs.
    DBG: Adding UpDownCounterAttribute as UpDownCounterAttribute.g.cs.
    DBG: Adding HistogramAttribute as HistogramAttribute.g.cs.
    DBG: Adding ObservableCounterAttribute as ObservableCounterAttribute.g.cs.
    DBG: Adding ObservableGaugeAttribute as ObservableGaugeAttribute.g.cs.
    DBG: Adding ObservableUpDownCounterAttribute as ObservableUpDownCounterAttribute.g.cs.
    DBG: Adding TagAttribute as TagAttribute.g.cs.
    DBG: Adding ExcludeAttribute as ExcludeAttribute.g.cs.
    DBG: Adding TelemetryGenerationAttribute as TelemetryGenerationAttribute.g.cs.
    DBG: Adding Targets as Targets.g.cs.
    DBG: Adding NamingConvention as NamingConvention.g.cs.
    DBG: Adding ExcludeTargetsAttribute as ExcludeTargetsAttribute.g.cs.
    DBG: --- Finished adding templates.
    DIA: Cannot generate a Logger target for a generic interface '[Logger] public interface ITestLogger<T0, T1, T2, T3, T4> { void LogEntryWithGenericTypeParam(); }'.
    
  Error output
failed Generate_GivenMethodWithGenerics_RaisesDiagnostics(5) (3s 371ms)
  [Test Failure] VerifyException: Directory: P:\GitHub\kjldev\purview-telemetry-sourcegenerator\src\Purview.Telemetry.SourceGenerator.IntegrationTests\Snapshots
Delete:
  - TelemetrySourceGeneratorLoggingGen2Tests.Generate_GivenMethodWithGenerics_RaisesDiagnostics_GuNZL4JIw_h5tWr-PyzmqtRbqJhDR5bTXFZWhDl_s-Y.verified.txt
Equal:
  - Received: TelemetrySourceGeneratorLoggingGen2Tests.Generate_GivenMethodWithGenerics_RaisesDiagnostics_GuNZL4JIw_h5tWr-PyzmqtRbqJhDR5bTXFZWhDl_s-Y#ActivityAttribute.g.received.cs
    Verified: TelemetrySourceGeneratorLoggingGen2Tests.Generate_GivenMethodWithGenerics_RaisesDiagnostics_GuNZL4JIw_h5tWr-PyzmqtRbqJhDR5bTXFZWhDl_s-Y#ActivityAttribute.g.verified.cs
  - Received: TelemetrySourceGeneratorLoggingGen2Tests.Generate_GivenMethodWithGenerics_RaisesDiagnostics_GuNZL4JIw_h5tWr-PyzmqtRbqJhDR5bTXFZWhDl_s-Y#ActivitySourceAttribute.g.received.cs
    Verified: TelemetrySourceGeneratorLoggingGen2Tests.Generate_GivenMethodWithGenerics_RaisesDiagnostics_GuNZL4JIw_h5tWr-PyzmqtRbqJhDR5bTXFZWhDl_s-Y#ActivitySourceAttribute.g.verified.cs
  - Received: TelemetrySourceGeneratorLoggingGen2Tests.Generate_GivenMethodWithGenerics_RaisesDiagnostics_GuNZL4JIw_h5tWr-PyzmqtRbqJhDR5bTXFZWhDl_s-Y#ActivitySourceGenerationAttribute.g.received.cs
    Verified: TelemetrySourceGeneratorLoggingGen2Tests.Generate_GivenMethodWithGenerics_RaisesDiagnostics_GuNZL4JIw_h5tWr-PyzmqtRbqJhDR5bTXFZWhDl_s-Y#ActivitySourceGenerationAttribute.g.verified.cs
  - Received: TelemetrySourceGeneratorLoggingGen2Tests.Generate_GivenMethodWithGenerics_RaisesDiagnostics_GuNZL4JIw_h5tWr-PyzmqtRbqJhDR5bTXFZWhDl_s-Y#AutoCounterAttribute.g.received.cs
    Verified: TelemetrySourceGeneratorLoggingGen2Tests.Generate_GivenMethodWithGenerics_RaisesDiagnostics_GuNZL4JIw_h5tWr-PyzmqtRbqJhDR5bTXFZWhDl_s-Y#AutoCounterAttribute.g.verified.cs
  - Received: TelemetrySourceGeneratorLoggingGen2Tests.Generate_GivenMethodWithGenerics_RaisesDiagnostics_GuNZL4JIw_h5tWr-PyzmqtRbqJhDR5bTXFZWhDl_s-Y#BaggageAttribute.g.received.cs
    Verified: TelemetrySourceGeneratorLoggingGen2Tests.Generate_GivenMethodWithGenerics_RaisesDiagnostics_GuNZL4JIw_h5tWr-PyzmqtRbqJhDR5bTXFZWhDl_s-Y#BaggageAttribute.g.verified.cs
  - Received: TelemetrySourceGeneratorLoggingGen2Tests.Generate_GivenMethodWithGenerics_RaisesDiagnostics_GuNZL4JIw_h5tWr-PyzmqtRbqJhDR5bTXFZWhDl_s-Y#ContextAttribute.g.received.cs
    Verified: TelemetrySourceGeneratorLoggingGen2Tests.Generate_GivenMethodWithGenerics_RaisesDiagnostics_GuNZL4JIw_h5tWr-PyzmqtRbqJhDR5bTXFZWhDl_s-Y#ContextAttribute.g.verified.cs
  - Received: TelemetrySourceGeneratorLoggingGen2Tests.Generate_GivenMethodWithGenerics_RaisesDiagnostics_GuNZL4JIw_h5tWr-PyzmqtRbqJhDR5bTXFZWhDl_s-Y#CounterAttribute.g.received.cs
    Verified: TelemetrySourceGeneratorLoggingGen2Tests.Generate_GivenMethodWithGenerics_RaisesDiagnostics_GuNZL4JIw_h5tWr-PyzmqtRbqJhDR5bTXFZWhDl_s-Y#CounterAttribute.g.verified.cs
  - Received: TelemetrySourceGeneratorLoggingGen2Tests.Generate_GivenMethodWithGenerics_RaisesDiagnostics_GuNZL4JIw_h5tWr-PyzmqtRbqJhDR5bTXFZWhDl_s-Y#CriticalAttribute.g.received.cs
    Verified: TelemetrySourceGeneratorLoggingGen2Tests.Generate_GivenMethodWithGenerics_RaisesDiagnostics_GuNZL4JIw_h5tWr-PyzmqtRbqJhDR5bTXFZWhDl_s-Y#CriticalAttribute.g.verified.cs
  - Received: TelemetrySourceGeneratorLoggingGen2Tests.Generate_GivenMethodWithGenerics_RaisesDiagnostics_GuNZL4JIw_h5tWr-PyzmqtRbqJhDR5bTXFZWhDl_s-Y#DebugAttribute.g.received.cs
    Verified: TelemetrySourceGeneratorLoggingGen2Tests.Generate_GivenMethodWithGenerics_RaisesDiagnostics_GuNZL4JIw_h5tWr-PyzmqtRbqJhDR5bTXFZWhDl_s-Y#DebugAttribute.g.verified.cs
  - Received: TelemetrySourceGeneratorLoggingGen2Tests.Generate_GivenMethodWithGenerics_RaisesDiagnostics_GuNZL4JIw_h5tWr-PyzmqtRbqJhDR5bTXFZWhDl_s-Y#ErrorAttribute.g.received.cs
    Verified: TelemetrySourceGeneratorLoggingGen2Tests.Generate_GivenMethodWithGenerics_RaisesDiagnostics_GuNZL4JIw_h5tWr-PyzmqtRbqJhDR5bTXFZWhDl_s-Y#ErrorAttribute.g.verified.cs
  - Received: TelemetrySourceGeneratorLoggingGen2Tests.Generate_GivenMethodWithGenerics_RaisesDiagnostics_GuNZL4JIw_h5tWr-PyzmqtRbqJhDR5bTXFZWhDl_s-Y#EscapeAttribute.g.received.cs
    Verified: TelemetrySourceGeneratorLoggingGen2Tests.Generate_GivenMethodWithGenerics_RaisesDiagnostics_GuNZL4JIw_h5tWr-PyzmqtRbqJhDR5bTXFZWhDl_s-Y#EscapeAttribute.g.verified.cs
  - Received: TelemetrySourceGeneratorLoggingGen2Tests.Generate_GivenMethodWithGenerics_RaisesDiagnostics_GuNZL4JIw_h5tWr-PyzmqtRbqJhDR5bTXFZWhDl_s-Y#EventAttribute.g.received.cs
    Verified: TelemetrySourceGeneratorLoggingGen2Tests.Generate_GivenMethodWithGenerics_RaisesDiagnostics_GuNZL4JIw_h5tWr-PyzmqtRbqJhDR5bTXFZWhDl_s-Y#EventAttribute.g.verified.cs
  - Received: TelemetrySourceGeneratorLoggingGen2Tests.Generate_GivenMethodWithGenerics_RaisesDiagnostics_GuNZL4JIw_h5tWr-PyzmqtRbqJhDR5bTXFZWhDl_s-Y#ExcludeAttribute.g.received.cs
    Verified: TelemetrySourceGeneratorLoggingGen2Tests.Generate_GivenMethodWithGenerics_RaisesDiagnostics_GuNZL4JIw_h5tWr-PyzmqtRbqJhDR5bTXFZWhDl_s-Y#ExcludeAttribute.g.verified.cs
  - Received: TelemetrySourceGeneratorLoggingGen2Tests.Generate_GivenMethodWithGenerics_RaisesDiagnostics_GuNZL4JIw_h5tWr-PyzmqtRbqJhDR5bTXFZWhDl_s-Y#ExcludeTargetsAttribute.g.received.cs
    Verified: TelemetrySourceGeneratorLoggingGen2Tests.Generate_GivenMethodWithGenerics_RaisesDiagnostics_GuNZL4JIw_h5tWr-PyzmqtRbqJhDR5bTXFZWhDl_s-Y#ExcludeTargetsAttribute.g.verified.cs
  - Received: TelemetrySourceGeneratorLoggingGen2Tests.Generate_GivenMethodWithGenerics_RaisesDiagnostics_GuNZL4JIw_h5tWr-PyzmqtRbqJhDR5bTXFZWhDl_s-Y#ExpandEnumerableAttribute.g.received.cs
    Verified: TelemetrySourceGeneratorLoggingGen2Tests.Generate_GivenMethodWithGenerics_RaisesDiagnostics_GuNZL4JIw_h5tWr-PyzmqtRbqJhDR5bTXFZWhDl_s-Y#ExpandEnumerableAttribute.g.verified.cs
  - Received: TelemetrySourceGeneratorLoggingGen2Tests.Generate_GivenMethodWithGenerics_RaisesDiagnostics_GuNZL4JIw_h5tWr-PyzmqtRbqJhDR5bTXFZWhDl_s-Y#HistogramAttribute.g.received.cs
    Verified: TelemetrySourceGeneratorLoggingGen2Tests.Generate_GivenMethodWithGenerics_RaisesDiagnostics_GuNZL4JIw_h5tWr-PyzmqtRbqJhDR5bTXFZWhDl_s-Y#HistogramAttribute.g.verified.cs
  - Received: TelemetrySourceGeneratorLoggingGen2Tests.Generate_GivenMethodWithGenerics_RaisesDiagnostics_GuNZL4JIw_h5tWr-PyzmqtRbqJhDR5bTXFZWhDl_s-Y#InfoAttribute.g.received.cs
    Verified: TelemetrySourceGeneratorLoggingGen2Tests.Generate_GivenMethodWithGenerics_RaisesDiagnostics_GuNZL4JIw_h5tWr-PyzmqtRbqJhDR5bTXFZWhDl_s-Y#InfoAttribute.g.verified.cs
  - Received: TelemetrySourceGeneratorLoggingGen2Tests.Generate_GivenMethodWithGenerics_RaisesDiagnostics_GuNZL4JIw_h5tWr-PyzmqtRbqJhDR5bTXFZWhDl_s-Y#InstrumentMeasurementAttribute.g.received.cs
    Verified: TelemetrySourceGeneratorLoggingGen2Tests.Generate_GivenMethodWithGenerics_RaisesDiagnostics_GuNZL4JIw_h5tWr-PyzmqtRbqJhDR5bTXFZWhDl_s-Y#InstrumentMeasurementAttribute.g.verified.cs
  - Received: TelemetrySourceGeneratorLoggingGen2Tests.Generate_GivenMethodWithGenerics_RaisesDiagnostics_GuNZL4JIw_h5tWr-PyzmqtRbqJhDR5bTXFZWhDl_s-Y#LogAttribute.g.received.cs
    Verified: TelemetrySourceGeneratorLoggingGen2Tests.Generate_GivenMethodWithGenerics_RaisesDiagnostics_GuNZL4JIw_h5tWr-PyzmqtRbqJhDR5bTXFZWhDl_s-Y#LogAttribute.g.verified.cs
  - Received: TelemetrySourceGeneratorLoggingGen2Tests.Generate_GivenMethodWithGenerics_RaisesDiagnostics_GuNZL4JIw_h5tWr-PyzmqtRbqJhDR5bTXFZWhDl_s-Y#LoggerAttribute.g.received.cs
    Verified: TelemetrySourceGeneratorLoggingGen2Tests.Generate_GivenMethodWithGenerics_RaisesDiagnostics_GuNZL4JIw_h5tWr-PyzmqtRbqJhDR5bTXFZWhDl_s-Y#LoggerAttribute.g.verified.cs
  - Received: TelemetrySourceGeneratorLoggingGen2Tests.Generate_GivenMethodWithGenerics_RaisesDiagnostics_GuNZL4JIw_h5tWr-PyzmqtRbqJhDR5bTXFZWhDl_s-Y#LoggerGenerationAttribute.g.received.cs
    Verified: TelemetrySourceGeneratorLoggingGen2Tests.Generate_GivenMethodWithGenerics_RaisesDiagnostics_GuNZL4JIw_h5tWr-PyzmqtRbqJhDR5bTXFZWhDl_s-Y#LoggerGenerationAttribute.g.verified.cs
  - Received: TelemetrySourceGeneratorLoggingGen2Tests.Generate_GivenMethodWithGenerics_RaisesDiagnostics_GuNZL4JIw_h5tWr-PyzmqtRbqJhDR5bTXFZWhDl_s-Y#LoggerGenerationMode.g.received.cs
    Verified: TelemetrySourceGeneratorLoggingGen2Tests.Generate_GivenMethodWithGenerics_RaisesDiagnostics_GuNZL4JIw_h5tWr-PyzmqtRbqJhDR5bTXFZWhDl_s-Y#LoggerGenerationMode.g.verified.cs
  - Received: TelemetrySourceGeneratorLoggingGen2Tests.Generate_GivenMethodWithGenerics_RaisesDiagnostics_GuNZL4JIw_h5tWr-PyzmqtRbqJhDR5bTXFZWhDl_s-Y#LogPrefixType.g.received.cs
    Verified: TelemetrySourceGeneratorLoggingGen2Tests.Generate_GivenMethodWithGenerics_RaisesDiagnostics_GuNZL4JIw_h5tWr-PyzmqtRbqJhDR5bTXFZWhDl_s-Y#LogPrefixType.g.verified.cs
  - Received: TelemetrySourceGeneratorLoggingGen2Tests.Generate_GivenMethodWithGenerics_RaisesDiagnostics_GuNZL4JIw_h5tWr-PyzmqtRbqJhDR5bTXFZWhDl_s-Y#MeterAttribute.g.received.cs
    Verified: TelemetrySourceGeneratorLoggingGen2Tests.Generate_GivenMethodWithGenerics_RaisesDiagnostics_GuNZL4JIw_h5tWr-PyzmqtRbqJhDR5bTXFZWhDl_s-Y#MeterAttribute.g.verified.cs
  - Received: TelemetrySourceGeneratorLoggingGen2Tests.Generate_GivenMethodWithGenerics_RaisesDiagnostics_GuNZL4JIw_h5tWr-PyzmqtRbqJhDR5bTXFZWhDl_s-Y#MeterGenerationAttribute.g.received.cs
    Verified: TelemetrySourceGeneratorLoggingGen2Tests.Generate_GivenMethodWithGenerics_RaisesDiagnostics_GuNZL4JIw_h5tWr-PyzmqtRbqJhDR5bTXFZWhDl_s-Y#MeterGenerationAttribute.g.verified.cs
  - Received: TelemetrySourceGeneratorLoggingGen2Tests.Generate_GivenMethodWithGenerics_RaisesDiagnostics_GuNZL4JIw_h5tWr-PyzmqtRbqJhDR5bTXFZWhDl_s-Y#MeterNameGenerationType.g.received.cs
    Verified: TelemetrySourceGeneratorLoggingGen2Tests.Generate_GivenMethodWithGenerics_RaisesDiagnostics_GuNZL4JIw_h5tWr-PyzmqtRbqJhDR5bTXFZWhDl_s-Y#MeterNameGenerationType.g.verified.cs
  - Received: TelemetrySourceGeneratorLoggingGen2Tests.Generate_GivenMethodWithGenerics_RaisesDiagnostics_GuNZL4JIw_h5tWr-PyzmqtRbqJhDR5bTXFZWhDl_s-Y#NamingConvention.g.received.cs
    Verified: TelemetrySourceGeneratorLoggingGen2Tests.Generate_GivenMethodWithGenerics_RaisesDiagnostics_GuNZL4JIw_h5tWr-PyzmqtRbqJhDR5bTXFZWhDl_s-Y#NamingConvention.g.verified.cs
  - Received: TelemetrySourceGeneratorLoggingGen2Tests.Generate_GivenMethodWithGenerics_RaisesDiagnostics_GuNZL4JIw_h5tWr-PyzmqtRbqJhDR5bTXFZWhDl_s-Y#ObservableCounterAttribute.g.received.cs
    Verified: TelemetrySourceGeneratorLoggingGen2Tests.Generate_GivenMethodWithGenerics_RaisesDiagnostics_GuNZL4JIw_h5tWr-PyzmqtRbqJhDR5bTXFZWhDl_s-Y#ObservableCounterAttribute.g.verified.cs
  - Received: TelemetrySourceGeneratorLoggingGen2Tests.Generate_GivenMethodWithGenerics_RaisesDiagnostics_GuNZL4JIw_h5tWr-PyzmqtRbqJhDR5bTXFZWhDl_s-Y#ObservableGaugeAttribute.g.received.cs
    Verified: TelemetrySourceGeneratorLoggingGen2Tests.Generate_GivenMethodWithGenerics_RaisesDiagnostics_GuNZL4JIw_h5tWr-PyzmqtRbqJhDR5bTXFZWhDl_s-Y#ObservableGaugeAttribute.g.verified.cs
  - Received: TelemetrySourceGeneratorLoggingGen2Tests.Generate_GivenMethodWithGenerics_RaisesDiagnostics_GuNZL4JIw_h5tWr-PyzmqtRbqJhDR5bTXFZWhDl_s-Y#ObservableUpDownCounterAttribute.g.received.cs
    Verified: TelemetrySourceGeneratorLoggingGen2Tests.Generate_GivenMethodWithGenerics_RaisesDiagnostics_GuNZL4JIw_h5tWr-PyzmqtRbqJhDR5bTXFZWhDl_s-Y#ObservableUpDownCounterAttribute.g.verified.cs
  - Received: TelemetrySourceGeneratorLoggingGen2Tests.Generate_GivenMethodWithGenerics_RaisesDiagnostics_GuNZL4JIw_h5tWr-PyzmqtRbqJhDR5bTXFZWhDl_s-Y#StatusDescriptionAttribute.g.received.cs
    Verified: TelemetrySourceGeneratorLoggingGen2Tests.Generate_GivenMethodWithGenerics_RaisesDiagnostics_GuNZL4JIw_h5tWr-PyzmqtRbqJhDR5bTXFZWhDl_s-Y#StatusDescriptionAttribute.g.verified.cs
  - Received: TelemetrySourceGeneratorLoggingGen2Tests.Generate_GivenMethodWithGenerics_RaisesDiagnostics_GuNZL4JIw_h5tWr-PyzmqtRbqJhDR5bTXFZWhDl_s-Y#TagAttribute.g.received.cs
    Verified: TelemetrySourceGeneratorLoggingGen2Tests.Generate_GivenMethodWithGenerics_RaisesDiagnostics_GuNZL4JIw_h5tWr-PyzmqtRbqJhDR5bTXFZWhDl_s-Y#TagAttribute.g.verified.cs
  - Received: TelemetrySourceGeneratorLoggingGen2Tests.Generate_GivenMethodWithGenerics_RaisesDiagnostics_GuNZL4JIw_h5tWr-PyzmqtRbqJhDR5bTXFZWhDl_s-Y#Targets.g.received.cs
    Verified: TelemetrySourceGeneratorLoggingGen2Tests.Generate_GivenMethodWithGenerics_RaisesDiagnostics_GuNZL4JIw_h5tWr-PyzmqtRbqJhDR5bTXFZWhDl_s-Y#Targets.g.verified.cs
  - Received: TelemetrySourceGeneratorLoggingGen2Tests.Generate_GivenMethodWithGenerics_RaisesDiagnostics_GuNZL4JIw_h5tWr-PyzmqtRbqJhDR5bTXFZWhDl_s-Y#TelemetryGenerationAttribute.g.received.cs
    Verified: TelemetrySourceGeneratorLoggingGen2Tests.Generate_GivenMethodWithGenerics_RaisesDiagnostics_GuNZL4JIw_h5tWr-PyzmqtRbqJhDR5bTXFZWhDl_s-Y#TelemetryGenerationAttribute.g.verified.cs
  - Received: TelemetrySourceGeneratorLoggingGen2Tests.Generate_GivenMethodWithGenerics_RaisesDiagnostics_GuNZL4JIw_h5tWr-PyzmqtRbqJhDR5bTXFZWhDl_s-Y#TraceAttribute.g.received.cs
    Verified: TelemetrySourceGeneratorLoggingGen2Tests.Generate_GivenMethodWithGenerics_RaisesDiagnostics_GuNZL4JIw_h5tWr-PyzmqtRbqJhDR5bTXFZWhDl_s-Y#TraceAttribute.g.verified.cs
  - Received: TelemetrySourceGeneratorLoggingGen2Tests.Generate_GivenMethodWithGenerics_RaisesDiagnostics_GuNZL4JIw_h5tWr-PyzmqtRbqJhDR5bTXFZWhDl_s-Y#UpDownCounterAttribute.g.received.cs
    Verified: TelemetrySourceGeneratorLoggingGen2Tests.Generate_GivenMethodWithGenerics_RaisesDiagnostics_GuNZL4JIw_h5tWr-PyzmqtRbqJhDR5bTXFZWhDl_s-Y#UpDownCounterAttribute.g.verified.cs
  - Received: TelemetrySourceGeneratorLoggingGen2Tests.Generate_GivenMethodWithGenerics_RaisesDiagnostics_GuNZL4JIw_h5tWr-PyzmqtRbqJhDR5bTXFZWhDl_s-Y#WarningAttribute.g.received.cs
    Verified: TelemetrySourceGeneratorLoggingGen2Tests.Generate_GivenMethodWithGenerics_RaisesDiagnostics_GuNZL4JIw_h5tWr-PyzmqtRbqJhDR5bTXFZWhDl_s-Y#WarningAttribute.g.verified.cs

  from P:\GitHub\kjldev\purview-telemetry-sourcegenerator\src\Purview.Telemetry.SourceGenerator.IntegrationTests\bin\Release\net10.0\Purview.Telemetry.SourceGenerator.IntegrationTests.dll (net10.0|x64)
  TUnit.Engine.Exceptions.TestFailedException: [Test Failure] VerifyException: Directory: P:\GitHub\kjldev\purview-telemetry-sourcegenerator\src\Purview.Telemetry.SourceGenerator.IntegrationTests\Snapshots
  Delete:
    - TelemetrySourceGeneratorLoggingGen2Tests.Generate_GivenMethodWithGenerics_RaisesDiagnostics_GuNZL4JIw_h5tWr-PyzmqtRbqJhDR5bTXFZWhDl_s-Y.verified.txt
  Equal:
    - Received: TelemetrySourceGeneratorLoggingGen2Tests.Generate_GivenMethodWithGenerics_RaisesDiagnostics_GuNZL4JIw_h5tWr-PyzmqtRbqJhDR5bTXFZWhDl_s-Y#ActivityAttribute.g.received.cs
      Verified: TelemetrySourceGeneratorLoggingGen2Tests.Generate_GivenMethodWithGenerics_RaisesDiagnostics_GuNZL4JIw_h5tWr-PyzmqtRbqJhDR5bTXFZWhDl_s-Y#ActivityAttribute.g.verified.cs
    - Received: TelemetrySourceGeneratorLoggingGen2Tests.Generate_GivenMethodWithGenerics_RaisesDiagnostics_GuNZL4JIw_h5tWr-PyzmqtRbqJhDR5bTXFZWhDl_s-Y#ActivitySourceAttribute.g.received.cs
      Verified: TelemetrySourceGeneratorLoggingGen2Tests.Generate_GivenMethodWithGenerics_RaisesDiagnostics_GuNZL4JIw_h5tWr-PyzmqtRbqJhDR5bTXFZWhDl_s-Y#ActivitySourceAttribute.g.verified.cs
    - Received: TelemetrySourceGeneratorLoggingGen2Tests.Generate_GivenMethodWithGenerics_RaisesDiagnostics_GuNZL4JIw_h5tWr-PyzmqtRbqJhDR5bTXFZWhDl_s-Y#ActivitySourceGenerationAttribute.g.received.cs
      Verified: TelemetrySourceGeneratorLoggingGen2Tests.Generate_GivenMethodWithGenerics_RaisesDiagnostics_GuNZL4JIw_h5tWr-PyzmqtRbqJhDR5bTXFZWhDl_s-Y#ActivitySourceGenerationAttribute.g.verified.cs
    - Received: TelemetrySourceGeneratorLoggingGen2Tests.Generate_GivenMethodWithGenerics_RaisesDiagnostics_GuNZL4JIw_h5tWr-PyzmqtRbqJhDR5bTXFZWhDl_s-Y#AutoCounterAttribute.g.received.cs
      Verified: TelemetrySourceGeneratorLoggingGen2Tests.Generate_GivenMethodWithGenerics_RaisesDiagnostics_GuNZL4JIw_h5tWr-PyzmqtRbqJhDR5bTXFZWhDl_s-Y#AutoCounterAttribute.g.verified.cs
    - Received: TelemetrySourceGeneratorLoggingGen2Tests.Generate_GivenMethodWithGenerics_RaisesDiagnostics_GuNZL4JIw_h5tWr-PyzmqtRbqJhDR5bTXFZWhDl_s-Y#BaggageAttribute.g.received.cs
      Verified: TelemetrySourceGeneratorLoggingGen2Tests.Generate_GivenMethodWithGenerics_RaisesDiagnostics_GuNZL4JIw_h5tWr-PyzmqtRbqJhDR5bTXFZWhDl_s-Y#BaggageAttribute.g.verified.cs
    - Received: TelemetrySourceGeneratorLoggingGen2Tests.Generate_GivenMethodWithGenerics_RaisesDiagnostics_GuNZL4JIw_h5tWr-PyzmqtRbqJhDR5bTXFZWhDl_s-Y#ContextAttribute.g.received.cs
      Verified: TelemetrySourceGeneratorLoggingGen2Tests.Generate_GivenMethodWithGenerics_RaisesDiagnostics_GuNZL4JIw_h5tWr-PyzmqtRbqJhDR5bTXFZWhDl_s-Y#ContextAttribute.g.verified.cs
    - Received: TelemetrySourceGeneratorLoggingGen2Tests.Generate_GivenMethodWithGenerics_RaisesDiagnostics_GuNZL4JIw_h5tWr-PyzmqtRbqJhDR5bTXFZWhDl_s-Y#CounterAttribute.g.received.cs
      Verified: TelemetrySourceGeneratorLoggingGen2Tests.Generate_GivenMethodWithGenerics_RaisesDiagnostics_GuNZL4JIw_h5tWr-PyzmqtRbqJhDR5bTXFZWhDl_s-Y#CounterAttribute.g.verified.cs
    - Received: TelemetrySourceGeneratorLoggingGen2Tests.Generate_GivenMethodWithGenerics_RaisesDiagnostics_GuNZL4JIw_h5tWr-PyzmqtRbqJhDR5bTXFZWhDl_s-Y#CriticalAttribute.g.received.cs
      Verified: TelemetrySourceGeneratorLoggingGen2Tests.Generate_GivenMethodWithGenerics_RaisesDiagnostics_GuNZL4JIw_h5tWr-PyzmqtRbqJhDR5bTXFZWhDl_s-Y#CriticalAttribute.g.verified.cs
    - Received: TelemetrySourceGeneratorLoggingGen2Tests.Generate_GivenMethodWithGenerics_RaisesDiagnostics_GuNZL4JIw_h5tWr-PyzmqtRbqJhDR5bTXFZWhDl_s-Y#DebugAttribute.g.received.cs
      Verified: TelemetrySourceGeneratorLoggingGen2Tests.Generate_GivenMethodWithGenerics_RaisesDiagnostics_GuNZL4JIw_h5tWr-PyzmqtRbqJhDR5bTXFZWhDl_s-Y#DebugAttribute.g.verified.cs
    - Received: TelemetrySourceGeneratorLoggingGen2Tests.Generate_GivenMethodWithGenerics_RaisesDiagnostics_GuNZL4JIw_h5tWr-PyzmqtRbqJhDR5bTXFZWhDl_s-Y#ErrorAttribute.g.received.cs
      Verified: TelemetrySourceGeneratorLoggingGen2Tests.Generate_GivenMethodWithGenerics_RaisesDiagnostics_GuNZL4JIw_h5tWr-PyzmqtRbqJhDR5bTXFZWhDl_s-Y#ErrorAttribute.g.verified.cs
    - Received: TelemetrySourceGeneratorLoggingGen2Tests.Generate_GivenMethodWithGenerics_RaisesDiagnostics_GuNZL4JIw_h5tWr-PyzmqtRbqJhDR5bTXFZWhDl_s-Y#EscapeAttribute.g.received.cs
      Verified: TelemetrySourceGeneratorLoggingGen2Tests.Generate_GivenMethodWithGenerics_RaisesDiagnostics_GuNZL4JIw_h5tWr-PyzmqtRbqJhDR5bTXFZWhDl_s-Y#EscapeAttribute.g.verified.cs
    - Received: TelemetrySourceGeneratorLoggingGen2Tests.Generate_GivenMethodWithGenerics_RaisesDiagnostics_GuNZL4JIw_h5tWr-PyzmqtRbqJhDR5bTXFZWhDl_s-Y#EventAttribute.g.received.cs
      Verified: TelemetrySourceGeneratorLoggingGen2Tests.Generate_GivenMethodWithGenerics_RaisesDiagnostics_GuNZL4JIw_h5tWr-PyzmqtRbqJhDR5bTXFZWhDl_s-Y#EventAttribute.g.verified.cs
    - Received: TelemetrySourceGeneratorLoggingGen2Tests.Generate_GivenMethodWithGenerics_RaisesDiagnostics_GuNZL4JIw_h5tWr-PyzmqtRbqJhDR5bTXFZWhDl_s-Y#ExcludeAttribute.g.received.cs
      Verified: TelemetrySourceGeneratorLoggingGen2Tests.Generate_GivenMethodWithGenerics_RaisesDiagnostics_GuNZL4JIw_h5tWr-PyzmqtRbqJhDR5bTXFZWhDl_s-Y#ExcludeAttribute.g.verified.cs
    - Received: TelemetrySourceGeneratorLoggingGen2Tests.Generate_GivenMethodWithGenerics_RaisesDiagnostics_GuNZL4JIw_h5tWr-PyzmqtRbqJhDR5bTXFZWhDl_s-Y#ExcludeTargetsAttribute.g.received.cs
      Verified: TelemetrySourceGeneratorLoggingGen2Tests.Generate_GivenMethodWithGenerics_RaisesDiagnostics_GuNZL4JIw_h5tWr-PyzmqtRbqJhDR5bTXFZWhDl_s-Y#ExcludeTargetsAttribute.g.verified.cs
    - Received: TelemetrySourceGeneratorLoggingGen2Tests.Generate_GivenMethodWithGenerics_RaisesDiagnostics_GuNZL4JIw_h5tWr-PyzmqtRbqJhDR5bTXFZWhDl_s-Y#ExpandEnumerableAttribute.g.received.cs
      Verified: TelemetrySourceGeneratorLoggingGen2Tests.Generate_GivenMethodWithGenerics_RaisesDiagnostics_GuNZL4JIw_h5tWr-PyzmqtRbqJhDR5bTXFZWhDl_s-Y#ExpandEnumerableAttribute.g.verified.cs
    - Received: TelemetrySourceGeneratorLoggingGen2Tests.Generate_GivenMethodWithGenerics_RaisesDiagnostics_GuNZL4JIw_h5tWr-PyzmqtRbqJhDR5bTXFZWhDl_s-Y#HistogramAttribute.g.received.cs
      Verified: TelemetrySourceGeneratorLoggingGen2Tests.Generate_GivenMethodWithGenerics_RaisesDiagnostics_GuNZL4JIw_h5tWr-PyzmqtRbqJhDR5bTXFZWhDl_s-Y#HistogramAttribute.g.verified.cs
    - Received: TelemetrySourceGeneratorLoggingGen2Tests.Generate_GivenMethodWithGenerics_RaisesDiagnostics_GuNZL4JIw_h5tWr-PyzmqtRbqJhDR5bTXFZWhDl_s-Y#InfoAttribute.g.received.cs
      Verified: TelemetrySourceGeneratorLoggingGen2Tests.Generate_GivenMethodWithGenerics_RaisesDiagnostics_GuNZL4JIw_h5tWr-PyzmqtRbqJhDR5bTXFZWhDl_s-Y#InfoAttribute.g.verified.cs
    - Received: TelemetrySourceGeneratorLoggingGen2Tests.Generate_GivenMethodWithGenerics_RaisesDiagnostics_GuNZL4JIw_h5tWr-PyzmqtRbqJhDR5bTXFZWhDl_s-Y#InstrumentMeasurementAttribute.g.received.cs
      Verified: TelemetrySourceGeneratorLoggingGen2Tests.Generate_GivenMethodWithGenerics_RaisesDiagnostics_GuNZL4JIw_h5tWr-PyzmqtRbqJhDR5bTXFZWhDl_s-Y#InstrumentMeasurementAttribute.g.verified.cs
    - Received: TelemetrySourceGeneratorLoggingGen2Tests.Generate_GivenMethodWithGenerics_RaisesDiagnostics_GuNZL4JIw_h5tWr-PyzmqtRbqJhDR5bTXFZWhDl_s-Y#LogAttribute.g.received.cs
      Verified: TelemetrySourceGeneratorLoggingGen2Tests.Generate_GivenMethodWithGenerics_RaisesDiagnostics_GuNZL4JIw_h5tWr-PyzmqtRbqJhDR5bTXFZWhDl_s-Y#LogAttribute.g.verified.cs
    - Received: TelemetrySourceGeneratorLoggingGen2Tests.Generate_GivenMethodWithGenerics_RaisesDiagnostics_GuNZL4JIw_h5tWr-PyzmqtRbqJhDR5bTXFZWhDl_s-Y#LoggerAttribute.g.received.cs
      Verified: TelemetrySourceGeneratorLoggingGen2Tests.Generate_GivenMethodWithGenerics_RaisesDiagnostics_GuNZL4JIw_h5tWr-PyzmqtRbqJhDR5bTXFZWhDl_s-Y#LoggerAttribute.g.verified.cs
    - Received: TelemetrySourceGeneratorLoggingGen2Tests.Generate_GivenMethodWithGenerics_RaisesDiagnostics_GuNZL4JIw_h5tWr-PyzmqtRbqJhDR5bTXFZWhDl_s-Y#LoggerGenerationAttribute.g.received.cs
      Verified: TelemetrySourceGeneratorLoggingGen2Tests.Generate_GivenMethodWithGenerics_RaisesDiagnostics_GuNZL4JIw_h5tWr-PyzmqtRbqJhDR5bTXFZWhDl_s-Y#LoggerGenerationAttribute.g.verified.cs
    - Received: TelemetrySourceGeneratorLoggingGen2Tests.Generate_GivenMethodWithGenerics_RaisesDiagnostics_GuNZL4JIw_h5tWr-PyzmqtRbqJhDR5bTXFZWhDl_s-Y#LoggerGenerationMode.g.received.cs
      Verified: TelemetrySourceGeneratorLoggingGen2Tests.Generate_GivenMethodWithGenerics_RaisesDiagnostics_GuNZL4JIw_h5tWr-PyzmqtRbqJhDR5bTXFZWhDl_s-Y#LoggerGenerationMode.g.verified.cs
    - Received: TelemetrySourceGeneratorLoggingGen2Tests.Generate_GivenMethodWithGenerics_RaisesDiagnostics_GuNZL4JIw_h5tWr-PyzmqtRbqJhDR5bTXFZWhDl_s-Y#LogPrefixType.g.received.cs
      Verified: TelemetrySourceGeneratorLoggingGen2Tests.Generate_GivenMethodWithGenerics_RaisesDiagnostics_GuNZL4JIw_h5tWr-PyzmqtRbqJhDR5bTXFZWhDl_s-Y#LogPrefixType.g.verified.cs
    - Received: TelemetrySourceGeneratorLoggingGen2Tests.Generate_GivenMethodWithGenerics_RaisesDiagnostics_GuNZL4JIw_h5tWr-PyzmqtRbqJhDR5bTXFZWhDl_s-Y#MeterAttribute.g.received.cs
      Verified: TelemetrySourceGeneratorLoggingGen2Tests.Generate_GivenMethodWithGenerics_RaisesDiagnostics_GuNZL4JIw_h5tWr-PyzmqtRbqJhDR5bTXFZWhDl_s-Y#MeterAttribute.g.verified.cs
    - Received: TelemetrySourceGeneratorLoggingGen2Tests.Generate_GivenMethodWithGenerics_RaisesDiagnostics_GuNZL4JIw_h5tWr-PyzmqtRbqJhDR5bTXFZWhDl_s-Y#MeterGenerationAttribute.g.received.cs
      Verified: TelemetrySourceGeneratorLoggingGen2Tests.Generate_GivenMethodWithGenerics_RaisesDiagnostics_GuNZL4JIw_h5tWr-PyzmqtRbqJhDR5bTXFZWhDl_s-Y#MeterGenerationAttribute.g.verified.cs
    - Received: TelemetrySourceGeneratorLoggingGen2Tests.Generate_GivenMethodWithGenerics_RaisesDiagnostics_GuNZL4JIw_h5tWr-PyzmqtRbqJhDR5bTXFZWhDl_s-Y#MeterNameGenerationType.g.received.cs
      Verified: TelemetrySourceGeneratorLoggingGen2Tests.Generate_GivenMethodWithGenerics_RaisesDiagnostics_GuNZL4JIw_h5tWr-PyzmqtRbqJhDR5bTXFZWhDl_s-Y#MeterNameGenerationType.g.verified.cs
    - Received: TelemetrySourceGeneratorLoggingGen2Tests.Generate_GivenMethodWithGenerics_RaisesDiagnostics_GuNZL4JIw_h5tWr-PyzmqtRbqJhDR5bTXFZWhDl_s-Y#NamingConvention.g.received.cs
      Verified: TelemetrySourceGeneratorLoggingGen2Tests.Generate_GivenMethodWithGenerics_RaisesDiagnostics_GuNZL4JIw_h5tWr-PyzmqtRbqJhDR5bTXFZWhDl_s-Y#NamingConvention.g.verified.cs
    - Received: TelemetrySourceGeneratorLoggingGen2Tests.Generate_GivenMethodWithGenerics_RaisesDiagnostics_GuNZL4JIw_h5tWr-PyzmqtRbqJhDR5bTXFZWhDl_s-Y#ObservableCounterAttribute.g.received.cs
      Verified: TelemetrySourceGeneratorLoggingGen2Tests.Generate_GivenMethodWithGenerics_RaisesDiagnostics_GuNZL4JIw_h5tWr-PyzmqtRbqJhDR5bTXFZWhDl_s-Y#ObservableCounterAttribute.g.verified.cs
    - Received: TelemetrySourceGeneratorLoggingGen2Tests.Generate_GivenMethodWithGenerics_RaisesDiagnostics_GuNZL4JIw_h5tWr-PyzmqtRbqJhDR5bTXFZWhDl_s-Y#ObservableGaugeAttribute.g.received.cs
      Verified: TelemetrySourceGeneratorLoggingGen2Tests.Generate_GivenMethodWithGenerics_RaisesDiagnostics_GuNZL4JIw_h5tWr-PyzmqtRbqJhDR5bTXFZWhDl_s-Y#ObservableGaugeAttribute.g.verified.cs
    - Received: TelemetrySourceGeneratorLoggingGen2Tests.Generate_GivenMethodWithGenerics_RaisesDiagnostics_GuNZL4JIw_h5tWr-PyzmqtRbqJhDR5bTXFZWhDl_s-Y#ObservableUpDownCounterAttribute.g.received.cs
      Verified: TelemetrySourceGeneratorLoggingGen2Tests.Generate_GivenMethodWithGenerics_RaisesDiagnostics_GuNZL4JIw_h5tWr-PyzmqtRbqJhDR5bTXFZWhDl_s-Y#ObservableUpDownCounterAttribute.g.verified.cs
    - Received: TelemetrySourceGeneratorLoggingGen2Tests.Generate_GivenMethodWithGenerics_RaisesDiagnostics_GuNZL4JIw_h5tWr-PyzmqtRbqJhDR5bTXFZWhDl_s-Y#StatusDescriptionAttribute.g.received.cs
      Verified: TelemetrySourceGeneratorLoggingGen2Tests.Generate_GivenMethodWithGenerics_RaisesDiagnostics_GuNZL4JIw_h5tWr-PyzmqtRbqJhDR5bTXFZWhDl_s-Y#StatusDescriptionAttribute.g.verified.cs
    - Received: TelemetrySourceGeneratorLoggingGen2Tests.Generate_GivenMethodWithGenerics_RaisesDiagnostics_GuNZL4JIw_h5tWr-PyzmqtRbqJhDR5bTXFZWhDl_s-Y#TagAttribute.g.received.cs
      Verified: TelemetrySourceGeneratorLoggingGen2Tests.Generate_GivenMethodWithGenerics_RaisesDiagnostics_GuNZL4JIw_h5tWr-PyzmqtRbqJhDR5bTXFZWhDl_s-Y#TagAttribute.g.verified.cs
    - Received: TelemetrySourceGeneratorLoggingGen2Tests.Generate_GivenMethodWithGenerics_RaisesDiagnostics_GuNZL4JIw_h5tWr-PyzmqtRbqJhDR5bTXFZWhDl_s-Y#Targets.g.received.cs
      Verified: TelemetrySourceGeneratorLoggingGen2Tests.Generate_GivenMethodWithGenerics_RaisesDiagnostics_GuNZL4JIw_h5tWr-PyzmqtRbqJhDR5bTXFZWhDl_s-Y#Targets.g.verified.cs
    - Received: TelemetrySourceGeneratorLoggingGen2Tests.Generate_GivenMethodWithGenerics_RaisesDiagnostics_GuNZL4JIw_h5tWr-PyzmqtRbqJhDR5bTXFZWhDl_s-Y#TelemetryGenerationAttribute.g.received.cs
      Verified: TelemetrySourceGeneratorLoggingGen2Tests.Generate_GivenMethodWithGenerics_RaisesDiagnostics_GuNZL4JIw_h5tWr-PyzmqtRbqJhDR5bTXFZWhDl_s-Y#TelemetryGenerationAttribute.g.verified.cs
    - Received: TelemetrySourceGeneratorLoggingGen2Tests.Generate_GivenMethodWithGenerics_RaisesDiagnostics_GuNZL4JIw_h5tWr-PyzmqtRbqJhDR5bTXFZWhDl_s-Y#TraceAttribute.g.received.cs
      Verified: TelemetrySourceGeneratorLoggingGen2Tests.Generate_GivenMethodWithGenerics_RaisesDiagnostics_GuNZL4JIw_h5tWr-PyzmqtRbqJhDR5bTXFZWhDl_s-Y#TraceAttribute.g.verified.cs
    - Received: TelemetrySourceGeneratorLoggingGen2Tests.Generate_GivenMethodWithGenerics_RaisesDiagnostics_GuNZL4JIw_h5tWr-PyzmqtRbqJhDR5bTXFZWhDl_s-Y#UpDownCounterAttribute.g.received.cs
      Verified: TelemetrySourceGeneratorLoggingGen2Tests.Generate_GivenMethodWithGenerics_RaisesDiagnostics_GuNZL4JIw_h5tWr-PyzmqtRbqJhDR5bTXFZWhDl_s-Y#UpDownCounterAttribute.g.verified.cs
    - Received: TelemetrySourceGeneratorLoggingGen2Tests.Generate_GivenMethodWithGenerics_RaisesDiagnostics_GuNZL4JIw_h5tWr-PyzmqtRbqJhDR5bTXFZWhDl_s-Y#WarningAttribute.g.received.cs
      Verified: TelemetrySourceGeneratorLoggingGen2Tests.Generate_GivenMethodWithGenerics_RaisesDiagnostics_GuNZL4JIw_h5tWr-PyzmqtRbqJhDR5bTXFZWhDl_s-Y#WarningAttribute.g.verified.cs
  
  Standard output
    DBG: --- Adding templates.
    DBG: Adding ActivitySourceGenerationAttribute as ActivitySourceGenerationAttribute.g.cs.
    DBG: Adding ActivitySourceAttribute as ActivitySourceAttribute.g.cs.
    DBG: Adding ActivityAttribute as ActivityAttribute.g.cs.
    DBG: Adding EventAttribute as EventAttribute.g.cs.
    DBG: Adding ContextAttribute as ContextAttribute.g.cs.
    DBG: Adding BaggageAttribute as BaggageAttribute.g.cs.
    DBG: Adding EscapeAttribute as EscapeAttribute.g.cs.
    DBG: Adding StatusDescriptionAttribute as StatusDescriptionAttribute.g.cs.
    DBG: Adding LoggerGenerationAttribute as LoggerGenerationAttribute.g.cs.
    DBG: Adding LoggerAttribute as LoggerAttribute.g.cs.
    DBG: Adding LogAttribute as LogAttribute.g.cs.
    DBG: Adding LogPrefixType as LogPrefixType.g.cs.
    DBG: Adding LoggerGenerationMode as LoggerGenerationMode.g.cs.
    DBG: Adding ExpandEnumerableAttribute as ExpandEnumerableAttribute.g.cs.
    DBG: Adding TraceAttribute as TraceAttribute.g.cs.
    DBG: Adding DebugAttribute as DebugAttribute.g.cs.
    DBG: Adding InfoAttribute as InfoAttribute.g.cs.
    DBG: Adding WarningAttribute as WarningAttribute.g.cs.
    DBG: Adding ErrorAttribute as ErrorAttribute.g.cs.
    DBG: Adding CriticalAttribute as CriticalAttribute.g.cs.
    DBG: Adding MeterGenerationAttribute as MeterGenerationAttribute.g.cs.
    DBG: Adding MeterAttribute as MeterAttribute.g.cs.
    DBG: Adding MeterNameGenerationType as MeterNameGenerationType.g.cs.
    DBG: Adding InstrumentMeasurementAttribute as InstrumentMeasurementAttribute.g.cs.
    DBG: Adding AutoCounterAttribute as AutoCounterAttribute.g.cs.
    DBG: Adding CounterAttribute as CounterAttribute.g.cs.
    DBG: Adding UpDownCounterAttribute as UpDownCounterAttribute.g.cs.
    DBG: Adding HistogramAttribute as HistogramAttribute.g.cs.
    DBG: Adding ObservableCounterAttribute as ObservableCounterAttribute.g.cs.
    DBG: Adding ObservableGaugeAttribute as ObservableGaugeAttribute.g.cs.
    DBG: Adding ObservableUpDownCounterAttribute as ObservableUpDownCounterAttribute.g.cs.
    DBG: Adding TagAttribute as TagAttribute.g.cs.
    DBG: Adding ExcludeAttribute as ExcludeAttribute.g.cs.
    DBG: Adding TelemetryGenerationAttribute as TelemetryGenerationAttribute.g.cs.
    DBG: Adding Targets as Targets.g.cs.
    DBG: Adding NamingConvention as NamingConvention.g.cs.
    DBG: Adding ExcludeTargetsAttribute as ExcludeTargetsAttribute.g.cs.
    DBG: --- Finished adding templates.
    DIA: Cannot generate a Logger target for a generic interface '[Logger] public interface ITestLogger<T0, T1, T2, T3, T4> { void LogEntryWithGenericTypeParam(); }'.
    
  Error output
failed Generate_GivenBasicScopedAndLogHasLevelSet_GeneratesDiagnostic (3s 408ms)
  [Test Failure] VerifyException: Directory: P:\GitHub\kjldev\purview-telemetry-sourcegenerator\src\Purview.Telemetry.SourceGenerator.IntegrationTests\Snapshots
Delete:
  - TelemetrySourceGeneratorLoggingGen2Tests.Generate_GivenBasicScopedAndLogHasLevelSet_GeneratesDiagnostic.verified.txt
Equal:
  - Received: TelemetrySourceGeneratorLoggingGen2Tests.Generate_GivenBasicScopedAndLogHasLevelSet_GeneratesDiagnostic#ActivityAttribute.g.received.cs
    Verified: TelemetrySourceGeneratorLoggingGen2Tests.Generate_GivenBasicScopedAndLogHasLevelSet_GeneratesDiagnostic#ActivityAttribute.g.verified.cs
  - Received: TelemetrySourceGeneratorLoggingGen2Tests.Generate_GivenBasicScopedAndLogHasLevelSet_GeneratesDiagnostic#ActivitySourceAttribute.g.received.cs
    Verified: TelemetrySourceGeneratorLoggingGen2Tests.Generate_GivenBasicScopedAndLogHasLevelSet_GeneratesDiagnostic#ActivitySourceAttribute.g.verified.cs
  - Received: TelemetrySourceGeneratorLoggingGen2Tests.Generate_GivenBasicScopedAndLogHasLevelSet_GeneratesDiagnostic#ActivitySourceGenerationAttribute.g.received.cs
    Verified: TelemetrySourceGeneratorLoggingGen2Tests.Generate_GivenBasicScopedAndLogHasLevelSet_GeneratesDiagnostic#ActivitySourceGenerationAttribute.g.verified.cs
  - Received: TelemetrySourceGeneratorLoggingGen2Tests.Generate_GivenBasicScopedAndLogHasLevelSet_GeneratesDiagnostic#AutoCounterAttribute.g.received.cs
    Verified: TelemetrySourceGeneratorLoggingGen2Tests.Generate_GivenBasicScopedAndLogHasLevelSet_GeneratesDiagnostic#AutoCounterAttribute.g.verified.cs
  - Received: TelemetrySourceGeneratorLoggingGen2Tests.Generate_GivenBasicScopedAndLogHasLevelSet_GeneratesDiagnostic#BaggageAttribute.g.received.cs
    Verified: TelemetrySourceGeneratorLoggingGen2Tests.Generate_GivenBasicScopedAndLogHasLevelSet_GeneratesDiagnostic#BaggageAttribute.g.verified.cs
  - Received: TelemetrySourceGeneratorLoggingGen2Tests.Generate_GivenBasicScopedAndLogHasLevelSet_GeneratesDiagnostic#ContextAttribute.g.received.cs
    Verified: TelemetrySourceGeneratorLoggingGen2Tests.Generate_GivenBasicScopedAndLogHasLevelSet_GeneratesDiagnostic#ContextAttribute.g.verified.cs
  - Received: TelemetrySourceGeneratorLoggingGen2Tests.Generate_GivenBasicScopedAndLogHasLevelSet_GeneratesDiagnostic#CounterAttribute.g.received.cs
    Verified: TelemetrySourceGeneratorLoggingGen2Tests.Generate_GivenBasicScopedAndLogHasLevelSet_GeneratesDiagnostic#CounterAttribute.g.verified.cs
  - Received: TelemetrySourceGeneratorLoggingGen2Tests.Generate_GivenBasicScopedAndLogHasLevelSet_GeneratesDiagnostic#CriticalAttribute.g.received.cs
    Verified: TelemetrySourceGeneratorLoggingGen2Tests.Generate_GivenBasicScopedAndLogHasLevelSet_GeneratesDiagnostic#CriticalAttribute.g.verified.cs
  - Received: TelemetrySourceGeneratorLoggingGen2Tests.Generate_GivenBasicScopedAndLogHasLevelSet_GeneratesDiagnostic#DebugAttribute.g.received.cs
    Verified: TelemetrySourceGeneratorLoggingGen2Tests.Generate_GivenBasicScopedAndLogHasLevelSet_GeneratesDiagnostic#DebugAttribute.g.verified.cs
  - Received: TelemetrySourceGeneratorLoggingGen2Tests.Generate_GivenBasicScopedAndLogHasLevelSet_GeneratesDiagnostic#ErrorAttribute.g.received.cs
    Verified: TelemetrySourceGeneratorLoggingGen2Tests.Generate_GivenBasicScopedAndLogHasLevelSet_GeneratesDiagnostic#ErrorAttribute.g.verified.cs
  - Received: TelemetrySourceGeneratorLoggingGen2Tests.Generate_GivenBasicScopedAndLogHasLevelSet_GeneratesDiagnostic#EscapeAttribute.g.received.cs
    Verified: TelemetrySourceGeneratorLoggingGen2Tests.Generate_GivenBasicScopedAndLogHasLevelSet_GeneratesDiagnostic#EscapeAttribute.g.verified.cs
  - Received: TelemetrySourceGeneratorLoggingGen2Tests.Generate_GivenBasicScopedAndLogHasLevelSet_GeneratesDiagnostic#EventAttribute.g.received.cs
    Verified: TelemetrySourceGeneratorLoggingGen2Tests.Generate_GivenBasicScopedAndLogHasLevelSet_GeneratesDiagnostic#EventAttribute.g.verified.cs
  - Received: TelemetrySourceGeneratorLoggingGen2Tests.Generate_GivenBasicScopedAndLogHasLevelSet_GeneratesDiagnostic#ExcludeAttribute.g.received.cs
    Verified: TelemetrySourceGeneratorLoggingGen2Tests.Generate_GivenBasicScopedAndLogHasLevelSet_GeneratesDiagnostic#ExcludeAttribute.g.verified.cs
  - Received: TelemetrySourceGeneratorLoggingGen2Tests.Generate_GivenBasicScopedAndLogHasLevelSet_GeneratesDiagnostic#ExcludeTargetsAttribute.g.received.cs
    Verified: TelemetrySourceGeneratorLoggingGen2Tests.Generate_GivenBasicScopedAndLogHasLevelSet_GeneratesDiagnostic#ExcludeTargetsAttribute.g.verified.cs
  - Received: TelemetrySourceGeneratorLoggingGen2Tests.Generate_GivenBasicScopedAndLogHasLevelSet_GeneratesDiagnostic#ExpandEnumerableAttribute.g.received.cs
    Verified: TelemetrySourceGeneratorLoggingGen2Tests.Generate_GivenBasicScopedAndLogHasLevelSet_GeneratesDiagnostic#ExpandEnumerableAttribute.g.verified.cs
  - Received: TelemetrySourceGeneratorLoggingGen2Tests.Generate_GivenBasicScopedAndLogHasLevelSet_GeneratesDiagnostic#HistogramAttribute.g.received.cs
    Verified: TelemetrySourceGeneratorLoggingGen2Tests.Generate_GivenBasicScopedAndLogHasLevelSet_GeneratesDiagnostic#HistogramAttribute.g.verified.cs
  - Received: TelemetrySourceGeneratorLoggingGen2Tests.Generate_GivenBasicScopedAndLogHasLevelSet_GeneratesDiagnostic#InfoAttribute.g.received.cs
    Verified: TelemetrySourceGeneratorLoggingGen2Tests.Generate_GivenBasicScopedAndLogHasLevelSet_GeneratesDiagnostic#InfoAttribute.g.verified.cs
  - Received: TelemetrySourceGeneratorLoggingGen2Tests.Generate_GivenBasicScopedAndLogHasLevelSet_GeneratesDiagnostic#InstrumentMeasurementAttribute.g.received.cs
    Verified: TelemetrySourceGeneratorLoggingGen2Tests.Generate_GivenBasicScopedAndLogHasLevelSet_GeneratesDiagnostic#InstrumentMeasurementAttribute.g.verified.cs
  - Received: TelemetrySourceGeneratorLoggingGen2Tests.Generate_GivenBasicScopedAndLogHasLevelSet_GeneratesDiagnostic#LogAttribute.g.received.cs
    Verified: TelemetrySourceGeneratorLoggingGen2Tests.Generate_GivenBasicScopedAndLogHasLevelSet_GeneratesDiagnostic#LogAttribute.g.verified.cs
  - Received: TelemetrySourceGeneratorLoggingGen2Tests.Generate_GivenBasicScopedAndLogHasLevelSet_GeneratesDiagnostic#LoggerAttribute.g.received.cs
    Verified: TelemetrySourceGeneratorLoggingGen2Tests.Generate_GivenBasicScopedAndLogHasLevelSet_GeneratesDiagnostic#LoggerAttribute.g.verified.cs
  - Received: TelemetrySourceGeneratorLoggingGen2Tests.Generate_GivenBasicScopedAndLogHasLevelSet_GeneratesDiagnostic#LoggerGenerationAttribute.g.received.cs
    Verified: TelemetrySourceGeneratorLoggingGen2Tests.Generate_GivenBasicScopedAndLogHasLevelSet_GeneratesDiagnostic#LoggerGenerationAttribute.g.verified.cs
  - Received: TelemetrySourceGeneratorLoggingGen2Tests.Generate_GivenBasicScopedAndLogHasLevelSet_GeneratesDiagnostic#LoggerGenerationMode.g.received.cs
    Verified: TelemetrySourceGeneratorLoggingGen2Tests.Generate_GivenBasicScopedAndLogHasLevelSet_GeneratesDiagnostic#LoggerGenerationMode.g.verified.cs
  - Received: TelemetrySourceGeneratorLoggingGen2Tests.Generate_GivenBasicScopedAndLogHasLevelSet_GeneratesDiagnostic#LogPrefixType.g.received.cs
    Verified: TelemetrySourceGeneratorLoggingGen2Tests.Generate_GivenBasicScopedAndLogHasLevelSet_GeneratesDiagnostic#LogPrefixType.g.verified.cs
  - Received: TelemetrySourceGeneratorLoggingGen2Tests.Generate_GivenBasicScopedAndLogHasLevelSet_GeneratesDiagnostic#MeterAttribute.g.received.cs
    Verified: TelemetrySourceGeneratorLoggingGen2Tests.Generate_GivenBasicScopedAndLogHasLevelSet_GeneratesDiagnostic#MeterAttribute.g.verified.cs
  - Received: TelemetrySourceGeneratorLoggingGen2Tests.Generate_GivenBasicScopedAndLogHasLevelSet_GeneratesDiagnostic#MeterGenerationAttribute.g.received.cs
    Verified: TelemetrySourceGeneratorLoggingGen2Tests.Generate_GivenBasicScopedAndLogHasLevelSet_GeneratesDiagnostic#MeterGenerationAttribute.g.verified.cs
  - Received: TelemetrySourceGeneratorLoggingGen2Tests.Generate_GivenBasicScopedAndLogHasLevelSet_GeneratesDiagnostic#MeterNameGenerationType.g.received.cs
    Verified: TelemetrySourceGeneratorLoggingGen2Tests.Generate_GivenBasicScopedAndLogHasLevelSet_GeneratesDiagnostic#MeterNameGenerationType.g.verified.cs
  - Received: TelemetrySourceGeneratorLoggingGen2Tests.Generate_GivenBasicScopedAndLogHasLevelSet_GeneratesDiagnostic#NamingConvention.g.received.cs
    Verified: TelemetrySourceGeneratorLoggingGen2Tests.Generate_GivenBasicScopedAndLogHasLevelSet_GeneratesDiagnostic#NamingConvention.g.verified.cs
  - Received: TelemetrySourceGeneratorLoggingGen2Tests.Generate_GivenBasicScopedAndLogHasLevelSet_GeneratesDiagnostic#ObservableCounterAttribute.g.received.cs
    Verified: TelemetrySourceGeneratorLoggingGen2Tests.Generate_GivenBasicScopedAndLogHasLevelSet_GeneratesDiagnostic#ObservableCounterAttribute.g.verified.cs
  - Received: TelemetrySourceGeneratorLoggingGen2Tests.Generate_GivenBasicScopedAndLogHasLevelSet_GeneratesDiagnostic#ObservableGaugeAttribute.g.received.cs
    Verified: TelemetrySourceGeneratorLoggingGen2Tests.Generate_GivenBasicScopedAndLogHasLevelSet_GeneratesDiagnostic#ObservableGaugeAttribute.g.verified.cs
  - Received: TelemetrySourceGeneratorLoggingGen2Tests.Generate_GivenBasicScopedAndLogHasLevelSet_GeneratesDiagnostic#ObservableUpDownCounterAttribute.g.received.cs
    Verified: TelemetrySourceGeneratorLoggingGen2Tests.Generate_GivenBasicScopedAndLogHasLevelSet_GeneratesDiagnostic#ObservableUpDownCounterAttribute.g.verified.cs
  - Received: TelemetrySourceGeneratorLoggingGen2Tests.Generate_GivenBasicScopedAndLogHasLevelSet_GeneratesDiagnostic#StatusDescriptionAttribute.g.received.cs
    Verified: TelemetrySourceGeneratorLoggingGen2Tests.Generate_GivenBasicScopedAndLogHasLevelSet_GeneratesDiagnostic#StatusDescriptionAttribute.g.verified.cs
  - Received: TelemetrySourceGeneratorLoggingGen2Tests.Generate_GivenBasicScopedAndLogHasLevelSet_GeneratesDiagnostic#TagAttribute.g.received.cs
    Verified: TelemetrySourceGeneratorLoggingGen2Tests.Generate_GivenBasicScopedAndLogHasLevelSet_GeneratesDiagnostic#TagAttribute.g.verified.cs
  - Received: TelemetrySourceGeneratorLoggingGen2Tests.Generate_GivenBasicScopedAndLogHasLevelSet_GeneratesDiagnostic#Targets.g.received.cs
    Verified: TelemetrySourceGeneratorLoggingGen2Tests.Generate_GivenBasicScopedAndLogHasLevelSet_GeneratesDiagnostic#Targets.g.verified.cs
  - Received: TelemetrySourceGeneratorLoggingGen2Tests.Generate_GivenBasicScopedAndLogHasLevelSet_GeneratesDiagnostic#TelemetryGenerationAttribute.g.received.cs
    Verified: TelemetrySourceGeneratorLoggingGen2Tests.Generate_GivenBasicScopedAndLogHasLevelSet_GeneratesDiagnostic#TelemetryGenerationAttribute.g.verified.cs
  - Received: TelemetrySourceGeneratorLoggingGen2Tests.Generate_GivenBasicScopedAndLogHasLevelSet_GeneratesDiagnostic#Testing.TestLoggerCore.Logging.g.received.cs
    Verified: TelemetrySourceGeneratorLoggingGen2Tests.Generate_GivenBasicScopedAndLogHasLevelSet_GeneratesDiagnostic#Testing.TestLoggerCore.Logging.g.verified.cs
  - Received: TelemetrySourceGeneratorLoggingGen2Tests.Generate_GivenBasicScopedAndLogHasLevelSet_GeneratesDiagnostic#TraceAttribute.g.received.cs
    Verified: TelemetrySourceGeneratorLoggingGen2Tests.Generate_GivenBasicScopedAndLogHasLevelSet_GeneratesDiagnostic#TraceAttribute.g.verified.cs
  - Received: TelemetrySourceGeneratorLoggingGen2Tests.Generate_GivenBasicScopedAndLogHasLevelSet_GeneratesDiagnostic#UpDownCounterAttribute.g.received.cs
    Verified: TelemetrySourceGeneratorLoggingGen2Tests.Generate_GivenBasicScopedAndLogHasLevelSet_GeneratesDiagnostic#UpDownCounterAttribute.g.verified.cs
  - Received: TelemetrySourceGeneratorLoggingGen2Tests.Generate_GivenBasicScopedAndLogHasLevelSet_GeneratesDiagnostic#WarningAttribute.g.received.cs
    Verified: TelemetrySourceGeneratorLoggingGen2Tests.Generate_GivenBasicScopedAndLogHasLevelSet_GeneratesDiagnostic#WarningAttribute.g.verified.cs

  from P:\GitHub\kjldev\purview-telemetry-sourcegenerator\src\Purview.Telemetry.SourceGenerator.IntegrationTests\bin\Release\net10.0\Purview.Telemetry.SourceGenerator.IntegrationTests.dll (net10.0|x64)
  TUnit.Engine.Exceptions.TestFailedException: [Test Failure] VerifyException: Directory: P:\GitHub\kjldev\purview-telemetry-sourcegenerator\src\Purview.Telemetry.SourceGenerator.IntegrationTests\Snapshots
  Delete:
    - TelemetrySourceGeneratorLoggingGen2Tests.Generate_GivenBasicScopedAndLogHasLevelSet_GeneratesDiagnostic.verified.txt
  Equal:
    - Received: TelemetrySourceGeneratorLoggingGen2Tests.Generate_GivenBasicScopedAndLogHasLevelSet_GeneratesDiagnostic#ActivityAttribute.g.received.cs
      Verified: TelemetrySourceGeneratorLoggingGen2Tests.Generate_GivenBasicScopedAndLogHasLevelSet_GeneratesDiagnostic#ActivityAttribute.g.verified.cs
    - Received: TelemetrySourceGeneratorLoggingGen2Tests.Generate_GivenBasicScopedAndLogHasLevelSet_GeneratesDiagnostic#ActivitySourceAttribute.g.received.cs
      Verified: TelemetrySourceGeneratorLoggingGen2Tests.Generate_GivenBasicScopedAndLogHasLevelSet_GeneratesDiagnostic#ActivitySourceAttribute.g.verified.cs
    - Received: TelemetrySourceGeneratorLoggingGen2Tests.Generate_GivenBasicScopedAndLogHasLevelSet_GeneratesDiagnostic#ActivitySourceGenerationAttribute.g.received.cs
      Verified: TelemetrySourceGeneratorLoggingGen2Tests.Generate_GivenBasicScopedAndLogHasLevelSet_GeneratesDiagnostic#ActivitySourceGenerationAttribute.g.verified.cs
    - Received: TelemetrySourceGeneratorLoggingGen2Tests.Generate_GivenBasicScopedAndLogHasLevelSet_GeneratesDiagnostic#AutoCounterAttribute.g.received.cs
      Verified: TelemetrySourceGeneratorLoggingGen2Tests.Generate_GivenBasicScopedAndLogHasLevelSet_GeneratesDiagnostic#AutoCounterAttribute.g.verified.cs
    - Received: TelemetrySourceGeneratorLoggingGen2Tests.Generate_GivenBasicScopedAndLogHasLevelSet_GeneratesDiagnostic#BaggageAttribute.g.received.cs
      Verified: TelemetrySourceGeneratorLoggingGen2Tests.Generate_GivenBasicScopedAndLogHasLevelSet_GeneratesDiagnostic#BaggageAttribute.g.verified.cs
    - Received: TelemetrySourceGeneratorLoggingGen2Tests.Generate_GivenBasicScopedAndLogHasLevelSet_GeneratesDiagnostic#ContextAttribute.g.received.cs
      Verified: TelemetrySourceGeneratorLoggingGen2Tests.Generate_GivenBasicScopedAndLogHasLevelSet_GeneratesDiagnostic#ContextAttribute.g.verified.cs
    - Received: TelemetrySourceGeneratorLoggingGen2Tests.Generate_GivenBasicScopedAndLogHasLevelSet_GeneratesDiagnostic#CounterAttribute.g.received.cs
      Verified: TelemetrySourceGeneratorLoggingGen2Tests.Generate_GivenBasicScopedAndLogHasLevelSet_GeneratesDiagnostic#CounterAttribute.g.verified.cs
    - Received: TelemetrySourceGeneratorLoggingGen2Tests.Generate_GivenBasicScopedAndLogHasLevelSet_GeneratesDiagnostic#CriticalAttribute.g.received.cs
      Verified: TelemetrySourceGeneratorLoggingGen2Tests.Generate_GivenBasicScopedAndLogHasLevelSet_GeneratesDiagnostic#CriticalAttribute.g.verified.cs
    - Received: TelemetrySourceGeneratorLoggingGen2Tests.Generate_GivenBasicScopedAndLogHasLevelSet_GeneratesDiagnostic#DebugAttribute.g.received.cs
      Verified: TelemetrySourceGeneratorLoggingGen2Tests.Generate_GivenBasicScopedAndLogHasLevelSet_GeneratesDiagnostic#DebugAttribute.g.verified.cs
    - Received: TelemetrySourceGeneratorLoggingGen2Tests.Generate_GivenBasicScopedAndLogHasLevelSet_GeneratesDiagnostic#ErrorAttribute.g.received.cs
      Verified: TelemetrySourceGeneratorLoggingGen2Tests.Generate_GivenBasicScopedAndLogHasLevelSet_GeneratesDiagnostic#ErrorAttribute.g.verified.cs
    - Received: TelemetrySourceGeneratorLoggingGen2Tests.Generate_GivenBasicScopedAndLogHasLevelSet_GeneratesDiagnostic#EscapeAttribute.g.received.cs
      Verified: TelemetrySourceGeneratorLoggingGen2Tests.Generate_GivenBasicScopedAndLogHasLevelSet_GeneratesDiagnostic#EscapeAttribute.g.verified.cs
    - Received: TelemetrySourceGeneratorLoggingGen2Tests.Generate_GivenBasicScopedAndLogHasLevelSet_GeneratesDiagnostic#EventAttribute.g.received.cs
      Verified: TelemetrySourceGeneratorLoggingGen2Tests.Generate_GivenBasicScopedAndLogHasLevelSet_GeneratesDiagnostic#EventAttribute.g.verified.cs
    - Received: TelemetrySourceGeneratorLoggingGen2Tests.Generate_GivenBasicScopedAndLogHasLevelSet_GeneratesDiagnostic#ExcludeAttribute.g.received.cs
      Verified: TelemetrySourceGeneratorLoggingGen2Tests.Generate_GivenBasicScopedAndLogHasLevelSet_GeneratesDiagnostic#ExcludeAttribute.g.verified.cs
    - Received: TelemetrySourceGeneratorLoggingGen2Tests.Generate_GivenBasicScopedAndLogHasLevelSet_GeneratesDiagnostic#ExcludeTargetsAttribute.g.received.cs
      Verified: TelemetrySourceGeneratorLoggingGen2Tests.Generate_GivenBasicScopedAndLogHasLevelSet_GeneratesDiagnostic#ExcludeTargetsAttribute.g.verified.cs
    - Received: TelemetrySourceGeneratorLoggingGen2Tests.Generate_GivenBasicScopedAndLogHasLevelSet_GeneratesDiagnostic#ExpandEnumerableAttribute.g.received.cs
      Verified: TelemetrySourceGeneratorLoggingGen2Tests.Generate_GivenBasicScopedAndLogHasLevelSet_GeneratesDiagnostic#ExpandEnumerableAttribute.g.verified.cs
    - Received: TelemetrySourceGeneratorLoggingGen2Tests.Generate_GivenBasicScopedAndLogHasLevelSet_GeneratesDiagnostic#HistogramAttribute.g.received.cs
      Verified: TelemetrySourceGeneratorLoggingGen2Tests.Generate_GivenBasicScopedAndLogHasLevelSet_GeneratesDiagnostic#HistogramAttribute.g.verified.cs
    - Received: TelemetrySourceGeneratorLoggingGen2Tests.Generate_GivenBasicScopedAndLogHasLevelSet_GeneratesDiagnostic#InfoAttribute.g.received.cs
      Verified: TelemetrySourceGeneratorLoggingGen2Tests.Generate_GivenBasicScopedAndLogHasLevelSet_GeneratesDiagnostic#InfoAttribute.g.verified.cs
    - Received: TelemetrySourceGeneratorLoggingGen2Tests.Generate_GivenBasicScopedAndLogHasLevelSet_GeneratesDiagnostic#InstrumentMeasurementAttribute.g.received.cs
      Verified: TelemetrySourceGeneratorLoggingGen2Tests.Generate_GivenBasicScopedAndLogHasLevelSet_GeneratesDiagnostic#InstrumentMeasurementAttribute.g.verified.cs
    - Received: TelemetrySourceGeneratorLoggingGen2Tests.Generate_GivenBasicScopedAndLogHasLevelSet_GeneratesDiagnostic#LogAttribute.g.received.cs
      Verified: TelemetrySourceGeneratorLoggingGen2Tests.Generate_GivenBasicScopedAndLogHasLevelSet_GeneratesDiagnostic#LogAttribute.g.verified.cs
    - Received: TelemetrySourceGeneratorLoggingGen2Tests.Generate_GivenBasicScopedAndLogHasLevelSet_GeneratesDiagnostic#LoggerAttribute.g.received.cs
      Verified: TelemetrySourceGeneratorLoggingGen2Tests.Generate_GivenBasicScopedAndLogHasLevelSet_GeneratesDiagnostic#LoggerAttribute.g.verified.cs
    - Received: TelemetrySourceGeneratorLoggingGen2Tests.Generate_GivenBasicScopedAndLogHasLevelSet_GeneratesDiagnostic#LoggerGenerationAttribute.g.received.cs
      Verified: TelemetrySourceGeneratorLoggingGen2Tests.Generate_GivenBasicScopedAndLogHasLevelSet_GeneratesDiagnostic#LoggerGenerationAttribute.g.verified.cs
    - Received: TelemetrySourceGeneratorLoggingGen2Tests.Generate_GivenBasicScopedAndLogHasLevelSet_GeneratesDiagnostic#LoggerGenerationMode.g.received.cs
      Verified: TelemetrySourceGeneratorLoggingGen2Tests.Generate_GivenBasicScopedAndLogHasLevelSet_GeneratesDiagnostic#LoggerGenerationMode.g.verified.cs
    - Received: TelemetrySourceGeneratorLoggingGen2Tests.Generate_GivenBasicScopedAndLogHasLevelSet_GeneratesDiagnostic#LogPrefixType.g.received.cs
      Verified: TelemetrySourceGeneratorLoggingGen2Tests.Generate_GivenBasicScopedAndLogHasLevelSet_GeneratesDiagnostic#LogPrefixType.g.verified.cs
    - Received: TelemetrySourceGeneratorLoggingGen2Tests.Generate_GivenBasicScopedAndLogHasLevelSet_GeneratesDiagnostic#MeterAttribute.g.received.cs
      Verified: TelemetrySourceGeneratorLoggingGen2Tests.Generate_GivenBasicScopedAndLogHasLevelSet_GeneratesDiagnostic#MeterAttribute.g.verified.cs
    - Received: TelemetrySourceGeneratorLoggingGen2Tests.Generate_GivenBasicScopedAndLogHasLevelSet_GeneratesDiagnostic#MeterGenerationAttribute.g.received.cs
      Verified: TelemetrySourceGeneratorLoggingGen2Tests.Generate_GivenBasicScopedAndLogHasLevelSet_GeneratesDiagnostic#MeterGenerationAttribute.g.verified.cs
    - Received: TelemetrySourceGeneratorLoggingGen2Tests.Generate_GivenBasicScopedAndLogHasLevelSet_GeneratesDiagnostic#MeterNameGenerationType.g.received.cs
      Verified: TelemetrySourceGeneratorLoggingGen2Tests.Generate_GivenBasicScopedAndLogHasLevelSet_GeneratesDiagnostic#MeterNameGenerationType.g.verified.cs
    - Received: TelemetrySourceGeneratorLoggingGen2Tests.Generate_GivenBasicScopedAndLogHasLevelSet_GeneratesDiagnostic#NamingConvention.g.received.cs
      Verified: TelemetrySourceGeneratorLoggingGen2Tests.Generate_GivenBasicScopedAndLogHasLevelSet_GeneratesDiagnostic#NamingConvention.g.verified.cs
    - Received: TelemetrySourceGeneratorLoggingGen2Tests.Generate_GivenBasicScopedAndLogHasLevelSet_GeneratesDiagnostic#ObservableCounterAttribute.g.received.cs
      Verified: TelemetrySourceGeneratorLoggingGen2Tests.Generate_GivenBasicScopedAndLogHasLevelSet_GeneratesDiagnostic#ObservableCounterAttribute.g.verified.cs
    - Received: TelemetrySourceGeneratorLoggingGen2Tests.Generate_GivenBasicScopedAndLogHasLevelSet_GeneratesDiagnostic#ObservableGaugeAttribute.g.received.cs
      Verified: TelemetrySourceGeneratorLoggingGen2Tests.Generate_GivenBasicScopedAndLogHasLevelSet_GeneratesDiagnostic#ObservableGaugeAttribute.g.verified.cs
    - Received: TelemetrySourceGeneratorLoggingGen2Tests.Generate_GivenBasicScopedAndLogHasLevelSet_GeneratesDiagnostic#ObservableUpDownCounterAttribute.g.received.cs
      Verified: TelemetrySourceGeneratorLoggingGen2Tests.Generate_GivenBasicScopedAndLogHasLevelSet_GeneratesDiagnostic#ObservableUpDownCounterAttribute.g.verified.cs
    - Received: TelemetrySourceGeneratorLoggingGen2Tests.Generate_GivenBasicScopedAndLogHasLevelSet_GeneratesDiagnostic#StatusDescriptionAttribute.g.received.cs
      Verified: TelemetrySourceGeneratorLoggingGen2Tests.Generate_GivenBasicScopedAndLogHasLevelSet_GeneratesDiagnostic#StatusDescriptionAttribute.g.verified.cs
    - Received: TelemetrySourceGeneratorLoggingGen2Tests.Generate_GivenBasicScopedAndLogHasLevelSet_GeneratesDiagnostic#TagAttribute.g.received.cs
      Verified: TelemetrySourceGeneratorLoggingGen2Tests.Generate_GivenBasicScopedAndLogHasLevelSet_GeneratesDiagnostic#TagAttribute.g.verified.cs
    - Received: TelemetrySourceGeneratorLoggingGen2Tests.Generate_GivenBasicScopedAndLogHasLevelSet_GeneratesDiagnostic#Targets.g.received.cs
      Verified: TelemetrySourceGeneratorLoggingGen2Tests.Generate_GivenBasicScopedAndLogHasLevelSet_GeneratesDiagnostic#Targets.g.verified.cs
    - Received: TelemetrySourceGeneratorLoggingGen2Tests.Generate_GivenBasicScopedAndLogHasLevelSet_GeneratesDiagnostic#TelemetryGenerationAttribute.g.received.cs
      Verified: TelemetrySourceGeneratorLoggingGen2Tests.Generate_GivenBasicScopedAndLogHasLevelSet_GeneratesDiagnostic#TelemetryGenerationAttribute.g.verified.cs
    - Received: TelemetrySourceGeneratorLoggingGen2Tests.Generate_GivenBasicScopedAndLogHasLevelSet_GeneratesDiagnostic#Testing.TestLoggerCore.Logging.g.received.cs
      Verified: TelemetrySourceGeneratorLoggingGen2Tests.Generate_GivenBasicScopedAndLogHasLevelSet_GeneratesDiagnostic#Testing.TestLoggerCore.Logging.g.verified.cs
    - Received: TelemetrySourceGeneratorLoggingGen2Tests.Generate_GivenBasicScopedAndLogHasLevelSet_GeneratesDiagnostic#TraceAttribute.g.received.cs
      Verified: TelemetrySourceGeneratorLoggingGen2Tests.Generate_GivenBasicScopedAndLogHasLevelSet_GeneratesDiagnostic#TraceAttribute.g.verified.cs
    - Received: TelemetrySourceGeneratorLoggingGen2Tests.Generate_GivenBasicScopedAndLogHasLevelSet_GeneratesDiagnostic#UpDownCounterAttribute.g.received.cs
      Verified: TelemetrySourceGeneratorLoggingGen2Tests.Generate_GivenBasicScopedAndLogHasLevelSet_GeneratesDiagnostic#UpDownCounterAttribute.g.verified.cs
    - Received: TelemetrySourceGeneratorLoggingGen2Tests.Generate_GivenBasicScopedAndLogHasLevelSet_GeneratesDiagnostic#WarningAttribute.g.received.cs
      Verified: TelemetrySourceGeneratorLoggingGen2Tests.Generate_GivenBasicScopedAndLogHasLevelSet_GeneratesDiagnostic#WarningAttribute.g.verified.cs
  
  Standard output
    DBG: --- Adding templates.
    DBG: Adding ActivitySourceGenerationAttribute as ActivitySourceGenerationAttribute.g.cs.
    DBG: Adding ActivitySourceAttribute as ActivitySourceAttribute.g.cs.
    DBG: Adding ActivityAttribute as ActivityAttribute.g.cs.
    DBG: Adding EventAttribute as EventAttribute.g.cs.
    DBG: Adding ContextAttribute as ContextAttribute.g.cs.
    DBG: Adding BaggageAttribute as BaggageAttribute.g.cs.
    DBG: Adding EscapeAttribute as EscapeAttribute.g.cs.
    DBG: Adding StatusDescriptionAttribute as StatusDescriptionAttribute.g.cs.
    DBG: Adding LoggerGenerationAttribute as LoggerGenerationAttribute.g.cs.
    DBG: Adding LoggerAttribute as LoggerAttribute.g.cs.
    DBG: Adding LogAttribute as LogAttribute.g.cs.
    DBG: Adding LogPrefixType as LogPrefixType.g.cs.
    DBG: Adding LoggerGenerationMode as LoggerGenerationMode.g.cs.
    DBG: Adding ExpandEnumerableAttribute as ExpandEnumerableAttribute.g.cs.
    DBG: Adding TraceAttribute as TraceAttribute.g.cs.
    DBG: Adding DebugAttribute as DebugAttribute.g.cs.
    DBG: Adding InfoAttribute as InfoAttribute.g.cs.
    DBG: Adding WarningAttribute as WarningAttribute.g.cs.
    DBG: Adding ErrorAttribute as ErrorAttribute.g.cs.
    DBG: Adding CriticalAttribute as CriticalAttribute.g.cs.
    DBG: Adding MeterGenerationAttribute as MeterGenerationAttribute.g.cs.
    DBG: Adding MeterAttribute as MeterAttribute.g.cs.
    DBG: Adding MeterNameGenerationType as MeterNameGenerationType.g.cs.
    DBG: Adding InstrumentMeasurementAttribute as InstrumentMeasurementAttribute.g.cs.
    DBG: Adding AutoCounterAttribute as AutoCounterAttribute.g.cs.
    DBG: Adding CounterAttribute as CounterAttribute.g.cs.
    DBG: Adding UpDownCounterAttribute as UpDownCounterAttribute.g.cs.
    DBG: Adding HistogramAttribute as HistogramAttribute.g.cs.
    DBG: Adding ObservableCounterAttribute as ObservableCounterAttribute.g.cs.
    DBG: Adding ObservableGaugeAttribute as ObservableGaugeAttribute.g.cs.
    DBG: Adding ObservableUpDownCounterAttribute as ObservableUpDownCounterAttribute.g.cs.
    DBG: Adding TagAttribute as TagAttribute.g.cs.
    DBG: Adding ExcludeAttribute as ExcludeAttribute.g.cs.
    DBG: Adding TelemetryGenerationAttribute as TelemetryGenerationAttribute.g.cs.
    DBG: Adding Targets as Targets.g.cs.
    DBG: Adding NamingConvention as NamingConvention.g.cs.
    DBG: Adding ExcludeTargetsAttribute as ExcludeTargetsAttribute.g.cs.
    DBG: --- Finished adding templates.
    DBG: Found attribute: Purview.Telemetry.LoggerAttribute
    DBG: Found attribute: Purview.Telemetry.TelemetryGenerationAttribute(GenerateDependencyExtension = false)
    DBG: Found method ITestLogger.BasicScoped.
    DBG: Found 0 parameter(s) for BasicScoped.
    DBG: Found attribute: Purview.Telemetry.LogAttribute(Level = Microsoft.Extensions.Logging.LogLevel.Information)
    DBG: Logger generation target: Testing.TestLoggerCore
    DBG: Generating MS Gen-based logging class for: Testing.TestLoggerCore
    DBG: Building logging method: BasicScoped
    DBG: Building logging method: BasicScoped
    DBG: Skipping dependency injection emit.
    
  Error output
failed Generate_GivenInterfaceWithGenerics_RaisesDiagnostics(2) (3s 400ms)
  [Test Failure] VerifyException: Directory: P:\GitHub\kjldev\purview-telemetry-sourcegenerator\src\Purview.Telemetry.SourceGenerator.IntegrationTests\Snapshots
Delete:
  - TelemetrySourceGeneratorLoggingGen2Tests.Generate_GivenInterfaceWithGenerics_RaisesDiagnostics_A4lm3p9rmpAbILTGyosqRgCf7r4DG6vIQtQ2kMC8Iis.verified.txt
Equal:
  - Received: TelemetrySourceGeneratorLoggingGen2Tests.Generate_GivenInterfaceWithGenerics_RaisesDiagnostics_A4lm3p9rmpAbILTGyosqRgCf7r4DG6vIQtQ2kMC8Iis#ActivityAttribute.g.received.cs
    Verified: TelemetrySourceGeneratorLoggingGen2Tests.Generate_GivenInterfaceWithGenerics_RaisesDiagnostics_A4lm3p9rmpAbILTGyosqRgCf7r4DG6vIQtQ2kMC8Iis#ActivityAttribute.g.verified.cs
  - Received: TelemetrySourceGeneratorLoggingGen2Tests.Generate_GivenInterfaceWithGenerics_RaisesDiagnostics_A4lm3p9rmpAbILTGyosqRgCf7r4DG6vIQtQ2kMC8Iis#ActivitySourceAttribute.g.received.cs
    Verified: TelemetrySourceGeneratorLoggingGen2Tests.Generate_GivenInterfaceWithGenerics_RaisesDiagnostics_A4lm3p9rmpAbILTGyosqRgCf7r4DG6vIQtQ2kMC8Iis#ActivitySourceAttribute.g.verified.cs
  - Received: TelemetrySourceGeneratorLoggingGen2Tests.Generate_GivenInterfaceWithGenerics_RaisesDiagnostics_A4lm3p9rmpAbILTGyosqRgCf7r4DG6vIQtQ2kMC8Iis#ActivitySourceGenerationAttribute.g.received.cs
    Verified: TelemetrySourceGeneratorLoggingGen2Tests.Generate_GivenInterfaceWithGenerics_RaisesDiagnostics_A4lm3p9rmpAbILTGyosqRgCf7r4DG6vIQtQ2kMC8Iis#ActivitySourceGenerationAttribute.g.verified.cs
  - Received: TelemetrySourceGeneratorLoggingGen2Tests.Generate_GivenInterfaceWithGenerics_RaisesDiagnostics_A4lm3p9rmpAbILTGyosqRgCf7r4DG6vIQtQ2kMC8Iis#AutoCounterAttribute.g.received.cs
    Verified: TelemetrySourceGeneratorLoggingGen2Tests.Generate_GivenInterfaceWithGenerics_RaisesDiagnostics_A4lm3p9rmpAbILTGyosqRgCf7r4DG6vIQtQ2kMC8Iis#AutoCounterAttribute.g.verified.cs
  - Received: TelemetrySourceGeneratorLoggingGen2Tests.Generate_GivenInterfaceWithGenerics_RaisesDiagnostics_A4lm3p9rmpAbILTGyosqRgCf7r4DG6vIQtQ2kMC8Iis#BaggageAttribute.g.received.cs
    Verified: TelemetrySourceGeneratorLoggingGen2Tests.Generate_GivenInterfaceWithGenerics_RaisesDiagnostics_A4lm3p9rmpAbILTGyosqRgCf7r4DG6vIQtQ2kMC8Iis#BaggageAttribute.g.verified.cs
  - Received: TelemetrySourceGeneratorLoggingGen2Tests.Generate_GivenInterfaceWithGenerics_RaisesDiagnostics_A4lm3p9rmpAbILTGyosqRgCf7r4DG6vIQtQ2kMC8Iis#ContextAttribute.g.received.cs
    Verified: TelemetrySourceGeneratorLoggingGen2Tests.Generate_GivenInterfaceWithGenerics_RaisesDiagnostics_A4lm3p9rmpAbILTGyosqRgCf7r4DG6vIQtQ2kMC8Iis#ContextAttribute.g.verified.cs
  - Received: TelemetrySourceGeneratorLoggingGen2Tests.Generate_GivenInterfaceWithGenerics_RaisesDiagnostics_A4lm3p9rmpAbILTGyosqRgCf7r4DG6vIQtQ2kMC8Iis#CounterAttribute.g.received.cs
    Verified: TelemetrySourceGeneratorLoggingGen2Tests.Generate_GivenInterfaceWithGenerics_RaisesDiagnostics_A4lm3p9rmpAbILTGyosqRgCf7r4DG6vIQtQ2kMC8Iis#CounterAttribute.g.verified.cs
  - Received: TelemetrySourceGeneratorLoggingGen2Tests.Generate_GivenInterfaceWithGenerics_RaisesDiagnostics_A4lm3p9rmpAbILTGyosqRgCf7r4DG6vIQtQ2kMC8Iis#CriticalAttribute.g.received.cs
    Verified: TelemetrySourceGeneratorLoggingGen2Tests.Generate_GivenInterfaceWithGenerics_RaisesDiagnostics_A4lm3p9rmpAbILTGyosqRgCf7r4DG6vIQtQ2kMC8Iis#CriticalAttribute.g.verified.cs
  - Received: TelemetrySourceGeneratorLoggingGen2Tests.Generate_GivenInterfaceWithGenerics_RaisesDiagnostics_A4lm3p9rmpAbILTGyosqRgCf7r4DG6vIQtQ2kMC8Iis#DebugAttribute.g.received.cs
    Verified: TelemetrySourceGeneratorLoggingGen2Tests.Generate_GivenInterfaceWithGenerics_RaisesDiagnostics_A4lm3p9rmpAbILTGyosqRgCf7r4DG6vIQtQ2kMC8Iis#DebugAttribute.g.verified.cs
  - Received: TelemetrySourceGeneratorLoggingGen2Tests.Generate_GivenInterfaceWithGenerics_RaisesDiagnostics_A4lm3p9rmpAbILTGyosqRgCf7r4DG6vIQtQ2kMC8Iis#ErrorAttribute.g.received.cs
    Verified: TelemetrySourceGeneratorLoggingGen2Tests.Generate_GivenInterfaceWithGenerics_RaisesDiagnostics_A4lm3p9rmpAbILTGyosqRgCf7r4DG6vIQtQ2kMC8Iis#ErrorAttribute.g.verified.cs
  - Received: TelemetrySourceGeneratorLoggingGen2Tests.Generate_GivenInterfaceWithGenerics_RaisesDiagnostics_A4lm3p9rmpAbILTGyosqRgCf7r4DG6vIQtQ2kMC8Iis#EscapeAttribute.g.received.cs
    Verified: TelemetrySourceGeneratorLoggingGen2Tests.Generate_GivenInterfaceWithGenerics_RaisesDiagnostics_A4lm3p9rmpAbILTGyosqRgCf7r4DG6vIQtQ2kMC8Iis#EscapeAttribute.g.verified.cs
  - Received: TelemetrySourceGeneratorLoggingGen2Tests.Generate_GivenInterfaceWithGenerics_RaisesDiagnostics_A4lm3p9rmpAbILTGyosqRgCf7r4DG6vIQtQ2kMC8Iis#EventAttribute.g.received.cs
    Verified: TelemetrySourceGeneratorLoggingGen2Tests.Generate_GivenInterfaceWithGenerics_RaisesDiagnostics_A4lm3p9rmpAbILTGyosqRgCf7r4DG6vIQtQ2kMC8Iis#EventAttribute.g.verified.cs
  - Received: TelemetrySourceGeneratorLoggingGen2Tests.Generate_GivenInterfaceWithGenerics_RaisesDiagnostics_A4lm3p9rmpAbILTGyosqRgCf7r4DG6vIQtQ2kMC8Iis#ExcludeAttribute.g.received.cs
    Verified: TelemetrySourceGeneratorLoggingGen2Tests.Generate_GivenInterfaceWithGenerics_RaisesDiagnostics_A4lm3p9rmpAbILTGyosqRgCf7r4DG6vIQtQ2kMC8Iis#ExcludeAttribute.g.verified.cs
  - Received: TelemetrySourceGeneratorLoggingGen2Tests.Generate_GivenInterfaceWithGenerics_RaisesDiagnostics_A4lm3p9rmpAbILTGyosqRgCf7r4DG6vIQtQ2kMC8Iis#ExcludeTargetsAttribute.g.received.cs
    Verified: TelemetrySourceGeneratorLoggingGen2Tests.Generate_GivenInterfaceWithGenerics_RaisesDiagnostics_A4lm3p9rmpAbILTGyosqRgCf7r4DG6vIQtQ2kMC8Iis#ExcludeTargetsAttribute.g.verified.cs
  - Received: TelemetrySourceGeneratorLoggingGen2Tests.Generate_GivenInterfaceWithGenerics_RaisesDiagnostics_A4lm3p9rmpAbILTGyosqRgCf7r4DG6vIQtQ2kMC8Iis#ExpandEnumerableAttribute.g.received.cs
    Verified: TelemetrySourceGeneratorLoggingGen2Tests.Generate_GivenInterfaceWithGenerics_RaisesDiagnostics_A4lm3p9rmpAbILTGyosqRgCf7r4DG6vIQtQ2kMC8Iis#ExpandEnumerableAttribute.g.verified.cs
  - Received: TelemetrySourceGeneratorLoggingGen2Tests.Generate_GivenInterfaceWithGenerics_RaisesDiagnostics_A4lm3p9rmpAbILTGyosqRgCf7r4DG6vIQtQ2kMC8Iis#HistogramAttribute.g.received.cs
    Verified: TelemetrySourceGeneratorLoggingGen2Tests.Generate_GivenInterfaceWithGenerics_RaisesDiagnostics_A4lm3p9rmpAbILTGyosqRgCf7r4DG6vIQtQ2kMC8Iis#HistogramAttribute.g.verified.cs
  - Received: TelemetrySourceGeneratorLoggingGen2Tests.Generate_GivenInterfaceWithGenerics_RaisesDiagnostics_A4lm3p9rmpAbILTGyosqRgCf7r4DG6vIQtQ2kMC8Iis#InfoAttribute.g.received.cs
    Verified: TelemetrySourceGeneratorLoggingGen2Tests.Generate_GivenInterfaceWithGenerics_RaisesDiagnostics_A4lm3p9rmpAbILTGyosqRgCf7r4DG6vIQtQ2kMC8Iis#InfoAttribute.g.verified.cs
  - Received: TelemetrySourceGeneratorLoggingGen2Tests.Generate_GivenInterfaceWithGenerics_RaisesDiagnostics_A4lm3p9rmpAbILTGyosqRgCf7r4DG6vIQtQ2kMC8Iis#InstrumentMeasurementAttribute.g.received.cs
    Verified: TelemetrySourceGeneratorLoggingGen2Tests.Generate_GivenInterfaceWithGenerics_RaisesDiagnostics_A4lm3p9rmpAbILTGyosqRgCf7r4DG6vIQtQ2kMC8Iis#InstrumentMeasurementAttribute.g.verified.cs
  - Received: TelemetrySourceGeneratorLoggingGen2Tests.Generate_GivenInterfaceWithGenerics_RaisesDiagnostics_A4lm3p9rmpAbILTGyosqRgCf7r4DG6vIQtQ2kMC8Iis#LogAttribute.g.received.cs
    Verified: TelemetrySourceGeneratorLoggingGen2Tests.Generate_GivenInterfaceWithGenerics_RaisesDiagnostics_A4lm3p9rmpAbILTGyosqRgCf7r4DG6vIQtQ2kMC8Iis#LogAttribute.g.verified.cs
  - Received: TelemetrySourceGeneratorLoggingGen2Tests.Generate_GivenInterfaceWithGenerics_RaisesDiagnostics_A4lm3p9rmpAbILTGyosqRgCf7r4DG6vIQtQ2kMC8Iis#LoggerAttribute.g.received.cs
    Verified: TelemetrySourceGeneratorLoggingGen2Tests.Generate_GivenInterfaceWithGenerics_RaisesDiagnostics_A4lm3p9rmpAbILTGyosqRgCf7r4DG6vIQtQ2kMC8Iis#LoggerAttribute.g.verified.cs
  - Received: TelemetrySourceGeneratorLoggingGen2Tests.Generate_GivenInterfaceWithGenerics_RaisesDiagnostics_A4lm3p9rmpAbILTGyosqRgCf7r4DG6vIQtQ2kMC8Iis#LoggerGenerationAttribute.g.received.cs
    Verified: TelemetrySourceGeneratorLoggingGen2Tests.Generate_GivenInterfaceWithGenerics_RaisesDiagnostics_A4lm3p9rmpAbILTGyosqRgCf7r4DG6vIQtQ2kMC8Iis#LoggerGenerationAttribute.g.verified.cs
  - Received: TelemetrySourceGeneratorLoggingGen2Tests.Generate_GivenInterfaceWithGenerics_RaisesDiagnostics_A4lm3p9rmpAbILTGyosqRgCf7r4DG6vIQtQ2kMC8Iis#LoggerGenerationMode.g.received.cs
    Verified: TelemetrySourceGeneratorLoggingGen2Tests.Generate_GivenInterfaceWithGenerics_RaisesDiagnostics_A4lm3p9rmpAbILTGyosqRgCf7r4DG6vIQtQ2kMC8Iis#LoggerGenerationMode.g.verified.cs
  - Received: TelemetrySourceGeneratorLoggingGen2Tests.Generate_GivenInterfaceWithGenerics_RaisesDiagnostics_A4lm3p9rmpAbILTGyosqRgCf7r4DG6vIQtQ2kMC8Iis#LogPrefixType.g.received.cs
    Verified: TelemetrySourceGeneratorLoggingGen2Tests.Generate_GivenInterfaceWithGenerics_RaisesDiagnostics_A4lm3p9rmpAbILTGyosqRgCf7r4DG6vIQtQ2kMC8Iis#LogPrefixType.g.verified.cs
  - Received: TelemetrySourceGeneratorLoggingGen2Tests.Generate_GivenInterfaceWithGenerics_RaisesDiagnostics_A4lm3p9rmpAbILTGyosqRgCf7r4DG6vIQtQ2kMC8Iis#MeterAttribute.g.received.cs
    Verified: TelemetrySourceGeneratorLoggingGen2Tests.Generate_GivenInterfaceWithGenerics_RaisesDiagnostics_A4lm3p9rmpAbILTGyosqRgCf7r4DG6vIQtQ2kMC8Iis#MeterAttribute.g.verified.cs
  - Received: TelemetrySourceGeneratorLoggingGen2Tests.Generate_GivenInterfaceWithGenerics_RaisesDiagnostics_A4lm3p9rmpAbILTGyosqRgCf7r4DG6vIQtQ2kMC8Iis#MeterGenerationAttribute.g.received.cs
    Verified: TelemetrySourceGeneratorLoggingGen2Tests.Generate_GivenInterfaceWithGenerics_RaisesDiagnostics_A4lm3p9rmpAbILTGyosqRgCf7r4DG6vIQtQ2kMC8Iis#MeterGenerationAttribute.g.verified.cs
  - Received: TelemetrySourceGeneratorLoggingGen2Tests.Generate_GivenInterfaceWithGenerics_RaisesDiagnostics_A4lm3p9rmpAbILTGyosqRgCf7r4DG6vIQtQ2kMC8Iis#MeterNameGenerationType.g.received.cs
    Verified: TelemetrySourceGeneratorLoggingGen2Tests.Generate_GivenInterfaceWithGenerics_RaisesDiagnostics_A4lm3p9rmpAbILTGyosqRgCf7r4DG6vIQtQ2kMC8Iis#MeterNameGenerationType.g.verified.cs
  - Received: TelemetrySourceGeneratorLoggingGen2Tests.Generate_GivenInterfaceWithGenerics_RaisesDiagnostics_A4lm3p9rmpAbILTGyosqRgCf7r4DG6vIQtQ2kMC8Iis#NamingConvention.g.received.cs
    Verified: TelemetrySourceGeneratorLoggingGen2Tests.Generate_GivenInterfaceWithGenerics_RaisesDiagnostics_A4lm3p9rmpAbILTGyosqRgCf7r4DG6vIQtQ2kMC8Iis#NamingConvention.g.verified.cs
  - Received: TelemetrySourceGeneratorLoggingGen2Tests.Generate_GivenInterfaceWithGenerics_RaisesDiagnostics_A4lm3p9rmpAbILTGyosqRgCf7r4DG6vIQtQ2kMC8Iis#ObservableCounterAttribute.g.received.cs
    Verified: TelemetrySourceGeneratorLoggingGen2Tests.Generate_GivenInterfaceWithGenerics_RaisesDiagnostics_A4lm3p9rmpAbILTGyosqRgCf7r4DG6vIQtQ2kMC8Iis#ObservableCounterAttribute.g.verified.cs
  - Received: TelemetrySourceGeneratorLoggingGen2Tests.Generate_GivenInterfaceWithGenerics_RaisesDiagnostics_A4lm3p9rmpAbILTGyosqRgCf7r4DG6vIQtQ2kMC8Iis#ObservableGaugeAttribute.g.received.cs
    Verified: TelemetrySourceGeneratorLoggingGen2Tests.Generate_GivenInterfaceWithGenerics_RaisesDiagnostics_A4lm3p9rmpAbILTGyosqRgCf7r4DG6vIQtQ2kMC8Iis#ObservableGaugeAttribute.g.verified.cs
  - Received: TelemetrySourceGeneratorLoggingGen2Tests.Generate_GivenInterfaceWithGenerics_RaisesDiagnostics_A4lm3p9rmpAbILTGyosqRgCf7r4DG6vIQtQ2kMC8Iis#ObservableUpDownCounterAttribute.g.received.cs
    Verified: TelemetrySourceGeneratorLoggingGen2Tests.Generate_GivenInterfaceWithGenerics_RaisesDiagnostics_A4lm3p9rmpAbILTGyosqRgCf7r4DG6vIQtQ2kMC8Iis#ObservableUpDownCounterAttribute.g.verified.cs
  - Received: TelemetrySourceGeneratorLoggingGen2Tests.Generate_GivenInterfaceWithGenerics_RaisesDiagnostics_A4lm3p9rmpAbILTGyosqRgCf7r4DG6vIQtQ2kMC8Iis#StatusDescriptionAttribute.g.received.cs
    Verified: TelemetrySourceGeneratorLoggingGen2Tests.Generate_GivenInterfaceWithGenerics_RaisesDiagnostics_A4lm3p9rmpAbILTGyosqRgCf7r4DG6vIQtQ2kMC8Iis#StatusDescriptionAttribute.g.verified.cs
  - Received: TelemetrySourceGeneratorLoggingGen2Tests.Generate_GivenInterfaceWithGenerics_RaisesDiagnostics_A4lm3p9rmpAbILTGyosqRgCf7r4DG6vIQtQ2kMC8Iis#TagAttribute.g.received.cs
    Verified: TelemetrySourceGeneratorLoggingGen2Tests.Generate_GivenInterfaceWithGenerics_RaisesDiagnostics_A4lm3p9rmpAbILTGyosqRgCf7r4DG6vIQtQ2kMC8Iis#TagAttribute.g.verified.cs
  - Received: TelemetrySourceGeneratorLoggingGen2Tests.Generate_GivenInterfaceWithGenerics_RaisesDiagnostics_A4lm3p9rmpAbILTGyosqRgCf7r4DG6vIQtQ2kMC8Iis#Targets.g.received.cs
    Verified: TelemetrySourceGeneratorLoggingGen2Tests.Generate_GivenInterfaceWithGenerics_RaisesDiagnostics_A4lm3p9rmpAbILTGyosqRgCf7r4DG6vIQtQ2kMC8Iis#Targets.g.verified.cs
  - Received: TelemetrySourceGeneratorLoggingGen2Tests.Generate_GivenInterfaceWithGenerics_RaisesDiagnostics_A4lm3p9rmpAbILTGyosqRgCf7r4DG6vIQtQ2kMC8Iis#TelemetryGenerationAttribute.g.received.cs
    Verified: TelemetrySourceGeneratorLoggingGen2Tests.Generate_GivenInterfaceWithGenerics_RaisesDiagnostics_A4lm3p9rmpAbILTGyosqRgCf7r4DG6vIQtQ2kMC8Iis#TelemetryGenerationAttribute.g.verified.cs
  - Received: TelemetrySourceGeneratorLoggingGen2Tests.Generate_GivenInterfaceWithGenerics_RaisesDiagnostics_A4lm3p9rmpAbILTGyosqRgCf7r4DG6vIQtQ2kMC8Iis#TraceAttribute.g.received.cs
    Verified: TelemetrySourceGeneratorLoggingGen2Tests.Generate_GivenInterfaceWithGenerics_RaisesDiagnostics_A4lm3p9rmpAbILTGyosqRgCf7r4DG6vIQtQ2kMC8Iis#TraceAttribute.g.verified.cs
  - Received: TelemetrySourceGeneratorLoggingGen2Tests.Generate_GivenInterfaceWithGenerics_RaisesDiagnostics_A4lm3p9rmpAbILTGyosqRgCf7r4DG6vIQtQ2kMC8Iis#UpDownCounterAttribute.g.received.cs
    Verified: TelemetrySourceGeneratorLoggingGen2Tests.Generate_GivenInterfaceWithGenerics_RaisesDiagnostics_A4lm3p9rmpAbILTGyosqRgCf7r4DG6vIQtQ2kMC8Iis#UpDownCounterAttribute.g.verified.cs
  - Received: TelemetrySourceGeneratorLoggingGen2Tests.Generate_GivenInterfaceWithGenerics_RaisesDiagnostics_A4lm3p9rmpAbILTGyosqRgCf7r4DG6vIQtQ2kMC8Iis#WarningAttribute.g.received.cs
    Verified: TelemetrySourceGeneratorLoggingGen2Tests.Generate_GivenInterfaceWithGenerics_RaisesDiagnostics_A4lm3p9rmpAbILTGyosqRgCf7r4DG6vIQtQ2kMC8Iis#WarningAttribute.g.verified.cs

  from P:\GitHub\kjldev\purview-telemetry-sourcegenerator\src\Purview.Telemetry.SourceGenerator.IntegrationTests\bin\Release\net10.0\Purview.Telemetry.SourceGenerator.IntegrationTests.dll (net10.0|x64)
  TUnit.Engine.Exceptions.TestFailedException: [Test Failure] VerifyException: Directory: P:\GitHub\kjldev\purview-telemetry-sourcegenerator\src\Purview.Telemetry.SourceGenerator.IntegrationTests\Snapshots
  Delete:
    - TelemetrySourceGeneratorLoggingGen2Tests.Generate_GivenInterfaceWithGenerics_RaisesDiagnostics_A4lm3p9rmpAbILTGyosqRgCf7r4DG6vIQtQ2kMC8Iis.verified.txt
  Equal:
    - Received: TelemetrySourceGeneratorLoggingGen2Tests.Generate_GivenInterfaceWithGenerics_RaisesDiagnostics_A4lm3p9rmpAbILTGyosqRgCf7r4DG6vIQtQ2kMC8Iis#ActivityAttribute.g.received.cs
      Verified: TelemetrySourceGeneratorLoggingGen2Tests.Generate_GivenInterfaceWithGenerics_RaisesDiagnostics_A4lm3p9rmpAbILTGyosqRgCf7r4DG6vIQtQ2kMC8Iis#ActivityAttribute.g.verified.cs
    - Received: TelemetrySourceGeneratorLoggingGen2Tests.Generate_GivenInterfaceWithGenerics_RaisesDiagnostics_A4lm3p9rmpAbILTGyosqRgCf7r4DG6vIQtQ2kMC8Iis#ActivitySourceAttribute.g.received.cs
      Verified: TelemetrySourceGeneratorLoggingGen2Tests.Generate_GivenInterfaceWithGenerics_RaisesDiagnostics_A4lm3p9rmpAbILTGyosqRgCf7r4DG6vIQtQ2kMC8Iis#ActivitySourceAttribute.g.verified.cs
    - Received: TelemetrySourceGeneratorLoggingGen2Tests.Generate_GivenInterfaceWithGenerics_RaisesDiagnostics_A4lm3p9rmpAbILTGyosqRgCf7r4DG6vIQtQ2kMC8Iis#ActivitySourceGenerationAttribute.g.received.cs
      Verified: TelemetrySourceGeneratorLoggingGen2Tests.Generate_GivenInterfaceWithGenerics_RaisesDiagnostics_A4lm3p9rmpAbILTGyosqRgCf7r4DG6vIQtQ2kMC8Iis#ActivitySourceGenerationAttribute.g.verified.cs
    - Received: TelemetrySourceGeneratorLoggingGen2Tests.Generate_GivenInterfaceWithGenerics_RaisesDiagnostics_A4lm3p9rmpAbILTGyosqRgCf7r4DG6vIQtQ2kMC8Iis#AutoCounterAttribute.g.received.cs
      Verified: TelemetrySourceGeneratorLoggingGen2Tests.Generate_GivenInterfaceWithGenerics_RaisesDiagnostics_A4lm3p9rmpAbILTGyosqRgCf7r4DG6vIQtQ2kMC8Iis#AutoCounterAttribute.g.verified.cs
    - Received: TelemetrySourceGeneratorLoggingGen2Tests.Generate_GivenInterfaceWithGenerics_RaisesDiagnostics_A4lm3p9rmpAbILTGyosqRgCf7r4DG6vIQtQ2kMC8Iis#BaggageAttribute.g.received.cs
      Verified: TelemetrySourceGeneratorLoggingGen2Tests.Generate_GivenInterfaceWithGenerics_RaisesDiagnostics_A4lm3p9rmpAbILTGyosqRgCf7r4DG6vIQtQ2kMC8Iis#BaggageAttribute.g.verified.cs
    - Received: TelemetrySourceGeneratorLoggingGen2Tests.Generate_GivenInterfaceWithGenerics_RaisesDiagnostics_A4lm3p9rmpAbILTGyosqRgCf7r4DG6vIQtQ2kMC8Iis#ContextAttribute.g.received.cs
      Verified: TelemetrySourceGeneratorLoggingGen2Tests.Generate_GivenInterfaceWithGenerics_RaisesDiagnostics_A4lm3p9rmpAbILTGyosqRgCf7r4DG6vIQtQ2kMC8Iis#ContextAttribute.g.verified.cs
    - Received: TelemetrySourceGeneratorLoggingGen2Tests.Generate_GivenInterfaceWithGenerics_RaisesDiagnostics_A4lm3p9rmpAbILTGyosqRgCf7r4DG6vIQtQ2kMC8Iis#CounterAttribute.g.received.cs
      Verified: TelemetrySourceGeneratorLoggingGen2Tests.Generate_GivenInterfaceWithGenerics_RaisesDiagnostics_A4lm3p9rmpAbILTGyosqRgCf7r4DG6vIQtQ2kMC8Iis#CounterAttribute.g.verified.cs
    - Received: TelemetrySourceGeneratorLoggingGen2Tests.Generate_GivenInterfaceWithGenerics_RaisesDiagnostics_A4lm3p9rmpAbILTGyosqRgCf7r4DG6vIQtQ2kMC8Iis#CriticalAttribute.g.received.cs
      Verified: TelemetrySourceGeneratorLoggingGen2Tests.Generate_GivenInterfaceWithGenerics_RaisesDiagnostics_A4lm3p9rmpAbILTGyosqRgCf7r4DG6vIQtQ2kMC8Iis#CriticalAttribute.g.verified.cs
    - Received: TelemetrySourceGeneratorLoggingGen2Tests.Generate_GivenInterfaceWithGenerics_RaisesDiagnostics_A4lm3p9rmpAbILTGyosqRgCf7r4DG6vIQtQ2kMC8Iis#DebugAttribute.g.received.cs
      Verified: TelemetrySourceGeneratorLoggingGen2Tests.Generate_GivenInterfaceWithGenerics_RaisesDiagnostics_A4lm3p9rmpAbILTGyosqRgCf7r4DG6vIQtQ2kMC8Iis#DebugAttribute.g.verified.cs
    - Received: TelemetrySourceGeneratorLoggingGen2Tests.Generate_GivenInterfaceWithGenerics_RaisesDiagnostics_A4lm3p9rmpAbILTGyosqRgCf7r4DG6vIQtQ2kMC8Iis#ErrorAttribute.g.received.cs
      Verified: TelemetrySourceGeneratorLoggingGen2Tests.Generate_GivenInterfaceWithGenerics_RaisesDiagnostics_A4lm3p9rmpAbILTGyosqRgCf7r4DG6vIQtQ2kMC8Iis#ErrorAttribute.g.verified.cs
    - Received: TelemetrySourceGeneratorLoggingGen2Tests.Generate_GivenInterfaceWithGenerics_RaisesDiagnostics_A4lm3p9rmpAbILTGyosqRgCf7r4DG6vIQtQ2kMC8Iis#EscapeAttribute.g.received.cs
      Verified: TelemetrySourceGeneratorLoggingGen2Tests.Generate_GivenInterfaceWithGenerics_RaisesDiagnostics_A4lm3p9rmpAbILTGyosqRgCf7r4DG6vIQtQ2kMC8Iis#EscapeAttribute.g.verified.cs
    - Received: TelemetrySourceGeneratorLoggingGen2Tests.Generate_GivenInterfaceWithGenerics_RaisesDiagnostics_A4lm3p9rmpAbILTGyosqRgCf7r4DG6vIQtQ2kMC8Iis#EventAttribute.g.received.cs
      Verified: TelemetrySourceGeneratorLoggingGen2Tests.Generate_GivenInterfaceWithGenerics_RaisesDiagnostics_A4lm3p9rmpAbILTGyosqRgCf7r4DG6vIQtQ2kMC8Iis#EventAttribute.g.verified.cs
    - Received: TelemetrySourceGeneratorLoggingGen2Tests.Generate_GivenInterfaceWithGenerics_RaisesDiagnostics_A4lm3p9rmpAbILTGyosqRgCf7r4DG6vIQtQ2kMC8Iis#ExcludeAttribute.g.received.cs
      Verified: TelemetrySourceGeneratorLoggingGen2Tests.Generate_GivenInterfaceWithGenerics_RaisesDiagnostics_A4lm3p9rmpAbILTGyosqRgCf7r4DG6vIQtQ2kMC8Iis#ExcludeAttribute.g.verified.cs
    - Received: TelemetrySourceGeneratorLoggingGen2Tests.Generate_GivenInterfaceWithGenerics_RaisesDiagnostics_A4lm3p9rmpAbILTGyosqRgCf7r4DG6vIQtQ2kMC8Iis#ExcludeTargetsAttribute.g.received.cs
      Verified: TelemetrySourceGeneratorLoggingGen2Tests.Generate_GivenInterfaceWithGenerics_RaisesDiagnostics_A4lm3p9rmpAbILTGyosqRgCf7r4DG6vIQtQ2kMC8Iis#ExcludeTargetsAttribute.g.verified.cs
    - Received: TelemetrySourceGeneratorLoggingGen2Tests.Generate_GivenInterfaceWithGenerics_RaisesDiagnostics_A4lm3p9rmpAbILTGyosqRgCf7r4DG6vIQtQ2kMC8Iis#ExpandEnumerableAttribute.g.received.cs
      Verified: TelemetrySourceGeneratorLoggingGen2Tests.Generate_GivenInterfaceWithGenerics_RaisesDiagnostics_A4lm3p9rmpAbILTGyosqRgCf7r4DG6vIQtQ2kMC8Iis#ExpandEnumerableAttribute.g.verified.cs
    - Received: TelemetrySourceGeneratorLoggingGen2Tests.Generate_GivenInterfaceWithGenerics_RaisesDiagnostics_A4lm3p9rmpAbILTGyosqRgCf7r4DG6vIQtQ2kMC8Iis#HistogramAttribute.g.received.cs
      Verified: TelemetrySourceGeneratorLoggingGen2Tests.Generate_GivenInterfaceWithGenerics_RaisesDiagnostics_A4lm3p9rmpAbILTGyosqRgCf7r4DG6vIQtQ2kMC8Iis#HistogramAttribute.g.verified.cs
    - Received: TelemetrySourceGeneratorLoggingGen2Tests.Generate_GivenInterfaceWithGenerics_RaisesDiagnostics_A4lm3p9rmpAbILTGyosqRgCf7r4DG6vIQtQ2kMC8Iis#InfoAttribute.g.received.cs
      Verified: TelemetrySourceGeneratorLoggingGen2Tests.Generate_GivenInterfaceWithGenerics_RaisesDiagnostics_A4lm3p9rmpAbILTGyosqRgCf7r4DG6vIQtQ2kMC8Iis#InfoAttribute.g.verified.cs
    - Received: TelemetrySourceGeneratorLoggingGen2Tests.Generate_GivenInterfaceWithGenerics_RaisesDiagnostics_A4lm3p9rmpAbILTGyosqRgCf7r4DG6vIQtQ2kMC8Iis#InstrumentMeasurementAttribute.g.received.cs
      Verified: TelemetrySourceGeneratorLoggingGen2Tests.Generate_GivenInterfaceWithGenerics_RaisesDiagnostics_A4lm3p9rmpAbILTGyosqRgCf7r4DG6vIQtQ2kMC8Iis#InstrumentMeasurementAttribute.g.verified.cs
    - Received: TelemetrySourceGeneratorLoggingGen2Tests.Generate_GivenInterfaceWithGenerics_RaisesDiagnostics_A4lm3p9rmpAbILTGyosqRgCf7r4DG6vIQtQ2kMC8Iis#LogAttribute.g.received.cs
      Verified: TelemetrySourceGeneratorLoggingGen2Tests.Generate_GivenInterfaceWithGenerics_RaisesDiagnostics_A4lm3p9rmpAbILTGyosqRgCf7r4DG6vIQtQ2kMC8Iis#LogAttribute.g.verified.cs
    - Received: TelemetrySourceGeneratorLoggingGen2Tests.Generate_GivenInterfaceWithGenerics_RaisesDiagnostics_A4lm3p9rmpAbILTGyosqRgCf7r4DG6vIQtQ2kMC8Iis#LoggerAttribute.g.received.cs
      Verified: TelemetrySourceGeneratorLoggingGen2Tests.Generate_GivenInterfaceWithGenerics_RaisesDiagnostics_A4lm3p9rmpAbILTGyosqRgCf7r4DG6vIQtQ2kMC8Iis#LoggerAttribute.g.verified.cs
    - Received: TelemetrySourceGeneratorLoggingGen2Tests.Generate_GivenInterfaceWithGenerics_RaisesDiagnostics_A4lm3p9rmpAbILTGyosqRgCf7r4DG6vIQtQ2kMC8Iis#LoggerGenerationAttribute.g.received.cs
      Verified: TelemetrySourceGeneratorLoggingGen2Tests.Generate_GivenInterfaceWithGenerics_RaisesDiagnostics_A4lm3p9rmpAbILTGyosqRgCf7r4DG6vIQtQ2kMC8Iis#LoggerGenerationAttribute.g.verified.cs
    - Received: TelemetrySourceGeneratorLoggingGen2Tests.Generate_GivenInterfaceWithGenerics_RaisesDiagnostics_A4lm3p9rmpAbILTGyosqRgCf7r4DG6vIQtQ2kMC8Iis#LoggerGenerationMode.g.received.cs
      Verified: TelemetrySourceGeneratorLoggingGen2Tests.Generate_GivenInterfaceWithGenerics_RaisesDiagnostics_A4lm3p9rmpAbILTGyosqRgCf7r4DG6vIQtQ2kMC8Iis#LoggerGenerationMode.g.verified.cs
    - Received: TelemetrySourceGeneratorLoggingGen2Tests.Generate_GivenInterfaceWithGenerics_RaisesDiagnostics_A4lm3p9rmpAbILTGyosqRgCf7r4DG6vIQtQ2kMC8Iis#LogPrefixType.g.received.cs
      Verified: TelemetrySourceGeneratorLoggingGen2Tests.Generate_GivenInterfaceWithGenerics_RaisesDiagnostics_A4lm3p9rmpAbILTGyosqRgCf7r4DG6vIQtQ2kMC8Iis#LogPrefixType.g.verified.cs
    - Received: TelemetrySourceGeneratorLoggingGen2Tests.Generate_GivenInterfaceWithGenerics_RaisesDiagnostics_A4lm3p9rmpAbILTGyosqRgCf7r4DG6vIQtQ2kMC8Iis#MeterAttribute.g.received.cs
      Verified: TelemetrySourceGeneratorLoggingGen2Tests.Generate_GivenInterfaceWithGenerics_RaisesDiagnostics_A4lm3p9rmpAbILTGyosqRgCf7r4DG6vIQtQ2kMC8Iis#MeterAttribute.g.verified.cs
    - Received: TelemetrySourceGeneratorLoggingGen2Tests.Generate_GivenInterfaceWithGenerics_RaisesDiagnostics_A4lm3p9rmpAbILTGyosqRgCf7r4DG6vIQtQ2kMC8Iis#MeterGenerationAttribute.g.received.cs
      Verified: TelemetrySourceGeneratorLoggingGen2Tests.Generate_GivenInterfaceWithGenerics_RaisesDiagnostics_A4lm3p9rmpAbILTGyosqRgCf7r4DG6vIQtQ2kMC8Iis#MeterGenerationAttribute.g.verified.cs
    - Received: TelemetrySourceGeneratorLoggingGen2Tests.Generate_GivenInterfaceWithGenerics_RaisesDiagnostics_A4lm3p9rmpAbILTGyosqRgCf7r4DG6vIQtQ2kMC8Iis#MeterNameGenerationType.g.received.cs
      Verified: TelemetrySourceGeneratorLoggingGen2Tests.Generate_GivenInterfaceWithGenerics_RaisesDiagnostics_A4lm3p9rmpAbILTGyosqRgCf7r4DG6vIQtQ2kMC8Iis#MeterNameGenerationType.g.verified.cs
    - Received: TelemetrySourceGeneratorLoggingGen2Tests.Generate_GivenInterfaceWithGenerics_RaisesDiagnostics_A4lm3p9rmpAbILTGyosqRgCf7r4DG6vIQtQ2kMC8Iis#NamingConvention.g.received.cs
      Verified: TelemetrySourceGeneratorLoggingGen2Tests.Generate_GivenInterfaceWithGenerics_RaisesDiagnostics_A4lm3p9rmpAbILTGyosqRgCf7r4DG6vIQtQ2kMC8Iis#NamingConvention.g.verified.cs
    - Received: TelemetrySourceGeneratorLoggingGen2Tests.Generate_GivenInterfaceWithGenerics_RaisesDiagnostics_A4lm3p9rmpAbILTGyosqRgCf7r4DG6vIQtQ2kMC8Iis#ObservableCounterAttribute.g.received.cs
      Verified: TelemetrySourceGeneratorLoggingGen2Tests.Generate_GivenInterfaceWithGenerics_RaisesDiagnostics_A4lm3p9rmpAbILTGyosqRgCf7r4DG6vIQtQ2kMC8Iis#ObservableCounterAttribute.g.verified.cs
    - Received: TelemetrySourceGeneratorLoggingGen2Tests.Generate_GivenInterfaceWithGenerics_RaisesDiagnostics_A4lm3p9rmpAbILTGyosqRgCf7r4DG6vIQtQ2kMC8Iis#ObservableGaugeAttribute.g.received.cs
      Verified: TelemetrySourceGeneratorLoggingGen2Tests.Generate_GivenInterfaceWithGenerics_RaisesDiagnostics_A4lm3p9rmpAbILTGyosqRgCf7r4DG6vIQtQ2kMC8Iis#ObservableGaugeAttribute.g.verified.cs
    - Received: TelemetrySourceGeneratorLoggingGen2Tests.Generate_GivenInterfaceWithGenerics_RaisesDiagnostics_A4lm3p9rmpAbILTGyosqRgCf7r4DG6vIQtQ2kMC8Iis#ObservableUpDownCounterAttribute.g.received.cs
      Verified: TelemetrySourceGeneratorLoggingGen2Tests.Generate_GivenInterfaceWithGenerics_RaisesDiagnostics_A4lm3p9rmpAbILTGyosqRgCf7r4DG6vIQtQ2kMC8Iis#ObservableUpDownCounterAttribute.g.verified.cs
    - Received: TelemetrySourceGeneratorLoggingGen2Tests.Generate_GivenInterfaceWithGenerics_RaisesDiagnostics_A4lm3p9rmpAbILTGyosqRgCf7r4DG6vIQtQ2kMC8Iis#StatusDescriptionAttribute.g.received.cs
      Verified: TelemetrySourceGeneratorLoggingGen2Tests.Generate_GivenInterfaceWithGenerics_RaisesDiagnostics_A4lm3p9rmpAbILTGyosqRgCf7r4DG6vIQtQ2kMC8Iis#StatusDescriptionAttribute.g.verified.cs
    - Received: TelemetrySourceGeneratorLoggingGen2Tests.Generate_GivenInterfaceWithGenerics_RaisesDiagnostics_A4lm3p9rmpAbILTGyosqRgCf7r4DG6vIQtQ2kMC8Iis#TagAttribute.g.received.cs
      Verified: TelemetrySourceGeneratorLoggingGen2Tests.Generate_GivenInterfaceWithGenerics_RaisesDiagnostics_A4lm3p9rmpAbILTGyosqRgCf7r4DG6vIQtQ2kMC8Iis#TagAttribute.g.verified.cs
    - Received: TelemetrySourceGeneratorLoggingGen2Tests.Generate_GivenInterfaceWithGenerics_RaisesDiagnostics_A4lm3p9rmpAbILTGyosqRgCf7r4DG6vIQtQ2kMC8Iis#Targets.g.received.cs
      Verified: TelemetrySourceGeneratorLoggingGen2Tests.Generate_GivenInterfaceWithGenerics_RaisesDiagnostics_A4lm3p9rmpAbILTGyosqRgCf7r4DG6vIQtQ2kMC8Iis#Targets.g.verified.cs
    - Received: TelemetrySourceGeneratorLoggingGen2Tests.Generate_GivenInterfaceWithGenerics_RaisesDiagnostics_A4lm3p9rmpAbILTGyosqRgCf7r4DG6vIQtQ2kMC8Iis#TelemetryGenerationAttribute.g.received.cs
      Verified: TelemetrySourceGeneratorLoggingGen2Tests.Generate_GivenInterfaceWithGenerics_RaisesDiagnostics_A4lm3p9rmpAbILTGyosqRgCf7r4DG6vIQtQ2kMC8Iis#TelemetryGenerationAttribute.g.verified.cs
    - Received: TelemetrySourceGeneratorLoggingGen2Tests.Generate_GivenInterfaceWithGenerics_RaisesDiagnostics_A4lm3p9rmpAbILTGyosqRgCf7r4DG6vIQtQ2kMC8Iis#TraceAttribute.g.received.cs
      Verified: TelemetrySourceGeneratorLoggingGen2Tests.Generate_GivenInterfaceWithGenerics_RaisesDiagnostics_A4lm3p9rmpAbILTGyosqRgCf7r4DG6vIQtQ2kMC8Iis#TraceAttribute.g.verified.cs
    - Received: TelemetrySourceGeneratorLoggingGen2Tests.Generate_GivenInterfaceWithGenerics_RaisesDiagnostics_A4lm3p9rmpAbILTGyosqRgCf7r4DG6vIQtQ2kMC8Iis#UpDownCounterAttribute.g.received.cs
      Verified: TelemetrySourceGeneratorLoggingGen2Tests.Generate_GivenInterfaceWithGenerics_RaisesDiagnostics_A4lm3p9rmpAbILTGyosqRgCf7r4DG6vIQtQ2kMC8Iis#UpDownCounterAttribute.g.verified.cs
    - Received: TelemetrySourceGeneratorLoggingGen2Tests.Generate_GivenInterfaceWithGenerics_RaisesDiagnostics_A4lm3p9rmpAbILTGyosqRgCf7r4DG6vIQtQ2kMC8Iis#WarningAttribute.g.received.cs
      Verified: TelemetrySourceGeneratorLoggingGen2Tests.Generate_GivenInterfaceWithGenerics_RaisesDiagnostics_A4lm3p9rmpAbILTGyosqRgCf7r4DG6vIQtQ2kMC8Iis#WarningAttribute.g.verified.cs
  
  Standard output
    DBG: --- Adding templates.
    DBG: Adding ActivitySourceGenerationAttribute as ActivitySourceGenerationAttribute.g.cs.
    DBG: Adding ActivitySourceAttribute as ActivitySourceAttribute.g.cs.
    DBG: Adding ActivityAttribute as ActivityAttribute.g.cs.
    DBG: Adding EventAttribute as EventAttribute.g.cs.
    DBG: Adding ContextAttribute as ContextAttribute.g.cs.
    DBG: Adding BaggageAttribute as BaggageAttribute.g.cs.
    DBG: Adding EscapeAttribute as EscapeAttribute.g.cs.
    DBG: Adding StatusDescriptionAttribute as StatusDescriptionAttribute.g.cs.
    DBG: Adding LoggerGenerationAttribute as LoggerGenerationAttribute.g.cs.
    DBG: Adding LoggerAttribute as LoggerAttribute.g.cs.
    DBG: Adding LogAttribute as LogAttribute.g.cs.
    DBG: Adding LogPrefixType as LogPrefixType.g.cs.
    DBG: Adding LoggerGenerationMode as LoggerGenerationMode.g.cs.
    DBG: Adding ExpandEnumerableAttribute as ExpandEnumerableAttribute.g.cs.
    DBG: Adding TraceAttribute as TraceAttribute.g.cs.
    DBG: Adding DebugAttribute as DebugAttribute.g.cs.
    DBG: Adding InfoAttribute as InfoAttribute.g.cs.
    DBG: Adding WarningAttribute as WarningAttribute.g.cs.
    DBG: Adding ErrorAttribute as ErrorAttribute.g.cs.
    DBG: Adding CriticalAttribute as CriticalAttribute.g.cs.
    DBG: Adding MeterGenerationAttribute as MeterGenerationAttribute.g.cs.
    DBG: Adding MeterAttribute as MeterAttribute.g.cs.
    DBG: Adding MeterNameGenerationType as MeterNameGenerationType.g.cs.
    DBG: Adding InstrumentMeasurementAttribute as InstrumentMeasurementAttribute.g.cs.
    DBG: Adding AutoCounterAttribute as AutoCounterAttribute.g.cs.
    DBG: Adding CounterAttribute as CounterAttribute.g.cs.
    DBG: Adding UpDownCounterAttribute as UpDownCounterAttribute.g.cs.
    DBG: Adding HistogramAttribute as HistogramAttribute.g.cs.
    DBG: Adding ObservableCounterAttribute as ObservableCounterAttribute.g.cs.
    DBG: Adding ObservableGaugeAttribute as ObservableGaugeAttribute.g.cs.
    DBG: Adding ObservableUpDownCounterAttribute as ObservableUpDownCounterAttribute.g.cs.
    DBG: Adding TagAttribute as TagAttribute.g.cs.
    DBG: Adding ExcludeAttribute as ExcludeAttribute.g.cs.
    DBG: Adding TelemetryGenerationAttribute as TelemetryGenerationAttribute.g.cs.
    DBG: Adding Targets as Targets.g.cs.
    DBG: Adding NamingConvention as NamingConvention.g.cs.
    DBG: Adding ExcludeTargetsAttribute as ExcludeTargetsAttribute.g.cs.
    DBG: --- Finished adding templates.
    DIA: Cannot generate a Logger target for a generic interface '[Logger] public interface ITestLogger<T0, T1> { void LogEntryWithGenericTypeParam(); }'.
    
  Error output
failed Generate_GivenMethodWithGenerics_RaisesDiagnostics(1) (3s 400ms)
  [Test Failure] VerifyException: Directory: P:\GitHub\kjldev\purview-telemetry-sourcegenerator\src\Purview.Telemetry.SourceGenerator.IntegrationTests\Snapshots
Delete:
  - TelemetrySourceGeneratorLoggingGen2Tests.Generate_GivenMethodWithGenerics_RaisesDiagnostics_CAqe1ChVnvYCZotMAPEU8aEcP2sCpDXwvcFUV45NfyI.verified.txt
Equal:
  - Received: TelemetrySourceGeneratorLoggingGen2Tests.Generate_GivenMethodWithGenerics_RaisesDiagnostics_CAqe1ChVnvYCZotMAPEU8aEcP2sCpDXwvcFUV45NfyI#ActivityAttribute.g.received.cs
    Verified: TelemetrySourceGeneratorLoggingGen2Tests.Generate_GivenMethodWithGenerics_RaisesDiagnostics_CAqe1ChVnvYCZotMAPEU8aEcP2sCpDXwvcFUV45NfyI#ActivityAttribute.g.verified.cs
  - Received: TelemetrySourceGeneratorLoggingGen2Tests.Generate_GivenMethodWithGenerics_RaisesDiagnostics_CAqe1ChVnvYCZotMAPEU8aEcP2sCpDXwvcFUV45NfyI#ActivitySourceAttribute.g.received.cs
    Verified: TelemetrySourceGeneratorLoggingGen2Tests.Generate_GivenMethodWithGenerics_RaisesDiagnostics_CAqe1ChVnvYCZotMAPEU8aEcP2sCpDXwvcFUV45NfyI#ActivitySourceAttribute.g.verified.cs
  - Received: TelemetrySourceGeneratorLoggingGen2Tests.Generate_GivenMethodWithGenerics_RaisesDiagnostics_CAqe1ChVnvYCZotMAPEU8aEcP2sCpDXwvcFUV45NfyI#ActivitySourceGenerationAttribute.g.received.cs
    Verified: TelemetrySourceGeneratorLoggingGen2Tests.Generate_GivenMethodWithGenerics_RaisesDiagnostics_CAqe1ChVnvYCZotMAPEU8aEcP2sCpDXwvcFUV45NfyI#ActivitySourceGenerationAttribute.g.verified.cs
  - Received: TelemetrySourceGeneratorLoggingGen2Tests.Generate_GivenMethodWithGenerics_RaisesDiagnostics_CAqe1ChVnvYCZotMAPEU8aEcP2sCpDXwvcFUV45NfyI#AutoCounterAttribute.g.received.cs
    Verified: TelemetrySourceGeneratorLoggingGen2Tests.Generate_GivenMethodWithGenerics_RaisesDiagnostics_CAqe1ChVnvYCZotMAPEU8aEcP2sCpDXwvcFUV45NfyI#AutoCounterAttribute.g.verified.cs
  - Received: TelemetrySourceGeneratorLoggingGen2Tests.Generate_GivenMethodWithGenerics_RaisesDiagnostics_CAqe1ChVnvYCZotMAPEU8aEcP2sCpDXwvcFUV45NfyI#BaggageAttribute.g.received.cs
    Verified: TelemetrySourceGeneratorLoggingGen2Tests.Generate_GivenMethodWithGenerics_RaisesDiagnostics_CAqe1ChVnvYCZotMAPEU8aEcP2sCpDXwvcFUV45NfyI#BaggageAttribute.g.verified.cs
  - Received: TelemetrySourceGeneratorLoggingGen2Tests.Generate_GivenMethodWithGenerics_RaisesDiagnostics_CAqe1ChVnvYCZotMAPEU8aEcP2sCpDXwvcFUV45NfyI#ContextAttribute.g.received.cs
    Verified: TelemetrySourceGeneratorLoggingGen2Tests.Generate_GivenMethodWithGenerics_RaisesDiagnostics_CAqe1ChVnvYCZotMAPEU8aEcP2sCpDXwvcFUV45NfyI#ContextAttribute.g.verified.cs
  - Received: TelemetrySourceGeneratorLoggingGen2Tests.Generate_GivenMethodWithGenerics_RaisesDiagnostics_CAqe1ChVnvYCZotMAPEU8aEcP2sCpDXwvcFUV45NfyI#CounterAttribute.g.received.cs
    Verified: TelemetrySourceGeneratorLoggingGen2Tests.Generate_GivenMethodWithGenerics_RaisesDiagnostics_CAqe1ChVnvYCZotMAPEU8aEcP2sCpDXwvcFUV45NfyI#CounterAttribute.g.verified.cs
  - Received: TelemetrySourceGeneratorLoggingGen2Tests.Generate_GivenMethodWithGenerics_RaisesDiagnostics_CAqe1ChVnvYCZotMAPEU8aEcP2sCpDXwvcFUV45NfyI#CriticalAttribute.g.received.cs
    Verified: TelemetrySourceGeneratorLoggingGen2Tests.Generate_GivenMethodWithGenerics_RaisesDiagnostics_CAqe1ChVnvYCZotMAPEU8aEcP2sCpDXwvcFUV45NfyI#CriticalAttribute.g.verified.cs
  - Received: TelemetrySourceGeneratorLoggingGen2Tests.Generate_GivenMethodWithGenerics_RaisesDiagnostics_CAqe1ChVnvYCZotMAPEU8aEcP2sCpDXwvcFUV45NfyI#DebugAttribute.g.received.cs
    Verified: TelemetrySourceGeneratorLoggingGen2Tests.Generate_GivenMethodWithGenerics_RaisesDiagnostics_CAqe1ChVnvYCZotMAPEU8aEcP2sCpDXwvcFUV45NfyI#DebugAttribute.g.verified.cs
  - Received: TelemetrySourceGeneratorLoggingGen2Tests.Generate_GivenMethodWithGenerics_RaisesDiagnostics_CAqe1ChVnvYCZotMAPEU8aEcP2sCpDXwvcFUV45NfyI#ErrorAttribute.g.received.cs
    Verified: TelemetrySourceGeneratorLoggingGen2Tests.Generate_GivenMethodWithGenerics_RaisesDiagnostics_CAqe1ChVnvYCZotMAPEU8aEcP2sCpDXwvcFUV45NfyI#ErrorAttribute.g.verified.cs
  - Received: TelemetrySourceGeneratorLoggingGen2Tests.Generate_GivenMethodWithGenerics_RaisesDiagnostics_CAqe1ChVnvYCZotMAPEU8aEcP2sCpDXwvcFUV45NfyI#EscapeAttribute.g.received.cs
    Verified: TelemetrySourceGeneratorLoggingGen2Tests.Generate_GivenMethodWithGenerics_RaisesDiagnostics_CAqe1ChVnvYCZotMAPEU8aEcP2sCpDXwvcFUV45NfyI#EscapeAttribute.g.verified.cs
  - Received: TelemetrySourceGeneratorLoggingGen2Tests.Generate_GivenMethodWithGenerics_RaisesDiagnostics_CAqe1ChVnvYCZotMAPEU8aEcP2sCpDXwvcFUV45NfyI#EventAttribute.g.received.cs
    Verified: TelemetrySourceGeneratorLoggingGen2Tests.Generate_GivenMethodWithGenerics_RaisesDiagnostics_CAqe1ChVnvYCZotMAPEU8aEcP2sCpDXwvcFUV45NfyI#EventAttribute.g.verified.cs
  - Received: TelemetrySourceGeneratorLoggingGen2Tests.Generate_GivenMethodWithGenerics_RaisesDiagnostics_CAqe1ChVnvYCZotMAPEU8aEcP2sCpDXwvcFUV45NfyI#ExcludeAttribute.g.received.cs
    Verified: TelemetrySourceGeneratorLoggingGen2Tests.Generate_GivenMethodWithGenerics_RaisesDiagnostics_CAqe1ChVnvYCZotMAPEU8aEcP2sCpDXwvcFUV45NfyI#ExcludeAttribute.g.verified.cs
  - Received: TelemetrySourceGeneratorLoggingGen2Tests.Generate_GivenMethodWithGenerics_RaisesDiagnostics_CAqe1ChVnvYCZotMAPEU8aEcP2sCpDXwvcFUV45NfyI#ExcludeTargetsAttribute.g.received.cs
    Verified: TelemetrySourceGeneratorLoggingGen2Tests.Generate_GivenMethodWithGenerics_RaisesDiagnostics_CAqe1ChVnvYCZotMAPEU8aEcP2sCpDXwvcFUV45NfyI#ExcludeTargetsAttribute.g.verified.cs
  - Received: TelemetrySourceGeneratorLoggingGen2Tests.Generate_GivenMethodWithGenerics_RaisesDiagnostics_CAqe1ChVnvYCZotMAPEU8aEcP2sCpDXwvcFUV45NfyI#ExpandEnumerableAttribute.g.received.cs
    Verified: TelemetrySourceGeneratorLoggingGen2Tests.Generate_GivenMethodWithGenerics_RaisesDiagnostics_CAqe1ChVnvYCZotMAPEU8aEcP2sCpDXwvcFUV45NfyI#ExpandEnumerableAttribute.g.verified.cs
  - Received: TelemetrySourceGeneratorLoggingGen2Tests.Generate_GivenMethodWithGenerics_RaisesDiagnostics_CAqe1ChVnvYCZotMAPEU8aEcP2sCpDXwvcFUV45NfyI#HistogramAttribute.g.received.cs
    Verified: TelemetrySourceGeneratorLoggingGen2Tests.Generate_GivenMethodWithGenerics_RaisesDiagnostics_CAqe1ChVnvYCZotMAPEU8aEcP2sCpDXwvcFUV45NfyI#HistogramAttribute.g.verified.cs
  - Received: TelemetrySourceGeneratorLoggingGen2Tests.Generate_GivenMethodWithGenerics_RaisesDiagnostics_CAqe1ChVnvYCZotMAPEU8aEcP2sCpDXwvcFUV45NfyI#InfoAttribute.g.received.cs
    Verified: TelemetrySourceGeneratorLoggingGen2Tests.Generate_GivenMethodWithGenerics_RaisesDiagnostics_CAqe1ChVnvYCZotMAPEU8aEcP2sCpDXwvcFUV45NfyI#InfoAttribute.g.verified.cs
  - Received: TelemetrySourceGeneratorLoggingGen2Tests.Generate_GivenMethodWithGenerics_RaisesDiagnostics_CAqe1ChVnvYCZotMAPEU8aEcP2sCpDXwvcFUV45NfyI#InstrumentMeasurementAttribute.g.received.cs
    Verified: TelemetrySourceGeneratorLoggingGen2Tests.Generate_GivenMethodWithGenerics_RaisesDiagnostics_CAqe1ChVnvYCZotMAPEU8aEcP2sCpDXwvcFUV45NfyI#InstrumentMeasurementAttribute.g.verified.cs
  - Received: TelemetrySourceGeneratorLoggingGen2Tests.Generate_GivenMethodWithGenerics_RaisesDiagnostics_CAqe1ChVnvYCZotMAPEU8aEcP2sCpDXwvcFUV45NfyI#LogAttribute.g.received.cs
    Verified: TelemetrySourceGeneratorLoggingGen2Tests.Generate_GivenMethodWithGenerics_RaisesDiagnostics_CAqe1ChVnvYCZotMAPEU8aEcP2sCpDXwvcFUV45NfyI#LogAttribute.g.verified.cs
  - Received: TelemetrySourceGeneratorLoggingGen2Tests.Generate_GivenMethodWithGenerics_RaisesDiagnostics_CAqe1ChVnvYCZotMAPEU8aEcP2sCpDXwvcFUV45NfyI#LoggerAttribute.g.received.cs
    Verified: TelemetrySourceGeneratorLoggingGen2Tests.Generate_GivenMethodWithGenerics_RaisesDiagnostics_CAqe1ChVnvYCZotMAPEU8aEcP2sCpDXwvcFUV45NfyI#LoggerAttribute.g.verified.cs
  - Received: TelemetrySourceGeneratorLoggingGen2Tests.Generate_GivenMethodWithGenerics_RaisesDiagnostics_CAqe1ChVnvYCZotMAPEU8aEcP2sCpDXwvcFUV45NfyI#LoggerGenerationAttribute.g.received.cs
    Verified: TelemetrySourceGeneratorLoggingGen2Tests.Generate_GivenMethodWithGenerics_RaisesDiagnostics_CAqe1ChVnvYCZotMAPEU8aEcP2sCpDXwvcFUV45NfyI#LoggerGenerationAttribute.g.verified.cs
  - Received: TelemetrySourceGeneratorLoggingGen2Tests.Generate_GivenMethodWithGenerics_RaisesDiagnostics_CAqe1ChVnvYCZotMAPEU8aEcP2sCpDXwvcFUV45NfyI#LoggerGenerationMode.g.received.cs
    Verified: TelemetrySourceGeneratorLoggingGen2Tests.Generate_GivenMethodWithGenerics_RaisesDiagnostics_CAqe1ChVnvYCZotMAPEU8aEcP2sCpDXwvcFUV45NfyI#LoggerGenerationMode.g.verified.cs
  - Received: TelemetrySourceGeneratorLoggingGen2Tests.Generate_GivenMethodWithGenerics_RaisesDiagnostics_CAqe1ChVnvYCZotMAPEU8aEcP2sCpDXwvcFUV45NfyI#LogPrefixType.g.received.cs
    Verified: TelemetrySourceGeneratorLoggingGen2Tests.Generate_GivenMethodWithGenerics_RaisesDiagnostics_CAqe1ChVnvYCZotMAPEU8aEcP2sCpDXwvcFUV45NfyI#LogPrefixType.g.verified.cs
  - Received: TelemetrySourceGeneratorLoggingGen2Tests.Generate_GivenMethodWithGenerics_RaisesDiagnostics_CAqe1ChVnvYCZotMAPEU8aEcP2sCpDXwvcFUV45NfyI#MeterAttribute.g.received.cs
    Verified: TelemetrySourceGeneratorLoggingGen2Tests.Generate_GivenMethodWithGenerics_RaisesDiagnostics_CAqe1ChVnvYCZotMAPEU8aEcP2sCpDXwvcFUV45NfyI#MeterAttribute.g.verified.cs
  - Received: TelemetrySourceGeneratorLoggingGen2Tests.Generate_GivenMethodWithGenerics_RaisesDiagnostics_CAqe1ChVnvYCZotMAPEU8aEcP2sCpDXwvcFUV45NfyI#MeterGenerationAttribute.g.received.cs
    Verified: TelemetrySourceGeneratorLoggingGen2Tests.Generate_GivenMethodWithGenerics_RaisesDiagnostics_CAqe1ChVnvYCZotMAPEU8aEcP2sCpDXwvcFUV45NfyI#MeterGenerationAttribute.g.verified.cs
  - Received: TelemetrySourceGeneratorLoggingGen2Tests.Generate_GivenMethodWithGenerics_RaisesDiagnostics_CAqe1ChVnvYCZotMAPEU8aEcP2sCpDXwvcFUV45NfyI#MeterNameGenerationType.g.received.cs
    Verified: TelemetrySourceGeneratorLoggingGen2Tests.Generate_GivenMethodWithGenerics_RaisesDiagnostics_CAqe1ChVnvYCZotMAPEU8aEcP2sCpDXwvcFUV45NfyI#MeterNameGenerationType.g.verified.cs
  - Received: TelemetrySourceGeneratorLoggingGen2Tests.Generate_GivenMethodWithGenerics_RaisesDiagnostics_CAqe1ChVnvYCZotMAPEU8aEcP2sCpDXwvcFUV45NfyI#NamingConvention.g.received.cs
    Verified: TelemetrySourceGeneratorLoggingGen2Tests.Generate_GivenMethodWithGenerics_RaisesDiagnostics_CAqe1ChVnvYCZotMAPEU8aEcP2sCpDXwvcFUV45NfyI#NamingConvention.g.verified.cs
  - Received: TelemetrySourceGeneratorLoggingGen2Tests.Generate_GivenMethodWithGenerics_RaisesDiagnostics_CAqe1ChVnvYCZotMAPEU8aEcP2sCpDXwvcFUV45NfyI#ObservableCounterAttribute.g.received.cs
    Verified: TelemetrySourceGeneratorLoggingGen2Tests.Generate_GivenMethodWithGenerics_RaisesDiagnostics_CAqe1ChVnvYCZotMAPEU8aEcP2sCpDXwvcFUV45NfyI#ObservableCounterAttribute.g.verified.cs
  - Received: TelemetrySourceGeneratorLoggingGen2Tests.Generate_GivenMethodWithGenerics_RaisesDiagnostics_CAqe1ChVnvYCZotMAPEU8aEcP2sCpDXwvcFUV45NfyI#ObservableGaugeAttribute.g.received.cs
    Verified: TelemetrySourceGeneratorLoggingGen2Tests.Generate_GivenMethodWithGenerics_RaisesDiagnostics_CAqe1ChVnvYCZotMAPEU8aEcP2sCpDXwvcFUV45NfyI#ObservableGaugeAttribute.g.verified.cs
  - Received: TelemetrySourceGeneratorLoggingGen2Tests.Generate_GivenMethodWithGenerics_RaisesDiagnostics_CAqe1ChVnvYCZotMAPEU8aEcP2sCpDXwvcFUV45NfyI#ObservableUpDownCounterAttribute.g.received.cs
    Verified: TelemetrySourceGeneratorLoggingGen2Tests.Generate_GivenMethodWithGenerics_RaisesDiagnostics_CAqe1ChVnvYCZotMAPEU8aEcP2sCpDXwvcFUV45NfyI#ObservableUpDownCounterAttribute.g.verified.cs
  - Received: TelemetrySourceGeneratorLoggingGen2Tests.Generate_GivenMethodWithGenerics_RaisesDiagnostics_CAqe1ChVnvYCZotMAPEU8aEcP2sCpDXwvcFUV45NfyI#StatusDescriptionAttribute.g.received.cs
    Verified: TelemetrySourceGeneratorLoggingGen2Tests.Generate_GivenMethodWithGenerics_RaisesDiagnostics_CAqe1ChVnvYCZotMAPEU8aEcP2sCpDXwvcFUV45NfyI#StatusDescriptionAttribute.g.verified.cs
  - Received: TelemetrySourceGeneratorLoggingGen2Tests.Generate_GivenMethodWithGenerics_RaisesDiagnostics_CAqe1ChVnvYCZotMAPEU8aEcP2sCpDXwvcFUV45NfyI#TagAttribute.g.received.cs
    Verified: TelemetrySourceGeneratorLoggingGen2Tests.Generate_GivenMethodWithGenerics_RaisesDiagnostics_CAqe1ChVnvYCZotMAPEU8aEcP2sCpDXwvcFUV45NfyI#TagAttribute.g.verified.cs
  - Received: TelemetrySourceGeneratorLoggingGen2Tests.Generate_GivenMethodWithGenerics_RaisesDiagnostics_CAqe1ChVnvYCZotMAPEU8aEcP2sCpDXwvcFUV45NfyI#Targets.g.received.cs
    Verified: TelemetrySourceGeneratorLoggingGen2Tests.Generate_GivenMethodWithGenerics_RaisesDiagnostics_CAqe1ChVnvYCZotMAPEU8aEcP2sCpDXwvcFUV45NfyI#Targets.g.verified.cs
  - Received: TelemetrySourceGeneratorLoggingGen2Tests.Generate_GivenMethodWithGenerics_RaisesDiagnostics_CAqe1ChVnvYCZotMAPEU8aEcP2sCpDXwvcFUV45NfyI#TelemetryGenerationAttribute.g.received.cs
    Verified: TelemetrySourceGeneratorLoggingGen2Tests.Generate_GivenMethodWithGenerics_RaisesDiagnostics_CAqe1ChVnvYCZotMAPEU8aEcP2sCpDXwvcFUV45NfyI#TelemetryGenerationAttribute.g.verified.cs
  - Received: TelemetrySourceGeneratorLoggingGen2Tests.Generate_GivenMethodWithGenerics_RaisesDiagnostics_CAqe1ChVnvYCZotMAPEU8aEcP2sCpDXwvcFUV45NfyI#TraceAttribute.g.received.cs
    Verified: TelemetrySourceGeneratorLoggingGen2Tests.Generate_GivenMethodWithGenerics_RaisesDiagnostics_CAqe1ChVnvYCZotMAPEU8aEcP2sCpDXwvcFUV45NfyI#TraceAttribute.g.verified.cs
  - Received: TelemetrySourceGeneratorLoggingGen2Tests.Generate_GivenMethodWithGenerics_RaisesDiagnostics_CAqe1ChVnvYCZotMAPEU8aEcP2sCpDXwvcFUV45NfyI#UpDownCounterAttribute.g.received.cs
    Verified: TelemetrySourceGeneratorLoggingGen2Tests.Generate_GivenMethodWithGenerics_RaisesDiagnostics_CAqe1ChVnvYCZotMAPEU8aEcP2sCpDXwvcFUV45NfyI#UpDownCounterAttribute.g.verified.cs
  - Received: TelemetrySourceGeneratorLoggingGen2Tests.Generate_GivenMethodWithGenerics_RaisesDiagnostics_CAqe1ChVnvYCZotMAPEU8aEcP2sCpDXwvcFUV45NfyI#WarningAttribute.g.received.cs
    Verified: TelemetrySourceGeneratorLoggingGen2Tests.Generate_GivenMethodWithGenerics_RaisesDiagnostics_CAqe1ChVnvYCZotMAPEU8aEcP2sCpDXwvcFUV45NfyI#WarningAttribute.g.verified.cs

  from P:\GitHub\kjldev\purview-telemetry-sourcegenerator\src\Purview.Telemetry.SourceGenerator.IntegrationTests\bin\Release\net10.0\Purview.Telemetry.SourceGenerator.IntegrationTests.dll (net10.0|x64)
  TUnit.Engine.Exceptions.TestFailedException: [Test Failure] VerifyException: Directory: P:\GitHub\kjldev\purview-telemetry-sourcegenerator\src\Purview.Telemetry.SourceGenerator.IntegrationTests\Snapshots
  Delete:
    - TelemetrySourceGeneratorLoggingGen2Tests.Generate_GivenMethodWithGenerics_RaisesDiagnostics_CAqe1ChVnvYCZotMAPEU8aEcP2sCpDXwvcFUV45NfyI.verified.txt
  Equal:
    - Received: TelemetrySourceGeneratorLoggingGen2Tests.Generate_GivenMethodWithGenerics_RaisesDiagnostics_CAqe1ChVnvYCZotMAPEU8aEcP2sCpDXwvcFUV45NfyI#ActivityAttribute.g.received.cs
      Verified: TelemetrySourceGeneratorLoggingGen2Tests.Generate_GivenMethodWithGenerics_RaisesDiagnostics_CAqe1ChVnvYCZotMAPEU8aEcP2sCpDXwvcFUV45NfyI#ActivityAttribute.g.verified.cs
    - Received: TelemetrySourceGeneratorLoggingGen2Tests.Generate_GivenMethodWithGenerics_RaisesDiagnostics_CAqe1ChVnvYCZotMAPEU8aEcP2sCpDXwvcFUV45NfyI#ActivitySourceAttribute.g.received.cs
      Verified: TelemetrySourceGeneratorLoggingGen2Tests.Generate_GivenMethodWithGenerics_RaisesDiagnostics_CAqe1ChVnvYCZotMAPEU8aEcP2sCpDXwvcFUV45NfyI#ActivitySourceAttribute.g.verified.cs
    - Received: TelemetrySourceGeneratorLoggingGen2Tests.Generate_GivenMethodWithGenerics_RaisesDiagnostics_CAqe1ChVnvYCZotMAPEU8aEcP2sCpDXwvcFUV45NfyI#ActivitySourceGenerationAttribute.g.received.cs
      Verified: TelemetrySourceGeneratorLoggingGen2Tests.Generate_GivenMethodWithGenerics_RaisesDiagnostics_CAqe1ChVnvYCZotMAPEU8aEcP2sCpDXwvcFUV45NfyI#ActivitySourceGenerationAttribute.g.verified.cs
    - Received: TelemetrySourceGeneratorLoggingGen2Tests.Generate_GivenMethodWithGenerics_RaisesDiagnostics_CAqe1ChVnvYCZotMAPEU8aEcP2sCpDXwvcFUV45NfyI#AutoCounterAttribute.g.received.cs
      Verified: TelemetrySourceGeneratorLoggingGen2Tests.Generate_GivenMethodWithGenerics_RaisesDiagnostics_CAqe1ChVnvYCZotMAPEU8aEcP2sCpDXwvcFUV45NfyI#AutoCounterAttribute.g.verified.cs
    - Received: TelemetrySourceGeneratorLoggingGen2Tests.Generate_GivenMethodWithGenerics_RaisesDiagnostics_CAqe1ChVnvYCZotMAPEU8aEcP2sCpDXwvcFUV45NfyI#BaggageAttribute.g.received.cs
      Verified: TelemetrySourceGeneratorLoggingGen2Tests.Generate_GivenMethodWithGenerics_RaisesDiagnostics_CAqe1ChVnvYCZotMAPEU8aEcP2sCpDXwvcFUV45NfyI#BaggageAttribute.g.verified.cs
    - Received: TelemetrySourceGeneratorLoggingGen2Tests.Generate_GivenMethodWithGenerics_RaisesDiagnostics_CAqe1ChVnvYCZotMAPEU8aEcP2sCpDXwvcFUV45NfyI#ContextAttribute.g.received.cs
      Verified: TelemetrySourceGeneratorLoggingGen2Tests.Generate_GivenMethodWithGenerics_RaisesDiagnostics_CAqe1ChVnvYCZotMAPEU8aEcP2sCpDXwvcFUV45NfyI#ContextAttribute.g.verified.cs
    - Received: TelemetrySourceGeneratorLoggingGen2Tests.Generate_GivenMethodWithGenerics_RaisesDiagnostics_CAqe1ChVnvYCZotMAPEU8aEcP2sCpDXwvcFUV45NfyI#CounterAttribute.g.received.cs
      Verified: TelemetrySourceGeneratorLoggingGen2Tests.Generate_GivenMethodWithGenerics_RaisesDiagnostics_CAqe1ChVnvYCZotMAPEU8aEcP2sCpDXwvcFUV45NfyI#CounterAttribute.g.verified.cs
    - Received: TelemetrySourceGeneratorLoggingGen2Tests.Generate_GivenMethodWithGenerics_RaisesDiagnostics_CAqe1ChVnvYCZotMAPEU8aEcP2sCpDXwvcFUV45NfyI#CriticalAttribute.g.received.cs
      Verified: TelemetrySourceGeneratorLoggingGen2Tests.Generate_GivenMethodWithGenerics_RaisesDiagnostics_CAqe1ChVnvYCZotMAPEU8aEcP2sCpDXwvcFUV45NfyI#CriticalAttribute.g.verified.cs
    - Received: TelemetrySourceGeneratorLoggingGen2Tests.Generate_GivenMethodWithGenerics_RaisesDiagnostics_CAqe1ChVnvYCZotMAPEU8aEcP2sCpDXwvcFUV45NfyI#DebugAttribute.g.received.cs
      Verified: TelemetrySourceGeneratorLoggingGen2Tests.Generate_GivenMethodWithGenerics_RaisesDiagnostics_CAqe1ChVnvYCZotMAPEU8aEcP2sCpDXwvcFUV45NfyI#DebugAttribute.g.verified.cs
    - Received: TelemetrySourceGeneratorLoggingGen2Tests.Generate_GivenMethodWithGenerics_RaisesDiagnostics_CAqe1ChVnvYCZotMAPEU8aEcP2sCpDXwvcFUV45NfyI#ErrorAttribute.g.received.cs
      Verified: TelemetrySourceGeneratorLoggingGen2Tests.Generate_GivenMethodWithGenerics_RaisesDiagnostics_CAqe1ChVnvYCZotMAPEU8aEcP2sCpDXwvcFUV45NfyI#ErrorAttribute.g.verified.cs
    - Received: TelemetrySourceGeneratorLoggingGen2Tests.Generate_GivenMethodWithGenerics_RaisesDiagnostics_CAqe1ChVnvYCZotMAPEU8aEcP2sCpDXwvcFUV45NfyI#EscapeAttribute.g.received.cs
      Verified: TelemetrySourceGeneratorLoggingGen2Tests.Generate_GivenMethodWithGenerics_RaisesDiagnostics_CAqe1ChVnvYCZotMAPEU8aEcP2sCpDXwvcFUV45NfyI#EscapeAttribute.g.verified.cs
    - Received: TelemetrySourceGeneratorLoggingGen2Tests.Generate_GivenMethodWithGenerics_RaisesDiagnostics_CAqe1ChVnvYCZotMAPEU8aEcP2sCpDXwvcFUV45NfyI#EventAttribute.g.received.cs
      Verified: TelemetrySourceGeneratorLoggingGen2Tests.Generate_GivenMethodWithGenerics_RaisesDiagnostics_CAqe1ChVnvYCZotMAPEU8aEcP2sCpDXwvcFUV45NfyI#EventAttribute.g.verified.cs
    - Received: TelemetrySourceGeneratorLoggingGen2Tests.Generate_GivenMethodWithGenerics_RaisesDiagnostics_CAqe1ChVnvYCZotMAPEU8aEcP2sCpDXwvcFUV45NfyI#ExcludeAttribute.g.received.cs
      Verified: TelemetrySourceGeneratorLoggingGen2Tests.Generate_GivenMethodWithGenerics_RaisesDiagnostics_CAqe1ChVnvYCZotMAPEU8aEcP2sCpDXwvcFUV45NfyI#ExcludeAttribute.g.verified.cs
    - Received: TelemetrySourceGeneratorLoggingGen2Tests.Generate_GivenMethodWithGenerics_RaisesDiagnostics_CAqe1ChVnvYCZotMAPEU8aEcP2sCpDXwvcFUV45NfyI#ExcludeTargetsAttribute.g.received.cs
      Verified: TelemetrySourceGeneratorLoggingGen2Tests.Generate_GivenMethodWithGenerics_RaisesDiagnostics_CAqe1ChVnvYCZotMAPEU8aEcP2sCpDXwvcFUV45NfyI#ExcludeTargetsAttribute.g.verified.cs
    - Received: TelemetrySourceGeneratorLoggingGen2Tests.Generate_GivenMethodWithGenerics_RaisesDiagnostics_CAqe1ChVnvYCZotMAPEU8aEcP2sCpDXwvcFUV45NfyI#ExpandEnumerableAttribute.g.received.cs
      Verified: TelemetrySourceGeneratorLoggingGen2Tests.Generate_GivenMethodWithGenerics_RaisesDiagnostics_CAqe1ChVnvYCZotMAPEU8aEcP2sCpDXwvcFUV45NfyI#ExpandEnumerableAttribute.g.verified.cs
    - Received: TelemetrySourceGeneratorLoggingGen2Tests.Generate_GivenMethodWithGenerics_RaisesDiagnostics_CAqe1ChVnvYCZotMAPEU8aEcP2sCpDXwvcFUV45NfyI#HistogramAttribute.g.received.cs
      Verified: TelemetrySourceGeneratorLoggingGen2Tests.Generate_GivenMethodWithGenerics_RaisesDiagnostics_CAqe1ChVnvYCZotMAPEU8aEcP2sCpDXwvcFUV45NfyI#HistogramAttribute.g.verified.cs
    - Received: TelemetrySourceGeneratorLoggingGen2Tests.Generate_GivenMethodWithGenerics_RaisesDiagnostics_CAqe1ChVnvYCZotMAPEU8aEcP2sCpDXwvcFUV45NfyI#InfoAttribute.g.received.cs
      Verified: TelemetrySourceGeneratorLoggingGen2Tests.Generate_GivenMethodWithGenerics_RaisesDiagnostics_CAqe1ChVnvYCZotMAPEU8aEcP2sCpDXwvcFUV45NfyI#InfoAttribute.g.verified.cs
    - Received: TelemetrySourceGeneratorLoggingGen2Tests.Generate_GivenMethodWithGenerics_RaisesDiagnostics_CAqe1ChVnvYCZotMAPEU8aEcP2sCpDXwvcFUV45NfyI#InstrumentMeasurementAttribute.g.received.cs
      Verified: TelemetrySourceGeneratorLoggingGen2Tests.Generate_GivenMethodWithGenerics_RaisesDiagnostics_CAqe1ChVnvYCZotMAPEU8aEcP2sCpDXwvcFUV45NfyI#InstrumentMeasurementAttribute.g.verified.cs
    - Received: TelemetrySourceGeneratorLoggingGen2Tests.Generate_GivenMethodWithGenerics_RaisesDiagnostics_CAqe1ChVnvYCZotMAPEU8aEcP2sCpDXwvcFUV45NfyI#LogAttribute.g.received.cs
      Verified: TelemetrySourceGeneratorLoggingGen2Tests.Generate_GivenMethodWithGenerics_RaisesDiagnostics_CAqe1ChVnvYCZotMAPEU8aEcP2sCpDXwvcFUV45NfyI#LogAttribute.g.verified.cs
    - Received: TelemetrySourceGeneratorLoggingGen2Tests.Generate_GivenMethodWithGenerics_RaisesDiagnostics_CAqe1ChVnvYCZotMAPEU8aEcP2sCpDXwvcFUV45NfyI#LoggerAttribute.g.received.cs
      Verified: TelemetrySourceGeneratorLoggingGen2Tests.Generate_GivenMethodWithGenerics_RaisesDiagnostics_CAqe1ChVnvYCZotMAPEU8aEcP2sCpDXwvcFUV45NfyI#LoggerAttribute.g.verified.cs
    - Received: TelemetrySourceGeneratorLoggingGen2Tests.Generate_GivenMethodWithGenerics_RaisesDiagnostics_CAqe1ChVnvYCZotMAPEU8aEcP2sCpDXwvcFUV45NfyI#LoggerGenerationAttribute.g.received.cs
      Verified: TelemetrySourceGeneratorLoggingGen2Tests.Generate_GivenMethodWithGenerics_RaisesDiagnostics_CAqe1ChVnvYCZotMAPEU8aEcP2sCpDXwvcFUV45NfyI#LoggerGenerationAttribute.g.verified.cs
    - Received: TelemetrySourceGeneratorLoggingGen2Tests.Generate_GivenMethodWithGenerics_RaisesDiagnostics_CAqe1ChVnvYCZotMAPEU8aEcP2sCpDXwvcFUV45NfyI#LoggerGenerationMode.g.received.cs
      Verified: TelemetrySourceGeneratorLoggingGen2Tests.Generate_GivenMethodWithGenerics_RaisesDiagnostics_CAqe1ChVnvYCZotMAPEU8aEcP2sCpDXwvcFUV45NfyI#LoggerGenerationMode.g.verified.cs
    - Received: TelemetrySourceGeneratorLoggingGen2Tests.Generate_GivenMethodWithGenerics_RaisesDiagnostics_CAqe1ChVnvYCZotMAPEU8aEcP2sCpDXwvcFUV45NfyI#LogPrefixType.g.received.cs
      Verified: TelemetrySourceGeneratorLoggingGen2Tests.Generate_GivenMethodWithGenerics_RaisesDiagnostics_CAqe1ChVnvYCZotMAPEU8aEcP2sCpDXwvcFUV45NfyI#LogPrefixType.g.verified.cs
    - Received: TelemetrySourceGeneratorLoggingGen2Tests.Generate_GivenMethodWithGenerics_RaisesDiagnostics_CAqe1ChVnvYCZotMAPEU8aEcP2sCpDXwvcFUV45NfyI#MeterAttribute.g.received.cs
      Verified: TelemetrySourceGeneratorLoggingGen2Tests.Generate_GivenMethodWithGenerics_RaisesDiagnostics_CAqe1ChVnvYCZotMAPEU8aEcP2sCpDXwvcFUV45NfyI#MeterAttribute.g.verified.cs
    - Received: TelemetrySourceGeneratorLoggingGen2Tests.Generate_GivenMethodWithGenerics_RaisesDiagnostics_CAqe1ChVnvYCZotMAPEU8aEcP2sCpDXwvcFUV45NfyI#MeterGenerationAttribute.g.received.cs
      Verified: TelemetrySourceGeneratorLoggingGen2Tests.Generate_GivenMethodWithGenerics_RaisesDiagnostics_CAqe1ChVnvYCZotMAPEU8aEcP2sCpDXwvcFUV45NfyI#MeterGenerationAttribute.g.verified.cs
    - Received: TelemetrySourceGeneratorLoggingGen2Tests.Generate_GivenMethodWithGenerics_RaisesDiagnostics_CAqe1ChVnvYCZotMAPEU8aEcP2sCpDXwvcFUV45NfyI#MeterNameGenerationType.g.received.cs
      Verified: TelemetrySourceGeneratorLoggingGen2Tests.Generate_GivenMethodWithGenerics_RaisesDiagnostics_CAqe1ChVnvYCZotMAPEU8aEcP2sCpDXwvcFUV45NfyI#MeterNameGenerationType.g.verified.cs
    - Received: TelemetrySourceGeneratorLoggingGen2Tests.Generate_GivenMethodWithGenerics_RaisesDiagnostics_CAqe1ChVnvYCZotMAPEU8aEcP2sCpDXwvcFUV45NfyI#NamingConvention.g.received.cs
      Verified: TelemetrySourceGeneratorLoggingGen2Tests.Generate_GivenMethodWithGenerics_RaisesDiagnostics_CAqe1ChVnvYCZotMAPEU8aEcP2sCpDXwvcFUV45NfyI#NamingConvention.g.verified.cs
    - Received: TelemetrySourceGeneratorLoggingGen2Tests.Generate_GivenMethodWithGenerics_RaisesDiagnostics_CAqe1ChVnvYCZotMAPEU8aEcP2sCpDXwvcFUV45NfyI#ObservableCounterAttribute.g.received.cs
      Verified: TelemetrySourceGeneratorLoggingGen2Tests.Generate_GivenMethodWithGenerics_RaisesDiagnostics_CAqe1ChVnvYCZotMAPEU8aEcP2sCpDXwvcFUV45NfyI#ObservableCounterAttribute.g.verified.cs
    - Received: TelemetrySourceGeneratorLoggingGen2Tests.Generate_GivenMethodWithGenerics_RaisesDiagnostics_CAqe1ChVnvYCZotMAPEU8aEcP2sCpDXwvcFUV45NfyI#ObservableGaugeAttribute.g.received.cs
      Verified: TelemetrySourceGeneratorLoggingGen2Tests.Generate_GivenMethodWithGenerics_RaisesDiagnostics_CAqe1ChVnvYCZotMAPEU8aEcP2sCpDXwvcFUV45NfyI#ObservableGaugeAttribute.g.verified.cs
    - Received: TelemetrySourceGeneratorLoggingGen2Tests.Generate_GivenMethodWithGenerics_RaisesDiagnostics_CAqe1ChVnvYCZotMAPEU8aEcP2sCpDXwvcFUV45NfyI#ObservableUpDownCounterAttribute.g.received.cs
      Verified: TelemetrySourceGeneratorLoggingGen2Tests.Generate_GivenMethodWithGenerics_RaisesDiagnostics_CAqe1ChVnvYCZotMAPEU8aEcP2sCpDXwvcFUV45NfyI#ObservableUpDownCounterAttribute.g.verified.cs
    - Received: TelemetrySourceGeneratorLoggingGen2Tests.Generate_GivenMethodWithGenerics_RaisesDiagnostics_CAqe1ChVnvYCZotMAPEU8aEcP2sCpDXwvcFUV45NfyI#StatusDescriptionAttribute.g.received.cs
      Verified: TelemetrySourceGeneratorLoggingGen2Tests.Generate_GivenMethodWithGenerics_RaisesDiagnostics_CAqe1ChVnvYCZotMAPEU8aEcP2sCpDXwvcFUV45NfyI#StatusDescriptionAttribute.g.verified.cs
    - Received: TelemetrySourceGeneratorLoggingGen2Tests.Generate_GivenMethodWithGenerics_RaisesDiagnostics_CAqe1ChVnvYCZotMAPEU8aEcP2sCpDXwvcFUV45NfyI#TagAttribute.g.received.cs
      Verified: TelemetrySourceGeneratorLoggingGen2Tests.Generate_GivenMethodWithGenerics_RaisesDiagnostics_CAqe1ChVnvYCZotMAPEU8aEcP2sCpDXwvcFUV45NfyI#TagAttribute.g.verified.cs
    - Received: TelemetrySourceGeneratorLoggingGen2Tests.Generate_GivenMethodWithGenerics_RaisesDiagnostics_CAqe1ChVnvYCZotMAPEU8aEcP2sCpDXwvcFUV45NfyI#Targets.g.received.cs
      Verified: TelemetrySourceGeneratorLoggingGen2Tests.Generate_GivenMethodWithGenerics_RaisesDiagnostics_CAqe1ChVnvYCZotMAPEU8aEcP2sCpDXwvcFUV45NfyI#Targets.g.verified.cs
    - Received: TelemetrySourceGeneratorLoggingGen2Tests.Generate_GivenMethodWithGenerics_RaisesDiagnostics_CAqe1ChVnvYCZotMAPEU8aEcP2sCpDXwvcFUV45NfyI#TelemetryGenerationAttribute.g.received.cs
      Verified: TelemetrySourceGeneratorLoggingGen2Tests.Generate_GivenMethodWithGenerics_RaisesDiagnostics_CAqe1ChVnvYCZotMAPEU8aEcP2sCpDXwvcFUV45NfyI#TelemetryGenerationAttribute.g.verified.cs
    - Received: TelemetrySourceGeneratorLoggingGen2Tests.Generate_GivenMethodWithGenerics_RaisesDiagnostics_CAqe1ChVnvYCZotMAPEU8aEcP2sCpDXwvcFUV45NfyI#TraceAttribute.g.received.cs
      Verified: TelemetrySourceGeneratorLoggingGen2Tests.Generate_GivenMethodWithGenerics_RaisesDiagnostics_CAqe1ChVnvYCZotMAPEU8aEcP2sCpDXwvcFUV45NfyI#TraceAttribute.g.verified.cs
    - Received: TelemetrySourceGeneratorLoggingGen2Tests.Generate_GivenMethodWithGenerics_RaisesDiagnostics_CAqe1ChVnvYCZotMAPEU8aEcP2sCpDXwvcFUV45NfyI#UpDownCounterAttribute.g.received.cs
      Verified: TelemetrySourceGeneratorLoggingGen2Tests.Generate_GivenMethodWithGenerics_RaisesDiagnostics_CAqe1ChVnvYCZotMAPEU8aEcP2sCpDXwvcFUV45NfyI#UpDownCounterAttribute.g.verified.cs
    - Received: TelemetrySourceGeneratorLoggingGen2Tests.Generate_GivenMethodWithGenerics_RaisesDiagnostics_CAqe1ChVnvYCZotMAPEU8aEcP2sCpDXwvcFUV45NfyI#WarningAttribute.g.received.cs
      Verified: TelemetrySourceGeneratorLoggingGen2Tests.Generate_GivenMethodWithGenerics_RaisesDiagnostics_CAqe1ChVnvYCZotMAPEU8aEcP2sCpDXwvcFUV45NfyI#WarningAttribute.g.verified.cs
  
  Standard output
    DBG: --- Adding templates.
    DBG: Adding ActivitySourceGenerationAttribute as ActivitySourceGenerationAttribute.g.cs.
    DBG: Adding ActivitySourceAttribute as ActivitySourceAttribute.g.cs.
    DBG: Adding ActivityAttribute as ActivityAttribute.g.cs.
    DBG: Adding EventAttribute as EventAttribute.g.cs.
    DBG: Adding ContextAttribute as ContextAttribute.g.cs.
    DBG: Adding BaggageAttribute as BaggageAttribute.g.cs.
    DBG: Adding EscapeAttribute as EscapeAttribute.g.cs.
    DBG: Adding StatusDescriptionAttribute as StatusDescriptionAttribute.g.cs.
    DBG: Adding LoggerGenerationAttribute as LoggerGenerationAttribute.g.cs.
    DBG: Adding LoggerAttribute as LoggerAttribute.g.cs.
    DBG: Adding LogAttribute as LogAttribute.g.cs.
    DBG: Adding LogPrefixType as LogPrefixType.g.cs.
    DBG: Adding LoggerGenerationMode as LoggerGenerationMode.g.cs.
    DBG: Adding ExpandEnumerableAttribute as ExpandEnumerableAttribute.g.cs.
    DBG: Adding TraceAttribute as TraceAttribute.g.cs.
    DBG: Adding DebugAttribute as DebugAttribute.g.cs.
    DBG: Adding InfoAttribute as InfoAttribute.g.cs.
    DBG: Adding WarningAttribute as WarningAttribute.g.cs.
    DBG: Adding ErrorAttribute as ErrorAttribute.g.cs.
    DBG: Adding CriticalAttribute as CriticalAttribute.g.cs.
    DBG: Adding MeterGenerationAttribute as MeterGenerationAttribute.g.cs.
    DBG: Adding MeterAttribute as MeterAttribute.g.cs.
    DBG: Adding MeterNameGenerationType as MeterNameGenerationType.g.cs.
    DBG: Adding InstrumentMeasurementAttribute as InstrumentMeasurementAttribute.g.cs.
    DBG: Adding AutoCounterAttribute as AutoCounterAttribute.g.cs.
    DBG: Adding CounterAttribute as CounterAttribute.g.cs.
    DBG: Adding UpDownCounterAttribute as UpDownCounterAttribute.g.cs.
    DBG: Adding HistogramAttribute as HistogramAttribute.g.cs.
    DBG: Adding ObservableCounterAttribute as ObservableCounterAttribute.g.cs.
    DBG: Adding ObservableGaugeAttribute as ObservableGaugeAttribute.g.cs.
    DBG: Adding ObservableUpDownCounterAttribute as ObservableUpDownCounterAttribute.g.cs.
    DBG: Adding TagAttribute as TagAttribute.g.cs.
    DBG: Adding ExcludeAttribute as ExcludeAttribute.g.cs.
    DBG: Adding TelemetryGenerationAttribute as TelemetryGenerationAttribute.g.cs.
    DBG: Adding Targets as Targets.g.cs.
    DBG: Adding NamingConvention as NamingConvention.g.cs.
    DBG: Adding ExcludeTargetsAttribute as ExcludeTargetsAttribute.g.cs.
    DBG: --- Finished adding templates.
    DIA: Cannot generate a Logger target for a generic interface '[Logger] public interface ITestLogger<T0> { void LogEntryWithGenericTypeParam(); }'.
    
  Error output
failed Generate_GivenMethodWithGenerics_RaisesDiagnostics(2) (3s 421ms)
  [Test Failure] VerifyException: Directory: P:\GitHub\kjldev\purview-telemetry-sourcegenerator\src\Purview.Telemetry.SourceGenerator.IntegrationTests\Snapshots
Delete:
  - TelemetrySourceGeneratorLoggingGen2Tests.Generate_GivenMethodWithGenerics_RaisesDiagnostics_A4lm3p9rmpAbILTGyosqRgCf7r4DG6vIQtQ2kMC8Iis.verified.txt
Equal:
  - Received: TelemetrySourceGeneratorLoggingGen2Tests.Generate_GivenMethodWithGenerics_RaisesDiagnostics_A4lm3p9rmpAbILTGyosqRgCf7r4DG6vIQtQ2kMC8Iis#ActivityAttribute.g.received.cs
    Verified: TelemetrySourceGeneratorLoggingGen2Tests.Generate_GivenMethodWithGenerics_RaisesDiagnostics_A4lm3p9rmpAbILTGyosqRgCf7r4DG6vIQtQ2kMC8Iis#ActivityAttribute.g.verified.cs
  - Received: TelemetrySourceGeneratorLoggingGen2Tests.Generate_GivenMethodWithGenerics_RaisesDiagnostics_A4lm3p9rmpAbILTGyosqRgCf7r4DG6vIQtQ2kMC8Iis#ActivitySourceAttribute.g.received.cs
    Verified: TelemetrySourceGeneratorLoggingGen2Tests.Generate_GivenMethodWithGenerics_RaisesDiagnostics_A4lm3p9rmpAbILTGyosqRgCf7r4DG6vIQtQ2kMC8Iis#ActivitySourceAttribute.g.verified.cs
  - Received: TelemetrySourceGeneratorLoggingGen2Tests.Generate_GivenMethodWithGenerics_RaisesDiagnostics_A4lm3p9rmpAbILTGyosqRgCf7r4DG6vIQtQ2kMC8Iis#ActivitySourceGenerationAttribute.g.received.cs
    Verified: TelemetrySourceGeneratorLoggingGen2Tests.Generate_GivenMethodWithGenerics_RaisesDiagnostics_A4lm3p9rmpAbILTGyosqRgCf7r4DG6vIQtQ2kMC8Iis#ActivitySourceGenerationAttribute.g.verified.cs
  - Received: TelemetrySourceGeneratorLoggingGen2Tests.Generate_GivenMethodWithGenerics_RaisesDiagnostics_A4lm3p9rmpAbILTGyosqRgCf7r4DG6vIQtQ2kMC8Iis#AutoCounterAttribute.g.received.cs
    Verified: TelemetrySourceGeneratorLoggingGen2Tests.Generate_GivenMethodWithGenerics_RaisesDiagnostics_A4lm3p9rmpAbILTGyosqRgCf7r4DG6vIQtQ2kMC8Iis#AutoCounterAttribute.g.verified.cs
  - Received: TelemetrySourceGeneratorLoggingGen2Tests.Generate_GivenMethodWithGenerics_RaisesDiagnostics_A4lm3p9rmpAbILTGyosqRgCf7r4DG6vIQtQ2kMC8Iis#BaggageAttribute.g.received.cs
    Verified: TelemetrySourceGeneratorLoggingGen2Tests.Generate_GivenMethodWithGenerics_RaisesDiagnostics_A4lm3p9rmpAbILTGyosqRgCf7r4DG6vIQtQ2kMC8Iis#BaggageAttribute.g.verified.cs
  - Received: TelemetrySourceGeneratorLoggingGen2Tests.Generate_GivenMethodWithGenerics_RaisesDiagnostics_A4lm3p9rmpAbILTGyosqRgCf7r4DG6vIQtQ2kMC8Iis#ContextAttribute.g.received.cs
    Verified: TelemetrySourceGeneratorLoggingGen2Tests.Generate_GivenMethodWithGenerics_RaisesDiagnostics_A4lm3p9rmpAbILTGyosqRgCf7r4DG6vIQtQ2kMC8Iis#ContextAttribute.g.verified.cs
  - Received: TelemetrySourceGeneratorLoggingGen2Tests.Generate_GivenMethodWithGenerics_RaisesDiagnostics_A4lm3p9rmpAbILTGyosqRgCf7r4DG6vIQtQ2kMC8Iis#CounterAttribute.g.received.cs
    Verified: TelemetrySourceGeneratorLoggingGen2Tests.Generate_GivenMethodWithGenerics_RaisesDiagnostics_A4lm3p9rmpAbILTGyosqRgCf7r4DG6vIQtQ2kMC8Iis#CounterAttribute.g.verified.cs
  - Received: TelemetrySourceGeneratorLoggingGen2Tests.Generate_GivenMethodWithGenerics_RaisesDiagnostics_A4lm3p9rmpAbILTGyosqRgCf7r4DG6vIQtQ2kMC8Iis#CriticalAttribute.g.received.cs
    Verified: TelemetrySourceGeneratorLoggingGen2Tests.Generate_GivenMethodWithGenerics_RaisesDiagnostics_A4lm3p9rmpAbILTGyosqRgCf7r4DG6vIQtQ2kMC8Iis#CriticalAttribute.g.verified.cs
  - Received: TelemetrySourceGeneratorLoggingGen2Tests.Generate_GivenMethodWithGenerics_RaisesDiagnostics_A4lm3p9rmpAbILTGyosqRgCf7r4DG6vIQtQ2kMC8Iis#DebugAttribute.g.received.cs
    Verified: TelemetrySourceGeneratorLoggingGen2Tests.Generate_GivenMethodWithGenerics_RaisesDiagnostics_A4lm3p9rmpAbILTGyosqRgCf7r4DG6vIQtQ2kMC8Iis#DebugAttribute.g.verified.cs
  - Received: TelemetrySourceGeneratorLoggingGen2Tests.Generate_GivenMethodWithGenerics_RaisesDiagnostics_A4lm3p9rmpAbILTGyosqRgCf7r4DG6vIQtQ2kMC8Iis#ErrorAttribute.g.received.cs
    Verified: TelemetrySourceGeneratorLoggingGen2Tests.Generate_GivenMethodWithGenerics_RaisesDiagnostics_A4lm3p9rmpAbILTGyosqRgCf7r4DG6vIQtQ2kMC8Iis#ErrorAttribute.g.verified.cs
  - Received: TelemetrySourceGeneratorLoggingGen2Tests.Generate_GivenMethodWithGenerics_RaisesDiagnostics_A4lm3p9rmpAbILTGyosqRgCf7r4DG6vIQtQ2kMC8Iis#EscapeAttribute.g.received.cs
    Verified: TelemetrySourceGeneratorLoggingGen2Tests.Generate_GivenMethodWithGenerics_RaisesDiagnostics_A4lm3p9rmpAbILTGyosqRgCf7r4DG6vIQtQ2kMC8Iis#EscapeAttribute.g.verified.cs
  - Received: TelemetrySourceGeneratorLoggingGen2Tests.Generate_GivenMethodWithGenerics_RaisesDiagnostics_A4lm3p9rmpAbILTGyosqRgCf7r4DG6vIQtQ2kMC8Iis#EventAttribute.g.received.cs
    Verified: TelemetrySourceGeneratorLoggingGen2Tests.Generate_GivenMethodWithGenerics_RaisesDiagnostics_A4lm3p9rmpAbILTGyosqRgCf7r4DG6vIQtQ2kMC8Iis#EventAttribute.g.verified.cs
  - Received: TelemetrySourceGeneratorLoggingGen2Tests.Generate_GivenMethodWithGenerics_RaisesDiagnostics_A4lm3p9rmpAbILTGyosqRgCf7r4DG6vIQtQ2kMC8Iis#ExcludeAttribute.g.received.cs
    Verified: TelemetrySourceGeneratorLoggingGen2Tests.Generate_GivenMethodWithGenerics_RaisesDiagnostics_A4lm3p9rmpAbILTGyosqRgCf7r4DG6vIQtQ2kMC8Iis#ExcludeAttribute.g.verified.cs
  - Received: TelemetrySourceGeneratorLoggingGen2Tests.Generate_GivenMethodWithGenerics_RaisesDiagnostics_A4lm3p9rmpAbILTGyosqRgCf7r4DG6vIQtQ2kMC8Iis#ExcludeTargetsAttribute.g.received.cs
    Verified: TelemetrySourceGeneratorLoggingGen2Tests.Generate_GivenMethodWithGenerics_RaisesDiagnostics_A4lm3p9rmpAbILTGyosqRgCf7r4DG6vIQtQ2kMC8Iis#ExcludeTargetsAttribute.g.verified.cs
  - Received: TelemetrySourceGeneratorLoggingGen2Tests.Generate_GivenMethodWithGenerics_RaisesDiagnostics_A4lm3p9rmpAbILTGyosqRgCf7r4DG6vIQtQ2kMC8Iis#ExpandEnumerableAttribute.g.received.cs
    Verified: TelemetrySourceGeneratorLoggingGen2Tests.Generate_GivenMethodWithGenerics_RaisesDiagnostics_A4lm3p9rmpAbILTGyosqRgCf7r4DG6vIQtQ2kMC8Iis#ExpandEnumerableAttribute.g.verified.cs
  - Received: TelemetrySourceGeneratorLoggingGen2Tests.Generate_GivenMethodWithGenerics_RaisesDiagnostics_A4lm3p9rmpAbILTGyosqRgCf7r4DG6vIQtQ2kMC8Iis#HistogramAttribute.g.received.cs
    Verified: TelemetrySourceGeneratorLoggingGen2Tests.Generate_GivenMethodWithGenerics_RaisesDiagnostics_A4lm3p9rmpAbILTGyosqRgCf7r4DG6vIQtQ2kMC8Iis#HistogramAttribute.g.verified.cs
  - Received: TelemetrySourceGeneratorLoggingGen2Tests.Generate_GivenMethodWithGenerics_RaisesDiagnostics_A4lm3p9rmpAbILTGyosqRgCf7r4DG6vIQtQ2kMC8Iis#InfoAttribute.g.received.cs
    Verified: TelemetrySourceGeneratorLoggingGen2Tests.Generate_GivenMethodWithGenerics_RaisesDiagnostics_A4lm3p9rmpAbILTGyosqRgCf7r4DG6vIQtQ2kMC8Iis#InfoAttribute.g.verified.cs
  - Received: TelemetrySourceGeneratorLoggingGen2Tests.Generate_GivenMethodWithGenerics_RaisesDiagnostics_A4lm3p9rmpAbILTGyosqRgCf7r4DG6vIQtQ2kMC8Iis#InstrumentMeasurementAttribute.g.received.cs
    Verified: TelemetrySourceGeneratorLoggingGen2Tests.Generate_GivenMethodWithGenerics_RaisesDiagnostics_A4lm3p9rmpAbILTGyosqRgCf7r4DG6vIQtQ2kMC8Iis#InstrumentMeasurementAttribute.g.verified.cs
  - Received: TelemetrySourceGeneratorLoggingGen2Tests.Generate_GivenMethodWithGenerics_RaisesDiagnostics_A4lm3p9rmpAbILTGyosqRgCf7r4DG6vIQtQ2kMC8Iis#LogAttribute.g.received.cs
    Verified: TelemetrySourceGeneratorLoggingGen2Tests.Generate_GivenMethodWithGenerics_RaisesDiagnostics_A4lm3p9rmpAbILTGyosqRgCf7r4DG6vIQtQ2kMC8Iis#LogAttribute.g.verified.cs
  - Received: TelemetrySourceGeneratorLoggingGen2Tests.Generate_GivenMethodWithGenerics_RaisesDiagnostics_A4lm3p9rmpAbILTGyosqRgCf7r4DG6vIQtQ2kMC8Iis#LoggerAttribute.g.received.cs
    Verified: TelemetrySourceGeneratorLoggingGen2Tests.Generate_GivenMethodWithGenerics_RaisesDiagnostics_A4lm3p9rmpAbILTGyosqRgCf7r4DG6vIQtQ2kMC8Iis#LoggerAttribute.g.verified.cs
  - Received: TelemetrySourceGeneratorLoggingGen2Tests.Generate_GivenMethodWithGenerics_RaisesDiagnostics_A4lm3p9rmpAbILTGyosqRgCf7r4DG6vIQtQ2kMC8Iis#LoggerGenerationAttribute.g.received.cs
    Verified: TelemetrySourceGeneratorLoggingGen2Tests.Generate_GivenMethodWithGenerics_RaisesDiagnostics_A4lm3p9rmpAbILTGyosqRgCf7r4DG6vIQtQ2kMC8Iis#LoggerGenerationAttribute.g.verified.cs
  - Received: TelemetrySourceGeneratorLoggingGen2Tests.Generate_GivenMethodWithGenerics_RaisesDiagnostics_A4lm3p9rmpAbILTGyosqRgCf7r4DG6vIQtQ2kMC8Iis#LoggerGenerationMode.g.received.cs
    Verified: TelemetrySourceGeneratorLoggingGen2Tests.Generate_GivenMethodWithGenerics_RaisesDiagnostics_A4lm3p9rmpAbILTGyosqRgCf7r4DG6vIQtQ2kMC8Iis#LoggerGenerationMode.g.verified.cs
  - Received: TelemetrySourceGeneratorLoggingGen2Tests.Generate_GivenMethodWithGenerics_RaisesDiagnostics_A4lm3p9rmpAbILTGyosqRgCf7r4DG6vIQtQ2kMC8Iis#LogPrefixType.g.received.cs
    Verified: TelemetrySourceGeneratorLoggingGen2Tests.Generate_GivenMethodWithGenerics_RaisesDiagnostics_A4lm3p9rmpAbILTGyosqRgCf7r4DG6vIQtQ2kMC8Iis#LogPrefixType.g.verified.cs
  - Received: TelemetrySourceGeneratorLoggingGen2Tests.Generate_GivenMethodWithGenerics_RaisesDiagnostics_A4lm3p9rmpAbILTGyosqRgCf7r4DG6vIQtQ2kMC8Iis#MeterAttribute.g.received.cs
    Verified: TelemetrySourceGeneratorLoggingGen2Tests.Generate_GivenMethodWithGenerics_RaisesDiagnostics_A4lm3p9rmpAbILTGyosqRgCf7r4DG6vIQtQ2kMC8Iis#MeterAttribute.g.verified.cs
  - Received: TelemetrySourceGeneratorLoggingGen2Tests.Generate_GivenMethodWithGenerics_RaisesDiagnostics_A4lm3p9rmpAbILTGyosqRgCf7r4DG6vIQtQ2kMC8Iis#MeterGenerationAttribute.g.received.cs
    Verified: TelemetrySourceGeneratorLoggingGen2Tests.Generate_GivenMethodWithGenerics_RaisesDiagnostics_A4lm3p9rmpAbILTGyosqRgCf7r4DG6vIQtQ2kMC8Iis#MeterGenerationAttribute.g.verified.cs
  - Received: TelemetrySourceGeneratorLoggingGen2Tests.Generate_GivenMethodWithGenerics_RaisesDiagnostics_A4lm3p9rmpAbILTGyosqRgCf7r4DG6vIQtQ2kMC8Iis#MeterNameGenerationType.g.received.cs
    Verified: TelemetrySourceGeneratorLoggingGen2Tests.Generate_GivenMethodWithGenerics_RaisesDiagnostics_A4lm3p9rmpAbILTGyosqRgCf7r4DG6vIQtQ2kMC8Iis#MeterNameGenerationType.g.verified.cs
  - Received: TelemetrySourceGeneratorLoggingGen2Tests.Generate_GivenMethodWithGenerics_RaisesDiagnostics_A4lm3p9rmpAbILTGyosqRgCf7r4DG6vIQtQ2kMC8Iis#NamingConvention.g.received.cs
    Verified: TelemetrySourceGeneratorLoggingGen2Tests.Generate_GivenMethodWithGenerics_RaisesDiagnostics_A4lm3p9rmpAbILTGyosqRgCf7r4DG6vIQtQ2kMC8Iis#NamingConvention.g.verified.cs
  - Received: TelemetrySourceGeneratorLoggingGen2Tests.Generate_GivenMethodWithGenerics_RaisesDiagnostics_A4lm3p9rmpAbILTGyosqRgCf7r4DG6vIQtQ2kMC8Iis#ObservableCounterAttribute.g.received.cs
    Verified: TelemetrySourceGeneratorLoggingGen2Tests.Generate_GivenMethodWithGenerics_RaisesDiagnostics_A4lm3p9rmpAbILTGyosqRgCf7r4DG6vIQtQ2kMC8Iis#ObservableCounterAttribute.g.verified.cs
  - Received: TelemetrySourceGeneratorLoggingGen2Tests.Generate_GivenMethodWithGenerics_RaisesDiagnostics_A4lm3p9rmpAbILTGyosqRgCf7r4DG6vIQtQ2kMC8Iis#ObservableGaugeAttribute.g.received.cs
    Verified: TelemetrySourceGeneratorLoggingGen2Tests.Generate_GivenMethodWithGenerics_RaisesDiagnostics_A4lm3p9rmpAbILTGyosqRgCf7r4DG6vIQtQ2kMC8Iis#ObservableGaugeAttribute.g.verified.cs
  - Received: TelemetrySourceGeneratorLoggingGen2Tests.Generate_GivenMethodWithGenerics_RaisesDiagnostics_A4lm3p9rmpAbILTGyosqRgCf7r4DG6vIQtQ2kMC8Iis#ObservableUpDownCounterAttribute.g.received.cs
    Verified: TelemetrySourceGeneratorLoggingGen2Tests.Generate_GivenMethodWithGenerics_RaisesDiagnostics_A4lm3p9rmpAbILTGyosqRgCf7r4DG6vIQtQ2kMC8Iis#ObservableUpDownCounterAttribute.g.verified.cs
  - Received: TelemetrySourceGeneratorLoggingGen2Tests.Generate_GivenMethodWithGenerics_RaisesDiagnostics_A4lm3p9rmpAbILTGyosqRgCf7r4DG6vIQtQ2kMC8Iis#StatusDescriptionAttribute.g.received.cs
    Verified: TelemetrySourceGeneratorLoggingGen2Tests.Generate_GivenMethodWithGenerics_RaisesDiagnostics_A4lm3p9rmpAbILTGyosqRgCf7r4DG6vIQtQ2kMC8Iis#StatusDescriptionAttribute.g.verified.cs
  - Received: TelemetrySourceGeneratorLoggingGen2Tests.Generate_GivenMethodWithGenerics_RaisesDiagnostics_A4lm3p9rmpAbILTGyosqRgCf7r4DG6vIQtQ2kMC8Iis#TagAttribute.g.received.cs
    Verified: TelemetrySourceGeneratorLoggingGen2Tests.Generate_GivenMethodWithGenerics_RaisesDiagnostics_A4lm3p9rmpAbILTGyosqRgCf7r4DG6vIQtQ2kMC8Iis#TagAttribute.g.verified.cs
  - Received: TelemetrySourceGeneratorLoggingGen2Tests.Generate_GivenMethodWithGenerics_RaisesDiagnostics_A4lm3p9rmpAbILTGyosqRgCf7r4DG6vIQtQ2kMC8Iis#Targets.g.received.cs
    Verified: TelemetrySourceGeneratorLoggingGen2Tests.Generate_GivenMethodWithGenerics_RaisesDiagnostics_A4lm3p9rmpAbILTGyosqRgCf7r4DG6vIQtQ2kMC8Iis#Targets.g.verified.cs
  - Received: TelemetrySourceGeneratorLoggingGen2Tests.Generate_GivenMethodWithGenerics_RaisesDiagnostics_A4lm3p9rmpAbILTGyosqRgCf7r4DG6vIQtQ2kMC8Iis#TelemetryGenerationAttribute.g.received.cs
    Verified: TelemetrySourceGeneratorLoggingGen2Tests.Generate_GivenMethodWithGenerics_RaisesDiagnostics_A4lm3p9rmpAbILTGyosqRgCf7r4DG6vIQtQ2kMC8Iis#TelemetryGenerationAttribute.g.verified.cs
  - Received: TelemetrySourceGeneratorLoggingGen2Tests.Generate_GivenMethodWithGenerics_RaisesDiagnostics_A4lm3p9rmpAbILTGyosqRgCf7r4DG6vIQtQ2kMC8Iis#TraceAttribute.g.received.cs
    Verified: TelemetrySourceGeneratorLoggingGen2Tests.Generate_GivenMethodWithGenerics_RaisesDiagnostics_A4lm3p9rmpAbILTGyosqRgCf7r4DG6vIQtQ2kMC8Iis#TraceAttribute.g.verified.cs
  - Received: TelemetrySourceGeneratorLoggingGen2Tests.Generate_GivenMethodWithGenerics_RaisesDiagnostics_A4lm3p9rmpAbILTGyosqRgCf7r4DG6vIQtQ2kMC8Iis#UpDownCounterAttribute.g.received.cs
    Verified: TelemetrySourceGeneratorLoggingGen2Tests.Generate_GivenMethodWithGenerics_RaisesDiagnostics_A4lm3p9rmpAbILTGyosqRgCf7r4DG6vIQtQ2kMC8Iis#UpDownCounterAttribute.g.verified.cs
  - Received: TelemetrySourceGeneratorLoggingGen2Tests.Generate_GivenMethodWithGenerics_RaisesDiagnostics_A4lm3p9rmpAbILTGyosqRgCf7r4DG6vIQtQ2kMC8Iis#WarningAttribute.g.received.cs
    Verified: TelemetrySourceGeneratorLoggingGen2Tests.Generate_GivenMethodWithGenerics_RaisesDiagnostics_A4lm3p9rmpAbILTGyosqRgCf7r4DG6vIQtQ2kMC8Iis#WarningAttribute.g.verified.cs

  from P:\GitHub\kjldev\purview-telemetry-sourcegenerator\src\Purview.Telemetry.SourceGenerator.IntegrationTests\bin\Release\net10.0\Purview.Telemetry.SourceGenerator.IntegrationTests.dll (net10.0|x64)
  TUnit.Engine.Exceptions.TestFailedException: [Test Failure] VerifyException: Directory: P:\GitHub\kjldev\purview-telemetry-sourcegenerator\src\Purview.Telemetry.SourceGenerator.IntegrationTests\Snapshots
  Delete:
    - TelemetrySourceGeneratorLoggingGen2Tests.Generate_GivenMethodWithGenerics_RaisesDiagnostics_A4lm3p9rmpAbILTGyosqRgCf7r4DG6vIQtQ2kMC8Iis.verified.txt
  Equal:
    - Received: TelemetrySourceGeneratorLoggingGen2Tests.Generate_GivenMethodWithGenerics_RaisesDiagnostics_A4lm3p9rmpAbILTGyosqRgCf7r4DG6vIQtQ2kMC8Iis#ActivityAttribute.g.received.cs
      Verified: TelemetrySourceGeneratorLoggingGen2Tests.Generate_GivenMethodWithGenerics_RaisesDiagnostics_A4lm3p9rmpAbILTGyosqRgCf7r4DG6vIQtQ2kMC8Iis#ActivityAttribute.g.verified.cs
    - Received: TelemetrySourceGeneratorLoggingGen2Tests.Generate_GivenMethodWithGenerics_RaisesDiagnostics_A4lm3p9rmpAbILTGyosqRgCf7r4DG6vIQtQ2kMC8Iis#ActivitySourceAttribute.g.received.cs
      Verified: TelemetrySourceGeneratorLoggingGen2Tests.Generate_GivenMethodWithGenerics_RaisesDiagnostics_A4lm3p9rmpAbILTGyosqRgCf7r4DG6vIQtQ2kMC8Iis#ActivitySourceAttribute.g.verified.cs
    - Received: TelemetrySourceGeneratorLoggingGen2Tests.Generate_GivenMethodWithGenerics_RaisesDiagnostics_A4lm3p9rmpAbILTGyosqRgCf7r4DG6vIQtQ2kMC8Iis#ActivitySourceGenerationAttribute.g.received.cs
      Verified: TelemetrySourceGeneratorLoggingGen2Tests.Generate_GivenMethodWithGenerics_RaisesDiagnostics_A4lm3p9rmpAbILTGyosqRgCf7r4DG6vIQtQ2kMC8Iis#ActivitySourceGenerationAttribute.g.verified.cs
    - Received: TelemetrySourceGeneratorLoggingGen2Tests.Generate_GivenMethodWithGenerics_RaisesDiagnostics_A4lm3p9rmpAbILTGyosqRgCf7r4DG6vIQtQ2kMC8Iis#AutoCounterAttribute.g.received.cs
      Verified: TelemetrySourceGeneratorLoggingGen2Tests.Generate_GivenMethodWithGenerics_RaisesDiagnostics_A4lm3p9rmpAbILTGyosqRgCf7r4DG6vIQtQ2kMC8Iis#AutoCounterAttribute.g.verified.cs
    - Received: TelemetrySourceGeneratorLoggingGen2Tests.Generate_GivenMethodWithGenerics_RaisesDiagnostics_A4lm3p9rmpAbILTGyosqRgCf7r4DG6vIQtQ2kMC8Iis#BaggageAttribute.g.received.cs
      Verified: TelemetrySourceGeneratorLoggingGen2Tests.Generate_GivenMethodWithGenerics_RaisesDiagnostics_A4lm3p9rmpAbILTGyosqRgCf7r4DG6vIQtQ2kMC8Iis#BaggageAttribute.g.verified.cs
    - Received: TelemetrySourceGeneratorLoggingGen2Tests.Generate_GivenMethodWithGenerics_RaisesDiagnostics_A4lm3p9rmpAbILTGyosqRgCf7r4DG6vIQtQ2kMC8Iis#ContextAttribute.g.received.cs
      Verified: TelemetrySourceGeneratorLoggingGen2Tests.Generate_GivenMethodWithGenerics_RaisesDiagnostics_A4lm3p9rmpAbILTGyosqRgCf7r4DG6vIQtQ2kMC8Iis#ContextAttribute.g.verified.cs
    - Received: TelemetrySourceGeneratorLoggingGen2Tests.Generate_GivenMethodWithGenerics_RaisesDiagnostics_A4lm3p9rmpAbILTGyosqRgCf7r4DG6vIQtQ2kMC8Iis#CounterAttribute.g.received.cs
      Verified: TelemetrySourceGeneratorLoggingGen2Tests.Generate_GivenMethodWithGenerics_RaisesDiagnostics_A4lm3p9rmpAbILTGyosqRgCf7r4DG6vIQtQ2kMC8Iis#CounterAttribute.g.verified.cs
    - Received: TelemetrySourceGeneratorLoggingGen2Tests.Generate_GivenMethodWithGenerics_RaisesDiagnostics_A4lm3p9rmpAbILTGyosqRgCf7r4DG6vIQtQ2kMC8Iis#CriticalAttribute.g.received.cs
      Verified: TelemetrySourceGeneratorLoggingGen2Tests.Generate_GivenMethodWithGenerics_RaisesDiagnostics_A4lm3p9rmpAbILTGyosqRgCf7r4DG6vIQtQ2kMC8Iis#CriticalAttribute.g.verified.cs
    - Received: TelemetrySourceGeneratorLoggingGen2Tests.Generate_GivenMethodWithGenerics_RaisesDiagnostics_A4lm3p9rmpAbILTGyosqRgCf7r4DG6vIQtQ2kMC8Iis#DebugAttribute.g.received.cs
      Verified: TelemetrySourceGeneratorLoggingGen2Tests.Generate_GivenMethodWithGenerics_RaisesDiagnostics_A4lm3p9rmpAbILTGyosqRgCf7r4DG6vIQtQ2kMC8Iis#DebugAttribute.g.verified.cs
    - Received: TelemetrySourceGeneratorLoggingGen2Tests.Generate_GivenMethodWithGenerics_RaisesDiagnostics_A4lm3p9rmpAbILTGyosqRgCf7r4DG6vIQtQ2kMC8Iis#ErrorAttribute.g.received.cs
      Verified: TelemetrySourceGeneratorLoggingGen2Tests.Generate_GivenMethodWithGenerics_RaisesDiagnostics_A4lm3p9rmpAbILTGyosqRgCf7r4DG6vIQtQ2kMC8Iis#ErrorAttribute.g.verified.cs
    - Received: TelemetrySourceGeneratorLoggingGen2Tests.Generate_GivenMethodWithGenerics_RaisesDiagnostics_A4lm3p9rmpAbILTGyosqRgCf7r4DG6vIQtQ2kMC8Iis#EscapeAttribute.g.received.cs
      Verified: TelemetrySourceGeneratorLoggingGen2Tests.Generate_GivenMethodWithGenerics_RaisesDiagnostics_A4lm3p9rmpAbILTGyosqRgCf7r4DG6vIQtQ2kMC8Iis#EscapeAttribute.g.verified.cs
    - Received: TelemetrySourceGeneratorLoggingGen2Tests.Generate_GivenMethodWithGenerics_RaisesDiagnostics_A4lm3p9rmpAbILTGyosqRgCf7r4DG6vIQtQ2kMC8Iis#EventAttribute.g.received.cs
      Verified: TelemetrySourceGeneratorLoggingGen2Tests.Generate_GivenMethodWithGenerics_RaisesDiagnostics_A4lm3p9rmpAbILTGyosqRgCf7r4DG6vIQtQ2kMC8Iis#EventAttribute.g.verified.cs
    - Received: TelemetrySourceGeneratorLoggingGen2Tests.Generate_GivenMethodWithGenerics_RaisesDiagnostics_A4lm3p9rmpAbILTGyosqRgCf7r4DG6vIQtQ2kMC8Iis#ExcludeAttribute.g.received.cs
      Verified: TelemetrySourceGeneratorLoggingGen2Tests.Generate_GivenMethodWithGenerics_RaisesDiagnostics_A4lm3p9rmpAbILTGyosqRgCf7r4DG6vIQtQ2kMC8Iis#ExcludeAttribute.g.verified.cs
    - Received: TelemetrySourceGeneratorLoggingGen2Tests.Generate_GivenMethodWithGenerics_RaisesDiagnostics_A4lm3p9rmpAbILTGyosqRgCf7r4DG6vIQtQ2kMC8Iis#ExcludeTargetsAttribute.g.received.cs
      Verified: TelemetrySourceGeneratorLoggingGen2Tests.Generate_GivenMethodWithGenerics_RaisesDiagnostics_A4lm3p9rmpAbILTGyosqRgCf7r4DG6vIQtQ2kMC8Iis#ExcludeTargetsAttribute.g.verified.cs
    - Received: TelemetrySourceGeneratorLoggingGen2Tests.Generate_GivenMethodWithGenerics_RaisesDiagnostics_A4lm3p9rmpAbILTGyosqRgCf7r4DG6vIQtQ2kMC8Iis#ExpandEnumerableAttribute.g.received.cs
      Verified: TelemetrySourceGeneratorLoggingGen2Tests.Generate_GivenMethodWithGenerics_RaisesDiagnostics_A4lm3p9rmpAbILTGyosqRgCf7r4DG6vIQtQ2kMC8Iis#ExpandEnumerableAttribute.g.verified.cs
    - Received: TelemetrySourceGeneratorLoggingGen2Tests.Generate_GivenMethodWithGenerics_RaisesDiagnostics_A4lm3p9rmpAbILTGyosqRgCf7r4DG6vIQtQ2kMC8Iis#HistogramAttribute.g.received.cs
      Verified: TelemetrySourceGeneratorLoggingGen2Tests.Generate_GivenMethodWithGenerics_RaisesDiagnostics_A4lm3p9rmpAbILTGyosqRgCf7r4DG6vIQtQ2kMC8Iis#HistogramAttribute.g.verified.cs
    - Received: TelemetrySourceGeneratorLoggingGen2Tests.Generate_GivenMethodWithGenerics_RaisesDiagnostics_A4lm3p9rmpAbILTGyosqRgCf7r4DG6vIQtQ2kMC8Iis#InfoAttribute.g.received.cs
      Verified: TelemetrySourceGeneratorLoggingGen2Tests.Generate_GivenMethodWithGenerics_RaisesDiagnostics_A4lm3p9rmpAbILTGyosqRgCf7r4DG6vIQtQ2kMC8Iis#InfoAttribute.g.verified.cs
    - Received: TelemetrySourceGeneratorLoggingGen2Tests.Generate_GivenMethodWithGenerics_RaisesDiagnostics_A4lm3p9rmpAbILTGyosqRgCf7r4DG6vIQtQ2kMC8Iis#InstrumentMeasurementAttribute.g.received.cs
      Verified: TelemetrySourceGeneratorLoggingGen2Tests.Generate_GivenMethodWithGenerics_RaisesDiagnostics_A4lm3p9rmpAbILTGyosqRgCf7r4DG6vIQtQ2kMC8Iis#InstrumentMeasurementAttribute.g.verified.cs
    - Received: TelemetrySourceGeneratorLoggingGen2Tests.Generate_GivenMethodWithGenerics_RaisesDiagnostics_A4lm3p9rmpAbILTGyosqRgCf7r4DG6vIQtQ2kMC8Iis#LogAttribute.g.received.cs
      Verified: TelemetrySourceGeneratorLoggingGen2Tests.Generate_GivenMethodWithGenerics_RaisesDiagnostics_A4lm3p9rmpAbILTGyosqRgCf7r4DG6vIQtQ2kMC8Iis#LogAttribute.g.verified.cs
    - Received: TelemetrySourceGeneratorLoggingGen2Tests.Generate_GivenMethodWithGenerics_RaisesDiagnostics_A4lm3p9rmpAbILTGyosqRgCf7r4DG6vIQtQ2kMC8Iis#LoggerAttribute.g.received.cs
      Verified: TelemetrySourceGeneratorLoggingGen2Tests.Generate_GivenMethodWithGenerics_RaisesDiagnostics_A4lm3p9rmpAbILTGyosqRgCf7r4DG6vIQtQ2kMC8Iis#LoggerAttribute.g.verified.cs
    - Received: TelemetrySourceGeneratorLoggingGen2Tests.Generate_GivenMethodWithGenerics_RaisesDiagnostics_A4lm3p9rmpAbILTGyosqRgCf7r4DG6vIQtQ2kMC8Iis#LoggerGenerationAttribute.g.received.cs
      Verified: TelemetrySourceGeneratorLoggingGen2Tests.Generate_GivenMethodWithGenerics_RaisesDiagnostics_A4lm3p9rmpAbILTGyosqRgCf7r4DG6vIQtQ2kMC8Iis#LoggerGenerationAttribute.g.verified.cs
    - Received: TelemetrySourceGeneratorLoggingGen2Tests.Generate_GivenMethodWithGenerics_RaisesDiagnostics_A4lm3p9rmpAbILTGyosqRgCf7r4DG6vIQtQ2kMC8Iis#LoggerGenerationMode.g.received.cs
      Verified: TelemetrySourceGeneratorLoggingGen2Tests.Generate_GivenMethodWithGenerics_RaisesDiagnostics_A4lm3p9rmpAbILTGyosqRgCf7r4DG6vIQtQ2kMC8Iis#LoggerGenerationMode.g.verified.cs
    - Received: TelemetrySourceGeneratorLoggingGen2Tests.Generate_GivenMethodWithGenerics_RaisesDiagnostics_A4lm3p9rmpAbILTGyosqRgCf7r4DG6vIQtQ2kMC8Iis#LogPrefixType.g.received.cs
      Verified: TelemetrySourceGeneratorLoggingGen2Tests.Generate_GivenMethodWithGenerics_RaisesDiagnostics_A4lm3p9rmpAbILTGyosqRgCf7r4DG6vIQtQ2kMC8Iis#LogPrefixType.g.verified.cs
    - Received: TelemetrySourceGeneratorLoggingGen2Tests.Generate_GivenMethodWithGenerics_RaisesDiagnostics_A4lm3p9rmpAbILTGyosqRgCf7r4DG6vIQtQ2kMC8Iis#MeterAttribute.g.received.cs
      Verified: TelemetrySourceGeneratorLoggingGen2Tests.Generate_GivenMethodWithGenerics_RaisesDiagnostics_A4lm3p9rmpAbILTGyosqRgCf7r4DG6vIQtQ2kMC8Iis#MeterAttribute.g.verified.cs
    - Received: TelemetrySourceGeneratorLoggingGen2Tests.Generate_GivenMethodWithGenerics_RaisesDiagnostics_A4lm3p9rmpAbILTGyosqRgCf7r4DG6vIQtQ2kMC8Iis#MeterGenerationAttribute.g.received.cs
      Verified: TelemetrySourceGeneratorLoggingGen2Tests.Generate_GivenMethodWithGenerics_RaisesDiagnostics_A4lm3p9rmpAbILTGyosqRgCf7r4DG6vIQtQ2kMC8Iis#MeterGenerationAttribute.g.verified.cs
    - Received: TelemetrySourceGeneratorLoggingGen2Tests.Generate_GivenMethodWithGenerics_RaisesDiagnostics_A4lm3p9rmpAbILTGyosqRgCf7r4DG6vIQtQ2kMC8Iis#MeterNameGenerationType.g.received.cs
      Verified: TelemetrySourceGeneratorLoggingGen2Tests.Generate_GivenMethodWithGenerics_RaisesDiagnostics_A4lm3p9rmpAbILTGyosqRgCf7r4DG6vIQtQ2kMC8Iis#MeterNameGenerationType.g.verified.cs
    - Received: TelemetrySourceGeneratorLoggingGen2Tests.Generate_GivenMethodWithGenerics_RaisesDiagnostics_A4lm3p9rmpAbILTGyosqRgCf7r4DG6vIQtQ2kMC8Iis#NamingConvention.g.received.cs
      Verified: TelemetrySourceGeneratorLoggingGen2Tests.Generate_GivenMethodWithGenerics_RaisesDiagnostics_A4lm3p9rmpAbILTGyosqRgCf7r4DG6vIQtQ2kMC8Iis#NamingConvention.g.verified.cs
    - Received: TelemetrySourceGeneratorLoggingGen2Tests.Generate_GivenMethodWithGenerics_RaisesDiagnostics_A4lm3p9rmpAbILTGyosqRgCf7r4DG6vIQtQ2kMC8Iis#ObservableCounterAttribute.g.received.cs
      Verified: TelemetrySourceGeneratorLoggingGen2Tests.Generate_GivenMethodWithGenerics_RaisesDiagnostics_A4lm3p9rmpAbILTGyosqRgCf7r4DG6vIQtQ2kMC8Iis#ObservableCounterAttribute.g.verified.cs
    - Received: TelemetrySourceGeneratorLoggingGen2Tests.Generate_GivenMethodWithGenerics_RaisesDiagnostics_A4lm3p9rmpAbILTGyosqRgCf7r4DG6vIQtQ2kMC8Iis#ObservableGaugeAttribute.g.received.cs
      Verified: TelemetrySourceGeneratorLoggingGen2Tests.Generate_GivenMethodWithGenerics_RaisesDiagnostics_A4lm3p9rmpAbILTGyosqRgCf7r4DG6vIQtQ2kMC8Iis#ObservableGaugeAttribute.g.verified.cs
    - Received: TelemetrySourceGeneratorLoggingGen2Tests.Generate_GivenMethodWithGenerics_RaisesDiagnostics_A4lm3p9rmpAbILTGyosqRgCf7r4DG6vIQtQ2kMC8Iis#ObservableUpDownCounterAttribute.g.received.cs
      Verified: TelemetrySourceGeneratorLoggingGen2Tests.Generate_GivenMethodWithGenerics_RaisesDiagnostics_A4lm3p9rmpAbILTGyosqRgCf7r4DG6vIQtQ2kMC8Iis#ObservableUpDownCounterAttribute.g.verified.cs
    - Received: TelemetrySourceGeneratorLoggingGen2Tests.Generate_GivenMethodWithGenerics_RaisesDiagnostics_A4lm3p9rmpAbILTGyosqRgCf7r4DG6vIQtQ2kMC8Iis#StatusDescriptionAttribute.g.received.cs
      Verified: TelemetrySourceGeneratorLoggingGen2Tests.Generate_GivenMethodWithGenerics_RaisesDiagnostics_A4lm3p9rmpAbILTGyosqRgCf7r4DG6vIQtQ2kMC8Iis#StatusDescriptionAttribute.g.verified.cs
    - Received: TelemetrySourceGeneratorLoggingGen2Tests.Generate_GivenMethodWithGenerics_RaisesDiagnostics_A4lm3p9rmpAbILTGyosqRgCf7r4DG6vIQtQ2kMC8Iis#TagAttribute.g.received.cs
      Verified: TelemetrySourceGeneratorLoggingGen2Tests.Generate_GivenMethodWithGenerics_RaisesDiagnostics_A4lm3p9rmpAbILTGyosqRgCf7r4DG6vIQtQ2kMC8Iis#TagAttribute.g.verified.cs
    - Received: TelemetrySourceGeneratorLoggingGen2Tests.Generate_GivenMethodWithGenerics_RaisesDiagnostics_A4lm3p9rmpAbILTGyosqRgCf7r4DG6vIQtQ2kMC8Iis#Targets.g.received.cs
      Verified: TelemetrySourceGeneratorLoggingGen2Tests.Generate_GivenMethodWithGenerics_RaisesDiagnostics_A4lm3p9rmpAbILTGyosqRgCf7r4DG6vIQtQ2kMC8Iis#Targets.g.verified.cs
    - Received: TelemetrySourceGeneratorLoggingGen2Tests.Generate_GivenMethodWithGenerics_RaisesDiagnostics_A4lm3p9rmpAbILTGyosqRgCf7r4DG6vIQtQ2kMC8Iis#TelemetryGenerationAttribute.g.received.cs
      Verified: TelemetrySourceGeneratorLoggingGen2Tests.Generate_GivenMethodWithGenerics_RaisesDiagnostics_A4lm3p9rmpAbILTGyosqRgCf7r4DG6vIQtQ2kMC8Iis#TelemetryGenerationAttribute.g.verified.cs
    - Received: TelemetrySourceGeneratorLoggingGen2Tests.Generate_GivenMethodWithGenerics_RaisesDiagnostics_A4lm3p9rmpAbILTGyosqRgCf7r4DG6vIQtQ2kMC8Iis#TraceAttribute.g.received.cs
      Verified: TelemetrySourceGeneratorLoggingGen2Tests.Generate_GivenMethodWithGenerics_RaisesDiagnostics_A4lm3p9rmpAbILTGyosqRgCf7r4DG6vIQtQ2kMC8Iis#TraceAttribute.g.verified.cs
    - Received: TelemetrySourceGeneratorLoggingGen2Tests.Generate_GivenMethodWithGenerics_RaisesDiagnostics_A4lm3p9rmpAbILTGyosqRgCf7r4DG6vIQtQ2kMC8Iis#UpDownCounterAttribute.g.received.cs
      Verified: TelemetrySourceGeneratorLoggingGen2Tests.Generate_GivenMethodWithGenerics_RaisesDiagnostics_A4lm3p9rmpAbILTGyosqRgCf7r4DG6vIQtQ2kMC8Iis#UpDownCounterAttribute.g.verified.cs
    - Received: TelemetrySourceGeneratorLoggingGen2Tests.Generate_GivenMethodWithGenerics_RaisesDiagnostics_A4lm3p9rmpAbILTGyosqRgCf7r4DG6vIQtQ2kMC8Iis#WarningAttribute.g.received.cs
      Verified: TelemetrySourceGeneratorLoggingGen2Tests.Generate_GivenMethodWithGenerics_RaisesDiagnostics_A4lm3p9rmpAbILTGyosqRgCf7r4DG6vIQtQ2kMC8Iis#WarningAttribute.g.verified.cs
  
  Standard output
    DBG: --- Adding templates.
    DBG: Adding ActivitySourceGenerationAttribute as ActivitySourceGenerationAttribute.g.cs.
    DBG: Adding ActivitySourceAttribute as ActivitySourceAttribute.g.cs.
    DBG: Adding ActivityAttribute as ActivityAttribute.g.cs.
    DBG: Adding EventAttribute as EventAttribute.g.cs.
    DBG: Adding ContextAttribute as ContextAttribute.g.cs.
    DBG: Adding BaggageAttribute as BaggageAttribute.g.cs.
    DBG: Adding EscapeAttribute as EscapeAttribute.g.cs.
    DBG: Adding StatusDescriptionAttribute as StatusDescriptionAttribute.g.cs.
    DBG: Adding LoggerGenerationAttribute as LoggerGenerationAttribute.g.cs.
    DBG: Adding LoggerAttribute as LoggerAttribute.g.cs.
    DBG: Adding LogAttribute as LogAttribute.g.cs.
    DBG: Adding LogPrefixType as LogPrefixType.g.cs.
    DBG: Adding LoggerGenerationMode as LoggerGenerationMode.g.cs.
    DBG: Adding ExpandEnumerableAttribute as ExpandEnumerableAttribute.g.cs.
    DBG: Adding TraceAttribute as TraceAttribute.g.cs.
    DBG: Adding DebugAttribute as DebugAttribute.g.cs.
    DBG: Adding InfoAttribute as InfoAttribute.g.cs.
    DBG: Adding WarningAttribute as WarningAttribute.g.cs.
    DBG: Adding ErrorAttribute as ErrorAttribute.g.cs.
    DBG: Adding CriticalAttribute as CriticalAttribute.g.cs.
    DBG: Adding MeterGenerationAttribute as MeterGenerationAttribute.g.cs.
    DBG: Adding MeterAttribute as MeterAttribute.g.cs.
    DBG: Adding MeterNameGenerationType as MeterNameGenerationType.g.cs.
    DBG: Adding InstrumentMeasurementAttribute as InstrumentMeasurementAttribute.g.cs.
    DBG: Adding AutoCounterAttribute as AutoCounterAttribute.g.cs.
    DBG: Adding CounterAttribute as CounterAttribute.g.cs.
    DBG: Adding UpDownCounterAttribute as UpDownCounterAttribute.g.cs.
    DBG: Adding HistogramAttribute as HistogramAttribute.g.cs.
    DBG: Adding ObservableCounterAttribute as ObservableCounterAttribute.g.cs.
    DBG: Adding ObservableGaugeAttribute as ObservableGaugeAttribute.g.cs.
    DBG: Adding ObservableUpDownCounterAttribute as ObservableUpDownCounterAttribute.g.cs.
    DBG: Adding TagAttribute as TagAttribute.g.cs.
    DBG: Adding ExcludeAttribute as ExcludeAttribute.g.cs.
    DBG: Adding TelemetryGenerationAttribute as TelemetryGenerationAttribute.g.cs.
    DBG: Adding Targets as Targets.g.cs.
    DBG: Adding NamingConvention as NamingConvention.g.cs.
    DBG: Adding ExcludeTargetsAttribute as ExcludeTargetsAttribute.g.cs.
    DBG: --- Finished adding templates.
    DIA: Cannot generate a Logger target for a generic interface '[Logger] public interface ITestLogger<T0, T1> { void LogEntryWithGenericTypeParam(); }'.
    
  Error output
failed Generate_GivenBasicScopedAndLevelSetBySpecificAttribute_GeneratesDiagnostic (3s 525ms)
  [Test Failure] VerifyException: Directory: P:\GitHub\kjldev\purview-telemetry-sourcegenerator\src\Purview.Telemetry.SourceGenerator.IntegrationTests\Snapshots
Delete:
  - TelemetrySourceGeneratorLoggingGen2Tests.Generate_GivenBasicScopedAndLevelSetBySpecificAttribute_GeneratesDiagnostic.verified.txt
Equal:
  - Received: TelemetrySourceGeneratorLoggingGen2Tests.Generate_GivenBasicScopedAndLevelSetBySpecificAttribute_GeneratesDiagnostic#ActivityAttribute.g.received.cs
    Verified: TelemetrySourceGeneratorLoggingGen2Tests.Generate_GivenBasicScopedAndLevelSetBySpecificAttribute_GeneratesDiagnostic#ActivityAttribute.g.verified.cs
  - Received: TelemetrySourceGeneratorLoggingGen2Tests.Generate_GivenBasicScopedAndLevelSetBySpecificAttribute_GeneratesDiagnostic#ActivitySourceAttribute.g.received.cs
    Verified: TelemetrySourceGeneratorLoggingGen2Tests.Generate_GivenBasicScopedAndLevelSetBySpecificAttribute_GeneratesDiagnostic#ActivitySourceAttribute.g.verified.cs
  - Received: TelemetrySourceGeneratorLoggingGen2Tests.Generate_GivenBasicScopedAndLevelSetBySpecificAttribute_GeneratesDiagnostic#ActivitySourceGenerationAttribute.g.received.cs
    Verified: TelemetrySourceGeneratorLoggingGen2Tests.Generate_GivenBasicScopedAndLevelSetBySpecificAttribute_GeneratesDiagnostic#ActivitySourceGenerationAttribute.g.verified.cs
  - Received: TelemetrySourceGeneratorLoggingGen2Tests.Generate_GivenBasicScopedAndLevelSetBySpecificAttribute_GeneratesDiagnostic#AutoCounterAttribute.g.received.cs
    Verified: TelemetrySourceGeneratorLoggingGen2Tests.Generate_GivenBasicScopedAndLevelSetBySpecificAttribute_GeneratesDiagnostic#AutoCounterAttribute.g.verified.cs
  - Received: TelemetrySourceGeneratorLoggingGen2Tests.Generate_GivenBasicScopedAndLevelSetBySpecificAttribute_GeneratesDiagnostic#BaggageAttribute.g.received.cs
    Verified: TelemetrySourceGeneratorLoggingGen2Tests.Generate_GivenBasicScopedAndLevelSetBySpecificAttribute_GeneratesDiagnostic#BaggageAttribute.g.verified.cs
  - Received: TelemetrySourceGeneratorLoggingGen2Tests.Generate_GivenBasicScopedAndLevelSetBySpecificAttribute_GeneratesDiagnostic#ContextAttribute.g.received.cs
    Verified: TelemetrySourceGeneratorLoggingGen2Tests.Generate_GivenBasicScopedAndLevelSetBySpecificAttribute_GeneratesDiagnostic#ContextAttribute.g.verified.cs
  - Received: TelemetrySourceGeneratorLoggingGen2Tests.Generate_GivenBasicScopedAndLevelSetBySpecificAttribute_GeneratesDiagnostic#CounterAttribute.g.received.cs
    Verified: TelemetrySourceGeneratorLoggingGen2Tests.Generate_GivenBasicScopedAndLevelSetBySpecificAttribute_GeneratesDiagnostic#CounterAttribute.g.verified.cs
  - Received: TelemetrySourceGeneratorLoggingGen2Tests.Generate_GivenBasicScopedAndLevelSetBySpecificAttribute_GeneratesDiagnostic#CriticalAttribute.g.received.cs
    Verified: TelemetrySourceGeneratorLoggingGen2Tests.Generate_GivenBasicScopedAndLevelSetBySpecificAttribute_GeneratesDiagnostic#CriticalAttribute.g.verified.cs
  - Received: TelemetrySourceGeneratorLoggingGen2Tests.Generate_GivenBasicScopedAndLevelSetBySpecificAttribute_GeneratesDiagnostic#DebugAttribute.g.received.cs
    Verified: TelemetrySourceGeneratorLoggingGen2Tests.Generate_GivenBasicScopedAndLevelSetBySpecificAttribute_GeneratesDiagnostic#DebugAttribute.g.verified.cs
  - Received: TelemetrySourceGeneratorLoggingGen2Tests.Generate_GivenBasicScopedAndLevelSetBySpecificAttribute_GeneratesDiagnostic#ErrorAttribute.g.received.cs
    Verified: TelemetrySourceGeneratorLoggingGen2Tests.Generate_GivenBasicScopedAndLevelSetBySpecificAttribute_GeneratesDiagnostic#ErrorAttribute.g.verified.cs
  - Received: TelemetrySourceGeneratorLoggingGen2Tests.Generate_GivenBasicScopedAndLevelSetBySpecificAttribute_GeneratesDiagnostic#EscapeAttribute.g.received.cs
    Verified: TelemetrySourceGeneratorLoggingGen2Tests.Generate_GivenBasicScopedAndLevelSetBySpecificAttribute_GeneratesDiagnostic#EscapeAttribute.g.verified.cs
  - Received: TelemetrySourceGeneratorLoggingGen2Tests.Generate_GivenBasicScopedAndLevelSetBySpecificAttribute_GeneratesDiagnostic#EventAttribute.g.received.cs
    Verified: TelemetrySourceGeneratorLoggingGen2Tests.Generate_GivenBasicScopedAndLevelSetBySpecificAttribute_GeneratesDiagnostic#EventAttribute.g.verified.cs
  - Received: TelemetrySourceGeneratorLoggingGen2Tests.Generate_GivenBasicScopedAndLevelSetBySpecificAttribute_GeneratesDiagnostic#ExcludeAttribute.g.received.cs
    Verified: TelemetrySourceGeneratorLoggingGen2Tests.Generate_GivenBasicScopedAndLevelSetBySpecificAttribute_GeneratesDiagnostic#ExcludeAttribute.g.verified.cs
  - Received: TelemetrySourceGeneratorLoggingGen2Tests.Generate_GivenBasicScopedAndLevelSetBySpecificAttribute_GeneratesDiagnostic#ExcludeTargetsAttribute.g.received.cs
    Verified: TelemetrySourceGeneratorLoggingGen2Tests.Generate_GivenBasicScopedAndLevelSetBySpecificAttribute_GeneratesDiagnostic#ExcludeTargetsAttribute.g.verified.cs
  - Received: TelemetrySourceGeneratorLoggingGen2Tests.Generate_GivenBasicScopedAndLevelSetBySpecificAttribute_GeneratesDiagnostic#ExpandEnumerableAttribute.g.received.cs
    Verified: TelemetrySourceGeneratorLoggingGen2Tests.Generate_GivenBasicScopedAndLevelSetBySpecificAttribute_GeneratesDiagnostic#ExpandEnumerableAttribute.g.verified.cs
  - Received: TelemetrySourceGeneratorLoggingGen2Tests.Generate_GivenBasicScopedAndLevelSetBySpecificAttribute_GeneratesDiagnostic#HistogramAttribute.g.received.cs
    Verified: TelemetrySourceGeneratorLoggingGen2Tests.Generate_GivenBasicScopedAndLevelSetBySpecificAttribute_GeneratesDiagnostic#HistogramAttribute.g.verified.cs
  - Received: TelemetrySourceGeneratorLoggingGen2Tests.Generate_GivenBasicScopedAndLevelSetBySpecificAttribute_GeneratesDiagnostic#InfoAttribute.g.received.cs
    Verified: TelemetrySourceGeneratorLoggingGen2Tests.Generate_GivenBasicScopedAndLevelSetBySpecificAttribute_GeneratesDiagnostic#InfoAttribute.g.verified.cs
  - Received: TelemetrySourceGeneratorLoggingGen2Tests.Generate_GivenBasicScopedAndLevelSetBySpecificAttribute_GeneratesDiagnostic#InstrumentMeasurementAttribute.g.received.cs
    Verified: TelemetrySourceGeneratorLoggingGen2Tests.Generate_GivenBasicScopedAndLevelSetBySpecificAttribute_GeneratesDiagnostic#InstrumentMeasurementAttribute.g.verified.cs
  - Received: TelemetrySourceGeneratorLoggingGen2Tests.Generate_GivenBasicScopedAndLevelSetBySpecificAttribute_GeneratesDiagnostic#LogAttribute.g.received.cs
    Verified: TelemetrySourceGeneratorLoggingGen2Tests.Generate_GivenBasicScopedAndLevelSetBySpecificAttribute_GeneratesDiagnostic#LogAttribute.g.verified.cs
  - Received: TelemetrySourceGeneratorLoggingGen2Tests.Generate_GivenBasicScopedAndLevelSetBySpecificAttribute_GeneratesDiagnostic#LoggerAttribute.g.received.cs
    Verified: TelemetrySourceGeneratorLoggingGen2Tests.Generate_GivenBasicScopedAndLevelSetBySpecificAttribute_GeneratesDiagnostic#LoggerAttribute.g.verified.cs
  - Received: TelemetrySourceGeneratorLoggingGen2Tests.Generate_GivenBasicScopedAndLevelSetBySpecificAttribute_GeneratesDiagnostic#LoggerGenerationAttribute.g.received.cs
    Verified: TelemetrySourceGeneratorLoggingGen2Tests.Generate_GivenBasicScopedAndLevelSetBySpecificAttribute_GeneratesDiagnostic#LoggerGenerationAttribute.g.verified.cs
  - Received: TelemetrySourceGeneratorLoggingGen2Tests.Generate_GivenBasicScopedAndLevelSetBySpecificAttribute_GeneratesDiagnostic#LoggerGenerationMode.g.received.cs
    Verified: TelemetrySourceGeneratorLoggingGen2Tests.Generate_GivenBasicScopedAndLevelSetBySpecificAttribute_GeneratesDiagnostic#LoggerGenerationMode.g.verified.cs
  - Received: TelemetrySourceGeneratorLoggingGen2Tests.Generate_GivenBasicScopedAndLevelSetBySpecificAttribute_GeneratesDiagnostic#LogPrefixType.g.received.cs
    Verified: TelemetrySourceGeneratorLoggingGen2Tests.Generate_GivenBasicScopedAndLevelSetBySpecificAttribute_GeneratesDiagnostic#LogPrefixType.g.verified.cs
  - Received: TelemetrySourceGeneratorLoggingGen2Tests.Generate_GivenBasicScopedAndLevelSetBySpecificAttribute_GeneratesDiagnostic#MeterAttribute.g.received.cs
    Verified: TelemetrySourceGeneratorLoggingGen2Tests.Generate_GivenBasicScopedAndLevelSetBySpecificAttribute_GeneratesDiagnostic#MeterAttribute.g.verified.cs
  - Received: TelemetrySourceGeneratorLoggingGen2Tests.Generate_GivenBasicScopedAndLevelSetBySpecificAttribute_GeneratesDiagnostic#MeterGenerationAttribute.g.received.cs
    Verified: TelemetrySourceGeneratorLoggingGen2Tests.Generate_GivenBasicScopedAndLevelSetBySpecificAttribute_GeneratesDiagnostic#MeterGenerationAttribute.g.verified.cs
  - Received: TelemetrySourceGeneratorLoggingGen2Tests.Generate_GivenBasicScopedAndLevelSetBySpecificAttribute_GeneratesDiagnostic#MeterNameGenerationType.g.received.cs
    Verified: TelemetrySourceGeneratorLoggingGen2Tests.Generate_GivenBasicScopedAndLevelSetBySpecificAttribute_GeneratesDiagnostic#MeterNameGenerationType.g.verified.cs
  - Received: TelemetrySourceGeneratorLoggingGen2Tests.Generate_GivenBasicScopedAndLevelSetBySpecificAttribute_GeneratesDiagnostic#NamingConvention.g.received.cs
    Verified: TelemetrySourceGeneratorLoggingGen2Tests.Generate_GivenBasicScopedAndLevelSetBySpecificAttribute_GeneratesDiagnostic#NamingConvention.g.verified.cs
  - Received: TelemetrySourceGeneratorLoggingGen2Tests.Generate_GivenBasicScopedAndLevelSetBySpecificAttribute_GeneratesDiagnostic#ObservableCounterAttribute.g.received.cs
    Verified: TelemetrySourceGeneratorLoggingGen2Tests.Generate_GivenBasicScopedAndLevelSetBySpecificAttribute_GeneratesDiagnostic#ObservableCounterAttribute.g.verified.cs
  - Received: TelemetrySourceGeneratorLoggingGen2Tests.Generate_GivenBasicScopedAndLevelSetBySpecificAttribute_GeneratesDiagnostic#ObservableGaugeAttribute.g.received.cs
    Verified: TelemetrySourceGeneratorLoggingGen2Tests.Generate_GivenBasicScopedAndLevelSetBySpecificAttribute_GeneratesDiagnostic#ObservableGaugeAttribute.g.verified.cs
  - Received: TelemetrySourceGeneratorLoggingGen2Tests.Generate_GivenBasicScopedAndLevelSetBySpecificAttribute_GeneratesDiagnostic#ObservableUpDownCounterAttribute.g.received.cs
    Verified: TelemetrySourceGeneratorLoggingGen2Tests.Generate_GivenBasicScopedAndLevelSetBySpecificAttribute_GeneratesDiagnostic#ObservableUpDownCounterAttribute.g.verified.cs
  - Received: TelemetrySourceGeneratorLoggingGen2Tests.Generate_GivenBasicScopedAndLevelSetBySpecificAttribute_GeneratesDiagnostic#StatusDescriptionAttribute.g.received.cs
    Verified: TelemetrySourceGeneratorLoggingGen2Tests.Generate_GivenBasicScopedAndLevelSetBySpecificAttribute_GeneratesDiagnostic#StatusDescriptionAttribute.g.verified.cs
  - Received: TelemetrySourceGeneratorLoggingGen2Tests.Generate_GivenBasicScopedAndLevelSetBySpecificAttribute_GeneratesDiagnostic#TagAttribute.g.received.cs
    Verified: TelemetrySourceGeneratorLoggingGen2Tests.Generate_GivenBasicScopedAndLevelSetBySpecificAttribute_GeneratesDiagnostic#TagAttribute.g.verified.cs
  - Received: TelemetrySourceGeneratorLoggingGen2Tests.Generate_GivenBasicScopedAndLevelSetBySpecificAttribute_GeneratesDiagnostic#Targets.g.received.cs
    Verified: TelemetrySourceGeneratorLoggingGen2Tests.Generate_GivenBasicScopedAndLevelSetBySpecificAttribute_GeneratesDiagnostic#Targets.g.verified.cs
  - Received: TelemetrySourceGeneratorLoggingGen2Tests.Generate_GivenBasicScopedAndLevelSetBySpecificAttribute_GeneratesDiagnostic#TelemetryGenerationAttribute.g.received.cs
    Verified: TelemetrySourceGeneratorLoggingGen2Tests.Generate_GivenBasicScopedAndLevelSetBySpecificAttribute_GeneratesDiagnostic#TelemetryGenerationAttribute.g.verified.cs
  - Received: TelemetrySourceGeneratorLoggingGen2Tests.Generate_GivenBasicScopedAndLevelSetBySpecificAttribute_GeneratesDiagnostic#Testing.TestLoggerCore.Logging.g.received.cs
    Verified: TelemetrySourceGeneratorLoggingGen2Tests.Generate_GivenBasicScopedAndLevelSetBySpecificAttribute_GeneratesDiagnostic#Testing.TestLoggerCore.Logging.g.verified.cs
  - Received: TelemetrySourceGeneratorLoggingGen2Tests.Generate_GivenBasicScopedAndLevelSetBySpecificAttribute_GeneratesDiagnostic#TraceAttribute.g.received.cs
    Verified: TelemetrySourceGeneratorLoggingGen2Tests.Generate_GivenBasicScopedAndLevelSetBySpecificAttribute_GeneratesDiagnostic#TraceAttribute.g.verified.cs
  - Received: TelemetrySourceGeneratorLoggingGen2Tests.Generate_GivenBasicScopedAndLevelSetBySpecificAttribute_GeneratesDiagnostic#UpDownCounterAttribute.g.received.cs
    Verified: TelemetrySourceGeneratorLoggingGen2Tests.Generate_GivenBasicScopedAndLevelSetBySpecificAttribute_GeneratesDiagnostic#UpDownCounterAttribute.g.verified.cs
  - Received: TelemetrySourceGeneratorLoggingGen2Tests.Generate_GivenBasicScopedAndLevelSetBySpecificAttribute_GeneratesDiagnostic#WarningAttribute.g.received.cs
    Verified: TelemetrySourceGeneratorLoggingGen2Tests.Generate_GivenBasicScopedAndLevelSetBySpecificAttribute_GeneratesDiagnostic#WarningAttribute.g.verified.cs

  from P:\GitHub\kjldev\purview-telemetry-sourcegenerator\src\Purview.Telemetry.SourceGenerator.IntegrationTests\bin\Release\net10.0\Purview.Telemetry.SourceGenerator.IntegrationTests.dll (net10.0|x64)
  TUnit.Engine.Exceptions.TestFailedException: [Test Failure] VerifyException: Directory: P:\GitHub\kjldev\purview-telemetry-sourcegenerator\src\Purview.Telemetry.SourceGenerator.IntegrationTests\Snapshots
  Delete:
    - TelemetrySourceGeneratorLoggingGen2Tests.Generate_GivenBasicScopedAndLevelSetBySpecificAttribute_GeneratesDiagnostic.verified.txt
  Equal:
    - Received: TelemetrySourceGeneratorLoggingGen2Tests.Generate_GivenBasicScopedAndLevelSetBySpecificAttribute_GeneratesDiagnostic#ActivityAttribute.g.received.cs
      Verified: TelemetrySourceGeneratorLoggingGen2Tests.Generate_GivenBasicScopedAndLevelSetBySpecificAttribute_GeneratesDiagnostic#ActivityAttribute.g.verified.cs
    - Received: TelemetrySourceGeneratorLoggingGen2Tests.Generate_GivenBasicScopedAndLevelSetBySpecificAttribute_GeneratesDiagnostic#ActivitySourceAttribute.g.received.cs
      Verified: TelemetrySourceGeneratorLoggingGen2Tests.Generate_GivenBasicScopedAndLevelSetBySpecificAttribute_GeneratesDiagnostic#ActivitySourceAttribute.g.verified.cs
    - Received: TelemetrySourceGeneratorLoggingGen2Tests.Generate_GivenBasicScopedAndLevelSetBySpecificAttribute_GeneratesDiagnostic#ActivitySourceGenerationAttribute.g.received.cs
      Verified: TelemetrySourceGeneratorLoggingGen2Tests.Generate_GivenBasicScopedAndLevelSetBySpecificAttribute_GeneratesDiagnostic#ActivitySourceGenerationAttribute.g.verified.cs
    - Received: TelemetrySourceGeneratorLoggingGen2Tests.Generate_GivenBasicScopedAndLevelSetBySpecificAttribute_GeneratesDiagnostic#AutoCounterAttribute.g.received.cs
      Verified: TelemetrySourceGeneratorLoggingGen2Tests.Generate_GivenBasicScopedAndLevelSetBySpecificAttribute_GeneratesDiagnostic#AutoCounterAttribute.g.verified.cs
    - Received: TelemetrySourceGeneratorLoggingGen2Tests.Generate_GivenBasicScopedAndLevelSetBySpecificAttribute_GeneratesDiagnostic#BaggageAttribute.g.received.cs
      Verified: TelemetrySourceGeneratorLoggingGen2Tests.Generate_GivenBasicScopedAndLevelSetBySpecificAttribute_GeneratesDiagnostic#BaggageAttribute.g.verified.cs
    - Received: TelemetrySourceGeneratorLoggingGen2Tests.Generate_GivenBasicScopedAndLevelSetBySpecificAttribute_GeneratesDiagnostic#ContextAttribute.g.received.cs
      Verified: TelemetrySourceGeneratorLoggingGen2Tests.Generate_GivenBasicScopedAndLevelSetBySpecificAttribute_GeneratesDiagnostic#ContextAttribute.g.verified.cs
    - Received: TelemetrySourceGeneratorLoggingGen2Tests.Generate_GivenBasicScopedAndLevelSetBySpecificAttribute_GeneratesDiagnostic#CounterAttribute.g.received.cs
      Verified: TelemetrySourceGeneratorLoggingGen2Tests.Generate_GivenBasicScopedAndLevelSetBySpecificAttribute_GeneratesDiagnostic#CounterAttribute.g.verified.cs
    - Received: TelemetrySourceGeneratorLoggingGen2Tests.Generate_GivenBasicScopedAndLevelSetBySpecificAttribute_GeneratesDiagnostic#CriticalAttribute.g.received.cs
      Verified: TelemetrySourceGeneratorLoggingGen2Tests.Generate_GivenBasicScopedAndLevelSetBySpecificAttribute_GeneratesDiagnostic#CriticalAttribute.g.verified.cs
    - Received: TelemetrySourceGeneratorLoggingGen2Tests.Generate_GivenBasicScopedAndLevelSetBySpecificAttribute_GeneratesDiagnostic#DebugAttribute.g.received.cs
      Verified: TelemetrySourceGeneratorLoggingGen2Tests.Generate_GivenBasicScopedAndLevelSetBySpecificAttribute_GeneratesDiagnostic#DebugAttribute.g.verified.cs
    - Received: TelemetrySourceGeneratorLoggingGen2Tests.Generate_GivenBasicScopedAndLevelSetBySpecificAttribute_GeneratesDiagnostic#ErrorAttribute.g.received.cs
      Verified: TelemetrySourceGeneratorLoggingGen2Tests.Generate_GivenBasicScopedAndLevelSetBySpecificAttribute_GeneratesDiagnostic#ErrorAttribute.g.verified.cs
    - Received: TelemetrySourceGeneratorLoggingGen2Tests.Generate_GivenBasicScopedAndLevelSetBySpecificAttribute_GeneratesDiagnostic#EscapeAttribute.g.received.cs
      Verified: TelemetrySourceGeneratorLoggingGen2Tests.Generate_GivenBasicScopedAndLevelSetBySpecificAttribute_GeneratesDiagnostic#EscapeAttribute.g.verified.cs
    - Received: TelemetrySourceGeneratorLoggingGen2Tests.Generate_GivenBasicScopedAndLevelSetBySpecificAttribute_GeneratesDiagnostic#EventAttribute.g.received.cs
      Verified: TelemetrySourceGeneratorLoggingGen2Tests.Generate_GivenBasicScopedAndLevelSetBySpecificAttribute_GeneratesDiagnostic#EventAttribute.g.verified.cs
    - Received: TelemetrySourceGeneratorLoggingGen2Tests.Generate_GivenBasicScopedAndLevelSetBySpecificAttribute_GeneratesDiagnostic#ExcludeAttribute.g.received.cs
      Verified: TelemetrySourceGeneratorLoggingGen2Tests.Generate_GivenBasicScopedAndLevelSetBySpecificAttribute_GeneratesDiagnostic#ExcludeAttribute.g.verified.cs
    - Received: TelemetrySourceGeneratorLoggingGen2Tests.Generate_GivenBasicScopedAndLevelSetBySpecificAttribute_GeneratesDiagnostic#ExcludeTargetsAttribute.g.received.cs
      Verified: TelemetrySourceGeneratorLoggingGen2Tests.Generate_GivenBasicScopedAndLevelSetBySpecificAttribute_GeneratesDiagnostic#ExcludeTargetsAttribute.g.verified.cs
    - Received: TelemetrySourceGeneratorLoggingGen2Tests.Generate_GivenBasicScopedAndLevelSetBySpecificAttribute_GeneratesDiagnostic#ExpandEnumerableAttribute.g.received.cs
      Verified: TelemetrySourceGeneratorLoggingGen2Tests.Generate_GivenBasicScopedAndLevelSetBySpecificAttribute_GeneratesDiagnostic#ExpandEnumerableAttribute.g.verified.cs
    - Received: TelemetrySourceGeneratorLoggingGen2Tests.Generate_GivenBasicScopedAndLevelSetBySpecificAttribute_GeneratesDiagnostic#HistogramAttribute.g.received.cs
      Verified: TelemetrySourceGeneratorLoggingGen2Tests.Generate_GivenBasicScopedAndLevelSetBySpecificAttribute_GeneratesDiagnostic#HistogramAttribute.g.verified.cs
    - Received: TelemetrySourceGeneratorLoggingGen2Tests.Generate_GivenBasicScopedAndLevelSetBySpecificAttribute_GeneratesDiagnostic#InfoAttribute.g.received.cs
      Verified: TelemetrySourceGeneratorLoggingGen2Tests.Generate_GivenBasicScopedAndLevelSetBySpecificAttribute_GeneratesDiagnostic#InfoAttribute.g.verified.cs
    - Received: TelemetrySourceGeneratorLoggingGen2Tests.Generate_GivenBasicScopedAndLevelSetBySpecificAttribute_GeneratesDiagnostic#InstrumentMeasurementAttribute.g.received.cs
      Verified: TelemetrySourceGeneratorLoggingGen2Tests.Generate_GivenBasicScopedAndLevelSetBySpecificAttribute_GeneratesDiagnostic#InstrumentMeasurementAttribute.g.verified.cs
    - Received: TelemetrySourceGeneratorLoggingGen2Tests.Generate_GivenBasicScopedAndLevelSetBySpecificAttribute_GeneratesDiagnostic#LogAttribute.g.received.cs
      Verified: TelemetrySourceGeneratorLoggingGen2Tests.Generate_GivenBasicScopedAndLevelSetBySpecificAttribute_GeneratesDiagnostic#LogAttribute.g.verified.cs
    - Received: TelemetrySourceGeneratorLoggingGen2Tests.Generate_GivenBasicScopedAndLevelSetBySpecificAttribute_GeneratesDiagnostic#LoggerAttribute.g.received.cs
      Verified: TelemetrySourceGeneratorLoggingGen2Tests.Generate_GivenBasicScopedAndLevelSetBySpecificAttribute_GeneratesDiagnostic#LoggerAttribute.g.verified.cs
    - Received: TelemetrySourceGeneratorLoggingGen2Tests.Generate_GivenBasicScopedAndLevelSetBySpecificAttribute_GeneratesDiagnostic#LoggerGenerationAttribute.g.received.cs
      Verified: TelemetrySourceGeneratorLoggingGen2Tests.Generate_GivenBasicScopedAndLevelSetBySpecificAttribute_GeneratesDiagnostic#LoggerGenerationAttribute.g.verified.cs
    - Received: TelemetrySourceGeneratorLoggingGen2Tests.Generate_GivenBasicScopedAndLevelSetBySpecificAttribute_GeneratesDiagnostic#LoggerGenerationMode.g.received.cs
      Verified: TelemetrySourceGeneratorLoggingGen2Tests.Generate_GivenBasicScopedAndLevelSetBySpecificAttribute_GeneratesDiagnostic#LoggerGenerationMode.g.verified.cs
    - Received: TelemetrySourceGeneratorLoggingGen2Tests.Generate_GivenBasicScopedAndLevelSetBySpecificAttribute_GeneratesDiagnostic#LogPrefixType.g.received.cs
      Verified: TelemetrySourceGeneratorLoggingGen2Tests.Generate_GivenBasicScopedAndLevelSetBySpecificAttribute_GeneratesDiagnostic#LogPrefixType.g.verified.cs
    - Received: TelemetrySourceGeneratorLoggingGen2Tests.Generate_GivenBasicScopedAndLevelSetBySpecificAttribute_GeneratesDiagnostic#MeterAttribute.g.received.cs
      Verified: TelemetrySourceGeneratorLoggingGen2Tests.Generate_GivenBasicScopedAndLevelSetBySpecificAttribute_GeneratesDiagnostic#MeterAttribute.g.verified.cs
    - Received: TelemetrySourceGeneratorLoggingGen2Tests.Generate_GivenBasicScopedAndLevelSetBySpecificAttribute_GeneratesDiagnostic#MeterGenerationAttribute.g.received.cs
      Verified: TelemetrySourceGeneratorLoggingGen2Tests.Generate_GivenBasicScopedAndLevelSetBySpecificAttribute_GeneratesDiagnostic#MeterGenerationAttribute.g.verified.cs
    - Received: TelemetrySourceGeneratorLoggingGen2Tests.Generate_GivenBasicScopedAndLevelSetBySpecificAttribute_GeneratesDiagnostic#MeterNameGenerationType.g.received.cs
      Verified: TelemetrySourceGeneratorLoggingGen2Tests.Generate_GivenBasicScopedAndLevelSetBySpecificAttribute_GeneratesDiagnostic#MeterNameGenerationType.g.verified.cs
    - Received: TelemetrySourceGeneratorLoggingGen2Tests.Generate_GivenBasicScopedAndLevelSetBySpecificAttribute_GeneratesDiagnostic#NamingConvention.g.received.cs
      Verified: TelemetrySourceGeneratorLoggingGen2Tests.Generate_GivenBasicScopedAndLevelSetBySpecificAttribute_GeneratesDiagnostic#NamingConvention.g.verified.cs
    - Received: TelemetrySourceGeneratorLoggingGen2Tests.Generate_GivenBasicScopedAndLevelSetBySpecificAttribute_GeneratesDiagnostic#ObservableCounterAttribute.g.received.cs
      Verified: TelemetrySourceGeneratorLoggingGen2Tests.Generate_GivenBasicScopedAndLevelSetBySpecificAttribute_GeneratesDiagnostic#ObservableCounterAttribute.g.verified.cs
    - Received: TelemetrySourceGeneratorLoggingGen2Tests.Generate_GivenBasicScopedAndLevelSetBySpecificAttribute_GeneratesDiagnostic#ObservableGaugeAttribute.g.received.cs
      Verified: TelemetrySourceGeneratorLoggingGen2Tests.Generate_GivenBasicScopedAndLevelSetBySpecificAttribute_GeneratesDiagnostic#ObservableGaugeAttribute.g.verified.cs
    - Received: TelemetrySourceGeneratorLoggingGen2Tests.Generate_GivenBasicScopedAndLevelSetBySpecificAttribute_GeneratesDiagnostic#ObservableUpDownCounterAttribute.g.received.cs
      Verified: TelemetrySourceGeneratorLoggingGen2Tests.Generate_GivenBasicScopedAndLevelSetBySpecificAttribute_GeneratesDiagnostic#ObservableUpDownCounterAttribute.g.verified.cs
    - Received: TelemetrySourceGeneratorLoggingGen2Tests.Generate_GivenBasicScopedAndLevelSetBySpecificAttribute_GeneratesDiagnostic#StatusDescriptionAttribute.g.received.cs
      Verified: TelemetrySourceGeneratorLoggingGen2Tests.Generate_GivenBasicScopedAndLevelSetBySpecificAttribute_GeneratesDiagnostic#StatusDescriptionAttribute.g.verified.cs
    - Received: TelemetrySourceGeneratorLoggingGen2Tests.Generate_GivenBasicScopedAndLevelSetBySpecificAttribute_GeneratesDiagnostic#TagAttribute.g.received.cs
      Verified: TelemetrySourceGeneratorLoggingGen2Tests.Generate_GivenBasicScopedAndLevelSetBySpecificAttribute_GeneratesDiagnostic#TagAttribute.g.verified.cs
    - Received: TelemetrySourceGeneratorLoggingGen2Tests.Generate_GivenBasicScopedAndLevelSetBySpecificAttribute_GeneratesDiagnostic#Targets.g.received.cs
      Verified: TelemetrySourceGeneratorLoggingGen2Tests.Generate_GivenBasicScopedAndLevelSetBySpecificAttribute_GeneratesDiagnostic#Targets.g.verified.cs
    - Received: TelemetrySourceGeneratorLoggingGen2Tests.Generate_GivenBasicScopedAndLevelSetBySpecificAttribute_GeneratesDiagnostic#TelemetryGenerationAttribute.g.received.cs
      Verified: TelemetrySourceGeneratorLoggingGen2Tests.Generate_GivenBasicScopedAndLevelSetBySpecificAttribute_GeneratesDiagnostic#TelemetryGenerationAttribute.g.verified.cs
    - Received: TelemetrySourceGeneratorLoggingGen2Tests.Generate_GivenBasicScopedAndLevelSetBySpecificAttribute_GeneratesDiagnostic#Testing.TestLoggerCore.Logging.g.received.cs
      Verified: TelemetrySourceGeneratorLoggingGen2Tests.Generate_GivenBasicScopedAndLevelSetBySpecificAttribute_GeneratesDiagnostic#Testing.TestLoggerCore.Logging.g.verified.cs
    - Received: TelemetrySourceGeneratorLoggingGen2Tests.Generate_GivenBasicScopedAndLevelSetBySpecificAttribute_GeneratesDiagnostic#TraceAttribute.g.received.cs
      Verified: TelemetrySourceGeneratorLoggingGen2Tests.Generate_GivenBasicScopedAndLevelSetBySpecificAttribute_GeneratesDiagnostic#TraceAttribute.g.verified.cs
    - Received: TelemetrySourceGeneratorLoggingGen2Tests.Generate_GivenBasicScopedAndLevelSetBySpecificAttribute_GeneratesDiagnostic#UpDownCounterAttribute.g.received.cs
      Verified: TelemetrySourceGeneratorLoggingGen2Tests.Generate_GivenBasicScopedAndLevelSetBySpecificAttribute_GeneratesDiagnostic#UpDownCounterAttribute.g.verified.cs
    - Received: TelemetrySourceGeneratorLoggingGen2Tests.Generate_GivenBasicScopedAndLevelSetBySpecificAttribute_GeneratesDiagnostic#WarningAttribute.g.received.cs
      Verified: TelemetrySourceGeneratorLoggingGen2Tests.Generate_GivenBasicScopedAndLevelSetBySpecificAttribute_GeneratesDiagnostic#WarningAttribute.g.verified.cs
  
  Standard output
    DBG: --- Adding templates.
    DBG: Adding ActivitySourceGenerationAttribute as ActivitySourceGenerationAttribute.g.cs.
    DBG: Adding ActivitySourceAttribute as ActivitySourceAttribute.g.cs.
    DBG: Adding ActivityAttribute as ActivityAttribute.g.cs.
    DBG: Adding EventAttribute as EventAttribute.g.cs.
    DBG: Adding ContextAttribute as ContextAttribute.g.cs.
    DBG: Adding BaggageAttribute as BaggageAttribute.g.cs.
    DBG: Adding EscapeAttribute as EscapeAttribute.g.cs.
    DBG: Adding StatusDescriptionAttribute as StatusDescriptionAttribute.g.cs.
    DBG: Adding LoggerGenerationAttribute as LoggerGenerationAttribute.g.cs.
    DBG: Adding LoggerAttribute as LoggerAttribute.g.cs.
    DBG: Adding LogAttribute as LogAttribute.g.cs.
    DBG: Adding LogPrefixType as LogPrefixType.g.cs.
    DBG: Adding LoggerGenerationMode as LoggerGenerationMode.g.cs.
    DBG: Adding ExpandEnumerableAttribute as ExpandEnumerableAttribute.g.cs.
    DBG: Adding TraceAttribute as TraceAttribute.g.cs.
    DBG: Adding DebugAttribute as DebugAttribute.g.cs.
    DBG: Adding InfoAttribute as InfoAttribute.g.cs.
    DBG: Adding WarningAttribute as WarningAttribute.g.cs.
    DBG: Adding ErrorAttribute as ErrorAttribute.g.cs.
    DBG: Adding CriticalAttribute as CriticalAttribute.g.cs.
    DBG: Adding MeterGenerationAttribute as MeterGenerationAttribute.g.cs.
    DBG: Adding MeterAttribute as MeterAttribute.g.cs.
    DBG: Adding MeterNameGenerationType as MeterNameGenerationType.g.cs.
    DBG: Adding InstrumentMeasurementAttribute as InstrumentMeasurementAttribute.g.cs.
    DBG: Adding AutoCounterAttribute as AutoCounterAttribute.g.cs.
    DBG: Adding CounterAttribute as CounterAttribute.g.cs.
    DBG: Adding UpDownCounterAttribute as UpDownCounterAttribute.g.cs.
    DBG: Adding HistogramAttribute as HistogramAttribute.g.cs.
    DBG: Adding ObservableCounterAttribute as ObservableCounterAttribute.g.cs.
    DBG: Adding ObservableGaugeAttribute as ObservableGaugeAttribute.g.cs.
    DBG: Adding ObservableUpDownCounterAttribute as ObservableUpDownCounterAttribute.g.cs.
    DBG: Adding TagAttribute as TagAttribute.g.cs.
    DBG: Adding ExcludeAttribute as ExcludeAttribute.g.cs.
    DBG: Adding TelemetryGenerationAttribute as TelemetryGenerationAttribute.g.cs.
    DBG: Adding Targets as Targets.g.cs.
    DBG: Adding NamingConvention as NamingConvention.g.cs.
    DBG: Adding ExcludeTargetsAttribute as ExcludeTargetsAttribute.g.cs.
    DBG: --- Finished adding templates.
    DBG: Found attribute: Purview.Telemetry.LoggerAttribute
    DBG: Found attribute: Purview.Telemetry.TelemetryGenerationAttribute(GenerateDependencyExtension = false)
    DBG: Found method ITestLogger.BasicScoped.
    DBG: Found 0 parameter(s) for BasicScoped.
    DBG: Found attribute: Purview.Telemetry.InfoAttribute(null, null)
    DBG: Logger generation target: Testing.TestLoggerCore
    DBG: Generating MS Gen-based logging class for: Testing.TestLoggerCore
    DBG: Building logging method: BasicScoped
    DBG: Building logging method: BasicScoped
    DBG: Skipping dependency injection emit.
    
  Error output
failed Generate_GivenMethodWithMultipleExceptionParameters_GeneratesEntry (6s 406ms)
  [Test Failure] VerifyException: Directory: P:\GitHub\kjldev\purview-telemetry-sourcegenerator\src\Purview.Telemetry.SourceGenerator.IntegrationTests\Snapshots
Delete:
  - TelemetrySourceGeneratorLoggingGen2Tests.Generate_GivenMethodWithMultipleExceptionParameters_GeneratesEntry.verified.txt
Equal:
  - Received: TelemetrySourceGeneratorLoggingGen2Tests.Generate_GivenMethodWithMultipleExceptionParameters_GeneratesEntry#ActivityAttribute.g.received.cs
    Verified: TelemetrySourceGeneratorLoggingGen2Tests.Generate_GivenMethodWithMultipleExceptionParameters_GeneratesEntry#ActivityAttribute.g.verified.cs
  - Received: TelemetrySourceGeneratorLoggingGen2Tests.Generate_GivenMethodWithMultipleExceptionParameters_GeneratesEntry#ActivitySourceAttribute.g.received.cs
    Verified: TelemetrySourceGeneratorLoggingGen2Tests.Generate_GivenMethodWithMultipleExceptionParameters_GeneratesEntry#ActivitySourceAttribute.g.verified.cs
  - Received: TelemetrySourceGeneratorLoggingGen2Tests.Generate_GivenMethodWithMultipleExceptionParameters_GeneratesEntry#ActivitySourceGenerationAttribute.g.received.cs
    Verified: TelemetrySourceGeneratorLoggingGen2Tests.Generate_GivenMethodWithMultipleExceptionParameters_GeneratesEntry#ActivitySourceGenerationAttribute.g.verified.cs
  - Received: TelemetrySourceGeneratorLoggingGen2Tests.Generate_GivenMethodWithMultipleExceptionParameters_GeneratesEntry#AutoCounterAttribute.g.received.cs
    Verified: TelemetrySourceGeneratorLoggingGen2Tests.Generate_GivenMethodWithMultipleExceptionParameters_GeneratesEntry#AutoCounterAttribute.g.verified.cs
  - Received: TelemetrySourceGeneratorLoggingGen2Tests.Generate_GivenMethodWithMultipleExceptionParameters_GeneratesEntry#BaggageAttribute.g.received.cs
    Verified: TelemetrySourceGeneratorLoggingGen2Tests.Generate_GivenMethodWithMultipleExceptionParameters_GeneratesEntry#BaggageAttribute.g.verified.cs
  - Received: TelemetrySourceGeneratorLoggingGen2Tests.Generate_GivenMethodWithMultipleExceptionParameters_GeneratesEntry#ContextAttribute.g.received.cs
    Verified: TelemetrySourceGeneratorLoggingGen2Tests.Generate_GivenMethodWithMultipleExceptionParameters_GeneratesEntry#ContextAttribute.g.verified.cs
  - Received: TelemetrySourceGeneratorLoggingGen2Tests.Generate_GivenMethodWithMultipleExceptionParameters_GeneratesEntry#CounterAttribute.g.received.cs
    Verified: TelemetrySourceGeneratorLoggingGen2Tests.Generate_GivenMethodWithMultipleExceptionParameters_GeneratesEntry#CounterAttribute.g.verified.cs
  - Received: TelemetrySourceGeneratorLoggingGen2Tests.Generate_GivenMethodWithMultipleExceptionParameters_GeneratesEntry#CriticalAttribute.g.received.cs
    Verified: TelemetrySourceGeneratorLoggingGen2Tests.Generate_GivenMethodWithMultipleExceptionParameters_GeneratesEntry#CriticalAttribute.g.verified.cs
  - Received: TelemetrySourceGeneratorLoggingGen2Tests.Generate_GivenMethodWithMultipleExceptionParameters_GeneratesEntry#DebugAttribute.g.received.cs
    Verified: TelemetrySourceGeneratorLoggingGen2Tests.Generate_GivenMethodWithMultipleExceptionParameters_GeneratesEntry#DebugAttribute.g.verified.cs
  - Received: TelemetrySourceGeneratorLoggingGen2Tests.Generate_GivenMethodWithMultipleExceptionParameters_GeneratesEntry#ErrorAttribute.g.received.cs
    Verified: TelemetrySourceGeneratorLoggingGen2Tests.Generate_GivenMethodWithMultipleExceptionParameters_GeneratesEntry#ErrorAttribute.g.verified.cs
  - Received: TelemetrySourceGeneratorLoggingGen2Tests.Generate_GivenMethodWithMultipleExceptionParameters_GeneratesEntry#EscapeAttribute.g.received.cs
    Verified: TelemetrySourceGeneratorLoggingGen2Tests.Generate_GivenMethodWithMultipleExceptionParameters_GeneratesEntry#EscapeAttribute.g.verified.cs
  - Received: TelemetrySourceGeneratorLoggingGen2Tests.Generate_GivenMethodWithMultipleExceptionParameters_GeneratesEntry#EventAttribute.g.received.cs
    Verified: TelemetrySourceGeneratorLoggingGen2Tests.Generate_GivenMethodWithMultipleExceptionParameters_GeneratesEntry#EventAttribute.g.verified.cs
  - Received: TelemetrySourceGeneratorLoggingGen2Tests.Generate_GivenMethodWithMultipleExceptionParameters_GeneratesEntry#ExcludeAttribute.g.received.cs
    Verified: TelemetrySourceGeneratorLoggingGen2Tests.Generate_GivenMethodWithMultipleExceptionParameters_GeneratesEntry#ExcludeAttribute.g.verified.cs
  - Received: TelemetrySourceGeneratorLoggingGen2Tests.Generate_GivenMethodWithMultipleExceptionParameters_GeneratesEntry#ExcludeTargetsAttribute.g.received.cs
    Verified: TelemetrySourceGeneratorLoggingGen2Tests.Generate_GivenMethodWithMultipleExceptionParameters_GeneratesEntry#ExcludeTargetsAttribute.g.verified.cs
  - Received: TelemetrySourceGeneratorLoggingGen2Tests.Generate_GivenMethodWithMultipleExceptionParameters_GeneratesEntry#ExpandEnumerableAttribute.g.received.cs
    Verified: TelemetrySourceGeneratorLoggingGen2Tests.Generate_GivenMethodWithMultipleExceptionParameters_GeneratesEntry#ExpandEnumerableAttribute.g.verified.cs
  - Received: TelemetrySourceGeneratorLoggingGen2Tests.Generate_GivenMethodWithMultipleExceptionParameters_GeneratesEntry#HistogramAttribute.g.received.cs
    Verified: TelemetrySourceGeneratorLoggingGen2Tests.Generate_GivenMethodWithMultipleExceptionParameters_GeneratesEntry#HistogramAttribute.g.verified.cs
  - Received: TelemetrySourceGeneratorLoggingGen2Tests.Generate_GivenMethodWithMultipleExceptionParameters_GeneratesEntry#InfoAttribute.g.received.cs
    Verified: TelemetrySourceGeneratorLoggingGen2Tests.Generate_GivenMethodWithMultipleExceptionParameters_GeneratesEntry#InfoAttribute.g.verified.cs
  - Received: TelemetrySourceGeneratorLoggingGen2Tests.Generate_GivenMethodWithMultipleExceptionParameters_GeneratesEntry#InstrumentMeasurementAttribute.g.received.cs
    Verified: TelemetrySourceGeneratorLoggingGen2Tests.Generate_GivenMethodWithMultipleExceptionParameters_GeneratesEntry#InstrumentMeasurementAttribute.g.verified.cs
  - Received: TelemetrySourceGeneratorLoggingGen2Tests.Generate_GivenMethodWithMultipleExceptionParameters_GeneratesEntry#LogAttribute.g.received.cs
    Verified: TelemetrySourceGeneratorLoggingGen2Tests.Generate_GivenMethodWithMultipleExceptionParameters_GeneratesEntry#LogAttribute.g.verified.cs
  - Received: TelemetrySourceGeneratorLoggingGen2Tests.Generate_GivenMethodWithMultipleExceptionParameters_GeneratesEntry#LoggerAttribute.g.received.cs
    Verified: TelemetrySourceGeneratorLoggingGen2Tests.Generate_GivenMethodWithMultipleExceptionParameters_GeneratesEntry#LoggerAttribute.g.verified.cs
  - Received: TelemetrySourceGeneratorLoggingGen2Tests.Generate_GivenMethodWithMultipleExceptionParameters_GeneratesEntry#LoggerGenerationAttribute.g.received.cs
    Verified: TelemetrySourceGeneratorLoggingGen2Tests.Generate_GivenMethodWithMultipleExceptionParameters_GeneratesEntry#LoggerGenerationAttribute.g.verified.cs
  - Received: TelemetrySourceGeneratorLoggingGen2Tests.Generate_GivenMethodWithMultipleExceptionParameters_GeneratesEntry#LoggerGenerationMode.g.received.cs
    Verified: TelemetrySourceGeneratorLoggingGen2Tests.Generate_GivenMethodWithMultipleExceptionParameters_GeneratesEntry#LoggerGenerationMode.g.verified.cs
  - Received: TelemetrySourceGeneratorLoggingGen2Tests.Generate_GivenMethodWithMultipleExceptionParameters_GeneratesEntry#LogPrefixType.g.received.cs
    Verified: TelemetrySourceGeneratorLoggingGen2Tests.Generate_GivenMethodWithMultipleExceptionParameters_GeneratesEntry#LogPrefixType.g.verified.cs
  - Received: TelemetrySourceGeneratorLoggingGen2Tests.Generate_GivenMethodWithMultipleExceptionParameters_GeneratesEntry#MeterAttribute.g.received.cs
    Verified: TelemetrySourceGeneratorLoggingGen2Tests.Generate_GivenMethodWithMultipleExceptionParameters_GeneratesEntry#MeterAttribute.g.verified.cs
  - Received: TelemetrySourceGeneratorLoggingGen2Tests.Generate_GivenMethodWithMultipleExceptionParameters_GeneratesEntry#MeterGenerationAttribute.g.received.cs
    Verified: TelemetrySourceGeneratorLoggingGen2Tests.Generate_GivenMethodWithMultipleExceptionParameters_GeneratesEntry#MeterGenerationAttribute.g.verified.cs
  - Received: TelemetrySourceGeneratorLoggingGen2Tests.Generate_GivenMethodWithMultipleExceptionParameters_GeneratesEntry#MeterNameGenerationType.g.received.cs
    Verified: TelemetrySourceGeneratorLoggingGen2Tests.Generate_GivenMethodWithMultipleExceptionParameters_GeneratesEntry#MeterNameGenerationType.g.verified.cs
  - Received: TelemetrySourceGeneratorLoggingGen2Tests.Generate_GivenMethodWithMultipleExceptionParameters_GeneratesEntry#NamingConvention.g.received.cs
    Verified: TelemetrySourceGeneratorLoggingGen2Tests.Generate_GivenMethodWithMultipleExceptionParameters_GeneratesEntry#NamingConvention.g.verified.cs
  - Received: TelemetrySourceGeneratorLoggingGen2Tests.Generate_GivenMethodWithMultipleExceptionParameters_GeneratesEntry#ObservableCounterAttribute.g.received.cs
    Verified: TelemetrySourceGeneratorLoggingGen2Tests.Generate_GivenMethodWithMultipleExceptionParameters_GeneratesEntry#ObservableCounterAttribute.g.verified.cs
  - Received: TelemetrySourceGeneratorLoggingGen2Tests.Generate_GivenMethodWithMultipleExceptionParameters_GeneratesEntry#ObservableGaugeAttribute.g.received.cs
    Verified: TelemetrySourceGeneratorLoggingGen2Tests.Generate_GivenMethodWithMultipleExceptionParameters_GeneratesEntry#ObservableGaugeAttribute.g.verified.cs
  - Received: TelemetrySourceGeneratorLoggingGen2Tests.Generate_GivenMethodWithMultipleExceptionParameters_GeneratesEntry#ObservableUpDownCounterAttribute.g.received.cs
    Verified: TelemetrySourceGeneratorLoggingGen2Tests.Generate_GivenMethodWithMultipleExceptionParameters_GeneratesEntry#ObservableUpDownCounterAttribute.g.verified.cs
  - Received: TelemetrySourceGeneratorLoggingGen2Tests.Generate_GivenMethodWithMultipleExceptionParameters_GeneratesEntry#StatusDescriptionAttribute.g.received.cs
    Verified: TelemetrySourceGeneratorLoggingGen2Tests.Generate_GivenMethodWithMultipleExceptionParameters_GeneratesEntry#StatusDescriptionAttribute.g.verified.cs
  - Received: TelemetrySourceGeneratorLoggingGen2Tests.Generate_GivenMethodWithMultipleExceptionParameters_GeneratesEntry#TagAttribute.g.received.cs
    Verified: TelemetrySourceGeneratorLoggingGen2Tests.Generate_GivenMethodWithMultipleExceptionParameters_GeneratesEntry#TagAttribute.g.verified.cs
  - Received: TelemetrySourceGeneratorLoggingGen2Tests.Generate_GivenMethodWithMultipleExceptionParameters_GeneratesEntry#Targets.g.received.cs
    Verified: TelemetrySourceGeneratorLoggingGen2Tests.Generate_GivenMethodWithMultipleExceptionParameters_GeneratesEntry#Targets.g.verified.cs
  - Received: TelemetrySourceGeneratorLoggingGen2Tests.Generate_GivenMethodWithMultipleExceptionParameters_GeneratesEntry#TelemetryGenerationAttribute.g.received.cs
    Verified: TelemetrySourceGeneratorLoggingGen2Tests.Generate_GivenMethodWithMultipleExceptionParameters_GeneratesEntry#TelemetryGenerationAttribute.g.verified.cs
  - Received: TelemetrySourceGeneratorLoggingGen2Tests.Generate_GivenMethodWithMultipleExceptionParameters_GeneratesEntry#Testing.TestLoggerCore.Logging.g.received.cs
    Verified: TelemetrySourceGeneratorLoggingGen2Tests.Generate_GivenMethodWithMultipleExceptionParameters_GeneratesEntry#Testing.TestLoggerCore.Logging.g.verified.cs
  - Received: TelemetrySourceGeneratorLoggingGen2Tests.Generate_GivenMethodWithMultipleExceptionParameters_GeneratesEntry#TraceAttribute.g.received.cs
    Verified: TelemetrySourceGeneratorLoggingGen2Tests.Generate_GivenMethodWithMultipleExceptionParameters_GeneratesEntry#TraceAttribute.g.verified.cs
  - Received: TelemetrySourceGeneratorLoggingGen2Tests.Generate_GivenMethodWithMultipleExceptionParameters_GeneratesEntry#UpDownCounterAttribute.g.received.cs
    Verified: TelemetrySourceGeneratorLoggingGen2Tests.Generate_GivenMethodWithMultipleExceptionParameters_GeneratesEntry#UpDownCounterAttribute.g.verified.cs
  - Received: TelemetrySourceGeneratorLoggingGen2Tests.Generate_GivenMethodWithMultipleExceptionParameters_GeneratesEntry#WarningAttribute.g.received.cs
    Verified: TelemetrySourceGeneratorLoggingGen2Tests.Generate_GivenMethodWithMultipleExceptionParameters_GeneratesEntry#WarningAttribute.g.verified.cs

  from P:\GitHub\kjldev\purview-telemetry-sourcegenerator\src\Purview.Telemetry.SourceGenerator.IntegrationTests\bin\Release\net10.0\Purview.Telemetry.SourceGenerator.IntegrationTests.dll (net10.0|x64)
  TUnit.Engine.Exceptions.TestFailedException: [Test Failure] VerifyException: Directory: P:\GitHub\kjldev\purview-telemetry-sourcegenerator\src\Purview.Telemetry.SourceGenerator.IntegrationTests\Snapshots
  Delete:
    - TelemetrySourceGeneratorLoggingGen2Tests.Generate_GivenMethodWithMultipleExceptionParameters_GeneratesEntry.verified.txt
  Equal:
    - Received: TelemetrySourceGeneratorLoggingGen2Tests.Generate_GivenMethodWithMultipleExceptionParameters_GeneratesEntry#ActivityAttribute.g.received.cs
      Verified: TelemetrySourceGeneratorLoggingGen2Tests.Generate_GivenMethodWithMultipleExceptionParameters_GeneratesEntry#ActivityAttribute.g.verified.cs
    - Received: TelemetrySourceGeneratorLoggingGen2Tests.Generate_GivenMethodWithMultipleExceptionParameters_GeneratesEntry#ActivitySourceAttribute.g.received.cs
      Verified: TelemetrySourceGeneratorLoggingGen2Tests.Generate_GivenMethodWithMultipleExceptionParameters_GeneratesEntry#ActivitySourceAttribute.g.verified.cs
    - Received: TelemetrySourceGeneratorLoggingGen2Tests.Generate_GivenMethodWithMultipleExceptionParameters_GeneratesEntry#ActivitySourceGenerationAttribute.g.received.cs
      Verified: TelemetrySourceGeneratorLoggingGen2Tests.Generate_GivenMethodWithMultipleExceptionParameters_GeneratesEntry#ActivitySourceGenerationAttribute.g.verified.cs
    - Received: TelemetrySourceGeneratorLoggingGen2Tests.Generate_GivenMethodWithMultipleExceptionParameters_GeneratesEntry#AutoCounterAttribute.g.received.cs
      Verified: TelemetrySourceGeneratorLoggingGen2Tests.Generate_GivenMethodWithMultipleExceptionParameters_GeneratesEntry#AutoCounterAttribute.g.verified.cs
    - Received: TelemetrySourceGeneratorLoggingGen2Tests.Generate_GivenMethodWithMultipleExceptionParameters_GeneratesEntry#BaggageAttribute.g.received.cs
      Verified: TelemetrySourceGeneratorLoggingGen2Tests.Generate_GivenMethodWithMultipleExceptionParameters_GeneratesEntry#BaggageAttribute.g.verified.cs
    - Received: TelemetrySourceGeneratorLoggingGen2Tests.Generate_GivenMethodWithMultipleExceptionParameters_GeneratesEntry#ContextAttribute.g.received.cs
      Verified: TelemetrySourceGeneratorLoggingGen2Tests.Generate_GivenMethodWithMultipleExceptionParameters_GeneratesEntry#ContextAttribute.g.verified.cs
    - Received: TelemetrySourceGeneratorLoggingGen2Tests.Generate_GivenMethodWithMultipleExceptionParameters_GeneratesEntry#CounterAttribute.g.received.cs
      Verified: TelemetrySourceGeneratorLoggingGen2Tests.Generate_GivenMethodWithMultipleExceptionParameters_GeneratesEntry#CounterAttribute.g.verified.cs
    - Received: TelemetrySourceGeneratorLoggingGen2Tests.Generate_GivenMethodWithMultipleExceptionParameters_GeneratesEntry#CriticalAttribute.g.received.cs
      Verified: TelemetrySourceGeneratorLoggingGen2Tests.Generate_GivenMethodWithMultipleExceptionParameters_GeneratesEntry#CriticalAttribute.g.verified.cs
    - Received: TelemetrySourceGeneratorLoggingGen2Tests.Generate_GivenMethodWithMultipleExceptionParameters_GeneratesEntry#DebugAttribute.g.received.cs
      Verified: TelemetrySourceGeneratorLoggingGen2Tests.Generate_GivenMethodWithMultipleExceptionParameters_GeneratesEntry#DebugAttribute.g.verified.cs
    - Received: TelemetrySourceGeneratorLoggingGen2Tests.Generate_GivenMethodWithMultipleExceptionParameters_GeneratesEntry#ErrorAttribute.g.received.cs
      Verified: TelemetrySourceGeneratorLoggingGen2Tests.Generate_GivenMethodWithMultipleExceptionParameters_GeneratesEntry#ErrorAttribute.g.verified.cs
    - Received: TelemetrySourceGeneratorLoggingGen2Tests.Generate_GivenMethodWithMultipleExceptionParameters_GeneratesEntry#EscapeAttribute.g.received.cs
      Verified: TelemetrySourceGeneratorLoggingGen2Tests.Generate_GivenMethodWithMultipleExceptionParameters_GeneratesEntry#EscapeAttribute.g.verified.cs
    - Received: TelemetrySourceGeneratorLoggingGen2Tests.Generate_GivenMethodWithMultipleExceptionParameters_GeneratesEntry#EventAttribute.g.received.cs
      Verified: TelemetrySourceGeneratorLoggingGen2Tests.Generate_GivenMethodWithMultipleExceptionParameters_GeneratesEntry#EventAttribute.g.verified.cs
    - Received: TelemetrySourceGeneratorLoggingGen2Tests.Generate_GivenMethodWithMultipleExceptionParameters_GeneratesEntry#ExcludeAttribute.g.received.cs
      Verified: TelemetrySourceGeneratorLoggingGen2Tests.Generate_GivenMethodWithMultipleExceptionParameters_GeneratesEntry#ExcludeAttribute.g.verified.cs
    - Received: TelemetrySourceGeneratorLoggingGen2Tests.Generate_GivenMethodWithMultipleExceptionParameters_GeneratesEntry#ExcludeTargetsAttribute.g.received.cs
      Verified: TelemetrySourceGeneratorLoggingGen2Tests.Generate_GivenMethodWithMultipleExceptionParameters_GeneratesEntry#ExcludeTargetsAttribute.g.verified.cs
    - Received: TelemetrySourceGeneratorLoggingGen2Tests.Generate_GivenMethodWithMultipleExceptionParameters_GeneratesEntry#ExpandEnumerableAttribute.g.received.cs
      Verified: TelemetrySourceGeneratorLoggingGen2Tests.Generate_GivenMethodWithMultipleExceptionParameters_GeneratesEntry#ExpandEnumerableAttribute.g.verified.cs
    - Received: TelemetrySourceGeneratorLoggingGen2Tests.Generate_GivenMethodWithMultipleExceptionParameters_GeneratesEntry#HistogramAttribute.g.received.cs
      Verified: TelemetrySourceGeneratorLoggingGen2Tests.Generate_GivenMethodWithMultipleExceptionParameters_GeneratesEntry#HistogramAttribute.g.verified.cs
    - Received: TelemetrySourceGeneratorLoggingGen2Tests.Generate_GivenMethodWithMultipleExceptionParameters_GeneratesEntry#InfoAttribute.g.received.cs
      Verified: TelemetrySourceGeneratorLoggingGen2Tests.Generate_GivenMethodWithMultipleExceptionParameters_GeneratesEntry#InfoAttribute.g.verified.cs
    - Received: TelemetrySourceGeneratorLoggingGen2Tests.Generate_GivenMethodWithMultipleExceptionParameters_GeneratesEntry#InstrumentMeasurementAttribute.g.received.cs
      Verified: TelemetrySourceGeneratorLoggingGen2Tests.Generate_GivenMethodWithMultipleExceptionParameters_GeneratesEntry#InstrumentMeasurementAttribute.g.verified.cs
    - Received: TelemetrySourceGeneratorLoggingGen2Tests.Generate_GivenMethodWithMultipleExceptionParameters_GeneratesEntry#LogAttribute.g.received.cs
      Verified: TelemetrySourceGeneratorLoggingGen2Tests.Generate_GivenMethodWithMultipleExceptionParameters_GeneratesEntry#LogAttribute.g.verified.cs
    - Received: TelemetrySourceGeneratorLoggingGen2Tests.Generate_GivenMethodWithMultipleExceptionParameters_GeneratesEntry#LoggerAttribute.g.received.cs
      Verified: TelemetrySourceGeneratorLoggingGen2Tests.Generate_GivenMethodWithMultipleExceptionParameters_GeneratesEntry#LoggerAttribute.g.verified.cs
    - Received: TelemetrySourceGeneratorLoggingGen2Tests.Generate_GivenMethodWithMultipleExceptionParameters_GeneratesEntry#LoggerGenerationAttribute.g.received.cs
      Verified: TelemetrySourceGeneratorLoggingGen2Tests.Generate_GivenMethodWithMultipleExceptionParameters_GeneratesEntry#LoggerGenerationAttribute.g.verified.cs
    - Received: TelemetrySourceGeneratorLoggingGen2Tests.Generate_GivenMethodWithMultipleExceptionParameters_GeneratesEntry#LoggerGenerationMode.g.received.cs
      Verified: TelemetrySourceGeneratorLoggingGen2Tests.Generate_GivenMethodWithMultipleExceptionParameters_GeneratesEntry#LoggerGenerationMode.g.verified.cs
    - Received: TelemetrySourceGeneratorLoggingGen2Tests.Generate_GivenMethodWithMultipleExceptionParameters_GeneratesEntry#LogPrefixType.g.received.cs
      Verified: TelemetrySourceGeneratorLoggingGen2Tests.Generate_GivenMethodWithMultipleExceptionParameters_GeneratesEntry#LogPrefixType.g.verified.cs
    - Received: TelemetrySourceGeneratorLoggingGen2Tests.Generate_GivenMethodWithMultipleExceptionParameters_GeneratesEntry#MeterAttribute.g.received.cs
      Verified: TelemetrySourceGeneratorLoggingGen2Tests.Generate_GivenMethodWithMultipleExceptionParameters_GeneratesEntry#MeterAttribute.g.verified.cs
    - Received: TelemetrySourceGeneratorLoggingGen2Tests.Generate_GivenMethodWithMultipleExceptionParameters_GeneratesEntry#MeterGenerationAttribute.g.received.cs
      Verified: TelemetrySourceGeneratorLoggingGen2Tests.Generate_GivenMethodWithMultipleExceptionParameters_GeneratesEntry#MeterGenerationAttribute.g.verified.cs
    - Received: TelemetrySourceGeneratorLoggingGen2Tests.Generate_GivenMethodWithMultipleExceptionParameters_GeneratesEntry#MeterNameGenerationType.g.received.cs
      Verified: TelemetrySourceGeneratorLoggingGen2Tests.Generate_GivenMethodWithMultipleExceptionParameters_GeneratesEntry#MeterNameGenerationType.g.verified.cs
    - Received: TelemetrySourceGeneratorLoggingGen2Tests.Generate_GivenMethodWithMultipleExceptionParameters_GeneratesEntry#NamingConvention.g.received.cs
      Verified: TelemetrySourceGeneratorLoggingGen2Tests.Generate_GivenMethodWithMultipleExceptionParameters_GeneratesEntry#NamingConvention.g.verified.cs
    - Received: TelemetrySourceGeneratorLoggingGen2Tests.Generate_GivenMethodWithMultipleExceptionParameters_GeneratesEntry#ObservableCounterAttribute.g.received.cs
      Verified: TelemetrySourceGeneratorLoggingGen2Tests.Generate_GivenMethodWithMultipleExceptionParameters_GeneratesEntry#ObservableCounterAttribute.g.verified.cs
    - Received: TelemetrySourceGeneratorLoggingGen2Tests.Generate_GivenMethodWithMultipleExceptionParameters_GeneratesEntry#ObservableGaugeAttribute.g.received.cs
      Verified: TelemetrySourceGeneratorLoggingGen2Tests.Generate_GivenMethodWithMultipleExceptionParameters_GeneratesEntry#ObservableGaugeAttribute.g.verified.cs
    - Received: TelemetrySourceGeneratorLoggingGen2Tests.Generate_GivenMethodWithMultipleExceptionParameters_GeneratesEntry#ObservableUpDownCounterAttribute.g.received.cs
      Verified: TelemetrySourceGeneratorLoggingGen2Tests.Generate_GivenMethodWithMultipleExceptionParameters_GeneratesEntry#ObservableUpDownCounterAttribute.g.verified.cs
    - Received: TelemetrySourceGeneratorLoggingGen2Tests.Generate_GivenMethodWithMultipleExceptionParameters_GeneratesEntry#StatusDescriptionAttribute.g.received.cs
      Verified: TelemetrySourceGeneratorLoggingGen2Tests.Generate_GivenMethodWithMultipleExceptionParameters_GeneratesEntry#StatusDescriptionAttribute.g.verified.cs
    - Received: TelemetrySourceGeneratorLoggingGen2Tests.Generate_GivenMethodWithMultipleExceptionParameters_GeneratesEntry#TagAttribute.g.received.cs
      Verified: TelemetrySourceGeneratorLoggingGen2Tests.Generate_GivenMethodWithMultipleExceptionParameters_GeneratesEntry#TagAttribute.g.verified.cs
    - Received: TelemetrySourceGeneratorLoggingGen2Tests.Generate_GivenMethodWithMultipleExceptionParameters_GeneratesEntry#Targets.g.received.cs
      Verified: TelemetrySourceGeneratorLoggingGen2Tests.Generate_GivenMethodWithMultipleExceptionParameters_GeneratesEntry#Targets.g.verified.cs
    - Received: TelemetrySourceGeneratorLoggingGen2Tests.Generate_GivenMethodWithMultipleExceptionParameters_GeneratesEntry#TelemetryGenerationAttribute.g.received.cs
      Verified: TelemetrySourceGeneratorLoggingGen2Tests.Generate_GivenMethodWithMultipleExceptionParameters_GeneratesEntry#TelemetryGenerationAttribute.g.verified.cs
    - Received: TelemetrySourceGeneratorLoggingGen2Tests.Generate_GivenMethodWithMultipleExceptionParameters_GeneratesEntry#Testing.TestLoggerCore.Logging.g.received.cs
      Verified: TelemetrySourceGeneratorLoggingGen2Tests.Generate_GivenMethodWithMultipleExceptionParameters_GeneratesEntry#Testing.TestLoggerCore.Logging.g.verified.cs
    - Received: TelemetrySourceGeneratorLoggingGen2Tests.Generate_GivenMethodWithMultipleExceptionParameters_GeneratesEntry#TraceAttribute.g.received.cs
      Verified: TelemetrySourceGeneratorLoggingGen2Tests.Generate_GivenMethodWithMultipleExceptionParameters_GeneratesEntry#TraceAttribute.g.verified.cs
    - Received: TelemetrySourceGeneratorLoggingGen2Tests.Generate_GivenMethodWithMultipleExceptionParameters_GeneratesEntry#UpDownCounterAttribute.g.received.cs
      Verified: TelemetrySourceGeneratorLoggingGen2Tests.Generate_GivenMethodWithMultipleExceptionParameters_GeneratesEntry#UpDownCounterAttribute.g.verified.cs
    - Received: TelemetrySourceGeneratorLoggingGen2Tests.Generate_GivenMethodWithMultipleExceptionParameters_GeneratesEntry#WarningAttribute.g.received.cs
      Verified: TelemetrySourceGeneratorLoggingGen2Tests.Generate_GivenMethodWithMultipleExceptionParameters_GeneratesEntry#WarningAttribute.g.verified.cs
  
  Standard output
    DBG: --- Adding templates.
    DBG: Adding ActivitySourceGenerationAttribute as ActivitySourceGenerationAttribute.g.cs.
    DBG: Adding ActivitySourceAttribute as ActivitySourceAttribute.g.cs.
    DBG: Adding ActivityAttribute as ActivityAttribute.g.cs.
    DBG: Adding EventAttribute as EventAttribute.g.cs.
    DBG: Adding ContextAttribute as ContextAttribute.g.cs.
    DBG: Adding BaggageAttribute as BaggageAttribute.g.cs.
    DBG: Adding EscapeAttribute as EscapeAttribute.g.cs.
    DBG: Adding StatusDescriptionAttribute as StatusDescriptionAttribute.g.cs.
    DBG: Adding LoggerGenerationAttribute as LoggerGenerationAttribute.g.cs.
    DBG: Adding LoggerAttribute as LoggerAttribute.g.cs.
    DBG: Adding LogAttribute as LogAttribute.g.cs.
    DBG: Adding LogPrefixType as LogPrefixType.g.cs.
    DBG: Adding LoggerGenerationMode as LoggerGenerationMode.g.cs.
    DBG: Adding ExpandEnumerableAttribute as ExpandEnumerableAttribute.g.cs.
    DBG: Adding TraceAttribute as TraceAttribute.g.cs.
    DBG: Adding DebugAttribute as DebugAttribute.g.cs.
    DBG: Adding InfoAttribute as InfoAttribute.g.cs.
    DBG: Adding WarningAttribute as WarningAttribute.g.cs.
    DBG: Adding ErrorAttribute as ErrorAttribute.g.cs.
    DBG: Adding CriticalAttribute as CriticalAttribute.g.cs.
    DBG: Adding MeterGenerationAttribute as MeterGenerationAttribute.g.cs.
    DBG: Adding MeterAttribute as MeterAttribute.g.cs.
    DBG: Adding MeterNameGenerationType as MeterNameGenerationType.g.cs.
    DBG: Adding InstrumentMeasurementAttribute as InstrumentMeasurementAttribute.g.cs.
    DBG: Adding AutoCounterAttribute as AutoCounterAttribute.g.cs.
    DBG: Adding CounterAttribute as CounterAttribute.g.cs.
    DBG: Adding UpDownCounterAttribute as UpDownCounterAttribute.g.cs.
    DBG: Adding HistogramAttribute as HistogramAttribute.g.cs.
    DBG: Adding ObservableCounterAttribute as ObservableCounterAttribute.g.cs.
    DBG: Adding ObservableGaugeAttribute as ObservableGaugeAttribute.g.cs.
    DBG: Adding ObservableUpDownCounterAttribute as ObservableUpDownCounterAttribute.g.cs.
    DBG: Adding TagAttribute as TagAttribute.g.cs.
    DBG: Adding ExcludeAttribute as ExcludeAttribute.g.cs.
    DBG: Adding TelemetryGenerationAttribute as TelemetryGenerationAttribute.g.cs.
    DBG: Adding Targets as Targets.g.cs.
    DBG: Adding NamingConvention as NamingConvention.g.cs.
    DBG: Adding ExcludeTargetsAttribute as ExcludeTargetsAttribute.g.cs.
    DBG: --- Finished adding templates.
    DBG: Found attribute: Purview.Telemetry.LoggerAttribute
    DBG: Found attribute: Purview.Telemetry.TelemetryGenerationAttribute(GenerateDependencyExtension = false)
    DBG: Found method ITestLogger.LogEntryWithMoreThanSixParams.
    DBG: Found 11 parameter(s) for LogEntryWithMoreThanSixParams.
    DBG: Logger generation target: Testing.TestLoggerCore
    DBG: Generating MS Gen-based logging class for: Testing.TestLoggerCore
    DIA: Method has multiple exception parameters, only a single one is permitted.
    DBG: Building logging method: LogEntryWithMoreThanSixParams
    DBG: Skipping dependency injection emit.
    
  Error output
failed Generate_GivenInterfaceWithoutExplicitLogLevelAndAnExceptionParameter_GenerateLogger (4s 566ms)
  [Test Failure] VerifyException: Directory: P:\GitHub\kjldev\purview-telemetry-sourcegenerator\src\Purview.Telemetry.SourceGenerator.IntegrationTests\Snapshots
Delete:
  - TelemetrySourceGeneratorLoggingTests.Generate_GivenInterfaceWithoutExplicitLogLevelAndAnExceptionParameter_GenerateLogger.verified.txt
Equal:
  - Received: TelemetrySourceGeneratorLoggingTests.Generate_GivenInterfaceWithoutExplicitLogLevelAndAnExceptionParameter_GenerateLogger#ActivityAttribute.g.received.cs
    Verified: TelemetrySourceGeneratorLoggingTests.Generate_GivenInterfaceWithoutExplicitLogLevelAndAnExceptionParameter_GenerateLogger#ActivityAttribute.g.verified.cs
  - Received: TelemetrySourceGeneratorLoggingTests.Generate_GivenInterfaceWithoutExplicitLogLevelAndAnExceptionParameter_GenerateLogger#ActivitySourceAttribute.g.received.cs
    Verified: TelemetrySourceGeneratorLoggingTests.Generate_GivenInterfaceWithoutExplicitLogLevelAndAnExceptionParameter_GenerateLogger#ActivitySourceAttribute.g.verified.cs
  - Received: TelemetrySourceGeneratorLoggingTests.Generate_GivenInterfaceWithoutExplicitLogLevelAndAnExceptionParameter_GenerateLogger#ActivitySourceGenerationAttribute.g.received.cs
    Verified: TelemetrySourceGeneratorLoggingTests.Generate_GivenInterfaceWithoutExplicitLogLevelAndAnExceptionParameter_GenerateLogger#ActivitySourceGenerationAttribute.g.verified.cs
  - Received: TelemetrySourceGeneratorLoggingTests.Generate_GivenInterfaceWithoutExplicitLogLevelAndAnExceptionParameter_GenerateLogger#AutoCounterAttribute.g.received.cs
    Verified: TelemetrySourceGeneratorLoggingTests.Generate_GivenInterfaceWithoutExplicitLogLevelAndAnExceptionParameter_GenerateLogger#AutoCounterAttribute.g.verified.cs
  - Received: TelemetrySourceGeneratorLoggingTests.Generate_GivenInterfaceWithoutExplicitLogLevelAndAnExceptionParameter_GenerateLogger#BaggageAttribute.g.received.cs
    Verified: TelemetrySourceGeneratorLoggingTests.Generate_GivenInterfaceWithoutExplicitLogLevelAndAnExceptionParameter_GenerateLogger#BaggageAttribute.g.verified.cs
  - Received: TelemetrySourceGeneratorLoggingTests.Generate_GivenInterfaceWithoutExplicitLogLevelAndAnExceptionParameter_GenerateLogger#ContextAttribute.g.received.cs
    Verified: TelemetrySourceGeneratorLoggingTests.Generate_GivenInterfaceWithoutExplicitLogLevelAndAnExceptionParameter_GenerateLogger#ContextAttribute.g.verified.cs
  - Received: TelemetrySourceGeneratorLoggingTests.Generate_GivenInterfaceWithoutExplicitLogLevelAndAnExceptionParameter_GenerateLogger#CounterAttribute.g.received.cs
    Verified: TelemetrySourceGeneratorLoggingTests.Generate_GivenInterfaceWithoutExplicitLogLevelAndAnExceptionParameter_GenerateLogger#CounterAttribute.g.verified.cs
  - Received: TelemetrySourceGeneratorLoggingTests.Generate_GivenInterfaceWithoutExplicitLogLevelAndAnExceptionParameter_GenerateLogger#CriticalAttribute.g.received.cs
    Verified: TelemetrySourceGeneratorLoggingTests.Generate_GivenInterfaceWithoutExplicitLogLevelAndAnExceptionParameter_GenerateLogger#CriticalAttribute.g.verified.cs
  - Received: TelemetrySourceGeneratorLoggingTests.Generate_GivenInterfaceWithoutExplicitLogLevelAndAnExceptionParameter_GenerateLogger#DebugAttribute.g.received.cs
    Verified: TelemetrySourceGeneratorLoggingTests.Generate_GivenInterfaceWithoutExplicitLogLevelAndAnExceptionParameter_GenerateLogger#DebugAttribute.g.verified.cs
  - Received: TelemetrySourceGeneratorLoggingTests.Generate_GivenInterfaceWithoutExplicitLogLevelAndAnExceptionParameter_GenerateLogger#ErrorAttribute.g.received.cs
    Verified: TelemetrySourceGeneratorLoggingTests.Generate_GivenInterfaceWithoutExplicitLogLevelAndAnExceptionParameter_GenerateLogger#ErrorAttribute.g.verified.cs
  - Received: TelemetrySourceGeneratorLoggingTests.Generate_GivenInterfaceWithoutExplicitLogLevelAndAnExceptionParameter_GenerateLogger#EscapeAttribute.g.received.cs
    Verified: TelemetrySourceGeneratorLoggingTests.Generate_GivenInterfaceWithoutExplicitLogLevelAndAnExceptionParameter_GenerateLogger#EscapeAttribute.g.verified.cs
  - Received: TelemetrySourceGeneratorLoggingTests.Generate_GivenInterfaceWithoutExplicitLogLevelAndAnExceptionParameter_GenerateLogger#EventAttribute.g.received.cs
    Verified: TelemetrySourceGeneratorLoggingTests.Generate_GivenInterfaceWithoutExplicitLogLevelAndAnExceptionParameter_GenerateLogger#EventAttribute.g.verified.cs
  - Received: TelemetrySourceGeneratorLoggingTests.Generate_GivenInterfaceWithoutExplicitLogLevelAndAnExceptionParameter_GenerateLogger#ExcludeAttribute.g.received.cs
    Verified: TelemetrySourceGeneratorLoggingTests.Generate_GivenInterfaceWithoutExplicitLogLevelAndAnExceptionParameter_GenerateLogger#ExcludeAttribute.g.verified.cs
  - Received: TelemetrySourceGeneratorLoggingTests.Generate_GivenInterfaceWithoutExplicitLogLevelAndAnExceptionParameter_GenerateLogger#ExcludeTargetsAttribute.g.received.cs
    Verified: TelemetrySourceGeneratorLoggingTests.Generate_GivenInterfaceWithoutExplicitLogLevelAndAnExceptionParameter_GenerateLogger#ExcludeTargetsAttribute.g.verified.cs
  - Received: TelemetrySourceGeneratorLoggingTests.Generate_GivenInterfaceWithoutExplicitLogLevelAndAnExceptionParameter_GenerateLogger#ExpandEnumerableAttribute.g.received.cs
    Verified: TelemetrySourceGeneratorLoggingTests.Generate_GivenInterfaceWithoutExplicitLogLevelAndAnExceptionParameter_GenerateLogger#ExpandEnumerableAttribute.g.verified.cs
  - Received: TelemetrySourceGeneratorLoggingTests.Generate_GivenInterfaceWithoutExplicitLogLevelAndAnExceptionParameter_GenerateLogger#HistogramAttribute.g.received.cs
    Verified: TelemetrySourceGeneratorLoggingTests.Generate_GivenInterfaceWithoutExplicitLogLevelAndAnExceptionParameter_GenerateLogger#HistogramAttribute.g.verified.cs
  - Received: TelemetrySourceGeneratorLoggingTests.Generate_GivenInterfaceWithoutExplicitLogLevelAndAnExceptionParameter_GenerateLogger#InfoAttribute.g.received.cs
    Verified: TelemetrySourceGeneratorLoggingTests.Generate_GivenInterfaceWithoutExplicitLogLevelAndAnExceptionParameter_GenerateLogger#InfoAttribute.g.verified.cs
  - Received: TelemetrySourceGeneratorLoggingTests.Generate_GivenInterfaceWithoutExplicitLogLevelAndAnExceptionParameter_GenerateLogger#InstrumentMeasurementAttribute.g.received.cs
    Verified: TelemetrySourceGeneratorLoggingTests.Generate_GivenInterfaceWithoutExplicitLogLevelAndAnExceptionParameter_GenerateLogger#InstrumentMeasurementAttribute.g.verified.cs
  - Received: TelemetrySourceGeneratorLoggingTests.Generate_GivenInterfaceWithoutExplicitLogLevelAndAnExceptionParameter_GenerateLogger#LogAttribute.g.received.cs
    Verified: TelemetrySourceGeneratorLoggingTests.Generate_GivenInterfaceWithoutExplicitLogLevelAndAnExceptionParameter_GenerateLogger#LogAttribute.g.verified.cs
  - Received: TelemetrySourceGeneratorLoggingTests.Generate_GivenInterfaceWithoutExplicitLogLevelAndAnExceptionParameter_GenerateLogger#LoggerAttribute.g.received.cs
    Verified: TelemetrySourceGeneratorLoggingTests.Generate_GivenInterfaceWithoutExplicitLogLevelAndAnExceptionParameter_GenerateLogger#LoggerAttribute.g.verified.cs
  - Received: TelemetrySourceGeneratorLoggingTests.Generate_GivenInterfaceWithoutExplicitLogLevelAndAnExceptionParameter_GenerateLogger#LoggerGenerationAttribute.g.received.cs
    Verified: TelemetrySourceGeneratorLoggingTests.Generate_GivenInterfaceWithoutExplicitLogLevelAndAnExceptionParameter_GenerateLogger#LoggerGenerationAttribute.g.verified.cs
  - Received: TelemetrySourceGeneratorLoggingTests.Generate_GivenInterfaceWithoutExplicitLogLevelAndAnExceptionParameter_GenerateLogger#LoggerGenerationMode.g.received.cs
    Verified: TelemetrySourceGeneratorLoggingTests.Generate_GivenInterfaceWithoutExplicitLogLevelAndAnExceptionParameter_GenerateLogger#LoggerGenerationMode.g.verified.cs
  - Received: TelemetrySourceGeneratorLoggingTests.Generate_GivenInterfaceWithoutExplicitLogLevelAndAnExceptionParameter_GenerateLogger#LogPrefixType.g.received.cs
    Verified: TelemetrySourceGeneratorLoggingTests.Generate_GivenInterfaceWithoutExplicitLogLevelAndAnExceptionParameter_GenerateLogger#LogPrefixType.g.verified.cs
  - Received: TelemetrySourceGeneratorLoggingTests.Generate_GivenInterfaceWithoutExplicitLogLevelAndAnExceptionParameter_GenerateLogger#MeterAttribute.g.received.cs
    Verified: TelemetrySourceGeneratorLoggingTests.Generate_GivenInterfaceWithoutExplicitLogLevelAndAnExceptionParameter_GenerateLogger#MeterAttribute.g.verified.cs
  - Received: TelemetrySourceGeneratorLoggingTests.Generate_GivenInterfaceWithoutExplicitLogLevelAndAnExceptionParameter_GenerateLogger#MeterGenerationAttribute.g.received.cs
    Verified: TelemetrySourceGeneratorLoggingTests.Generate_GivenInterfaceWithoutExplicitLogLevelAndAnExceptionParameter_GenerateLogger#MeterGenerationAttribute.g.verified.cs
  - Received: TelemetrySourceGeneratorLoggingTests.Generate_GivenInterfaceWithoutExplicitLogLevelAndAnExceptionParameter_GenerateLogger#MeterNameGenerationType.g.received.cs
    Verified: TelemetrySourceGeneratorLoggingTests.Generate_GivenInterfaceWithoutExplicitLogLevelAndAnExceptionParameter_GenerateLogger#MeterNameGenerationType.g.verified.cs
  - Received: TelemetrySourceGeneratorLoggingTests.Generate_GivenInterfaceWithoutExplicitLogLevelAndAnExceptionParameter_GenerateLogger#NamingConvention.g.received.cs
    Verified: TelemetrySourceGeneratorLoggingTests.Generate_GivenInterfaceWithoutExplicitLogLevelAndAnExceptionParameter_GenerateLogger#NamingConvention.g.verified.cs
  - Received: TelemetrySourceGeneratorLoggingTests.Generate_GivenInterfaceWithoutExplicitLogLevelAndAnExceptionParameter_GenerateLogger#ObservableCounterAttribute.g.received.cs
    Verified: TelemetrySourceGeneratorLoggingTests.Generate_GivenInterfaceWithoutExplicitLogLevelAndAnExceptionParameter_GenerateLogger#ObservableCounterAttribute.g.verified.cs
  - Received: TelemetrySourceGeneratorLoggingTests.Generate_GivenInterfaceWithoutExplicitLogLevelAndAnExceptionParameter_GenerateLogger#ObservableGaugeAttribute.g.received.cs
    Verified: TelemetrySourceGeneratorLoggingTests.Generate_GivenInterfaceWithoutExplicitLogLevelAndAnExceptionParameter_GenerateLogger#ObservableGaugeAttribute.g.verified.cs
  - Received: TelemetrySourceGeneratorLoggingTests.Generate_GivenInterfaceWithoutExplicitLogLevelAndAnExceptionParameter_GenerateLogger#ObservableUpDownCounterAttribute.g.received.cs
    Verified: TelemetrySourceGeneratorLoggingTests.Generate_GivenInterfaceWithoutExplicitLogLevelAndAnExceptionParameter_GenerateLogger#ObservableUpDownCounterAttribute.g.verified.cs
  - Received: TelemetrySourceGeneratorLoggingTests.Generate_GivenInterfaceWithoutExplicitLogLevelAndAnExceptionParameter_GenerateLogger#StatusDescriptionAttribute.g.received.cs
    Verified: TelemetrySourceGeneratorLoggingTests.Generate_GivenInterfaceWithoutExplicitLogLevelAndAnExceptionParameter_GenerateLogger#StatusDescriptionAttribute.g.verified.cs
  - Received: TelemetrySourceGeneratorLoggingTests.Generate_GivenInterfaceWithoutExplicitLogLevelAndAnExceptionParameter_GenerateLogger#TagAttribute.g.received.cs
    Verified: TelemetrySourceGeneratorLoggingTests.Generate_GivenInterfaceWithoutExplicitLogLevelAndAnExceptionParameter_GenerateLogger#TagAttribute.g.verified.cs
  - Received: TelemetrySourceGeneratorLoggingTests.Generate_GivenInterfaceWithoutExplicitLogLevelAndAnExceptionParameter_GenerateLogger#Targets.g.received.cs
    Verified: TelemetrySourceGeneratorLoggingTests.Generate_GivenInterfaceWithoutExplicitLogLevelAndAnExceptionParameter_GenerateLogger#Targets.g.verified.cs
  - Received: TelemetrySourceGeneratorLoggingTests.Generate_GivenInterfaceWithoutExplicitLogLevelAndAnExceptionParameter_GenerateLogger#TelemetryGenerationAttribute.g.received.cs
    Verified: TelemetrySourceGeneratorLoggingTests.Generate_GivenInterfaceWithoutExplicitLogLevelAndAnExceptionParameter_GenerateLogger#TelemetryGenerationAttribute.g.verified.cs
  - Received: TelemetrySourceGeneratorLoggingTests.Generate_GivenInterfaceWithoutExplicitLogLevelAndAnExceptionParameter_GenerateLogger#Testing.TestLoggerCore.Logging.g.received.cs
    Verified: TelemetrySourceGeneratorLoggingTests.Generate_GivenInterfaceWithoutExplicitLogLevelAndAnExceptionParameter_GenerateLogger#Testing.TestLoggerCore.Logging.g.verified.cs
  - Received: TelemetrySourceGeneratorLoggingTests.Generate_GivenInterfaceWithoutExplicitLogLevelAndAnExceptionParameter_GenerateLogger#TraceAttribute.g.received.cs
    Verified: TelemetrySourceGeneratorLoggingTests.Generate_GivenInterfaceWithoutExplicitLogLevelAndAnExceptionParameter_GenerateLogger#TraceAttribute.g.verified.cs
  - Received: TelemetrySourceGeneratorLoggingTests.Generate_GivenInterfaceWithoutExplicitLogLevelAndAnExceptionParameter_GenerateLogger#UpDownCounterAttribute.g.received.cs
    Verified: TelemetrySourceGeneratorLoggingTests.Generate_GivenInterfaceWithoutExplicitLogLevelAndAnExceptionParameter_GenerateLogger#UpDownCounterAttribute.g.verified.cs
  - Received: TelemetrySourceGeneratorLoggingTests.Generate_GivenInterfaceWithoutExplicitLogLevelAndAnExceptionParameter_GenerateLogger#WarningAttribute.g.received.cs
    Verified: TelemetrySourceGeneratorLoggingTests.Generate_GivenInterfaceWithoutExplicitLogLevelAndAnExceptionParameter_GenerateLogger#WarningAttribute.g.verified.cs

  from P:\GitHub\kjldev\purview-telemetry-sourcegenerator\src\Purview.Telemetry.SourceGenerator.IntegrationTests\bin\Release\net10.0\Purview.Telemetry.SourceGenerator.IntegrationTests.dll (net10.0|x64)
  TUnit.Engine.Exceptions.TestFailedException: [Test Failure] VerifyException: Directory: P:\GitHub\kjldev\purview-telemetry-sourcegenerator\src\Purview.Telemetry.SourceGenerator.IntegrationTests\Snapshots
  Delete:
    - TelemetrySourceGeneratorLoggingTests.Generate_GivenInterfaceWithoutExplicitLogLevelAndAnExceptionParameter_GenerateLogger.verified.txt
  Equal:
    - Received: TelemetrySourceGeneratorLoggingTests.Generate_GivenInterfaceWithoutExplicitLogLevelAndAnExceptionParameter_GenerateLogger#ActivityAttribute.g.received.cs
      Verified: TelemetrySourceGeneratorLoggingTests.Generate_GivenInterfaceWithoutExplicitLogLevelAndAnExceptionParameter_GenerateLogger#ActivityAttribute.g.verified.cs
    - Received: TelemetrySourceGeneratorLoggingTests.Generate_GivenInterfaceWithoutExplicitLogLevelAndAnExceptionParameter_GenerateLogger#ActivitySourceAttribute.g.received.cs
      Verified: TelemetrySourceGeneratorLoggingTests.Generate_GivenInterfaceWithoutExplicitLogLevelAndAnExceptionParameter_GenerateLogger#ActivitySourceAttribute.g.verified.cs
    - Received: TelemetrySourceGeneratorLoggingTests.Generate_GivenInterfaceWithoutExplicitLogLevelAndAnExceptionParameter_GenerateLogger#ActivitySourceGenerationAttribute.g.received.cs
      Verified: TelemetrySourceGeneratorLoggingTests.Generate_GivenInterfaceWithoutExplicitLogLevelAndAnExceptionParameter_GenerateLogger#ActivitySourceGenerationAttribute.g.verified.cs
    - Received: TelemetrySourceGeneratorLoggingTests.Generate_GivenInterfaceWithoutExplicitLogLevelAndAnExceptionParameter_GenerateLogger#AutoCounterAttribute.g.received.cs
      Verified: TelemetrySourceGeneratorLoggingTests.Generate_GivenInterfaceWithoutExplicitLogLevelAndAnExceptionParameter_GenerateLogger#AutoCounterAttribute.g.verified.cs
    - Received: TelemetrySourceGeneratorLoggingTests.Generate_GivenInterfaceWithoutExplicitLogLevelAndAnExceptionParameter_GenerateLogger#BaggageAttribute.g.received.cs
      Verified: TelemetrySourceGeneratorLoggingTests.Generate_GivenInterfaceWithoutExplicitLogLevelAndAnExceptionParameter_GenerateLogger#BaggageAttribute.g.verified.cs
    - Received: TelemetrySourceGeneratorLoggingTests.Generate_GivenInterfaceWithoutExplicitLogLevelAndAnExceptionParameter_GenerateLogger#ContextAttribute.g.received.cs
      Verified: TelemetrySourceGeneratorLoggingTests.Generate_GivenInterfaceWithoutExplicitLogLevelAndAnExceptionParameter_GenerateLogger#ContextAttribute.g.verified.cs
    - Received: TelemetrySourceGeneratorLoggingTests.Generate_GivenInterfaceWithoutExplicitLogLevelAndAnExceptionParameter_GenerateLogger#CounterAttribute.g.received.cs
      Verified: TelemetrySourceGeneratorLoggingTests.Generate_GivenInterfaceWithoutExplicitLogLevelAndAnExceptionParameter_GenerateLogger#CounterAttribute.g.verified.cs
    - Received: TelemetrySourceGeneratorLoggingTests.Generate_GivenInterfaceWithoutExplicitLogLevelAndAnExceptionParameter_GenerateLogger#CriticalAttribute.g.received.cs
      Verified: TelemetrySourceGeneratorLoggingTests.Generate_GivenInterfaceWithoutExplicitLogLevelAndAnExceptionParameter_GenerateLogger#CriticalAttribute.g.verified.cs
    - Received: TelemetrySourceGeneratorLoggingTests.Generate_GivenInterfaceWithoutExplicitLogLevelAndAnExceptionParameter_GenerateLogger#DebugAttribute.g.received.cs
      Verified: TelemetrySourceGeneratorLoggingTests.Generate_GivenInterfaceWithoutExplicitLogLevelAndAnExceptionParameter_GenerateLogger#DebugAttribute.g.verified.cs
    - Received: TelemetrySourceGeneratorLoggingTests.Generate_GivenInterfaceWithoutExplicitLogLevelAndAnExceptionParameter_GenerateLogger#ErrorAttribute.g.received.cs
      Verified: TelemetrySourceGeneratorLoggingTests.Generate_GivenInterfaceWithoutExplicitLogLevelAndAnExceptionParameter_GenerateLogger#ErrorAttribute.g.verified.cs
    - Received: TelemetrySourceGeneratorLoggingTests.Generate_GivenInterfaceWithoutExplicitLogLevelAndAnExceptionParameter_GenerateLogger#EscapeAttribute.g.received.cs
      Verified: TelemetrySourceGeneratorLoggingTests.Generate_GivenInterfaceWithoutExplicitLogLevelAndAnExceptionParameter_GenerateLogger#EscapeAttribute.g.verified.cs
    - Received: TelemetrySourceGeneratorLoggingTests.Generate_GivenInterfaceWithoutExplicitLogLevelAndAnExceptionParameter_GenerateLogger#EventAttribute.g.received.cs
      Verified: TelemetrySourceGeneratorLoggingTests.Generate_GivenInterfaceWithoutExplicitLogLevelAndAnExceptionParameter_GenerateLogger#EventAttribute.g.verified.cs
    - Received: TelemetrySourceGeneratorLoggingTests.Generate_GivenInterfaceWithoutExplicitLogLevelAndAnExceptionParameter_GenerateLogger#ExcludeAttribute.g.received.cs
      Verified: TelemetrySourceGeneratorLoggingTests.Generate_GivenInterfaceWithoutExplicitLogLevelAndAnExceptionParameter_GenerateLogger#ExcludeAttribute.g.verified.cs
    - Received: TelemetrySourceGeneratorLoggingTests.Generate_GivenInterfaceWithoutExplicitLogLevelAndAnExceptionParameter_GenerateLogger#ExcludeTargetsAttribute.g.received.cs
      Verified: TelemetrySourceGeneratorLoggingTests.Generate_GivenInterfaceWithoutExplicitLogLevelAndAnExceptionParameter_GenerateLogger#ExcludeTargetsAttribute.g.verified.cs
    - Received: TelemetrySourceGeneratorLoggingTests.Generate_GivenInterfaceWithoutExplicitLogLevelAndAnExceptionParameter_GenerateLogger#ExpandEnumerableAttribute.g.received.cs
      Verified: TelemetrySourceGeneratorLoggingTests.Generate_GivenInterfaceWithoutExplicitLogLevelAndAnExceptionParameter_GenerateLogger#ExpandEnumerableAttribute.g.verified.cs
    - Received: TelemetrySourceGeneratorLoggingTests.Generate_GivenInterfaceWithoutExplicitLogLevelAndAnExceptionParameter_GenerateLogger#HistogramAttribute.g.received.cs
      Verified: TelemetrySourceGeneratorLoggingTests.Generate_GivenInterfaceWithoutExplicitLogLevelAndAnExceptionParameter_GenerateLogger#HistogramAttribute.g.verified.cs
    - Received: TelemetrySourceGeneratorLoggingTests.Generate_GivenInterfaceWithoutExplicitLogLevelAndAnExceptionParameter_GenerateLogger#InfoAttribute.g.received.cs
      Verified: TelemetrySourceGeneratorLoggingTests.Generate_GivenInterfaceWithoutExplicitLogLevelAndAnExceptionParameter_GenerateLogger#InfoAttribute.g.verified.cs
    - Received: TelemetrySourceGeneratorLoggingTests.Generate_GivenInterfaceWithoutExplicitLogLevelAndAnExceptionParameter_GenerateLogger#InstrumentMeasurementAttribute.g.received.cs
      Verified: TelemetrySourceGeneratorLoggingTests.Generate_GivenInterfaceWithoutExplicitLogLevelAndAnExceptionParameter_GenerateLogger#InstrumentMeasurementAttribute.g.verified.cs
    - Received: TelemetrySourceGeneratorLoggingTests.Generate_GivenInterfaceWithoutExplicitLogLevelAndAnExceptionParameter_GenerateLogger#LogAttribute.g.received.cs
      Verified: TelemetrySourceGeneratorLoggingTests.Generate_GivenInterfaceWithoutExplicitLogLevelAndAnExceptionParameter_GenerateLogger#LogAttribute.g.verified.cs
    - Received: TelemetrySourceGeneratorLoggingTests.Generate_GivenInterfaceWithoutExplicitLogLevelAndAnExceptionParameter_GenerateLogger#LoggerAttribute.g.received.cs
      Verified: TelemetrySourceGeneratorLoggingTests.Generate_GivenInterfaceWithoutExplicitLogLevelAndAnExceptionParameter_GenerateLogger#LoggerAttribute.g.verified.cs
    - Received: TelemetrySourceGeneratorLoggingTests.Generate_GivenInterfaceWithoutExplicitLogLevelAndAnExceptionParameter_GenerateLogger#LoggerGenerationAttribute.g.received.cs
      Verified: TelemetrySourceGeneratorLoggingTests.Generate_GivenInterfaceWithoutExplicitLogLevelAndAnExceptionParameter_GenerateLogger#LoggerGenerationAttribute.g.verified.cs
    - Received: TelemetrySourceGeneratorLoggingTests.Generate_GivenInterfaceWithoutExplicitLogLevelAndAnExceptionParameter_GenerateLogger#LoggerGenerationMode.g.received.cs
      Verified: TelemetrySourceGeneratorLoggingTests.Generate_GivenInterfaceWithoutExplicitLogLevelAndAnExceptionParameter_GenerateLogger#LoggerGenerationMode.g.verified.cs
    - Received: TelemetrySourceGeneratorLoggingTests.Generate_GivenInterfaceWithoutExplicitLogLevelAndAnExceptionParameter_GenerateLogger#LogPrefixType.g.received.cs
      Verified: TelemetrySourceGeneratorLoggingTests.Generate_GivenInterfaceWithoutExplicitLogLevelAndAnExceptionParameter_GenerateLogger#LogPrefixType.g.verified.cs
    - Received: TelemetrySourceGeneratorLoggingTests.Generate_GivenInterfaceWithoutExplicitLogLevelAndAnExceptionParameter_GenerateLogger#MeterAttribute.g.received.cs
      Verified: TelemetrySourceGeneratorLoggingTests.Generate_GivenInterfaceWithoutExplicitLogLevelAndAnExceptionParameter_GenerateLogger#MeterAttribute.g.verified.cs
    - Received: TelemetrySourceGeneratorLoggingTests.Generate_GivenInterfaceWithoutExplicitLogLevelAndAnExceptionParameter_GenerateLogger#MeterGenerationAttribute.g.received.cs
      Verified: TelemetrySourceGeneratorLoggingTests.Generate_GivenInterfaceWithoutExplicitLogLevelAndAnExceptionParameter_GenerateLogger#MeterGenerationAttribute.g.verified.cs
    - Received: TelemetrySourceGeneratorLoggingTests.Generate_GivenInterfaceWithoutExplicitLogLevelAndAnExceptionParameter_GenerateLogger#MeterNameGenerationType.g.received.cs
      Verified: TelemetrySourceGeneratorLoggingTests.Generate_GivenInterfaceWithoutExplicitLogLevelAndAnExceptionParameter_GenerateLogger#MeterNameGenerationType.g.verified.cs
    - Received: TelemetrySourceGeneratorLoggingTests.Generate_GivenInterfaceWithoutExplicitLogLevelAndAnExceptionParameter_GenerateLogger#NamingConvention.g.received.cs
      Verified: TelemetrySourceGeneratorLoggingTests.Generate_GivenInterfaceWithoutExplicitLogLevelAndAnExceptionParameter_GenerateLogger#NamingConvention.g.verified.cs
    - Received: TelemetrySourceGeneratorLoggingTests.Generate_GivenInterfaceWithoutExplicitLogLevelAndAnExceptionParameter_GenerateLogger#ObservableCounterAttribute.g.received.cs
      Verified: TelemetrySourceGeneratorLoggingTests.Generate_GivenInterfaceWithoutExplicitLogLevelAndAnExceptionParameter_GenerateLogger#ObservableCounterAttribute.g.verified.cs
    - Received: TelemetrySourceGeneratorLoggingTests.Generate_GivenInterfaceWithoutExplicitLogLevelAndAnExceptionParameter_GenerateLogger#ObservableGaugeAttribute.g.received.cs
      Verified: TelemetrySourceGeneratorLoggingTests.Generate_GivenInterfaceWithoutExplicitLogLevelAndAnExceptionParameter_GenerateLogger#ObservableGaugeAttribute.g.verified.cs
    - Received: TelemetrySourceGeneratorLoggingTests.Generate_GivenInterfaceWithoutExplicitLogLevelAndAnExceptionParameter_GenerateLogger#ObservableUpDownCounterAttribute.g.received.cs
      Verified: TelemetrySourceGeneratorLoggingTests.Generate_GivenInterfaceWithoutExplicitLogLevelAndAnExceptionParameter_GenerateLogger#ObservableUpDownCounterAttribute.g.verified.cs
    - Received: TelemetrySourceGeneratorLoggingTests.Generate_GivenInterfaceWithoutExplicitLogLevelAndAnExceptionParameter_GenerateLogger#StatusDescriptionAttribute.g.received.cs
      Verified: TelemetrySourceGeneratorLoggingTests.Generate_GivenInterfaceWithoutExplicitLogLevelAndAnExceptionParameter_GenerateLogger#StatusDescriptionAttribute.g.verified.cs
    - Received: TelemetrySourceGeneratorLoggingTests.Generate_GivenInterfaceWithoutExplicitLogLevelAndAnExceptionParameter_GenerateLogger#TagAttribute.g.received.cs
      Verified: TelemetrySourceGeneratorLoggingTests.Generate_GivenInterfaceWithoutExplicitLogLevelAndAnExceptionParameter_GenerateLogger#TagAttribute.g.verified.cs
    - Received: TelemetrySourceGeneratorLoggingTests.Generate_GivenInterfaceWithoutExplicitLogLevelAndAnExceptionParameter_GenerateLogger#Targets.g.received.cs
      Verified: TelemetrySourceGeneratorLoggingTests.Generate_GivenInterfaceWithoutExplicitLogLevelAndAnExceptionParameter_GenerateLogger#Targets.g.verified.cs
    - Received: TelemetrySourceGeneratorLoggingTests.Generate_GivenInterfaceWithoutExplicitLogLevelAndAnExceptionParameter_GenerateLogger#TelemetryGenerationAttribute.g.received.cs
      Verified: TelemetrySourceGeneratorLoggingTests.Generate_GivenInterfaceWithoutExplicitLogLevelAndAnExceptionParameter_GenerateLogger#TelemetryGenerationAttribute.g.verified.cs
    - Received: TelemetrySourceGeneratorLoggingTests.Generate_GivenInterfaceWithoutExplicitLogLevelAndAnExceptionParameter_GenerateLogger#Testing.TestLoggerCore.Logging.g.received.cs
      Verified: TelemetrySourceGeneratorLoggingTests.Generate_GivenInterfaceWithoutExplicitLogLevelAndAnExceptionParameter_GenerateLogger#Testing.TestLoggerCore.Logging.g.verified.cs
    - Received: TelemetrySourceGeneratorLoggingTests.Generate_GivenInterfaceWithoutExplicitLogLevelAndAnExceptionParameter_GenerateLogger#TraceAttribute.g.received.cs
      Verified: TelemetrySourceGeneratorLoggingTests.Generate_GivenInterfaceWithoutExplicitLogLevelAndAnExceptionParameter_GenerateLogger#TraceAttribute.g.verified.cs
    - Received: TelemetrySourceGeneratorLoggingTests.Generate_GivenInterfaceWithoutExplicitLogLevelAndAnExceptionParameter_GenerateLogger#UpDownCounterAttribute.g.received.cs
      Verified: TelemetrySourceGeneratorLoggingTests.Generate_GivenInterfaceWithoutExplicitLogLevelAndAnExceptionParameter_GenerateLogger#UpDownCounterAttribute.g.verified.cs
    - Received: TelemetrySourceGeneratorLoggingTests.Generate_GivenInterfaceWithoutExplicitLogLevelAndAnExceptionParameter_GenerateLogger#WarningAttribute.g.received.cs
      Verified: TelemetrySourceGeneratorLoggingTests.Generate_GivenInterfaceWithoutExplicitLogLevelAndAnExceptionParameter_GenerateLogger#WarningAttribute.g.verified.cs
  
  Standard output
    DBG: --- Adding templates.
    DBG: Adding ActivitySourceGenerationAttribute as ActivitySourceGenerationAttribute.g.cs.
    DBG: Adding ActivitySourceAttribute as ActivitySourceAttribute.g.cs.
    DBG: Adding ActivityAttribute as ActivityAttribute.g.cs.
    DBG: Adding EventAttribute as EventAttribute.g.cs.
    DBG: Adding ContextAttribute as ContextAttribute.g.cs.
    DBG: Adding BaggageAttribute as BaggageAttribute.g.cs.
    DBG: Adding EscapeAttribute as EscapeAttribute.g.cs.
    DBG: Adding StatusDescriptionAttribute as StatusDescriptionAttribute.g.cs.
    DBG: Adding LoggerGenerationAttribute as LoggerGenerationAttribute.g.cs.
    DBG: Adding LoggerAttribute as LoggerAttribute.g.cs.
    DBG: Adding LogAttribute as LogAttribute.g.cs.
    DBG: Adding LogPrefixType as LogPrefixType.g.cs.
    DBG: Adding LoggerGenerationMode as LoggerGenerationMode.g.cs.
    DBG: Adding ExpandEnumerableAttribute as ExpandEnumerableAttribute.g.cs.
    DBG: Adding TraceAttribute as TraceAttribute.g.cs.
    DBG: Adding DebugAttribute as DebugAttribute.g.cs.
    DBG: Adding InfoAttribute as InfoAttribute.g.cs.
    DBG: Adding WarningAttribute as WarningAttribute.g.cs.
    DBG: Adding ErrorAttribute as ErrorAttribute.g.cs.
    DBG: Adding CriticalAttribute as CriticalAttribute.g.cs.
    DBG: Adding MeterGenerationAttribute as MeterGenerationAttribute.g.cs.
    DBG: Adding MeterAttribute as MeterAttribute.g.cs.
    DBG: Adding MeterNameGenerationType as MeterNameGenerationType.g.cs.
    DBG: Adding InstrumentMeasurementAttribute as InstrumentMeasurementAttribute.g.cs.
    DBG: Adding AutoCounterAttribute as AutoCounterAttribute.g.cs.
    DBG: Adding CounterAttribute as CounterAttribute.g.cs.
    DBG: Adding UpDownCounterAttribute as UpDownCounterAttribute.g.cs.
    DBG: Adding HistogramAttribute as HistogramAttribute.g.cs.
    DBG: Adding ObservableCounterAttribute as ObservableCounterAttribute.g.cs.
    DBG: Adding ObservableGaugeAttribute as ObservableGaugeAttribute.g.cs.
    DBG: Adding ObservableUpDownCounterAttribute as ObservableUpDownCounterAttribute.g.cs.
    DBG: Adding TagAttribute as TagAttribute.g.cs.
    DBG: Adding ExcludeAttribute as ExcludeAttribute.g.cs.
    DBG: Adding TelemetryGenerationAttribute as TelemetryGenerationAttribute.g.cs.
    DBG: Adding Targets as Targets.g.cs.
    DBG: Adding NamingConvention as NamingConvention.g.cs.
    DBG: Adding ExcludeTargetsAttribute as ExcludeTargetsAttribute.g.cs.
    DBG: --- Finished adding templates.
    DBG: Found attribute: Purview.Telemetry.LoggerAttribute
    DBG: Found attribute: Purview.Telemetry.TelemetryGenerationAttribute(GenerateDependencyExtension = false)
    DBG: Found method ITestLogger.Log.
    DBG: Found 4 parameter(s) for Log.
    DBG: Logger generation target: Testing.TestLoggerCore
    DBG: Generating MS Gen-based logging class for: Testing.TestLoggerCore
    DIA: Inferring error log level.
    DBG: Building logging method: Log
    DBG: Building logging method: Log
    DBG: Skipping dependency injection emit.
    
  Error output
failed Generate_GivenInterfaceMoreThanOneExceptionParameter_RaisesDiagnostic (3s 455ms)
  [Test Failure] VerifyException: Directory: P:\GitHub\kjldev\purview-telemetry-sourcegenerator\src\Purview.Telemetry.SourceGenerator.IntegrationTests\Snapshots
Delete:
  - TelemetrySourceGeneratorLoggingTests.Generate_GivenInterfaceMoreThanOneExceptionParameter_RaisesDiagnostic.verified.txt
Equal:
  - Received: TelemetrySourceGeneratorLoggingTests.Generate_GivenInterfaceMoreThanOneExceptionParameter_RaisesDiagnostic#ActivityAttribute.g.received.cs
    Verified: TelemetrySourceGeneratorLoggingTests.Generate_GivenInterfaceMoreThanOneExceptionParameter_RaisesDiagnostic#ActivityAttribute.g.verified.cs
  - Received: TelemetrySourceGeneratorLoggingTests.Generate_GivenInterfaceMoreThanOneExceptionParameter_RaisesDiagnostic#ActivitySourceAttribute.g.received.cs
    Verified: TelemetrySourceGeneratorLoggingTests.Generate_GivenInterfaceMoreThanOneExceptionParameter_RaisesDiagnostic#ActivitySourceAttribute.g.verified.cs
  - Received: TelemetrySourceGeneratorLoggingTests.Generate_GivenInterfaceMoreThanOneExceptionParameter_RaisesDiagnostic#ActivitySourceGenerationAttribute.g.received.cs
    Verified: TelemetrySourceGeneratorLoggingTests.Generate_GivenInterfaceMoreThanOneExceptionParameter_RaisesDiagnostic#ActivitySourceGenerationAttribute.g.verified.cs
  - Received: TelemetrySourceGeneratorLoggingTests.Generate_GivenInterfaceMoreThanOneExceptionParameter_RaisesDiagnostic#AutoCounterAttribute.g.received.cs
    Verified: TelemetrySourceGeneratorLoggingTests.Generate_GivenInterfaceMoreThanOneExceptionParameter_RaisesDiagnostic#AutoCounterAttribute.g.verified.cs
  - Received: TelemetrySourceGeneratorLoggingTests.Generate_GivenInterfaceMoreThanOneExceptionParameter_RaisesDiagnostic#BaggageAttribute.g.received.cs
    Verified: TelemetrySourceGeneratorLoggingTests.Generate_GivenInterfaceMoreThanOneExceptionParameter_RaisesDiagnostic#BaggageAttribute.g.verified.cs
  - Received: TelemetrySourceGeneratorLoggingTests.Generate_GivenInterfaceMoreThanOneExceptionParameter_RaisesDiagnostic#ContextAttribute.g.received.cs
    Verified: TelemetrySourceGeneratorLoggingTests.Generate_GivenInterfaceMoreThanOneExceptionParameter_RaisesDiagnostic#ContextAttribute.g.verified.cs
  - Received: TelemetrySourceGeneratorLoggingTests.Generate_GivenInterfaceMoreThanOneExceptionParameter_RaisesDiagnostic#CounterAttribute.g.received.cs
    Verified: TelemetrySourceGeneratorLoggingTests.Generate_GivenInterfaceMoreThanOneExceptionParameter_RaisesDiagnostic#CounterAttribute.g.verified.cs
  - Received: TelemetrySourceGeneratorLoggingTests.Generate_GivenInterfaceMoreThanOneExceptionParameter_RaisesDiagnostic#CriticalAttribute.g.received.cs
    Verified: TelemetrySourceGeneratorLoggingTests.Generate_GivenInterfaceMoreThanOneExceptionParameter_RaisesDiagnostic#CriticalAttribute.g.verified.cs
  - Received: TelemetrySourceGeneratorLoggingTests.Generate_GivenInterfaceMoreThanOneExceptionParameter_RaisesDiagnostic#DebugAttribute.g.received.cs
    Verified: TelemetrySourceGeneratorLoggingTests.Generate_GivenInterfaceMoreThanOneExceptionParameter_RaisesDiagnostic#DebugAttribute.g.verified.cs
  - Received: TelemetrySourceGeneratorLoggingTests.Generate_GivenInterfaceMoreThanOneExceptionParameter_RaisesDiagnostic#ErrorAttribute.g.received.cs
    Verified: TelemetrySourceGeneratorLoggingTests.Generate_GivenInterfaceMoreThanOneExceptionParameter_RaisesDiagnostic#ErrorAttribute.g.verified.cs
  - Received: TelemetrySourceGeneratorLoggingTests.Generate_GivenInterfaceMoreThanOneExceptionParameter_RaisesDiagnostic#EscapeAttribute.g.received.cs
    Verified: TelemetrySourceGeneratorLoggingTests.Generate_GivenInterfaceMoreThanOneExceptionParameter_RaisesDiagnostic#EscapeAttribute.g.verified.cs
  - Received: TelemetrySourceGeneratorLoggingTests.Generate_GivenInterfaceMoreThanOneExceptionParameter_RaisesDiagnostic#EventAttribute.g.received.cs
    Verified: TelemetrySourceGeneratorLoggingTests.Generate_GivenInterfaceMoreThanOneExceptionParameter_RaisesDiagnostic#EventAttribute.g.verified.cs
  - Received: TelemetrySourceGeneratorLoggingTests.Generate_GivenInterfaceMoreThanOneExceptionParameter_RaisesDiagnostic#ExcludeAttribute.g.received.cs
    Verified: TelemetrySourceGeneratorLoggingTests.Generate_GivenInterfaceMoreThanOneExceptionParameter_RaisesDiagnostic#ExcludeAttribute.g.verified.cs
  - Received: TelemetrySourceGeneratorLoggingTests.Generate_GivenInterfaceMoreThanOneExceptionParameter_RaisesDiagnostic#ExcludeTargetsAttribute.g.received.cs
    Verified: TelemetrySourceGeneratorLoggingTests.Generate_GivenInterfaceMoreThanOneExceptionParameter_RaisesDiagnostic#ExcludeTargetsAttribute.g.verified.cs
  - Received: TelemetrySourceGeneratorLoggingTests.Generate_GivenInterfaceMoreThanOneExceptionParameter_RaisesDiagnostic#ExpandEnumerableAttribute.g.received.cs
    Verified: TelemetrySourceGeneratorLoggingTests.Generate_GivenInterfaceMoreThanOneExceptionParameter_RaisesDiagnostic#ExpandEnumerableAttribute.g.verified.cs
  - Received: TelemetrySourceGeneratorLoggingTests.Generate_GivenInterfaceMoreThanOneExceptionParameter_RaisesDiagnostic#HistogramAttribute.g.received.cs
    Verified: TelemetrySourceGeneratorLoggingTests.Generate_GivenInterfaceMoreThanOneExceptionParameter_RaisesDiagnostic#HistogramAttribute.g.verified.cs
  - Received: TelemetrySourceGeneratorLoggingTests.Generate_GivenInterfaceMoreThanOneExceptionParameter_RaisesDiagnostic#InfoAttribute.g.received.cs
    Verified: TelemetrySourceGeneratorLoggingTests.Generate_GivenInterfaceMoreThanOneExceptionParameter_RaisesDiagnostic#InfoAttribute.g.verified.cs
  - Received: TelemetrySourceGeneratorLoggingTests.Generate_GivenInterfaceMoreThanOneExceptionParameter_RaisesDiagnostic#InstrumentMeasurementAttribute.g.received.cs
    Verified: TelemetrySourceGeneratorLoggingTests.Generate_GivenInterfaceMoreThanOneExceptionParameter_RaisesDiagnostic#InstrumentMeasurementAttribute.g.verified.cs
  - Received: TelemetrySourceGeneratorLoggingTests.Generate_GivenInterfaceMoreThanOneExceptionParameter_RaisesDiagnostic#LogAttribute.g.received.cs
    Verified: TelemetrySourceGeneratorLoggingTests.Generate_GivenInterfaceMoreThanOneExceptionParameter_RaisesDiagnostic#LogAttribute.g.verified.cs
  - Received: TelemetrySourceGeneratorLoggingTests.Generate_GivenInterfaceMoreThanOneExceptionParameter_RaisesDiagnostic#LoggerAttribute.g.received.cs
    Verified: TelemetrySourceGeneratorLoggingTests.Generate_GivenInterfaceMoreThanOneExceptionParameter_RaisesDiagnostic#LoggerAttribute.g.verified.cs
  - Received: TelemetrySourceGeneratorLoggingTests.Generate_GivenInterfaceMoreThanOneExceptionParameter_RaisesDiagnostic#LoggerGenerationAttribute.g.received.cs
    Verified: TelemetrySourceGeneratorLoggingTests.Generate_GivenInterfaceMoreThanOneExceptionParameter_RaisesDiagnostic#LoggerGenerationAttribute.g.verified.cs
  - Received: TelemetrySourceGeneratorLoggingTests.Generate_GivenInterfaceMoreThanOneExceptionParameter_RaisesDiagnostic#LoggerGenerationMode.g.received.cs
    Verified: TelemetrySourceGeneratorLoggingTests.Generate_GivenInterfaceMoreThanOneExceptionParameter_RaisesDiagnostic#LoggerGenerationMode.g.verified.cs
  - Received: TelemetrySourceGeneratorLoggingTests.Generate_GivenInterfaceMoreThanOneExceptionParameter_RaisesDiagnostic#LogPrefixType.g.received.cs
    Verified: TelemetrySourceGeneratorLoggingTests.Generate_GivenInterfaceMoreThanOneExceptionParameter_RaisesDiagnostic#LogPrefixType.g.verified.cs
  - Received: TelemetrySourceGeneratorLoggingTests.Generate_GivenInterfaceMoreThanOneExceptionParameter_RaisesDiagnostic#MeterAttribute.g.received.cs
    Verified: TelemetrySourceGeneratorLoggingTests.Generate_GivenInterfaceMoreThanOneExceptionParameter_RaisesDiagnostic#MeterAttribute.g.verified.cs
  - Received: TelemetrySourceGeneratorLoggingTests.Generate_GivenInterfaceMoreThanOneExceptionParameter_RaisesDiagnostic#MeterGenerationAttribute.g.received.cs
    Verified: TelemetrySourceGeneratorLoggingTests.Generate_GivenInterfaceMoreThanOneExceptionParameter_RaisesDiagnostic#MeterGenerationAttribute.g.verified.cs
  - Received: TelemetrySourceGeneratorLoggingTests.Generate_GivenInterfaceMoreThanOneExceptionParameter_RaisesDiagnostic#MeterNameGenerationType.g.received.cs
    Verified: TelemetrySourceGeneratorLoggingTests.Generate_GivenInterfaceMoreThanOneExceptionParameter_RaisesDiagnostic#MeterNameGenerationType.g.verified.cs
  - Received: TelemetrySourceGeneratorLoggingTests.Generate_GivenInterfaceMoreThanOneExceptionParameter_RaisesDiagnostic#NamingConvention.g.received.cs
    Verified: TelemetrySourceGeneratorLoggingTests.Generate_GivenInterfaceMoreThanOneExceptionParameter_RaisesDiagnostic#NamingConvention.g.verified.cs
  - Received: TelemetrySourceGeneratorLoggingTests.Generate_GivenInterfaceMoreThanOneExceptionParameter_RaisesDiagnostic#ObservableCounterAttribute.g.received.cs
    Verified: TelemetrySourceGeneratorLoggingTests.Generate_GivenInterfaceMoreThanOneExceptionParameter_RaisesDiagnostic#ObservableCounterAttribute.g.verified.cs
  - Received: TelemetrySourceGeneratorLoggingTests.Generate_GivenInterfaceMoreThanOneExceptionParameter_RaisesDiagnostic#ObservableGaugeAttribute.g.received.cs
    Verified: TelemetrySourceGeneratorLoggingTests.Generate_GivenInterfaceMoreThanOneExceptionParameter_RaisesDiagnostic#ObservableGaugeAttribute.g.verified.cs
  - Received: TelemetrySourceGeneratorLoggingTests.Generate_GivenInterfaceMoreThanOneExceptionParameter_RaisesDiagnostic#ObservableUpDownCounterAttribute.g.received.cs
    Verified: TelemetrySourceGeneratorLoggingTests.Generate_GivenInterfaceMoreThanOneExceptionParameter_RaisesDiagnostic#ObservableUpDownCounterAttribute.g.verified.cs
  - Received: TelemetrySourceGeneratorLoggingTests.Generate_GivenInterfaceMoreThanOneExceptionParameter_RaisesDiagnostic#StatusDescriptionAttribute.g.received.cs
    Verified: TelemetrySourceGeneratorLoggingTests.Generate_GivenInterfaceMoreThanOneExceptionParameter_RaisesDiagnostic#StatusDescriptionAttribute.g.verified.cs
  - Received: TelemetrySourceGeneratorLoggingTests.Generate_GivenInterfaceMoreThanOneExceptionParameter_RaisesDiagnostic#TagAttribute.g.received.cs
    Verified: TelemetrySourceGeneratorLoggingTests.Generate_GivenInterfaceMoreThanOneExceptionParameter_RaisesDiagnostic#TagAttribute.g.verified.cs
  - Received: TelemetrySourceGeneratorLoggingTests.Generate_GivenInterfaceMoreThanOneExceptionParameter_RaisesDiagnostic#Targets.g.received.cs
    Verified: TelemetrySourceGeneratorLoggingTests.Generate_GivenInterfaceMoreThanOneExceptionParameter_RaisesDiagnostic#Targets.g.verified.cs
  - Received: TelemetrySourceGeneratorLoggingTests.Generate_GivenInterfaceMoreThanOneExceptionParameter_RaisesDiagnostic#TelemetryGenerationAttribute.g.received.cs
    Verified: TelemetrySourceGeneratorLoggingTests.Generate_GivenInterfaceMoreThanOneExceptionParameter_RaisesDiagnostic#TelemetryGenerationAttribute.g.verified.cs
  - Received: TelemetrySourceGeneratorLoggingTests.Generate_GivenInterfaceMoreThanOneExceptionParameter_RaisesDiagnostic#Testing.TestLoggerCore.Logging.g.received.cs
    Verified: TelemetrySourceGeneratorLoggingTests.Generate_GivenInterfaceMoreThanOneExceptionParameter_RaisesDiagnostic#Testing.TestLoggerCore.Logging.g.verified.cs
  - Received: TelemetrySourceGeneratorLoggingTests.Generate_GivenInterfaceMoreThanOneExceptionParameter_RaisesDiagnostic#TraceAttribute.g.received.cs
    Verified: TelemetrySourceGeneratorLoggingTests.Generate_GivenInterfaceMoreThanOneExceptionParameter_RaisesDiagnostic#TraceAttribute.g.verified.cs
  - Received: TelemetrySourceGeneratorLoggingTests.Generate_GivenInterfaceMoreThanOneExceptionParameter_RaisesDiagnostic#UpDownCounterAttribute.g.received.cs
    Verified: TelemetrySourceGeneratorLoggingTests.Generate_GivenInterfaceMoreThanOneExceptionParameter_RaisesDiagnostic#UpDownCounterAttribute.g.verified.cs
  - Received: TelemetrySourceGeneratorLoggingTests.Generate_GivenInterfaceMoreThanOneExceptionParameter_RaisesDiagnostic#WarningAttribute.g.received.cs
    Verified: TelemetrySourceGeneratorLoggingTests.Generate_GivenInterfaceMoreThanOneExceptionParameter_RaisesDiagnostic#WarningAttribute.g.verified.cs

  from P:\GitHub\kjldev\purview-telemetry-sourcegenerator\src\Purview.Telemetry.SourceGenerator.IntegrationTests\bin\Release\net10.0\Purview.Telemetry.SourceGenerator.IntegrationTests.dll (net10.0|x64)
  TUnit.Engine.Exceptions.TestFailedException: [Test Failure] VerifyException: Directory: P:\GitHub\kjldev\purview-telemetry-sourcegenerator\src\Purview.Telemetry.SourceGenerator.IntegrationTests\Snapshots
  Delete:
    - TelemetrySourceGeneratorLoggingTests.Generate_GivenInterfaceMoreThanOneExceptionParameter_RaisesDiagnostic.verified.txt
  Equal:
    - Received: TelemetrySourceGeneratorLoggingTests.Generate_GivenInterfaceMoreThanOneExceptionParameter_RaisesDiagnostic#ActivityAttribute.g.received.cs
      Verified: TelemetrySourceGeneratorLoggingTests.Generate_GivenInterfaceMoreThanOneExceptionParameter_RaisesDiagnostic#ActivityAttribute.g.verified.cs
    - Received: TelemetrySourceGeneratorLoggingTests.Generate_GivenInterfaceMoreThanOneExceptionParameter_RaisesDiagnostic#ActivitySourceAttribute.g.received.cs
      Verified: TelemetrySourceGeneratorLoggingTests.Generate_GivenInterfaceMoreThanOneExceptionParameter_RaisesDiagnostic#ActivitySourceAttribute.g.verified.cs
    - Received: TelemetrySourceGeneratorLoggingTests.Generate_GivenInterfaceMoreThanOneExceptionParameter_RaisesDiagnostic#ActivitySourceGenerationAttribute.g.received.cs
      Verified: TelemetrySourceGeneratorLoggingTests.Generate_GivenInterfaceMoreThanOneExceptionParameter_RaisesDiagnostic#ActivitySourceGenerationAttribute.g.verified.cs
    - Received: TelemetrySourceGeneratorLoggingTests.Generate_GivenInterfaceMoreThanOneExceptionParameter_RaisesDiagnostic#AutoCounterAttribute.g.received.cs
      Verified: TelemetrySourceGeneratorLoggingTests.Generate_GivenInterfaceMoreThanOneExceptionParameter_RaisesDiagnostic#AutoCounterAttribute.g.verified.cs
    - Received: TelemetrySourceGeneratorLoggingTests.Generate_GivenInterfaceMoreThanOneExceptionParameter_RaisesDiagnostic#BaggageAttribute.g.received.cs
      Verified: TelemetrySourceGeneratorLoggingTests.Generate_GivenInterfaceMoreThanOneExceptionParameter_RaisesDiagnostic#BaggageAttribute.g.verified.cs
    - Received: TelemetrySourceGeneratorLoggingTests.Generate_GivenInterfaceMoreThanOneExceptionParameter_RaisesDiagnostic#ContextAttribute.g.received.cs
      Verified: TelemetrySourceGeneratorLoggingTests.Generate_GivenInterfaceMoreThanOneExceptionParameter_RaisesDiagnostic#ContextAttribute.g.verified.cs
    - Received: TelemetrySourceGeneratorLoggingTests.Generate_GivenInterfaceMoreThanOneExceptionParameter_RaisesDiagnostic#CounterAttribute.g.received.cs
      Verified: TelemetrySourceGeneratorLoggingTests.Generate_GivenInterfaceMoreThanOneExceptionParameter_RaisesDiagnostic#CounterAttribute.g.verified.cs
    - Received: TelemetrySourceGeneratorLoggingTests.Generate_GivenInterfaceMoreThanOneExceptionParameter_RaisesDiagnostic#CriticalAttribute.g.received.cs
      Verified: TelemetrySourceGeneratorLoggingTests.Generate_GivenInterfaceMoreThanOneExceptionParameter_RaisesDiagnostic#CriticalAttribute.g.verified.cs
    - Received: TelemetrySourceGeneratorLoggingTests.Generate_GivenInterfaceMoreThanOneExceptionParameter_RaisesDiagnostic#DebugAttribute.g.received.cs
      Verified: TelemetrySourceGeneratorLoggingTests.Generate_GivenInterfaceMoreThanOneExceptionParameter_RaisesDiagnostic#DebugAttribute.g.verified.cs
    - Received: TelemetrySourceGeneratorLoggingTests.Generate_GivenInterfaceMoreThanOneExceptionParameter_RaisesDiagnostic#ErrorAttribute.g.received.cs
      Verified: TelemetrySourceGeneratorLoggingTests.Generate_GivenInterfaceMoreThanOneExceptionParameter_RaisesDiagnostic#ErrorAttribute.g.verified.cs
    - Received: TelemetrySourceGeneratorLoggingTests.Generate_GivenInterfaceMoreThanOneExceptionParameter_RaisesDiagnostic#EscapeAttribute.g.received.cs
      Verified: TelemetrySourceGeneratorLoggingTests.Generate_GivenInterfaceMoreThanOneExceptionParameter_RaisesDiagnostic#EscapeAttribute.g.verified.cs
    - Received: TelemetrySourceGeneratorLoggingTests.Generate_GivenInterfaceMoreThanOneExceptionParameter_RaisesDiagnostic#EventAttribute.g.received.cs
      Verified: TelemetrySourceGeneratorLoggingTests.Generate_GivenInterfaceMoreThanOneExceptionParameter_RaisesDiagnostic#EventAttribute.g.verified.cs
    - Received: TelemetrySourceGeneratorLoggingTests.Generate_GivenInterfaceMoreThanOneExceptionParameter_RaisesDiagnostic#ExcludeAttribute.g.received.cs
      Verified: TelemetrySourceGeneratorLoggingTests.Generate_GivenInterfaceMoreThanOneExceptionParameter_RaisesDiagnostic#ExcludeAttribute.g.verified.cs
    - Received: TelemetrySourceGeneratorLoggingTests.Generate_GivenInterfaceMoreThanOneExceptionParameter_RaisesDiagnostic#ExcludeTargetsAttribute.g.received.cs
      Verified: TelemetrySourceGeneratorLoggingTests.Generate_GivenInterfaceMoreThanOneExceptionParameter_RaisesDiagnostic#ExcludeTargetsAttribute.g.verified.cs
    - Received: TelemetrySourceGeneratorLoggingTests.Generate_GivenInterfaceMoreThanOneExceptionParameter_RaisesDiagnostic#ExpandEnumerableAttribute.g.received.cs
      Verified: TelemetrySourceGeneratorLoggingTests.Generate_GivenInterfaceMoreThanOneExceptionParameter_RaisesDiagnostic#ExpandEnumerableAttribute.g.verified.cs
    - Received: TelemetrySourceGeneratorLoggingTests.Generate_GivenInterfaceMoreThanOneExceptionParameter_RaisesDiagnostic#HistogramAttribute.g.received.cs
      Verified: TelemetrySourceGeneratorLoggingTests.Generate_GivenInterfaceMoreThanOneExceptionParameter_RaisesDiagnostic#HistogramAttribute.g.verified.cs
    - Received: TelemetrySourceGeneratorLoggingTests.Generate_GivenInterfaceMoreThanOneExceptionParameter_RaisesDiagnostic#InfoAttribute.g.received.cs
      Verified: TelemetrySourceGeneratorLoggingTests.Generate_GivenInterfaceMoreThanOneExceptionParameter_RaisesDiagnostic#InfoAttribute.g.verified.cs
    - Received: TelemetrySourceGeneratorLoggingTests.Generate_GivenInterfaceMoreThanOneExceptionParameter_RaisesDiagnostic#InstrumentMeasurementAttribute.g.received.cs
      Verified: TelemetrySourceGeneratorLoggingTests.Generate_GivenInterfaceMoreThanOneExceptionParameter_RaisesDiagnostic#InstrumentMeasurementAttribute.g.verified.cs
    - Received: TelemetrySourceGeneratorLoggingTests.Generate_GivenInterfaceMoreThanOneExceptionParameter_RaisesDiagnostic#LogAttribute.g.received.cs
      Verified: TelemetrySourceGeneratorLoggingTests.Generate_GivenInterfaceMoreThanOneExceptionParameter_RaisesDiagnostic#LogAttribute.g.verified.cs
    - Received: TelemetrySourceGeneratorLoggingTests.Generate_GivenInterfaceMoreThanOneExceptionParameter_RaisesDiagnostic#LoggerAttribute.g.received.cs
      Verified: TelemetrySourceGeneratorLoggingTests.Generate_GivenInterfaceMoreThanOneExceptionParameter_RaisesDiagnostic#LoggerAttribute.g.verified.cs
    - Received: TelemetrySourceGeneratorLoggingTests.Generate_GivenInterfaceMoreThanOneExceptionParameter_RaisesDiagnostic#LoggerGenerationAttribute.g.received.cs
      Verified: TelemetrySourceGeneratorLoggingTests.Generate_GivenInterfaceMoreThanOneExceptionParameter_RaisesDiagnostic#LoggerGenerationAttribute.g.verified.cs
    - Received: TelemetrySourceGeneratorLoggingTests.Generate_GivenInterfaceMoreThanOneExceptionParameter_RaisesDiagnostic#LoggerGenerationMode.g.received.cs
      Verified: TelemetrySourceGeneratorLoggingTests.Generate_GivenInterfaceMoreThanOneExceptionParameter_RaisesDiagnostic#LoggerGenerationMode.g.verified.cs
    - Received: TelemetrySourceGeneratorLoggingTests.Generate_GivenInterfaceMoreThanOneExceptionParameter_RaisesDiagnostic#LogPrefixType.g.received.cs
      Verified: TelemetrySourceGeneratorLoggingTests.Generate_GivenInterfaceMoreThanOneExceptionParameter_RaisesDiagnostic#LogPrefixType.g.verified.cs
    - Received: TelemetrySourceGeneratorLoggingTests.Generate_GivenInterfaceMoreThanOneExceptionParameter_RaisesDiagnostic#MeterAttribute.g.received.cs
      Verified: TelemetrySourceGeneratorLoggingTests.Generate_GivenInterfaceMoreThanOneExceptionParameter_RaisesDiagnostic#MeterAttribute.g.verified.cs
    - Received: TelemetrySourceGeneratorLoggingTests.Generate_GivenInterfaceMoreThanOneExceptionParameter_RaisesDiagnostic#MeterGenerationAttribute.g.received.cs
      Verified: TelemetrySourceGeneratorLoggingTests.Generate_GivenInterfaceMoreThanOneExceptionParameter_RaisesDiagnostic#MeterGenerationAttribute.g.verified.cs
    - Received: TelemetrySourceGeneratorLoggingTests.Generate_GivenInterfaceMoreThanOneExceptionParameter_RaisesDiagnostic#MeterNameGenerationType.g.received.cs
      Verified: TelemetrySourceGeneratorLoggingTests.Generate_GivenInterfaceMoreThanOneExceptionParameter_RaisesDiagnostic#MeterNameGenerationType.g.verified.cs
    - Received: TelemetrySourceGeneratorLoggingTests.Generate_GivenInterfaceMoreThanOneExceptionParameter_RaisesDiagnostic#NamingConvention.g.received.cs
      Verified: TelemetrySourceGeneratorLoggingTests.Generate_GivenInterfaceMoreThanOneExceptionParameter_RaisesDiagnostic#NamingConvention.g.verified.cs
    - Received: TelemetrySourceGeneratorLoggingTests.Generate_GivenInterfaceMoreThanOneExceptionParameter_RaisesDiagnostic#ObservableCounterAttribute.g.received.cs
      Verified: TelemetrySourceGeneratorLoggingTests.Generate_GivenInterfaceMoreThanOneExceptionParameter_RaisesDiagnostic#ObservableCounterAttribute.g.verified.cs
    - Received: TelemetrySourceGeneratorLoggingTests.Generate_GivenInterfaceMoreThanOneExceptionParameter_RaisesDiagnostic#ObservableGaugeAttribute.g.received.cs
      Verified: TelemetrySourceGeneratorLoggingTests.Generate_GivenInterfaceMoreThanOneExceptionParameter_RaisesDiagnostic#ObservableGaugeAttribute.g.verified.cs
    - Received: TelemetrySourceGeneratorLoggingTests.Generate_GivenInterfaceMoreThanOneExceptionParameter_RaisesDiagnostic#ObservableUpDownCounterAttribute.g.received.cs
      Verified: TelemetrySourceGeneratorLoggingTests.Generate_GivenInterfaceMoreThanOneExceptionParameter_RaisesDiagnostic#ObservableUpDownCounterAttribute.g.verified.cs
    - Received: TelemetrySourceGeneratorLoggingTests.Generate_GivenInterfaceMoreThanOneExceptionParameter_RaisesDiagnostic#StatusDescriptionAttribute.g.received.cs
      Verified: TelemetrySourceGeneratorLoggingTests.Generate_GivenInterfaceMoreThanOneExceptionParameter_RaisesDiagnostic#StatusDescriptionAttribute.g.verified.cs
    - Received: TelemetrySourceGeneratorLoggingTests.Generate_GivenInterfaceMoreThanOneExceptionParameter_RaisesDiagnostic#TagAttribute.g.received.cs
      Verified: TelemetrySourceGeneratorLoggingTests.Generate_GivenInterfaceMoreThanOneExceptionParameter_RaisesDiagnostic#TagAttribute.g.verified.cs
    - Received: TelemetrySourceGeneratorLoggingTests.Generate_GivenInterfaceMoreThanOneExceptionParameter_RaisesDiagnostic#Targets.g.received.cs
      Verified: TelemetrySourceGeneratorLoggingTests.Generate_GivenInterfaceMoreThanOneExceptionParameter_RaisesDiagnostic#Targets.g.verified.cs
    - Received: TelemetrySourceGeneratorLoggingTests.Generate_GivenInterfaceMoreThanOneExceptionParameter_RaisesDiagnostic#TelemetryGenerationAttribute.g.received.cs
      Verified: TelemetrySourceGeneratorLoggingTests.Generate_GivenInterfaceMoreThanOneExceptionParameter_RaisesDiagnostic#TelemetryGenerationAttribute.g.verified.cs
    - Received: TelemetrySourceGeneratorLoggingTests.Generate_GivenInterfaceMoreThanOneExceptionParameter_RaisesDiagnostic#Testing.TestLoggerCore.Logging.g.received.cs
      Verified: TelemetrySourceGeneratorLoggingTests.Generate_GivenInterfaceMoreThanOneExceptionParameter_RaisesDiagnostic#Testing.TestLoggerCore.Logging.g.verified.cs
    - Received: TelemetrySourceGeneratorLoggingTests.Generate_GivenInterfaceMoreThanOneExceptionParameter_RaisesDiagnostic#TraceAttribute.g.received.cs
      Verified: TelemetrySourceGeneratorLoggingTests.Generate_GivenInterfaceMoreThanOneExceptionParameter_RaisesDiagnostic#TraceAttribute.g.verified.cs
    - Received: TelemetrySourceGeneratorLoggingTests.Generate_GivenInterfaceMoreThanOneExceptionParameter_RaisesDiagnostic#UpDownCounterAttribute.g.received.cs
      Verified: TelemetrySourceGeneratorLoggingTests.Generate_GivenInterfaceMoreThanOneExceptionParameter_RaisesDiagnostic#UpDownCounterAttribute.g.verified.cs
    - Received: TelemetrySourceGeneratorLoggingTests.Generate_GivenInterfaceMoreThanOneExceptionParameter_RaisesDiagnostic#WarningAttribute.g.received.cs
      Verified: TelemetrySourceGeneratorLoggingTests.Generate_GivenInterfaceMoreThanOneExceptionParameter_RaisesDiagnostic#WarningAttribute.g.verified.cs
  
  Standard output
    DBG: --- Adding templates.
    DBG: Adding ActivitySourceGenerationAttribute as ActivitySourceGenerationAttribute.g.cs.
    DBG: Adding ActivitySourceAttribute as ActivitySourceAttribute.g.cs.
    DBG: Adding ActivityAttribute as ActivityAttribute.g.cs.
    DBG: Adding EventAttribute as EventAttribute.g.cs.
    DBG: Adding ContextAttribute as ContextAttribute.g.cs.
    DBG: Adding BaggageAttribute as BaggageAttribute.g.cs.
    DBG: Adding EscapeAttribute as EscapeAttribute.g.cs.
    DBG: Adding StatusDescriptionAttribute as StatusDescriptionAttribute.g.cs.
    DBG: Adding LoggerGenerationAttribute as LoggerGenerationAttribute.g.cs.
    DBG: Adding LoggerAttribute as LoggerAttribute.g.cs.
    DBG: Adding LogAttribute as LogAttribute.g.cs.
    DBG: Adding LogPrefixType as LogPrefixType.g.cs.
    DBG: Adding LoggerGenerationMode as LoggerGenerationMode.g.cs.
    DBG: Adding ExpandEnumerableAttribute as ExpandEnumerableAttribute.g.cs.
    DBG: Adding TraceAttribute as TraceAttribute.g.cs.
    DBG: Adding DebugAttribute as DebugAttribute.g.cs.
    DBG: Adding InfoAttribute as InfoAttribute.g.cs.
    DBG: Adding WarningAttribute as WarningAttribute.g.cs.
    DBG: Adding ErrorAttribute as ErrorAttribute.g.cs.
    DBG: Adding CriticalAttribute as CriticalAttribute.g.cs.
    DBG: Adding MeterGenerationAttribute as MeterGenerationAttribute.g.cs.
    DBG: Adding MeterAttribute as MeterAttribute.g.cs.
    DBG: Adding MeterNameGenerationType as MeterNameGenerationType.g.cs.
    DBG: Adding InstrumentMeasurementAttribute as InstrumentMeasurementAttribute.g.cs.
    DBG: Adding AutoCounterAttribute as AutoCounterAttribute.g.cs.
    DBG: Adding CounterAttribute as CounterAttribute.g.cs.
    DBG: Adding UpDownCounterAttribute as UpDownCounterAttribute.g.cs.
    DBG: Adding HistogramAttribute as HistogramAttribute.g.cs.
    DBG: Adding ObservableCounterAttribute as ObservableCounterAttribute.g.cs.
    DBG: Adding ObservableGaugeAttribute as ObservableGaugeAttribute.g.cs.
    DBG: Adding ObservableUpDownCounterAttribute as ObservableUpDownCounterAttribute.g.cs.
    DBG: Adding TagAttribute as TagAttribute.g.cs.
    DBG: Adding ExcludeAttribute as ExcludeAttribute.g.cs.
    DBG: Adding TelemetryGenerationAttribute as TelemetryGenerationAttribute.g.cs.
    DBG: Adding Targets as Targets.g.cs.
    DBG: Adding NamingConvention as NamingConvention.g.cs.
    DBG: Adding ExcludeTargetsAttribute as ExcludeTargetsAttribute.g.cs.
    DBG: --- Finished adding templates.
    DBG: Found attribute: Purview.Telemetry.LoggerAttribute
    DBG: Found attribute: Purview.Telemetry.TelemetryGenerationAttribute(GenerateDependencyExtension = false)
    DBG: Found method ITestLogger.Log.
    DBG: Found 3 parameter(s) for Log.
    DBG: Logger generation target: Testing.TestLoggerCore
    DBG: Generating MS Gen-based logging class for: Testing.TestLoggerCore
    DIA: Method has multiple exception parameters, only a single one is permitted.
    DBG: Building logging method: Log
    DBG: Skipping dependency injection emit.
    
  Error output
failed Generate_GivenMethodWithGenerics_RaisesDiagnostics(2) (3s 900ms)
  [Test Failure] VerifyException: Directory: P:\GitHub\kjldev\purview-telemetry-sourcegenerator\src\Purview.Telemetry.SourceGenerator.IntegrationTests\Snapshots
Delete:
  - TelemetrySourceGeneratorLoggingTests.Generate_GivenMethodWithGenerics_RaisesDiagnostics_A4lm3p9rmpAbILTGyosqRgCf7r4DG6vIQtQ2kMC8Iis.verified.txt
Equal:
  - Received: TelemetrySourceGeneratorLoggingTests.Generate_GivenMethodWithGenerics_RaisesDiagnostics_A4lm3p9rmpAbILTGyosqRgCf7r4DG6vIQtQ2kMC8Iis#ActivityAttribute.g.received.cs
    Verified: TelemetrySourceGeneratorLoggingTests.Generate_GivenMethodWithGenerics_RaisesDiagnostics_A4lm3p9rmpAbILTGyosqRgCf7r4DG6vIQtQ2kMC8Iis#ActivityAttribute.g.verified.cs
  - Received: TelemetrySourceGeneratorLoggingTests.Generate_GivenMethodWithGenerics_RaisesDiagnostics_A4lm3p9rmpAbILTGyosqRgCf7r4DG6vIQtQ2kMC8Iis#ActivitySourceAttribute.g.received.cs
    Verified: TelemetrySourceGeneratorLoggingTests.Generate_GivenMethodWithGenerics_RaisesDiagnostics_A4lm3p9rmpAbILTGyosqRgCf7r4DG6vIQtQ2kMC8Iis#ActivitySourceAttribute.g.verified.cs
  - Received: TelemetrySourceGeneratorLoggingTests.Generate_GivenMethodWithGenerics_RaisesDiagnostics_A4lm3p9rmpAbILTGyosqRgCf7r4DG6vIQtQ2kMC8Iis#ActivitySourceGenerationAttribute.g.received.cs
    Verified: TelemetrySourceGeneratorLoggingTests.Generate_GivenMethodWithGenerics_RaisesDiagnostics_A4lm3p9rmpAbILTGyosqRgCf7r4DG6vIQtQ2kMC8Iis#ActivitySourceGenerationAttribute.g.verified.cs
  - Received: TelemetrySourceGeneratorLoggingTests.Generate_GivenMethodWithGenerics_RaisesDiagnostics_A4lm3p9rmpAbILTGyosqRgCf7r4DG6vIQtQ2kMC8Iis#AutoCounterAttribute.g.received.cs
    Verified: TelemetrySourceGeneratorLoggingTests.Generate_GivenMethodWithGenerics_RaisesDiagnostics_A4lm3p9rmpAbILTGyosqRgCf7r4DG6vIQtQ2kMC8Iis#AutoCounterAttribute.g.verified.cs
  - Received: TelemetrySourceGeneratorLoggingTests.Generate_GivenMethodWithGenerics_RaisesDiagnostics_A4lm3p9rmpAbILTGyosqRgCf7r4DG6vIQtQ2kMC8Iis#BaggageAttribute.g.received.cs
    Verified: TelemetrySourceGeneratorLoggingTests.Generate_GivenMethodWithGenerics_RaisesDiagnostics_A4lm3p9rmpAbILTGyosqRgCf7r4DG6vIQtQ2kMC8Iis#BaggageAttribute.g.verified.cs
  - Received: TelemetrySourceGeneratorLoggingTests.Generate_GivenMethodWithGenerics_RaisesDiagnostics_A4lm3p9rmpAbILTGyosqRgCf7r4DG6vIQtQ2kMC8Iis#ContextAttribute.g.received.cs
    Verified: TelemetrySourceGeneratorLoggingTests.Generate_GivenMethodWithGenerics_RaisesDiagnostics_A4lm3p9rmpAbILTGyosqRgCf7r4DG6vIQtQ2kMC8Iis#ContextAttribute.g.verified.cs
  - Received: TelemetrySourceGeneratorLoggingTests.Generate_GivenMethodWithGenerics_RaisesDiagnostics_A4lm3p9rmpAbILTGyosqRgCf7r4DG6vIQtQ2kMC8Iis#CounterAttribute.g.received.cs
    Verified: TelemetrySourceGeneratorLoggingTests.Generate_GivenMethodWithGenerics_RaisesDiagnostics_A4lm3p9rmpAbILTGyosqRgCf7r4DG6vIQtQ2kMC8Iis#CounterAttribute.g.verified.cs
  - Received: TelemetrySourceGeneratorLoggingTests.Generate_GivenMethodWithGenerics_RaisesDiagnostics_A4lm3p9rmpAbILTGyosqRgCf7r4DG6vIQtQ2kMC8Iis#CriticalAttribute.g.received.cs
    Verified: TelemetrySourceGeneratorLoggingTests.Generate_GivenMethodWithGenerics_RaisesDiagnostics_A4lm3p9rmpAbILTGyosqRgCf7r4DG6vIQtQ2kMC8Iis#CriticalAttribute.g.verified.cs
  - Received: TelemetrySourceGeneratorLoggingTests.Generate_GivenMethodWithGenerics_RaisesDiagnostics_A4lm3p9rmpAbILTGyosqRgCf7r4DG6vIQtQ2kMC8Iis#DebugAttribute.g.received.cs
    Verified: TelemetrySourceGeneratorLoggingTests.Generate_GivenMethodWithGenerics_RaisesDiagnostics_A4lm3p9rmpAbILTGyosqRgCf7r4DG6vIQtQ2kMC8Iis#DebugAttribute.g.verified.cs
  - Received: TelemetrySourceGeneratorLoggingTests.Generate_GivenMethodWithGenerics_RaisesDiagnostics_A4lm3p9rmpAbILTGyosqRgCf7r4DG6vIQtQ2kMC8Iis#ErrorAttribute.g.received.cs
    Verified: TelemetrySourceGeneratorLoggingTests.Generate_GivenMethodWithGenerics_RaisesDiagnostics_A4lm3p9rmpAbILTGyosqRgCf7r4DG6vIQtQ2kMC8Iis#ErrorAttribute.g.verified.cs
  - Received: TelemetrySourceGeneratorLoggingTests.Generate_GivenMethodWithGenerics_RaisesDiagnostics_A4lm3p9rmpAbILTGyosqRgCf7r4DG6vIQtQ2kMC8Iis#EscapeAttribute.g.received.cs
    Verified: TelemetrySourceGeneratorLoggingTests.Generate_GivenMethodWithGenerics_RaisesDiagnostics_A4lm3p9rmpAbILTGyosqRgCf7r4DG6vIQtQ2kMC8Iis#EscapeAttribute.g.verified.cs
  - Received: TelemetrySourceGeneratorLoggingTests.Generate_GivenMethodWithGenerics_RaisesDiagnostics_A4lm3p9rmpAbILTGyosqRgCf7r4DG6vIQtQ2kMC8Iis#EventAttribute.g.received.cs
    Verified: TelemetrySourceGeneratorLoggingTests.Generate_GivenMethodWithGenerics_RaisesDiagnostics_A4lm3p9rmpAbILTGyosqRgCf7r4DG6vIQtQ2kMC8Iis#EventAttribute.g.verified.cs
  - Received: TelemetrySourceGeneratorLoggingTests.Generate_GivenMethodWithGenerics_RaisesDiagnostics_A4lm3p9rmpAbILTGyosqRgCf7r4DG6vIQtQ2kMC8Iis#ExcludeAttribute.g.received.cs
    Verified: TelemetrySourceGeneratorLoggingTests.Generate_GivenMethodWithGenerics_RaisesDiagnostics_A4lm3p9rmpAbILTGyosqRgCf7r4DG6vIQtQ2kMC8Iis#ExcludeAttribute.g.verified.cs
  - Received: TelemetrySourceGeneratorLoggingTests.Generate_GivenMethodWithGenerics_RaisesDiagnostics_A4lm3p9rmpAbILTGyosqRgCf7r4DG6vIQtQ2kMC8Iis#ExcludeTargetsAttribute.g.received.cs
    Verified: TelemetrySourceGeneratorLoggingTests.Generate_GivenMethodWithGenerics_RaisesDiagnostics_A4lm3p9rmpAbILTGyosqRgCf7r4DG6vIQtQ2kMC8Iis#ExcludeTargetsAttribute.g.verified.cs
  - Received: TelemetrySourceGeneratorLoggingTests.Generate_GivenMethodWithGenerics_RaisesDiagnostics_A4lm3p9rmpAbILTGyosqRgCf7r4DG6vIQtQ2kMC8Iis#ExpandEnumerableAttribute.g.received.cs
    Verified: TelemetrySourceGeneratorLoggingTests.Generate_GivenMethodWithGenerics_RaisesDiagnostics_A4lm3p9rmpAbILTGyosqRgCf7r4DG6vIQtQ2kMC8Iis#ExpandEnumerableAttribute.g.verified.cs
  - Received: TelemetrySourceGeneratorLoggingTests.Generate_GivenMethodWithGenerics_RaisesDiagnostics_A4lm3p9rmpAbILTGyosqRgCf7r4DG6vIQtQ2kMC8Iis#HistogramAttribute.g.received.cs
    Verified: TelemetrySourceGeneratorLoggingTests.Generate_GivenMethodWithGenerics_RaisesDiagnostics_A4lm3p9rmpAbILTGyosqRgCf7r4DG6vIQtQ2kMC8Iis#HistogramAttribute.g.verified.cs
  - Received: TelemetrySourceGeneratorLoggingTests.Generate_GivenMethodWithGenerics_RaisesDiagnostics_A4lm3p9rmpAbILTGyosqRgCf7r4DG6vIQtQ2kMC8Iis#InfoAttribute.g.received.cs
    Verified: TelemetrySourceGeneratorLoggingTests.Generate_GivenMethodWithGenerics_RaisesDiagnostics_A4lm3p9rmpAbILTGyosqRgCf7r4DG6vIQtQ2kMC8Iis#InfoAttribute.g.verified.cs
  - Received: TelemetrySourceGeneratorLoggingTests.Generate_GivenMethodWithGenerics_RaisesDiagnostics_A4lm3p9rmpAbILTGyosqRgCf7r4DG6vIQtQ2kMC8Iis#InstrumentMeasurementAttribute.g.received.cs
    Verified: TelemetrySourceGeneratorLoggingTests.Generate_GivenMethodWithGenerics_RaisesDiagnostics_A4lm3p9rmpAbILTGyosqRgCf7r4DG6vIQtQ2kMC8Iis#InstrumentMeasurementAttribute.g.verified.cs
  - Received: TelemetrySourceGeneratorLoggingTests.Generate_GivenMethodWithGenerics_RaisesDiagnostics_A4lm3p9rmpAbILTGyosqRgCf7r4DG6vIQtQ2kMC8Iis#LogAttribute.g.received.cs
    Verified: TelemetrySourceGeneratorLoggingTests.Generate_GivenMethodWithGenerics_RaisesDiagnostics_A4lm3p9rmpAbILTGyosqRgCf7r4DG6vIQtQ2kMC8Iis#LogAttribute.g.verified.cs
  - Received: TelemetrySourceGeneratorLoggingTests.Generate_GivenMethodWithGenerics_RaisesDiagnostics_A4lm3p9rmpAbILTGyosqRgCf7r4DG6vIQtQ2kMC8Iis#LoggerAttribute.g.received.cs
    Verified: TelemetrySourceGeneratorLoggingTests.Generate_GivenMethodWithGenerics_RaisesDiagnostics_A4lm3p9rmpAbILTGyosqRgCf7r4DG6vIQtQ2kMC8Iis#LoggerAttribute.g.verified.cs
  - Received: TelemetrySourceGeneratorLoggingTests.Generate_GivenMethodWithGenerics_RaisesDiagnostics_A4lm3p9rmpAbILTGyosqRgCf7r4DG6vIQtQ2kMC8Iis#LoggerGenerationAttribute.g.received.cs
    Verified: TelemetrySourceGeneratorLoggingTests.Generate_GivenMethodWithGenerics_RaisesDiagnostics_A4lm3p9rmpAbILTGyosqRgCf7r4DG6vIQtQ2kMC8Iis#LoggerGenerationAttribute.g.verified.cs
  - Received: TelemetrySourceGeneratorLoggingTests.Generate_GivenMethodWithGenerics_RaisesDiagnostics_A4lm3p9rmpAbILTGyosqRgCf7r4DG6vIQtQ2kMC8Iis#LoggerGenerationMode.g.received.cs
    Verified: TelemetrySourceGeneratorLoggingTests.Generate_GivenMethodWithGenerics_RaisesDiagnostics_A4lm3p9rmpAbILTGyosqRgCf7r4DG6vIQtQ2kMC8Iis#LoggerGenerationMode.g.verified.cs
  - Received: TelemetrySourceGeneratorLoggingTests.Generate_GivenMethodWithGenerics_RaisesDiagnostics_A4lm3p9rmpAbILTGyosqRgCf7r4DG6vIQtQ2kMC8Iis#LogPrefixType.g.received.cs
    Verified: TelemetrySourceGeneratorLoggingTests.Generate_GivenMethodWithGenerics_RaisesDiagnostics_A4lm3p9rmpAbILTGyosqRgCf7r4DG6vIQtQ2kMC8Iis#LogPrefixType.g.verified.cs
  - Received: TelemetrySourceGeneratorLoggingTests.Generate_GivenMethodWithGenerics_RaisesDiagnostics_A4lm3p9rmpAbILTGyosqRgCf7r4DG6vIQtQ2kMC8Iis#MeterAttribute.g.received.cs
    Verified: TelemetrySourceGeneratorLoggingTests.Generate_GivenMethodWithGenerics_RaisesDiagnostics_A4lm3p9rmpAbILTGyosqRgCf7r4DG6vIQtQ2kMC8Iis#MeterAttribute.g.verified.cs
  - Received: TelemetrySourceGeneratorLoggingTests.Generate_GivenMethodWithGenerics_RaisesDiagnostics_A4lm3p9rmpAbILTGyosqRgCf7r4DG6vIQtQ2kMC8Iis#MeterGenerationAttribute.g.received.cs
    Verified: TelemetrySourceGeneratorLoggingTests.Generate_GivenMethodWithGenerics_RaisesDiagnostics_A4lm3p9rmpAbILTGyosqRgCf7r4DG6vIQtQ2kMC8Iis#MeterGenerationAttribute.g.verified.cs
  - Received: TelemetrySourceGeneratorLoggingTests.Generate_GivenMethodWithGenerics_RaisesDiagnostics_A4lm3p9rmpAbILTGyosqRgCf7r4DG6vIQtQ2kMC8Iis#MeterNameGenerationType.g.received.cs
    Verified: TelemetrySourceGeneratorLoggingTests.Generate_GivenMethodWithGenerics_RaisesDiagnostics_A4lm3p9rmpAbILTGyosqRgCf7r4DG6vIQtQ2kMC8Iis#MeterNameGenerationType.g.verified.cs
  - Received: TelemetrySourceGeneratorLoggingTests.Generate_GivenMethodWithGenerics_RaisesDiagnostics_A4lm3p9rmpAbILTGyosqRgCf7r4DG6vIQtQ2kMC8Iis#NamingConvention.g.received.cs
    Verified: TelemetrySourceGeneratorLoggingTests.Generate_GivenMethodWithGenerics_RaisesDiagnostics_A4lm3p9rmpAbILTGyosqRgCf7r4DG6vIQtQ2kMC8Iis#NamingConvention.g.verified.cs
  - Received: TelemetrySourceGeneratorLoggingTests.Generate_GivenMethodWithGenerics_RaisesDiagnostics_A4lm3p9rmpAbILTGyosqRgCf7r4DG6vIQtQ2kMC8Iis#ObservableCounterAttribute.g.received.cs
    Verified: TelemetrySourceGeneratorLoggingTests.Generate_GivenMethodWithGenerics_RaisesDiagnostics_A4lm3p9rmpAbILTGyosqRgCf7r4DG6vIQtQ2kMC8Iis#ObservableCounterAttribute.g.verified.cs
  - Received: TelemetrySourceGeneratorLoggingTests.Generate_GivenMethodWithGenerics_RaisesDiagnostics_A4lm3p9rmpAbILTGyosqRgCf7r4DG6vIQtQ2kMC8Iis#ObservableGaugeAttribute.g.received.cs
    Verified: TelemetrySourceGeneratorLoggingTests.Generate_GivenMethodWithGenerics_RaisesDiagnostics_A4lm3p9rmpAbILTGyosqRgCf7r4DG6vIQtQ2kMC8Iis#ObservableGaugeAttribute.g.verified.cs
  - Received: TelemetrySourceGeneratorLoggingTests.Generate_GivenMethodWithGenerics_RaisesDiagnostics_A4lm3p9rmpAbILTGyosqRgCf7r4DG6vIQtQ2kMC8Iis#ObservableUpDownCounterAttribute.g.received.cs
    Verified: TelemetrySourceGeneratorLoggingTests.Generate_GivenMethodWithGenerics_RaisesDiagnostics_A4lm3p9rmpAbILTGyosqRgCf7r4DG6vIQtQ2kMC8Iis#ObservableUpDownCounterAttribute.g.verified.cs
  - Received: TelemetrySourceGeneratorLoggingTests.Generate_GivenMethodWithGenerics_RaisesDiagnostics_A4lm3p9rmpAbILTGyosqRgCf7r4DG6vIQtQ2kMC8Iis#StatusDescriptionAttribute.g.received.cs
    Verified: TelemetrySourceGeneratorLoggingTests.Generate_GivenMethodWithGenerics_RaisesDiagnostics_A4lm3p9rmpAbILTGyosqRgCf7r4DG6vIQtQ2kMC8Iis#StatusDescriptionAttribute.g.verified.cs
  - Received: TelemetrySourceGeneratorLoggingTests.Generate_GivenMethodWithGenerics_RaisesDiagnostics_A4lm3p9rmpAbILTGyosqRgCf7r4DG6vIQtQ2kMC8Iis#TagAttribute.g.received.cs
    Verified: TelemetrySourceGeneratorLoggingTests.Generate_GivenMethodWithGenerics_RaisesDiagnostics_A4lm3p9rmpAbILTGyosqRgCf7r4DG6vIQtQ2kMC8Iis#TagAttribute.g.verified.cs
  - Received: TelemetrySourceGeneratorLoggingTests.Generate_GivenMethodWithGenerics_RaisesDiagnostics_A4lm3p9rmpAbILTGyosqRgCf7r4DG6vIQtQ2kMC8Iis#Targets.g.received.cs
    Verified: TelemetrySourceGeneratorLoggingTests.Generate_GivenMethodWithGenerics_RaisesDiagnostics_A4lm3p9rmpAbILTGyosqRgCf7r4DG6vIQtQ2kMC8Iis#Targets.g.verified.cs
  - Received: TelemetrySourceGeneratorLoggingTests.Generate_GivenMethodWithGenerics_RaisesDiagnostics_A4lm3p9rmpAbILTGyosqRgCf7r4DG6vIQtQ2kMC8Iis#TelemetryGenerationAttribute.g.received.cs
    Verified: TelemetrySourceGeneratorLoggingTests.Generate_GivenMethodWithGenerics_RaisesDiagnostics_A4lm3p9rmpAbILTGyosqRgCf7r4DG6vIQtQ2kMC8Iis#TelemetryGenerationAttribute.g.verified.cs
  - Received: TelemetrySourceGeneratorLoggingTests.Generate_GivenMethodWithGenerics_RaisesDiagnostics_A4lm3p9rmpAbILTGyosqRgCf7r4DG6vIQtQ2kMC8Iis#TraceAttribute.g.received.cs
    Verified: TelemetrySourceGeneratorLoggingTests.Generate_GivenMethodWithGenerics_RaisesDiagnostics_A4lm3p9rmpAbILTGyosqRgCf7r4DG6vIQtQ2kMC8Iis#TraceAttribute.g.verified.cs
  - Received: TelemetrySourceGeneratorLoggingTests.Generate_GivenMethodWithGenerics_RaisesDiagnostics_A4lm3p9rmpAbILTGyosqRgCf7r4DG6vIQtQ2kMC8Iis#UpDownCounterAttribute.g.received.cs
    Verified: TelemetrySourceGeneratorLoggingTests.Generate_GivenMethodWithGenerics_RaisesDiagnostics_A4lm3p9rmpAbILTGyosqRgCf7r4DG6vIQtQ2kMC8Iis#UpDownCounterAttribute.g.verified.cs
  - Received: TelemetrySourceGeneratorLoggingTests.Generate_GivenMethodWithGenerics_RaisesDiagnostics_A4lm3p9rmpAbILTGyosqRgCf7r4DG6vIQtQ2kMC8Iis#WarningAttribute.g.received.cs
    Verified: TelemetrySourceGeneratorLoggingTests.Generate_GivenMethodWithGenerics_RaisesDiagnostics_A4lm3p9rmpAbILTGyosqRgCf7r4DG6vIQtQ2kMC8Iis#WarningAttribute.g.verified.cs

  from P:\GitHub\kjldev\purview-telemetry-sourcegenerator\src\Purview.Telemetry.SourceGenerator.IntegrationTests\bin\Release\net10.0\Purview.Telemetry.SourceGenerator.IntegrationTests.dll (net10.0|x64)
  TUnit.Engine.Exceptions.TestFailedException: [Test Failure] VerifyException: Directory: P:\GitHub\kjldev\purview-telemetry-sourcegenerator\src\Purview.Telemetry.SourceGenerator.IntegrationTests\Snapshots
  Delete:
    - TelemetrySourceGeneratorLoggingTests.Generate_GivenMethodWithGenerics_RaisesDiagnostics_A4lm3p9rmpAbILTGyosqRgCf7r4DG6vIQtQ2kMC8Iis.verified.txt
  Equal:
    - Received: TelemetrySourceGeneratorLoggingTests.Generate_GivenMethodWithGenerics_RaisesDiagnostics_A4lm3p9rmpAbILTGyosqRgCf7r4DG6vIQtQ2kMC8Iis#ActivityAttribute.g.received.cs
      Verified: TelemetrySourceGeneratorLoggingTests.Generate_GivenMethodWithGenerics_RaisesDiagnostics_A4lm3p9rmpAbILTGyosqRgCf7r4DG6vIQtQ2kMC8Iis#ActivityAttribute.g.verified.cs
    - Received: TelemetrySourceGeneratorLoggingTests.Generate_GivenMethodWithGenerics_RaisesDiagnostics_A4lm3p9rmpAbILTGyosqRgCf7r4DG6vIQtQ2kMC8Iis#ActivitySourceAttribute.g.received.cs
      Verified: TelemetrySourceGeneratorLoggingTests.Generate_GivenMethodWithGenerics_RaisesDiagnostics_A4lm3p9rmpAbILTGyosqRgCf7r4DG6vIQtQ2kMC8Iis#ActivitySourceAttribute.g.verified.cs
    - Received: TelemetrySourceGeneratorLoggingTests.Generate_GivenMethodWithGenerics_RaisesDiagnostics_A4lm3p9rmpAbILTGyosqRgCf7r4DG6vIQtQ2kMC8Iis#ActivitySourceGenerationAttribute.g.received.cs
      Verified: TelemetrySourceGeneratorLoggingTests.Generate_GivenMethodWithGenerics_RaisesDiagnostics_A4lm3p9rmpAbILTGyosqRgCf7r4DG6vIQtQ2kMC8Iis#ActivitySourceGenerationAttribute.g.verified.cs
    - Received: TelemetrySourceGeneratorLoggingTests.Generate_GivenMethodWithGenerics_RaisesDiagnostics_A4lm3p9rmpAbILTGyosqRgCf7r4DG6vIQtQ2kMC8Iis#AutoCounterAttribute.g.received.cs
      Verified: TelemetrySourceGeneratorLoggingTests.Generate_GivenMethodWithGenerics_RaisesDiagnostics_A4lm3p9rmpAbILTGyosqRgCf7r4DG6vIQtQ2kMC8Iis#AutoCounterAttribute.g.verified.cs
    - Received: TelemetrySourceGeneratorLoggingTests.Generate_GivenMethodWithGenerics_RaisesDiagnostics_A4lm3p9rmpAbILTGyosqRgCf7r4DG6vIQtQ2kMC8Iis#BaggageAttribute.g.received.cs
      Verified: TelemetrySourceGeneratorLoggingTests.Generate_GivenMethodWithGenerics_RaisesDiagnostics_A4lm3p9rmpAbILTGyosqRgCf7r4DG6vIQtQ2kMC8Iis#BaggageAttribute.g.verified.cs
    - Received: TelemetrySourceGeneratorLoggingTests.Generate_GivenMethodWithGenerics_RaisesDiagnostics_A4lm3p9rmpAbILTGyosqRgCf7r4DG6vIQtQ2kMC8Iis#ContextAttribute.g.received.cs
      Verified: TelemetrySourceGeneratorLoggingTests.Generate_GivenMethodWithGenerics_RaisesDiagnostics_A4lm3p9rmpAbILTGyosqRgCf7r4DG6vIQtQ2kMC8Iis#ContextAttribute.g.verified.cs
    - Received: TelemetrySourceGeneratorLoggingTests.Generate_GivenMethodWithGenerics_RaisesDiagnostics_A4lm3p9rmpAbILTGyosqRgCf7r4DG6vIQtQ2kMC8Iis#CounterAttribute.g.received.cs
      Verified: TelemetrySourceGeneratorLoggingTests.Generate_GivenMethodWithGenerics_RaisesDiagnostics_A4lm3p9rmpAbILTGyosqRgCf7r4DG6vIQtQ2kMC8Iis#CounterAttribute.g.verified.cs
    - Received: TelemetrySourceGeneratorLoggingTests.Generate_GivenMethodWithGenerics_RaisesDiagnostics_A4lm3p9rmpAbILTGyosqRgCf7r4DG6vIQtQ2kMC8Iis#CriticalAttribute.g.received.cs
      Verified: TelemetrySourceGeneratorLoggingTests.Generate_GivenMethodWithGenerics_RaisesDiagnostics_A4lm3p9rmpAbILTGyosqRgCf7r4DG6vIQtQ2kMC8Iis#CriticalAttribute.g.verified.cs
    - Received: TelemetrySourceGeneratorLoggingTests.Generate_GivenMethodWithGenerics_RaisesDiagnostics_A4lm3p9rmpAbILTGyosqRgCf7r4DG6vIQtQ2kMC8Iis#DebugAttribute.g.received.cs
      Verified: TelemetrySourceGeneratorLoggingTests.Generate_GivenMethodWithGenerics_RaisesDiagnostics_A4lm3p9rmpAbILTGyosqRgCf7r4DG6vIQtQ2kMC8Iis#DebugAttribute.g.verified.cs
    - Received: TelemetrySourceGeneratorLoggingTests.Generate_GivenMethodWithGenerics_RaisesDiagnostics_A4lm3p9rmpAbILTGyosqRgCf7r4DG6vIQtQ2kMC8Iis#ErrorAttribute.g.received.cs
      Verified: TelemetrySourceGeneratorLoggingTests.Generate_GivenMethodWithGenerics_RaisesDiagnostics_A4lm3p9rmpAbILTGyosqRgCf7r4DG6vIQtQ2kMC8Iis#ErrorAttribute.g.verified.cs
    - Received: TelemetrySourceGeneratorLoggingTests.Generate_GivenMethodWithGenerics_RaisesDiagnostics_A4lm3p9rmpAbILTGyosqRgCf7r4DG6vIQtQ2kMC8Iis#EscapeAttribute.g.received.cs
      Verified: TelemetrySourceGeneratorLoggingTests.Generate_GivenMethodWithGenerics_RaisesDiagnostics_A4lm3p9rmpAbILTGyosqRgCf7r4DG6vIQtQ2kMC8Iis#EscapeAttribute.g.verified.cs
    - Received: TelemetrySourceGeneratorLoggingTests.Generate_GivenMethodWithGenerics_RaisesDiagnostics_A4lm3p9rmpAbILTGyosqRgCf7r4DG6vIQtQ2kMC8Iis#EventAttribute.g.received.cs
      Verified: TelemetrySourceGeneratorLoggingTests.Generate_GivenMethodWithGenerics_RaisesDiagnostics_A4lm3p9rmpAbILTGyosqRgCf7r4DG6vIQtQ2kMC8Iis#EventAttribute.g.verified.cs
    - Received: TelemetrySourceGeneratorLoggingTests.Generate_GivenMethodWithGenerics_RaisesDiagnostics_A4lm3p9rmpAbILTGyosqRgCf7r4DG6vIQtQ2kMC8Iis#ExcludeAttribute.g.received.cs
      Verified: TelemetrySourceGeneratorLoggingTests.Generate_GivenMethodWithGenerics_RaisesDiagnostics_A4lm3p9rmpAbILTGyosqRgCf7r4DG6vIQtQ2kMC8Iis#ExcludeAttribute.g.verified.cs
    - Received: TelemetrySourceGeneratorLoggingTests.Generate_GivenMethodWithGenerics_RaisesDiagnostics_A4lm3p9rmpAbILTGyosqRgCf7r4DG6vIQtQ2kMC8Iis#ExcludeTargetsAttribute.g.received.cs
      Verified: TelemetrySourceGeneratorLoggingTests.Generate_GivenMethodWithGenerics_RaisesDiagnostics_A4lm3p9rmpAbILTGyosqRgCf7r4DG6vIQtQ2kMC8Iis#ExcludeTargetsAttribute.g.verified.cs
    - Received: TelemetrySourceGeneratorLoggingTests.Generate_GivenMethodWithGenerics_RaisesDiagnostics_A4lm3p9rmpAbILTGyosqRgCf7r4DG6vIQtQ2kMC8Iis#ExpandEnumerableAttribute.g.received.cs
      Verified: TelemetrySourceGeneratorLoggingTests.Generate_GivenMethodWithGenerics_RaisesDiagnostics_A4lm3p9rmpAbILTGyosqRgCf7r4DG6vIQtQ2kMC8Iis#ExpandEnumerableAttribute.g.verified.cs
    - Received: TelemetrySourceGeneratorLoggingTests.Generate_GivenMethodWithGenerics_RaisesDiagnostics_A4lm3p9rmpAbILTGyosqRgCf7r4DG6vIQtQ2kMC8Iis#HistogramAttribute.g.received.cs
      Verified: TelemetrySourceGeneratorLoggingTests.Generate_GivenMethodWithGenerics_RaisesDiagnostics_A4lm3p9rmpAbILTGyosqRgCf7r4DG6vIQtQ2kMC8Iis#HistogramAttribute.g.verified.cs
    - Received: TelemetrySourceGeneratorLoggingTests.Generate_GivenMethodWithGenerics_RaisesDiagnostics_A4lm3p9rmpAbILTGyosqRgCf7r4DG6vIQtQ2kMC8Iis#InfoAttribute.g.received.cs
      Verified: TelemetrySourceGeneratorLoggingTests.Generate_GivenMethodWithGenerics_RaisesDiagnostics_A4lm3p9rmpAbILTGyosqRgCf7r4DG6vIQtQ2kMC8Iis#InfoAttribute.g.verified.cs
    - Received: TelemetrySourceGeneratorLoggingTests.Generate_GivenMethodWithGenerics_RaisesDiagnostics_A4lm3p9rmpAbILTGyosqRgCf7r4DG6vIQtQ2kMC8Iis#InstrumentMeasurementAttribute.g.received.cs
      Verified: TelemetrySourceGeneratorLoggingTests.Generate_GivenMethodWithGenerics_RaisesDiagnostics_A4lm3p9rmpAbILTGyosqRgCf7r4DG6vIQtQ2kMC8Iis#InstrumentMeasurementAttribute.g.verified.cs
    - Received: TelemetrySourceGeneratorLoggingTests.Generate_GivenMethodWithGenerics_RaisesDiagnostics_A4lm3p9rmpAbILTGyosqRgCf7r4DG6vIQtQ2kMC8Iis#LogAttribute.g.received.cs
      Verified: TelemetrySourceGeneratorLoggingTests.Generate_GivenMethodWithGenerics_RaisesDiagnostics_A4lm3p9rmpAbILTGyosqRgCf7r4DG6vIQtQ2kMC8Iis#LogAttribute.g.verified.cs
    - Received: TelemetrySourceGeneratorLoggingTests.Generate_GivenMethodWithGenerics_RaisesDiagnostics_A4lm3p9rmpAbILTGyosqRgCf7r4DG6vIQtQ2kMC8Iis#LoggerAttribute.g.received.cs
      Verified: TelemetrySourceGeneratorLoggingTests.Generate_GivenMethodWithGenerics_RaisesDiagnostics_A4lm3p9rmpAbILTGyosqRgCf7r4DG6vIQtQ2kMC8Iis#LoggerAttribute.g.verified.cs
    - Received: TelemetrySourceGeneratorLoggingTests.Generate_GivenMethodWithGenerics_RaisesDiagnostics_A4lm3p9rmpAbILTGyosqRgCf7r4DG6vIQtQ2kMC8Iis#LoggerGenerationAttribute.g.received.cs
      Verified: TelemetrySourceGeneratorLoggingTests.Generate_GivenMethodWithGenerics_RaisesDiagnostics_A4lm3p9rmpAbILTGyosqRgCf7r4DG6vIQtQ2kMC8Iis#LoggerGenerationAttribute.g.verified.cs
    - Received: TelemetrySourceGeneratorLoggingTests.Generate_GivenMethodWithGenerics_RaisesDiagnostics_A4lm3p9rmpAbILTGyosqRgCf7r4DG6vIQtQ2kMC8Iis#LoggerGenerationMode.g.received.cs
      Verified: TelemetrySourceGeneratorLoggingTests.Generate_GivenMethodWithGenerics_RaisesDiagnostics_A4lm3p9rmpAbILTGyosqRgCf7r4DG6vIQtQ2kMC8Iis#LoggerGenerationMode.g.verified.cs
    - Received: TelemetrySourceGeneratorLoggingTests.Generate_GivenMethodWithGenerics_RaisesDiagnostics_A4lm3p9rmpAbILTGyosqRgCf7r4DG6vIQtQ2kMC8Iis#LogPrefixType.g.received.cs
      Verified: TelemetrySourceGeneratorLoggingTests.Generate_GivenMethodWithGenerics_RaisesDiagnostics_A4lm3p9rmpAbILTGyosqRgCf7r4DG6vIQtQ2kMC8Iis#LogPrefixType.g.verified.cs
    - Received: TelemetrySourceGeneratorLoggingTests.Generate_GivenMethodWithGenerics_RaisesDiagnostics_A4lm3p9rmpAbILTGyosqRgCf7r4DG6vIQtQ2kMC8Iis#MeterAttribute.g.received.cs
      Verified: TelemetrySourceGeneratorLoggingTests.Generate_GivenMethodWithGenerics_RaisesDiagnostics_A4lm3p9rmpAbILTGyosqRgCf7r4DG6vIQtQ2kMC8Iis#MeterAttribute.g.verified.cs
    - Received: TelemetrySourceGeneratorLoggingTests.Generate_GivenMethodWithGenerics_RaisesDiagnostics_A4lm3p9rmpAbILTGyosqRgCf7r4DG6vIQtQ2kMC8Iis#MeterGenerationAttribute.g.received.cs
      Verified: TelemetrySourceGeneratorLoggingTests.Generate_GivenMethodWithGenerics_RaisesDiagnostics_A4lm3p9rmpAbILTGyosqRgCf7r4DG6vIQtQ2kMC8Iis#MeterGenerationAttribute.g.verified.cs
    - Received: TelemetrySourceGeneratorLoggingTests.Generate_GivenMethodWithGenerics_RaisesDiagnostics_A4lm3p9rmpAbILTGyosqRgCf7r4DG6vIQtQ2kMC8Iis#MeterNameGenerationType.g.received.cs
      Verified: TelemetrySourceGeneratorLoggingTests.Generate_GivenMethodWithGenerics_RaisesDiagnostics_A4lm3p9rmpAbILTGyosqRgCf7r4DG6vIQtQ2kMC8Iis#MeterNameGenerationType.g.verified.cs
    - Received: TelemetrySourceGeneratorLoggingTests.Generate_GivenMethodWithGenerics_RaisesDiagnostics_A4lm3p9rmpAbILTGyosqRgCf7r4DG6vIQtQ2kMC8Iis#NamingConvention.g.received.cs
      Verified: TelemetrySourceGeneratorLoggingTests.Generate_GivenMethodWithGenerics_RaisesDiagnostics_A4lm3p9rmpAbILTGyosqRgCf7r4DG6vIQtQ2kMC8Iis#NamingConvention.g.verified.cs
    - Received: TelemetrySourceGeneratorLoggingTests.Generate_GivenMethodWithGenerics_RaisesDiagnostics_A4lm3p9rmpAbILTGyosqRgCf7r4DG6vIQtQ2kMC8Iis#ObservableCounterAttribute.g.received.cs
      Verified: TelemetrySourceGeneratorLoggingTests.Generate_GivenMethodWithGenerics_RaisesDiagnostics_A4lm3p9rmpAbILTGyosqRgCf7r4DG6vIQtQ2kMC8Iis#ObservableCounterAttribute.g.verified.cs
    - Received: TelemetrySourceGeneratorLoggingTests.Generate_GivenMethodWithGenerics_RaisesDiagnostics_A4lm3p9rmpAbILTGyosqRgCf7r4DG6vIQtQ2kMC8Iis#ObservableGaugeAttribute.g.received.cs
      Verified: TelemetrySourceGeneratorLoggingTests.Generate_GivenMethodWithGenerics_RaisesDiagnostics_A4lm3p9rmpAbILTGyosqRgCf7r4DG6vIQtQ2kMC8Iis#ObservableGaugeAttribute.g.verified.cs
    - Received: TelemetrySourceGeneratorLoggingTests.Generate_GivenMethodWithGenerics_RaisesDiagnostics_A4lm3p9rmpAbILTGyosqRgCf7r4DG6vIQtQ2kMC8Iis#ObservableUpDownCounterAttribute.g.received.cs
      Verified: TelemetrySourceGeneratorLoggingTests.Generate_GivenMethodWithGenerics_RaisesDiagnostics_A4lm3p9rmpAbILTGyosqRgCf7r4DG6vIQtQ2kMC8Iis#ObservableUpDownCounterAttribute.g.verified.cs
    - Received: TelemetrySourceGeneratorLoggingTests.Generate_GivenMethodWithGenerics_RaisesDiagnostics_A4lm3p9rmpAbILTGyosqRgCf7r4DG6vIQtQ2kMC8Iis#StatusDescriptionAttribute.g.received.cs
      Verified: TelemetrySourceGeneratorLoggingTests.Generate_GivenMethodWithGenerics_RaisesDiagnostics_A4lm3p9rmpAbILTGyosqRgCf7r4DG6vIQtQ2kMC8Iis#StatusDescriptionAttribute.g.verified.cs
    - Received: TelemetrySourceGeneratorLoggingTests.Generate_GivenMethodWithGenerics_RaisesDiagnostics_A4lm3p9rmpAbILTGyosqRgCf7r4DG6vIQtQ2kMC8Iis#TagAttribute.g.received.cs
      Verified: TelemetrySourceGeneratorLoggingTests.Generate_GivenMethodWithGenerics_RaisesDiagnostics_A4lm3p9rmpAbILTGyosqRgCf7r4DG6vIQtQ2kMC8Iis#TagAttribute.g.verified.cs
    - Received: TelemetrySourceGeneratorLoggingTests.Generate_GivenMethodWithGenerics_RaisesDiagnostics_A4lm3p9rmpAbILTGyosqRgCf7r4DG6vIQtQ2kMC8Iis#Targets.g.received.cs
      Verified: TelemetrySourceGeneratorLoggingTests.Generate_GivenMethodWithGenerics_RaisesDiagnostics_A4lm3p9rmpAbILTGyosqRgCf7r4DG6vIQtQ2kMC8Iis#Targets.g.verified.cs
    - Received: TelemetrySourceGeneratorLoggingTests.Generate_GivenMethodWithGenerics_RaisesDiagnostics_A4lm3p9rmpAbILTGyosqRgCf7r4DG6vIQtQ2kMC8Iis#TelemetryGenerationAttribute.g.received.cs
      Verified: TelemetrySourceGeneratorLoggingTests.Generate_GivenMethodWithGenerics_RaisesDiagnostics_A4lm3p9rmpAbILTGyosqRgCf7r4DG6vIQtQ2kMC8Iis#TelemetryGenerationAttribute.g.verified.cs
    - Received: TelemetrySourceGeneratorLoggingTests.Generate_GivenMethodWithGenerics_RaisesDiagnostics_A4lm3p9rmpAbILTGyosqRgCf7r4DG6vIQtQ2kMC8Iis#TraceAttribute.g.received.cs
      Verified: TelemetrySourceGeneratorLoggingTests.Generate_GivenMethodWithGenerics_RaisesDiagnostics_A4lm3p9rmpAbILTGyosqRgCf7r4DG6vIQtQ2kMC8Iis#TraceAttribute.g.verified.cs
    - Received: TelemetrySourceGeneratorLoggingTests.Generate_GivenMethodWithGenerics_RaisesDiagnostics_A4lm3p9rmpAbILTGyosqRgCf7r4DG6vIQtQ2kMC8Iis#UpDownCounterAttribute.g.received.cs
      Verified: TelemetrySourceGeneratorLoggingTests.Generate_GivenMethodWithGenerics_RaisesDiagnostics_A4lm3p9rmpAbILTGyosqRgCf7r4DG6vIQtQ2kMC8Iis#UpDownCounterAttribute.g.verified.cs
    - Received: TelemetrySourceGeneratorLoggingTests.Generate_GivenMethodWithGenerics_RaisesDiagnostics_A4lm3p9rmpAbILTGyosqRgCf7r4DG6vIQtQ2kMC8Iis#WarningAttribute.g.received.cs
      Verified: TelemetrySourceGeneratorLoggingTests.Generate_GivenMethodWithGenerics_RaisesDiagnostics_A4lm3p9rmpAbILTGyosqRgCf7r4DG6vIQtQ2kMC8Iis#WarningAttribute.g.verified.cs
  
  Standard output
    DBG: --- Adding templates.
    DBG: Adding ActivitySourceGenerationAttribute as ActivitySourceGenerationAttribute.g.cs.
    DBG: Adding ActivitySourceAttribute as ActivitySourceAttribute.g.cs.
    DBG: Adding ActivityAttribute as ActivityAttribute.g.cs.
    DBG: Adding EventAttribute as EventAttribute.g.cs.
    DBG: Adding ContextAttribute as ContextAttribute.g.cs.
    DBG: Adding BaggageAttribute as BaggageAttribute.g.cs.
    DBG: Adding EscapeAttribute as EscapeAttribute.g.cs.
    DBG: Adding StatusDescriptionAttribute as StatusDescriptionAttribute.g.cs.
    DBG: Adding LoggerGenerationAttribute as LoggerGenerationAttribute.g.cs.
    DBG: Adding LoggerAttribute as LoggerAttribute.g.cs.
    DBG: Adding LogAttribute as LogAttribute.g.cs.
    DBG: Adding LogPrefixType as LogPrefixType.g.cs.
    DBG: Adding LoggerGenerationMode as LoggerGenerationMode.g.cs.
    DBG: Adding ExpandEnumerableAttribute as ExpandEnumerableAttribute.g.cs.
    DBG: Adding TraceAttribute as TraceAttribute.g.cs.
    DBG: Adding DebugAttribute as DebugAttribute.g.cs.
    DBG: Adding InfoAttribute as InfoAttribute.g.cs.
    DBG: Adding WarningAttribute as WarningAttribute.g.cs.
    DBG: Adding ErrorAttribute as ErrorAttribute.g.cs.
    DBG: Adding CriticalAttribute as CriticalAttribute.g.cs.
    DBG: Adding MeterGenerationAttribute as MeterGenerationAttribute.g.cs.
    DBG: Adding MeterAttribute as MeterAttribute.g.cs.
    DBG: Adding MeterNameGenerationType as MeterNameGenerationType.g.cs.
    DBG: Adding InstrumentMeasurementAttribute as InstrumentMeasurementAttribute.g.cs.
    DBG: Adding AutoCounterAttribute as AutoCounterAttribute.g.cs.
    DBG: Adding CounterAttribute as CounterAttribute.g.cs.
    DBG: Adding UpDownCounterAttribute as UpDownCounterAttribute.g.cs.
    DBG: Adding HistogramAttribute as HistogramAttribute.g.cs.
    DBG: Adding ObservableCounterAttribute as ObservableCounterAttribute.g.cs.
    DBG: Adding ObservableGaugeAttribute as ObservableGaugeAttribute.g.cs.
    DBG: Adding ObservableUpDownCounterAttribute as ObservableUpDownCounterAttribute.g.cs.
    DBG: Adding TagAttribute as TagAttribute.g.cs.
    DBG: Adding ExcludeAttribute as ExcludeAttribute.g.cs.
    DBG: Adding TelemetryGenerationAttribute as TelemetryGenerationAttribute.g.cs.
    DBG: Adding Targets as Targets.g.cs.
    DBG: Adding NamingConvention as NamingConvention.g.cs.
    DBG: Adding ExcludeTargetsAttribute as ExcludeTargetsAttribute.g.cs.
    DBG: --- Finished adding templates.
    DIA: Cannot generate a Logger target for a generic interface '[Logger] public interface ITestLogger<T0, T1> { void LogEntryWithGenericTypeParam(); }'.
    
  Error output
failed Generate_GivenMethodWithGenerics_RaisesDiagnostics(1) (4s 025ms)
  [Test Failure] VerifyException: Directory: P:\GitHub\kjldev\purview-telemetry-sourcegenerator\src\Purview.Telemetry.SourceGenerator.IntegrationTests\Snapshots
Delete:
  - TelemetrySourceGeneratorLoggingTests.Generate_GivenMethodWithGenerics_RaisesDiagnostics_CAqe1ChVnvYCZotMAPEU8aEcP2sCpDXwvcFUV45NfyI.verified.txt
Equal:
  - Received: TelemetrySourceGeneratorLoggingTests.Generate_GivenMethodWithGenerics_RaisesDiagnostics_CAqe1ChVnvYCZotMAPEU8aEcP2sCpDXwvcFUV45NfyI#ActivityAttribute.g.received.cs
    Verified: TelemetrySourceGeneratorLoggingTests.Generate_GivenMethodWithGenerics_RaisesDiagnostics_CAqe1ChVnvYCZotMAPEU8aEcP2sCpDXwvcFUV45NfyI#ActivityAttribute.g.verified.cs
  - Received: TelemetrySourceGeneratorLoggingTests.Generate_GivenMethodWithGenerics_RaisesDiagnostics_CAqe1ChVnvYCZotMAPEU8aEcP2sCpDXwvcFUV45NfyI#ActivitySourceAttribute.g.received.cs
    Verified: TelemetrySourceGeneratorLoggingTests.Generate_GivenMethodWithGenerics_RaisesDiagnostics_CAqe1ChVnvYCZotMAPEU8aEcP2sCpDXwvcFUV45NfyI#ActivitySourceAttribute.g.verified.cs
  - Received: TelemetrySourceGeneratorLoggingTests.Generate_GivenMethodWithGenerics_RaisesDiagnostics_CAqe1ChVnvYCZotMAPEU8aEcP2sCpDXwvcFUV45NfyI#ActivitySourceGenerationAttribute.g.received.cs
    Verified: TelemetrySourceGeneratorLoggingTests.Generate_GivenMethodWithGenerics_RaisesDiagnostics_CAqe1ChVnvYCZotMAPEU8aEcP2sCpDXwvcFUV45NfyI#ActivitySourceGenerationAttribute.g.verified.cs
  - Received: TelemetrySourceGeneratorLoggingTests.Generate_GivenMethodWithGenerics_RaisesDiagnostics_CAqe1ChVnvYCZotMAPEU8aEcP2sCpDXwvcFUV45NfyI#AutoCounterAttribute.g.received.cs
    Verified: TelemetrySourceGeneratorLoggingTests.Generate_GivenMethodWithGenerics_RaisesDiagnostics_CAqe1ChVnvYCZotMAPEU8aEcP2sCpDXwvcFUV45NfyI#AutoCounterAttribute.g.verified.cs
  - Received: TelemetrySourceGeneratorLoggingTests.Generate_GivenMethodWithGenerics_RaisesDiagnostics_CAqe1ChVnvYCZotMAPEU8aEcP2sCpDXwvcFUV45NfyI#BaggageAttribute.g.received.cs
    Verified: TelemetrySourceGeneratorLoggingTests.Generate_GivenMethodWithGenerics_RaisesDiagnostics_CAqe1ChVnvYCZotMAPEU8aEcP2sCpDXwvcFUV45NfyI#BaggageAttribute.g.verified.cs
  - Received: TelemetrySourceGeneratorLoggingTests.Generate_GivenMethodWithGenerics_RaisesDiagnostics_CAqe1ChVnvYCZotMAPEU8aEcP2sCpDXwvcFUV45NfyI#ContextAttribute.g.received.cs
    Verified: TelemetrySourceGeneratorLoggingTests.Generate_GivenMethodWithGenerics_RaisesDiagnostics_CAqe1ChVnvYCZotMAPEU8aEcP2sCpDXwvcFUV45NfyI#ContextAttribute.g.verified.cs
  - Received: TelemetrySourceGeneratorLoggingTests.Generate_GivenMethodWithGenerics_RaisesDiagnostics_CAqe1ChVnvYCZotMAPEU8aEcP2sCpDXwvcFUV45NfyI#CounterAttribute.g.received.cs
    Verified: TelemetrySourceGeneratorLoggingTests.Generate_GivenMethodWithGenerics_RaisesDiagnostics_CAqe1ChVnvYCZotMAPEU8aEcP2sCpDXwvcFUV45NfyI#CounterAttribute.g.verified.cs
  - Received: TelemetrySourceGeneratorLoggingTests.Generate_GivenMethodWithGenerics_RaisesDiagnostics_CAqe1ChVnvYCZotMAPEU8aEcP2sCpDXwvcFUV45NfyI#CriticalAttribute.g.received.cs
    Verified: TelemetrySourceGeneratorLoggingTests.Generate_GivenMethodWithGenerics_RaisesDiagnostics_CAqe1ChVnvYCZotMAPEU8aEcP2sCpDXwvcFUV45NfyI#CriticalAttribute.g.verified.cs
  - Received: TelemetrySourceGeneratorLoggingTests.Generate_GivenMethodWithGenerics_RaisesDiagnostics_CAqe1ChVnvYCZotMAPEU8aEcP2sCpDXwvcFUV45NfyI#DebugAttribute.g.received.cs
    Verified: TelemetrySourceGeneratorLoggingTests.Generate_GivenMethodWithGenerics_RaisesDiagnostics_CAqe1ChVnvYCZotMAPEU8aEcP2sCpDXwvcFUV45NfyI#DebugAttribute.g.verified.cs
  - Received: TelemetrySourceGeneratorLoggingTests.Generate_GivenMethodWithGenerics_RaisesDiagnostics_CAqe1ChVnvYCZotMAPEU8aEcP2sCpDXwvcFUV45NfyI#ErrorAttribute.g.received.cs
    Verified: TelemetrySourceGeneratorLoggingTests.Generate_GivenMethodWithGenerics_RaisesDiagnostics_CAqe1ChVnvYCZotMAPEU8aEcP2sCpDXwvcFUV45NfyI#ErrorAttribute.g.verified.cs
  - Received: TelemetrySourceGeneratorLoggingTests.Generate_GivenMethodWithGenerics_RaisesDiagnostics_CAqe1ChVnvYCZotMAPEU8aEcP2sCpDXwvcFUV45NfyI#EscapeAttribute.g.received.cs
    Verified: TelemetrySourceGeneratorLoggingTests.Generate_GivenMethodWithGenerics_RaisesDiagnostics_CAqe1ChVnvYCZotMAPEU8aEcP2sCpDXwvcFUV45NfyI#EscapeAttribute.g.verified.cs
  - Received: TelemetrySourceGeneratorLoggingTests.Generate_GivenMethodWithGenerics_RaisesDiagnostics_CAqe1ChVnvYCZotMAPEU8aEcP2sCpDXwvcFUV45NfyI#EventAttribute.g.received.cs
    Verified: TelemetrySourceGeneratorLoggingTests.Generate_GivenMethodWithGenerics_RaisesDiagnostics_CAqe1ChVnvYCZotMAPEU8aEcP2sCpDXwvcFUV45NfyI#EventAttribute.g.verified.cs
  - Received: TelemetrySourceGeneratorLoggingTests.Generate_GivenMethodWithGenerics_RaisesDiagnostics_CAqe1ChVnvYCZotMAPEU8aEcP2sCpDXwvcFUV45NfyI#ExcludeAttribute.g.received.cs
    Verified: TelemetrySourceGeneratorLoggingTests.Generate_GivenMethodWithGenerics_RaisesDiagnostics_CAqe1ChVnvYCZotMAPEU8aEcP2sCpDXwvcFUV45NfyI#ExcludeAttribute.g.verified.cs
  - Received: TelemetrySourceGeneratorLoggingTests.Generate_GivenMethodWithGenerics_RaisesDiagnostics_CAqe1ChVnvYCZotMAPEU8aEcP2sCpDXwvcFUV45NfyI#ExcludeTargetsAttribute.g.received.cs
    Verified: TelemetrySourceGeneratorLoggingTests.Generate_GivenMethodWithGenerics_RaisesDiagnostics_CAqe1ChVnvYCZotMAPEU8aEcP2sCpDXwvcFUV45NfyI#ExcludeTargetsAttribute.g.verified.cs
  - Received: TelemetrySourceGeneratorLoggingTests.Generate_GivenMethodWithGenerics_RaisesDiagnostics_CAqe1ChVnvYCZotMAPEU8aEcP2sCpDXwvcFUV45NfyI#ExpandEnumerableAttribute.g.received.cs
    Verified: TelemetrySourceGeneratorLoggingTests.Generate_GivenMethodWithGenerics_RaisesDiagnostics_CAqe1ChVnvYCZotMAPEU8aEcP2sCpDXwvcFUV45NfyI#ExpandEnumerableAttribute.g.verified.cs
  - Received: TelemetrySourceGeneratorLoggingTests.Generate_GivenMethodWithGenerics_RaisesDiagnostics_CAqe1ChVnvYCZotMAPEU8aEcP2sCpDXwvcFUV45NfyI#HistogramAttribute.g.received.cs
    Verified: TelemetrySourceGeneratorLoggingTests.Generate_GivenMethodWithGenerics_RaisesDiagnostics_CAqe1ChVnvYCZotMAPEU8aEcP2sCpDXwvcFUV45NfyI#HistogramAttribute.g.verified.cs
  - Received: TelemetrySourceGeneratorLoggingTests.Generate_GivenMethodWithGenerics_RaisesDiagnostics_CAqe1ChVnvYCZotMAPEU8aEcP2sCpDXwvcFUV45NfyI#InfoAttribute.g.received.cs
    Verified: TelemetrySourceGeneratorLoggingTests.Generate_GivenMethodWithGenerics_RaisesDiagnostics_CAqe1ChVnvYCZotMAPEU8aEcP2sCpDXwvcFUV45NfyI#InfoAttribute.g.verified.cs
  - Received: TelemetrySourceGeneratorLoggingTests.Generate_GivenMethodWithGenerics_RaisesDiagnostics_CAqe1ChVnvYCZotMAPEU8aEcP2sCpDXwvcFUV45NfyI#InstrumentMeasurementAttribute.g.received.cs
    Verified: TelemetrySourceGeneratorLoggingTests.Generate_GivenMethodWithGenerics_RaisesDiagnostics_CAqe1ChVnvYCZotMAPEU8aEcP2sCpDXwvcFUV45NfyI#InstrumentMeasurementAttribute.g.verified.cs
  - Received: TelemetrySourceGeneratorLoggingTests.Generate_GivenMethodWithGenerics_RaisesDiagnostics_CAqe1ChVnvYCZotMAPEU8aEcP2sCpDXwvcFUV45NfyI#LogAttribute.g.received.cs
    Verified: TelemetrySourceGeneratorLoggingTests.Generate_GivenMethodWithGenerics_RaisesDiagnostics_CAqe1ChVnvYCZotMAPEU8aEcP2sCpDXwvcFUV45NfyI#LogAttribute.g.verified.cs
  - Received: TelemetrySourceGeneratorLoggingTests.Generate_GivenMethodWithGenerics_RaisesDiagnostics_CAqe1ChVnvYCZotMAPEU8aEcP2sCpDXwvcFUV45NfyI#LoggerAttribute.g.received.cs
    Verified: TelemetrySourceGeneratorLoggingTests.Generate_GivenMethodWithGenerics_RaisesDiagnostics_CAqe1ChVnvYCZotMAPEU8aEcP2sCpDXwvcFUV45NfyI#LoggerAttribute.g.verified.cs
  - Received: TelemetrySourceGeneratorLoggingTests.Generate_GivenMethodWithGenerics_RaisesDiagnostics_CAqe1ChVnvYCZotMAPEU8aEcP2sCpDXwvcFUV45NfyI#LoggerGenerationAttribute.g.received.cs
    Verified: TelemetrySourceGeneratorLoggingTests.Generate_GivenMethodWithGenerics_RaisesDiagnostics_CAqe1ChVnvYCZotMAPEU8aEcP2sCpDXwvcFUV45NfyI#LoggerGenerationAttribute.g.verified.cs
  - Received: TelemetrySourceGeneratorLoggingTests.Generate_GivenMethodWithGenerics_RaisesDiagnostics_CAqe1ChVnvYCZotMAPEU8aEcP2sCpDXwvcFUV45NfyI#LoggerGenerationMode.g.received.cs
    Verified: TelemetrySourceGeneratorLoggingTests.Generate_GivenMethodWithGenerics_RaisesDiagnostics_CAqe1ChVnvYCZotMAPEU8aEcP2sCpDXwvcFUV45NfyI#LoggerGenerationMode.g.verified.cs
  - Received: TelemetrySourceGeneratorLoggingTests.Generate_GivenMethodWithGenerics_RaisesDiagnostics_CAqe1ChVnvYCZotMAPEU8aEcP2sCpDXwvcFUV45NfyI#LogPrefixType.g.received.cs
    Verified: TelemetrySourceGeneratorLoggingTests.Generate_GivenMethodWithGenerics_RaisesDiagnostics_CAqe1ChVnvYCZotMAPEU8aEcP2sCpDXwvcFUV45NfyI#LogPrefixType.g.verified.cs
  - Received: TelemetrySourceGeneratorLoggingTests.Generate_GivenMethodWithGenerics_RaisesDiagnostics_CAqe1ChVnvYCZotMAPEU8aEcP2sCpDXwvcFUV45NfyI#MeterAttribute.g.received.cs
    Verified: TelemetrySourceGeneratorLoggingTests.Generate_GivenMethodWithGenerics_RaisesDiagnostics_CAqe1ChVnvYCZotMAPEU8aEcP2sCpDXwvcFUV45NfyI#MeterAttribute.g.verified.cs
  - Received: TelemetrySourceGeneratorLoggingTests.Generate_GivenMethodWithGenerics_RaisesDiagnostics_CAqe1ChVnvYCZotMAPEU8aEcP2sCpDXwvcFUV45NfyI#MeterGenerationAttribute.g.received.cs
    Verified: TelemetrySourceGeneratorLoggingTests.Generate_GivenMethodWithGenerics_RaisesDiagnostics_CAqe1ChVnvYCZotMAPEU8aEcP2sCpDXwvcFUV45NfyI#MeterGenerationAttribute.g.verified.cs
  - Received: TelemetrySourceGeneratorLoggingTests.Generate_GivenMethodWithGenerics_RaisesDiagnostics_CAqe1ChVnvYCZotMAPEU8aEcP2sCpDXwvcFUV45NfyI#MeterNameGenerationType.g.received.cs
    Verified: TelemetrySourceGeneratorLoggingTests.Generate_GivenMethodWithGenerics_RaisesDiagnostics_CAqe1ChVnvYCZotMAPEU8aEcP2sCpDXwvcFUV45NfyI#MeterNameGenerationType.g.verified.cs
  - Received: TelemetrySourceGeneratorLoggingTests.Generate_GivenMethodWithGenerics_RaisesDiagnostics_CAqe1ChVnvYCZotMAPEU8aEcP2sCpDXwvcFUV45NfyI#NamingConvention.g.received.cs
    Verified: TelemetrySourceGeneratorLoggingTests.Generate_GivenMethodWithGenerics_RaisesDiagnostics_CAqe1ChVnvYCZotMAPEU8aEcP2sCpDXwvcFUV45NfyI#NamingConvention.g.verified.cs
  - Received: TelemetrySourceGeneratorLoggingTests.Generate_GivenMethodWithGenerics_RaisesDiagnostics_CAqe1ChVnvYCZotMAPEU8aEcP2sCpDXwvcFUV45NfyI#ObservableCounterAttribute.g.received.cs
    Verified: TelemetrySourceGeneratorLoggingTests.Generate_GivenMethodWithGenerics_RaisesDiagnostics_CAqe1ChVnvYCZotMAPEU8aEcP2sCpDXwvcFUV45NfyI#ObservableCounterAttribute.g.verified.cs
  - Received: TelemetrySourceGeneratorLoggingTests.Generate_GivenMethodWithGenerics_RaisesDiagnostics_CAqe1ChVnvYCZotMAPEU8aEcP2sCpDXwvcFUV45NfyI#ObservableGaugeAttribute.g.received.cs
    Verified: TelemetrySourceGeneratorLoggingTests.Generate_GivenMethodWithGenerics_RaisesDiagnostics_CAqe1ChVnvYCZotMAPEU8aEcP2sCpDXwvcFUV45NfyI#ObservableGaugeAttribute.g.verified.cs
  - Received: TelemetrySourceGeneratorLoggingTests.Generate_GivenMethodWithGenerics_RaisesDiagnostics_CAqe1ChVnvYCZotMAPEU8aEcP2sCpDXwvcFUV45NfyI#ObservableUpDownCounterAttribute.g.received.cs
    Verified: TelemetrySourceGeneratorLoggingTests.Generate_GivenMethodWithGenerics_RaisesDiagnostics_CAqe1ChVnvYCZotMAPEU8aEcP2sCpDXwvcFUV45NfyI#ObservableUpDownCounterAttribute.g.verified.cs
  - Received: TelemetrySourceGeneratorLoggingTests.Generate_GivenMethodWithGenerics_RaisesDiagnostics_CAqe1ChVnvYCZotMAPEU8aEcP2sCpDXwvcFUV45NfyI#StatusDescriptionAttribute.g.received.cs
    Verified: TelemetrySourceGeneratorLoggingTests.Generate_GivenMethodWithGenerics_RaisesDiagnostics_CAqe1ChVnvYCZotMAPEU8aEcP2sCpDXwvcFUV45NfyI#StatusDescriptionAttribute.g.verified.cs
  - Received: TelemetrySourceGeneratorLoggingTests.Generate_GivenMethodWithGenerics_RaisesDiagnostics_CAqe1ChVnvYCZotMAPEU8aEcP2sCpDXwvcFUV45NfyI#TagAttribute.g.received.cs
    Verified: TelemetrySourceGeneratorLoggingTests.Generate_GivenMethodWithGenerics_RaisesDiagnostics_CAqe1ChVnvYCZotMAPEU8aEcP2sCpDXwvcFUV45NfyI#TagAttribute.g.verified.cs
  - Received: TelemetrySourceGeneratorLoggingTests.Generate_GivenMethodWithGenerics_RaisesDiagnostics_CAqe1ChVnvYCZotMAPEU8aEcP2sCpDXwvcFUV45NfyI#Targets.g.received.cs
    Verified: TelemetrySourceGeneratorLoggingTests.Generate_GivenMethodWithGenerics_RaisesDiagnostics_CAqe1ChVnvYCZotMAPEU8aEcP2sCpDXwvcFUV45NfyI#Targets.g.verified.cs
  - Received: TelemetrySourceGeneratorLoggingTests.Generate_GivenMethodWithGenerics_RaisesDiagnostics_CAqe1ChVnvYCZotMAPEU8aEcP2sCpDXwvcFUV45NfyI#TelemetryGenerationAttribute.g.received.cs
    Verified: TelemetrySourceGeneratorLoggingTests.Generate_GivenMethodWithGenerics_RaisesDiagnostics_CAqe1ChVnvYCZotMAPEU8aEcP2sCpDXwvcFUV45NfyI#TelemetryGenerationAttribute.g.verified.cs
  - Received: TelemetrySourceGeneratorLoggingTests.Generate_GivenMethodWithGenerics_RaisesDiagnostics_CAqe1ChVnvYCZotMAPEU8aEcP2sCpDXwvcFUV45NfyI#TraceAttribute.g.received.cs
    Verified: TelemetrySourceGeneratorLoggingTests.Generate_GivenMethodWithGenerics_RaisesDiagnostics_CAqe1ChVnvYCZotMAPEU8aEcP2sCpDXwvcFUV45NfyI#TraceAttribute.g.verified.cs
  - Received: TelemetrySourceGeneratorLoggingTests.Generate_GivenMethodWithGenerics_RaisesDiagnostics_CAqe1ChVnvYCZotMAPEU8aEcP2sCpDXwvcFUV45NfyI#UpDownCounterAttribute.g.received.cs
    Verified: TelemetrySourceGeneratorLoggingTests.Generate_GivenMethodWithGenerics_RaisesDiagnostics_CAqe1ChVnvYCZotMAPEU8aEcP2sCpDXwvcFUV45NfyI#UpDownCounterAttribute.g.verified.cs
  - Received: TelemetrySourceGeneratorLoggingTests.Generate_GivenMethodWithGenerics_RaisesDiagnostics_CAqe1ChVnvYCZotMAPEU8aEcP2sCpDXwvcFUV45NfyI#WarningAttribute.g.received.cs
    Verified: TelemetrySourceGeneratorLoggingTests.Generate_GivenMethodWithGenerics_RaisesDiagnostics_CAqe1ChVnvYCZotMAPEU8aEcP2sCpDXwvcFUV45NfyI#WarningAttribute.g.verified.cs

  from P:\GitHub\kjldev\purview-telemetry-sourcegenerator\src\Purview.Telemetry.SourceGenerator.IntegrationTests\bin\Release\net10.0\Purview.Telemetry.SourceGenerator.IntegrationTests.dll (net10.0|x64)
  TUnit.Engine.Exceptions.TestFailedException: [Test Failure] VerifyException: Directory: P:\GitHub\kjldev\purview-telemetry-sourcegenerator\src\Purview.Telemetry.SourceGenerator.IntegrationTests\Snapshots
  Delete:
    - TelemetrySourceGeneratorLoggingTests.Generate_GivenMethodWithGenerics_RaisesDiagnostics_CAqe1ChVnvYCZotMAPEU8aEcP2sCpDXwvcFUV45NfyI.verified.txt
  Equal:
    - Received: TelemetrySourceGeneratorLoggingTests.Generate_GivenMethodWithGenerics_RaisesDiagnostics_CAqe1ChVnvYCZotMAPEU8aEcP2sCpDXwvcFUV45NfyI#ActivityAttribute.g.received.cs
      Verified: TelemetrySourceGeneratorLoggingTests.Generate_GivenMethodWithGenerics_RaisesDiagnostics_CAqe1ChVnvYCZotMAPEU8aEcP2sCpDXwvcFUV45NfyI#ActivityAttribute.g.verified.cs
    - Received: TelemetrySourceGeneratorLoggingTests.Generate_GivenMethodWithGenerics_RaisesDiagnostics_CAqe1ChVnvYCZotMAPEU8aEcP2sCpDXwvcFUV45NfyI#ActivitySourceAttribute.g.received.cs
      Verified: TelemetrySourceGeneratorLoggingTests.Generate_GivenMethodWithGenerics_RaisesDiagnostics_CAqe1ChVnvYCZotMAPEU8aEcP2sCpDXwvcFUV45NfyI#ActivitySourceAttribute.g.verified.cs
    - Received: TelemetrySourceGeneratorLoggingTests.Generate_GivenMethodWithGenerics_RaisesDiagnostics_CAqe1ChVnvYCZotMAPEU8aEcP2sCpDXwvcFUV45NfyI#ActivitySourceGenerationAttribute.g.received.cs
      Verified: TelemetrySourceGeneratorLoggingTests.Generate_GivenMethodWithGenerics_RaisesDiagnostics_CAqe1ChVnvYCZotMAPEU8aEcP2sCpDXwvcFUV45NfyI#ActivitySourceGenerationAttribute.g.verified.cs
    - Received: TelemetrySourceGeneratorLoggingTests.Generate_GivenMethodWithGenerics_RaisesDiagnostics_CAqe1ChVnvYCZotMAPEU8aEcP2sCpDXwvcFUV45NfyI#AutoCounterAttribute.g.received.cs
      Verified: TelemetrySourceGeneratorLoggingTests.Generate_GivenMethodWithGenerics_RaisesDiagnostics_CAqe1ChVnvYCZotMAPEU8aEcP2sCpDXwvcFUV45NfyI#AutoCounterAttribute.g.verified.cs
    - Received: TelemetrySourceGeneratorLoggingTests.Generate_GivenMethodWithGenerics_RaisesDiagnostics_CAqe1ChVnvYCZotMAPEU8aEcP2sCpDXwvcFUV45NfyI#BaggageAttribute.g.received.cs
      Verified: TelemetrySourceGeneratorLoggingTests.Generate_GivenMethodWithGenerics_RaisesDiagnostics_CAqe1ChVnvYCZotMAPEU8aEcP2sCpDXwvcFUV45NfyI#BaggageAttribute.g.verified.cs
    - Received: TelemetrySourceGeneratorLoggingTests.Generate_GivenMethodWithGenerics_RaisesDiagnostics_CAqe1ChVnvYCZotMAPEU8aEcP2sCpDXwvcFUV45NfyI#ContextAttribute.g.received.cs
      Verified: TelemetrySourceGeneratorLoggingTests.Generate_GivenMethodWithGenerics_RaisesDiagnostics_CAqe1ChVnvYCZotMAPEU8aEcP2sCpDXwvcFUV45NfyI#ContextAttribute.g.verified.cs
    - Received: TelemetrySourceGeneratorLoggingTests.Generate_GivenMethodWithGenerics_RaisesDiagnostics_CAqe1ChVnvYCZotMAPEU8aEcP2sCpDXwvcFUV45NfyI#CounterAttribute.g.received.cs
      Verified: TelemetrySourceGeneratorLoggingTests.Generate_GivenMethodWithGenerics_RaisesDiagnostics_CAqe1ChVnvYCZotMAPEU8aEcP2sCpDXwvcFUV45NfyI#CounterAttribute.g.verified.cs
    - Received: TelemetrySourceGeneratorLoggingTests.Generate_GivenMethodWithGenerics_RaisesDiagnostics_CAqe1ChVnvYCZotMAPEU8aEcP2sCpDXwvcFUV45NfyI#CriticalAttribute.g.received.cs
      Verified: TelemetrySourceGeneratorLoggingTests.Generate_GivenMethodWithGenerics_RaisesDiagnostics_CAqe1ChVnvYCZotMAPEU8aEcP2sCpDXwvcFUV45NfyI#CriticalAttribute.g.verified.cs
    - Received: TelemetrySourceGeneratorLoggingTests.Generate_GivenMethodWithGenerics_RaisesDiagnostics_CAqe1ChVnvYCZotMAPEU8aEcP2sCpDXwvcFUV45NfyI#DebugAttribute.g.received.cs
      Verified: TelemetrySourceGeneratorLoggingTests.Generate_GivenMethodWithGenerics_RaisesDiagnostics_CAqe1ChVnvYCZotMAPEU8aEcP2sCpDXwvcFUV45NfyI#DebugAttribute.g.verified.cs
    - Received: TelemetrySourceGeneratorLoggingTests.Generate_GivenMethodWithGenerics_RaisesDiagnostics_CAqe1ChVnvYCZotMAPEU8aEcP2sCpDXwvcFUV45NfyI#ErrorAttribute.g.received.cs
      Verified: TelemetrySourceGeneratorLoggingTests.Generate_GivenMethodWithGenerics_RaisesDiagnostics_CAqe1ChVnvYCZotMAPEU8aEcP2sCpDXwvcFUV45NfyI#ErrorAttribute.g.verified.cs
    - Received: TelemetrySourceGeneratorLoggingTests.Generate_GivenMethodWithGenerics_RaisesDiagnostics_CAqe1ChVnvYCZotMAPEU8aEcP2sCpDXwvcFUV45NfyI#EscapeAttribute.g.received.cs
      Verified: TelemetrySourceGeneratorLoggingTests.Generate_GivenMethodWithGenerics_RaisesDiagnostics_CAqe1ChVnvYCZotMAPEU8aEcP2sCpDXwvcFUV45NfyI#EscapeAttribute.g.verified.cs
    - Received: TelemetrySourceGeneratorLoggingTests.Generate_GivenMethodWithGenerics_RaisesDiagnostics_CAqe1ChVnvYCZotMAPEU8aEcP2sCpDXwvcFUV45NfyI#EventAttribute.g.received.cs
      Verified: TelemetrySourceGeneratorLoggingTests.Generate_GivenMethodWithGenerics_RaisesDiagnostics_CAqe1ChVnvYCZotMAPEU8aEcP2sCpDXwvcFUV45NfyI#EventAttribute.g.verified.cs
    - Received: TelemetrySourceGeneratorLoggingTests.Generate_GivenMethodWithGenerics_RaisesDiagnostics_CAqe1ChVnvYCZotMAPEU8aEcP2sCpDXwvcFUV45NfyI#ExcludeAttribute.g.received.cs
      Verified: TelemetrySourceGeneratorLoggingTests.Generate_GivenMethodWithGenerics_RaisesDiagnostics_CAqe1ChVnvYCZotMAPEU8aEcP2sCpDXwvcFUV45NfyI#ExcludeAttribute.g.verified.cs
    - Received: TelemetrySourceGeneratorLoggingTests.Generate_GivenMethodWithGenerics_RaisesDiagnostics_CAqe1ChVnvYCZotMAPEU8aEcP2sCpDXwvcFUV45NfyI#ExcludeTargetsAttribute.g.received.cs
      Verified: TelemetrySourceGeneratorLoggingTests.Generate_GivenMethodWithGenerics_RaisesDiagnostics_CAqe1ChVnvYCZotMAPEU8aEcP2sCpDXwvcFUV45NfyI#ExcludeTargetsAttribute.g.verified.cs
    - Received: TelemetrySourceGeneratorLoggingTests.Generate_GivenMethodWithGenerics_RaisesDiagnostics_CAqe1ChVnvYCZotMAPEU8aEcP2sCpDXwvcFUV45NfyI#ExpandEnumerableAttribute.g.received.cs
      Verified: TelemetrySourceGeneratorLoggingTests.Generate_GivenMethodWithGenerics_RaisesDiagnostics_CAqe1ChVnvYCZotMAPEU8aEcP2sCpDXwvcFUV45NfyI#ExpandEnumerableAttribute.g.verified.cs
    - Received: TelemetrySourceGeneratorLoggingTests.Generate_GivenMethodWithGenerics_RaisesDiagnostics_CAqe1ChVnvYCZotMAPEU8aEcP2sCpDXwvcFUV45NfyI#HistogramAttribute.g.received.cs
      Verified: TelemetrySourceGeneratorLoggingTests.Generate_GivenMethodWithGenerics_RaisesDiagnostics_CAqe1ChVnvYCZotMAPEU8aEcP2sCpDXwvcFUV45NfyI#HistogramAttribute.g.verified.cs
    - Received: TelemetrySourceGeneratorLoggingTests.Generate_GivenMethodWithGenerics_RaisesDiagnostics_CAqe1ChVnvYCZotMAPEU8aEcP2sCpDXwvcFUV45NfyI#InfoAttribute.g.received.cs
      Verified: TelemetrySourceGeneratorLoggingTests.Generate_GivenMethodWithGenerics_RaisesDiagnostics_CAqe1ChVnvYCZotMAPEU8aEcP2sCpDXwvcFUV45NfyI#InfoAttribute.g.verified.cs
    - Received: TelemetrySourceGeneratorLoggingTests.Generate_GivenMethodWithGenerics_RaisesDiagnostics_CAqe1ChVnvYCZotMAPEU8aEcP2sCpDXwvcFUV45NfyI#InstrumentMeasurementAttribute.g.received.cs
      Verified: TelemetrySourceGeneratorLoggingTests.Generate_GivenMethodWithGenerics_RaisesDiagnostics_CAqe1ChVnvYCZotMAPEU8aEcP2sCpDXwvcFUV45NfyI#InstrumentMeasurementAttribute.g.verified.cs
    - Received: TelemetrySourceGeneratorLoggingTests.Generate_GivenMethodWithGenerics_RaisesDiagnostics_CAqe1ChVnvYCZotMAPEU8aEcP2sCpDXwvcFUV45NfyI#LogAttribute.g.received.cs
      Verified: TelemetrySourceGeneratorLoggingTests.Generate_GivenMethodWithGenerics_RaisesDiagnostics_CAqe1ChVnvYCZotMAPEU8aEcP2sCpDXwvcFUV45NfyI#LogAttribute.g.verified.cs
    - Received: TelemetrySourceGeneratorLoggingTests.Generate_GivenMethodWithGenerics_RaisesDiagnostics_CAqe1ChVnvYCZotMAPEU8aEcP2sCpDXwvcFUV45NfyI#LoggerAttribute.g.received.cs
      Verified: TelemetrySourceGeneratorLoggingTests.Generate_GivenMethodWithGenerics_RaisesDiagnostics_CAqe1ChVnvYCZotMAPEU8aEcP2sCpDXwvcFUV45NfyI#LoggerAttribute.g.verified.cs
    - Received: TelemetrySourceGeneratorLoggingTests.Generate_GivenMethodWithGenerics_RaisesDiagnostics_CAqe1ChVnvYCZotMAPEU8aEcP2sCpDXwvcFUV45NfyI#LoggerGenerationAttribute.g.received.cs
      Verified: TelemetrySourceGeneratorLoggingTests.Generate_GivenMethodWithGenerics_RaisesDiagnostics_CAqe1ChVnvYCZotMAPEU8aEcP2sCpDXwvcFUV45NfyI#LoggerGenerationAttribute.g.verified.cs
    - Received: TelemetrySourceGeneratorLoggingTests.Generate_GivenMethodWithGenerics_RaisesDiagnostics_CAqe1ChVnvYCZotMAPEU8aEcP2sCpDXwvcFUV45NfyI#LoggerGenerationMode.g.received.cs
      Verified: TelemetrySourceGeneratorLoggingTests.Generate_GivenMethodWithGenerics_RaisesDiagnostics_CAqe1ChVnvYCZotMAPEU8aEcP2sCpDXwvcFUV45NfyI#LoggerGenerationMode.g.verified.cs
    - Received: TelemetrySourceGeneratorLoggingTests.Generate_GivenMethodWithGenerics_RaisesDiagnostics_CAqe1ChVnvYCZotMAPEU8aEcP2sCpDXwvcFUV45NfyI#LogPrefixType.g.received.cs
      Verified: TelemetrySourceGeneratorLoggingTests.Generate_GivenMethodWithGenerics_RaisesDiagnostics_CAqe1ChVnvYCZotMAPEU8aEcP2sCpDXwvcFUV45NfyI#LogPrefixType.g.verified.cs
    - Received: TelemetrySourceGeneratorLoggingTests.Generate_GivenMethodWithGenerics_RaisesDiagnostics_CAqe1ChVnvYCZotMAPEU8aEcP2sCpDXwvcFUV45NfyI#MeterAttribute.g.received.cs
      Verified: TelemetrySourceGeneratorLoggingTests.Generate_GivenMethodWithGenerics_RaisesDiagnostics_CAqe1ChVnvYCZotMAPEU8aEcP2sCpDXwvcFUV45NfyI#MeterAttribute.g.verified.cs
    - Received: TelemetrySourceGeneratorLoggingTests.Generate_GivenMethodWithGenerics_RaisesDiagnostics_CAqe1ChVnvYCZotMAPEU8aEcP2sCpDXwvcFUV45NfyI#MeterGenerationAttribute.g.received.cs
      Verified: TelemetrySourceGeneratorLoggingTests.Generate_GivenMethodWithGenerics_RaisesDiagnostics_CAqe1ChVnvYCZotMAPEU8aEcP2sCpDXwvcFUV45NfyI#MeterGenerationAttribute.g.verified.cs
    - Received: TelemetrySourceGeneratorLoggingTests.Generate_GivenMethodWithGenerics_RaisesDiagnostics_CAqe1ChVnvYCZotMAPEU8aEcP2sCpDXwvcFUV45NfyI#MeterNameGenerationType.g.received.cs
      Verified: TelemetrySourceGeneratorLoggingTests.Generate_GivenMethodWithGenerics_RaisesDiagnostics_CAqe1ChVnvYCZotMAPEU8aEcP2sCpDXwvcFUV45NfyI#MeterNameGenerationType.g.verified.cs
    - Received: TelemetrySourceGeneratorLoggingTests.Generate_GivenMethodWithGenerics_RaisesDiagnostics_CAqe1ChVnvYCZotMAPEU8aEcP2sCpDXwvcFUV45NfyI#NamingConvention.g.received.cs
      Verified: TelemetrySourceGeneratorLoggingTests.Generate_GivenMethodWithGenerics_RaisesDiagnostics_CAqe1ChVnvYCZotMAPEU8aEcP2sCpDXwvcFUV45NfyI#NamingConvention.g.verified.cs
    - Received: TelemetrySourceGeneratorLoggingTests.Generate_GivenMethodWithGenerics_RaisesDiagnostics_CAqe1ChVnvYCZotMAPEU8aEcP2sCpDXwvcFUV45NfyI#ObservableCounterAttribute.g.received.cs
      Verified: TelemetrySourceGeneratorLoggingTests.Generate_GivenMethodWithGenerics_RaisesDiagnostics_CAqe1ChVnvYCZotMAPEU8aEcP2sCpDXwvcFUV45NfyI#ObservableCounterAttribute.g.verified.cs
    - Received: TelemetrySourceGeneratorLoggingTests.Generate_GivenMethodWithGenerics_RaisesDiagnostics_CAqe1ChVnvYCZotMAPEU8aEcP2sCpDXwvcFUV45NfyI#ObservableGaugeAttribute.g.received.cs
      Verified: TelemetrySourceGeneratorLoggingTests.Generate_GivenMethodWithGenerics_RaisesDiagnostics_CAqe1ChVnvYCZotMAPEU8aEcP2sCpDXwvcFUV45NfyI#ObservableGaugeAttribute.g.verified.cs
    - Received: TelemetrySourceGeneratorLoggingTests.Generate_GivenMethodWithGenerics_RaisesDiagnostics_CAqe1ChVnvYCZotMAPEU8aEcP2sCpDXwvcFUV45NfyI#ObservableUpDownCounterAttribute.g.received.cs
      Verified: TelemetrySourceGeneratorLoggingTests.Generate_GivenMethodWithGenerics_RaisesDiagnostics_CAqe1ChVnvYCZotMAPEU8aEcP2sCpDXwvcFUV45NfyI#ObservableUpDownCounterAttribute.g.verified.cs
    - Received: TelemetrySourceGeneratorLoggingTests.Generate_GivenMethodWithGenerics_RaisesDiagnostics_CAqe1ChVnvYCZotMAPEU8aEcP2sCpDXwvcFUV45NfyI#StatusDescriptionAttribute.g.received.cs
      Verified: TelemetrySourceGeneratorLoggingTests.Generate_GivenMethodWithGenerics_RaisesDiagnostics_CAqe1ChVnvYCZotMAPEU8aEcP2sCpDXwvcFUV45NfyI#StatusDescriptionAttribute.g.verified.cs
    - Received: TelemetrySourceGeneratorLoggingTests.Generate_GivenMethodWithGenerics_RaisesDiagnostics_CAqe1ChVnvYCZotMAPEU8aEcP2sCpDXwvcFUV45NfyI#TagAttribute.g.received.cs
      Verified: TelemetrySourceGeneratorLoggingTests.Generate_GivenMethodWithGenerics_RaisesDiagnostics_CAqe1ChVnvYCZotMAPEU8aEcP2sCpDXwvcFUV45NfyI#TagAttribute.g.verified.cs
    - Received: TelemetrySourceGeneratorLoggingTests.Generate_GivenMethodWithGenerics_RaisesDiagnostics_CAqe1ChVnvYCZotMAPEU8aEcP2sCpDXwvcFUV45NfyI#Targets.g.received.cs
      Verified: TelemetrySourceGeneratorLoggingTests.Generate_GivenMethodWithGenerics_RaisesDiagnostics_CAqe1ChVnvYCZotMAPEU8aEcP2sCpDXwvcFUV45NfyI#Targets.g.verified.cs
    - Received: TelemetrySourceGeneratorLoggingTests.Generate_GivenMethodWithGenerics_RaisesDiagnostics_CAqe1ChVnvYCZotMAPEU8aEcP2sCpDXwvcFUV45NfyI#TelemetryGenerationAttribute.g.received.cs
      Verified: TelemetrySourceGeneratorLoggingTests.Generate_GivenMethodWithGenerics_RaisesDiagnostics_CAqe1ChVnvYCZotMAPEU8aEcP2sCpDXwvcFUV45NfyI#TelemetryGenerationAttribute.g.verified.cs
    - Received: TelemetrySourceGeneratorLoggingTests.Generate_GivenMethodWithGenerics_RaisesDiagnostics_CAqe1ChVnvYCZotMAPEU8aEcP2sCpDXwvcFUV45NfyI#TraceAttribute.g.received.cs
      Verified: TelemetrySourceGeneratorLoggingTests.Generate_GivenMethodWithGenerics_RaisesDiagnostics_CAqe1ChVnvYCZotMAPEU8aEcP2sCpDXwvcFUV45NfyI#TraceAttribute.g.verified.cs
    - Received: TelemetrySourceGeneratorLoggingTests.Generate_GivenMethodWithGenerics_RaisesDiagnostics_CAqe1ChVnvYCZotMAPEU8aEcP2sCpDXwvcFUV45NfyI#UpDownCounterAttribute.g.received.cs
      Verified: TelemetrySourceGeneratorLoggingTests.Generate_GivenMethodWithGenerics_RaisesDiagnostics_CAqe1ChVnvYCZotMAPEU8aEcP2sCpDXwvcFUV45NfyI#UpDownCounterAttribute.g.verified.cs
    - Received: TelemetrySourceGeneratorLoggingTests.Generate_GivenMethodWithGenerics_RaisesDiagnostics_CAqe1ChVnvYCZotMAPEU8aEcP2sCpDXwvcFUV45NfyI#WarningAttribute.g.received.cs
      Verified: TelemetrySourceGeneratorLoggingTests.Generate_GivenMethodWithGenerics_RaisesDiagnostics_CAqe1ChVnvYCZotMAPEU8aEcP2sCpDXwvcFUV45NfyI#WarningAttribute.g.verified.cs
  
  Standard output
    DBG: --- Adding templates.
    DBG: Adding ActivitySourceGenerationAttribute as ActivitySourceGenerationAttribute.g.cs.
    DBG: Adding ActivitySourceAttribute as ActivitySourceAttribute.g.cs.
    DBG: Adding ActivityAttribute as ActivityAttribute.g.cs.
    DBG: Adding EventAttribute as EventAttribute.g.cs.
    DBG: Adding ContextAttribute as ContextAttribute.g.cs.
    DBG: Adding BaggageAttribute as BaggageAttribute.g.cs.
    DBG: Adding EscapeAttribute as EscapeAttribute.g.cs.
    DBG: Adding StatusDescriptionAttribute as StatusDescriptionAttribute.g.cs.
    DBG: Adding LoggerGenerationAttribute as LoggerGenerationAttribute.g.cs.
    DBG: Adding LoggerAttribute as LoggerAttribute.g.cs.
    DBG: Adding LogAttribute as LogAttribute.g.cs.
    DBG: Adding LogPrefixType as LogPrefixType.g.cs.
    DBG: Adding LoggerGenerationMode as LoggerGenerationMode.g.cs.
    DBG: Adding ExpandEnumerableAttribute as ExpandEnumerableAttribute.g.cs.
    DBG: Adding TraceAttribute as TraceAttribute.g.cs.
    DBG: Adding DebugAttribute as DebugAttribute.g.cs.
    DBG: Adding InfoAttribute as InfoAttribute.g.cs.
    DBG: Adding WarningAttribute as WarningAttribute.g.cs.
    DBG: Adding ErrorAttribute as ErrorAttribute.g.cs.
    DBG: Adding CriticalAttribute as CriticalAttribute.g.cs.
    DBG: Adding MeterGenerationAttribute as MeterGenerationAttribute.g.cs.
    DBG: Adding MeterAttribute as MeterAttribute.g.cs.
    DBG: Adding MeterNameGenerationType as MeterNameGenerationType.g.cs.
    DBG: Adding InstrumentMeasurementAttribute as InstrumentMeasurementAttribute.g.cs.
    DBG: Adding AutoCounterAttribute as AutoCounterAttribute.g.cs.
    DBG: Adding CounterAttribute as CounterAttribute.g.cs.
    DBG: Adding UpDownCounterAttribute as UpDownCounterAttribute.g.cs.
    DBG: Adding HistogramAttribute as HistogramAttribute.g.cs.
    DBG: Adding ObservableCounterAttribute as ObservableCounterAttribute.g.cs.
    DBG: Adding ObservableGaugeAttribute as ObservableGaugeAttribute.g.cs.
    DBG: Adding ObservableUpDownCounterAttribute as ObservableUpDownCounterAttribute.g.cs.
    DBG: Adding TagAttribute as TagAttribute.g.cs.
    DBG: Adding ExcludeAttribute as ExcludeAttribute.g.cs.
    DBG: Adding TelemetryGenerationAttribute as TelemetryGenerationAttribute.g.cs.
    DBG: Adding Targets as Targets.g.cs.
    DBG: Adding NamingConvention as NamingConvention.g.cs.
    DBG: Adding ExcludeTargetsAttribute as ExcludeTargetsAttribute.g.cs.
    DBG: --- Finished adding templates.
    DIA: Cannot generate a Logger target for a generic interface '[Logger] public interface ITestLogger<T0> { void LogEntryWithGenericTypeParam(); }'.
    
  Error output
failed Generate_GivenInterfaceMoreThanSixParameters_RaisesDiagnostic (5s 834ms)
  [Test Failure] VerifyException: Directory: P:\GitHub\kjldev\purview-telemetry-sourcegenerator\src\Purview.Telemetry.SourceGenerator.IntegrationTests\Snapshots
Delete:
  - TelemetrySourceGeneratorLoggingTests.Generate_GivenInterfaceMoreThanSixParameters_RaisesDiagnostic.verified.txt
Equal:
  - Received: TelemetrySourceGeneratorLoggingTests.Generate_GivenInterfaceMoreThanSixParameters_RaisesDiagnostic#ActivityAttribute.g.received.cs
    Verified: TelemetrySourceGeneratorLoggingTests.Generate_GivenInterfaceMoreThanSixParameters_RaisesDiagnostic#ActivityAttribute.g.verified.cs
  - Received: TelemetrySourceGeneratorLoggingTests.Generate_GivenInterfaceMoreThanSixParameters_RaisesDiagnostic#ActivitySourceAttribute.g.received.cs
    Verified: TelemetrySourceGeneratorLoggingTests.Generate_GivenInterfaceMoreThanSixParameters_RaisesDiagnostic#ActivitySourceAttribute.g.verified.cs
  - Received: TelemetrySourceGeneratorLoggingTests.Generate_GivenInterfaceMoreThanSixParameters_RaisesDiagnostic#ActivitySourceGenerationAttribute.g.received.cs
    Verified: TelemetrySourceGeneratorLoggingTests.Generate_GivenInterfaceMoreThanSixParameters_RaisesDiagnostic#ActivitySourceGenerationAttribute.g.verified.cs
  - Received: TelemetrySourceGeneratorLoggingTests.Generate_GivenInterfaceMoreThanSixParameters_RaisesDiagnostic#AutoCounterAttribute.g.received.cs
    Verified: TelemetrySourceGeneratorLoggingTests.Generate_GivenInterfaceMoreThanSixParameters_RaisesDiagnostic#AutoCounterAttribute.g.verified.cs
  - Received: TelemetrySourceGeneratorLoggingTests.Generate_GivenInterfaceMoreThanSixParameters_RaisesDiagnostic#BaggageAttribute.g.received.cs
    Verified: TelemetrySourceGeneratorLoggingTests.Generate_GivenInterfaceMoreThanSixParameters_RaisesDiagnostic#BaggageAttribute.g.verified.cs
  - Received: TelemetrySourceGeneratorLoggingTests.Generate_GivenInterfaceMoreThanSixParameters_RaisesDiagnostic#ContextAttribute.g.received.cs
    Verified: TelemetrySourceGeneratorLoggingTests.Generate_GivenInterfaceMoreThanSixParameters_RaisesDiagnostic#ContextAttribute.g.verified.cs
  - Received: TelemetrySourceGeneratorLoggingTests.Generate_GivenInterfaceMoreThanSixParameters_RaisesDiagnostic#CounterAttribute.g.received.cs
    Verified: TelemetrySourceGeneratorLoggingTests.Generate_GivenInterfaceMoreThanSixParameters_RaisesDiagnostic#CounterAttribute.g.verified.cs
  - Received: TelemetrySourceGeneratorLoggingTests.Generate_GivenInterfaceMoreThanSixParameters_RaisesDiagnostic#CriticalAttribute.g.received.cs
    Verified: TelemetrySourceGeneratorLoggingTests.Generate_GivenInterfaceMoreThanSixParameters_RaisesDiagnostic#CriticalAttribute.g.verified.cs
  - Received: TelemetrySourceGeneratorLoggingTests.Generate_GivenInterfaceMoreThanSixParameters_RaisesDiagnostic#DebugAttribute.g.received.cs
    Verified: TelemetrySourceGeneratorLoggingTests.Generate_GivenInterfaceMoreThanSixParameters_RaisesDiagnostic#DebugAttribute.g.verified.cs
  - Received: TelemetrySourceGeneratorLoggingTests.Generate_GivenInterfaceMoreThanSixParameters_RaisesDiagnostic#ErrorAttribute.g.received.cs
    Verified: TelemetrySourceGeneratorLoggingTests.Generate_GivenInterfaceMoreThanSixParameters_RaisesDiagnostic#ErrorAttribute.g.verified.cs
  - Received: TelemetrySourceGeneratorLoggingTests.Generate_GivenInterfaceMoreThanSixParameters_RaisesDiagnostic#EscapeAttribute.g.received.cs
    Verified: TelemetrySourceGeneratorLoggingTests.Generate_GivenInterfaceMoreThanSixParameters_RaisesDiagnostic#EscapeAttribute.g.verified.cs
  - Received: TelemetrySourceGeneratorLoggingTests.Generate_GivenInterfaceMoreThanSixParameters_RaisesDiagnostic#EventAttribute.g.received.cs
    Verified: TelemetrySourceGeneratorLoggingTests.Generate_GivenInterfaceMoreThanSixParameters_RaisesDiagnostic#EventAttribute.g.verified.cs
  - Received: TelemetrySourceGeneratorLoggingTests.Generate_GivenInterfaceMoreThanSixParameters_RaisesDiagnostic#ExcludeAttribute.g.received.cs
    Verified: TelemetrySourceGeneratorLoggingTests.Generate_GivenInterfaceMoreThanSixParameters_RaisesDiagnostic#ExcludeAttribute.g.verified.cs
  - Received: TelemetrySourceGeneratorLoggingTests.Generate_GivenInterfaceMoreThanSixParameters_RaisesDiagnostic#ExcludeTargetsAttribute.g.received.cs
    Verified: TelemetrySourceGeneratorLoggingTests.Generate_GivenInterfaceMoreThanSixParameters_RaisesDiagnostic#ExcludeTargetsAttribute.g.verified.cs
  - Received: TelemetrySourceGeneratorLoggingTests.Generate_GivenInterfaceMoreThanSixParameters_RaisesDiagnostic#ExpandEnumerableAttribute.g.received.cs
    Verified: TelemetrySourceGeneratorLoggingTests.Generate_GivenInterfaceMoreThanSixParameters_RaisesDiagnostic#ExpandEnumerableAttribute.g.verified.cs
  - Received: TelemetrySourceGeneratorLoggingTests.Generate_GivenInterfaceMoreThanSixParameters_RaisesDiagnostic#HistogramAttribute.g.received.cs
    Verified: TelemetrySourceGeneratorLoggingTests.Generate_GivenInterfaceMoreThanSixParameters_RaisesDiagnostic#HistogramAttribute.g.verified.cs
  - Received: TelemetrySourceGeneratorLoggingTests.Generate_GivenInterfaceMoreThanSixParameters_RaisesDiagnostic#InfoAttribute.g.received.cs
    Verified: TelemetrySourceGeneratorLoggingTests.Generate_GivenInterfaceMoreThanSixParameters_RaisesDiagnostic#InfoAttribute.g.verified.cs
  - Received: TelemetrySourceGeneratorLoggingTests.Generate_GivenInterfaceMoreThanSixParameters_RaisesDiagnostic#InstrumentMeasurementAttribute.g.received.cs
    Verified: TelemetrySourceGeneratorLoggingTests.Generate_GivenInterfaceMoreThanSixParameters_RaisesDiagnostic#InstrumentMeasurementAttribute.g.verified.cs
  - Received: TelemetrySourceGeneratorLoggingTests.Generate_GivenInterfaceMoreThanSixParameters_RaisesDiagnostic#LogAttribute.g.received.cs
    Verified: TelemetrySourceGeneratorLoggingTests.Generate_GivenInterfaceMoreThanSixParameters_RaisesDiagnostic#LogAttribute.g.verified.cs
  - Received: TelemetrySourceGeneratorLoggingTests.Generate_GivenInterfaceMoreThanSixParameters_RaisesDiagnostic#LoggerAttribute.g.received.cs
    Verified: TelemetrySourceGeneratorLoggingTests.Generate_GivenInterfaceMoreThanSixParameters_RaisesDiagnostic#LoggerAttribute.g.verified.cs
  - Received: TelemetrySourceGeneratorLoggingTests.Generate_GivenInterfaceMoreThanSixParameters_RaisesDiagnostic#LoggerGenerationAttribute.g.received.cs
    Verified: TelemetrySourceGeneratorLoggingTests.Generate_GivenInterfaceMoreThanSixParameters_RaisesDiagnostic#LoggerGenerationAttribute.g.verified.cs
  - Received: TelemetrySourceGeneratorLoggingTests.Generate_GivenInterfaceMoreThanSixParameters_RaisesDiagnostic#LoggerGenerationMode.g.received.cs
    Verified: TelemetrySourceGeneratorLoggingTests.Generate_GivenInterfaceMoreThanSixParameters_RaisesDiagnostic#LoggerGenerationMode.g.verified.cs
  - Received: TelemetrySourceGeneratorLoggingTests.Generate_GivenInterfaceMoreThanSixParameters_RaisesDiagnostic#LogPrefixType.g.received.cs
    Verified: TelemetrySourceGeneratorLoggingTests.Generate_GivenInterfaceMoreThanSixParameters_RaisesDiagnostic#LogPrefixType.g.verified.cs
  - Received: TelemetrySourceGeneratorLoggingTests.Generate_GivenInterfaceMoreThanSixParameters_RaisesDiagnostic#MeterAttribute.g.received.cs
    Verified: TelemetrySourceGeneratorLoggingTests.Generate_GivenInterfaceMoreThanSixParameters_RaisesDiagnostic#MeterAttribute.g.verified.cs
  - Received: TelemetrySourceGeneratorLoggingTests.Generate_GivenInterfaceMoreThanSixParameters_RaisesDiagnostic#MeterGenerationAttribute.g.received.cs
    Verified: TelemetrySourceGeneratorLoggingTests.Generate_GivenInterfaceMoreThanSixParameters_RaisesDiagnostic#MeterGenerationAttribute.g.verified.cs
  - Received: TelemetrySourceGeneratorLoggingTests.Generate_GivenInterfaceMoreThanSixParameters_RaisesDiagnostic#MeterNameGenerationType.g.received.cs
    Verified: TelemetrySourceGeneratorLoggingTests.Generate_GivenInterfaceMoreThanSixParameters_RaisesDiagnostic#MeterNameGenerationType.g.verified.cs
  - Received: TelemetrySourceGeneratorLoggingTests.Generate_GivenInterfaceMoreThanSixParameters_RaisesDiagnostic#NamingConvention.g.received.cs
    Verified: TelemetrySourceGeneratorLoggingTests.Generate_GivenInterfaceMoreThanSixParameters_RaisesDiagnostic#NamingConvention.g.verified.cs
  - Received: TelemetrySourceGeneratorLoggingTests.Generate_GivenInterfaceMoreThanSixParameters_RaisesDiagnostic#ObservableCounterAttribute.g.received.cs
    Verified: TelemetrySourceGeneratorLoggingTests.Generate_GivenInterfaceMoreThanSixParameters_RaisesDiagnostic#ObservableCounterAttribute.g.verified.cs
  - Received: TelemetrySourceGeneratorLoggingTests.Generate_GivenInterfaceMoreThanSixParameters_RaisesDiagnostic#ObservableGaugeAttribute.g.received.cs
    Verified: TelemetrySourceGeneratorLoggingTests.Generate_GivenInterfaceMoreThanSixParameters_RaisesDiagnostic#ObservableGaugeAttribute.g.verified.cs
  - Received: TelemetrySourceGeneratorLoggingTests.Generate_GivenInterfaceMoreThanSixParameters_RaisesDiagnostic#ObservableUpDownCounterAttribute.g.received.cs
    Verified: TelemetrySourceGeneratorLoggingTests.Generate_GivenInterfaceMoreThanSixParameters_RaisesDiagnostic#ObservableUpDownCounterAttribute.g.verified.cs
  - Received: TelemetrySourceGeneratorLoggingTests.Generate_GivenInterfaceMoreThanSixParameters_RaisesDiagnostic#StatusDescriptionAttribute.g.received.cs
    Verified: TelemetrySourceGeneratorLoggingTests.Generate_GivenInterfaceMoreThanSixParameters_RaisesDiagnostic#StatusDescriptionAttribute.g.verified.cs
  - Received: TelemetrySourceGeneratorLoggingTests.Generate_GivenInterfaceMoreThanSixParameters_RaisesDiagnostic#TagAttribute.g.received.cs
    Verified: TelemetrySourceGeneratorLoggingTests.Generate_GivenInterfaceMoreThanSixParameters_RaisesDiagnostic#TagAttribute.g.verified.cs
  - Received: TelemetrySourceGeneratorLoggingTests.Generate_GivenInterfaceMoreThanSixParameters_RaisesDiagnostic#Targets.g.received.cs
    Verified: TelemetrySourceGeneratorLoggingTests.Generate_GivenInterfaceMoreThanSixParameters_RaisesDiagnostic#Targets.g.verified.cs
  - Received: TelemetrySourceGeneratorLoggingTests.Generate_GivenInterfaceMoreThanSixParameters_RaisesDiagnostic#TelemetryGenerationAttribute.g.received.cs
    Verified: TelemetrySourceGeneratorLoggingTests.Generate_GivenInterfaceMoreThanSixParameters_RaisesDiagnostic#TelemetryGenerationAttribute.g.verified.cs
  - Received: TelemetrySourceGeneratorLoggingTests.Generate_GivenInterfaceMoreThanSixParameters_RaisesDiagnostic#Testing.TestLoggerCore.Logging.g.received.cs
    Verified: TelemetrySourceGeneratorLoggingTests.Generate_GivenInterfaceMoreThanSixParameters_RaisesDiagnostic#Testing.TestLoggerCore.Logging.g.verified.cs
  - Received: TelemetrySourceGeneratorLoggingTests.Generate_GivenInterfaceMoreThanSixParameters_RaisesDiagnostic#TraceAttribute.g.received.cs
    Verified: TelemetrySourceGeneratorLoggingTests.Generate_GivenInterfaceMoreThanSixParameters_RaisesDiagnostic#TraceAttribute.g.verified.cs
  - Received: TelemetrySourceGeneratorLoggingTests.Generate_GivenInterfaceMoreThanSixParameters_RaisesDiagnostic#UpDownCounterAttribute.g.received.cs
    Verified: TelemetrySourceGeneratorLoggingTests.Generate_GivenInterfaceMoreThanSixParameters_RaisesDiagnostic#UpDownCounterAttribute.g.verified.cs
  - Received: TelemetrySourceGeneratorLoggingTests.Generate_GivenInterfaceMoreThanSixParameters_RaisesDiagnostic#WarningAttribute.g.received.cs
    Verified: TelemetrySourceGeneratorLoggingTests.Generate_GivenInterfaceMoreThanSixParameters_RaisesDiagnostic#WarningAttribute.g.verified.cs

  from P:\GitHub\kjldev\purview-telemetry-sourcegenerator\src\Purview.Telemetry.SourceGenerator.IntegrationTests\bin\Release\net10.0\Purview.Telemetry.SourceGenerator.IntegrationTests.dll (net10.0|x64)
  TUnit.Engine.Exceptions.TestFailedException: [Test Failure] VerifyException: Directory: P:\GitHub\kjldev\purview-telemetry-sourcegenerator\src\Purview.Telemetry.SourceGenerator.IntegrationTests\Snapshots
  Delete:
    - TelemetrySourceGeneratorLoggingTests.Generate_GivenInterfaceMoreThanSixParameters_RaisesDiagnostic.verified.txt
  Equal:
    - Received: TelemetrySourceGeneratorLoggingTests.Generate_GivenInterfaceMoreThanSixParameters_RaisesDiagnostic#ActivityAttribute.g.received.cs
      Verified: TelemetrySourceGeneratorLoggingTests.Generate_GivenInterfaceMoreThanSixParameters_RaisesDiagnostic#ActivityAttribute.g.verified.cs
    - Received: TelemetrySourceGeneratorLoggingTests.Generate_GivenInterfaceMoreThanSixParameters_RaisesDiagnostic#ActivitySourceAttribute.g.received.cs
      Verified: TelemetrySourceGeneratorLoggingTests.Generate_GivenInterfaceMoreThanSixParameters_RaisesDiagnostic#ActivitySourceAttribute.g.verified.cs
    - Received: TelemetrySourceGeneratorLoggingTests.Generate_GivenInterfaceMoreThanSixParameters_RaisesDiagnostic#ActivitySourceGenerationAttribute.g.received.cs
      Verified: TelemetrySourceGeneratorLoggingTests.Generate_GivenInterfaceMoreThanSixParameters_RaisesDiagnostic#ActivitySourceGenerationAttribute.g.verified.cs
    - Received: TelemetrySourceGeneratorLoggingTests.Generate_GivenInterfaceMoreThanSixParameters_RaisesDiagnostic#AutoCounterAttribute.g.received.cs
      Verified: TelemetrySourceGeneratorLoggingTests.Generate_GivenInterfaceMoreThanSixParameters_RaisesDiagnostic#AutoCounterAttribute.g.verified.cs
    - Received: TelemetrySourceGeneratorLoggingTests.Generate_GivenInterfaceMoreThanSixParameters_RaisesDiagnostic#BaggageAttribute.g.received.cs
      Verified: TelemetrySourceGeneratorLoggingTests.Generate_GivenInterfaceMoreThanSixParameters_RaisesDiagnostic#BaggageAttribute.g.verified.cs
    - Received: TelemetrySourceGeneratorLoggingTests.Generate_GivenInterfaceMoreThanSixParameters_RaisesDiagnostic#ContextAttribute.g.received.cs
      Verified: TelemetrySourceGeneratorLoggingTests.Generate_GivenInterfaceMoreThanSixParameters_RaisesDiagnostic#ContextAttribute.g.verified.cs
    - Received: TelemetrySourceGeneratorLoggingTests.Generate_GivenInterfaceMoreThanSixParameters_RaisesDiagnostic#CounterAttribute.g.received.cs
      Verified: TelemetrySourceGeneratorLoggingTests.Generate_GivenInterfaceMoreThanSixParameters_RaisesDiagnostic#CounterAttribute.g.verified.cs
    - Received: TelemetrySourceGeneratorLoggingTests.Generate_GivenInterfaceMoreThanSixParameters_RaisesDiagnostic#CriticalAttribute.g.received.cs
      Verified: TelemetrySourceGeneratorLoggingTests.Generate_GivenInterfaceMoreThanSixParameters_RaisesDiagnostic#CriticalAttribute.g.verified.cs
    - Received: TelemetrySourceGeneratorLoggingTests.Generate_GivenInterfaceMoreThanSixParameters_RaisesDiagnostic#DebugAttribute.g.received.cs
      Verified: TelemetrySourceGeneratorLoggingTests.Generate_GivenInterfaceMoreThanSixParameters_RaisesDiagnostic#DebugAttribute.g.verified.cs
    - Received: TelemetrySourceGeneratorLoggingTests.Generate_GivenInterfaceMoreThanSixParameters_RaisesDiagnostic#ErrorAttribute.g.received.cs
      Verified: TelemetrySourceGeneratorLoggingTests.Generate_GivenInterfaceMoreThanSixParameters_RaisesDiagnostic#ErrorAttribute.g.verified.cs
    - Received: TelemetrySourceGeneratorLoggingTests.Generate_GivenInterfaceMoreThanSixParameters_RaisesDiagnostic#EscapeAttribute.g.received.cs
      Verified: TelemetrySourceGeneratorLoggingTests.Generate_GivenInterfaceMoreThanSixParameters_RaisesDiagnostic#EscapeAttribute.g.verified.cs
    - Received: TelemetrySourceGeneratorLoggingTests.Generate_GivenInterfaceMoreThanSixParameters_RaisesDiagnostic#EventAttribute.g.received.cs
      Verified: TelemetrySourceGeneratorLoggingTests.Generate_GivenInterfaceMoreThanSixParameters_RaisesDiagnostic#EventAttribute.g.verified.cs
    - Received: TelemetrySourceGeneratorLoggingTests.Generate_GivenInterfaceMoreThanSixParameters_RaisesDiagnostic#ExcludeAttribute.g.received.cs
      Verified: TelemetrySourceGeneratorLoggingTests.Generate_GivenInterfaceMoreThanSixParameters_RaisesDiagnostic#ExcludeAttribute.g.verified.cs
    - Received: TelemetrySourceGeneratorLoggingTests.Generate_GivenInterfaceMoreThanSixParameters_RaisesDiagnostic#ExcludeTargetsAttribute.g.received.cs
      Verified: TelemetrySourceGeneratorLoggingTests.Generate_GivenInterfaceMoreThanSixParameters_RaisesDiagnostic#ExcludeTargetsAttribute.g.verified.cs
    - Received: TelemetrySourceGeneratorLoggingTests.Generate_GivenInterfaceMoreThanSixParameters_RaisesDiagnostic#ExpandEnumerableAttribute.g.received.cs
      Verified: TelemetrySourceGeneratorLoggingTests.Generate_GivenInterfaceMoreThanSixParameters_RaisesDiagnostic#ExpandEnumerableAttribute.g.verified.cs
    - Received: TelemetrySourceGeneratorLoggingTests.Generate_GivenInterfaceMoreThanSixParameters_RaisesDiagnostic#HistogramAttribute.g.received.cs
      Verified: TelemetrySourceGeneratorLoggingTests.Generate_GivenInterfaceMoreThanSixParameters_RaisesDiagnostic#HistogramAttribute.g.verified.cs
    - Received: TelemetrySourceGeneratorLoggingTests.Generate_GivenInterfaceMoreThanSixParameters_RaisesDiagnostic#InfoAttribute.g.received.cs
      Verified: TelemetrySourceGeneratorLoggingTests.Generate_GivenInterfaceMoreThanSixParameters_RaisesDiagnostic#InfoAttribute.g.verified.cs
    - Received: TelemetrySourceGeneratorLoggingTests.Generate_GivenInterfaceMoreThanSixParameters_RaisesDiagnostic#InstrumentMeasurementAttribute.g.received.cs
      Verified: TelemetrySourceGeneratorLoggingTests.Generate_GivenInterfaceMoreThanSixParameters_RaisesDiagnostic#InstrumentMeasurementAttribute.g.verified.cs
    - Received: TelemetrySourceGeneratorLoggingTests.Generate_GivenInterfaceMoreThanSixParameters_RaisesDiagnostic#LogAttribute.g.received.cs
      Verified: TelemetrySourceGeneratorLoggingTests.Generate_GivenInterfaceMoreThanSixParameters_RaisesDiagnostic#LogAttribute.g.verified.cs
    - Received: TelemetrySourceGeneratorLoggingTests.Generate_GivenInterfaceMoreThanSixParameters_RaisesDiagnostic#LoggerAttribute.g.received.cs
      Verified: TelemetrySourceGeneratorLoggingTests.Generate_GivenInterfaceMoreThanSixParameters_RaisesDiagnostic#LoggerAttribute.g.verified.cs
    - Received: TelemetrySourceGeneratorLoggingTests.Generate_GivenInterfaceMoreThanSixParameters_RaisesDiagnostic#LoggerGenerationAttribute.g.received.cs
      Verified: TelemetrySourceGeneratorLoggingTests.Generate_GivenInterfaceMoreThanSixParameters_RaisesDiagnostic#LoggerGenerationAttribute.g.verified.cs
    - Received: TelemetrySourceGeneratorLoggingTests.Generate_GivenInterfaceMoreThanSixParameters_RaisesDiagnostic#LoggerGenerationMode.g.received.cs
      Verified: TelemetrySourceGeneratorLoggingTests.Generate_GivenInterfaceMoreThanSixParameters_RaisesDiagnostic#LoggerGenerationMode.g.verified.cs
    - Received: TelemetrySourceGeneratorLoggingTests.Generate_GivenInterfaceMoreThanSixParameters_RaisesDiagnostic#LogPrefixType.g.received.cs
      Verified: TelemetrySourceGeneratorLoggingTests.Generate_GivenInterfaceMoreThanSixParameters_RaisesDiagnostic#LogPrefixType.g.verified.cs
    - Received: TelemetrySourceGeneratorLoggingTests.Generate_GivenInterfaceMoreThanSixParameters_RaisesDiagnostic#MeterAttribute.g.received.cs
      Verified: TelemetrySourceGeneratorLoggingTests.Generate_GivenInterfaceMoreThanSixParameters_RaisesDiagnostic#MeterAttribute.g.verified.cs
    - Received: TelemetrySourceGeneratorLoggingTests.Generate_GivenInterfaceMoreThanSixParameters_RaisesDiagnostic#MeterGenerationAttribute.g.received.cs
      Verified: TelemetrySourceGeneratorLoggingTests.Generate_GivenInterfaceMoreThanSixParameters_RaisesDiagnostic#MeterGenerationAttribute.g.verified.cs
    - Received: TelemetrySourceGeneratorLoggingTests.Generate_GivenInterfaceMoreThanSixParameters_RaisesDiagnostic#MeterNameGenerationType.g.received.cs
      Verified: TelemetrySourceGeneratorLoggingTests.Generate_GivenInterfaceMoreThanSixParameters_RaisesDiagnostic#MeterNameGenerationType.g.verified.cs
    - Received: TelemetrySourceGeneratorLoggingTests.Generate_GivenInterfaceMoreThanSixParameters_RaisesDiagnostic#NamingConvention.g.received.cs
      Verified: TelemetrySourceGeneratorLoggingTests.Generate_GivenInterfaceMoreThanSixParameters_RaisesDiagnostic#NamingConvention.g.verified.cs
    - Received: TelemetrySourceGeneratorLoggingTests.Generate_GivenInterfaceMoreThanSixParameters_RaisesDiagnostic#ObservableCounterAttribute.g.received.cs
      Verified: TelemetrySourceGeneratorLoggingTests.Generate_GivenInterfaceMoreThanSixParameters_RaisesDiagnostic#ObservableCounterAttribute.g.verified.cs
    - Received: TelemetrySourceGeneratorLoggingTests.Generate_GivenInterfaceMoreThanSixParameters_RaisesDiagnostic#ObservableGaugeAttribute.g.received.cs
      Verified: TelemetrySourceGeneratorLoggingTests.Generate_GivenInterfaceMoreThanSixParameters_RaisesDiagnostic#ObservableGaugeAttribute.g.verified.cs
    - Received: TelemetrySourceGeneratorLoggingTests.Generate_GivenInterfaceMoreThanSixParameters_RaisesDiagnostic#ObservableUpDownCounterAttribute.g.received.cs
      Verified: TelemetrySourceGeneratorLoggingTests.Generate_GivenInterfaceMoreThanSixParameters_RaisesDiagnostic#ObservableUpDownCounterAttribute.g.verified.cs
    - Received: TelemetrySourceGeneratorLoggingTests.Generate_GivenInterfaceMoreThanSixParameters_RaisesDiagnostic#StatusDescriptionAttribute.g.received.cs
      Verified: TelemetrySourceGeneratorLoggingTests.Generate_GivenInterfaceMoreThanSixParameters_RaisesDiagnostic#StatusDescriptionAttribute.g.verified.cs
    - Received: TelemetrySourceGeneratorLoggingTests.Generate_GivenInterfaceMoreThanSixParameters_RaisesDiagnostic#TagAttribute.g.received.cs
      Verified: TelemetrySourceGeneratorLoggingTests.Generate_GivenInterfaceMoreThanSixParameters_RaisesDiagnostic#TagAttribute.g.verified.cs
    - Received: TelemetrySourceGeneratorLoggingTests.Generate_GivenInterfaceMoreThanSixParameters_RaisesDiagnostic#Targets.g.received.cs
      Verified: TelemetrySourceGeneratorLoggingTests.Generate_GivenInterfaceMoreThanSixParameters_RaisesDiagnostic#Targets.g.verified.cs
    - Received: TelemetrySourceGeneratorLoggingTests.Generate_GivenInterfaceMoreThanSixParameters_RaisesDiagnostic#TelemetryGenerationAttribute.g.received.cs
      Verified: TelemetrySourceGeneratorLoggingTests.Generate_GivenInterfaceMoreThanSixParameters_RaisesDiagnostic#TelemetryGenerationAttribute.g.verified.cs
    - Received: TelemetrySourceGeneratorLoggingTests.Generate_GivenInterfaceMoreThanSixParameters_RaisesDiagnostic#Testing.TestLoggerCore.Logging.g.received.cs
      Verified: TelemetrySourceGeneratorLoggingTests.Generate_GivenInterfaceMoreThanSixParameters_RaisesDiagnostic#Testing.TestLoggerCore.Logging.g.verified.cs
    - Received: TelemetrySourceGeneratorLoggingTests.Generate_GivenInterfaceMoreThanSixParameters_RaisesDiagnostic#TraceAttribute.g.received.cs
      Verified: TelemetrySourceGeneratorLoggingTests.Generate_GivenInterfaceMoreThanSixParameters_RaisesDiagnostic#TraceAttribute.g.verified.cs
    - Received: TelemetrySourceGeneratorLoggingTests.Generate_GivenInterfaceMoreThanSixParameters_RaisesDiagnostic#UpDownCounterAttribute.g.received.cs
      Verified: TelemetrySourceGeneratorLoggingTests.Generate_GivenInterfaceMoreThanSixParameters_RaisesDiagnostic#UpDownCounterAttribute.g.verified.cs
    - Received: TelemetrySourceGeneratorLoggingTests.Generate_GivenInterfaceMoreThanSixParameters_RaisesDiagnostic#WarningAttribute.g.received.cs
      Verified: TelemetrySourceGeneratorLoggingTests.Generate_GivenInterfaceMoreThanSixParameters_RaisesDiagnostic#WarningAttribute.g.verified.cs
  
  Standard output
    DBG: --- Adding templates.
    DBG: Adding ActivitySourceGenerationAttribute as ActivitySourceGenerationAttribute.g.cs.
    DBG: Adding ActivitySourceAttribute as ActivitySourceAttribute.g.cs.
    DBG: Adding ActivityAttribute as ActivityAttribute.g.cs.
    DBG: Adding EventAttribute as EventAttribute.g.cs.
    DBG: Adding ContextAttribute as ContextAttribute.g.cs.
    DBG: Adding BaggageAttribute as BaggageAttribute.g.cs.
    DBG: Adding EscapeAttribute as EscapeAttribute.g.cs.
    DBG: Adding StatusDescriptionAttribute as StatusDescriptionAttribute.g.cs.
    DBG: Adding LoggerGenerationAttribute as LoggerGenerationAttribute.g.cs.
    DBG: Adding LoggerAttribute as LoggerAttribute.g.cs.
    DBG: Adding LogAttribute as LogAttribute.g.cs.
    DBG: Adding LogPrefixType as LogPrefixType.g.cs.
    DBG: Adding LoggerGenerationMode as LoggerGenerationMode.g.cs.
    DBG: Adding ExpandEnumerableAttribute as ExpandEnumerableAttribute.g.cs.
    DBG: Adding TraceAttribute as TraceAttribute.g.cs.
    DBG: Adding DebugAttribute as DebugAttribute.g.cs.
    DBG: Adding InfoAttribute as InfoAttribute.g.cs.
    DBG: Adding WarningAttribute as WarningAttribute.g.cs.
    DBG: Adding ErrorAttribute as ErrorAttribute.g.cs.
    DBG: Adding CriticalAttribute as CriticalAttribute.g.cs.
    DBG: Adding MeterGenerationAttribute as MeterGenerationAttribute.g.cs.
    DBG: Adding MeterAttribute as MeterAttribute.g.cs.
    DBG: Adding MeterNameGenerationType as MeterNameGenerationType.g.cs.
    DBG: Adding InstrumentMeasurementAttribute as InstrumentMeasurementAttribute.g.cs.
    DBG: Adding AutoCounterAttribute as AutoCounterAttribute.g.cs.
    DBG: Adding CounterAttribute as CounterAttribute.g.cs.
    DBG: Adding UpDownCounterAttribute as UpDownCounterAttribute.g.cs.
    DBG: Adding HistogramAttribute as HistogramAttribute.g.cs.
    DBG: Adding ObservableCounterAttribute as ObservableCounterAttribute.g.cs.
    DBG: Adding ObservableGaugeAttribute as ObservableGaugeAttribute.g.cs.
    DBG: Adding ObservableUpDownCounterAttribute as ObservableUpDownCounterAttribute.g.cs.
    DBG: Adding TagAttribute as TagAttribute.g.cs.
    DBG: Adding ExcludeAttribute as ExcludeAttribute.g.cs.
    DBG: Adding TelemetryGenerationAttribute as TelemetryGenerationAttribute.g.cs.
    DBG: Adding Targets as Targets.g.cs.
    DBG: Adding NamingConvention as NamingConvention.g.cs.
    DBG: Adding ExcludeTargetsAttribute as ExcludeTargetsAttribute.g.cs.
    DBG: --- Finished adding templates.
    DBG: Found attribute: Purview.Telemetry.LoggerAttribute(GenerationMode = Purview.Telemetry.LoggerGenerationMode.V1)
    DBG: Found attribute: Purview.Telemetry.TelemetryGenerationAttribute(GenerateDependencyExtension = false)
    DBG: Found method ITestLogger.Log.
    DBG: Found 9 parameter(s) for Log.
    DBG: Logger generation target: Testing.TestLoggerCore
    DBG: Generating logging class for: Testing.TestLoggerCore
    DIA: Method has more than 6 parameters.
    DBG: Skipping dependency injection emit.
    
  Error output
failed Generate_GivenInterfaceWithGenerics_RaisesDiagnostics(2) (3s 148ms)
  [Test Failure] VerifyException: Directory: P:\GitHub\kjldev\purview-telemetry-sourcegenerator\src\Purview.Telemetry.SourceGenerator.IntegrationTests\Snapshots
Delete:
  - TelemetrySourceGeneratorLoggingTests.Generate_GivenInterfaceWithGenerics_RaisesDiagnostics_A4lm3p9rmpAbILTGyosqRgCf7r4DG6vIQtQ2kMC8Iis.verified.txt
Equal:
  - Received: TelemetrySourceGeneratorLoggingTests.Generate_GivenInterfaceWithGenerics_RaisesDiagnostics_A4lm3p9rmpAbILTGyosqRgCf7r4DG6vIQtQ2kMC8Iis#ActivityAttribute.g.received.cs
    Verified: TelemetrySourceGeneratorLoggingTests.Generate_GivenInterfaceWithGenerics_RaisesDiagnostics_A4lm3p9rmpAbILTGyosqRgCf7r4DG6vIQtQ2kMC8Iis#ActivityAttribute.g.verified.cs
  - Received: TelemetrySourceGeneratorLoggingTests.Generate_GivenInterfaceWithGenerics_RaisesDiagnostics_A4lm3p9rmpAbILTGyosqRgCf7r4DG6vIQtQ2kMC8Iis#ActivitySourceAttribute.g.received.cs
    Verified: TelemetrySourceGeneratorLoggingTests.Generate_GivenInterfaceWithGenerics_RaisesDiagnostics_A4lm3p9rmpAbILTGyosqRgCf7r4DG6vIQtQ2kMC8Iis#ActivitySourceAttribute.g.verified.cs
  - Received: TelemetrySourceGeneratorLoggingTests.Generate_GivenInterfaceWithGenerics_RaisesDiagnostics_A4lm3p9rmpAbILTGyosqRgCf7r4DG6vIQtQ2kMC8Iis#ActivitySourceGenerationAttribute.g.received.cs
    Verified: TelemetrySourceGeneratorLoggingTests.Generate_GivenInterfaceWithGenerics_RaisesDiagnostics_A4lm3p9rmpAbILTGyosqRgCf7r4DG6vIQtQ2kMC8Iis#ActivitySourceGenerationAttribute.g.verified.cs
  - Received: TelemetrySourceGeneratorLoggingTests.Generate_GivenInterfaceWithGenerics_RaisesDiagnostics_A4lm3p9rmpAbILTGyosqRgCf7r4DG6vIQtQ2kMC8Iis#AutoCounterAttribute.g.received.cs
    Verified: TelemetrySourceGeneratorLoggingTests.Generate_GivenInterfaceWithGenerics_RaisesDiagnostics_A4lm3p9rmpAbILTGyosqRgCf7r4DG6vIQtQ2kMC8Iis#AutoCounterAttribute.g.verified.cs
  - Received: TelemetrySourceGeneratorLoggingTests.Generate_GivenInterfaceWithGenerics_RaisesDiagnostics_A4lm3p9rmpAbILTGyosqRgCf7r4DG6vIQtQ2kMC8Iis#BaggageAttribute.g.received.cs
    Verified: TelemetrySourceGeneratorLoggingTests.Generate_GivenInterfaceWithGenerics_RaisesDiagnostics_A4lm3p9rmpAbILTGyosqRgCf7r4DG6vIQtQ2kMC8Iis#BaggageAttribute.g.verified.cs
  - Received: TelemetrySourceGeneratorLoggingTests.Generate_GivenInterfaceWithGenerics_RaisesDiagnostics_A4lm3p9rmpAbILTGyosqRgCf7r4DG6vIQtQ2kMC8Iis#ContextAttribute.g.received.cs
    Verified: TelemetrySourceGeneratorLoggingTests.Generate_GivenInterfaceWithGenerics_RaisesDiagnostics_A4lm3p9rmpAbILTGyosqRgCf7r4DG6vIQtQ2kMC8Iis#ContextAttribute.g.verified.cs
  - Received: TelemetrySourceGeneratorLoggingTests.Generate_GivenInterfaceWithGenerics_RaisesDiagnostics_A4lm3p9rmpAbILTGyosqRgCf7r4DG6vIQtQ2kMC8Iis#CounterAttribute.g.received.cs
    Verified: TelemetrySourceGeneratorLoggingTests.Generate_GivenInterfaceWithGenerics_RaisesDiagnostics_A4lm3p9rmpAbILTGyosqRgCf7r4DG6vIQtQ2kMC8Iis#CounterAttribute.g.verified.cs
  - Received: TelemetrySourceGeneratorLoggingTests.Generate_GivenInterfaceWithGenerics_RaisesDiagnostics_A4lm3p9rmpAbILTGyosqRgCf7r4DG6vIQtQ2kMC8Iis#CriticalAttribute.g.received.cs
    Verified: TelemetrySourceGeneratorLoggingTests.Generate_GivenInterfaceWithGenerics_RaisesDiagnostics_A4lm3p9rmpAbILTGyosqRgCf7r4DG6vIQtQ2kMC8Iis#CriticalAttribute.g.verified.cs
  - Received: TelemetrySourceGeneratorLoggingTests.Generate_GivenInterfaceWithGenerics_RaisesDiagnostics_A4lm3p9rmpAbILTGyosqRgCf7r4DG6vIQtQ2kMC8Iis#DebugAttribute.g.received.cs
    Verified: TelemetrySourceGeneratorLoggingTests.Generate_GivenInterfaceWithGenerics_RaisesDiagnostics_A4lm3p9rmpAbILTGyosqRgCf7r4DG6vIQtQ2kMC8Iis#DebugAttribute.g.verified.cs
  - Received: TelemetrySourceGeneratorLoggingTests.Generate_GivenInterfaceWithGenerics_RaisesDiagnostics_A4lm3p9rmpAbILTGyosqRgCf7r4DG6vIQtQ2kMC8Iis#ErrorAttribute.g.received.cs
    Verified: TelemetrySourceGeneratorLoggingTests.Generate_GivenInterfaceWithGenerics_RaisesDiagnostics_A4lm3p9rmpAbILTGyosqRgCf7r4DG6vIQtQ2kMC8Iis#ErrorAttribute.g.verified.cs
  - Received: TelemetrySourceGeneratorLoggingTests.Generate_GivenInterfaceWithGenerics_RaisesDiagnostics_A4lm3p9rmpAbILTGyosqRgCf7r4DG6vIQtQ2kMC8Iis#EscapeAttribute.g.received.cs
    Verified: TelemetrySourceGeneratorLoggingTests.Generate_GivenInterfaceWithGenerics_RaisesDiagnostics_A4lm3p9rmpAbILTGyosqRgCf7r4DG6vIQtQ2kMC8Iis#EscapeAttribute.g.verified.cs
  - Received: TelemetrySourceGeneratorLoggingTests.Generate_GivenInterfaceWithGenerics_RaisesDiagnostics_A4lm3p9rmpAbILTGyosqRgCf7r4DG6vIQtQ2kMC8Iis#EventAttribute.g.received.cs
    Verified: TelemetrySourceGeneratorLoggingTests.Generate_GivenInterfaceWithGenerics_RaisesDiagnostics_A4lm3p9rmpAbILTGyosqRgCf7r4DG6vIQtQ2kMC8Iis#EventAttribute.g.verified.cs
  - Received: TelemetrySourceGeneratorLoggingTests.Generate_GivenInterfaceWithGenerics_RaisesDiagnostics_A4lm3p9rmpAbILTGyosqRgCf7r4DG6vIQtQ2kMC8Iis#ExcludeAttribute.g.received.cs
    Verified: TelemetrySourceGeneratorLoggingTests.Generate_GivenInterfaceWithGenerics_RaisesDiagnostics_A4lm3p9rmpAbILTGyosqRgCf7r4DG6vIQtQ2kMC8Iis#ExcludeAttribute.g.verified.cs
  - Received: TelemetrySourceGeneratorLoggingTests.Generate_GivenInterfaceWithGenerics_RaisesDiagnostics_A4lm3p9rmpAbILTGyosqRgCf7r4DG6vIQtQ2kMC8Iis#ExcludeTargetsAttribute.g.received.cs
    Verified: TelemetrySourceGeneratorLoggingTests.Generate_GivenInterfaceWithGenerics_RaisesDiagnostics_A4lm3p9rmpAbILTGyosqRgCf7r4DG6vIQtQ2kMC8Iis#ExcludeTargetsAttribute.g.verified.cs
  - Received: TelemetrySourceGeneratorLoggingTests.Generate_GivenInterfaceWithGenerics_RaisesDiagnostics_A4lm3p9rmpAbILTGyosqRgCf7r4DG6vIQtQ2kMC8Iis#ExpandEnumerableAttribute.g.received.cs
    Verified: TelemetrySourceGeneratorLoggingTests.Generate_GivenInterfaceWithGenerics_RaisesDiagnostics_A4lm3p9rmpAbILTGyosqRgCf7r4DG6vIQtQ2kMC8Iis#ExpandEnumerableAttribute.g.verified.cs
  - Received: TelemetrySourceGeneratorLoggingTests.Generate_GivenInterfaceWithGenerics_RaisesDiagnostics_A4lm3p9rmpAbILTGyosqRgCf7r4DG6vIQtQ2kMC8Iis#HistogramAttribute.g.received.cs
    Verified: TelemetrySourceGeneratorLoggingTests.Generate_GivenInterfaceWithGenerics_RaisesDiagnostics_A4lm3p9rmpAbILTGyosqRgCf7r4DG6vIQtQ2kMC8Iis#HistogramAttribute.g.verified.cs
  - Received: TelemetrySourceGeneratorLoggingTests.Generate_GivenInterfaceWithGenerics_RaisesDiagnostics_A4lm3p9rmpAbILTGyosqRgCf7r4DG6vIQtQ2kMC8Iis#InfoAttribute.g.received.cs
    Verified: TelemetrySourceGeneratorLoggingTests.Generate_GivenInterfaceWithGenerics_RaisesDiagnostics_A4lm3p9rmpAbILTGyosqRgCf7r4DG6vIQtQ2kMC8Iis#InfoAttribute.g.verified.cs
  - Received: TelemetrySourceGeneratorLoggingTests.Generate_GivenInterfaceWithGenerics_RaisesDiagnostics_A4lm3p9rmpAbILTGyosqRgCf7r4DG6vIQtQ2kMC8Iis#InstrumentMeasurementAttribute.g.received.cs
    Verified: TelemetrySourceGeneratorLoggingTests.Generate_GivenInterfaceWithGenerics_RaisesDiagnostics_A4lm3p9rmpAbILTGyosqRgCf7r4DG6vIQtQ2kMC8Iis#InstrumentMeasurementAttribute.g.verified.cs
  - Received: TelemetrySourceGeneratorLoggingTests.Generate_GivenInterfaceWithGenerics_RaisesDiagnostics_A4lm3p9rmpAbILTGyosqRgCf7r4DG6vIQtQ2kMC8Iis#LogAttribute.g.received.cs
    Verified: TelemetrySourceGeneratorLoggingTests.Generate_GivenInterfaceWithGenerics_RaisesDiagnostics_A4lm3p9rmpAbILTGyosqRgCf7r4DG6vIQtQ2kMC8Iis#LogAttribute.g.verified.cs
  - Received: TelemetrySourceGeneratorLoggingTests.Generate_GivenInterfaceWithGenerics_RaisesDiagnostics_A4lm3p9rmpAbILTGyosqRgCf7r4DG6vIQtQ2kMC8Iis#LoggerAttribute.g.received.cs
    Verified: TelemetrySourceGeneratorLoggingTests.Generate_GivenInterfaceWithGenerics_RaisesDiagnostics_A4lm3p9rmpAbILTGyosqRgCf7r4DG6vIQtQ2kMC8Iis#LoggerAttribute.g.verified.cs
  - Received: TelemetrySourceGeneratorLoggingTests.Generate_GivenInterfaceWithGenerics_RaisesDiagnostics_A4lm3p9rmpAbILTGyosqRgCf7r4DG6vIQtQ2kMC8Iis#LoggerGenerationAttribute.g.received.cs
    Verified: TelemetrySourceGeneratorLoggingTests.Generate_GivenInterfaceWithGenerics_RaisesDiagnostics_A4lm3p9rmpAbILTGyosqRgCf7r4DG6vIQtQ2kMC8Iis#LoggerGenerationAttribute.g.verified.cs
  - Received: TelemetrySourceGeneratorLoggingTests.Generate_GivenInterfaceWithGenerics_RaisesDiagnostics_A4lm3p9rmpAbILTGyosqRgCf7r4DG6vIQtQ2kMC8Iis#LoggerGenerationMode.g.received.cs
    Verified: TelemetrySourceGeneratorLoggingTests.Generate_GivenInterfaceWithGenerics_RaisesDiagnostics_A4lm3p9rmpAbILTGyosqRgCf7r4DG6vIQtQ2kMC8Iis#LoggerGenerationMode.g.verified.cs
  - Received: TelemetrySourceGeneratorLoggingTests.Generate_GivenInterfaceWithGenerics_RaisesDiagnostics_A4lm3p9rmpAbILTGyosqRgCf7r4DG6vIQtQ2kMC8Iis#LogPrefixType.g.received.cs
    Verified: TelemetrySourceGeneratorLoggingTests.Generate_GivenInterfaceWithGenerics_RaisesDiagnostics_A4lm3p9rmpAbILTGyosqRgCf7r4DG6vIQtQ2kMC8Iis#LogPrefixType.g.verified.cs
  - Received: TelemetrySourceGeneratorLoggingTests.Generate_GivenInterfaceWithGenerics_RaisesDiagnostics_A4lm3p9rmpAbILTGyosqRgCf7r4DG6vIQtQ2kMC8Iis#MeterAttribute.g.received.cs
    Verified: TelemetrySourceGeneratorLoggingTests.Generate_GivenInterfaceWithGenerics_RaisesDiagnostics_A4lm3p9rmpAbILTGyosqRgCf7r4DG6vIQtQ2kMC8Iis#MeterAttribute.g.verified.cs
  - Received: TelemetrySourceGeneratorLoggingTests.Generate_GivenInterfaceWithGenerics_RaisesDiagnostics_A4lm3p9rmpAbILTGyosqRgCf7r4DG6vIQtQ2kMC8Iis#MeterGenerationAttribute.g.received.cs
    Verified: TelemetrySourceGeneratorLoggingTests.Generate_GivenInterfaceWithGenerics_RaisesDiagnostics_A4lm3p9rmpAbILTGyosqRgCf7r4DG6vIQtQ2kMC8Iis#MeterGenerationAttribute.g.verified.cs
  - Received: TelemetrySourceGeneratorLoggingTests.Generate_GivenInterfaceWithGenerics_RaisesDiagnostics_A4lm3p9rmpAbILTGyosqRgCf7r4DG6vIQtQ2kMC8Iis#MeterNameGenerationType.g.received.cs
    Verified: TelemetrySourceGeneratorLoggingTests.Generate_GivenInterfaceWithGenerics_RaisesDiagnostics_A4lm3p9rmpAbILTGyosqRgCf7r4DG6vIQtQ2kMC8Iis#MeterNameGenerationType.g.verified.cs
  - Received: TelemetrySourceGeneratorLoggingTests.Generate_GivenInterfaceWithGenerics_RaisesDiagnostics_A4lm3p9rmpAbILTGyosqRgCf7r4DG6vIQtQ2kMC8Iis#NamingConvention.g.received.cs
    Verified: TelemetrySourceGeneratorLoggingTests.Generate_GivenInterfaceWithGenerics_RaisesDiagnostics_A4lm3p9rmpAbILTGyosqRgCf7r4DG6vIQtQ2kMC8Iis#NamingConvention.g.verified.cs
  - Received: TelemetrySourceGeneratorLoggingTests.Generate_GivenInterfaceWithGenerics_RaisesDiagnostics_A4lm3p9rmpAbILTGyosqRgCf7r4DG6vIQtQ2kMC8Iis#ObservableCounterAttribute.g.received.cs
    Verified: TelemetrySourceGeneratorLoggingTests.Generate_GivenInterfaceWithGenerics_RaisesDiagnostics_A4lm3p9rmpAbILTGyosqRgCf7r4DG6vIQtQ2kMC8Iis#ObservableCounterAttribute.g.verified.cs
  - Received: TelemetrySourceGeneratorLoggingTests.Generate_GivenInterfaceWithGenerics_RaisesDiagnostics_A4lm3p9rmpAbILTGyosqRgCf7r4DG6vIQtQ2kMC8Iis#ObservableGaugeAttribute.g.received.cs
    Verified: TelemetrySourceGeneratorLoggingTests.Generate_GivenInterfaceWithGenerics_RaisesDiagnostics_A4lm3p9rmpAbILTGyosqRgCf7r4DG6vIQtQ2kMC8Iis#ObservableGaugeAttribute.g.verified.cs
  - Received: TelemetrySourceGeneratorLoggingTests.Generate_GivenInterfaceWithGenerics_RaisesDiagnostics_A4lm3p9rmpAbILTGyosqRgCf7r4DG6vIQtQ2kMC8Iis#ObservableUpDownCounterAttribute.g.received.cs
    Verified: TelemetrySourceGeneratorLoggingTests.Generate_GivenInterfaceWithGenerics_RaisesDiagnostics_A4lm3p9rmpAbILTGyosqRgCf7r4DG6vIQtQ2kMC8Iis#ObservableUpDownCounterAttribute.g.verified.cs
  - Received: TelemetrySourceGeneratorLoggingTests.Generate_GivenInterfaceWithGenerics_RaisesDiagnostics_A4lm3p9rmpAbILTGyosqRgCf7r4DG6vIQtQ2kMC8Iis#StatusDescriptionAttribute.g.received.cs
    Verified: TelemetrySourceGeneratorLoggingTests.Generate_GivenInterfaceWithGenerics_RaisesDiagnostics_A4lm3p9rmpAbILTGyosqRgCf7r4DG6vIQtQ2kMC8Iis#StatusDescriptionAttribute.g.verified.cs
  - Received: TelemetrySourceGeneratorLoggingTests.Generate_GivenInterfaceWithGenerics_RaisesDiagnostics_A4lm3p9rmpAbILTGyosqRgCf7r4DG6vIQtQ2kMC8Iis#TagAttribute.g.received.cs
    Verified: TelemetrySourceGeneratorLoggingTests.Generate_GivenInterfaceWithGenerics_RaisesDiagnostics_A4lm3p9rmpAbILTGyosqRgCf7r4DG6vIQtQ2kMC8Iis#TagAttribute.g.verified.cs
  - Received: TelemetrySourceGeneratorLoggingTests.Generate_GivenInterfaceWithGenerics_RaisesDiagnostics_A4lm3p9rmpAbILTGyosqRgCf7r4DG6vIQtQ2kMC8Iis#Targets.g.received.cs
    Verified: TelemetrySourceGeneratorLoggingTests.Generate_GivenInterfaceWithGenerics_RaisesDiagnostics_A4lm3p9rmpAbILTGyosqRgCf7r4DG6vIQtQ2kMC8Iis#Targets.g.verified.cs
  - Received: TelemetrySourceGeneratorLoggingTests.Generate_GivenInterfaceWithGenerics_RaisesDiagnostics_A4lm3p9rmpAbILTGyosqRgCf7r4DG6vIQtQ2kMC8Iis#TelemetryGenerationAttribute.g.received.cs
    Verified: TelemetrySourceGeneratorLoggingTests.Generate_GivenInterfaceWithGenerics_RaisesDiagnostics_A4lm3p9rmpAbILTGyosqRgCf7r4DG6vIQtQ2kMC8Iis#TelemetryGenerationAttribute.g.verified.cs
  - Received: TelemetrySourceGeneratorLoggingTests.Generate_GivenInterfaceWithGenerics_RaisesDiagnostics_A4lm3p9rmpAbILTGyosqRgCf7r4DG6vIQtQ2kMC8Iis#TraceAttribute.g.received.cs
    Verified: TelemetrySourceGeneratorLoggingTests.Generate_GivenInterfaceWithGenerics_RaisesDiagnostics_A4lm3p9rmpAbILTGyosqRgCf7r4DG6vIQtQ2kMC8Iis#TraceAttribute.g.verified.cs
  - Received: TelemetrySourceGeneratorLoggingTests.Generate_GivenInterfaceWithGenerics_RaisesDiagnostics_A4lm3p9rmpAbILTGyosqRgCf7r4DG6vIQtQ2kMC8Iis#UpDownCounterAttribute.g.received.cs
    Verified: TelemetrySourceGeneratorLoggingTests.Generate_GivenInterfaceWithGenerics_RaisesDiagnostics_A4lm3p9rmpAbILTGyosqRgCf7r4DG6vIQtQ2kMC8Iis#UpDownCounterAttribute.g.verified.cs
  - Received: TelemetrySourceGeneratorLoggingTests.Generate_GivenInterfaceWithGenerics_RaisesDiagnostics_A4lm3p9rmpAbILTGyosqRgCf7r4DG6vIQtQ2kMC8Iis#WarningAttribute.g.received.cs
    Verified: TelemetrySourceGeneratorLoggingTests.Generate_GivenInterfaceWithGenerics_RaisesDiagnostics_A4lm3p9rmpAbILTGyosqRgCf7r4DG6vIQtQ2kMC8Iis#WarningAttribute.g.verified.cs

  from P:\GitHub\kjldev\purview-telemetry-sourcegenerator\src\Purview.Telemetry.SourceGenerator.IntegrationTests\bin\Release\net10.0\Purview.Telemetry.SourceGenerator.IntegrationTests.dll (net10.0|x64)
  TUnit.Engine.Exceptions.TestFailedException: [Test Failure] VerifyException: Directory: P:\GitHub\kjldev\purview-telemetry-sourcegenerator\src\Purview.Telemetry.SourceGenerator.IntegrationTests\Snapshots
  Delete:
    - TelemetrySourceGeneratorLoggingTests.Generate_GivenInterfaceWithGenerics_RaisesDiagnostics_A4lm3p9rmpAbILTGyosqRgCf7r4DG6vIQtQ2kMC8Iis.verified.txt
  Equal:
    - Received: TelemetrySourceGeneratorLoggingTests.Generate_GivenInterfaceWithGenerics_RaisesDiagnostics_A4lm3p9rmpAbILTGyosqRgCf7r4DG6vIQtQ2kMC8Iis#ActivityAttribute.g.received.cs
      Verified: TelemetrySourceGeneratorLoggingTests.Generate_GivenInterfaceWithGenerics_RaisesDiagnostics_A4lm3p9rmpAbILTGyosqRgCf7r4DG6vIQtQ2kMC8Iis#ActivityAttribute.g.verified.cs
    - Received: TelemetrySourceGeneratorLoggingTests.Generate_GivenInterfaceWithGenerics_RaisesDiagnostics_A4lm3p9rmpAbILTGyosqRgCf7r4DG6vIQtQ2kMC8Iis#ActivitySourceAttribute.g.received.cs
      Verified: TelemetrySourceGeneratorLoggingTests.Generate_GivenInterfaceWithGenerics_RaisesDiagnostics_A4lm3p9rmpAbILTGyosqRgCf7r4DG6vIQtQ2kMC8Iis#ActivitySourceAttribute.g.verified.cs
    - Received: TelemetrySourceGeneratorLoggingTests.Generate_GivenInterfaceWithGenerics_RaisesDiagnostics_A4lm3p9rmpAbILTGyosqRgCf7r4DG6vIQtQ2kMC8Iis#ActivitySourceGenerationAttribute.g.received.cs
      Verified: TelemetrySourceGeneratorLoggingTests.Generate_GivenInterfaceWithGenerics_RaisesDiagnostics_A4lm3p9rmpAbILTGyosqRgCf7r4DG6vIQtQ2kMC8Iis#ActivitySourceGenerationAttribute.g.verified.cs
    - Received: TelemetrySourceGeneratorLoggingTests.Generate_GivenInterfaceWithGenerics_RaisesDiagnostics_A4lm3p9rmpAbILTGyosqRgCf7r4DG6vIQtQ2kMC8Iis#AutoCounterAttribute.g.received.cs
      Verified: TelemetrySourceGeneratorLoggingTests.Generate_GivenInterfaceWithGenerics_RaisesDiagnostics_A4lm3p9rmpAbILTGyosqRgCf7r4DG6vIQtQ2kMC8Iis#AutoCounterAttribute.g.verified.cs
    - Received: TelemetrySourceGeneratorLoggingTests.Generate_GivenInterfaceWithGenerics_RaisesDiagnostics_A4lm3p9rmpAbILTGyosqRgCf7r4DG6vIQtQ2kMC8Iis#BaggageAttribute.g.received.cs
      Verified: TelemetrySourceGeneratorLoggingTests.Generate_GivenInterfaceWithGenerics_RaisesDiagnostics_A4lm3p9rmpAbILTGyosqRgCf7r4DG6vIQtQ2kMC8Iis#BaggageAttribute.g.verified.cs
    - Received: TelemetrySourceGeneratorLoggingTests.Generate_GivenInterfaceWithGenerics_RaisesDiagnostics_A4lm3p9rmpAbILTGyosqRgCf7r4DG6vIQtQ2kMC8Iis#ContextAttribute.g.received.cs
      Verified: TelemetrySourceGeneratorLoggingTests.Generate_GivenInterfaceWithGenerics_RaisesDiagnostics_A4lm3p9rmpAbILTGyosqRgCf7r4DG6vIQtQ2kMC8Iis#ContextAttribute.g.verified.cs
    - Received: TelemetrySourceGeneratorLoggingTests.Generate_GivenInterfaceWithGenerics_RaisesDiagnostics_A4lm3p9rmpAbILTGyosqRgCf7r4DG6vIQtQ2kMC8Iis#CounterAttribute.g.received.cs
      Verified: TelemetrySourceGeneratorLoggingTests.Generate_GivenInterfaceWithGenerics_RaisesDiagnostics_A4lm3p9rmpAbILTGyosqRgCf7r4DG6vIQtQ2kMC8Iis#CounterAttribute.g.verified.cs
    - Received: TelemetrySourceGeneratorLoggingTests.Generate_GivenInterfaceWithGenerics_RaisesDiagnostics_A4lm3p9rmpAbILTGyosqRgCf7r4DG6vIQtQ2kMC8Iis#CriticalAttribute.g.received.cs
      Verified: TelemetrySourceGeneratorLoggingTests.Generate_GivenInterfaceWithGenerics_RaisesDiagnostics_A4lm3p9rmpAbILTGyosqRgCf7r4DG6vIQtQ2kMC8Iis#CriticalAttribute.g.verified.cs
    - Received: TelemetrySourceGeneratorLoggingTests.Generate_GivenInterfaceWithGenerics_RaisesDiagnostics_A4lm3p9rmpAbILTGyosqRgCf7r4DG6vIQtQ2kMC8Iis#DebugAttribute.g.received.cs
      Verified: TelemetrySourceGeneratorLoggingTests.Generate_GivenInterfaceWithGenerics_RaisesDiagnostics_A4lm3p9rmpAbILTGyosqRgCf7r4DG6vIQtQ2kMC8Iis#DebugAttribute.g.verified.cs
    - Received: TelemetrySourceGeneratorLoggingTests.Generate_GivenInterfaceWithGenerics_RaisesDiagnostics_A4lm3p9rmpAbILTGyosqRgCf7r4DG6vIQtQ2kMC8Iis#ErrorAttribute.g.received.cs
      Verified: TelemetrySourceGeneratorLoggingTests.Generate_GivenInterfaceWithGenerics_RaisesDiagnostics_A4lm3p9rmpAbILTGyosqRgCf7r4DG6vIQtQ2kMC8Iis#ErrorAttribute.g.verified.cs
    - Received: TelemetrySourceGeneratorLoggingTests.Generate_GivenInterfaceWithGenerics_RaisesDiagnostics_A4lm3p9rmpAbILTGyosqRgCf7r4DG6vIQtQ2kMC8Iis#EscapeAttribute.g.received.cs
      Verified: TelemetrySourceGeneratorLoggingTests.Generate_GivenInterfaceWithGenerics_RaisesDiagnostics_A4lm3p9rmpAbILTGyosqRgCf7r4DG6vIQtQ2kMC8Iis#EscapeAttribute.g.verified.cs
    - Received: TelemetrySourceGeneratorLoggingTests.Generate_GivenInterfaceWithGenerics_RaisesDiagnostics_A4lm3p9rmpAbILTGyosqRgCf7r4DG6vIQtQ2kMC8Iis#EventAttribute.g.received.cs
      Verified: TelemetrySourceGeneratorLoggingTests.Generate_GivenInterfaceWithGenerics_RaisesDiagnostics_A4lm3p9rmpAbILTGyosqRgCf7r4DG6vIQtQ2kMC8Iis#EventAttribute.g.verified.cs
    - Received: TelemetrySourceGeneratorLoggingTests.Generate_GivenInterfaceWithGenerics_RaisesDiagnostics_A4lm3p9rmpAbILTGyosqRgCf7r4DG6vIQtQ2kMC8Iis#ExcludeAttribute.g.received.cs
      Verified: TelemetrySourceGeneratorLoggingTests.Generate_GivenInterfaceWithGenerics_RaisesDiagnostics_A4lm3p9rmpAbILTGyosqRgCf7r4DG6vIQtQ2kMC8Iis#ExcludeAttribute.g.verified.cs
    - Received: TelemetrySourceGeneratorLoggingTests.Generate_GivenInterfaceWithGenerics_RaisesDiagnostics_A4lm3p9rmpAbILTGyosqRgCf7r4DG6vIQtQ2kMC8Iis#ExcludeTargetsAttribute.g.received.cs
      Verified: TelemetrySourceGeneratorLoggingTests.Generate_GivenInterfaceWithGenerics_RaisesDiagnostics_A4lm3p9rmpAbILTGyosqRgCf7r4DG6vIQtQ2kMC8Iis#ExcludeTargetsAttribute.g.verified.cs
    - Received: TelemetrySourceGeneratorLoggingTests.Generate_GivenInterfaceWithGenerics_RaisesDiagnostics_A4lm3p9rmpAbILTGyosqRgCf7r4DG6vIQtQ2kMC8Iis#ExpandEnumerableAttribute.g.received.cs
      Verified: TelemetrySourceGeneratorLoggingTests.Generate_GivenInterfaceWithGenerics_RaisesDiagnostics_A4lm3p9rmpAbILTGyosqRgCf7r4DG6vIQtQ2kMC8Iis#ExpandEnumerableAttribute.g.verified.cs
    - Received: TelemetrySourceGeneratorLoggingTests.Generate_GivenInterfaceWithGenerics_RaisesDiagnostics_A4lm3p9rmpAbILTGyosqRgCf7r4DG6vIQtQ2kMC8Iis#HistogramAttribute.g.received.cs
      Verified: TelemetrySourceGeneratorLoggingTests.Generate_GivenInterfaceWithGenerics_RaisesDiagnostics_A4lm3p9rmpAbILTGyosqRgCf7r4DG6vIQtQ2kMC8Iis#HistogramAttribute.g.verified.cs
    - Received: TelemetrySourceGeneratorLoggingTests.Generate_GivenInterfaceWithGenerics_RaisesDiagnostics_A4lm3p9rmpAbILTGyosqRgCf7r4DG6vIQtQ2kMC8Iis#InfoAttribute.g.received.cs
      Verified: TelemetrySourceGeneratorLoggingTests.Generate_GivenInterfaceWithGenerics_RaisesDiagnostics_A4lm3p9rmpAbILTGyosqRgCf7r4DG6vIQtQ2kMC8Iis#InfoAttribute.g.verified.cs
    - Received: TelemetrySourceGeneratorLoggingTests.Generate_GivenInterfaceWithGenerics_RaisesDiagnostics_A4lm3p9rmpAbILTGyosqRgCf7r4DG6vIQtQ2kMC8Iis#InstrumentMeasurementAttribute.g.received.cs
      Verified: TelemetrySourceGeneratorLoggingTests.Generate_GivenInterfaceWithGenerics_RaisesDiagnostics_A4lm3p9rmpAbILTGyosqRgCf7r4DG6vIQtQ2kMC8Iis#InstrumentMeasurementAttribute.g.verified.cs
    - Received: TelemetrySourceGeneratorLoggingTests.Generate_GivenInterfaceWithGenerics_RaisesDiagnostics_A4lm3p9rmpAbILTGyosqRgCf7r4DG6vIQtQ2kMC8Iis#LogAttribute.g.received.cs
      Verified: TelemetrySourceGeneratorLoggingTests.Generate_GivenInterfaceWithGenerics_RaisesDiagnostics_A4lm3p9rmpAbILTGyosqRgCf7r4DG6vIQtQ2kMC8Iis#LogAttribute.g.verified.cs
    - Received: TelemetrySourceGeneratorLoggingTests.Generate_GivenInterfaceWithGenerics_RaisesDiagnostics_A4lm3p9rmpAbILTGyosqRgCf7r4DG6vIQtQ2kMC8Iis#LoggerAttribute.g.received.cs
      Verified: TelemetrySourceGeneratorLoggingTests.Generate_GivenInterfaceWithGenerics_RaisesDiagnostics_A4lm3p9rmpAbILTGyosqRgCf7r4DG6vIQtQ2kMC8Iis#LoggerAttribute.g.verified.cs
    - Received: TelemetrySourceGeneratorLoggingTests.Generate_GivenInterfaceWithGenerics_RaisesDiagnostics_A4lm3p9rmpAbILTGyosqRgCf7r4DG6vIQtQ2kMC8Iis#LoggerGenerationAttribute.g.received.cs
      Verified: TelemetrySourceGeneratorLoggingTests.Generate_GivenInterfaceWithGenerics_RaisesDiagnostics_A4lm3p9rmpAbILTGyosqRgCf7r4DG6vIQtQ2kMC8Iis#LoggerGenerationAttribute.g.verified.cs
    - Received: TelemetrySourceGeneratorLoggingTests.Generate_GivenInterfaceWithGenerics_RaisesDiagnostics_A4lm3p9rmpAbILTGyosqRgCf7r4DG6vIQtQ2kMC8Iis#LoggerGenerationMode.g.received.cs
      Verified: TelemetrySourceGeneratorLoggingTests.Generate_GivenInterfaceWithGenerics_RaisesDiagnostics_A4lm3p9rmpAbILTGyosqRgCf7r4DG6vIQtQ2kMC8Iis#LoggerGenerationMode.g.verified.cs
    - Received: TelemetrySourceGeneratorLoggingTests.Generate_GivenInterfaceWithGenerics_RaisesDiagnostics_A4lm3p9rmpAbILTGyosqRgCf7r4DG6vIQtQ2kMC8Iis#LogPrefixType.g.received.cs
      Verified: TelemetrySourceGeneratorLoggingTests.Generate_GivenInterfaceWithGenerics_RaisesDiagnostics_A4lm3p9rmpAbILTGyosqRgCf7r4DG6vIQtQ2kMC8Iis#LogPrefixType.g.verified.cs
    - Received: TelemetrySourceGeneratorLoggingTests.Generate_GivenInterfaceWithGenerics_RaisesDiagnostics_A4lm3p9rmpAbILTGyosqRgCf7r4DG6vIQtQ2kMC8Iis#MeterAttribute.g.received.cs
      Verified: TelemetrySourceGeneratorLoggingTests.Generate_GivenInterfaceWithGenerics_RaisesDiagnostics_A4lm3p9rmpAbILTGyosqRgCf7r4DG6vIQtQ2kMC8Iis#MeterAttribute.g.verified.cs
    - Received: TelemetrySourceGeneratorLoggingTests.Generate_GivenInterfaceWithGenerics_RaisesDiagnostics_A4lm3p9rmpAbILTGyosqRgCf7r4DG6vIQtQ2kMC8Iis#MeterGenerationAttribute.g.received.cs
      Verified: TelemetrySourceGeneratorLoggingTests.Generate_GivenInterfaceWithGenerics_RaisesDiagnostics_A4lm3p9rmpAbILTGyosqRgCf7r4DG6vIQtQ2kMC8Iis#MeterGenerationAttribute.g.verified.cs
    - Received: TelemetrySourceGeneratorLoggingTests.Generate_GivenInterfaceWithGenerics_RaisesDiagnostics_A4lm3p9rmpAbILTGyosqRgCf7r4DG6vIQtQ2kMC8Iis#MeterNameGenerationType.g.received.cs
      Verified: TelemetrySourceGeneratorLoggingTests.Generate_GivenInterfaceWithGenerics_RaisesDiagnostics_A4lm3p9rmpAbILTGyosqRgCf7r4DG6vIQtQ2kMC8Iis#MeterNameGenerationType.g.verified.cs
    - Received: TelemetrySourceGeneratorLoggingTests.Generate_GivenInterfaceWithGenerics_RaisesDiagnostics_A4lm3p9rmpAbILTGyosqRgCf7r4DG6vIQtQ2kMC8Iis#NamingConvention.g.received.cs
      Verified: TelemetrySourceGeneratorLoggingTests.Generate_GivenInterfaceWithGenerics_RaisesDiagnostics_A4lm3p9rmpAbILTGyosqRgCf7r4DG6vIQtQ2kMC8Iis#NamingConvention.g.verified.cs
    - Received: TelemetrySourceGeneratorLoggingTests.Generate_GivenInterfaceWithGenerics_RaisesDiagnostics_A4lm3p9rmpAbILTGyosqRgCf7r4DG6vIQtQ2kMC8Iis#ObservableCounterAttribute.g.received.cs
      Verified: TelemetrySourceGeneratorLoggingTests.Generate_GivenInterfaceWithGenerics_RaisesDiagnostics_A4lm3p9rmpAbILTGyosqRgCf7r4DG6vIQtQ2kMC8Iis#ObservableCounterAttribute.g.verified.cs
    - Received: TelemetrySourceGeneratorLoggingTests.Generate_GivenInterfaceWithGenerics_RaisesDiagnostics_A4lm3p9rmpAbILTGyosqRgCf7r4DG6vIQtQ2kMC8Iis#ObservableGaugeAttribute.g.received.cs
      Verified: TelemetrySourceGeneratorLoggingTests.Generate_GivenInterfaceWithGenerics_RaisesDiagnostics_A4lm3p9rmpAbILTGyosqRgCf7r4DG6vIQtQ2kMC8Iis#ObservableGaugeAttribute.g.verified.cs
    - Received: TelemetrySourceGeneratorLoggingTests.Generate_GivenInterfaceWithGenerics_RaisesDiagnostics_A4lm3p9rmpAbILTGyosqRgCf7r4DG6vIQtQ2kMC8Iis#ObservableUpDownCounterAttribute.g.received.cs
      Verified: TelemetrySourceGeneratorLoggingTests.Generate_GivenInterfaceWithGenerics_RaisesDiagnostics_A4lm3p9rmpAbILTGyosqRgCf7r4DG6vIQtQ2kMC8Iis#ObservableUpDownCounterAttribute.g.verified.cs
    - Received: TelemetrySourceGeneratorLoggingTests.Generate_GivenInterfaceWithGenerics_RaisesDiagnostics_A4lm3p9rmpAbILTGyosqRgCf7r4DG6vIQtQ2kMC8Iis#StatusDescriptionAttribute.g.received.cs
      Verified: TelemetrySourceGeneratorLoggingTests.Generate_GivenInterfaceWithGenerics_RaisesDiagnostics_A4lm3p9rmpAbILTGyosqRgCf7r4DG6vIQtQ2kMC8Iis#StatusDescriptionAttribute.g.verified.cs
    - Received: TelemetrySourceGeneratorLoggingTests.Generate_GivenInterfaceWithGenerics_RaisesDiagnostics_A4lm3p9rmpAbILTGyosqRgCf7r4DG6vIQtQ2kMC8Iis#TagAttribute.g.received.cs
      Verified: TelemetrySourceGeneratorLoggingTests.Generate_GivenInterfaceWithGenerics_RaisesDiagnostics_A4lm3p9rmpAbILTGyosqRgCf7r4DG6vIQtQ2kMC8Iis#TagAttribute.g.verified.cs
    - Received: TelemetrySourceGeneratorLoggingTests.Generate_GivenInterfaceWithGenerics_RaisesDiagnostics_A4lm3p9rmpAbILTGyosqRgCf7r4DG6vIQtQ2kMC8Iis#Targets.g.received.cs
      Verified: TelemetrySourceGeneratorLoggingTests.Generate_GivenInterfaceWithGenerics_RaisesDiagnostics_A4lm3p9rmpAbILTGyosqRgCf7r4DG6vIQtQ2kMC8Iis#Targets.g.verified.cs
    - Received: TelemetrySourceGeneratorLoggingTests.Generate_GivenInterfaceWithGenerics_RaisesDiagnostics_A4lm3p9rmpAbILTGyosqRgCf7r4DG6vIQtQ2kMC8Iis#TelemetryGenerationAttribute.g.received.cs
      Verified: TelemetrySourceGeneratorLoggingTests.Generate_GivenInterfaceWithGenerics_RaisesDiagnostics_A4lm3p9rmpAbILTGyosqRgCf7r4DG6vIQtQ2kMC8Iis#TelemetryGenerationAttribute.g.verified.cs
    - Received: TelemetrySourceGeneratorLoggingTests.Generate_GivenInterfaceWithGenerics_RaisesDiagnostics_A4lm3p9rmpAbILTGyosqRgCf7r4DG6vIQtQ2kMC8Iis#TraceAttribute.g.received.cs
      Verified: TelemetrySourceGeneratorLoggingTests.Generate_GivenInterfaceWithGenerics_RaisesDiagnostics_A4lm3p9rmpAbILTGyosqRgCf7r4DG6vIQtQ2kMC8Iis#TraceAttribute.g.verified.cs
    - Received: TelemetrySourceGeneratorLoggingTests.Generate_GivenInterfaceWithGenerics_RaisesDiagnostics_A4lm3p9rmpAbILTGyosqRgCf7r4DG6vIQtQ2kMC8Iis#UpDownCounterAttribute.g.received.cs
      Verified: TelemetrySourceGeneratorLoggingTests.Generate_GivenInterfaceWithGenerics_RaisesDiagnostics_A4lm3p9rmpAbILTGyosqRgCf7r4DG6vIQtQ2kMC8Iis#UpDownCounterAttribute.g.verified.cs
    - Received: TelemetrySourceGeneratorLoggingTests.Generate_GivenInterfaceWithGenerics_RaisesDiagnostics_A4lm3p9rmpAbILTGyosqRgCf7r4DG6vIQtQ2kMC8Iis#WarningAttribute.g.received.cs
      Verified: TelemetrySourceGeneratorLoggingTests.Generate_GivenInterfaceWithGenerics_RaisesDiagnostics_A4lm3p9rmpAbILTGyosqRgCf7r4DG6vIQtQ2kMC8Iis#WarningAttribute.g.verified.cs
  
  Standard output
    DBG: --- Adding templates.
    DBG: Adding ActivitySourceGenerationAttribute as ActivitySourceGenerationAttribute.g.cs.
    DBG: Adding ActivitySourceAttribute as ActivitySourceAttribute.g.cs.
    DBG: Adding ActivityAttribute as ActivityAttribute.g.cs.
    DBG: Adding EventAttribute as EventAttribute.g.cs.
    DBG: Adding ContextAttribute as ContextAttribute.g.cs.
    DBG: Adding BaggageAttribute as BaggageAttribute.g.cs.
    DBG: Adding EscapeAttribute as EscapeAttribute.g.cs.
    DBG: Adding StatusDescriptionAttribute as StatusDescriptionAttribute.g.cs.
    DBG: Adding LoggerGenerationAttribute as LoggerGenerationAttribute.g.cs.
    DBG: Adding LoggerAttribute as LoggerAttribute.g.cs.
    DBG: Adding LogAttribute as LogAttribute.g.cs.
    DBG: Adding LogPrefixType as LogPrefixType.g.cs.
    DBG: Adding LoggerGenerationMode as LoggerGenerationMode.g.cs.
    DBG: Adding ExpandEnumerableAttribute as ExpandEnumerableAttribute.g.cs.
    DBG: Adding TraceAttribute as TraceAttribute.g.cs.
    DBG: Adding DebugAttribute as DebugAttribute.g.cs.
    DBG: Adding InfoAttribute as InfoAttribute.g.cs.
    DBG: Adding WarningAttribute as WarningAttribute.g.cs.
    DBG: Adding ErrorAttribute as ErrorAttribute.g.cs.
    DBG: Adding CriticalAttribute as CriticalAttribute.g.cs.
    DBG: Adding MeterGenerationAttribute as MeterGenerationAttribute.g.cs.
    DBG: Adding MeterAttribute as MeterAttribute.g.cs.
    DBG: Adding MeterNameGenerationType as MeterNameGenerationType.g.cs.
    DBG: Adding InstrumentMeasurementAttribute as InstrumentMeasurementAttribute.g.cs.
    DBG: Adding AutoCounterAttribute as AutoCounterAttribute.g.cs.
    DBG: Adding CounterAttribute as CounterAttribute.g.cs.
    DBG: Adding UpDownCounterAttribute as UpDownCounterAttribute.g.cs.
    DBG: Adding HistogramAttribute as HistogramAttribute.g.cs.
    DBG: Adding ObservableCounterAttribute as ObservableCounterAttribute.g.cs.
    DBG: Adding ObservableGaugeAttribute as ObservableGaugeAttribute.g.cs.
    DBG: Adding ObservableUpDownCounterAttribute as ObservableUpDownCounterAttribute.g.cs.
    DBG: Adding TagAttribute as TagAttribute.g.cs.
    DBG: Adding ExcludeAttribute as ExcludeAttribute.g.cs.
    DBG: Adding TelemetryGenerationAttribute as TelemetryGenerationAttribute.g.cs.
    DBG: Adding Targets as Targets.g.cs.
    DBG: Adding NamingConvention as NamingConvention.g.cs.
    DBG: Adding ExcludeTargetsAttribute as ExcludeTargetsAttribute.g.cs.
    DBG: --- Finished adding templates.
    DIA: Cannot generate a Logger target for a generic interface '[Logger] public interface ITestLogger<T0, T1> { void LogEntryWithGenericTypeParam(); }'.
    
  Error output
failed Generate_GivenInterfaceWithGenerics_RaisesDiagnostics(5) (3s 341ms)
  [Test Failure] VerifyException: Directory: P:\GitHub\kjldev\purview-telemetry-sourcegenerator\src\Purview.Telemetry.SourceGenerator.IntegrationTests\Snapshots
Delete:
  - TelemetrySourceGeneratorLoggingTests.Generate_GivenInterfaceWithGenerics_RaisesDiagnostics_GuNZL4JIw_h5tWr-PyzmqtRbqJhDR5bTXFZWhDl_s-Y.verified.txt
Equal:
  - Received: TelemetrySourceGeneratorLoggingTests.Generate_GivenInterfaceWithGenerics_RaisesDiagnostics_GuNZL4JIw_h5tWr-PyzmqtRbqJhDR5bTXFZWhDl_s-Y#ActivityAttribute.g.received.cs
    Verified: TelemetrySourceGeneratorLoggingTests.Generate_GivenInterfaceWithGenerics_RaisesDiagnostics_GuNZL4JIw_h5tWr-PyzmqtRbqJhDR5bTXFZWhDl_s-Y#ActivityAttribute.g.verified.cs
  - Received: TelemetrySourceGeneratorLoggingTests.Generate_GivenInterfaceWithGenerics_RaisesDiagnostics_GuNZL4JIw_h5tWr-PyzmqtRbqJhDR5bTXFZWhDl_s-Y#ActivitySourceAttribute.g.received.cs
    Verified: TelemetrySourceGeneratorLoggingTests.Generate_GivenInterfaceWithGenerics_RaisesDiagnostics_GuNZL4JIw_h5tWr-PyzmqtRbqJhDR5bTXFZWhDl_s-Y#ActivitySourceAttribute.g.verified.cs
  - Received: TelemetrySourceGeneratorLoggingTests.Generate_GivenInterfaceWithGenerics_RaisesDiagnostics_GuNZL4JIw_h5tWr-PyzmqtRbqJhDR5bTXFZWhDl_s-Y#ActivitySourceGenerationAttribute.g.received.cs
    Verified: TelemetrySourceGeneratorLoggingTests.Generate_GivenInterfaceWithGenerics_RaisesDiagnostics_GuNZL4JIw_h5tWr-PyzmqtRbqJhDR5bTXFZWhDl_s-Y#ActivitySourceGenerationAttribute.g.verified.cs
  - Received: TelemetrySourceGeneratorLoggingTests.Generate_GivenInterfaceWithGenerics_RaisesDiagnostics_GuNZL4JIw_h5tWr-PyzmqtRbqJhDR5bTXFZWhDl_s-Y#AutoCounterAttribute.g.received.cs
    Verified: TelemetrySourceGeneratorLoggingTests.Generate_GivenInterfaceWithGenerics_RaisesDiagnostics_GuNZL4JIw_h5tWr-PyzmqtRbqJhDR5bTXFZWhDl_s-Y#AutoCounterAttribute.g.verified.cs
  - Received: TelemetrySourceGeneratorLoggingTests.Generate_GivenInterfaceWithGenerics_RaisesDiagnostics_GuNZL4JIw_h5tWr-PyzmqtRbqJhDR5bTXFZWhDl_s-Y#BaggageAttribute.g.received.cs
    Verified: TelemetrySourceGeneratorLoggingTests.Generate_GivenInterfaceWithGenerics_RaisesDiagnostics_GuNZL4JIw_h5tWr-PyzmqtRbqJhDR5bTXFZWhDl_s-Y#BaggageAttribute.g.verified.cs
  - Received: TelemetrySourceGeneratorLoggingTests.Generate_GivenInterfaceWithGenerics_RaisesDiagnostics_GuNZL4JIw_h5tWr-PyzmqtRbqJhDR5bTXFZWhDl_s-Y#ContextAttribute.g.received.cs
    Verified: TelemetrySourceGeneratorLoggingTests.Generate_GivenInterfaceWithGenerics_RaisesDiagnostics_GuNZL4JIw_h5tWr-PyzmqtRbqJhDR5bTXFZWhDl_s-Y#ContextAttribute.g.verified.cs
  - Received: TelemetrySourceGeneratorLoggingTests.Generate_GivenInterfaceWithGenerics_RaisesDiagnostics_GuNZL4JIw_h5tWr-PyzmqtRbqJhDR5bTXFZWhDl_s-Y#CounterAttribute.g.received.cs
    Verified: TelemetrySourceGeneratorLoggingTests.Generate_GivenInterfaceWithGenerics_RaisesDiagnostics_GuNZL4JIw_h5tWr-PyzmqtRbqJhDR5bTXFZWhDl_s-Y#CounterAttribute.g.verified.cs
  - Received: TelemetrySourceGeneratorLoggingTests.Generate_GivenInterfaceWithGenerics_RaisesDiagnostics_GuNZL4JIw_h5tWr-PyzmqtRbqJhDR5bTXFZWhDl_s-Y#CriticalAttribute.g.received.cs
    Verified: TelemetrySourceGeneratorLoggingTests.Generate_GivenInterfaceWithGenerics_RaisesDiagnostics_GuNZL4JIw_h5tWr-PyzmqtRbqJhDR5bTXFZWhDl_s-Y#CriticalAttribute.g.verified.cs
  - Received: TelemetrySourceGeneratorLoggingTests.Generate_GivenInterfaceWithGenerics_RaisesDiagnostics_GuNZL4JIw_h5tWr-PyzmqtRbqJhDR5bTXFZWhDl_s-Y#DebugAttribute.g.received.cs
    Verified: TelemetrySourceGeneratorLoggingTests.Generate_GivenInterfaceWithGenerics_RaisesDiagnostics_GuNZL4JIw_h5tWr-PyzmqtRbqJhDR5bTXFZWhDl_s-Y#DebugAttribute.g.verified.cs
  - Received: TelemetrySourceGeneratorLoggingTests.Generate_GivenInterfaceWithGenerics_RaisesDiagnostics_GuNZL4JIw_h5tWr-PyzmqtRbqJhDR5bTXFZWhDl_s-Y#ErrorAttribute.g.received.cs
    Verified: TelemetrySourceGeneratorLoggingTests.Generate_GivenInterfaceWithGenerics_RaisesDiagnostics_GuNZL4JIw_h5tWr-PyzmqtRbqJhDR5bTXFZWhDl_s-Y#ErrorAttribute.g.verified.cs
  - Received: TelemetrySourceGeneratorLoggingTests.Generate_GivenInterfaceWithGenerics_RaisesDiagnostics_GuNZL4JIw_h5tWr-PyzmqtRbqJhDR5bTXFZWhDl_s-Y#EscapeAttribute.g.received.cs
    Verified: TelemetrySourceGeneratorLoggingTests.Generate_GivenInterfaceWithGenerics_RaisesDiagnostics_GuNZL4JIw_h5tWr-PyzmqtRbqJhDR5bTXFZWhDl_s-Y#EscapeAttribute.g.verified.cs
  - Received: TelemetrySourceGeneratorLoggingTests.Generate_GivenInterfaceWithGenerics_RaisesDiagnostics_GuNZL4JIw_h5tWr-PyzmqtRbqJhDR5bTXFZWhDl_s-Y#EventAttribute.g.received.cs
    Verified: TelemetrySourceGeneratorLoggingTests.Generate_GivenInterfaceWithGenerics_RaisesDiagnostics_GuNZL4JIw_h5tWr-PyzmqtRbqJhDR5bTXFZWhDl_s-Y#EventAttribute.g.verified.cs
  - Received: TelemetrySourceGeneratorLoggingTests.Generate_GivenInterfaceWithGenerics_RaisesDiagnostics_GuNZL4JIw_h5tWr-PyzmqtRbqJhDR5bTXFZWhDl_s-Y#ExcludeAttribute.g.received.cs
    Verified: TelemetrySourceGeneratorLoggingTests.Generate_GivenInterfaceWithGenerics_RaisesDiagnostics_GuNZL4JIw_h5tWr-PyzmqtRbqJhDR5bTXFZWhDl_s-Y#ExcludeAttribute.g.verified.cs
  - Received: TelemetrySourceGeneratorLoggingTests.Generate_GivenInterfaceWithGenerics_RaisesDiagnostics_GuNZL4JIw_h5tWr-PyzmqtRbqJhDR5bTXFZWhDl_s-Y#ExcludeTargetsAttribute.g.received.cs
    Verified: TelemetrySourceGeneratorLoggingTests.Generate_GivenInterfaceWithGenerics_RaisesDiagnostics_GuNZL4JIw_h5tWr-PyzmqtRbqJhDR5bTXFZWhDl_s-Y#ExcludeTargetsAttribute.g.verified.cs
  - Received: TelemetrySourceGeneratorLoggingTests.Generate_GivenInterfaceWithGenerics_RaisesDiagnostics_GuNZL4JIw_h5tWr-PyzmqtRbqJhDR5bTXFZWhDl_s-Y#ExpandEnumerableAttribute.g.received.cs
    Verified: TelemetrySourceGeneratorLoggingTests.Generate_GivenInterfaceWithGenerics_RaisesDiagnostics_GuNZL4JIw_h5tWr-PyzmqtRbqJhDR5bTXFZWhDl_s-Y#ExpandEnumerableAttribute.g.verified.cs
  - Received: TelemetrySourceGeneratorLoggingTests.Generate_GivenInterfaceWithGenerics_RaisesDiagnostics_GuNZL4JIw_h5tWr-PyzmqtRbqJhDR5bTXFZWhDl_s-Y#HistogramAttribute.g.received.cs
    Verified: TelemetrySourceGeneratorLoggingTests.Generate_GivenInterfaceWithGenerics_RaisesDiagnostics_GuNZL4JIw_h5tWr-PyzmqtRbqJhDR5bTXFZWhDl_s-Y#HistogramAttribute.g.verified.cs
  - Received: TelemetrySourceGeneratorLoggingTests.Generate_GivenInterfaceWithGenerics_RaisesDiagnostics_GuNZL4JIw_h5tWr-PyzmqtRbqJhDR5bTXFZWhDl_s-Y#InfoAttribute.g.received.cs
    Verified: TelemetrySourceGeneratorLoggingTests.Generate_GivenInterfaceWithGenerics_RaisesDiagnostics_GuNZL4JIw_h5tWr-PyzmqtRbqJhDR5bTXFZWhDl_s-Y#InfoAttribute.g.verified.cs
  - Received: TelemetrySourceGeneratorLoggingTests.Generate_GivenInterfaceWithGenerics_RaisesDiagnostics_GuNZL4JIw_h5tWr-PyzmqtRbqJhDR5bTXFZWhDl_s-Y#InstrumentMeasurementAttribute.g.received.cs
    Verified: TelemetrySourceGeneratorLoggingTests.Generate_GivenInterfaceWithGenerics_RaisesDiagnostics_GuNZL4JIw_h5tWr-PyzmqtRbqJhDR5bTXFZWhDl_s-Y#InstrumentMeasurementAttribute.g.verified.cs
  - Received: TelemetrySourceGeneratorLoggingTests.Generate_GivenInterfaceWithGenerics_RaisesDiagnostics_GuNZL4JIw_h5tWr-PyzmqtRbqJhDR5bTXFZWhDl_s-Y#LogAttribute.g.received.cs
    Verified: TelemetrySourceGeneratorLoggingTests.Generate_GivenInterfaceWithGenerics_RaisesDiagnostics_GuNZL4JIw_h5tWr-PyzmqtRbqJhDR5bTXFZWhDl_s-Y#LogAttribute.g.verified.cs
  - Received: TelemetrySourceGeneratorLoggingTests.Generate_GivenInterfaceWithGenerics_RaisesDiagnostics_GuNZL4JIw_h5tWr-PyzmqtRbqJhDR5bTXFZWhDl_s-Y#LoggerAttribute.g.received.cs
    Verified: TelemetrySourceGeneratorLoggingTests.Generate_GivenInterfaceWithGenerics_RaisesDiagnostics_GuNZL4JIw_h5tWr-PyzmqtRbqJhDR5bTXFZWhDl_s-Y#LoggerAttribute.g.verified.cs
  - Received: TelemetrySourceGeneratorLoggingTests.Generate_GivenInterfaceWithGenerics_RaisesDiagnostics_GuNZL4JIw_h5tWr-PyzmqtRbqJhDR5bTXFZWhDl_s-Y#LoggerGenerationAttribute.g.received.cs
    Verified: TelemetrySourceGeneratorLoggingTests.Generate_GivenInterfaceWithGenerics_RaisesDiagnostics_GuNZL4JIw_h5tWr-PyzmqtRbqJhDR5bTXFZWhDl_s-Y#LoggerGenerationAttribute.g.verified.cs
  - Received: TelemetrySourceGeneratorLoggingTests.Generate_GivenInterfaceWithGenerics_RaisesDiagnostics_GuNZL4JIw_h5tWr-PyzmqtRbqJhDR5bTXFZWhDl_s-Y#LoggerGenerationMode.g.received.cs
    Verified: TelemetrySourceGeneratorLoggingTests.Generate_GivenInterfaceWithGenerics_RaisesDiagnostics_GuNZL4JIw_h5tWr-PyzmqtRbqJhDR5bTXFZWhDl_s-Y#LoggerGenerationMode.g.verified.cs
  - Received: TelemetrySourceGeneratorLoggingTests.Generate_GivenInterfaceWithGenerics_RaisesDiagnostics_GuNZL4JIw_h5tWr-PyzmqtRbqJhDR5bTXFZWhDl_s-Y#LogPrefixType.g.received.cs
    Verified: TelemetrySourceGeneratorLoggingTests.Generate_GivenInterfaceWithGenerics_RaisesDiagnostics_GuNZL4JIw_h5tWr-PyzmqtRbqJhDR5bTXFZWhDl_s-Y#LogPrefixType.g.verified.cs
  - Received: TelemetrySourceGeneratorLoggingTests.Generate_GivenInterfaceWithGenerics_RaisesDiagnostics_GuNZL4JIw_h5tWr-PyzmqtRbqJhDR5bTXFZWhDl_s-Y#MeterAttribute.g.received.cs
    Verified: TelemetrySourceGeneratorLoggingTests.Generate_GivenInterfaceWithGenerics_RaisesDiagnostics_GuNZL4JIw_h5tWr-PyzmqtRbqJhDR5bTXFZWhDl_s-Y#MeterAttribute.g.verified.cs
  - Received: TelemetrySourceGeneratorLoggingTests.Generate_GivenInterfaceWithGenerics_RaisesDiagnostics_GuNZL4JIw_h5tWr-PyzmqtRbqJhDR5bTXFZWhDl_s-Y#MeterGenerationAttribute.g.received.cs
    Verified: TelemetrySourceGeneratorLoggingTests.Generate_GivenInterfaceWithGenerics_RaisesDiagnostics_GuNZL4JIw_h5tWr-PyzmqtRbqJhDR5bTXFZWhDl_s-Y#MeterGenerationAttribute.g.verified.cs
  - Received: TelemetrySourceGeneratorLoggingTests.Generate_GivenInterfaceWithGenerics_RaisesDiagnostics_GuNZL4JIw_h5tWr-PyzmqtRbqJhDR5bTXFZWhDl_s-Y#MeterNameGenerationType.g.received.cs
    Verified: TelemetrySourceGeneratorLoggingTests.Generate_GivenInterfaceWithGenerics_RaisesDiagnostics_GuNZL4JIw_h5tWr-PyzmqtRbqJhDR5bTXFZWhDl_s-Y#MeterNameGenerationType.g.verified.cs
  - Received: TelemetrySourceGeneratorLoggingTests.Generate_GivenInterfaceWithGenerics_RaisesDiagnostics_GuNZL4JIw_h5tWr-PyzmqtRbqJhDR5bTXFZWhDl_s-Y#NamingConvention.g.received.cs
    Verified: TelemetrySourceGeneratorLoggingTests.Generate_GivenInterfaceWithGenerics_RaisesDiagnostics_GuNZL4JIw_h5tWr-PyzmqtRbqJhDR5bTXFZWhDl_s-Y#NamingConvention.g.verified.cs
  - Received: TelemetrySourceGeneratorLoggingTests.Generate_GivenInterfaceWithGenerics_RaisesDiagnostics_GuNZL4JIw_h5tWr-PyzmqtRbqJhDR5bTXFZWhDl_s-Y#ObservableCounterAttribute.g.received.cs
    Verified: TelemetrySourceGeneratorLoggingTests.Generate_GivenInterfaceWithGenerics_RaisesDiagnostics_GuNZL4JIw_h5tWr-PyzmqtRbqJhDR5bTXFZWhDl_s-Y#ObservableCounterAttribute.g.verified.cs
  - Received: TelemetrySourceGeneratorLoggingTests.Generate_GivenInterfaceWithGenerics_RaisesDiagnostics_GuNZL4JIw_h5tWr-PyzmqtRbqJhDR5bTXFZWhDl_s-Y#ObservableGaugeAttribute.g.received.cs
    Verified: TelemetrySourceGeneratorLoggingTests.Generate_GivenInterfaceWithGenerics_RaisesDiagnostics_GuNZL4JIw_h5tWr-PyzmqtRbqJhDR5bTXFZWhDl_s-Y#ObservableGaugeAttribute.g.verified.cs
  - Received: TelemetrySourceGeneratorLoggingTests.Generate_GivenInterfaceWithGenerics_RaisesDiagnostics_GuNZL4JIw_h5tWr-PyzmqtRbqJhDR5bTXFZWhDl_s-Y#ObservableUpDownCounterAttribute.g.received.cs
    Verified: TelemetrySourceGeneratorLoggingTests.Generate_GivenInterfaceWithGenerics_RaisesDiagnostics_GuNZL4JIw_h5tWr-PyzmqtRbqJhDR5bTXFZWhDl_s-Y#ObservableUpDownCounterAttribute.g.verified.cs
  - Received: TelemetrySourceGeneratorLoggingTests.Generate_GivenInterfaceWithGenerics_RaisesDiagnostics_GuNZL4JIw_h5tWr-PyzmqtRbqJhDR5bTXFZWhDl_s-Y#StatusDescriptionAttribute.g.received.cs
    Verified: TelemetrySourceGeneratorLoggingTests.Generate_GivenInterfaceWithGenerics_RaisesDiagnostics_GuNZL4JIw_h5tWr-PyzmqtRbqJhDR5bTXFZWhDl_s-Y#StatusDescriptionAttribute.g.verified.cs
  - Received: TelemetrySourceGeneratorLoggingTests.Generate_GivenInterfaceWithGenerics_RaisesDiagnostics_GuNZL4JIw_h5tWr-PyzmqtRbqJhDR5bTXFZWhDl_s-Y#TagAttribute.g.received.cs
    Verified: TelemetrySourceGeneratorLoggingTests.Generate_GivenInterfaceWithGenerics_RaisesDiagnostics_GuNZL4JIw_h5tWr-PyzmqtRbqJhDR5bTXFZWhDl_s-Y#TagAttribute.g.verified.cs
  - Received: TelemetrySourceGeneratorLoggingTests.Generate_GivenInterfaceWithGenerics_RaisesDiagnostics_GuNZL4JIw_h5tWr-PyzmqtRbqJhDR5bTXFZWhDl_s-Y#Targets.g.received.cs
    Verified: TelemetrySourceGeneratorLoggingTests.Generate_GivenInterfaceWithGenerics_RaisesDiagnostics_GuNZL4JIw_h5tWr-PyzmqtRbqJhDR5bTXFZWhDl_s-Y#Targets.g.verified.cs
  - Received: TelemetrySourceGeneratorLoggingTests.Generate_GivenInterfaceWithGenerics_RaisesDiagnostics_GuNZL4JIw_h5tWr-PyzmqtRbqJhDR5bTXFZWhDl_s-Y#TelemetryGenerationAttribute.g.received.cs
    Verified: TelemetrySourceGeneratorLoggingTests.Generate_GivenInterfaceWithGenerics_RaisesDiagnostics_GuNZL4JIw_h5tWr-PyzmqtRbqJhDR5bTXFZWhDl_s-Y#TelemetryGenerationAttribute.g.verified.cs
  - Received: TelemetrySourceGeneratorLoggingTests.Generate_GivenInterfaceWithGenerics_RaisesDiagnostics_GuNZL4JIw_h5tWr-PyzmqtRbqJhDR5bTXFZWhDl_s-Y#TraceAttribute.g.received.cs
    Verified: TelemetrySourceGeneratorLoggingTests.Generate_GivenInterfaceWithGenerics_RaisesDiagnostics_GuNZL4JIw_h5tWr-PyzmqtRbqJhDR5bTXFZWhDl_s-Y#TraceAttribute.g.verified.cs
  - Received: TelemetrySourceGeneratorLoggingTests.Generate_GivenInterfaceWithGenerics_RaisesDiagnostics_GuNZL4JIw_h5tWr-PyzmqtRbqJhDR5bTXFZWhDl_s-Y#UpDownCounterAttribute.g.received.cs
    Verified: TelemetrySourceGeneratorLoggingTests.Generate_GivenInterfaceWithGenerics_RaisesDiagnostics_GuNZL4JIw_h5tWr-PyzmqtRbqJhDR5bTXFZWhDl_s-Y#UpDownCounterAttribute.g.verified.cs
  - Received: TelemetrySourceGeneratorLoggingTests.Generate_GivenInterfaceWithGenerics_RaisesDiagnostics_GuNZL4JIw_h5tWr-PyzmqtRbqJhDR5bTXFZWhDl_s-Y#WarningAttribute.g.received.cs
    Verified: TelemetrySourceGeneratorLoggingTests.Generate_GivenInterfaceWithGenerics_RaisesDiagnostics_GuNZL4JIw_h5tWr-PyzmqtRbqJhDR5bTXFZWhDl_s-Y#WarningAttribute.g.verified.cs

  from P:\GitHub\kjldev\purview-telemetry-sourcegenerator\src\Purview.Telemetry.SourceGenerator.IntegrationTests\bin\Release\net10.0\Purview.Telemetry.SourceGenerator.IntegrationTests.dll (net10.0|x64)
  TUnit.Engine.Exceptions.TestFailedException: [Test Failure] VerifyException: Directory: P:\GitHub\kjldev\purview-telemetry-sourcegenerator\src\Purview.Telemetry.SourceGenerator.IntegrationTests\Snapshots
  Delete:
    - TelemetrySourceGeneratorLoggingTests.Generate_GivenInterfaceWithGenerics_RaisesDiagnostics_GuNZL4JIw_h5tWr-PyzmqtRbqJhDR5bTXFZWhDl_s-Y.verified.txt
  Equal:
    - Received: TelemetrySourceGeneratorLoggingTests.Generate_GivenInterfaceWithGenerics_RaisesDiagnostics_GuNZL4JIw_h5tWr-PyzmqtRbqJhDR5bTXFZWhDl_s-Y#ActivityAttribute.g.received.cs
      Verified: TelemetrySourceGeneratorLoggingTests.Generate_GivenInterfaceWithGenerics_RaisesDiagnostics_GuNZL4JIw_h5tWr-PyzmqtRbqJhDR5bTXFZWhDl_s-Y#ActivityAttribute.g.verified.cs
    - Received: TelemetrySourceGeneratorLoggingTests.Generate_GivenInterfaceWithGenerics_RaisesDiagnostics_GuNZL4JIw_h5tWr-PyzmqtRbqJhDR5bTXFZWhDl_s-Y#ActivitySourceAttribute.g.received.cs
      Verified: TelemetrySourceGeneratorLoggingTests.Generate_GivenInterfaceWithGenerics_RaisesDiagnostics_GuNZL4JIw_h5tWr-PyzmqtRbqJhDR5bTXFZWhDl_s-Y#ActivitySourceAttribute.g.verified.cs
    - Received: TelemetrySourceGeneratorLoggingTests.Generate_GivenInterfaceWithGenerics_RaisesDiagnostics_GuNZL4JIw_h5tWr-PyzmqtRbqJhDR5bTXFZWhDl_s-Y#ActivitySourceGenerationAttribute.g.received.cs
      Verified: TelemetrySourceGeneratorLoggingTests.Generate_GivenInterfaceWithGenerics_RaisesDiagnostics_GuNZL4JIw_h5tWr-PyzmqtRbqJhDR5bTXFZWhDl_s-Y#ActivitySourceGenerationAttribute.g.verified.cs
    - Received: TelemetrySourceGeneratorLoggingTests.Generate_GivenInterfaceWithGenerics_RaisesDiagnostics_GuNZL4JIw_h5tWr-PyzmqtRbqJhDR5bTXFZWhDl_s-Y#AutoCounterAttribute.g.received.cs
      Verified: TelemetrySourceGeneratorLoggingTests.Generate_GivenInterfaceWithGenerics_RaisesDiagnostics_GuNZL4JIw_h5tWr-PyzmqtRbqJhDR5bTXFZWhDl_s-Y#AutoCounterAttribute.g.verified.cs
    - Received: TelemetrySourceGeneratorLoggingTests.Generate_GivenInterfaceWithGenerics_RaisesDiagnostics_GuNZL4JIw_h5tWr-PyzmqtRbqJhDR5bTXFZWhDl_s-Y#BaggageAttribute.g.received.cs
      Verified: TelemetrySourceGeneratorLoggingTests.Generate_GivenInterfaceWithGenerics_RaisesDiagnostics_GuNZL4JIw_h5tWr-PyzmqtRbqJhDR5bTXFZWhDl_s-Y#BaggageAttribute.g.verified.cs
    - Received: TelemetrySourceGeneratorLoggingTests.Generate_GivenInterfaceWithGenerics_RaisesDiagnostics_GuNZL4JIw_h5tWr-PyzmqtRbqJhDR5bTXFZWhDl_s-Y#ContextAttribute.g.received.cs
      Verified: TelemetrySourceGeneratorLoggingTests.Generate_GivenInterfaceWithGenerics_RaisesDiagnostics_GuNZL4JIw_h5tWr-PyzmqtRbqJhDR5bTXFZWhDl_s-Y#ContextAttribute.g.verified.cs
    - Received: TelemetrySourceGeneratorLoggingTests.Generate_GivenInterfaceWithGenerics_RaisesDiagnostics_GuNZL4JIw_h5tWr-PyzmqtRbqJhDR5bTXFZWhDl_s-Y#CounterAttribute.g.received.cs
      Verified: TelemetrySourceGeneratorLoggingTests.Generate_GivenInterfaceWithGenerics_RaisesDiagnostics_GuNZL4JIw_h5tWr-PyzmqtRbqJhDR5bTXFZWhDl_s-Y#CounterAttribute.g.verified.cs
    - Received: TelemetrySourceGeneratorLoggingTests.Generate_GivenInterfaceWithGenerics_RaisesDiagnostics_GuNZL4JIw_h5tWr-PyzmqtRbqJhDR5bTXFZWhDl_s-Y#CriticalAttribute.g.received.cs
      Verified: TelemetrySourceGeneratorLoggingTests.Generate_GivenInterfaceWithGenerics_RaisesDiagnostics_GuNZL4JIw_h5tWr-PyzmqtRbqJhDR5bTXFZWhDl_s-Y#CriticalAttribute.g.verified.cs
    - Received: TelemetrySourceGeneratorLoggingTests.Generate_GivenInterfaceWithGenerics_RaisesDiagnostics_GuNZL4JIw_h5tWr-PyzmqtRbqJhDR5bTXFZWhDl_s-Y#DebugAttribute.g.received.cs
      Verified: TelemetrySourceGeneratorLoggingTests.Generate_GivenInterfaceWithGenerics_RaisesDiagnostics_GuNZL4JIw_h5tWr-PyzmqtRbqJhDR5bTXFZWhDl_s-Y#DebugAttribute.g.verified.cs
    - Received: TelemetrySourceGeneratorLoggingTests.Generate_GivenInterfaceWithGenerics_RaisesDiagnostics_GuNZL4JIw_h5tWr-PyzmqtRbqJhDR5bTXFZWhDl_s-Y#ErrorAttribute.g.received.cs
      Verified: TelemetrySourceGeneratorLoggingTests.Generate_GivenInterfaceWithGenerics_RaisesDiagnostics_GuNZL4JIw_h5tWr-PyzmqtRbqJhDR5bTXFZWhDl_s-Y#ErrorAttribute.g.verified.cs
    - Received: TelemetrySourceGeneratorLoggingTests.Generate_GivenInterfaceWithGenerics_RaisesDiagnostics_GuNZL4JIw_h5tWr-PyzmqtRbqJhDR5bTXFZWhDl_s-Y#EscapeAttribute.g.received.cs
      Verified: TelemetrySourceGeneratorLoggingTests.Generate_GivenInterfaceWithGenerics_RaisesDiagnostics_GuNZL4JIw_h5tWr-PyzmqtRbqJhDR5bTXFZWhDl_s-Y#EscapeAttribute.g.verified.cs
    - Received: TelemetrySourceGeneratorLoggingTests.Generate_GivenInterfaceWithGenerics_RaisesDiagnostics_GuNZL4JIw_h5tWr-PyzmqtRbqJhDR5bTXFZWhDl_s-Y#EventAttribute.g.received.cs
      Verified: TelemetrySourceGeneratorLoggingTests.Generate_GivenInterfaceWithGenerics_RaisesDiagnostics_GuNZL4JIw_h5tWr-PyzmqtRbqJhDR5bTXFZWhDl_s-Y#EventAttribute.g.verified.cs
    - Received: TelemetrySourceGeneratorLoggingTests.Generate_GivenInterfaceWithGenerics_RaisesDiagnostics_GuNZL4JIw_h5tWr-PyzmqtRbqJhDR5bTXFZWhDl_s-Y#ExcludeAttribute.g.received.cs
      Verified: TelemetrySourceGeneratorLoggingTests.Generate_GivenInterfaceWithGenerics_RaisesDiagnostics_GuNZL4JIw_h5tWr-PyzmqtRbqJhDR5bTXFZWhDl_s-Y#ExcludeAttribute.g.verified.cs
    - Received: TelemetrySourceGeneratorLoggingTests.Generate_GivenInterfaceWithGenerics_RaisesDiagnostics_GuNZL4JIw_h5tWr-PyzmqtRbqJhDR5bTXFZWhDl_s-Y#ExcludeTargetsAttribute.g.received.cs
      Verified: TelemetrySourceGeneratorLoggingTests.Generate_GivenInterfaceWithGenerics_RaisesDiagnostics_GuNZL4JIw_h5tWr-PyzmqtRbqJhDR5bTXFZWhDl_s-Y#ExcludeTargetsAttribute.g.verified.cs
    - Received: TelemetrySourceGeneratorLoggingTests.Generate_GivenInterfaceWithGenerics_RaisesDiagnostics_GuNZL4JIw_h5tWr-PyzmqtRbqJhDR5bTXFZWhDl_s-Y#ExpandEnumerableAttribute.g.received.cs
      Verified: TelemetrySourceGeneratorLoggingTests.Generate_GivenInterfaceWithGenerics_RaisesDiagnostics_GuNZL4JIw_h5tWr-PyzmqtRbqJhDR5bTXFZWhDl_s-Y#ExpandEnumerableAttribute.g.verified.cs
    - Received: TelemetrySourceGeneratorLoggingTests.Generate_GivenInterfaceWithGenerics_RaisesDiagnostics_GuNZL4JIw_h5tWr-PyzmqtRbqJhDR5bTXFZWhDl_s-Y#HistogramAttribute.g.received.cs
      Verified: TelemetrySourceGeneratorLoggingTests.Generate_GivenInterfaceWithGenerics_RaisesDiagnostics_GuNZL4JIw_h5tWr-PyzmqtRbqJhDR5bTXFZWhDl_s-Y#HistogramAttribute.g.verified.cs
    - Received: TelemetrySourceGeneratorLoggingTests.Generate_GivenInterfaceWithGenerics_RaisesDiagnostics_GuNZL4JIw_h5tWr-PyzmqtRbqJhDR5bTXFZWhDl_s-Y#InfoAttribute.g.received.cs
      Verified: TelemetrySourceGeneratorLoggingTests.Generate_GivenInterfaceWithGenerics_RaisesDiagnostics_GuNZL4JIw_h5tWr-PyzmqtRbqJhDR5bTXFZWhDl_s-Y#InfoAttribute.g.verified.cs
    - Received: TelemetrySourceGeneratorLoggingTests.Generate_GivenInterfaceWithGenerics_RaisesDiagnostics_GuNZL4JIw_h5tWr-PyzmqtRbqJhDR5bTXFZWhDl_s-Y#InstrumentMeasurementAttribute.g.received.cs
      Verified: TelemetrySourceGeneratorLoggingTests.Generate_GivenInterfaceWithGenerics_RaisesDiagnostics_GuNZL4JIw_h5tWr-PyzmqtRbqJhDR5bTXFZWhDl_s-Y#InstrumentMeasurementAttribute.g.verified.cs
    - Received: TelemetrySourceGeneratorLoggingTests.Generate_GivenInterfaceWithGenerics_RaisesDiagnostics_GuNZL4JIw_h5tWr-PyzmqtRbqJhDR5bTXFZWhDl_s-Y#LogAttribute.g.received.cs
      Verified: TelemetrySourceGeneratorLoggingTests.Generate_GivenInterfaceWithGenerics_RaisesDiagnostics_GuNZL4JIw_h5tWr-PyzmqtRbqJhDR5bTXFZWhDl_s-Y#LogAttribute.g.verified.cs
    - Received: TelemetrySourceGeneratorLoggingTests.Generate_GivenInterfaceWithGenerics_RaisesDiagnostics_GuNZL4JIw_h5tWr-PyzmqtRbqJhDR5bTXFZWhDl_s-Y#LoggerAttribute.g.received.cs
      Verified: TelemetrySourceGeneratorLoggingTests.Generate_GivenInterfaceWithGenerics_RaisesDiagnostics_GuNZL4JIw_h5tWr-PyzmqtRbqJhDR5bTXFZWhDl_s-Y#LoggerAttribute.g.verified.cs
    - Received: TelemetrySourceGeneratorLoggingTests.Generate_GivenInterfaceWithGenerics_RaisesDiagnostics_GuNZL4JIw_h5tWr-PyzmqtRbqJhDR5bTXFZWhDl_s-Y#LoggerGenerationAttribute.g.received.cs
      Verified: TelemetrySourceGeneratorLoggingTests.Generate_GivenInterfaceWithGenerics_RaisesDiagnostics_GuNZL4JIw_h5tWr-PyzmqtRbqJhDR5bTXFZWhDl_s-Y#LoggerGenerationAttribute.g.verified.cs
    - Received: TelemetrySourceGeneratorLoggingTests.Generate_GivenInterfaceWithGenerics_RaisesDiagnostics_GuNZL4JIw_h5tWr-PyzmqtRbqJhDR5bTXFZWhDl_s-Y#LoggerGenerationMode.g.received.cs
      Verified: TelemetrySourceGeneratorLoggingTests.Generate_GivenInterfaceWithGenerics_RaisesDiagnostics_GuNZL4JIw_h5tWr-PyzmqtRbqJhDR5bTXFZWhDl_s-Y#LoggerGenerationMode.g.verified.cs
    - Received: TelemetrySourceGeneratorLoggingTests.Generate_GivenInterfaceWithGenerics_RaisesDiagnostics_GuNZL4JIw_h5tWr-PyzmqtRbqJhDR5bTXFZWhDl_s-Y#LogPrefixType.g.received.cs
      Verified: TelemetrySourceGeneratorLoggingTests.Generate_GivenInterfaceWithGenerics_RaisesDiagnostics_GuNZL4JIw_h5tWr-PyzmqtRbqJhDR5bTXFZWhDl_s-Y#LogPrefixType.g.verified.cs
    - Received: TelemetrySourceGeneratorLoggingTests.Generate_GivenInterfaceWithGenerics_RaisesDiagnostics_GuNZL4JIw_h5tWr-PyzmqtRbqJhDR5bTXFZWhDl_s-Y#MeterAttribute.g.received.cs
      Verified: TelemetrySourceGeneratorLoggingTests.Generate_GivenInterfaceWithGenerics_RaisesDiagnostics_GuNZL4JIw_h5tWr-PyzmqtRbqJhDR5bTXFZWhDl_s-Y#MeterAttribute.g.verified.cs
    - Received: TelemetrySourceGeneratorLoggingTests.Generate_GivenInterfaceWithGenerics_RaisesDiagnostics_GuNZL4JIw_h5tWr-PyzmqtRbqJhDR5bTXFZWhDl_s-Y#MeterGenerationAttribute.g.received.cs
      Verified: TelemetrySourceGeneratorLoggingTests.Generate_GivenInterfaceWithGenerics_RaisesDiagnostics_GuNZL4JIw_h5tWr-PyzmqtRbqJhDR5bTXFZWhDl_s-Y#MeterGenerationAttribute.g.verified.cs
    - Received: TelemetrySourceGeneratorLoggingTests.Generate_GivenInterfaceWithGenerics_RaisesDiagnostics_GuNZL4JIw_h5tWr-PyzmqtRbqJhDR5bTXFZWhDl_s-Y#MeterNameGenerationType.g.received.cs
      Verified: TelemetrySourceGeneratorLoggingTests.Generate_GivenInterfaceWithGenerics_RaisesDiagnostics_GuNZL4JIw_h5tWr-PyzmqtRbqJhDR5bTXFZWhDl_s-Y#MeterNameGenerationType.g.verified.cs
    - Received: TelemetrySourceGeneratorLoggingTests.Generate_GivenInterfaceWithGenerics_RaisesDiagnostics_GuNZL4JIw_h5tWr-PyzmqtRbqJhDR5bTXFZWhDl_s-Y#NamingConvention.g.received.cs
      Verified: TelemetrySourceGeneratorLoggingTests.Generate_GivenInterfaceWithGenerics_RaisesDiagnostics_GuNZL4JIw_h5tWr-PyzmqtRbqJhDR5bTXFZWhDl_s-Y#NamingConvention.g.verified.cs
    - Received: TelemetrySourceGeneratorLoggingTests.Generate_GivenInterfaceWithGenerics_RaisesDiagnostics_GuNZL4JIw_h5tWr-PyzmqtRbqJhDR5bTXFZWhDl_s-Y#ObservableCounterAttribute.g.received.cs
      Verified: TelemetrySourceGeneratorLoggingTests.Generate_GivenInterfaceWithGenerics_RaisesDiagnostics_GuNZL4JIw_h5tWr-PyzmqtRbqJhDR5bTXFZWhDl_s-Y#ObservableCounterAttribute.g.verified.cs
    - Received: TelemetrySourceGeneratorLoggingTests.Generate_GivenInterfaceWithGenerics_RaisesDiagnostics_GuNZL4JIw_h5tWr-PyzmqtRbqJhDR5bTXFZWhDl_s-Y#ObservableGaugeAttribute.g.received.cs
      Verified: TelemetrySourceGeneratorLoggingTests.Generate_GivenInterfaceWithGenerics_RaisesDiagnostics_GuNZL4JIw_h5tWr-PyzmqtRbqJhDR5bTXFZWhDl_s-Y#ObservableGaugeAttribute.g.verified.cs
    - Received: TelemetrySourceGeneratorLoggingTests.Generate_GivenInterfaceWithGenerics_RaisesDiagnostics_GuNZL4JIw_h5tWr-PyzmqtRbqJhDR5bTXFZWhDl_s-Y#ObservableUpDownCounterAttribute.g.received.cs
      Verified: TelemetrySourceGeneratorLoggingTests.Generate_GivenInterfaceWithGenerics_RaisesDiagnostics_GuNZL4JIw_h5tWr-PyzmqtRbqJhDR5bTXFZWhDl_s-Y#ObservableUpDownCounterAttribute.g.verified.cs
    - Received: TelemetrySourceGeneratorLoggingTests.Generate_GivenInterfaceWithGenerics_RaisesDiagnostics_GuNZL4JIw_h5tWr-PyzmqtRbqJhDR5bTXFZWhDl_s-Y#StatusDescriptionAttribute.g.received.cs
      Verified: TelemetrySourceGeneratorLoggingTests.Generate_GivenInterfaceWithGenerics_RaisesDiagnostics_GuNZL4JIw_h5tWr-PyzmqtRbqJhDR5bTXFZWhDl_s-Y#StatusDescriptionAttribute.g.verified.cs
    - Received: TelemetrySourceGeneratorLoggingTests.Generate_GivenInterfaceWithGenerics_RaisesDiagnostics_GuNZL4JIw_h5tWr-PyzmqtRbqJhDR5bTXFZWhDl_s-Y#TagAttribute.g.received.cs
      Verified: TelemetrySourceGeneratorLoggingTests.Generate_GivenInterfaceWithGenerics_RaisesDiagnostics_GuNZL4JIw_h5tWr-PyzmqtRbqJhDR5bTXFZWhDl_s-Y#TagAttribute.g.verified.cs
    - Received: TelemetrySourceGeneratorLoggingTests.Generate_GivenInterfaceWithGenerics_RaisesDiagnostics_GuNZL4JIw_h5tWr-PyzmqtRbqJhDR5bTXFZWhDl_s-Y#Targets.g.received.cs
      Verified: TelemetrySourceGeneratorLoggingTests.Generate_GivenInterfaceWithGenerics_RaisesDiagnostics_GuNZL4JIw_h5tWr-PyzmqtRbqJhDR5bTXFZWhDl_s-Y#Targets.g.verified.cs
    - Received: TelemetrySourceGeneratorLoggingTests.Generate_GivenInterfaceWithGenerics_RaisesDiagnostics_GuNZL4JIw_h5tWr-PyzmqtRbqJhDR5bTXFZWhDl_s-Y#TelemetryGenerationAttribute.g.received.cs
      Verified: TelemetrySourceGeneratorLoggingTests.Generate_GivenInterfaceWithGenerics_RaisesDiagnostics_GuNZL4JIw_h5tWr-PyzmqtRbqJhDR5bTXFZWhDl_s-Y#TelemetryGenerationAttribute.g.verified.cs
    - Received: TelemetrySourceGeneratorLoggingTests.Generate_GivenInterfaceWithGenerics_RaisesDiagnostics_GuNZL4JIw_h5tWr-PyzmqtRbqJhDR5bTXFZWhDl_s-Y#TraceAttribute.g.received.cs
      Verified: TelemetrySourceGeneratorLoggingTests.Generate_GivenInterfaceWithGenerics_RaisesDiagnostics_GuNZL4JIw_h5tWr-PyzmqtRbqJhDR5bTXFZWhDl_s-Y#TraceAttribute.g.verified.cs
    - Received: TelemetrySourceGeneratorLoggingTests.Generate_GivenInterfaceWithGenerics_RaisesDiagnostics_GuNZL4JIw_h5tWr-PyzmqtRbqJhDR5bTXFZWhDl_s-Y#UpDownCounterAttribute.g.received.cs
      Verified: TelemetrySourceGeneratorLoggingTests.Generate_GivenInterfaceWithGenerics_RaisesDiagnostics_GuNZL4JIw_h5tWr-PyzmqtRbqJhDR5bTXFZWhDl_s-Y#UpDownCounterAttribute.g.verified.cs
    - Received: TelemetrySourceGeneratorLoggingTests.Generate_GivenInterfaceWithGenerics_RaisesDiagnostics_GuNZL4JIw_h5tWr-PyzmqtRbqJhDR5bTXFZWhDl_s-Y#WarningAttribute.g.received.cs
      Verified: TelemetrySourceGeneratorLoggingTests.Generate_GivenInterfaceWithGenerics_RaisesDiagnostics_GuNZL4JIw_h5tWr-PyzmqtRbqJhDR5bTXFZWhDl_s-Y#WarningAttribute.g.verified.cs
  
  Standard output
    DBG: --- Adding templates.
    DBG: Adding ActivitySourceGenerationAttribute as ActivitySourceGenerationAttribute.g.cs.
    DBG: Adding ActivitySourceAttribute as ActivitySourceAttribute.g.cs.
    DBG: Adding ActivityAttribute as ActivityAttribute.g.cs.
    DBG: Adding EventAttribute as EventAttribute.g.cs.
    DBG: Adding ContextAttribute as ContextAttribute.g.cs.
    DBG: Adding BaggageAttribute as BaggageAttribute.g.cs.
    DBG: Adding EscapeAttribute as EscapeAttribute.g.cs.
    DBG: Adding StatusDescriptionAttribute as StatusDescriptionAttribute.g.cs.
    DBG: Adding LoggerGenerationAttribute as LoggerGenerationAttribute.g.cs.
    DBG: Adding LoggerAttribute as LoggerAttribute.g.cs.
    DBG: Adding LogAttribute as LogAttribute.g.cs.
    DBG: Adding LogPrefixType as LogPrefixType.g.cs.
    DBG: Adding LoggerGenerationMode as LoggerGenerationMode.g.cs.
    DBG: Adding ExpandEnumerableAttribute as ExpandEnumerableAttribute.g.cs.
    DBG: Adding TraceAttribute as TraceAttribute.g.cs.
    DBG: Adding DebugAttribute as DebugAttribute.g.cs.
    DBG: Adding InfoAttribute as InfoAttribute.g.cs.
    DBG: Adding WarningAttribute as WarningAttribute.g.cs.
    DBG: Adding ErrorAttribute as ErrorAttribute.g.cs.
    DBG: Adding CriticalAttribute as CriticalAttribute.g.cs.
    DBG: Adding MeterGenerationAttribute as MeterGenerationAttribute.g.cs.
    DBG: Adding MeterAttribute as MeterAttribute.g.cs.
    DBG: Adding MeterNameGenerationType as MeterNameGenerationType.g.cs.
    DBG: Adding InstrumentMeasurementAttribute as InstrumentMeasurementAttribute.g.cs.
    DBG: Adding AutoCounterAttribute as AutoCounterAttribute.g.cs.
    DBG: Adding CounterAttribute as CounterAttribute.g.cs.
    DBG: Adding UpDownCounterAttribute as UpDownCounterAttribute.g.cs.
    DBG: Adding HistogramAttribute as HistogramAttribute.g.cs.
    DBG: Adding ObservableCounterAttribute as ObservableCounterAttribute.g.cs.
    DBG: Adding ObservableGaugeAttribute as ObservableGaugeAttribute.g.cs.
    DBG: Adding ObservableUpDownCounterAttribute as ObservableUpDownCounterAttribute.g.cs.
    DBG: Adding TagAttribute as TagAttribute.g.cs.
    DBG: Adding ExcludeAttribute as ExcludeAttribute.g.cs.
    DBG: Adding TelemetryGenerationAttribute as TelemetryGenerationAttribute.g.cs.
    DBG: Adding Targets as Targets.g.cs.
    DBG: Adding NamingConvention as NamingConvention.g.cs.
    DBG: Adding ExcludeTargetsAttribute as ExcludeTargetsAttribute.g.cs.
    DBG: --- Finished adding templates.
    DIA: Cannot generate a Logger target for a generic interface '[Logger] public interface ITestLogger<T0, T1, T2, T3, T4> { void LogEntryWithGenericTypeParam(); }'.
    
  Error output
failed Generate_GivenInterfaceWithGenerics_RaisesDiagnostics(1) (3s 569ms)
  [Test Failure] VerifyException: Directory: P:\GitHub\kjldev\purview-telemetry-sourcegenerator\src\Purview.Telemetry.SourceGenerator.IntegrationTests\Snapshots
Delete:
  - TelemetrySourceGeneratorLoggingTests.Generate_GivenInterfaceWithGenerics_RaisesDiagnostics_CAqe1ChVnvYCZotMAPEU8aEcP2sCpDXwvcFUV45NfyI.verified.txt
Equal:
  - Received: TelemetrySourceGeneratorLoggingTests.Generate_GivenInterfaceWithGenerics_RaisesDiagnostics_CAqe1ChVnvYCZotMAPEU8aEcP2sCpDXwvcFUV45NfyI#ActivityAttribute.g.received.cs
    Verified: TelemetrySourceGeneratorLoggingTests.Generate_GivenInterfaceWithGenerics_RaisesDiagnostics_CAqe1ChVnvYCZotMAPEU8aEcP2sCpDXwvcFUV45NfyI#ActivityAttribute.g.verified.cs
  - Received: TelemetrySourceGeneratorLoggingTests.Generate_GivenInterfaceWithGenerics_RaisesDiagnostics_CAqe1ChVnvYCZotMAPEU8aEcP2sCpDXwvcFUV45NfyI#ActivitySourceAttribute.g.received.cs
    Verified: TelemetrySourceGeneratorLoggingTests.Generate_GivenInterfaceWithGenerics_RaisesDiagnostics_CAqe1ChVnvYCZotMAPEU8aEcP2sCpDXwvcFUV45NfyI#ActivitySourceAttribute.g.verified.cs
  - Received: TelemetrySourceGeneratorLoggingTests.Generate_GivenInterfaceWithGenerics_RaisesDiagnostics_CAqe1ChVnvYCZotMAPEU8aEcP2sCpDXwvcFUV45NfyI#ActivitySourceGenerationAttribute.g.received.cs
    Verified: TelemetrySourceGeneratorLoggingTests.Generate_GivenInterfaceWithGenerics_RaisesDiagnostics_CAqe1ChVnvYCZotMAPEU8aEcP2sCpDXwvcFUV45NfyI#ActivitySourceGenerationAttribute.g.verified.cs
  - Received: TelemetrySourceGeneratorLoggingTests.Generate_GivenInterfaceWithGenerics_RaisesDiagnostics_CAqe1ChVnvYCZotMAPEU8aEcP2sCpDXwvcFUV45NfyI#AutoCounterAttribute.g.received.cs
    Verified: TelemetrySourceGeneratorLoggingTests.Generate_GivenInterfaceWithGenerics_RaisesDiagnostics_CAqe1ChVnvYCZotMAPEU8aEcP2sCpDXwvcFUV45NfyI#AutoCounterAttribute.g.verified.cs
  - Received: TelemetrySourceGeneratorLoggingTests.Generate_GivenInterfaceWithGenerics_RaisesDiagnostics_CAqe1ChVnvYCZotMAPEU8aEcP2sCpDXwvcFUV45NfyI#BaggageAttribute.g.received.cs
    Verified: TelemetrySourceGeneratorLoggingTests.Generate_GivenInterfaceWithGenerics_RaisesDiagnostics_CAqe1ChVnvYCZotMAPEU8aEcP2sCpDXwvcFUV45NfyI#BaggageAttribute.g.verified.cs
  - Received: TelemetrySourceGeneratorLoggingTests.Generate_GivenInterfaceWithGenerics_RaisesDiagnostics_CAqe1ChVnvYCZotMAPEU8aEcP2sCpDXwvcFUV45NfyI#ContextAttribute.g.received.cs
    Verified: TelemetrySourceGeneratorLoggingTests.Generate_GivenInterfaceWithGenerics_RaisesDiagnostics_CAqe1ChVnvYCZotMAPEU8aEcP2sCpDXwvcFUV45NfyI#ContextAttribute.g.verified.cs
  - Received: TelemetrySourceGeneratorLoggingTests.Generate_GivenInterfaceWithGenerics_RaisesDiagnostics_CAqe1ChVnvYCZotMAPEU8aEcP2sCpDXwvcFUV45NfyI#CounterAttribute.g.received.cs
    Verified: TelemetrySourceGeneratorLoggingTests.Generate_GivenInterfaceWithGenerics_RaisesDiagnostics_CAqe1ChVnvYCZotMAPEU8aEcP2sCpDXwvcFUV45NfyI#CounterAttribute.g.verified.cs
  - Received: TelemetrySourceGeneratorLoggingTests.Generate_GivenInterfaceWithGenerics_RaisesDiagnostics_CAqe1ChVnvYCZotMAPEU8aEcP2sCpDXwvcFUV45NfyI#CriticalAttribute.g.received.cs
    Verified: TelemetrySourceGeneratorLoggingTests.Generate_GivenInterfaceWithGenerics_RaisesDiagnostics_CAqe1ChVnvYCZotMAPEU8aEcP2sCpDXwvcFUV45NfyI#CriticalAttribute.g.verified.cs
  - Received: TelemetrySourceGeneratorLoggingTests.Generate_GivenInterfaceWithGenerics_RaisesDiagnostics_CAqe1ChVnvYCZotMAPEU8aEcP2sCpDXwvcFUV45NfyI#DebugAttribute.g.received.cs
    Verified: TelemetrySourceGeneratorLoggingTests.Generate_GivenInterfaceWithGenerics_RaisesDiagnostics_CAqe1ChVnvYCZotMAPEU8aEcP2sCpDXwvcFUV45NfyI#DebugAttribute.g.verified.cs
  - Received: TelemetrySourceGeneratorLoggingTests.Generate_GivenInterfaceWithGenerics_RaisesDiagnostics_CAqe1ChVnvYCZotMAPEU8aEcP2sCpDXwvcFUV45NfyI#ErrorAttribute.g.received.cs
    Verified: TelemetrySourceGeneratorLoggingTests.Generate_GivenInterfaceWithGenerics_RaisesDiagnostics_CAqe1ChVnvYCZotMAPEU8aEcP2sCpDXwvcFUV45NfyI#ErrorAttribute.g.verified.cs
  - Received: TelemetrySourceGeneratorLoggingTests.Generate_GivenInterfaceWithGenerics_RaisesDiagnostics_CAqe1ChVnvYCZotMAPEU8aEcP2sCpDXwvcFUV45NfyI#EscapeAttribute.g.received.cs
    Verified: TelemetrySourceGeneratorLoggingTests.Generate_GivenInterfaceWithGenerics_RaisesDiagnostics_CAqe1ChVnvYCZotMAPEU8aEcP2sCpDXwvcFUV45NfyI#EscapeAttribute.g.verified.cs
  - Received: TelemetrySourceGeneratorLoggingTests.Generate_GivenInterfaceWithGenerics_RaisesDiagnostics_CAqe1ChVnvYCZotMAPEU8aEcP2sCpDXwvcFUV45NfyI#EventAttribute.g.received.cs
    Verified: TelemetrySourceGeneratorLoggingTests.Generate_GivenInterfaceWithGenerics_RaisesDiagnostics_CAqe1ChVnvYCZotMAPEU8aEcP2sCpDXwvcFUV45NfyI#EventAttribute.g.verified.cs
  - Received: TelemetrySourceGeneratorLoggingTests.Generate_GivenInterfaceWithGenerics_RaisesDiagnostics_CAqe1ChVnvYCZotMAPEU8aEcP2sCpDXwvcFUV45NfyI#ExcludeAttribute.g.received.cs
    Verified: TelemetrySourceGeneratorLoggingTests.Generate_GivenInterfaceWithGenerics_RaisesDiagnostics_CAqe1ChVnvYCZotMAPEU8aEcP2sCpDXwvcFUV45NfyI#ExcludeAttribute.g.verified.cs
  - Received: TelemetrySourceGeneratorLoggingTests.Generate_GivenInterfaceWithGenerics_RaisesDiagnostics_CAqe1ChVnvYCZotMAPEU8aEcP2sCpDXwvcFUV45NfyI#ExcludeTargetsAttribute.g.received.cs
    Verified: TelemetrySourceGeneratorLoggingTests.Generate_GivenInterfaceWithGenerics_RaisesDiagnostics_CAqe1ChVnvYCZotMAPEU8aEcP2sCpDXwvcFUV45NfyI#ExcludeTargetsAttribute.g.verified.cs
  - Received: TelemetrySourceGeneratorLoggingTests.Generate_GivenInterfaceWithGenerics_RaisesDiagnostics_CAqe1ChVnvYCZotMAPEU8aEcP2sCpDXwvcFUV45NfyI#ExpandEnumerableAttribute.g.received.cs
    Verified: TelemetrySourceGeneratorLoggingTests.Generate_GivenInterfaceWithGenerics_RaisesDiagnostics_CAqe1ChVnvYCZotMAPEU8aEcP2sCpDXwvcFUV45NfyI#ExpandEnumerableAttribute.g.verified.cs
  - Received: TelemetrySourceGeneratorLoggingTests.Generate_GivenInterfaceWithGenerics_RaisesDiagnostics_CAqe1ChVnvYCZotMAPEU8aEcP2sCpDXwvcFUV45NfyI#HistogramAttribute.g.received.cs
    Verified: TelemetrySourceGeneratorLoggingTests.Generate_GivenInterfaceWithGenerics_RaisesDiagnostics_CAqe1ChVnvYCZotMAPEU8aEcP2sCpDXwvcFUV45NfyI#HistogramAttribute.g.verified.cs
  - Received: TelemetrySourceGeneratorLoggingTests.Generate_GivenInterfaceWithGenerics_RaisesDiagnostics_CAqe1ChVnvYCZotMAPEU8aEcP2sCpDXwvcFUV45NfyI#InfoAttribute.g.received.cs
    Verified: TelemetrySourceGeneratorLoggingTests.Generate_GivenInterfaceWithGenerics_RaisesDiagnostics_CAqe1ChVnvYCZotMAPEU8aEcP2sCpDXwvcFUV45NfyI#InfoAttribute.g.verified.cs
  - Received: TelemetrySourceGeneratorLoggingTests.Generate_GivenInterfaceWithGenerics_RaisesDiagnostics_CAqe1ChVnvYCZotMAPEU8aEcP2sCpDXwvcFUV45NfyI#InstrumentMeasurementAttribute.g.received.cs
    Verified: TelemetrySourceGeneratorLoggingTests.Generate_GivenInterfaceWithGenerics_RaisesDiagnostics_CAqe1ChVnvYCZotMAPEU8aEcP2sCpDXwvcFUV45NfyI#InstrumentMeasurementAttribute.g.verified.cs
  - Received: TelemetrySourceGeneratorLoggingTests.Generate_GivenInterfaceWithGenerics_RaisesDiagnostics_CAqe1ChVnvYCZotMAPEU8aEcP2sCpDXwvcFUV45NfyI#LogAttribute.g.received.cs
    Verified: TelemetrySourceGeneratorLoggingTests.Generate_GivenInterfaceWithGenerics_RaisesDiagnostics_CAqe1ChVnvYCZotMAPEU8aEcP2sCpDXwvcFUV45NfyI#LogAttribute.g.verified.cs
  - Received: TelemetrySourceGeneratorLoggingTests.Generate_GivenInterfaceWithGenerics_RaisesDiagnostics_CAqe1ChVnvYCZotMAPEU8aEcP2sCpDXwvcFUV45NfyI#LoggerAttribute.g.received.cs
    Verified: TelemetrySourceGeneratorLoggingTests.Generate_GivenInterfaceWithGenerics_RaisesDiagnostics_CAqe1ChVnvYCZotMAPEU8aEcP2sCpDXwvcFUV45NfyI#LoggerAttribute.g.verified.cs
  - Received: TelemetrySourceGeneratorLoggingTests.Generate_GivenInterfaceWithGenerics_RaisesDiagnostics_CAqe1ChVnvYCZotMAPEU8aEcP2sCpDXwvcFUV45NfyI#LoggerGenerationAttribute.g.received.cs
    Verified: TelemetrySourceGeneratorLoggingTests.Generate_GivenInterfaceWithGenerics_RaisesDiagnostics_CAqe1ChVnvYCZotMAPEU8aEcP2sCpDXwvcFUV45NfyI#LoggerGenerationAttribute.g.verified.cs
  - Received: TelemetrySourceGeneratorLoggingTests.Generate_GivenInterfaceWithGenerics_RaisesDiagnostics_CAqe1ChVnvYCZotMAPEU8aEcP2sCpDXwvcFUV45NfyI#LoggerGenerationMode.g.received.cs
    Verified: TelemetrySourceGeneratorLoggingTests.Generate_GivenInterfaceWithGenerics_RaisesDiagnostics_CAqe1ChVnvYCZotMAPEU8aEcP2sCpDXwvcFUV45NfyI#LoggerGenerationMode.g.verified.cs
  - Received: TelemetrySourceGeneratorLoggingTests.Generate_GivenInterfaceWithGenerics_RaisesDiagnostics_CAqe1ChVnvYCZotMAPEU8aEcP2sCpDXwvcFUV45NfyI#LogPrefixType.g.received.cs
    Verified: TelemetrySourceGeneratorLoggingTests.Generate_GivenInterfaceWithGenerics_RaisesDiagnostics_CAqe1ChVnvYCZotMAPEU8aEcP2sCpDXwvcFUV45NfyI#LogPrefixType.g.verified.cs
  - Received: TelemetrySourceGeneratorLoggingTests.Generate_GivenInterfaceWithGenerics_RaisesDiagnostics_CAqe1ChVnvYCZotMAPEU8aEcP2sCpDXwvcFUV45NfyI#MeterAttribute.g.received.cs
    Verified: TelemetrySourceGeneratorLoggingTests.Generate_GivenInterfaceWithGenerics_RaisesDiagnostics_CAqe1ChVnvYCZotMAPEU8aEcP2sCpDXwvcFUV45NfyI#MeterAttribute.g.verified.cs
  - Received: TelemetrySourceGeneratorLoggingTests.Generate_GivenInterfaceWithGenerics_RaisesDiagnostics_CAqe1ChVnvYCZotMAPEU8aEcP2sCpDXwvcFUV45NfyI#MeterGenerationAttribute.g.received.cs
    Verified: TelemetrySourceGeneratorLoggingTests.Generate_GivenInterfaceWithGenerics_RaisesDiagnostics_CAqe1ChVnvYCZotMAPEU8aEcP2sCpDXwvcFUV45NfyI#MeterGenerationAttribute.g.verified.cs
  - Received: TelemetrySourceGeneratorLoggingTests.Generate_GivenInterfaceWithGenerics_RaisesDiagnostics_CAqe1ChVnvYCZotMAPEU8aEcP2sCpDXwvcFUV45NfyI#MeterNameGenerationType.g.received.cs
    Verified: TelemetrySourceGeneratorLoggingTests.Generate_GivenInterfaceWithGenerics_RaisesDiagnostics_CAqe1ChVnvYCZotMAPEU8aEcP2sCpDXwvcFUV45NfyI#MeterNameGenerationType.g.verified.cs
  - Received: TelemetrySourceGeneratorLoggingTests.Generate_GivenInterfaceWithGenerics_RaisesDiagnostics_CAqe1ChVnvYCZotMAPEU8aEcP2sCpDXwvcFUV45NfyI#NamingConvention.g.received.cs
    Verified: TelemetrySourceGeneratorLoggingTests.Generate_GivenInterfaceWithGenerics_RaisesDiagnostics_CAqe1ChVnvYCZotMAPEU8aEcP2sCpDXwvcFUV45NfyI#NamingConvention.g.verified.cs
  - Received: TelemetrySourceGeneratorLoggingTests.Generate_GivenInterfaceWithGenerics_RaisesDiagnostics_CAqe1ChVnvYCZotMAPEU8aEcP2sCpDXwvcFUV45NfyI#ObservableCounterAttribute.g.received.cs
    Verified: TelemetrySourceGeneratorLoggingTests.Generate_GivenInterfaceWithGenerics_RaisesDiagnostics_CAqe1ChVnvYCZotMAPEU8aEcP2sCpDXwvcFUV45NfyI#ObservableCounterAttribute.g.verified.cs
  - Received: TelemetrySourceGeneratorLoggingTests.Generate_GivenInterfaceWithGenerics_RaisesDiagnostics_CAqe1ChVnvYCZotMAPEU8aEcP2sCpDXwvcFUV45NfyI#ObservableGaugeAttribute.g.received.cs
    Verified: TelemetrySourceGeneratorLoggingTests.Generate_GivenInterfaceWithGenerics_RaisesDiagnostics_CAqe1ChVnvYCZotMAPEU8aEcP2sCpDXwvcFUV45NfyI#ObservableGaugeAttribute.g.verified.cs
  - Received: TelemetrySourceGeneratorLoggingTests.Generate_GivenInterfaceWithGenerics_RaisesDiagnostics_CAqe1ChVnvYCZotMAPEU8aEcP2sCpDXwvcFUV45NfyI#ObservableUpDownCounterAttribute.g.received.cs
    Verified: TelemetrySourceGeneratorLoggingTests.Generate_GivenInterfaceWithGenerics_RaisesDiagnostics_CAqe1ChVnvYCZotMAPEU8aEcP2sCpDXwvcFUV45NfyI#ObservableUpDownCounterAttribute.g.verified.cs
  - Received: TelemetrySourceGeneratorLoggingTests.Generate_GivenInterfaceWithGenerics_RaisesDiagnostics_CAqe1ChVnvYCZotMAPEU8aEcP2sCpDXwvcFUV45NfyI#StatusDescriptionAttribute.g.received.cs
    Verified: TelemetrySourceGeneratorLoggingTests.Generate_GivenInterfaceWithGenerics_RaisesDiagnostics_CAqe1ChVnvYCZotMAPEU8aEcP2sCpDXwvcFUV45NfyI#StatusDescriptionAttribute.g.verified.cs
  - Received: TelemetrySourceGeneratorLoggingTests.Generate_GivenInterfaceWithGenerics_RaisesDiagnostics_CAqe1ChVnvYCZotMAPEU8aEcP2sCpDXwvcFUV45NfyI#TagAttribute.g.received.cs
    Verified: TelemetrySourceGeneratorLoggingTests.Generate_GivenInterfaceWithGenerics_RaisesDiagnostics_CAqe1ChVnvYCZotMAPEU8aEcP2sCpDXwvcFUV45NfyI#TagAttribute.g.verified.cs
  - Received: TelemetrySourceGeneratorLoggingTests.Generate_GivenInterfaceWithGenerics_RaisesDiagnostics_CAqe1ChVnvYCZotMAPEU8aEcP2sCpDXwvcFUV45NfyI#Targets.g.received.cs
    Verified: TelemetrySourceGeneratorLoggingTests.Generate_GivenInterfaceWithGenerics_RaisesDiagnostics_CAqe1ChVnvYCZotMAPEU8aEcP2sCpDXwvcFUV45NfyI#Targets.g.verified.cs
  - Received: TelemetrySourceGeneratorLoggingTests.Generate_GivenInterfaceWithGenerics_RaisesDiagnostics_CAqe1ChVnvYCZotMAPEU8aEcP2sCpDXwvcFUV45NfyI#TelemetryGenerationAttribute.g.received.cs
    Verified: TelemetrySourceGeneratorLoggingTests.Generate_GivenInterfaceWithGenerics_RaisesDiagnostics_CAqe1ChVnvYCZotMAPEU8aEcP2sCpDXwvcFUV45NfyI#TelemetryGenerationAttribute.g.verified.cs
  - Received: TelemetrySourceGeneratorLoggingTests.Generate_GivenInterfaceWithGenerics_RaisesDiagnostics_CAqe1ChVnvYCZotMAPEU8aEcP2sCpDXwvcFUV45NfyI#TraceAttribute.g.received.cs
    Verified: TelemetrySourceGeneratorLoggingTests.Generate_GivenInterfaceWithGenerics_RaisesDiagnostics_CAqe1ChVnvYCZotMAPEU8aEcP2sCpDXwvcFUV45NfyI#TraceAttribute.g.verified.cs
  - Received: TelemetrySourceGeneratorLoggingTests.Generate_GivenInterfaceWithGenerics_RaisesDiagnostics_CAqe1ChVnvYCZotMAPEU8aEcP2sCpDXwvcFUV45NfyI#UpDownCounterAttribute.g.received.cs
    Verified: TelemetrySourceGeneratorLoggingTests.Generate_GivenInterfaceWithGenerics_RaisesDiagnostics_CAqe1ChVnvYCZotMAPEU8aEcP2sCpDXwvcFUV45NfyI#UpDownCounterAttribute.g.verified.cs
  - Received: TelemetrySourceGeneratorLoggingTests.Generate_GivenInterfaceWithGenerics_RaisesDiagnostics_CAqe1ChVnvYCZotMAPEU8aEcP2sCpDXwvcFUV45NfyI#WarningAttribute.g.received.cs
    Verified: TelemetrySourceGeneratorLoggingTests.Generate_GivenInterfaceWithGenerics_RaisesDiagnostics_CAqe1ChVnvYCZotMAPEU8aEcP2sCpDXwvcFUV45NfyI#WarningAttribute.g.verified.cs

  from P:\GitHub\kjldev\purview-telemetry-sourcegenerator\src\Purview.Telemetry.SourceGenerator.IntegrationTests\bin\Release\net10.0\Purview.Telemetry.SourceGenerator.IntegrationTests.dll (net10.0|x64)
  TUnit.Engine.Exceptions.TestFailedException: [Test Failure] VerifyException: Directory: P:\GitHub\kjldev\purview-telemetry-sourcegenerator\src\Purview.Telemetry.SourceGenerator.IntegrationTests\Snapshots
  Delete:
    - TelemetrySourceGeneratorLoggingTests.Generate_GivenInterfaceWithGenerics_RaisesDiagnostics_CAqe1ChVnvYCZotMAPEU8aEcP2sCpDXwvcFUV45NfyI.verified.txt
  Equal:
    - Received: TelemetrySourceGeneratorLoggingTests.Generate_GivenInterfaceWithGenerics_RaisesDiagnostics_CAqe1ChVnvYCZotMAPEU8aEcP2sCpDXwvcFUV45NfyI#ActivityAttribute.g.received.cs
      Verified: TelemetrySourceGeneratorLoggingTests.Generate_GivenInterfaceWithGenerics_RaisesDiagnostics_CAqe1ChVnvYCZotMAPEU8aEcP2sCpDXwvcFUV45NfyI#ActivityAttribute.g.verified.cs
    - Received: TelemetrySourceGeneratorLoggingTests.Generate_GivenInterfaceWithGenerics_RaisesDiagnostics_CAqe1ChVnvYCZotMAPEU8aEcP2sCpDXwvcFUV45NfyI#ActivitySourceAttribute.g.received.cs
      Verified: TelemetrySourceGeneratorLoggingTests.Generate_GivenInterfaceWithGenerics_RaisesDiagnostics_CAqe1ChVnvYCZotMAPEU8aEcP2sCpDXwvcFUV45NfyI#ActivitySourceAttribute.g.verified.cs
    - Received: TelemetrySourceGeneratorLoggingTests.Generate_GivenInterfaceWithGenerics_RaisesDiagnostics_CAqe1ChVnvYCZotMAPEU8aEcP2sCpDXwvcFUV45NfyI#ActivitySourceGenerationAttribute.g.received.cs
      Verified: TelemetrySourceGeneratorLoggingTests.Generate_GivenInterfaceWithGenerics_RaisesDiagnostics_CAqe1ChVnvYCZotMAPEU8aEcP2sCpDXwvcFUV45NfyI#ActivitySourceGenerationAttribute.g.verified.cs
    - Received: TelemetrySourceGeneratorLoggingTests.Generate_GivenInterfaceWithGenerics_RaisesDiagnostics_CAqe1ChVnvYCZotMAPEU8aEcP2sCpDXwvcFUV45NfyI#AutoCounterAttribute.g.received.cs
      Verified: TelemetrySourceGeneratorLoggingTests.Generate_GivenInterfaceWithGenerics_RaisesDiagnostics_CAqe1ChVnvYCZotMAPEU8aEcP2sCpDXwvcFUV45NfyI#AutoCounterAttribute.g.verified.cs
    - Received: TelemetrySourceGeneratorLoggingTests.Generate_GivenInterfaceWithGenerics_RaisesDiagnostics_CAqe1ChVnvYCZotMAPEU8aEcP2sCpDXwvcFUV45NfyI#BaggageAttribute.g.received.cs
      Verified: TelemetrySourceGeneratorLoggingTests.Generate_GivenInterfaceWithGenerics_RaisesDiagnostics_CAqe1ChVnvYCZotMAPEU8aEcP2sCpDXwvcFUV45NfyI#BaggageAttribute.g.verified.cs
    - Received: TelemetrySourceGeneratorLoggingTests.Generate_GivenInterfaceWithGenerics_RaisesDiagnostics_CAqe1ChVnvYCZotMAPEU8aEcP2sCpDXwvcFUV45NfyI#ContextAttribute.g.received.cs
      Verified: TelemetrySourceGeneratorLoggingTests.Generate_GivenInterfaceWithGenerics_RaisesDiagnostics_CAqe1ChVnvYCZotMAPEU8aEcP2sCpDXwvcFUV45NfyI#ContextAttribute.g.verified.cs
    - Received: TelemetrySourceGeneratorLoggingTests.Generate_GivenInterfaceWithGenerics_RaisesDiagnostics_CAqe1ChVnvYCZotMAPEU8aEcP2sCpDXwvcFUV45NfyI#CounterAttribute.g.received.cs
      Verified: TelemetrySourceGeneratorLoggingTests.Generate_GivenInterfaceWithGenerics_RaisesDiagnostics_CAqe1ChVnvYCZotMAPEU8aEcP2sCpDXwvcFUV45NfyI#CounterAttribute.g.verified.cs
    - Received: TelemetrySourceGeneratorLoggingTests.Generate_GivenInterfaceWithGenerics_RaisesDiagnostics_CAqe1ChVnvYCZotMAPEU8aEcP2sCpDXwvcFUV45NfyI#CriticalAttribute.g.received.cs
      Verified: TelemetrySourceGeneratorLoggingTests.Generate_GivenInterfaceWithGenerics_RaisesDiagnostics_CAqe1ChVnvYCZotMAPEU8aEcP2sCpDXwvcFUV45NfyI#CriticalAttribute.g.verified.cs
    - Received: TelemetrySourceGeneratorLoggingTests.Generate_GivenInterfaceWithGenerics_RaisesDiagnostics_CAqe1ChVnvYCZotMAPEU8aEcP2sCpDXwvcFUV45NfyI#DebugAttribute.g.received.cs
      Verified: TelemetrySourceGeneratorLoggingTests.Generate_GivenInterfaceWithGenerics_RaisesDiagnostics_CAqe1ChVnvYCZotMAPEU8aEcP2sCpDXwvcFUV45NfyI#DebugAttribute.g.verified.cs
    - Received: TelemetrySourceGeneratorLoggingTests.Generate_GivenInterfaceWithGenerics_RaisesDiagnostics_CAqe1ChVnvYCZotMAPEU8aEcP2sCpDXwvcFUV45NfyI#ErrorAttribute.g.received.cs
      Verified: TelemetrySourceGeneratorLoggingTests.Generate_GivenInterfaceWithGenerics_RaisesDiagnostics_CAqe1ChVnvYCZotMAPEU8aEcP2sCpDXwvcFUV45NfyI#ErrorAttribute.g.verified.cs
    - Received: TelemetrySourceGeneratorLoggingTests.Generate_GivenInterfaceWithGenerics_RaisesDiagnostics_CAqe1ChVnvYCZotMAPEU8aEcP2sCpDXwvcFUV45NfyI#EscapeAttribute.g.received.cs
      Verified: TelemetrySourceGeneratorLoggingTests.Generate_GivenInterfaceWithGenerics_RaisesDiagnostics_CAqe1ChVnvYCZotMAPEU8aEcP2sCpDXwvcFUV45NfyI#EscapeAttribute.g.verified.cs
    - Received: TelemetrySourceGeneratorLoggingTests.Generate_GivenInterfaceWithGenerics_RaisesDiagnostics_CAqe1ChVnvYCZotMAPEU8aEcP2sCpDXwvcFUV45NfyI#EventAttribute.g.received.cs
      Verified: TelemetrySourceGeneratorLoggingTests.Generate_GivenInterfaceWithGenerics_RaisesDiagnostics_CAqe1ChVnvYCZotMAPEU8aEcP2sCpDXwvcFUV45NfyI#EventAttribute.g.verified.cs
    - Received: TelemetrySourceGeneratorLoggingTests.Generate_GivenInterfaceWithGenerics_RaisesDiagnostics_CAqe1ChVnvYCZotMAPEU8aEcP2sCpDXwvcFUV45NfyI#ExcludeAttribute.g.received.cs
      Verified: TelemetrySourceGeneratorLoggingTests.Generate_GivenInterfaceWithGenerics_RaisesDiagnostics_CAqe1ChVnvYCZotMAPEU8aEcP2sCpDXwvcFUV45NfyI#ExcludeAttribute.g.verified.cs
    - Received: TelemetrySourceGeneratorLoggingTests.Generate_GivenInterfaceWithGenerics_RaisesDiagnostics_CAqe1ChVnvYCZotMAPEU8aEcP2sCpDXwvcFUV45NfyI#ExcludeTargetsAttribute.g.received.cs
      Verified: TelemetrySourceGeneratorLoggingTests.Generate_GivenInterfaceWithGenerics_RaisesDiagnostics_CAqe1ChVnvYCZotMAPEU8aEcP2sCpDXwvcFUV45NfyI#ExcludeTargetsAttribute.g.verified.cs
    - Received: TelemetrySourceGeneratorLoggingTests.Generate_GivenInterfaceWithGenerics_RaisesDiagnostics_CAqe1ChVnvYCZotMAPEU8aEcP2sCpDXwvcFUV45NfyI#ExpandEnumerableAttribute.g.received.cs
      Verified: TelemetrySourceGeneratorLoggingTests.Generate_GivenInterfaceWithGenerics_RaisesDiagnostics_CAqe1ChVnvYCZotMAPEU8aEcP2sCpDXwvcFUV45NfyI#ExpandEnumerableAttribute.g.verified.cs
    - Received: TelemetrySourceGeneratorLoggingTests.Generate_GivenInterfaceWithGenerics_RaisesDiagnostics_CAqe1ChVnvYCZotMAPEU8aEcP2sCpDXwvcFUV45NfyI#HistogramAttribute.g.received.cs
      Verified: TelemetrySourceGeneratorLoggingTests.Generate_GivenInterfaceWithGenerics_RaisesDiagnostics_CAqe1ChVnvYCZotMAPEU8aEcP2sCpDXwvcFUV45NfyI#HistogramAttribute.g.verified.cs
    - Received: TelemetrySourceGeneratorLoggingTests.Generate_GivenInterfaceWithGenerics_RaisesDiagnostics_CAqe1ChVnvYCZotMAPEU8aEcP2sCpDXwvcFUV45NfyI#InfoAttribute.g.received.cs
      Verified: TelemetrySourceGeneratorLoggingTests.Generate_GivenInterfaceWithGenerics_RaisesDiagnostics_CAqe1ChVnvYCZotMAPEU8aEcP2sCpDXwvcFUV45NfyI#InfoAttribute.g.verified.cs
    - Received: TelemetrySourceGeneratorLoggingTests.Generate_GivenInterfaceWithGenerics_RaisesDiagnostics_CAqe1ChVnvYCZotMAPEU8aEcP2sCpDXwvcFUV45NfyI#InstrumentMeasurementAttribute.g.received.cs
      Verified: TelemetrySourceGeneratorLoggingTests.Generate_GivenInterfaceWithGenerics_RaisesDiagnostics_CAqe1ChVnvYCZotMAPEU8aEcP2sCpDXwvcFUV45NfyI#InstrumentMeasurementAttribute.g.verified.cs
    - Received: TelemetrySourceGeneratorLoggingTests.Generate_GivenInterfaceWithGenerics_RaisesDiagnostics_CAqe1ChVnvYCZotMAPEU8aEcP2sCpDXwvcFUV45NfyI#LogAttribute.g.received.cs
      Verified: TelemetrySourceGeneratorLoggingTests.Generate_GivenInterfaceWithGenerics_RaisesDiagnostics_CAqe1ChVnvYCZotMAPEU8aEcP2sCpDXwvcFUV45NfyI#LogAttribute.g.verified.cs
    - Received: TelemetrySourceGeneratorLoggingTests.Generate_GivenInterfaceWithGenerics_RaisesDiagnostics_CAqe1ChVnvYCZotMAPEU8aEcP2sCpDXwvcFUV45NfyI#LoggerAttribute.g.received.cs
      Verified: TelemetrySourceGeneratorLoggingTests.Generate_GivenInterfaceWithGenerics_RaisesDiagnostics_CAqe1ChVnvYCZotMAPEU8aEcP2sCpDXwvcFUV45NfyI#LoggerAttribute.g.verified.cs
    - Received: TelemetrySourceGeneratorLoggingTests.Generate_GivenInterfaceWithGenerics_RaisesDiagnostics_CAqe1ChVnvYCZotMAPEU8aEcP2sCpDXwvcFUV45NfyI#LoggerGenerationAttribute.g.received.cs
      Verified: TelemetrySourceGeneratorLoggingTests.Generate_GivenInterfaceWithGenerics_RaisesDiagnostics_CAqe1ChVnvYCZotMAPEU8aEcP2sCpDXwvcFUV45NfyI#LoggerGenerationAttribute.g.verified.cs
    - Received: TelemetrySourceGeneratorLoggingTests.Generate_GivenInterfaceWithGenerics_RaisesDiagnostics_CAqe1ChVnvYCZotMAPEU8aEcP2sCpDXwvcFUV45NfyI#LoggerGenerationMode.g.received.cs
      Verified: TelemetrySourceGeneratorLoggingTests.Generate_GivenInterfaceWithGenerics_RaisesDiagnostics_CAqe1ChVnvYCZotMAPEU8aEcP2sCpDXwvcFUV45NfyI#LoggerGenerationMode.g.verified.cs
    - Received: TelemetrySourceGeneratorLoggingTests.Generate_GivenInterfaceWithGenerics_RaisesDiagnostics_CAqe1ChVnvYCZotMAPEU8aEcP2sCpDXwvcFUV45NfyI#LogPrefixType.g.received.cs
      Verified: TelemetrySourceGeneratorLoggingTests.Generate_GivenInterfaceWithGenerics_RaisesDiagnostics_CAqe1ChVnvYCZotMAPEU8aEcP2sCpDXwvcFUV45NfyI#LogPrefixType.g.verified.cs
    - Received: TelemetrySourceGeneratorLoggingTests.Generate_GivenInterfaceWithGenerics_RaisesDiagnostics_CAqe1ChVnvYCZotMAPEU8aEcP2sCpDXwvcFUV45NfyI#MeterAttribute.g.received.cs
      Verified: TelemetrySourceGeneratorLoggingTests.Generate_GivenInterfaceWithGenerics_RaisesDiagnostics_CAqe1ChVnvYCZotMAPEU8aEcP2sCpDXwvcFUV45NfyI#MeterAttribute.g.verified.cs
    - Received: TelemetrySourceGeneratorLoggingTests.Generate_GivenInterfaceWithGenerics_RaisesDiagnostics_CAqe1ChVnvYCZotMAPEU8aEcP2sCpDXwvcFUV45NfyI#MeterGenerationAttribute.g.received.cs
      Verified: TelemetrySourceGeneratorLoggingTests.Generate_GivenInterfaceWithGenerics_RaisesDiagnostics_CAqe1ChVnvYCZotMAPEU8aEcP2sCpDXwvcFUV45NfyI#MeterGenerationAttribute.g.verified.cs
    - Received: TelemetrySourceGeneratorLoggingTests.Generate_GivenInterfaceWithGenerics_RaisesDiagnostics_CAqe1ChVnvYCZotMAPEU8aEcP2sCpDXwvcFUV45NfyI#MeterNameGenerationType.g.received.cs
      Verified: TelemetrySourceGeneratorLoggingTests.Generate_GivenInterfaceWithGenerics_RaisesDiagnostics_CAqe1ChVnvYCZotMAPEU8aEcP2sCpDXwvcFUV45NfyI#MeterNameGenerationType.g.verified.cs
    - Received: TelemetrySourceGeneratorLoggingTests.Generate_GivenInterfaceWithGenerics_RaisesDiagnostics_CAqe1ChVnvYCZotMAPEU8aEcP2sCpDXwvcFUV45NfyI#NamingConvention.g.received.cs
      Verified: TelemetrySourceGeneratorLoggingTests.Generate_GivenInterfaceWithGenerics_RaisesDiagnostics_CAqe1ChVnvYCZotMAPEU8aEcP2sCpDXwvcFUV45NfyI#NamingConvention.g.verified.cs
    - Received: TelemetrySourceGeneratorLoggingTests.Generate_GivenInterfaceWithGenerics_RaisesDiagnostics_CAqe1ChVnvYCZotMAPEU8aEcP2sCpDXwvcFUV45NfyI#ObservableCounterAttribute.g.received.cs
      Verified: TelemetrySourceGeneratorLoggingTests.Generate_GivenInterfaceWithGenerics_RaisesDiagnostics_CAqe1ChVnvYCZotMAPEU8aEcP2sCpDXwvcFUV45NfyI#ObservableCounterAttribute.g.verified.cs
    - Received: TelemetrySourceGeneratorLoggingTests.Generate_GivenInterfaceWithGenerics_RaisesDiagnostics_CAqe1ChVnvYCZotMAPEU8aEcP2sCpDXwvcFUV45NfyI#ObservableGaugeAttribute.g.received.cs
      Verified: TelemetrySourceGeneratorLoggingTests.Generate_GivenInterfaceWithGenerics_RaisesDiagnostics_CAqe1ChVnvYCZotMAPEU8aEcP2sCpDXwvcFUV45NfyI#ObservableGaugeAttribute.g.verified.cs
    - Received: TelemetrySourceGeneratorLoggingTests.Generate_GivenInterfaceWithGenerics_RaisesDiagnostics_CAqe1ChVnvYCZotMAPEU8aEcP2sCpDXwvcFUV45NfyI#ObservableUpDownCounterAttribute.g.received.cs
      Verified: TelemetrySourceGeneratorLoggingTests.Generate_GivenInterfaceWithGenerics_RaisesDiagnostics_CAqe1ChVnvYCZotMAPEU8aEcP2sCpDXwvcFUV45NfyI#ObservableUpDownCounterAttribute.g.verified.cs
    - Received: TelemetrySourceGeneratorLoggingTests.Generate_GivenInterfaceWithGenerics_RaisesDiagnostics_CAqe1ChVnvYCZotMAPEU8aEcP2sCpDXwvcFUV45NfyI#StatusDescriptionAttribute.g.received.cs
      Verified: TelemetrySourceGeneratorLoggingTests.Generate_GivenInterfaceWithGenerics_RaisesDiagnostics_CAqe1ChVnvYCZotMAPEU8aEcP2sCpDXwvcFUV45NfyI#StatusDescriptionAttribute.g.verified.cs
    - Received: TelemetrySourceGeneratorLoggingTests.Generate_GivenInterfaceWithGenerics_RaisesDiagnostics_CAqe1ChVnvYCZotMAPEU8aEcP2sCpDXwvcFUV45NfyI#TagAttribute.g.received.cs
      Verified: TelemetrySourceGeneratorLoggingTests.Generate_GivenInterfaceWithGenerics_RaisesDiagnostics_CAqe1ChVnvYCZotMAPEU8aEcP2sCpDXwvcFUV45NfyI#TagAttribute.g.verified.cs
    - Received: TelemetrySourceGeneratorLoggingTests.Generate_GivenInterfaceWithGenerics_RaisesDiagnostics_CAqe1ChVnvYCZotMAPEU8aEcP2sCpDXwvcFUV45NfyI#Targets.g.received.cs
      Verified: TelemetrySourceGeneratorLoggingTests.Generate_GivenInterfaceWithGenerics_RaisesDiagnostics_CAqe1ChVnvYCZotMAPEU8aEcP2sCpDXwvcFUV45NfyI#Targets.g.verified.cs
    - Received: TelemetrySourceGeneratorLoggingTests.Generate_GivenInterfaceWithGenerics_RaisesDiagnostics_CAqe1ChVnvYCZotMAPEU8aEcP2sCpDXwvcFUV45NfyI#TelemetryGenerationAttribute.g.received.cs
      Verified: TelemetrySourceGeneratorLoggingTests.Generate_GivenInterfaceWithGenerics_RaisesDiagnostics_CAqe1ChVnvYCZotMAPEU8aEcP2sCpDXwvcFUV45NfyI#TelemetryGenerationAttribute.g.verified.cs
    - Received: TelemetrySourceGeneratorLoggingTests.Generate_GivenInterfaceWithGenerics_RaisesDiagnostics_CAqe1ChVnvYCZotMAPEU8aEcP2sCpDXwvcFUV45NfyI#TraceAttribute.g.received.cs
      Verified: TelemetrySourceGeneratorLoggingTests.Generate_GivenInterfaceWithGenerics_RaisesDiagnostics_CAqe1ChVnvYCZotMAPEU8aEcP2sCpDXwvcFUV45NfyI#TraceAttribute.g.verified.cs
    - Received: TelemetrySourceGeneratorLoggingTests.Generate_GivenInterfaceWithGenerics_RaisesDiagnostics_CAqe1ChVnvYCZotMAPEU8aEcP2sCpDXwvcFUV45NfyI#UpDownCounterAttribute.g.received.cs
      Verified: TelemetrySourceGeneratorLoggingTests.Generate_GivenInterfaceWithGenerics_RaisesDiagnostics_CAqe1ChVnvYCZotMAPEU8aEcP2sCpDXwvcFUV45NfyI#UpDownCounterAttribute.g.verified.cs
    - Received: TelemetrySourceGeneratorLoggingTests.Generate_GivenInterfaceWithGenerics_RaisesDiagnostics_CAqe1ChVnvYCZotMAPEU8aEcP2sCpDXwvcFUV45NfyI#WarningAttribute.g.received.cs
      Verified: TelemetrySourceGeneratorLoggingTests.Generate_GivenInterfaceWithGenerics_RaisesDiagnostics_CAqe1ChVnvYCZotMAPEU8aEcP2sCpDXwvcFUV45NfyI#WarningAttribute.g.verified.cs
  
  Standard output
    DBG: --- Adding templates.
    DBG: Adding ActivitySourceGenerationAttribute as ActivitySourceGenerationAttribute.g.cs.
    DBG: Adding ActivitySourceAttribute as ActivitySourceAttribute.g.cs.
    DBG: Adding ActivityAttribute as ActivityAttribute.g.cs.
    DBG: Adding EventAttribute as EventAttribute.g.cs.
    DBG: Adding ContextAttribute as ContextAttribute.g.cs.
    DBG: Adding BaggageAttribute as BaggageAttribute.g.cs.
    DBG: Adding EscapeAttribute as EscapeAttribute.g.cs.
    DBG: Adding StatusDescriptionAttribute as StatusDescriptionAttribute.g.cs.
    DBG: Adding LoggerGenerationAttribute as LoggerGenerationAttribute.g.cs.
    DBG: Adding LoggerAttribute as LoggerAttribute.g.cs.
    DBG: Adding LogAttribute as LogAttribute.g.cs.
    DBG: Adding LogPrefixType as LogPrefixType.g.cs.
    DBG: Adding LoggerGenerationMode as LoggerGenerationMode.g.cs.
    DBG: Adding ExpandEnumerableAttribute as ExpandEnumerableAttribute.g.cs.
    DBG: Adding TraceAttribute as TraceAttribute.g.cs.
    DBG: Adding DebugAttribute as DebugAttribute.g.cs.
    DBG: Adding InfoAttribute as InfoAttribute.g.cs.
    DBG: Adding WarningAttribute as WarningAttribute.g.cs.
    DBG: Adding ErrorAttribute as ErrorAttribute.g.cs.
    DBG: Adding CriticalAttribute as CriticalAttribute.g.cs.
    DBG: Adding MeterGenerationAttribute as MeterGenerationAttribute.g.cs.
    DBG: Adding MeterAttribute as MeterAttribute.g.cs.
    DBG: Adding MeterNameGenerationType as MeterNameGenerationType.g.cs.
    DBG: Adding InstrumentMeasurementAttribute as InstrumentMeasurementAttribute.g.cs.
    DBG: Adding AutoCounterAttribute as AutoCounterAttribute.g.cs.
    DBG: Adding CounterAttribute as CounterAttribute.g.cs.
    DBG: Adding UpDownCounterAttribute as UpDownCounterAttribute.g.cs.
    DBG: Adding HistogramAttribute as HistogramAttribute.g.cs.
    DBG: Adding ObservableCounterAttribute as ObservableCounterAttribute.g.cs.
    DBG: Adding ObservableGaugeAttribute as ObservableGaugeAttribute.g.cs.
    DBG: Adding ObservableUpDownCounterAttribute as ObservableUpDownCounterAttribute.g.cs.
    DBG: Adding TagAttribute as TagAttribute.g.cs.
    DBG: Adding ExcludeAttribute as ExcludeAttribute.g.cs.
    DBG: Adding TelemetryGenerationAttribute as TelemetryGenerationAttribute.g.cs.
    DBG: Adding Targets as Targets.g.cs.
    DBG: Adding NamingConvention as NamingConvention.g.cs.
    DBG: Adding ExcludeTargetsAttribute as ExcludeTargetsAttribute.g.cs.
    DBG: --- Finished adding templates.
    DIA: Cannot generate a Logger target for a generic interface '[Logger] public interface ITestLogger<T0> { void LogEntryWithGenericTypeParam(); }'.
    
  Error output
failed Generate_GivenMethodWithGenerics_RaisesDiagnostics(5) (3s 675ms)
  [Test Failure] VerifyException: Directory: P:\GitHub\kjldev\purview-telemetry-sourcegenerator\src\Purview.Telemetry.SourceGenerator.IntegrationTests\Snapshots
Delete:
  - TelemetrySourceGeneratorLoggingTests.Generate_GivenMethodWithGenerics_RaisesDiagnostics_GuNZL4JIw_h5tWr-PyzmqtRbqJhDR5bTXFZWhDl_s-Y.verified.txt
Equal:
  - Received: TelemetrySourceGeneratorLoggingTests.Generate_GivenMethodWithGenerics_RaisesDiagnostics_GuNZL4JIw_h5tWr-PyzmqtRbqJhDR5bTXFZWhDl_s-Y#ActivityAttribute.g.received.cs
    Verified: TelemetrySourceGeneratorLoggingTests.Generate_GivenMethodWithGenerics_RaisesDiagnostics_GuNZL4JIw_h5tWr-PyzmqtRbqJhDR5bTXFZWhDl_s-Y#ActivityAttribute.g.verified.cs
  - Received: TelemetrySourceGeneratorLoggingTests.Generate_GivenMethodWithGenerics_RaisesDiagnostics_GuNZL4JIw_h5tWr-PyzmqtRbqJhDR5bTXFZWhDl_s-Y#ActivitySourceAttribute.g.received.cs
    Verified: TelemetrySourceGeneratorLoggingTests.Generate_GivenMethodWithGenerics_RaisesDiagnostics_GuNZL4JIw_h5tWr-PyzmqtRbqJhDR5bTXFZWhDl_s-Y#ActivitySourceAttribute.g.verified.cs
  - Received: TelemetrySourceGeneratorLoggingTests.Generate_GivenMethodWithGenerics_RaisesDiagnostics_GuNZL4JIw_h5tWr-PyzmqtRbqJhDR5bTXFZWhDl_s-Y#ActivitySourceGenerationAttribute.g.received.cs
    Verified: TelemetrySourceGeneratorLoggingTests.Generate_GivenMethodWithGenerics_RaisesDiagnostics_GuNZL4JIw_h5tWr-PyzmqtRbqJhDR5bTXFZWhDl_s-Y#ActivitySourceGenerationAttribute.g.verified.cs
  - Received: TelemetrySourceGeneratorLoggingTests.Generate_GivenMethodWithGenerics_RaisesDiagnostics_GuNZL4JIw_h5tWr-PyzmqtRbqJhDR5bTXFZWhDl_s-Y#AutoCounterAttribute.g.received.cs
    Verified: TelemetrySourceGeneratorLoggingTests.Generate_GivenMethodWithGenerics_RaisesDiagnostics_GuNZL4JIw_h5tWr-PyzmqtRbqJhDR5bTXFZWhDl_s-Y#AutoCounterAttribute.g.verified.cs
  - Received: TelemetrySourceGeneratorLoggingTests.Generate_GivenMethodWithGenerics_RaisesDiagnostics_GuNZL4JIw_h5tWr-PyzmqtRbqJhDR5bTXFZWhDl_s-Y#BaggageAttribute.g.received.cs
    Verified: TelemetrySourceGeneratorLoggingTests.Generate_GivenMethodWithGenerics_RaisesDiagnostics_GuNZL4JIw_h5tWr-PyzmqtRbqJhDR5bTXFZWhDl_s-Y#BaggageAttribute.g.verified.cs
  - Received: TelemetrySourceGeneratorLoggingTests.Generate_GivenMethodWithGenerics_RaisesDiagnostics_GuNZL4JIw_h5tWr-PyzmqtRbqJhDR5bTXFZWhDl_s-Y#ContextAttribute.g.received.cs
    Verified: TelemetrySourceGeneratorLoggingTests.Generate_GivenMethodWithGenerics_RaisesDiagnostics_GuNZL4JIw_h5tWr-PyzmqtRbqJhDR5bTXFZWhDl_s-Y#ContextAttribute.g.verified.cs
  - Received: TelemetrySourceGeneratorLoggingTests.Generate_GivenMethodWithGenerics_RaisesDiagnostics_GuNZL4JIw_h5tWr-PyzmqtRbqJhDR5bTXFZWhDl_s-Y#CounterAttribute.g.received.cs
    Verified: TelemetrySourceGeneratorLoggingTests.Generate_GivenMethodWithGenerics_RaisesDiagnostics_GuNZL4JIw_h5tWr-PyzmqtRbqJhDR5bTXFZWhDl_s-Y#CounterAttribute.g.verified.cs
  - Received: TelemetrySourceGeneratorLoggingTests.Generate_GivenMethodWithGenerics_RaisesDiagnostics_GuNZL4JIw_h5tWr-PyzmqtRbqJhDR5bTXFZWhDl_s-Y#CriticalAttribute.g.received.cs
    Verified: TelemetrySourceGeneratorLoggingTests.Generate_GivenMethodWithGenerics_RaisesDiagnostics_GuNZL4JIw_h5tWr-PyzmqtRbqJhDR5bTXFZWhDl_s-Y#CriticalAttribute.g.verified.cs
  - Received: TelemetrySourceGeneratorLoggingTests.Generate_GivenMethodWithGenerics_RaisesDiagnostics_GuNZL4JIw_h5tWr-PyzmqtRbqJhDR5bTXFZWhDl_s-Y#DebugAttribute.g.received.cs
    Verified: TelemetrySourceGeneratorLoggingTests.Generate_GivenMethodWithGenerics_RaisesDiagnostics_GuNZL4JIw_h5tWr-PyzmqtRbqJhDR5bTXFZWhDl_s-Y#DebugAttribute.g.verified.cs
  - Received: TelemetrySourceGeneratorLoggingTests.Generate_GivenMethodWithGenerics_RaisesDiagnostics_GuNZL4JIw_h5tWr-PyzmqtRbqJhDR5bTXFZWhDl_s-Y#ErrorAttribute.g.received.cs
    Verified: TelemetrySourceGeneratorLoggingTests.Generate_GivenMethodWithGenerics_RaisesDiagnostics_GuNZL4JIw_h5tWr-PyzmqtRbqJhDR5bTXFZWhDl_s-Y#ErrorAttribute.g.verified.cs
  - Received: TelemetrySourceGeneratorLoggingTests.Generate_GivenMethodWithGenerics_RaisesDiagnostics_GuNZL4JIw_h5tWr-PyzmqtRbqJhDR5bTXFZWhDl_s-Y#EscapeAttribute.g.received.cs
    Verified: TelemetrySourceGeneratorLoggingTests.Generate_GivenMethodWithGenerics_RaisesDiagnostics_GuNZL4JIw_h5tWr-PyzmqtRbqJhDR5bTXFZWhDl_s-Y#EscapeAttribute.g.verified.cs
  - Received: TelemetrySourceGeneratorLoggingTests.Generate_GivenMethodWithGenerics_RaisesDiagnostics_GuNZL4JIw_h5tWr-PyzmqtRbqJhDR5bTXFZWhDl_s-Y#EventAttribute.g.received.cs
    Verified: TelemetrySourceGeneratorLoggingTests.Generate_GivenMethodWithGenerics_RaisesDiagnostics_GuNZL4JIw_h5tWr-PyzmqtRbqJhDR5bTXFZWhDl_s-Y#EventAttribute.g.verified.cs
  - Received: TelemetrySourceGeneratorLoggingTests.Generate_GivenMethodWithGenerics_RaisesDiagnostics_GuNZL4JIw_h5tWr-PyzmqtRbqJhDR5bTXFZWhDl_s-Y#ExcludeAttribute.g.received.cs
    Verified: TelemetrySourceGeneratorLoggingTests.Generate_GivenMethodWithGenerics_RaisesDiagnostics_GuNZL4JIw_h5tWr-PyzmqtRbqJhDR5bTXFZWhDl_s-Y#ExcludeAttribute.g.verified.cs
  - Received: TelemetrySourceGeneratorLoggingTests.Generate_GivenMethodWithGenerics_RaisesDiagnostics_GuNZL4JIw_h5tWr-PyzmqtRbqJhDR5bTXFZWhDl_s-Y#ExcludeTargetsAttribute.g.received.cs
    Verified: TelemetrySourceGeneratorLoggingTests.Generate_GivenMethodWithGenerics_RaisesDiagnostics_GuNZL4JIw_h5tWr-PyzmqtRbqJhDR5bTXFZWhDl_s-Y#ExcludeTargetsAttribute.g.verified.cs
  - Received: TelemetrySourceGeneratorLoggingTests.Generate_GivenMethodWithGenerics_RaisesDiagnostics_GuNZL4JIw_h5tWr-PyzmqtRbqJhDR5bTXFZWhDl_s-Y#ExpandEnumerableAttribute.g.received.cs
    Verified: TelemetrySourceGeneratorLoggingTests.Generate_GivenMethodWithGenerics_RaisesDiagnostics_GuNZL4JIw_h5tWr-PyzmqtRbqJhDR5bTXFZWhDl_s-Y#ExpandEnumerableAttribute.g.verified.cs
  - Received: TelemetrySourceGeneratorLoggingTests.Generate_GivenMethodWithGenerics_RaisesDiagnostics_GuNZL4JIw_h5tWr-PyzmqtRbqJhDR5bTXFZWhDl_s-Y#HistogramAttribute.g.received.cs
    Verified: TelemetrySourceGeneratorLoggingTests.Generate_GivenMethodWithGenerics_RaisesDiagnostics_GuNZL4JIw_h5tWr-PyzmqtRbqJhDR5bTXFZWhDl_s-Y#HistogramAttribute.g.verified.cs
  - Received: TelemetrySourceGeneratorLoggingTests.Generate_GivenMethodWithGenerics_RaisesDiagnostics_GuNZL4JIw_h5tWr-PyzmqtRbqJhDR5bTXFZWhDl_s-Y#InfoAttribute.g.received.cs
    Verified: TelemetrySourceGeneratorLoggingTests.Generate_GivenMethodWithGenerics_RaisesDiagnostics_GuNZL4JIw_h5tWr-PyzmqtRbqJhDR5bTXFZWhDl_s-Y#InfoAttribute.g.verified.cs
  - Received: TelemetrySourceGeneratorLoggingTests.Generate_GivenMethodWithGenerics_RaisesDiagnostics_GuNZL4JIw_h5tWr-PyzmqtRbqJhDR5bTXFZWhDl_s-Y#InstrumentMeasurementAttribute.g.received.cs
    Verified: TelemetrySourceGeneratorLoggingTests.Generate_GivenMethodWithGenerics_RaisesDiagnostics_GuNZL4JIw_h5tWr-PyzmqtRbqJhDR5bTXFZWhDl_s-Y#InstrumentMeasurementAttribute.g.verified.cs
  - Received: TelemetrySourceGeneratorLoggingTests.Generate_GivenMethodWithGenerics_RaisesDiagnostics_GuNZL4JIw_h5tWr-PyzmqtRbqJhDR5bTXFZWhDl_s-Y#LogAttribute.g.received.cs
    Verified: TelemetrySourceGeneratorLoggingTests.Generate_GivenMethodWithGenerics_RaisesDiagnostics_GuNZL4JIw_h5tWr-PyzmqtRbqJhDR5bTXFZWhDl_s-Y#LogAttribute.g.verified.cs
  - Received: TelemetrySourceGeneratorLoggingTests.Generate_GivenMethodWithGenerics_RaisesDiagnostics_GuNZL4JIw_h5tWr-PyzmqtRbqJhDR5bTXFZWhDl_s-Y#LoggerAttribute.g.received.cs
    Verified: TelemetrySourceGeneratorLoggingTests.Generate_GivenMethodWithGenerics_RaisesDiagnostics_GuNZL4JIw_h5tWr-PyzmqtRbqJhDR5bTXFZWhDl_s-Y#LoggerAttribute.g.verified.cs
  - Received: TelemetrySourceGeneratorLoggingTests.Generate_GivenMethodWithGenerics_RaisesDiagnostics_GuNZL4JIw_h5tWr-PyzmqtRbqJhDR5bTXFZWhDl_s-Y#LoggerGenerationAttribute.g.received.cs
    Verified: TelemetrySourceGeneratorLoggingTests.Generate_GivenMethodWithGenerics_RaisesDiagnostics_GuNZL4JIw_h5tWr-PyzmqtRbqJhDR5bTXFZWhDl_s-Y#LoggerGenerationAttribute.g.verified.cs
  - Received: TelemetrySourceGeneratorLoggingTests.Generate_GivenMethodWithGenerics_RaisesDiagnostics_GuNZL4JIw_h5tWr-PyzmqtRbqJhDR5bTXFZWhDl_s-Y#LoggerGenerationMode.g.received.cs
    Verified: TelemetrySourceGeneratorLoggingTests.Generate_GivenMethodWithGenerics_RaisesDiagnostics_GuNZL4JIw_h5tWr-PyzmqtRbqJhDR5bTXFZWhDl_s-Y#LoggerGenerationMode.g.verified.cs
  - Received: TelemetrySourceGeneratorLoggingTests.Generate_GivenMethodWithGenerics_RaisesDiagnostics_GuNZL4JIw_h5tWr-PyzmqtRbqJhDR5bTXFZWhDl_s-Y#LogPrefixType.g.received.cs
    Verified: TelemetrySourceGeneratorLoggingTests.Generate_GivenMethodWithGenerics_RaisesDiagnostics_GuNZL4JIw_h5tWr-PyzmqtRbqJhDR5bTXFZWhDl_s-Y#LogPrefixType.g.verified.cs
  - Received: TelemetrySourceGeneratorLoggingTests.Generate_GivenMethodWithGenerics_RaisesDiagnostics_GuNZL4JIw_h5tWr-PyzmqtRbqJhDR5bTXFZWhDl_s-Y#MeterAttribute.g.received.cs
    Verified: TelemetrySourceGeneratorLoggingTests.Generate_GivenMethodWithGenerics_RaisesDiagnostics_GuNZL4JIw_h5tWr-PyzmqtRbqJhDR5bTXFZWhDl_s-Y#MeterAttribute.g.verified.cs
  - Received: TelemetrySourceGeneratorLoggingTests.Generate_GivenMethodWithGenerics_RaisesDiagnostics_GuNZL4JIw_h5tWr-PyzmqtRbqJhDR5bTXFZWhDl_s-Y#MeterGenerationAttribute.g.received.cs
    Verified: TelemetrySourceGeneratorLoggingTests.Generate_GivenMethodWithGenerics_RaisesDiagnostics_GuNZL4JIw_h5tWr-PyzmqtRbqJhDR5bTXFZWhDl_s-Y#MeterGenerationAttribute.g.verified.cs
  - Received: TelemetrySourceGeneratorLoggingTests.Generate_GivenMethodWithGenerics_RaisesDiagnostics_GuNZL4JIw_h5tWr-PyzmqtRbqJhDR5bTXFZWhDl_s-Y#MeterNameGenerationType.g.received.cs
    Verified: TelemetrySourceGeneratorLoggingTests.Generate_GivenMethodWithGenerics_RaisesDiagnostics_GuNZL4JIw_h5tWr-PyzmqtRbqJhDR5bTXFZWhDl_s-Y#MeterNameGenerationType.g.verified.cs
  - Received: TelemetrySourceGeneratorLoggingTests.Generate_GivenMethodWithGenerics_RaisesDiagnostics_GuNZL4JIw_h5tWr-PyzmqtRbqJhDR5bTXFZWhDl_s-Y#NamingConvention.g.received.cs
    Verified: TelemetrySourceGeneratorLoggingTests.Generate_GivenMethodWithGenerics_RaisesDiagnostics_GuNZL4JIw_h5tWr-PyzmqtRbqJhDR5bTXFZWhDl_s-Y#NamingConvention.g.verified.cs
  - Received: TelemetrySourceGeneratorLoggingTests.Generate_GivenMethodWithGenerics_RaisesDiagnostics_GuNZL4JIw_h5tWr-PyzmqtRbqJhDR5bTXFZWhDl_s-Y#ObservableCounterAttribute.g.received.cs
    Verified: TelemetrySourceGeneratorLoggingTests.Generate_GivenMethodWithGenerics_RaisesDiagnostics_GuNZL4JIw_h5tWr-PyzmqtRbqJhDR5bTXFZWhDl_s-Y#ObservableCounterAttribute.g.verified.cs
  - Received: TelemetrySourceGeneratorLoggingTests.Generate_GivenMethodWithGenerics_RaisesDiagnostics_GuNZL4JIw_h5tWr-PyzmqtRbqJhDR5bTXFZWhDl_s-Y#ObservableGaugeAttribute.g.received.cs
    Verified: TelemetrySourceGeneratorLoggingTests.Generate_GivenMethodWithGenerics_RaisesDiagnostics_GuNZL4JIw_h5tWr-PyzmqtRbqJhDR5bTXFZWhDl_s-Y#ObservableGaugeAttribute.g.verified.cs
  - Received: TelemetrySourceGeneratorLoggingTests.Generate_GivenMethodWithGenerics_RaisesDiagnostics_GuNZL4JIw_h5tWr-PyzmqtRbqJhDR5bTXFZWhDl_s-Y#ObservableUpDownCounterAttribute.g.received.cs
    Verified: TelemetrySourceGeneratorLoggingTests.Generate_GivenMethodWithGenerics_RaisesDiagnostics_GuNZL4JIw_h5tWr-PyzmqtRbqJhDR5bTXFZWhDl_s-Y#ObservableUpDownCounterAttribute.g.verified.cs
  - Received: TelemetrySourceGeneratorLoggingTests.Generate_GivenMethodWithGenerics_RaisesDiagnostics_GuNZL4JIw_h5tWr-PyzmqtRbqJhDR5bTXFZWhDl_s-Y#StatusDescriptionAttribute.g.received.cs
    Verified: TelemetrySourceGeneratorLoggingTests.Generate_GivenMethodWithGenerics_RaisesDiagnostics_GuNZL4JIw_h5tWr-PyzmqtRbqJhDR5bTXFZWhDl_s-Y#StatusDescriptionAttribute.g.verified.cs
  - Received: TelemetrySourceGeneratorLoggingTests.Generate_GivenMethodWithGenerics_RaisesDiagnostics_GuNZL4JIw_h5tWr-PyzmqtRbqJhDR5bTXFZWhDl_s-Y#TagAttribute.g.received.cs
    Verified: TelemetrySourceGeneratorLoggingTests.Generate_GivenMethodWithGenerics_RaisesDiagnostics_GuNZL4JIw_h5tWr-PyzmqtRbqJhDR5bTXFZWhDl_s-Y#TagAttribute.g.verified.cs
  - Received: TelemetrySourceGeneratorLoggingTests.Generate_GivenMethodWithGenerics_RaisesDiagnostics_GuNZL4JIw_h5tWr-PyzmqtRbqJhDR5bTXFZWhDl_s-Y#Targets.g.received.cs
    Verified: TelemetrySourceGeneratorLoggingTests.Generate_GivenMethodWithGenerics_RaisesDiagnostics_GuNZL4JIw_h5tWr-PyzmqtRbqJhDR5bTXFZWhDl_s-Y#Targets.g.verified.cs
  - Received: TelemetrySourceGeneratorLoggingTests.Generate_GivenMethodWithGenerics_RaisesDiagnostics_GuNZL4JIw_h5tWr-PyzmqtRbqJhDR5bTXFZWhDl_s-Y#TelemetryGenerationAttribute.g.received.cs
    Verified: TelemetrySourceGeneratorLoggingTests.Generate_GivenMethodWithGenerics_RaisesDiagnostics_GuNZL4JIw_h5tWr-PyzmqtRbqJhDR5bTXFZWhDl_s-Y#TelemetryGenerationAttribute.g.verified.cs
  - Received: TelemetrySourceGeneratorLoggingTests.Generate_GivenMethodWithGenerics_RaisesDiagnostics_GuNZL4JIw_h5tWr-PyzmqtRbqJhDR5bTXFZWhDl_s-Y#TraceAttribute.g.received.cs
    Verified: TelemetrySourceGeneratorLoggingTests.Generate_GivenMethodWithGenerics_RaisesDiagnostics_GuNZL4JIw_h5tWr-PyzmqtRbqJhDR5bTXFZWhDl_s-Y#TraceAttribute.g.verified.cs
  - Received: TelemetrySourceGeneratorLoggingTests.Generate_GivenMethodWithGenerics_RaisesDiagnostics_GuNZL4JIw_h5tWr-PyzmqtRbqJhDR5bTXFZWhDl_s-Y#UpDownCounterAttribute.g.received.cs
    Verified: TelemetrySourceGeneratorLoggingTests.Generate_GivenMethodWithGenerics_RaisesDiagnostics_GuNZL4JIw_h5tWr-PyzmqtRbqJhDR5bTXFZWhDl_s-Y#UpDownCounterAttribute.g.verified.cs
  - Received: TelemetrySourceGeneratorLoggingTests.Generate_GivenMethodWithGenerics_RaisesDiagnostics_GuNZL4JIw_h5tWr-PyzmqtRbqJhDR5bTXFZWhDl_s-Y#WarningAttribute.g.received.cs
    Verified: TelemetrySourceGeneratorLoggingTests.Generate_GivenMethodWithGenerics_RaisesDiagnostics_GuNZL4JIw_h5tWr-PyzmqtRbqJhDR5bTXFZWhDl_s-Y#WarningAttribute.g.verified.cs

  from P:\GitHub\kjldev\purview-telemetry-sourcegenerator\src\Purview.Telemetry.SourceGenerator.IntegrationTests\bin\Release\net10.0\Purview.Telemetry.SourceGenerator.IntegrationTests.dll (net10.0|x64)
  TUnit.Engine.Exceptions.TestFailedException: [Test Failure] VerifyException: Directory: P:\GitHub\kjldev\purview-telemetry-sourcegenerator\src\Purview.Telemetry.SourceGenerator.IntegrationTests\Snapshots
  Delete:
    - TelemetrySourceGeneratorLoggingTests.Generate_GivenMethodWithGenerics_RaisesDiagnostics_GuNZL4JIw_h5tWr-PyzmqtRbqJhDR5bTXFZWhDl_s-Y.verified.txt
  Equal:
    - Received: TelemetrySourceGeneratorLoggingTests.Generate_GivenMethodWithGenerics_RaisesDiagnostics_GuNZL4JIw_h5tWr-PyzmqtRbqJhDR5bTXFZWhDl_s-Y#ActivityAttribute.g.received.cs
      Verified: TelemetrySourceGeneratorLoggingTests.Generate_GivenMethodWithGenerics_RaisesDiagnostics_GuNZL4JIw_h5tWr-PyzmqtRbqJhDR5bTXFZWhDl_s-Y#ActivityAttribute.g.verified.cs
    - Received: TelemetrySourceGeneratorLoggingTests.Generate_GivenMethodWithGenerics_RaisesDiagnostics_GuNZL4JIw_h5tWr-PyzmqtRbqJhDR5bTXFZWhDl_s-Y#ActivitySourceAttribute.g.received.cs
      Verified: TelemetrySourceGeneratorLoggingTests.Generate_GivenMethodWithGenerics_RaisesDiagnostics_GuNZL4JIw_h5tWr-PyzmqtRbqJhDR5bTXFZWhDl_s-Y#ActivitySourceAttribute.g.verified.cs
    - Received: TelemetrySourceGeneratorLoggingTests.Generate_GivenMethodWithGenerics_RaisesDiagnostics_GuNZL4JIw_h5tWr-PyzmqtRbqJhDR5bTXFZWhDl_s-Y#ActivitySourceGenerationAttribute.g.received.cs
      Verified: TelemetrySourceGeneratorLoggingTests.Generate_GivenMethodWithGenerics_RaisesDiagnostics_GuNZL4JIw_h5tWr-PyzmqtRbqJhDR5bTXFZWhDl_s-Y#ActivitySourceGenerationAttribute.g.verified.cs
    - Received: TelemetrySourceGeneratorLoggingTests.Generate_GivenMethodWithGenerics_RaisesDiagnostics_GuNZL4JIw_h5tWr-PyzmqtRbqJhDR5bTXFZWhDl_s-Y#AutoCounterAttribute.g.received.cs
      Verified: TelemetrySourceGeneratorLoggingTests.Generate_GivenMethodWithGenerics_RaisesDiagnostics_GuNZL4JIw_h5tWr-PyzmqtRbqJhDR5bTXFZWhDl_s-Y#AutoCounterAttribute.g.verified.cs
    - Received: TelemetrySourceGeneratorLoggingTests.Generate_GivenMethodWithGenerics_RaisesDiagnostics_GuNZL4JIw_h5tWr-PyzmqtRbqJhDR5bTXFZWhDl_s-Y#BaggageAttribute.g.received.cs
      Verified: TelemetrySourceGeneratorLoggingTests.Generate_GivenMethodWithGenerics_RaisesDiagnostics_GuNZL4JIw_h5tWr-PyzmqtRbqJhDR5bTXFZWhDl_s-Y#BaggageAttribute.g.verified.cs
    - Received: TelemetrySourceGeneratorLoggingTests.Generate_GivenMethodWithGenerics_RaisesDiagnostics_GuNZL4JIw_h5tWr-PyzmqtRbqJhDR5bTXFZWhDl_s-Y#ContextAttribute.g.received.cs
      Verified: TelemetrySourceGeneratorLoggingTests.Generate_GivenMethodWithGenerics_RaisesDiagnostics_GuNZL4JIw_h5tWr-PyzmqtRbqJhDR5bTXFZWhDl_s-Y#ContextAttribute.g.verified.cs
    - Received: TelemetrySourceGeneratorLoggingTests.Generate_GivenMethodWithGenerics_RaisesDiagnostics_GuNZL4JIw_h5tWr-PyzmqtRbqJhDR5bTXFZWhDl_s-Y#CounterAttribute.g.received.cs
      Verified: TelemetrySourceGeneratorLoggingTests.Generate_GivenMethodWithGenerics_RaisesDiagnostics_GuNZL4JIw_h5tWr-PyzmqtRbqJhDR5bTXFZWhDl_s-Y#CounterAttribute.g.verified.cs
    - Received: TelemetrySourceGeneratorLoggingTests.Generate_GivenMethodWithGenerics_RaisesDiagnostics_GuNZL4JIw_h5tWr-PyzmqtRbqJhDR5bTXFZWhDl_s-Y#CriticalAttribute.g.received.cs
      Verified: TelemetrySourceGeneratorLoggingTests.Generate_GivenMethodWithGenerics_RaisesDiagnostics_GuNZL4JIw_h5tWr-PyzmqtRbqJhDR5bTXFZWhDl_s-Y#CriticalAttribute.g.verified.cs
    - Received: TelemetrySourceGeneratorLoggingTests.Generate_GivenMethodWithGenerics_RaisesDiagnostics_GuNZL4JIw_h5tWr-PyzmqtRbqJhDR5bTXFZWhDl_s-Y#DebugAttribute.g.received.cs
      Verified: TelemetrySourceGeneratorLoggingTests.Generate_GivenMethodWithGenerics_RaisesDiagnostics_GuNZL4JIw_h5tWr-PyzmqtRbqJhDR5bTXFZWhDl_s-Y#DebugAttribute.g.verified.cs
    - Received: TelemetrySourceGeneratorLoggingTests.Generate_GivenMethodWithGenerics_RaisesDiagnostics_GuNZL4JIw_h5tWr-PyzmqtRbqJhDR5bTXFZWhDl_s-Y#ErrorAttribute.g.received.cs
      Verified: TelemetrySourceGeneratorLoggingTests.Generate_GivenMethodWithGenerics_RaisesDiagnostics_GuNZL4JIw_h5tWr-PyzmqtRbqJhDR5bTXFZWhDl_s-Y#ErrorAttribute.g.verified.cs
    - Received: TelemetrySourceGeneratorLoggingTests.Generate_GivenMethodWithGenerics_RaisesDiagnostics_GuNZL4JIw_h5tWr-PyzmqtRbqJhDR5bTXFZWhDl_s-Y#EscapeAttribute.g.received.cs
      Verified: TelemetrySourceGeneratorLoggingTests.Generate_GivenMethodWithGenerics_RaisesDiagnostics_GuNZL4JIw_h5tWr-PyzmqtRbqJhDR5bTXFZWhDl_s-Y#EscapeAttribute.g.verified.cs
    - Received: TelemetrySourceGeneratorLoggingTests.Generate_GivenMethodWithGenerics_RaisesDiagnostics_GuNZL4JIw_h5tWr-PyzmqtRbqJhDR5bTXFZWhDl_s-Y#EventAttribute.g.received.cs
      Verified: TelemetrySourceGeneratorLoggingTests.Generate_GivenMethodWithGenerics_RaisesDiagnostics_GuNZL4JIw_h5tWr-PyzmqtRbqJhDR5bTXFZWhDl_s-Y#EventAttribute.g.verified.cs
    - Received: TelemetrySourceGeneratorLoggingTests.Generate_GivenMethodWithGenerics_RaisesDiagnostics_GuNZL4JIw_h5tWr-PyzmqtRbqJhDR5bTXFZWhDl_s-Y#ExcludeAttribute.g.received.cs
      Verified: TelemetrySourceGeneratorLoggingTests.Generate_GivenMethodWithGenerics_RaisesDiagnostics_GuNZL4JIw_h5tWr-PyzmqtRbqJhDR5bTXFZWhDl_s-Y#ExcludeAttribute.g.verified.cs
    - Received: TelemetrySourceGeneratorLoggingTests.Generate_GivenMethodWithGenerics_RaisesDiagnostics_GuNZL4JIw_h5tWr-PyzmqtRbqJhDR5bTXFZWhDl_s-Y#ExcludeTargetsAttribute.g.received.cs
      Verified: TelemetrySourceGeneratorLoggingTests.Generate_GivenMethodWithGenerics_RaisesDiagnostics_GuNZL4JIw_h5tWr-PyzmqtRbqJhDR5bTXFZWhDl_s-Y#ExcludeTargetsAttribute.g.verified.cs
    - Received: TelemetrySourceGeneratorLoggingTests.Generate_GivenMethodWithGenerics_RaisesDiagnostics_GuNZL4JIw_h5tWr-PyzmqtRbqJhDR5bTXFZWhDl_s-Y#ExpandEnumerableAttribute.g.received.cs
      Verified: TelemetrySourceGeneratorLoggingTests.Generate_GivenMethodWithGenerics_RaisesDiagnostics_GuNZL4JIw_h5tWr-PyzmqtRbqJhDR5bTXFZWhDl_s-Y#ExpandEnumerableAttribute.g.verified.cs
    - Received: TelemetrySourceGeneratorLoggingTests.Generate_GivenMethodWithGenerics_RaisesDiagnostics_GuNZL4JIw_h5tWr-PyzmqtRbqJhDR5bTXFZWhDl_s-Y#HistogramAttribute.g.received.cs
      Verified: TelemetrySourceGeneratorLoggingTests.Generate_GivenMethodWithGenerics_RaisesDiagnostics_GuNZL4JIw_h5tWr-PyzmqtRbqJhDR5bTXFZWhDl_s-Y#HistogramAttribute.g.verified.cs
    - Received: TelemetrySourceGeneratorLoggingTests.Generate_GivenMethodWithGenerics_RaisesDiagnostics_GuNZL4JIw_h5tWr-PyzmqtRbqJhDR5bTXFZWhDl_s-Y#InfoAttribute.g.received.cs
      Verified: TelemetrySourceGeneratorLoggingTests.Generate_GivenMethodWithGenerics_RaisesDiagnostics_GuNZL4JIw_h5tWr-PyzmqtRbqJhDR5bTXFZWhDl_s-Y#InfoAttribute.g.verified.cs
    - Received: TelemetrySourceGeneratorLoggingTests.Generate_GivenMethodWithGenerics_RaisesDiagnostics_GuNZL4JIw_h5tWr-PyzmqtRbqJhDR5bTXFZWhDl_s-Y#InstrumentMeasurementAttribute.g.received.cs
      Verified: TelemetrySourceGeneratorLoggingTests.Generate_GivenMethodWithGenerics_RaisesDiagnostics_GuNZL4JIw_h5tWr-PyzmqtRbqJhDR5bTXFZWhDl_s-Y#InstrumentMeasurementAttribute.g.verified.cs
    - Received: TelemetrySourceGeneratorLoggingTests.Generate_GivenMethodWithGenerics_RaisesDiagnostics_GuNZL4JIw_h5tWr-PyzmqtRbqJhDR5bTXFZWhDl_s-Y#LogAttribute.g.received.cs
      Verified: TelemetrySourceGeneratorLoggingTests.Generate_GivenMethodWithGenerics_RaisesDiagnostics_GuNZL4JIw_h5tWr-PyzmqtRbqJhDR5bTXFZWhDl_s-Y#LogAttribute.g.verified.cs
    - Received: TelemetrySourceGeneratorLoggingTests.Generate_GivenMethodWithGenerics_RaisesDiagnostics_GuNZL4JIw_h5tWr-PyzmqtRbqJhDR5bTXFZWhDl_s-Y#LoggerAttribute.g.received.cs
      Verified: TelemetrySourceGeneratorLoggingTests.Generate_GivenMethodWithGenerics_RaisesDiagnostics_GuNZL4JIw_h5tWr-PyzmqtRbqJhDR5bTXFZWhDl_s-Y#LoggerAttribute.g.verified.cs
    - Received: TelemetrySourceGeneratorLoggingTests.Generate_GivenMethodWithGenerics_RaisesDiagnostics_GuNZL4JIw_h5tWr-PyzmqtRbqJhDR5bTXFZWhDl_s-Y#LoggerGenerationAttribute.g.received.cs
      Verified: TelemetrySourceGeneratorLoggingTests.Generate_GivenMethodWithGenerics_RaisesDiagnostics_GuNZL4JIw_h5tWr-PyzmqtRbqJhDR5bTXFZWhDl_s-Y#LoggerGenerationAttribute.g.verified.cs
    - Received: TelemetrySourceGeneratorLoggingTests.Generate_GivenMethodWithGenerics_RaisesDiagnostics_GuNZL4JIw_h5tWr-PyzmqtRbqJhDR5bTXFZWhDl_s-Y#LoggerGenerationMode.g.received.cs
      Verified: TelemetrySourceGeneratorLoggingTests.Generate_GivenMethodWithGenerics_RaisesDiagnostics_GuNZL4JIw_h5tWr-PyzmqtRbqJhDR5bTXFZWhDl_s-Y#LoggerGenerationMode.g.verified.cs
    - Received: TelemetrySourceGeneratorLoggingTests.Generate_GivenMethodWithGenerics_RaisesDiagnostics_GuNZL4JIw_h5tWr-PyzmqtRbqJhDR5bTXFZWhDl_s-Y#LogPrefixType.g.received.cs
      Verified: TelemetrySourceGeneratorLoggingTests.Generate_GivenMethodWithGenerics_RaisesDiagnostics_GuNZL4JIw_h5tWr-PyzmqtRbqJhDR5bTXFZWhDl_s-Y#LogPrefixType.g.verified.cs
    - Received: TelemetrySourceGeneratorLoggingTests.Generate_GivenMethodWithGenerics_RaisesDiagnostics_GuNZL4JIw_h5tWr-PyzmqtRbqJhDR5bTXFZWhDl_s-Y#MeterAttribute.g.received.cs
      Verified: TelemetrySourceGeneratorLoggingTests.Generate_GivenMethodWithGenerics_RaisesDiagnostics_GuNZL4JIw_h5tWr-PyzmqtRbqJhDR5bTXFZWhDl_s-Y#MeterAttribute.g.verified.cs
    - Received: TelemetrySourceGeneratorLoggingTests.Generate_GivenMethodWithGenerics_RaisesDiagnostics_GuNZL4JIw_h5tWr-PyzmqtRbqJhDR5bTXFZWhDl_s-Y#MeterGenerationAttribute.g.received.cs
      Verified: TelemetrySourceGeneratorLoggingTests.Generate_GivenMethodWithGenerics_RaisesDiagnostics_GuNZL4JIw_h5tWr-PyzmqtRbqJhDR5bTXFZWhDl_s-Y#MeterGenerationAttribute.g.verified.cs
    - Received: TelemetrySourceGeneratorLoggingTests.Generate_GivenMethodWithGenerics_RaisesDiagnostics_GuNZL4JIw_h5tWr-PyzmqtRbqJhDR5bTXFZWhDl_s-Y#MeterNameGenerationType.g.received.cs
      Verified: TelemetrySourceGeneratorLoggingTests.Generate_GivenMethodWithGenerics_RaisesDiagnostics_GuNZL4JIw_h5tWr-PyzmqtRbqJhDR5bTXFZWhDl_s-Y#MeterNameGenerationType.g.verified.cs
    - Received: TelemetrySourceGeneratorLoggingTests.Generate_GivenMethodWithGenerics_RaisesDiagnostics_GuNZL4JIw_h5tWr-PyzmqtRbqJhDR5bTXFZWhDl_s-Y#NamingConvention.g.received.cs
      Verified: TelemetrySourceGeneratorLoggingTests.Generate_GivenMethodWithGenerics_RaisesDiagnostics_GuNZL4JIw_h5tWr-PyzmqtRbqJhDR5bTXFZWhDl_s-Y#NamingConvention.g.verified.cs
    - Received: TelemetrySourceGeneratorLoggingTests.Generate_GivenMethodWithGenerics_RaisesDiagnostics_GuNZL4JIw_h5tWr-PyzmqtRbqJhDR5bTXFZWhDl_s-Y#ObservableCounterAttribute.g.received.cs
      Verified: TelemetrySourceGeneratorLoggingTests.Generate_GivenMethodWithGenerics_RaisesDiagnostics_GuNZL4JIw_h5tWr-PyzmqtRbqJhDR5bTXFZWhDl_s-Y#ObservableCounterAttribute.g.verified.cs
    - Received: TelemetrySourceGeneratorLoggingTests.Generate_GivenMethodWithGenerics_RaisesDiagnostics_GuNZL4JIw_h5tWr-PyzmqtRbqJhDR5bTXFZWhDl_s-Y#ObservableGaugeAttribute.g.received.cs
      Verified: TelemetrySourceGeneratorLoggingTests.Generate_GivenMethodWithGenerics_RaisesDiagnostics_GuNZL4JIw_h5tWr-PyzmqtRbqJhDR5bTXFZWhDl_s-Y#ObservableGaugeAttribute.g.verified.cs
    - Received: TelemetrySourceGeneratorLoggingTests.Generate_GivenMethodWithGenerics_RaisesDiagnostics_GuNZL4JIw_h5tWr-PyzmqtRbqJhDR5bTXFZWhDl_s-Y#ObservableUpDownCounterAttribute.g.received.cs
      Verified: TelemetrySourceGeneratorLoggingTests.Generate_GivenMethodWithGenerics_RaisesDiagnostics_GuNZL4JIw_h5tWr-PyzmqtRbqJhDR5bTXFZWhDl_s-Y#ObservableUpDownCounterAttribute.g.verified.cs
    - Received: TelemetrySourceGeneratorLoggingTests.Generate_GivenMethodWithGenerics_RaisesDiagnostics_GuNZL4JIw_h5tWr-PyzmqtRbqJhDR5bTXFZWhDl_s-Y#StatusDescriptionAttribute.g.received.cs
      Verified: TelemetrySourceGeneratorLoggingTests.Generate_GivenMethodWithGenerics_RaisesDiagnostics_GuNZL4JIw_h5tWr-PyzmqtRbqJhDR5bTXFZWhDl_s-Y#StatusDescriptionAttribute.g.verified.cs
    - Received: TelemetrySourceGeneratorLoggingTests.Generate_GivenMethodWithGenerics_RaisesDiagnostics_GuNZL4JIw_h5tWr-PyzmqtRbqJhDR5bTXFZWhDl_s-Y#TagAttribute.g.received.cs
      Verified: TelemetrySourceGeneratorLoggingTests.Generate_GivenMethodWithGenerics_RaisesDiagnostics_GuNZL4JIw_h5tWr-PyzmqtRbqJhDR5bTXFZWhDl_s-Y#TagAttribute.g.verified.cs
    - Received: TelemetrySourceGeneratorLoggingTests.Generate_GivenMethodWithGenerics_RaisesDiagnostics_GuNZL4JIw_h5tWr-PyzmqtRbqJhDR5bTXFZWhDl_s-Y#Targets.g.received.cs
      Verified: TelemetrySourceGeneratorLoggingTests.Generate_GivenMethodWithGenerics_RaisesDiagnostics_GuNZL4JIw_h5tWr-PyzmqtRbqJhDR5bTXFZWhDl_s-Y#Targets.g.verified.cs
    - Received: TelemetrySourceGeneratorLoggingTests.Generate_GivenMethodWithGenerics_RaisesDiagnostics_GuNZL4JIw_h5tWr-PyzmqtRbqJhDR5bTXFZWhDl_s-Y#TelemetryGenerationAttribute.g.received.cs
      Verified: TelemetrySourceGeneratorLoggingTests.Generate_GivenMethodWithGenerics_RaisesDiagnostics_GuNZL4JIw_h5tWr-PyzmqtRbqJhDR5bTXFZWhDl_s-Y#TelemetryGenerationAttribute.g.verified.cs
    - Received: TelemetrySourceGeneratorLoggingTests.Generate_GivenMethodWithGenerics_RaisesDiagnostics_GuNZL4JIw_h5tWr-PyzmqtRbqJhDR5bTXFZWhDl_s-Y#TraceAttribute.g.received.cs
      Verified: TelemetrySourceGeneratorLoggingTests.Generate_GivenMethodWithGenerics_RaisesDiagnostics_GuNZL4JIw_h5tWr-PyzmqtRbqJhDR5bTXFZWhDl_s-Y#TraceAttribute.g.verified.cs
    - Received: TelemetrySourceGeneratorLoggingTests.Generate_GivenMethodWithGenerics_RaisesDiagnostics_GuNZL4JIw_h5tWr-PyzmqtRbqJhDR5bTXFZWhDl_s-Y#UpDownCounterAttribute.g.received.cs
      Verified: TelemetrySourceGeneratorLoggingTests.Generate_GivenMethodWithGenerics_RaisesDiagnostics_GuNZL4JIw_h5tWr-PyzmqtRbqJhDR5bTXFZWhDl_s-Y#UpDownCounterAttribute.g.verified.cs
    - Received: TelemetrySourceGeneratorLoggingTests.Generate_GivenMethodWithGenerics_RaisesDiagnostics_GuNZL4JIw_h5tWr-PyzmqtRbqJhDR5bTXFZWhDl_s-Y#WarningAttribute.g.received.cs
      Verified: TelemetrySourceGeneratorLoggingTests.Generate_GivenMethodWithGenerics_RaisesDiagnostics_GuNZL4JIw_h5tWr-PyzmqtRbqJhDR5bTXFZWhDl_s-Y#WarningAttribute.g.verified.cs
  
  Standard output
    DBG: --- Adding templates.
    DBG: Adding ActivitySourceGenerationAttribute as ActivitySourceGenerationAttribute.g.cs.
    DBG: Adding ActivitySourceAttribute as ActivitySourceAttribute.g.cs.
    DBG: Adding ActivityAttribute as ActivityAttribute.g.cs.
    DBG: Adding EventAttribute as EventAttribute.g.cs.
    DBG: Adding ContextAttribute as ContextAttribute.g.cs.
    DBG: Adding BaggageAttribute as BaggageAttribute.g.cs.
    DBG: Adding EscapeAttribute as EscapeAttribute.g.cs.
    DBG: Adding StatusDescriptionAttribute as StatusDescriptionAttribute.g.cs.
    DBG: Adding LoggerGenerationAttribute as LoggerGenerationAttribute.g.cs.
    DBG: Adding LoggerAttribute as LoggerAttribute.g.cs.
    DBG: Adding LogAttribute as LogAttribute.g.cs.
    DBG: Adding LogPrefixType as LogPrefixType.g.cs.
    DBG: Adding LoggerGenerationMode as LoggerGenerationMode.g.cs.
    DBG: Adding ExpandEnumerableAttribute as ExpandEnumerableAttribute.g.cs.
    DBG: Adding TraceAttribute as TraceAttribute.g.cs.
    DBG: Adding DebugAttribute as DebugAttribute.g.cs.
    DBG: Adding InfoAttribute as InfoAttribute.g.cs.
    DBG: Adding WarningAttribute as WarningAttribute.g.cs.
    DBG: Adding ErrorAttribute as ErrorAttribute.g.cs.
    DBG: Adding CriticalAttribute as CriticalAttribute.g.cs.
    DBG: Adding MeterGenerationAttribute as MeterGenerationAttribute.g.cs.
    DBG: Adding MeterAttribute as MeterAttribute.g.cs.
    DBG: Adding MeterNameGenerationType as MeterNameGenerationType.g.cs.
    DBG: Adding InstrumentMeasurementAttribute as InstrumentMeasurementAttribute.g.cs.
    DBG: Adding AutoCounterAttribute as AutoCounterAttribute.g.cs.
    DBG: Adding CounterAttribute as CounterAttribute.g.cs.
    DBG: Adding UpDownCounterAttribute as UpDownCounterAttribute.g.cs.
    DBG: Adding HistogramAttribute as HistogramAttribute.g.cs.
    DBG: Adding ObservableCounterAttribute as ObservableCounterAttribute.g.cs.
    DBG: Adding ObservableGaugeAttribute as ObservableGaugeAttribute.g.cs.
    DBG: Adding ObservableUpDownCounterAttribute as ObservableUpDownCounterAttribute.g.cs.
    DBG: Adding TagAttribute as TagAttribute.g.cs.
    DBG: Adding ExcludeAttribute as ExcludeAttribute.g.cs.
    DBG: Adding TelemetryGenerationAttribute as TelemetryGenerationAttribute.g.cs.
    DBG: Adding Targets as Targets.g.cs.
    DBG: Adding NamingConvention as NamingConvention.g.cs.
    DBG: Adding ExcludeTargetsAttribute as ExcludeTargetsAttribute.g.cs.
    DBG: --- Finished adding templates.
    DIA: Cannot generate a Logger target for a generic interface '[Logger] public interface ITestLogger<T0, T1, T2, T3, T4> { void LogEntryWithGenericTypeParam(); }'.
    
  Error output
failed Generate_GivenMethodWithGenerics_RaisesDiagnostics(2) (3s 600ms)
  [Test Failure] VerifyException: Directory: P:\GitHub\kjldev\purview-telemetry-sourcegenerator\src\Purview.Telemetry.SourceGenerator.IntegrationTests\Snapshots
Delete:
  - TelemetrySourceGeneratorMetricsTests.Generate_GivenMethodWithGenerics_RaisesDiagnostics_A4lm3p9rmpAbILTGyosqRgCf7r4DG6vIQtQ2kMC8Iis#Purview.Telemetry.SourceGenerator.TelemetryNames.g.verified.cs
  - TelemetrySourceGeneratorMetricsTests.Generate_GivenMethodWithGenerics_RaisesDiagnostics_A4lm3p9rmpAbILTGyosqRgCf7r4DG6vIQtQ2kMC8Iis.verified.txt
Equal:
  - Received: TelemetrySourceGeneratorMetricsTests.Generate_GivenMethodWithGenerics_RaisesDiagnostics_A4lm3p9rmpAbILTGyosqRgCf7r4DG6vIQtQ2kMC8Iis#ActivityAttribute.g.received.cs
    Verified: TelemetrySourceGeneratorMetricsTests.Generate_GivenMethodWithGenerics_RaisesDiagnostics_A4lm3p9rmpAbILTGyosqRgCf7r4DG6vIQtQ2kMC8Iis#ActivityAttribute.g.verified.cs
  - Received: TelemetrySourceGeneratorMetricsTests.Generate_GivenMethodWithGenerics_RaisesDiagnostics_A4lm3p9rmpAbILTGyosqRgCf7r4DG6vIQtQ2kMC8Iis#ActivitySourceAttribute.g.received.cs
    Verified: TelemetrySourceGeneratorMetricsTests.Generate_GivenMethodWithGenerics_RaisesDiagnostics_A4lm3p9rmpAbILTGyosqRgCf7r4DG6vIQtQ2kMC8Iis#ActivitySourceAttribute.g.verified.cs
  - Received: TelemetrySourceGeneratorMetricsTests.Generate_GivenMethodWithGenerics_RaisesDiagnostics_A4lm3p9rmpAbILTGyosqRgCf7r4DG6vIQtQ2kMC8Iis#ActivitySourceGenerationAttribute.g.received.cs
    Verified: TelemetrySourceGeneratorMetricsTests.Generate_GivenMethodWithGenerics_RaisesDiagnostics_A4lm3p9rmpAbILTGyosqRgCf7r4DG6vIQtQ2kMC8Iis#ActivitySourceGenerationAttribute.g.verified.cs
  - Received: TelemetrySourceGeneratorMetricsTests.Generate_GivenMethodWithGenerics_RaisesDiagnostics_A4lm3p9rmpAbILTGyosqRgCf7r4DG6vIQtQ2kMC8Iis#AutoCounterAttribute.g.received.cs
    Verified: TelemetrySourceGeneratorMetricsTests.Generate_GivenMethodWithGenerics_RaisesDiagnostics_A4lm3p9rmpAbILTGyosqRgCf7r4DG6vIQtQ2kMC8Iis#AutoCounterAttribute.g.verified.cs
  - Received: TelemetrySourceGeneratorMetricsTests.Generate_GivenMethodWithGenerics_RaisesDiagnostics_A4lm3p9rmpAbILTGyosqRgCf7r4DG6vIQtQ2kMC8Iis#BaggageAttribute.g.received.cs
    Verified: TelemetrySourceGeneratorMetricsTests.Generate_GivenMethodWithGenerics_RaisesDiagnostics_A4lm3p9rmpAbILTGyosqRgCf7r4DG6vIQtQ2kMC8Iis#BaggageAttribute.g.verified.cs
  - Received: TelemetrySourceGeneratorMetricsTests.Generate_GivenMethodWithGenerics_RaisesDiagnostics_A4lm3p9rmpAbILTGyosqRgCf7r4DG6vIQtQ2kMC8Iis#ContextAttribute.g.received.cs
    Verified: TelemetrySourceGeneratorMetricsTests.Generate_GivenMethodWithGenerics_RaisesDiagnostics_A4lm3p9rmpAbILTGyosqRgCf7r4DG6vIQtQ2kMC8Iis#ContextAttribute.g.verified.cs
  - Received: TelemetrySourceGeneratorMetricsTests.Generate_GivenMethodWithGenerics_RaisesDiagnostics_A4lm3p9rmpAbILTGyosqRgCf7r4DG6vIQtQ2kMC8Iis#CounterAttribute.g.received.cs
    Verified: TelemetrySourceGeneratorMetricsTests.Generate_GivenMethodWithGenerics_RaisesDiagnostics_A4lm3p9rmpAbILTGyosqRgCf7r4DG6vIQtQ2kMC8Iis#CounterAttribute.g.verified.cs
  - Received: TelemetrySourceGeneratorMetricsTests.Generate_GivenMethodWithGenerics_RaisesDiagnostics_A4lm3p9rmpAbILTGyosqRgCf7r4DG6vIQtQ2kMC8Iis#CriticalAttribute.g.received.cs
    Verified: TelemetrySourceGeneratorMetricsTests.Generate_GivenMethodWithGenerics_RaisesDiagnostics_A4lm3p9rmpAbILTGyosqRgCf7r4DG6vIQtQ2kMC8Iis#CriticalAttribute.g.verified.cs
  - Received: TelemetrySourceGeneratorMetricsTests.Generate_GivenMethodWithGenerics_RaisesDiagnostics_A4lm3p9rmpAbILTGyosqRgCf7r4DG6vIQtQ2kMC8Iis#DebugAttribute.g.received.cs
    Verified: TelemetrySourceGeneratorMetricsTests.Generate_GivenMethodWithGenerics_RaisesDiagnostics_A4lm3p9rmpAbILTGyosqRgCf7r4DG6vIQtQ2kMC8Iis#DebugAttribute.g.verified.cs
  - Received: TelemetrySourceGeneratorMetricsTests.Generate_GivenMethodWithGenerics_RaisesDiagnostics_A4lm3p9rmpAbILTGyosqRgCf7r4DG6vIQtQ2kMC8Iis#ErrorAttribute.g.received.cs
    Verified: TelemetrySourceGeneratorMetricsTests.Generate_GivenMethodWithGenerics_RaisesDiagnostics_A4lm3p9rmpAbILTGyosqRgCf7r4DG6vIQtQ2kMC8Iis#ErrorAttribute.g.verified.cs
  - Received: TelemetrySourceGeneratorMetricsTests.Generate_GivenMethodWithGenerics_RaisesDiagnostics_A4lm3p9rmpAbILTGyosqRgCf7r4DG6vIQtQ2kMC8Iis#EscapeAttribute.g.received.cs
    Verified: TelemetrySourceGeneratorMetricsTests.Generate_GivenMethodWithGenerics_RaisesDiagnostics_A4lm3p9rmpAbILTGyosqRgCf7r4DG6vIQtQ2kMC8Iis#EscapeAttribute.g.verified.cs
  - Received: TelemetrySourceGeneratorMetricsTests.Generate_GivenMethodWithGenerics_RaisesDiagnostics_A4lm3p9rmpAbILTGyosqRgCf7r4DG6vIQtQ2kMC8Iis#EventAttribute.g.received.cs
    Verified: TelemetrySourceGeneratorMetricsTests.Generate_GivenMethodWithGenerics_RaisesDiagnostics_A4lm3p9rmpAbILTGyosqRgCf7r4DG6vIQtQ2kMC8Iis#EventAttribute.g.verified.cs
  - Received: TelemetrySourceGeneratorMetricsTests.Generate_GivenMethodWithGenerics_RaisesDiagnostics_A4lm3p9rmpAbILTGyosqRgCf7r4DG6vIQtQ2kMC8Iis#ExcludeAttribute.g.received.cs
    Verified: TelemetrySourceGeneratorMetricsTests.Generate_GivenMethodWithGenerics_RaisesDiagnostics_A4lm3p9rmpAbILTGyosqRgCf7r4DG6vIQtQ2kMC8Iis#ExcludeAttribute.g.verified.cs
  - Received: TelemetrySourceGeneratorMetricsTests.Generate_GivenMethodWithGenerics_RaisesDiagnostics_A4lm3p9rmpAbILTGyosqRgCf7r4DG6vIQtQ2kMC8Iis#ExcludeTargetsAttribute.g.received.cs
    Verified: TelemetrySourceGeneratorMetricsTests.Generate_GivenMethodWithGenerics_RaisesDiagnostics_A4lm3p9rmpAbILTGyosqRgCf7r4DG6vIQtQ2kMC8Iis#ExcludeTargetsAttribute.g.verified.cs
  - Received: TelemetrySourceGeneratorMetricsTests.Generate_GivenMethodWithGenerics_RaisesDiagnostics_A4lm3p9rmpAbILTGyosqRgCf7r4DG6vIQtQ2kMC8Iis#ExpandEnumerableAttribute.g.received.cs
    Verified: TelemetrySourceGeneratorMetricsTests.Generate_GivenMethodWithGenerics_RaisesDiagnostics_A4lm3p9rmpAbILTGyosqRgCf7r4DG6vIQtQ2kMC8Iis#ExpandEnumerableAttribute.g.verified.cs
  - Received: TelemetrySourceGeneratorMetricsTests.Generate_GivenMethodWithGenerics_RaisesDiagnostics_A4lm3p9rmpAbILTGyosqRgCf7r4DG6vIQtQ2kMC8Iis#HistogramAttribute.g.received.cs
    Verified: TelemetrySourceGeneratorMetricsTests.Generate_GivenMethodWithGenerics_RaisesDiagnostics_A4lm3p9rmpAbILTGyosqRgCf7r4DG6vIQtQ2kMC8Iis#HistogramAttribute.g.verified.cs
  - Received: TelemetrySourceGeneratorMetricsTests.Generate_GivenMethodWithGenerics_RaisesDiagnostics_A4lm3p9rmpAbILTGyosqRgCf7r4DG6vIQtQ2kMC8Iis#InfoAttribute.g.received.cs
    Verified: TelemetrySourceGeneratorMetricsTests.Generate_GivenMethodWithGenerics_RaisesDiagnostics_A4lm3p9rmpAbILTGyosqRgCf7r4DG6vIQtQ2kMC8Iis#InfoAttribute.g.verified.cs
  - Received: TelemetrySourceGeneratorMetricsTests.Generate_GivenMethodWithGenerics_RaisesDiagnostics_A4lm3p9rmpAbILTGyosqRgCf7r4DG6vIQtQ2kMC8Iis#InstrumentMeasurementAttribute.g.received.cs
    Verified: TelemetrySourceGeneratorMetricsTests.Generate_GivenMethodWithGenerics_RaisesDiagnostics_A4lm3p9rmpAbILTGyosqRgCf7r4DG6vIQtQ2kMC8Iis#InstrumentMeasurementAttribute.g.verified.cs
  - Received: TelemetrySourceGeneratorMetricsTests.Generate_GivenMethodWithGenerics_RaisesDiagnostics_A4lm3p9rmpAbILTGyosqRgCf7r4DG6vIQtQ2kMC8Iis#LogAttribute.g.received.cs
    Verified: TelemetrySourceGeneratorMetricsTests.Generate_GivenMethodWithGenerics_RaisesDiagnostics_A4lm3p9rmpAbILTGyosqRgCf7r4DG6vIQtQ2kMC8Iis#LogAttribute.g.verified.cs
  - Received: TelemetrySourceGeneratorMetricsTests.Generate_GivenMethodWithGenerics_RaisesDiagnostics_A4lm3p9rmpAbILTGyosqRgCf7r4DG6vIQtQ2kMC8Iis#LoggerAttribute.g.received.cs
    Verified: TelemetrySourceGeneratorMetricsTests.Generate_GivenMethodWithGenerics_RaisesDiagnostics_A4lm3p9rmpAbILTGyosqRgCf7r4DG6vIQtQ2kMC8Iis#LoggerAttribute.g.verified.cs
  - Received: TelemetrySourceGeneratorMetricsTests.Generate_GivenMethodWithGenerics_RaisesDiagnostics_A4lm3p9rmpAbILTGyosqRgCf7r4DG6vIQtQ2kMC8Iis#LoggerGenerationAttribute.g.received.cs
    Verified: TelemetrySourceGeneratorMetricsTests.Generate_GivenMethodWithGenerics_RaisesDiagnostics_A4lm3p9rmpAbILTGyosqRgCf7r4DG6vIQtQ2kMC8Iis#LoggerGenerationAttribute.g.verified.cs
  - Received: TelemetrySourceGeneratorMetricsTests.Generate_GivenMethodWithGenerics_RaisesDiagnostics_A4lm3p9rmpAbILTGyosqRgCf7r4DG6vIQtQ2kMC8Iis#LoggerGenerationMode.g.received.cs
    Verified: TelemetrySourceGeneratorMetricsTests.Generate_GivenMethodWithGenerics_RaisesDiagnostics_A4lm3p9rmpAbILTGyosqRgCf7r4DG6vIQtQ2kMC8Iis#LoggerGenerationMode.g.verified.cs
  - Received: TelemetrySourceGeneratorMetricsTests.Generate_GivenMethodWithGenerics_RaisesDiagnostics_A4lm3p9rmpAbILTGyosqRgCf7r4DG6vIQtQ2kMC8Iis#LogPrefixType.g.received.cs
    Verified: TelemetrySourceGeneratorMetricsTests.Generate_GivenMethodWithGenerics_RaisesDiagnostics_A4lm3p9rmpAbILTGyosqRgCf7r4DG6vIQtQ2kMC8Iis#LogPrefixType.g.verified.cs
  - Received: TelemetrySourceGeneratorMetricsTests.Generate_GivenMethodWithGenerics_RaisesDiagnostics_A4lm3p9rmpAbILTGyosqRgCf7r4DG6vIQtQ2kMC8Iis#MeterAttribute.g.received.cs
    Verified: TelemetrySourceGeneratorMetricsTests.Generate_GivenMethodWithGenerics_RaisesDiagnostics_A4lm3p9rmpAbILTGyosqRgCf7r4DG6vIQtQ2kMC8Iis#MeterAttribute.g.verified.cs
  - Received: TelemetrySourceGeneratorMetricsTests.Generate_GivenMethodWithGenerics_RaisesDiagnostics_A4lm3p9rmpAbILTGyosqRgCf7r4DG6vIQtQ2kMC8Iis#MeterGenerationAttribute.g.received.cs
    Verified: TelemetrySourceGeneratorMetricsTests.Generate_GivenMethodWithGenerics_RaisesDiagnostics_A4lm3p9rmpAbILTGyosqRgCf7r4DG6vIQtQ2kMC8Iis#MeterGenerationAttribute.g.verified.cs
  - Received: TelemetrySourceGeneratorMetricsTests.Generate_GivenMethodWithGenerics_RaisesDiagnostics_A4lm3p9rmpAbILTGyosqRgCf7r4DG6vIQtQ2kMC8Iis#MeterNameGenerationType.g.received.cs
    Verified: TelemetrySourceGeneratorMetricsTests.Generate_GivenMethodWithGenerics_RaisesDiagnostics_A4lm3p9rmpAbILTGyosqRgCf7r4DG6vIQtQ2kMC8Iis#MeterNameGenerationType.g.verified.cs
  - Received: TelemetrySourceGeneratorMetricsTests.Generate_GivenMethodWithGenerics_RaisesDiagnostics_A4lm3p9rmpAbILTGyosqRgCf7r4DG6vIQtQ2kMC8Iis#NamingConvention.g.received.cs
    Verified: TelemetrySourceGeneratorMetricsTests.Generate_GivenMethodWithGenerics_RaisesDiagnostics_A4lm3p9rmpAbILTGyosqRgCf7r4DG6vIQtQ2kMC8Iis#NamingConvention.g.verified.cs
  - Received: TelemetrySourceGeneratorMetricsTests.Generate_GivenMethodWithGenerics_RaisesDiagnostics_A4lm3p9rmpAbILTGyosqRgCf7r4DG6vIQtQ2kMC8Iis#ObservableCounterAttribute.g.received.cs
    Verified: TelemetrySourceGeneratorMetricsTests.Generate_GivenMethodWithGenerics_RaisesDiagnostics_A4lm3p9rmpAbILTGyosqRgCf7r4DG6vIQtQ2kMC8Iis#ObservableCounterAttribute.g.verified.cs
  - Received: TelemetrySourceGeneratorMetricsTests.Generate_GivenMethodWithGenerics_RaisesDiagnostics_A4lm3p9rmpAbILTGyosqRgCf7r4DG6vIQtQ2kMC8Iis#ObservableGaugeAttribute.g.received.cs
    Verified: TelemetrySourceGeneratorMetricsTests.Generate_GivenMethodWithGenerics_RaisesDiagnostics_A4lm3p9rmpAbILTGyosqRgCf7r4DG6vIQtQ2kMC8Iis#ObservableGaugeAttribute.g.verified.cs
  - Received: TelemetrySourceGeneratorMetricsTests.Generate_GivenMethodWithGenerics_RaisesDiagnostics_A4lm3p9rmpAbILTGyosqRgCf7r4DG6vIQtQ2kMC8Iis#ObservableUpDownCounterAttribute.g.received.cs
    Verified: TelemetrySourceGeneratorMetricsTests.Generate_GivenMethodWithGenerics_RaisesDiagnostics_A4lm3p9rmpAbILTGyosqRgCf7r4DG6vIQtQ2kMC8Iis#ObservableUpDownCounterAttribute.g.verified.cs
  - Received: TelemetrySourceGeneratorMetricsTests.Generate_GivenMethodWithGenerics_RaisesDiagnostics_A4lm3p9rmpAbILTGyosqRgCf7r4DG6vIQtQ2kMC8Iis#StatusDescriptionAttribute.g.received.cs
    Verified: TelemetrySourceGeneratorMetricsTests.Generate_GivenMethodWithGenerics_RaisesDiagnostics_A4lm3p9rmpAbILTGyosqRgCf7r4DG6vIQtQ2kMC8Iis#StatusDescriptionAttribute.g.verified.cs
  - Received: TelemetrySourceGeneratorMetricsTests.Generate_GivenMethodWithGenerics_RaisesDiagnostics_A4lm3p9rmpAbILTGyosqRgCf7r4DG6vIQtQ2kMC8Iis#TagAttribute.g.received.cs
    Verified: TelemetrySourceGeneratorMetricsTests.Generate_GivenMethodWithGenerics_RaisesDiagnostics_A4lm3p9rmpAbILTGyosqRgCf7r4DG6vIQtQ2kMC8Iis#TagAttribute.g.verified.cs
  - Received: TelemetrySourceGeneratorMetricsTests.Generate_GivenMethodWithGenerics_RaisesDiagnostics_A4lm3p9rmpAbILTGyosqRgCf7r4DG6vIQtQ2kMC8Iis#Targets.g.received.cs
    Verified: TelemetrySourceGeneratorMetricsTests.Generate_GivenMethodWithGenerics_RaisesDiagnostics_A4lm3p9rmpAbILTGyosqRgCf7r4DG6vIQtQ2kMC8Iis#Targets.g.verified.cs
  - Received: TelemetrySourceGeneratorMetricsTests.Generate_GivenMethodWithGenerics_RaisesDiagnostics_A4lm3p9rmpAbILTGyosqRgCf7r4DG6vIQtQ2kMC8Iis#TelemetryGenerationAttribute.g.received.cs
    Verified: TelemetrySourceGeneratorMetricsTests.Generate_GivenMethodWithGenerics_RaisesDiagnostics_A4lm3p9rmpAbILTGyosqRgCf7r4DG6vIQtQ2kMC8Iis#TelemetryGenerationAttribute.g.verified.cs
  - Received: TelemetrySourceGeneratorMetricsTests.Generate_GivenMethodWithGenerics_RaisesDiagnostics_A4lm3p9rmpAbILTGyosqRgCf7r4DG6vIQtQ2kMC8Iis#TraceAttribute.g.received.cs
    Verified: TelemetrySourceGeneratorMetricsTests.Generate_GivenMethodWithGenerics_RaisesDiagnostics_A4lm3p9rmpAbILTGyosqRgCf7r4DG6vIQtQ2kMC8Iis#TraceAttribute.g.verified.cs
  - Received: TelemetrySourceGeneratorMetricsTests.Generate_GivenMethodWithGenerics_RaisesDiagnostics_A4lm3p9rmpAbILTGyosqRgCf7r4DG6vIQtQ2kMC8Iis#UpDownCounterAttribute.g.received.cs
    Verified: TelemetrySourceGeneratorMetricsTests.Generate_GivenMethodWithGenerics_RaisesDiagnostics_A4lm3p9rmpAbILTGyosqRgCf7r4DG6vIQtQ2kMC8Iis#UpDownCounterAttribute.g.verified.cs
  - Received: TelemetrySourceGeneratorMetricsTests.Generate_GivenMethodWithGenerics_RaisesDiagnostics_A4lm3p9rmpAbILTGyosqRgCf7r4DG6vIQtQ2kMC8Iis#WarningAttribute.g.received.cs
    Verified: TelemetrySourceGeneratorMetricsTests.Generate_GivenMethodWithGenerics_RaisesDiagnostics_A4lm3p9rmpAbILTGyosqRgCf7r4DG6vIQtQ2kMC8Iis#WarningAttribute.g.verified.cs

  from P:\GitHub\kjldev\purview-telemetry-sourcegenerator\src\Purview.Telemetry.SourceGenerator.IntegrationTests\bin\Release\net10.0\Purview.Telemetry.SourceGenerator.IntegrationTests.dll (net10.0|x64)
  TUnit.Engine.Exceptions.TestFailedException: [Test Failure] VerifyException: Directory: P:\GitHub\kjldev\purview-telemetry-sourcegenerator\src\Purview.Telemetry.SourceGenerator.IntegrationTests\Snapshots
  Delete:
    - TelemetrySourceGeneratorMetricsTests.Generate_GivenMethodWithGenerics_RaisesDiagnostics_A4lm3p9rmpAbILTGyosqRgCf7r4DG6vIQtQ2kMC8Iis#Purview.Telemetry.SourceGenerator.TelemetryNames.g.verified.cs
    - TelemetrySourceGeneratorMetricsTests.Generate_GivenMethodWithGenerics_RaisesDiagnostics_A4lm3p9rmpAbILTGyosqRgCf7r4DG6vIQtQ2kMC8Iis.verified.txt
  Equal:
    - Received: TelemetrySourceGeneratorMetricsTests.Generate_GivenMethodWithGenerics_RaisesDiagnostics_A4lm3p9rmpAbILTGyosqRgCf7r4DG6vIQtQ2kMC8Iis#ActivityAttribute.g.received.cs
      Verified: TelemetrySourceGeneratorMetricsTests.Generate_GivenMethodWithGenerics_RaisesDiagnostics_A4lm3p9rmpAbILTGyosqRgCf7r4DG6vIQtQ2kMC8Iis#ActivityAttribute.g.verified.cs
    - Received: TelemetrySourceGeneratorMetricsTests.Generate_GivenMethodWithGenerics_RaisesDiagnostics_A4lm3p9rmpAbILTGyosqRgCf7r4DG6vIQtQ2kMC8Iis#ActivitySourceAttribute.g.received.cs
      Verified: TelemetrySourceGeneratorMetricsTests.Generate_GivenMethodWithGenerics_RaisesDiagnostics_A4lm3p9rmpAbILTGyosqRgCf7r4DG6vIQtQ2kMC8Iis#ActivitySourceAttribute.g.verified.cs
    - Received: TelemetrySourceGeneratorMetricsTests.Generate_GivenMethodWithGenerics_RaisesDiagnostics_A4lm3p9rmpAbILTGyosqRgCf7r4DG6vIQtQ2kMC8Iis#ActivitySourceGenerationAttribute.g.received.cs
      Verified: TelemetrySourceGeneratorMetricsTests.Generate_GivenMethodWithGenerics_RaisesDiagnostics_A4lm3p9rmpAbILTGyosqRgCf7r4DG6vIQtQ2kMC8Iis#ActivitySourceGenerationAttribute.g.verified.cs
    - Received: TelemetrySourceGeneratorMetricsTests.Generate_GivenMethodWithGenerics_RaisesDiagnostics_A4lm3p9rmpAbILTGyosqRgCf7r4DG6vIQtQ2kMC8Iis#AutoCounterAttribute.g.received.cs
      Verified: TelemetrySourceGeneratorMetricsTests.Generate_GivenMethodWithGenerics_RaisesDiagnostics_A4lm3p9rmpAbILTGyosqRgCf7r4DG6vIQtQ2kMC8Iis#AutoCounterAttribute.g.verified.cs
    - Received: TelemetrySourceGeneratorMetricsTests.Generate_GivenMethodWithGenerics_RaisesDiagnostics_A4lm3p9rmpAbILTGyosqRgCf7r4DG6vIQtQ2kMC8Iis#BaggageAttribute.g.received.cs
      Verified: TelemetrySourceGeneratorMetricsTests.Generate_GivenMethodWithGenerics_RaisesDiagnostics_A4lm3p9rmpAbILTGyosqRgCf7r4DG6vIQtQ2kMC8Iis#BaggageAttribute.g.verified.cs
    - Received: TelemetrySourceGeneratorMetricsTests.Generate_GivenMethodWithGenerics_RaisesDiagnostics_A4lm3p9rmpAbILTGyosqRgCf7r4DG6vIQtQ2kMC8Iis#ContextAttribute.g.received.cs
      Verified: TelemetrySourceGeneratorMetricsTests.Generate_GivenMethodWithGenerics_RaisesDiagnostics_A4lm3p9rmpAbILTGyosqRgCf7r4DG6vIQtQ2kMC8Iis#ContextAttribute.g.verified.cs
    - Received: TelemetrySourceGeneratorMetricsTests.Generate_GivenMethodWithGenerics_RaisesDiagnostics_A4lm3p9rmpAbILTGyosqRgCf7r4DG6vIQtQ2kMC8Iis#CounterAttribute.g.received.cs
      Verified: TelemetrySourceGeneratorMetricsTests.Generate_GivenMethodWithGenerics_RaisesDiagnostics_A4lm3p9rmpAbILTGyosqRgCf7r4DG6vIQtQ2kMC8Iis#CounterAttribute.g.verified.cs
    - Received: TelemetrySourceGeneratorMetricsTests.Generate_GivenMethodWithGenerics_RaisesDiagnostics_A4lm3p9rmpAbILTGyosqRgCf7r4DG6vIQtQ2kMC8Iis#CriticalAttribute.g.received.cs
      Verified: TelemetrySourceGeneratorMetricsTests.Generate_GivenMethodWithGenerics_RaisesDiagnostics_A4lm3p9rmpAbILTGyosqRgCf7r4DG6vIQtQ2kMC8Iis#CriticalAttribute.g.verified.cs
    - Received: TelemetrySourceGeneratorMetricsTests.Generate_GivenMethodWithGenerics_RaisesDiagnostics_A4lm3p9rmpAbILTGyosqRgCf7r4DG6vIQtQ2kMC8Iis#DebugAttribute.g.received.cs
      Verified: TelemetrySourceGeneratorMetricsTests.Generate_GivenMethodWithGenerics_RaisesDiagnostics_A4lm3p9rmpAbILTGyosqRgCf7r4DG6vIQtQ2kMC8Iis#DebugAttribute.g.verified.cs
    - Received: TelemetrySourceGeneratorMetricsTests.Generate_GivenMethodWithGenerics_RaisesDiagnostics_A4lm3p9rmpAbILTGyosqRgCf7r4DG6vIQtQ2kMC8Iis#ErrorAttribute.g.received.cs
      Verified: TelemetrySourceGeneratorMetricsTests.Generate_GivenMethodWithGenerics_RaisesDiagnostics_A4lm3p9rmpAbILTGyosqRgCf7r4DG6vIQtQ2kMC8Iis#ErrorAttribute.g.verified.cs
    - Received: TelemetrySourceGeneratorMetricsTests.Generate_GivenMethodWithGenerics_RaisesDiagnostics_A4lm3p9rmpAbILTGyosqRgCf7r4DG6vIQtQ2kMC8Iis#EscapeAttribute.g.received.cs
      Verified: TelemetrySourceGeneratorMetricsTests.Generate_GivenMethodWithGenerics_RaisesDiagnostics_A4lm3p9rmpAbILTGyosqRgCf7r4DG6vIQtQ2kMC8Iis#EscapeAttribute.g.verified.cs
    - Received: TelemetrySourceGeneratorMetricsTests.Generate_GivenMethodWithGenerics_RaisesDiagnostics_A4lm3p9rmpAbILTGyosqRgCf7r4DG6vIQtQ2kMC8Iis#EventAttribute.g.received.cs
      Verified: TelemetrySourceGeneratorMetricsTests.Generate_GivenMethodWithGenerics_RaisesDiagnostics_A4lm3p9rmpAbILTGyosqRgCf7r4DG6vIQtQ2kMC8Iis#EventAttribute.g.verified.cs
    - Received: TelemetrySourceGeneratorMetricsTests.Generate_GivenMethodWithGenerics_RaisesDiagnostics_A4lm3p9rmpAbILTGyosqRgCf7r4DG6vIQtQ2kMC8Iis#ExcludeAttribute.g.received.cs
      Verified: TelemetrySourceGeneratorMetricsTests.Generate_GivenMethodWithGenerics_RaisesDiagnostics_A4lm3p9rmpAbILTGyosqRgCf7r4DG6vIQtQ2kMC8Iis#ExcludeAttribute.g.verified.cs
    - Received: TelemetrySourceGeneratorMetricsTests.Generate_GivenMethodWithGenerics_RaisesDiagnostics_A4lm3p9rmpAbILTGyosqRgCf7r4DG6vIQtQ2kMC8Iis#ExcludeTargetsAttribute.g.received.cs
      Verified: TelemetrySourceGeneratorMetricsTests.Generate_GivenMethodWithGenerics_RaisesDiagnostics_A4lm3p9rmpAbILTGyosqRgCf7r4DG6vIQtQ2kMC8Iis#ExcludeTargetsAttribute.g.verified.cs
    - Received: TelemetrySourceGeneratorMetricsTests.Generate_GivenMethodWithGenerics_RaisesDiagnostics_A4lm3p9rmpAbILTGyosqRgCf7r4DG6vIQtQ2kMC8Iis#ExpandEnumerableAttribute.g.received.cs
      Verified: TelemetrySourceGeneratorMetricsTests.Generate_GivenMethodWithGenerics_RaisesDiagnostics_A4lm3p9rmpAbILTGyosqRgCf7r4DG6vIQtQ2kMC8Iis#ExpandEnumerableAttribute.g.verified.cs
    - Received: TelemetrySourceGeneratorMetricsTests.Generate_GivenMethodWithGenerics_RaisesDiagnostics_A4lm3p9rmpAbILTGyosqRgCf7r4DG6vIQtQ2kMC8Iis#HistogramAttribute.g.received.cs
      Verified: TelemetrySourceGeneratorMetricsTests.Generate_GivenMethodWithGenerics_RaisesDiagnostics_A4lm3p9rmpAbILTGyosqRgCf7r4DG6vIQtQ2kMC8Iis#HistogramAttribute.g.verified.cs
    - Received: TelemetrySourceGeneratorMetricsTests.Generate_GivenMethodWithGenerics_RaisesDiagnostics_A4lm3p9rmpAbILTGyosqRgCf7r4DG6vIQtQ2kMC8Iis#InfoAttribute.g.received.cs
      Verified: TelemetrySourceGeneratorMetricsTests.Generate_GivenMethodWithGenerics_RaisesDiagnostics_A4lm3p9rmpAbILTGyosqRgCf7r4DG6vIQtQ2kMC8Iis#InfoAttribute.g.verified.cs
    - Received: TelemetrySourceGeneratorMetricsTests.Generate_GivenMethodWithGenerics_RaisesDiagnostics_A4lm3p9rmpAbILTGyosqRgCf7r4DG6vIQtQ2kMC8Iis#InstrumentMeasurementAttribute.g.received.cs
      Verified: TelemetrySourceGeneratorMetricsTests.Generate_GivenMethodWithGenerics_RaisesDiagnostics_A4lm3p9rmpAbILTGyosqRgCf7r4DG6vIQtQ2kMC8Iis#InstrumentMeasurementAttribute.g.verified.cs
    - Received: TelemetrySourceGeneratorMetricsTests.Generate_GivenMethodWithGenerics_RaisesDiagnostics_A4lm3p9rmpAbILTGyosqRgCf7r4DG6vIQtQ2kMC8Iis#LogAttribute.g.received.cs
      Verified: TelemetrySourceGeneratorMetricsTests.Generate_GivenMethodWithGenerics_RaisesDiagnostics_A4lm3p9rmpAbILTGyosqRgCf7r4DG6vIQtQ2kMC8Iis#LogAttribute.g.verified.cs
    - Received: TelemetrySourceGeneratorMetricsTests.Generate_GivenMethodWithGenerics_RaisesDiagnostics_A4lm3p9rmpAbILTGyosqRgCf7r4DG6vIQtQ2kMC8Iis#LoggerAttribute.g.received.cs
      Verified: TelemetrySourceGeneratorMetricsTests.Generate_GivenMethodWithGenerics_RaisesDiagnostics_A4lm3p9rmpAbILTGyosqRgCf7r4DG6vIQtQ2kMC8Iis#LoggerAttribute.g.verified.cs
    - Received: TelemetrySourceGeneratorMetricsTests.Generate_GivenMethodWithGenerics_RaisesDiagnostics_A4lm3p9rmpAbILTGyosqRgCf7r4DG6vIQtQ2kMC8Iis#LoggerGenerationAttribute.g.received.cs
      Verified: TelemetrySourceGeneratorMetricsTests.Generate_GivenMethodWithGenerics_RaisesDiagnostics_A4lm3p9rmpAbILTGyosqRgCf7r4DG6vIQtQ2kMC8Iis#LoggerGenerationAttribute.g.verified.cs
    - Received: TelemetrySourceGeneratorMetricsTests.Generate_GivenMethodWithGenerics_RaisesDiagnostics_A4lm3p9rmpAbILTGyosqRgCf7r4DG6vIQtQ2kMC8Iis#LoggerGenerationMode.g.received.cs
      Verified: TelemetrySourceGeneratorMetricsTests.Generate_GivenMethodWithGenerics_RaisesDiagnostics_A4lm3p9rmpAbILTGyosqRgCf7r4DG6vIQtQ2kMC8Iis#LoggerGenerationMode.g.verified.cs
    - Received: TelemetrySourceGeneratorMetricsTests.Generate_GivenMethodWithGenerics_RaisesDiagnostics_A4lm3p9rmpAbILTGyosqRgCf7r4DG6vIQtQ2kMC8Iis#LogPrefixType.g.received.cs
      Verified: TelemetrySourceGeneratorMetricsTests.Generate_GivenMethodWithGenerics_RaisesDiagnostics_A4lm3p9rmpAbILTGyosqRgCf7r4DG6vIQtQ2kMC8Iis#LogPrefixType.g.verified.cs
    - Received: TelemetrySourceGeneratorMetricsTests.Generate_GivenMethodWithGenerics_RaisesDiagnostics_A4lm3p9rmpAbILTGyosqRgCf7r4DG6vIQtQ2kMC8Iis#MeterAttribute.g.received.cs
      Verified: TelemetrySourceGeneratorMetricsTests.Generate_GivenMethodWithGenerics_RaisesDiagnostics_A4lm3p9rmpAbILTGyosqRgCf7r4DG6vIQtQ2kMC8Iis#MeterAttribute.g.verified.cs
    - Received: TelemetrySourceGeneratorMetricsTests.Generate_GivenMethodWithGenerics_RaisesDiagnostics_A4lm3p9rmpAbILTGyosqRgCf7r4DG6vIQtQ2kMC8Iis#MeterGenerationAttribute.g.received.cs
      Verified: TelemetrySourceGeneratorMetricsTests.Generate_GivenMethodWithGenerics_RaisesDiagnostics_A4lm3p9rmpAbILTGyosqRgCf7r4DG6vIQtQ2kMC8Iis#MeterGenerationAttribute.g.verified.cs
    - Received: TelemetrySourceGeneratorMetricsTests.Generate_GivenMethodWithGenerics_RaisesDiagnostics_A4lm3p9rmpAbILTGyosqRgCf7r4DG6vIQtQ2kMC8Iis#MeterNameGenerationType.g.received.cs
      Verified: TelemetrySourceGeneratorMetricsTests.Generate_GivenMethodWithGenerics_RaisesDiagnostics_A4lm3p9rmpAbILTGyosqRgCf7r4DG6vIQtQ2kMC8Iis#MeterNameGenerationType.g.verified.cs
    - Received: TelemetrySourceGeneratorMetricsTests.Generate_GivenMethodWithGenerics_RaisesDiagnostics_A4lm3p9rmpAbILTGyosqRgCf7r4DG6vIQtQ2kMC8Iis#NamingConvention.g.received.cs
      Verified: TelemetrySourceGeneratorMetricsTests.Generate_GivenMethodWithGenerics_RaisesDiagnostics_A4lm3p9rmpAbILTGyosqRgCf7r4DG6vIQtQ2kMC8Iis#NamingConvention.g.verified.cs
    - Received: TelemetrySourceGeneratorMetricsTests.Generate_GivenMethodWithGenerics_RaisesDiagnostics_A4lm3p9rmpAbILTGyosqRgCf7r4DG6vIQtQ2kMC8Iis#ObservableCounterAttribute.g.received.cs
      Verified: TelemetrySourceGeneratorMetricsTests.Generate_GivenMethodWithGenerics_RaisesDiagnostics_A4lm3p9rmpAbILTGyosqRgCf7r4DG6vIQtQ2kMC8Iis#ObservableCounterAttribute.g.verified.cs
    - Received: TelemetrySourceGeneratorMetricsTests.Generate_GivenMethodWithGenerics_RaisesDiagnostics_A4lm3p9rmpAbILTGyosqRgCf7r4DG6vIQtQ2kMC8Iis#ObservableGaugeAttribute.g.received.cs
      Verified: TelemetrySourceGeneratorMetricsTests.Generate_GivenMethodWithGenerics_RaisesDiagnostics_A4lm3p9rmpAbILTGyosqRgCf7r4DG6vIQtQ2kMC8Iis#ObservableGaugeAttribute.g.verified.cs
    - Received: TelemetrySourceGeneratorMetricsTests.Generate_GivenMethodWithGenerics_RaisesDiagnostics_A4lm3p9rmpAbILTGyosqRgCf7r4DG6vIQtQ2kMC8Iis#ObservableUpDownCounterAttribute.g.received.cs
      Verified: TelemetrySourceGeneratorMetricsTests.Generate_GivenMethodWithGenerics_RaisesDiagnostics_A4lm3p9rmpAbILTGyosqRgCf7r4DG6vIQtQ2kMC8Iis#ObservableUpDownCounterAttribute.g.verified.cs
    - Received: TelemetrySourceGeneratorMetricsTests.Generate_GivenMethodWithGenerics_RaisesDiagnostics_A4lm3p9rmpAbILTGyosqRgCf7r4DG6vIQtQ2kMC8Iis#StatusDescriptionAttribute.g.received.cs
      Verified: TelemetrySourceGeneratorMetricsTests.Generate_GivenMethodWithGenerics_RaisesDiagnostics_A4lm3p9rmpAbILTGyosqRgCf7r4DG6vIQtQ2kMC8Iis#StatusDescriptionAttribute.g.verified.cs
    - Received: TelemetrySourceGeneratorMetricsTests.Generate_GivenMethodWithGenerics_RaisesDiagnostics_A4lm3p9rmpAbILTGyosqRgCf7r4DG6vIQtQ2kMC8Iis#TagAttribute.g.received.cs
      Verified: TelemetrySourceGeneratorMetricsTests.Generate_GivenMethodWithGenerics_RaisesDiagnostics_A4lm3p9rmpAbILTGyosqRgCf7r4DG6vIQtQ2kMC8Iis#TagAttribute.g.verified.cs
    - Received: TelemetrySourceGeneratorMetricsTests.Generate_GivenMethodWithGenerics_RaisesDiagnostics_A4lm3p9rmpAbILTGyosqRgCf7r4DG6vIQtQ2kMC8Iis#Targets.g.received.cs
      Verified: TelemetrySourceGeneratorMetricsTests.Generate_GivenMethodWithGenerics_RaisesDiagnostics_A4lm3p9rmpAbILTGyosqRgCf7r4DG6vIQtQ2kMC8Iis#Targets.g.verified.cs
    - Received: TelemetrySourceGeneratorMetricsTests.Generate_GivenMethodWithGenerics_RaisesDiagnostics_A4lm3p9rmpAbILTGyosqRgCf7r4DG6vIQtQ2kMC8Iis#TelemetryGenerationAttribute.g.received.cs
      Verified: TelemetrySourceGeneratorMetricsTests.Generate_GivenMethodWithGenerics_RaisesDiagnostics_A4lm3p9rmpAbILTGyosqRgCf7r4DG6vIQtQ2kMC8Iis#TelemetryGenerationAttribute.g.verified.cs
    - Received: TelemetrySourceGeneratorMetricsTests.Generate_GivenMethodWithGenerics_RaisesDiagnostics_A4lm3p9rmpAbILTGyosqRgCf7r4DG6vIQtQ2kMC8Iis#TraceAttribute.g.received.cs
      Verified: TelemetrySourceGeneratorMetricsTests.Generate_GivenMethodWithGenerics_RaisesDiagnostics_A4lm3p9rmpAbILTGyosqRgCf7r4DG6vIQtQ2kMC8Iis#TraceAttribute.g.verified.cs
    - Received: TelemetrySourceGeneratorMetricsTests.Generate_GivenMethodWithGenerics_RaisesDiagnostics_A4lm3p9rmpAbILTGyosqRgCf7r4DG6vIQtQ2kMC8Iis#UpDownCounterAttribute.g.received.cs
      Verified: TelemetrySourceGeneratorMetricsTests.Generate_GivenMethodWithGenerics_RaisesDiagnostics_A4lm3p9rmpAbILTGyosqRgCf7r4DG6vIQtQ2kMC8Iis#UpDownCounterAttribute.g.verified.cs
    - Received: TelemetrySourceGeneratorMetricsTests.Generate_GivenMethodWithGenerics_RaisesDiagnostics_A4lm3p9rmpAbILTGyosqRgCf7r4DG6vIQtQ2kMC8Iis#WarningAttribute.g.received.cs
      Verified: TelemetrySourceGeneratorMetricsTests.Generate_GivenMethodWithGenerics_RaisesDiagnostics_A4lm3p9rmpAbILTGyosqRgCf7r4DG6vIQtQ2kMC8Iis#WarningAttribute.g.verified.cs
  
  Standard output
    DBG: --- Adding templates.
    DBG: Adding ActivitySourceGenerationAttribute as ActivitySourceGenerationAttribute.g.cs.
    DBG: Adding ActivitySourceAttribute as ActivitySourceAttribute.g.cs.
    DBG: Adding ActivityAttribute as ActivityAttribute.g.cs.
    DBG: Adding EventAttribute as EventAttribute.g.cs.
    DBG: Adding ContextAttribute as ContextAttribute.g.cs.
    DBG: Adding BaggageAttribute as BaggageAttribute.g.cs.
    DBG: Adding EscapeAttribute as EscapeAttribute.g.cs.
    DBG: Adding StatusDescriptionAttribute as StatusDescriptionAttribute.g.cs.
    DBG: Adding LoggerGenerationAttribute as LoggerGenerationAttribute.g.cs.
    DBG: Adding LoggerAttribute as LoggerAttribute.g.cs.
    DBG: Adding LogAttribute as LogAttribute.g.cs.
    DBG: Adding LogPrefixType as LogPrefixType.g.cs.
    DBG: Adding LoggerGenerationMode as LoggerGenerationMode.g.cs.
    DBG: Adding ExpandEnumerableAttribute as ExpandEnumerableAttribute.g.cs.
    DBG: Adding TraceAttribute as TraceAttribute.g.cs.
    DBG: Adding DebugAttribute as DebugAttribute.g.cs.
    DBG: Adding InfoAttribute as InfoAttribute.g.cs.
    DBG: Adding WarningAttribute as WarningAttribute.g.cs.
    DBG: Adding ErrorAttribute as ErrorAttribute.g.cs.
    DBG: Adding CriticalAttribute as CriticalAttribute.g.cs.
    DBG: Adding MeterGenerationAttribute as MeterGenerationAttribute.g.cs.
    DBG: Adding MeterAttribute as MeterAttribute.g.cs.
    DBG: Adding MeterNameGenerationType as MeterNameGenerationType.g.cs.
    DBG: Adding InstrumentMeasurementAttribute as InstrumentMeasurementAttribute.g.cs.
    DBG: Adding AutoCounterAttribute as AutoCounterAttribute.g.cs.
    DBG: Adding CounterAttribute as CounterAttribute.g.cs.
    DBG: Adding UpDownCounterAttribute as UpDownCounterAttribute.g.cs.
    DBG: Adding HistogramAttribute as HistogramAttribute.g.cs.
    DBG: Adding ObservableCounterAttribute as ObservableCounterAttribute.g.cs.
    DBG: Adding ObservableGaugeAttribute as ObservableGaugeAttribute.g.cs.
    DBG: Adding ObservableUpDownCounterAttribute as ObservableUpDownCounterAttribute.g.cs.
    DBG: Adding TagAttribute as TagAttribute.g.cs.
    DBG: Adding ExcludeAttribute as ExcludeAttribute.g.cs.
    DBG: Adding TelemetryGenerationAttribute as TelemetryGenerationAttribute.g.cs.
    DBG: Adding Targets as Targets.g.cs.
    DBG: Adding NamingConvention as NamingConvention.g.cs.
    DBG: Adding ExcludeTargetsAttribute as ExcludeTargetsAttribute.g.cs.
    DBG: --- Finished adding templates.
    DIA: Cannot generate a Meter target for a generic interface '[Meter("testing-meter")] public interface ITestMetrics<T0, T1> { [AutoCounter] void AutoCounter(); }'.
    DIA: Cannot generate a Meter target for a generic interface '[Meter("testing-meter")] public interface ITestMetrics<T0, T1> { [AutoCounter] void AutoCounter(); }'.
    
  Error output
failed Generate_GivenAutoCounterWithInstrumentationValue_GeneratesDiagnostic (3s 743ms)
  [Test Failure] VerifyException: Directory: P:\GitHub\kjldev\purview-telemetry-sourcegenerator\src\Purview.Telemetry.SourceGenerator.IntegrationTests\Snapshots
Delete:
  - TelemetrySourceGeneratorMetricsTests.Generate_GivenAutoCounterWithInstrumentationValue_GeneratesDiagnostic.verified.txt
Equal:
  - Received: TelemetrySourceGeneratorMetricsTests.Generate_GivenAutoCounterWithInstrumentationValue_GeneratesDiagnostic#ActivityAttribute.g.received.cs
    Verified: TelemetrySourceGeneratorMetricsTests.Generate_GivenAutoCounterWithInstrumentationValue_GeneratesDiagnostic#ActivityAttribute.g.verified.cs
  - Received: TelemetrySourceGeneratorMetricsTests.Generate_GivenAutoCounterWithInstrumentationValue_GeneratesDiagnostic#ActivitySourceAttribute.g.received.cs
    Verified: TelemetrySourceGeneratorMetricsTests.Generate_GivenAutoCounterWithInstrumentationValue_GeneratesDiagnostic#ActivitySourceAttribute.g.verified.cs
  - Received: TelemetrySourceGeneratorMetricsTests.Generate_GivenAutoCounterWithInstrumentationValue_GeneratesDiagnostic#ActivitySourceGenerationAttribute.g.received.cs
    Verified: TelemetrySourceGeneratorMetricsTests.Generate_GivenAutoCounterWithInstrumentationValue_GeneratesDiagnostic#ActivitySourceGenerationAttribute.g.verified.cs
  - Received: TelemetrySourceGeneratorMetricsTests.Generate_GivenAutoCounterWithInstrumentationValue_GeneratesDiagnostic#AutoCounterAttribute.g.received.cs
    Verified: TelemetrySourceGeneratorMetricsTests.Generate_GivenAutoCounterWithInstrumentationValue_GeneratesDiagnostic#AutoCounterAttribute.g.verified.cs
  - Received: TelemetrySourceGeneratorMetricsTests.Generate_GivenAutoCounterWithInstrumentationValue_GeneratesDiagnostic#BaggageAttribute.g.received.cs
    Verified: TelemetrySourceGeneratorMetricsTests.Generate_GivenAutoCounterWithInstrumentationValue_GeneratesDiagnostic#BaggageAttribute.g.verified.cs
  - Received: TelemetrySourceGeneratorMetricsTests.Generate_GivenAutoCounterWithInstrumentationValue_GeneratesDiagnostic#ContextAttribute.g.received.cs
    Verified: TelemetrySourceGeneratorMetricsTests.Generate_GivenAutoCounterWithInstrumentationValue_GeneratesDiagnostic#ContextAttribute.g.verified.cs
  - Received: TelemetrySourceGeneratorMetricsTests.Generate_GivenAutoCounterWithInstrumentationValue_GeneratesDiagnostic#CounterAttribute.g.received.cs
    Verified: TelemetrySourceGeneratorMetricsTests.Generate_GivenAutoCounterWithInstrumentationValue_GeneratesDiagnostic#CounterAttribute.g.verified.cs
  - Received: TelemetrySourceGeneratorMetricsTests.Generate_GivenAutoCounterWithInstrumentationValue_GeneratesDiagnostic#CriticalAttribute.g.received.cs
    Verified: TelemetrySourceGeneratorMetricsTests.Generate_GivenAutoCounterWithInstrumentationValue_GeneratesDiagnostic#CriticalAttribute.g.verified.cs
  - Received: TelemetrySourceGeneratorMetricsTests.Generate_GivenAutoCounterWithInstrumentationValue_GeneratesDiagnostic#DebugAttribute.g.received.cs
    Verified: TelemetrySourceGeneratorMetricsTests.Generate_GivenAutoCounterWithInstrumentationValue_GeneratesDiagnostic#DebugAttribute.g.verified.cs
  - Received: TelemetrySourceGeneratorMetricsTests.Generate_GivenAutoCounterWithInstrumentationValue_GeneratesDiagnostic#ErrorAttribute.g.received.cs
    Verified: TelemetrySourceGeneratorMetricsTests.Generate_GivenAutoCounterWithInstrumentationValue_GeneratesDiagnostic#ErrorAttribute.g.verified.cs
  - Received: TelemetrySourceGeneratorMetricsTests.Generate_GivenAutoCounterWithInstrumentationValue_GeneratesDiagnostic#EscapeAttribute.g.received.cs
    Verified: TelemetrySourceGeneratorMetricsTests.Generate_GivenAutoCounterWithInstrumentationValue_GeneratesDiagnostic#EscapeAttribute.g.verified.cs
  - Received: TelemetrySourceGeneratorMetricsTests.Generate_GivenAutoCounterWithInstrumentationValue_GeneratesDiagnostic#EventAttribute.g.received.cs
    Verified: TelemetrySourceGeneratorMetricsTests.Generate_GivenAutoCounterWithInstrumentationValue_GeneratesDiagnostic#EventAttribute.g.verified.cs
  - Received: TelemetrySourceGeneratorMetricsTests.Generate_GivenAutoCounterWithInstrumentationValue_GeneratesDiagnostic#ExcludeAttribute.g.received.cs
    Verified: TelemetrySourceGeneratorMetricsTests.Generate_GivenAutoCounterWithInstrumentationValue_GeneratesDiagnostic#ExcludeAttribute.g.verified.cs
  - Received: TelemetrySourceGeneratorMetricsTests.Generate_GivenAutoCounterWithInstrumentationValue_GeneratesDiagnostic#ExcludeTargetsAttribute.g.received.cs
    Verified: TelemetrySourceGeneratorMetricsTests.Generate_GivenAutoCounterWithInstrumentationValue_GeneratesDiagnostic#ExcludeTargetsAttribute.g.verified.cs
  - Received: TelemetrySourceGeneratorMetricsTests.Generate_GivenAutoCounterWithInstrumentationValue_GeneratesDiagnostic#ExpandEnumerableAttribute.g.received.cs
    Verified: TelemetrySourceGeneratorMetricsTests.Generate_GivenAutoCounterWithInstrumentationValue_GeneratesDiagnostic#ExpandEnumerableAttribute.g.verified.cs
  - Received: TelemetrySourceGeneratorMetricsTests.Generate_GivenAutoCounterWithInstrumentationValue_GeneratesDiagnostic#HistogramAttribute.g.received.cs
    Verified: TelemetrySourceGeneratorMetricsTests.Generate_GivenAutoCounterWithInstrumentationValue_GeneratesDiagnostic#HistogramAttribute.g.verified.cs
  - Received: TelemetrySourceGeneratorMetricsTests.Generate_GivenAutoCounterWithInstrumentationValue_GeneratesDiagnostic#InfoAttribute.g.received.cs
    Verified: TelemetrySourceGeneratorMetricsTests.Generate_GivenAutoCounterWithInstrumentationValue_GeneratesDiagnostic#InfoAttribute.g.verified.cs
  - Received: TelemetrySourceGeneratorMetricsTests.Generate_GivenAutoCounterWithInstrumentationValue_GeneratesDiagnostic#InstrumentMeasurementAttribute.g.received.cs
    Verified: TelemetrySourceGeneratorMetricsTests.Generate_GivenAutoCounterWithInstrumentationValue_GeneratesDiagnostic#InstrumentMeasurementAttribute.g.verified.cs
  - Received: TelemetrySourceGeneratorMetricsTests.Generate_GivenAutoCounterWithInstrumentationValue_GeneratesDiagnostic#LogAttribute.g.received.cs
    Verified: TelemetrySourceGeneratorMetricsTests.Generate_GivenAutoCounterWithInstrumentationValue_GeneratesDiagnostic#LogAttribute.g.verified.cs
  - Received: TelemetrySourceGeneratorMetricsTests.Generate_GivenAutoCounterWithInstrumentationValue_GeneratesDiagnostic#LoggerAttribute.g.received.cs
    Verified: TelemetrySourceGeneratorMetricsTests.Generate_GivenAutoCounterWithInstrumentationValue_GeneratesDiagnostic#LoggerAttribute.g.verified.cs
  - Received: TelemetrySourceGeneratorMetricsTests.Generate_GivenAutoCounterWithInstrumentationValue_GeneratesDiagnostic#LoggerGenerationAttribute.g.received.cs
    Verified: TelemetrySourceGeneratorMetricsTests.Generate_GivenAutoCounterWithInstrumentationValue_GeneratesDiagnostic#LoggerGenerationAttribute.g.verified.cs
  - Received: TelemetrySourceGeneratorMetricsTests.Generate_GivenAutoCounterWithInstrumentationValue_GeneratesDiagnostic#LoggerGenerationMode.g.received.cs
    Verified: TelemetrySourceGeneratorMetricsTests.Generate_GivenAutoCounterWithInstrumentationValue_GeneratesDiagnostic#LoggerGenerationMode.g.verified.cs
  - Received: TelemetrySourceGeneratorMetricsTests.Generate_GivenAutoCounterWithInstrumentationValue_GeneratesDiagnostic#LogPrefixType.g.received.cs
    Verified: TelemetrySourceGeneratorMetricsTests.Generate_GivenAutoCounterWithInstrumentationValue_GeneratesDiagnostic#LogPrefixType.g.verified.cs
  - Received: TelemetrySourceGeneratorMetricsTests.Generate_GivenAutoCounterWithInstrumentationValue_GeneratesDiagnostic#MeterAttribute.g.received.cs
    Verified: TelemetrySourceGeneratorMetricsTests.Generate_GivenAutoCounterWithInstrumentationValue_GeneratesDiagnostic#MeterAttribute.g.verified.cs
  - Received: TelemetrySourceGeneratorMetricsTests.Generate_GivenAutoCounterWithInstrumentationValue_GeneratesDiagnostic#MeterGenerationAttribute.g.received.cs
    Verified: TelemetrySourceGeneratorMetricsTests.Generate_GivenAutoCounterWithInstrumentationValue_GeneratesDiagnostic#MeterGenerationAttribute.g.verified.cs
  - Received: TelemetrySourceGeneratorMetricsTests.Generate_GivenAutoCounterWithInstrumentationValue_GeneratesDiagnostic#MeterNameGenerationType.g.received.cs
    Verified: TelemetrySourceGeneratorMetricsTests.Generate_GivenAutoCounterWithInstrumentationValue_GeneratesDiagnostic#MeterNameGenerationType.g.verified.cs
  - Received: TelemetrySourceGeneratorMetricsTests.Generate_GivenAutoCounterWithInstrumentationValue_GeneratesDiagnostic#NamingConvention.g.received.cs
    Verified: TelemetrySourceGeneratorMetricsTests.Generate_GivenAutoCounterWithInstrumentationValue_GeneratesDiagnostic#NamingConvention.g.verified.cs
  - Received: TelemetrySourceGeneratorMetricsTests.Generate_GivenAutoCounterWithInstrumentationValue_GeneratesDiagnostic#ObservableCounterAttribute.g.received.cs
    Verified: TelemetrySourceGeneratorMetricsTests.Generate_GivenAutoCounterWithInstrumentationValue_GeneratesDiagnostic#ObservableCounterAttribute.g.verified.cs
  - Received: TelemetrySourceGeneratorMetricsTests.Generate_GivenAutoCounterWithInstrumentationValue_GeneratesDiagnostic#ObservableGaugeAttribute.g.received.cs
    Verified: TelemetrySourceGeneratorMetricsTests.Generate_GivenAutoCounterWithInstrumentationValue_GeneratesDiagnostic#ObservableGaugeAttribute.g.verified.cs
  - Received: TelemetrySourceGeneratorMetricsTests.Generate_GivenAutoCounterWithInstrumentationValue_GeneratesDiagnostic#ObservableUpDownCounterAttribute.g.received.cs
    Verified: TelemetrySourceGeneratorMetricsTests.Generate_GivenAutoCounterWithInstrumentationValue_GeneratesDiagnostic#ObservableUpDownCounterAttribute.g.verified.cs
  - Received: TelemetrySourceGeneratorMetricsTests.Generate_GivenAutoCounterWithInstrumentationValue_GeneratesDiagnostic#Purview.Telemetry.SourceGenerator.TelemetryNames.g.received.cs
    Verified: TelemetrySourceGeneratorMetricsTests.Generate_GivenAutoCounterWithInstrumentationValue_GeneratesDiagnostic#Purview.Telemetry.SourceGenerator.TelemetryNames.g.verified.cs
  - Received: TelemetrySourceGeneratorMetricsTests.Generate_GivenAutoCounterWithInstrumentationValue_GeneratesDiagnostic#StatusDescriptionAttribute.g.received.cs
    Verified: TelemetrySourceGeneratorMetricsTests.Generate_GivenAutoCounterWithInstrumentationValue_GeneratesDiagnostic#StatusDescriptionAttribute.g.verified.cs
  - Received: TelemetrySourceGeneratorMetricsTests.Generate_GivenAutoCounterWithInstrumentationValue_GeneratesDiagnostic#TagAttribute.g.received.cs
    Verified: TelemetrySourceGeneratorMetricsTests.Generate_GivenAutoCounterWithInstrumentationValue_GeneratesDiagnostic#TagAttribute.g.verified.cs
  - Received: TelemetrySourceGeneratorMetricsTests.Generate_GivenAutoCounterWithInstrumentationValue_GeneratesDiagnostic#Targets.g.received.cs
    Verified: TelemetrySourceGeneratorMetricsTests.Generate_GivenAutoCounterWithInstrumentationValue_GeneratesDiagnostic#Targets.g.verified.cs
  - Received: TelemetrySourceGeneratorMetricsTests.Generate_GivenAutoCounterWithInstrumentationValue_GeneratesDiagnostic#TelemetryGenerationAttribute.g.received.cs
    Verified: TelemetrySourceGeneratorMetricsTests.Generate_GivenAutoCounterWithInstrumentationValue_GeneratesDiagnostic#TelemetryGenerationAttribute.g.verified.cs
  - Received: TelemetrySourceGeneratorMetricsTests.Generate_GivenAutoCounterWithInstrumentationValue_GeneratesDiagnostic#Testing.TestMetricsCore.Metric.g.received.cs
    Verified: TelemetrySourceGeneratorMetricsTests.Generate_GivenAutoCounterWithInstrumentationValue_GeneratesDiagnostic#Testing.TestMetricsCore.Metric.g.verified.cs
  - Received: TelemetrySourceGeneratorMetricsTests.Generate_GivenAutoCounterWithInstrumentationValue_GeneratesDiagnostic#TraceAttribute.g.received.cs
    Verified: TelemetrySourceGeneratorMetricsTests.Generate_GivenAutoCounterWithInstrumentationValue_GeneratesDiagnostic#TraceAttribute.g.verified.cs
  - Received: TelemetrySourceGeneratorMetricsTests.Generate_GivenAutoCounterWithInstrumentationValue_GeneratesDiagnostic#UpDownCounterAttribute.g.received.cs
    Verified: TelemetrySourceGeneratorMetricsTests.Generate_GivenAutoCounterWithInstrumentationValue_GeneratesDiagnostic#UpDownCounterAttribute.g.verified.cs
  - Received: TelemetrySourceGeneratorMetricsTests.Generate_GivenAutoCounterWithInstrumentationValue_GeneratesDiagnostic#WarningAttribute.g.received.cs
    Verified: TelemetrySourceGeneratorMetricsTests.Generate_GivenAutoCounterWithInstrumentationValue_GeneratesDiagnostic#WarningAttribute.g.verified.cs

  from P:\GitHub\kjldev\purview-telemetry-sourcegenerator\src\Purview.Telemetry.SourceGenerator.IntegrationTests\bin\Release\net10.0\Purview.Telemetry.SourceGenerator.IntegrationTests.dll (net10.0|x64)
  TUnit.Engine.Exceptions.TestFailedException: [Test Failure] VerifyException: Directory: P:\GitHub\kjldev\purview-telemetry-sourcegenerator\src\Purview.Telemetry.SourceGenerator.IntegrationTests\Snapshots
  Delete:
    - TelemetrySourceGeneratorMetricsTests.Generate_GivenAutoCounterWithInstrumentationValue_GeneratesDiagnostic.verified.txt
  Equal:
    - Received: TelemetrySourceGeneratorMetricsTests.Generate_GivenAutoCounterWithInstrumentationValue_GeneratesDiagnostic#ActivityAttribute.g.received.cs
      Verified: TelemetrySourceGeneratorMetricsTests.Generate_GivenAutoCounterWithInstrumentationValue_GeneratesDiagnostic#ActivityAttribute.g.verified.cs
    - Received: TelemetrySourceGeneratorMetricsTests.Generate_GivenAutoCounterWithInstrumentationValue_GeneratesDiagnostic#ActivitySourceAttribute.g.received.cs
      Verified: TelemetrySourceGeneratorMetricsTests.Generate_GivenAutoCounterWithInstrumentationValue_GeneratesDiagnostic#ActivitySourceAttribute.g.verified.cs
    - Received: TelemetrySourceGeneratorMetricsTests.Generate_GivenAutoCounterWithInstrumentationValue_GeneratesDiagnostic#ActivitySourceGenerationAttribute.g.received.cs
      Verified: TelemetrySourceGeneratorMetricsTests.Generate_GivenAutoCounterWithInstrumentationValue_GeneratesDiagnostic#ActivitySourceGenerationAttribute.g.verified.cs
    - Received: TelemetrySourceGeneratorMetricsTests.Generate_GivenAutoCounterWithInstrumentationValue_GeneratesDiagnostic#AutoCounterAttribute.g.received.cs
      Verified: TelemetrySourceGeneratorMetricsTests.Generate_GivenAutoCounterWithInstrumentationValue_GeneratesDiagnostic#AutoCounterAttribute.g.verified.cs
    - Received: TelemetrySourceGeneratorMetricsTests.Generate_GivenAutoCounterWithInstrumentationValue_GeneratesDiagnostic#BaggageAttribute.g.received.cs
      Verified: TelemetrySourceGeneratorMetricsTests.Generate_GivenAutoCounterWithInstrumentationValue_GeneratesDiagnostic#BaggageAttribute.g.verified.cs
    - Received: TelemetrySourceGeneratorMetricsTests.Generate_GivenAutoCounterWithInstrumentationValue_GeneratesDiagnostic#ContextAttribute.g.received.cs
      Verified: TelemetrySourceGeneratorMetricsTests.Generate_GivenAutoCounterWithInstrumentationValue_GeneratesDiagnostic#ContextAttribute.g.verified.cs
    - Received: TelemetrySourceGeneratorMetricsTests.Generate_GivenAutoCounterWithInstrumentationValue_GeneratesDiagnostic#CounterAttribute.g.received.cs
      Verified: TelemetrySourceGeneratorMetricsTests.Generate_GivenAutoCounterWithInstrumentationValue_GeneratesDiagnostic#CounterAttribute.g.verified.cs
    - Received: TelemetrySourceGeneratorMetricsTests.Generate_GivenAutoCounterWithInstrumentationValue_GeneratesDiagnostic#CriticalAttribute.g.received.cs
      Verified: TelemetrySourceGeneratorMetricsTests.Generate_GivenAutoCounterWithInstrumentationValue_GeneratesDiagnostic#CriticalAttribute.g.verified.cs
    - Received: TelemetrySourceGeneratorMetricsTests.Generate_GivenAutoCounterWithInstrumentationValue_GeneratesDiagnostic#DebugAttribute.g.received.cs
      Verified: TelemetrySourceGeneratorMetricsTests.Generate_GivenAutoCounterWithInstrumentationValue_GeneratesDiagnostic#DebugAttribute.g.verified.cs
    - Received: TelemetrySourceGeneratorMetricsTests.Generate_GivenAutoCounterWithInstrumentationValue_GeneratesDiagnostic#ErrorAttribute.g.received.cs
      Verified: TelemetrySourceGeneratorMetricsTests.Generate_GivenAutoCounterWithInstrumentationValue_GeneratesDiagnostic#ErrorAttribute.g.verified.cs
    - Received: TelemetrySourceGeneratorMetricsTests.Generate_GivenAutoCounterWithInstrumentationValue_GeneratesDiagnostic#EscapeAttribute.g.received.cs
      Verified: TelemetrySourceGeneratorMetricsTests.Generate_GivenAutoCounterWithInstrumentationValue_GeneratesDiagnostic#EscapeAttribute.g.verified.cs
    - Received: TelemetrySourceGeneratorMetricsTests.Generate_GivenAutoCounterWithInstrumentationValue_GeneratesDiagnostic#EventAttribute.g.received.cs
      Verified: TelemetrySourceGeneratorMetricsTests.Generate_GivenAutoCounterWithInstrumentationValue_GeneratesDiagnostic#EventAttribute.g.verified.cs
    - Received: TelemetrySourceGeneratorMetricsTests.Generate_GivenAutoCounterWithInstrumentationValue_GeneratesDiagnostic#ExcludeAttribute.g.received.cs
      Verified: TelemetrySourceGeneratorMetricsTests.Generate_GivenAutoCounterWithInstrumentationValue_GeneratesDiagnostic#ExcludeAttribute.g.verified.cs
    - Received: TelemetrySourceGeneratorMetricsTests.Generate_GivenAutoCounterWithInstrumentationValue_GeneratesDiagnostic#ExcludeTargetsAttribute.g.received.cs
      Verified: TelemetrySourceGeneratorMetricsTests.Generate_GivenAutoCounterWithInstrumentationValue_GeneratesDiagnostic#ExcludeTargetsAttribute.g.verified.cs
    - Received: TelemetrySourceGeneratorMetricsTests.Generate_GivenAutoCounterWithInstrumentationValue_GeneratesDiagnostic#ExpandEnumerableAttribute.g.received.cs
      Verified: TelemetrySourceGeneratorMetricsTests.Generate_GivenAutoCounterWithInstrumentationValue_GeneratesDiagnostic#ExpandEnumerableAttribute.g.verified.cs
    - Received: TelemetrySourceGeneratorMetricsTests.Generate_GivenAutoCounterWithInstrumentationValue_GeneratesDiagnostic#HistogramAttribute.g.received.cs
      Verified: TelemetrySourceGeneratorMetricsTests.Generate_GivenAutoCounterWithInstrumentationValue_GeneratesDiagnostic#HistogramAttribute.g.verified.cs
    - Received: TelemetrySourceGeneratorMetricsTests.Generate_GivenAutoCounterWithInstrumentationValue_GeneratesDiagnostic#InfoAttribute.g.received.cs
      Verified: TelemetrySourceGeneratorMetricsTests.Generate_GivenAutoCounterWithInstrumentationValue_GeneratesDiagnostic#InfoAttribute.g.verified.cs
    - Received: TelemetrySourceGeneratorMetricsTests.Generate_GivenAutoCounterWithInstrumentationValue_GeneratesDiagnostic#InstrumentMeasurementAttribute.g.received.cs
      Verified: TelemetrySourceGeneratorMetricsTests.Generate_GivenAutoCounterWithInstrumentationValue_GeneratesDiagnostic#InstrumentMeasurementAttribute.g.verified.cs
    - Received: TelemetrySourceGeneratorMetricsTests.Generate_GivenAutoCounterWithInstrumentationValue_GeneratesDiagnostic#LogAttribute.g.received.cs
      Verified: TelemetrySourceGeneratorMetricsTests.Generate_GivenAutoCounterWithInstrumentationValue_GeneratesDiagnostic#LogAttribute.g.verified.cs
    - Received: TelemetrySourceGeneratorMetricsTests.Generate_GivenAutoCounterWithInstrumentationValue_GeneratesDiagnostic#LoggerAttribute.g.received.cs
      Verified: TelemetrySourceGeneratorMetricsTests.Generate_GivenAutoCounterWithInstrumentationValue_GeneratesDiagnostic#LoggerAttribute.g.verified.cs
    - Received: TelemetrySourceGeneratorMetricsTests.Generate_GivenAutoCounterWithInstrumentationValue_GeneratesDiagnostic#LoggerGenerationAttribute.g.received.cs
      Verified: TelemetrySourceGeneratorMetricsTests.Generate_GivenAutoCounterWithInstrumentationValue_GeneratesDiagnostic#LoggerGenerationAttribute.g.verified.cs
    - Received: TelemetrySourceGeneratorMetricsTests.Generate_GivenAutoCounterWithInstrumentationValue_GeneratesDiagnostic#LoggerGenerationMode.g.received.cs
      Verified: TelemetrySourceGeneratorMetricsTests.Generate_GivenAutoCounterWithInstrumentationValue_GeneratesDiagnostic#LoggerGenerationMode.g.verified.cs
    - Received: TelemetrySourceGeneratorMetricsTests.Generate_GivenAutoCounterWithInstrumentationValue_GeneratesDiagnostic#LogPrefixType.g.received.cs
      Verified: TelemetrySourceGeneratorMetricsTests.Generate_GivenAutoCounterWithInstrumentationValue_GeneratesDiagnostic#LogPrefixType.g.verified.cs
    - Received: TelemetrySourceGeneratorMetricsTests.Generate_GivenAutoCounterWithInstrumentationValue_GeneratesDiagnostic#MeterAttribute.g.received.cs
      Verified: TelemetrySourceGeneratorMetricsTests.Generate_GivenAutoCounterWithInstrumentationValue_GeneratesDiagnostic#MeterAttribute.g.verified.cs
    - Received: TelemetrySourceGeneratorMetricsTests.Generate_GivenAutoCounterWithInstrumentationValue_GeneratesDiagnostic#MeterGenerationAttribute.g.received.cs
      Verified: TelemetrySourceGeneratorMetricsTests.Generate_GivenAutoCounterWithInstrumentationValue_GeneratesDiagnostic#MeterGenerationAttribute.g.verified.cs
    - Received: TelemetrySourceGeneratorMetricsTests.Generate_GivenAutoCounterWithInstrumentationValue_GeneratesDiagnostic#MeterNameGenerationType.g.received.cs
      Verified: TelemetrySourceGeneratorMetricsTests.Generate_GivenAutoCounterWithInstrumentationValue_GeneratesDiagnostic#MeterNameGenerationType.g.verified.cs
    - Received: TelemetrySourceGeneratorMetricsTests.Generate_GivenAutoCounterWithInstrumentationValue_GeneratesDiagnostic#NamingConvention.g.received.cs
      Verified: TelemetrySourceGeneratorMetricsTests.Generate_GivenAutoCounterWithInstrumentationValue_GeneratesDiagnostic#NamingConvention.g.verified.cs
    - Received: TelemetrySourceGeneratorMetricsTests.Generate_GivenAutoCounterWithInstrumentationValue_GeneratesDiagnostic#ObservableCounterAttribute.g.received.cs
      Verified: TelemetrySourceGeneratorMetricsTests.Generate_GivenAutoCounterWithInstrumentationValue_GeneratesDiagnostic#ObservableCounterAttribute.g.verified.cs
    - Received: TelemetrySourceGeneratorMetricsTests.Generate_GivenAutoCounterWithInstrumentationValue_GeneratesDiagnostic#ObservableGaugeAttribute.g.received.cs
      Verified: TelemetrySourceGeneratorMetricsTests.Generate_GivenAutoCounterWithInstrumentationValue_GeneratesDiagnostic#ObservableGaugeAttribute.g.verified.cs
    - Received: TelemetrySourceGeneratorMetricsTests.Generate_GivenAutoCounterWithInstrumentationValue_GeneratesDiagnostic#ObservableUpDownCounterAttribute.g.received.cs
      Verified: TelemetrySourceGeneratorMetricsTests.Generate_GivenAutoCounterWithInstrumentationValue_GeneratesDiagnostic#ObservableUpDownCounterAttribute.g.verified.cs
    - Received: TelemetrySourceGeneratorMetricsTests.Generate_GivenAutoCounterWithInstrumentationValue_GeneratesDiagnostic#Purview.Telemetry.SourceGenerator.TelemetryNames.g.received.cs
      Verified: TelemetrySourceGeneratorMetricsTests.Generate_GivenAutoCounterWithInstrumentationValue_GeneratesDiagnostic#Purview.Telemetry.SourceGenerator.TelemetryNames.g.verified.cs
    - Received: TelemetrySourceGeneratorMetricsTests.Generate_GivenAutoCounterWithInstrumentationValue_GeneratesDiagnostic#StatusDescriptionAttribute.g.received.cs
      Verified: TelemetrySourceGeneratorMetricsTests.Generate_GivenAutoCounterWithInstrumentationValue_GeneratesDiagnostic#StatusDescriptionAttribute.g.verified.cs
    - Received: TelemetrySourceGeneratorMetricsTests.Generate_GivenAutoCounterWithInstrumentationValue_GeneratesDiagnostic#TagAttribute.g.received.cs
      Verified: TelemetrySourceGeneratorMetricsTests.Generate_GivenAutoCounterWithInstrumentationValue_GeneratesDiagnostic#TagAttribute.g.verified.cs
    - Received: TelemetrySourceGeneratorMetricsTests.Generate_GivenAutoCounterWithInstrumentationValue_GeneratesDiagnostic#Targets.g.received.cs
      Verified: TelemetrySourceGeneratorMetricsTests.Generate_GivenAutoCounterWithInstrumentationValue_GeneratesDiagnostic#Targets.g.verified.cs
    - Received: TelemetrySourceGeneratorMetricsTests.Generate_GivenAutoCounterWithInstrumentationValue_GeneratesDiagnostic#TelemetryGenerationAttribute.g.received.cs
      Verified: TelemetrySourceGeneratorMetricsTests.Generate_GivenAutoCounterWithInstrumentationValue_GeneratesDiagnostic#TelemetryGenerationAttribute.g.verified.cs
    - Received: TelemetrySourceGeneratorMetricsTests.Generate_GivenAutoCounterWithInstrumentationValue_GeneratesDiagnostic#Testing.TestMetricsCore.Metric.g.received.cs
      Verified: TelemetrySourceGeneratorMetricsTests.Generate_GivenAutoCounterWithInstrumentationValue_GeneratesDiagnostic#Testing.TestMetricsCore.Metric.g.verified.cs
    - Received: TelemetrySourceGeneratorMetricsTests.Generate_GivenAutoCounterWithInstrumentationValue_GeneratesDiagnostic#TraceAttribute.g.received.cs
      Verified: TelemetrySourceGeneratorMetricsTests.Generate_GivenAutoCounterWithInstrumentationValue_GeneratesDiagnostic#TraceAttribute.g.verified.cs
    - Received: TelemetrySourceGeneratorMetricsTests.Generate_GivenAutoCounterWithInstrumentationValue_GeneratesDiagnostic#UpDownCounterAttribute.g.received.cs
      Verified: TelemetrySourceGeneratorMetricsTests.Generate_GivenAutoCounterWithInstrumentationValue_GeneratesDiagnostic#UpDownCounterAttribute.g.verified.cs
    - Received: TelemetrySourceGeneratorMetricsTests.Generate_GivenAutoCounterWithInstrumentationValue_GeneratesDiagnostic#WarningAttribute.g.received.cs
      Verified: TelemetrySourceGeneratorMetricsTests.Generate_GivenAutoCounterWithInstrumentationValue_GeneratesDiagnostic#WarningAttribute.g.verified.cs
  
  Standard output
    DBG: --- Adding templates.
    DBG: Adding ActivitySourceGenerationAttribute as ActivitySourceGenerationAttribute.g.cs.
    DBG: Adding ActivitySourceAttribute as ActivitySourceAttribute.g.cs.
    DBG: Adding ActivityAttribute as ActivityAttribute.g.cs.
    DBG: Adding EventAttribute as EventAttribute.g.cs.
    DBG: Adding ContextAttribute as ContextAttribute.g.cs.
    DBG: Adding BaggageAttribute as BaggageAttribute.g.cs.
    DBG: Adding EscapeAttribute as EscapeAttribute.g.cs.
    DBG: Adding StatusDescriptionAttribute as StatusDescriptionAttribute.g.cs.
    DBG: Adding LoggerGenerationAttribute as LoggerGenerationAttribute.g.cs.
    DBG: Adding LoggerAttribute as LoggerAttribute.g.cs.
    DBG: Adding LogAttribute as LogAttribute.g.cs.
    DBG: Adding LogPrefixType as LogPrefixType.g.cs.
    DBG: Adding LoggerGenerationMode as LoggerGenerationMode.g.cs.
    DBG: Adding ExpandEnumerableAttribute as ExpandEnumerableAttribute.g.cs.
    DBG: Adding TraceAttribute as TraceAttribute.g.cs.
    DBG: Adding DebugAttribute as DebugAttribute.g.cs.
    DBG: Adding InfoAttribute as InfoAttribute.g.cs.
    DBG: Adding WarningAttribute as WarningAttribute.g.cs.
    DBG: Adding ErrorAttribute as ErrorAttribute.g.cs.
    DBG: Adding CriticalAttribute as CriticalAttribute.g.cs.
    DBG: Adding MeterGenerationAttribute as MeterGenerationAttribute.g.cs.
    DBG: Adding MeterAttribute as MeterAttribute.g.cs.
    DBG: Adding MeterNameGenerationType as MeterNameGenerationType.g.cs.
    DBG: Adding InstrumentMeasurementAttribute as InstrumentMeasurementAttribute.g.cs.
    DBG: Adding AutoCounterAttribute as AutoCounterAttribute.g.cs.
    DBG: Adding CounterAttribute as CounterAttribute.g.cs.
    DBG: Adding UpDownCounterAttribute as UpDownCounterAttribute.g.cs.
    DBG: Adding HistogramAttribute as HistogramAttribute.g.cs.
    DBG: Adding ObservableCounterAttribute as ObservableCounterAttribute.g.cs.
    DBG: Adding ObservableGaugeAttribute as ObservableGaugeAttribute.g.cs.
    DBG: Adding ObservableUpDownCounterAttribute as ObservableUpDownCounterAttribute.g.cs.
    DBG: Adding TagAttribute as TagAttribute.g.cs.
    DBG: Adding ExcludeAttribute as ExcludeAttribute.g.cs.
    DBG: Adding TelemetryGenerationAttribute as TelemetryGenerationAttribute.g.cs.
    DBG: Adding Targets as Targets.g.cs.
    DBG: Adding NamingConvention as NamingConvention.g.cs.
    DBG: Adding ExcludeTargetsAttribute as ExcludeTargetsAttribute.g.cs.
    DBG: --- Finished adding templates.
    DBG: Found attribute: Purview.Telemetry.MeterAttribute("testing-meter")
    DBG: Found attribute: Purview.Telemetry.TelemetryGenerationAttribute(GenerateDependencyExtension = false)
    DBG: Found possible instrument method ITestMetrics.AutoCounter.
    DBG: Found attribute: Purview.Telemetry.AutoCounterAttribute
    DBG: Found explicit instrument measurement: value.
    DBG: Found explicit tag: intParam.
    DBG: Found attribute: Purview.Telemetry.TagAttribute
    DBG: Found explicit tag: boolParam.
    DBG: Found attribute: Purview.Telemetry.TagAttribute
    DBG: Meter generation target: Testing.TestMetricsCore
    DBG: Generating metric class for: Testing.TestMetricsCore
    DBG: Emitting fields for TestMetricsCore
    DBG: Emitting partial method for populating tags: PopulateMeterTags.
    DBG: Emitting instrument method: AutoCounter.
    DBG: Skipping dependency injection emit.
    DBG: Found attribute: Purview.Telemetry.MeterAttribute("testing-meter")
    DBG: Found attribute: Purview.Telemetry.TelemetryGenerationAttribute(GenerateDependencyExtension = false)
    DBG: Found possible instrument method ITestMetrics.AutoCounter.
    DBG: Found attribute: Purview.Telemetry.AutoCounterAttribute
    DBG: Found explicit instrument measurement: value.
    DBG: Found explicit tag: intParam.
    DBG: Found attribute: Purview.Telemetry.TagAttribute
    DBG: Found explicit tag: boolParam.
    DBG: Found attribute: Purview.Telemetry.TagAttribute
    DBG: Generating Telemetry Names using class 'TelemetryNames'.
    
  Error output
failed Generate_GivenInterfaceWithGenerics_RaisesDiagnostics(5) (4s 389ms)
  [Test Failure] VerifyException: Directory: P:\GitHub\kjldev\purview-telemetry-sourcegenerator\src\Purview.Telemetry.SourceGenerator.IntegrationTests\Snapshots
Delete:
  - TelemetrySourceGeneratorMetricsTests.Generate_GivenInterfaceWithGenerics_RaisesDiagnostics_GuNZL4JIw_h5tWr-PyzmqtRbqJhDR5bTXFZWhDl_s-Y#Purview.Telemetry.SourceGenerator.TelemetryNames.g.verified.cs
  - TelemetrySourceGeneratorMetricsTests.Generate_GivenInterfaceWithGenerics_RaisesDiagnostics_GuNZL4JIw_h5tWr-PyzmqtRbqJhDR5bTXFZWhDl_s-Y.verified.txt
Equal:
  - Received: TelemetrySourceGeneratorMetricsTests.Generate_GivenInterfaceWithGenerics_RaisesDiagnostics_GuNZL4JIw_h5tWr-PyzmqtRbqJhDR5bTXFZWhDl_s-Y#ActivityAttribute.g.received.cs
    Verified: TelemetrySourceGeneratorMetricsTests.Generate_GivenInterfaceWithGenerics_RaisesDiagnostics_GuNZL4JIw_h5tWr-PyzmqtRbqJhDR5bTXFZWhDl_s-Y#ActivityAttribute.g.verified.cs
  - Received: TelemetrySourceGeneratorMetricsTests.Generate_GivenInterfaceWithGenerics_RaisesDiagnostics_GuNZL4JIw_h5tWr-PyzmqtRbqJhDR5bTXFZWhDl_s-Y#ActivitySourceAttribute.g.received.cs
    Verified: TelemetrySourceGeneratorMetricsTests.Generate_GivenInterfaceWithGenerics_RaisesDiagnostics_GuNZL4JIw_h5tWr-PyzmqtRbqJhDR5bTXFZWhDl_s-Y#ActivitySourceAttribute.g.verified.cs
  - Received: TelemetrySourceGeneratorMetricsTests.Generate_GivenInterfaceWithGenerics_RaisesDiagnostics_GuNZL4JIw_h5tWr-PyzmqtRbqJhDR5bTXFZWhDl_s-Y#ActivitySourceGenerationAttribute.g.received.cs
    Verified: TelemetrySourceGeneratorMetricsTests.Generate_GivenInterfaceWithGenerics_RaisesDiagnostics_GuNZL4JIw_h5tWr-PyzmqtRbqJhDR5bTXFZWhDl_s-Y#ActivitySourceGenerationAttribute.g.verified.cs
  - Received: TelemetrySourceGeneratorMetricsTests.Generate_GivenInterfaceWithGenerics_RaisesDiagnostics_GuNZL4JIw_h5tWr-PyzmqtRbqJhDR5bTXFZWhDl_s-Y#AutoCounterAttribute.g.received.cs
    Verified: TelemetrySourceGeneratorMetricsTests.Generate_GivenInterfaceWithGenerics_RaisesDiagnostics_GuNZL4JIw_h5tWr-PyzmqtRbqJhDR5bTXFZWhDl_s-Y#AutoCounterAttribute.g.verified.cs
  - Received: TelemetrySourceGeneratorMetricsTests.Generate_GivenInterfaceWithGenerics_RaisesDiagnostics_GuNZL4JIw_h5tWr-PyzmqtRbqJhDR5bTXFZWhDl_s-Y#BaggageAttribute.g.received.cs
    Verified: TelemetrySourceGeneratorMetricsTests.Generate_GivenInterfaceWithGenerics_RaisesDiagnostics_GuNZL4JIw_h5tWr-PyzmqtRbqJhDR5bTXFZWhDl_s-Y#BaggageAttribute.g.verified.cs
  - Received: TelemetrySourceGeneratorMetricsTests.Generate_GivenInterfaceWithGenerics_RaisesDiagnostics_GuNZL4JIw_h5tWr-PyzmqtRbqJhDR5bTXFZWhDl_s-Y#ContextAttribute.g.received.cs
    Verified: TelemetrySourceGeneratorMetricsTests.Generate_GivenInterfaceWithGenerics_RaisesDiagnostics_GuNZL4JIw_h5tWr-PyzmqtRbqJhDR5bTXFZWhDl_s-Y#ContextAttribute.g.verified.cs
  - Received: TelemetrySourceGeneratorMetricsTests.Generate_GivenInterfaceWithGenerics_RaisesDiagnostics_GuNZL4JIw_h5tWr-PyzmqtRbqJhDR5bTXFZWhDl_s-Y#CounterAttribute.g.received.cs
    Verified: TelemetrySourceGeneratorMetricsTests.Generate_GivenInterfaceWithGenerics_RaisesDiagnostics_GuNZL4JIw_h5tWr-PyzmqtRbqJhDR5bTXFZWhDl_s-Y#CounterAttribute.g.verified.cs
  - Received: TelemetrySourceGeneratorMetricsTests.Generate_GivenInterfaceWithGenerics_RaisesDiagnostics_GuNZL4JIw_h5tWr-PyzmqtRbqJhDR5bTXFZWhDl_s-Y#CriticalAttribute.g.received.cs
    Verified: TelemetrySourceGeneratorMetricsTests.Generate_GivenInterfaceWithGenerics_RaisesDiagnostics_GuNZL4JIw_h5tWr-PyzmqtRbqJhDR5bTXFZWhDl_s-Y#CriticalAttribute.g.verified.cs
  - Received: TelemetrySourceGeneratorMetricsTests.Generate_GivenInterfaceWithGenerics_RaisesDiagnostics_GuNZL4JIw_h5tWr-PyzmqtRbqJhDR5bTXFZWhDl_s-Y#DebugAttribute.g.received.cs
    Verified: TelemetrySourceGeneratorMetricsTests.Generate_GivenInterfaceWithGenerics_RaisesDiagnostics_GuNZL4JIw_h5tWr-PyzmqtRbqJhDR5bTXFZWhDl_s-Y#DebugAttribute.g.verified.cs
  - Received: TelemetrySourceGeneratorMetricsTests.Generate_GivenInterfaceWithGenerics_RaisesDiagnostics_GuNZL4JIw_h5tWr-PyzmqtRbqJhDR5bTXFZWhDl_s-Y#ErrorAttribute.g.received.cs
    Verified: TelemetrySourceGeneratorMetricsTests.Generate_GivenInterfaceWithGenerics_RaisesDiagnostics_GuNZL4JIw_h5tWr-PyzmqtRbqJhDR5bTXFZWhDl_s-Y#ErrorAttribute.g.verified.cs
  - Received: TelemetrySourceGeneratorMetricsTests.Generate_GivenInterfaceWithGenerics_RaisesDiagnostics_GuNZL4JIw_h5tWr-PyzmqtRbqJhDR5bTXFZWhDl_s-Y#EscapeAttribute.g.received.cs
    Verified: TelemetrySourceGeneratorMetricsTests.Generate_GivenInterfaceWithGenerics_RaisesDiagnostics_GuNZL4JIw_h5tWr-PyzmqtRbqJhDR5bTXFZWhDl_s-Y#EscapeAttribute.g.verified.cs
  - Received: TelemetrySourceGeneratorMetricsTests.Generate_GivenInterfaceWithGenerics_RaisesDiagnostics_GuNZL4JIw_h5tWr-PyzmqtRbqJhDR5bTXFZWhDl_s-Y#EventAttribute.g.received.cs
    Verified: TelemetrySourceGeneratorMetricsTests.Generate_GivenInterfaceWithGenerics_RaisesDiagnostics_GuNZL4JIw_h5tWr-PyzmqtRbqJhDR5bTXFZWhDl_s-Y#EventAttribute.g.verified.cs
  - Received: TelemetrySourceGeneratorMetricsTests.Generate_GivenInterfaceWithGenerics_RaisesDiagnostics_GuNZL4JIw_h5tWr-PyzmqtRbqJhDR5bTXFZWhDl_s-Y#ExcludeAttribute.g.received.cs
    Verified: TelemetrySourceGeneratorMetricsTests.Generate_GivenInterfaceWithGenerics_RaisesDiagnostics_GuNZL4JIw_h5tWr-PyzmqtRbqJhDR5bTXFZWhDl_s-Y#ExcludeAttribute.g.verified.cs
  - Received: TelemetrySourceGeneratorMetricsTests.Generate_GivenInterfaceWithGenerics_RaisesDiagnostics_GuNZL4JIw_h5tWr-PyzmqtRbqJhDR5bTXFZWhDl_s-Y#ExcludeTargetsAttribute.g.received.cs
    Verified: TelemetrySourceGeneratorMetricsTests.Generate_GivenInterfaceWithGenerics_RaisesDiagnostics_GuNZL4JIw_h5tWr-PyzmqtRbqJhDR5bTXFZWhDl_s-Y#ExcludeTargetsAttribute.g.verified.cs
  - Received: TelemetrySourceGeneratorMetricsTests.Generate_GivenInterfaceWithGenerics_RaisesDiagnostics_GuNZL4JIw_h5tWr-PyzmqtRbqJhDR5bTXFZWhDl_s-Y#ExpandEnumerableAttribute.g.received.cs
    Verified: TelemetrySourceGeneratorMetricsTests.Generate_GivenInterfaceWithGenerics_RaisesDiagnostics_GuNZL4JIw_h5tWr-PyzmqtRbqJhDR5bTXFZWhDl_s-Y#ExpandEnumerableAttribute.g.verified.cs
  - Received: TelemetrySourceGeneratorMetricsTests.Generate_GivenInterfaceWithGenerics_RaisesDiagnostics_GuNZL4JIw_h5tWr-PyzmqtRbqJhDR5bTXFZWhDl_s-Y#HistogramAttribute.g.received.cs
    Verified: TelemetrySourceGeneratorMetricsTests.Generate_GivenInterfaceWithGenerics_RaisesDiagnostics_GuNZL4JIw_h5tWr-PyzmqtRbqJhDR5bTXFZWhDl_s-Y#HistogramAttribute.g.verified.cs
  - Received: TelemetrySourceGeneratorMetricsTests.Generate_GivenInterfaceWithGenerics_RaisesDiagnostics_GuNZL4JIw_h5tWr-PyzmqtRbqJhDR5bTXFZWhDl_s-Y#InfoAttribute.g.received.cs
    Verified: TelemetrySourceGeneratorMetricsTests.Generate_GivenInterfaceWithGenerics_RaisesDiagnostics_GuNZL4JIw_h5tWr-PyzmqtRbqJhDR5bTXFZWhDl_s-Y#InfoAttribute.g.verified.cs
  - Received: TelemetrySourceGeneratorMetricsTests.Generate_GivenInterfaceWithGenerics_RaisesDiagnostics_GuNZL4JIw_h5tWr-PyzmqtRbqJhDR5bTXFZWhDl_s-Y#InstrumentMeasurementAttribute.g.received.cs
    Verified: TelemetrySourceGeneratorMetricsTests.Generate_GivenInterfaceWithGenerics_RaisesDiagnostics_GuNZL4JIw_h5tWr-PyzmqtRbqJhDR5bTXFZWhDl_s-Y#InstrumentMeasurementAttribute.g.verified.cs
  - Received: TelemetrySourceGeneratorMetricsTests.Generate_GivenInterfaceWithGenerics_RaisesDiagnostics_GuNZL4JIw_h5tWr-PyzmqtRbqJhDR5bTXFZWhDl_s-Y#LogAttribute.g.received.cs
    Verified: TelemetrySourceGeneratorMetricsTests.Generate_GivenInterfaceWithGenerics_RaisesDiagnostics_GuNZL4JIw_h5tWr-PyzmqtRbqJhDR5bTXFZWhDl_s-Y#LogAttribute.g.verified.cs
  - Received: TelemetrySourceGeneratorMetricsTests.Generate_GivenInterfaceWithGenerics_RaisesDiagnostics_GuNZL4JIw_h5tWr-PyzmqtRbqJhDR5bTXFZWhDl_s-Y#LoggerAttribute.g.received.cs
    Verified: TelemetrySourceGeneratorMetricsTests.Generate_GivenInterfaceWithGenerics_RaisesDiagnostics_GuNZL4JIw_h5tWr-PyzmqtRbqJhDR5bTXFZWhDl_s-Y#LoggerAttribute.g.verified.cs
  - Received: TelemetrySourceGeneratorMetricsTests.Generate_GivenInterfaceWithGenerics_RaisesDiagnostics_GuNZL4JIw_h5tWr-PyzmqtRbqJhDR5bTXFZWhDl_s-Y#LoggerGenerationAttribute.g.received.cs
    Verified: TelemetrySourceGeneratorMetricsTests.Generate_GivenInterfaceWithGenerics_RaisesDiagnostics_GuNZL4JIw_h5tWr-PyzmqtRbqJhDR5bTXFZWhDl_s-Y#LoggerGenerationAttribute.g.verified.cs
  - Received: TelemetrySourceGeneratorMetricsTests.Generate_GivenInterfaceWithGenerics_RaisesDiagnostics_GuNZL4JIw_h5tWr-PyzmqtRbqJhDR5bTXFZWhDl_s-Y#LoggerGenerationMode.g.received.cs
    Verified: TelemetrySourceGeneratorMetricsTests.Generate_GivenInterfaceWithGenerics_RaisesDiagnostics_GuNZL4JIw_h5tWr-PyzmqtRbqJhDR5bTXFZWhDl_s-Y#LoggerGenerationMode.g.verified.cs
  - Received: TelemetrySourceGeneratorMetricsTests.Generate_GivenInterfaceWithGenerics_RaisesDiagnostics_GuNZL4JIw_h5tWr-PyzmqtRbqJhDR5bTXFZWhDl_s-Y#LogPrefixType.g.received.cs
    Verified: TelemetrySourceGeneratorMetricsTests.Generate_GivenInterfaceWithGenerics_RaisesDiagnostics_GuNZL4JIw_h5tWr-PyzmqtRbqJhDR5bTXFZWhDl_s-Y#LogPrefixType.g.verified.cs
  - Received: TelemetrySourceGeneratorMetricsTests.Generate_GivenInterfaceWithGenerics_RaisesDiagnostics_GuNZL4JIw_h5tWr-PyzmqtRbqJhDR5bTXFZWhDl_s-Y#MeterAttribute.g.received.cs
    Verified: TelemetrySourceGeneratorMetricsTests.Generate_GivenInterfaceWithGenerics_RaisesDiagnostics_GuNZL4JIw_h5tWr-PyzmqtRbqJhDR5bTXFZWhDl_s-Y#MeterAttribute.g.verified.cs
  - Received: TelemetrySourceGeneratorMetricsTests.Generate_GivenInterfaceWithGenerics_RaisesDiagnostics_GuNZL4JIw_h5tWr-PyzmqtRbqJhDR5bTXFZWhDl_s-Y#MeterGenerationAttribute.g.received.cs
    Verified: TelemetrySourceGeneratorMetricsTests.Generate_GivenInterfaceWithGenerics_RaisesDiagnostics_GuNZL4JIw_h5tWr-PyzmqtRbqJhDR5bTXFZWhDl_s-Y#MeterGenerationAttribute.g.verified.cs
  - Received: TelemetrySourceGeneratorMetricsTests.Generate_GivenInterfaceWithGenerics_RaisesDiagnostics_GuNZL4JIw_h5tWr-PyzmqtRbqJhDR5bTXFZWhDl_s-Y#MeterNameGenerationType.g.received.cs
    Verified: TelemetrySourceGeneratorMetricsTests.Generate_GivenInterfaceWithGenerics_RaisesDiagnostics_GuNZL4JIw_h5tWr-PyzmqtRbqJhDR5bTXFZWhDl_s-Y#MeterNameGenerationType.g.verified.cs
  - Received: TelemetrySourceGeneratorMetricsTests.Generate_GivenInterfaceWithGenerics_RaisesDiagnostics_GuNZL4JIw_h5tWr-PyzmqtRbqJhDR5bTXFZWhDl_s-Y#NamingConvention.g.received.cs
    Verified: TelemetrySourceGeneratorMetricsTests.Generate_GivenInterfaceWithGenerics_RaisesDiagnostics_GuNZL4JIw_h5tWr-PyzmqtRbqJhDR5bTXFZWhDl_s-Y#NamingConvention.g.verified.cs
  - Received: TelemetrySourceGeneratorMetricsTests.Generate_GivenInterfaceWithGenerics_RaisesDiagnostics_GuNZL4JIw_h5tWr-PyzmqtRbqJhDR5bTXFZWhDl_s-Y#ObservableCounterAttribute.g.received.cs
    Verified: TelemetrySourceGeneratorMetricsTests.Generate_GivenInterfaceWithGenerics_RaisesDiagnostics_GuNZL4JIw_h5tWr-PyzmqtRbqJhDR5bTXFZWhDl_s-Y#ObservableCounterAttribute.g.verified.cs
  - Received: TelemetrySourceGeneratorMetricsTests.Generate_GivenInterfaceWithGenerics_RaisesDiagnostics_GuNZL4JIw_h5tWr-PyzmqtRbqJhDR5bTXFZWhDl_s-Y#ObservableGaugeAttribute.g.received.cs
    Verified: TelemetrySourceGeneratorMetricsTests.Generate_GivenInterfaceWithGenerics_RaisesDiagnostics_GuNZL4JIw_h5tWr-PyzmqtRbqJhDR5bTXFZWhDl_s-Y#ObservableGaugeAttribute.g.verified.cs
  - Received: TelemetrySourceGeneratorMetricsTests.Generate_GivenInterfaceWithGenerics_RaisesDiagnostics_GuNZL4JIw_h5tWr-PyzmqtRbqJhDR5bTXFZWhDl_s-Y#ObservableUpDownCounterAttribute.g.received.cs
    Verified: TelemetrySourceGeneratorMetricsTests.Generate_GivenInterfaceWithGenerics_RaisesDiagnostics_GuNZL4JIw_h5tWr-PyzmqtRbqJhDR5bTXFZWhDl_s-Y#ObservableUpDownCounterAttribute.g.verified.cs
  - Received: TelemetrySourceGeneratorMetricsTests.Generate_GivenInterfaceWithGenerics_RaisesDiagnostics_GuNZL4JIw_h5tWr-PyzmqtRbqJhDR5bTXFZWhDl_s-Y#StatusDescriptionAttribute.g.received.cs
    Verified: TelemetrySourceGeneratorMetricsTests.Generate_GivenInterfaceWithGenerics_RaisesDiagnostics_GuNZL4JIw_h5tWr-PyzmqtRbqJhDR5bTXFZWhDl_s-Y#StatusDescriptionAttribute.g.verified.cs
  - Received: TelemetrySourceGeneratorMetricsTests.Generate_GivenInterfaceWithGenerics_RaisesDiagnostics_GuNZL4JIw_h5tWr-PyzmqtRbqJhDR5bTXFZWhDl_s-Y#TagAttribute.g.received.cs
    Verified: TelemetrySourceGeneratorMetricsTests.Generate_GivenInterfaceWithGenerics_RaisesDiagnostics_GuNZL4JIw_h5tWr-PyzmqtRbqJhDR5bTXFZWhDl_s-Y#TagAttribute.g.verified.cs
  - Received: TelemetrySourceGeneratorMetricsTests.Generate_GivenInterfaceWithGenerics_RaisesDiagnostics_GuNZL4JIw_h5tWr-PyzmqtRbqJhDR5bTXFZWhDl_s-Y#Targets.g.received.cs
    Verified: TelemetrySourceGeneratorMetricsTests.Generate_GivenInterfaceWithGenerics_RaisesDiagnostics_GuNZL4JIw_h5tWr-PyzmqtRbqJhDR5bTXFZWhDl_s-Y#Targets.g.verified.cs
  - Received: TelemetrySourceGeneratorMetricsTests.Generate_GivenInterfaceWithGenerics_RaisesDiagnostics_GuNZL4JIw_h5tWr-PyzmqtRbqJhDR5bTXFZWhDl_s-Y#TelemetryGenerationAttribute.g.received.cs
    Verified: TelemetrySourceGeneratorMetricsTests.Generate_GivenInterfaceWithGenerics_RaisesDiagnostics_GuNZL4JIw_h5tWr-PyzmqtRbqJhDR5bTXFZWhDl_s-Y#TelemetryGenerationAttribute.g.verified.cs
  - Received: TelemetrySourceGeneratorMetricsTests.Generate_GivenInterfaceWithGenerics_RaisesDiagnostics_GuNZL4JIw_h5tWr-PyzmqtRbqJhDR5bTXFZWhDl_s-Y#TraceAttribute.g.received.cs
    Verified: TelemetrySourceGeneratorMetricsTests.Generate_GivenInterfaceWithGenerics_RaisesDiagnostics_GuNZL4JIw_h5tWr-PyzmqtRbqJhDR5bTXFZWhDl_s-Y#TraceAttribute.g.verified.cs
  - Received: TelemetrySourceGeneratorMetricsTests.Generate_GivenInterfaceWithGenerics_RaisesDiagnostics_GuNZL4JIw_h5tWr-PyzmqtRbqJhDR5bTXFZWhDl_s-Y#UpDownCounterAttribute.g.received.cs
    Verified: TelemetrySourceGeneratorMetricsTests.Generate_GivenInterfaceWithGenerics_RaisesDiagnostics_GuNZL4JIw_h5tWr-PyzmqtRbqJhDR5bTXFZWhDl_s-Y#UpDownCounterAttribute.g.verified.cs
  - Received: TelemetrySourceGeneratorMetricsTests.Generate_GivenInterfaceWithGenerics_RaisesDiagnostics_GuNZL4JIw_h5tWr-PyzmqtRbqJhDR5bTXFZWhDl_s-Y#WarningAttribute.g.received.cs
    Verified: TelemetrySourceGeneratorMetricsTests.Generate_GivenInterfaceWithGenerics_RaisesDiagnostics_GuNZL4JIw_h5tWr-PyzmqtRbqJhDR5bTXFZWhDl_s-Y#WarningAttribute.g.verified.cs

  from P:\GitHub\kjldev\purview-telemetry-sourcegenerator\src\Purview.Telemetry.SourceGenerator.IntegrationTests\bin\Release\net10.0\Purview.Telemetry.SourceGenerator.IntegrationTests.dll (net10.0|x64)
  TUnit.Engine.Exceptions.TestFailedException: [Test Failure] VerifyException: Directory: P:\GitHub\kjldev\purview-telemetry-sourcegenerator\src\Purview.Telemetry.SourceGenerator.IntegrationTests\Snapshots
  Delete:
    - TelemetrySourceGeneratorMetricsTests.Generate_GivenInterfaceWithGenerics_RaisesDiagnostics_GuNZL4JIw_h5tWr-PyzmqtRbqJhDR5bTXFZWhDl_s-Y#Purview.Telemetry.SourceGenerator.TelemetryNames.g.verified.cs
    - TelemetrySourceGeneratorMetricsTests.Generate_GivenInterfaceWithGenerics_RaisesDiagnostics_GuNZL4JIw_h5tWr-PyzmqtRbqJhDR5bTXFZWhDl_s-Y.verified.txt
  Equal:
    - Received: TelemetrySourceGeneratorMetricsTests.Generate_GivenInterfaceWithGenerics_RaisesDiagnostics_GuNZL4JIw_h5tWr-PyzmqtRbqJhDR5bTXFZWhDl_s-Y#ActivityAttribute.g.received.cs
      Verified: TelemetrySourceGeneratorMetricsTests.Generate_GivenInterfaceWithGenerics_RaisesDiagnostics_GuNZL4JIw_h5tWr-PyzmqtRbqJhDR5bTXFZWhDl_s-Y#ActivityAttribute.g.verified.cs
    - Received: TelemetrySourceGeneratorMetricsTests.Generate_GivenInterfaceWithGenerics_RaisesDiagnostics_GuNZL4JIw_h5tWr-PyzmqtRbqJhDR5bTXFZWhDl_s-Y#ActivitySourceAttribute.g.received.cs
      Verified: TelemetrySourceGeneratorMetricsTests.Generate_GivenInterfaceWithGenerics_RaisesDiagnostics_GuNZL4JIw_h5tWr-PyzmqtRbqJhDR5bTXFZWhDl_s-Y#ActivitySourceAttribute.g.verified.cs
    - Received: TelemetrySourceGeneratorMetricsTests.Generate_GivenInterfaceWithGenerics_RaisesDiagnostics_GuNZL4JIw_h5tWr-PyzmqtRbqJhDR5bTXFZWhDl_s-Y#ActivitySourceGenerationAttribute.g.received.cs
      Verified: TelemetrySourceGeneratorMetricsTests.Generate_GivenInterfaceWithGenerics_RaisesDiagnostics_GuNZL4JIw_h5tWr-PyzmqtRbqJhDR5bTXFZWhDl_s-Y#ActivitySourceGenerationAttribute.g.verified.cs
    - Received: TelemetrySourceGeneratorMetricsTests.Generate_GivenInterfaceWithGenerics_RaisesDiagnostics_GuNZL4JIw_h5tWr-PyzmqtRbqJhDR5bTXFZWhDl_s-Y#AutoCounterAttribute.g.received.cs
      Verified: TelemetrySourceGeneratorMetricsTests.Generate_GivenInterfaceWithGenerics_RaisesDiagnostics_GuNZL4JIw_h5tWr-PyzmqtRbqJhDR5bTXFZWhDl_s-Y#AutoCounterAttribute.g.verified.cs
    - Received: TelemetrySourceGeneratorMetricsTests.Generate_GivenInterfaceWithGenerics_RaisesDiagnostics_GuNZL4JIw_h5tWr-PyzmqtRbqJhDR5bTXFZWhDl_s-Y#BaggageAttribute.g.received.cs
      Verified: TelemetrySourceGeneratorMetricsTests.Generate_GivenInterfaceWithGenerics_RaisesDiagnostics_GuNZL4JIw_h5tWr-PyzmqtRbqJhDR5bTXFZWhDl_s-Y#BaggageAttribute.g.verified.cs
    - Received: TelemetrySourceGeneratorMetricsTests.Generate_GivenInterfaceWithGenerics_RaisesDiagnostics_GuNZL4JIw_h5tWr-PyzmqtRbqJhDR5bTXFZWhDl_s-Y#ContextAttribute.g.received.cs
      Verified: TelemetrySourceGeneratorMetricsTests.Generate_GivenInterfaceWithGenerics_RaisesDiagnostics_GuNZL4JIw_h5tWr-PyzmqtRbqJhDR5bTXFZWhDl_s-Y#ContextAttribute.g.verified.cs
    - Received: TelemetrySourceGeneratorMetricsTests.Generate_GivenInterfaceWithGenerics_RaisesDiagnostics_GuNZL4JIw_h5tWr-PyzmqtRbqJhDR5bTXFZWhDl_s-Y#CounterAttribute.g.received.cs
      Verified: TelemetrySourceGeneratorMetricsTests.Generate_GivenInterfaceWithGenerics_RaisesDiagnostics_GuNZL4JIw_h5tWr-PyzmqtRbqJhDR5bTXFZWhDl_s-Y#CounterAttribute.g.verified.cs
    - Received: TelemetrySourceGeneratorMetricsTests.Generate_GivenInterfaceWithGenerics_RaisesDiagnostics_GuNZL4JIw_h5tWr-PyzmqtRbqJhDR5bTXFZWhDl_s-Y#CriticalAttribute.g.received.cs
      Verified: TelemetrySourceGeneratorMetricsTests.Generate_GivenInterfaceWithGenerics_RaisesDiagnostics_GuNZL4JIw_h5tWr-PyzmqtRbqJhDR5bTXFZWhDl_s-Y#CriticalAttribute.g.verified.cs
    - Received: TelemetrySourceGeneratorMetricsTests.Generate_GivenInterfaceWithGenerics_RaisesDiagnostics_GuNZL4JIw_h5tWr-PyzmqtRbqJhDR5bTXFZWhDl_s-Y#DebugAttribute.g.received.cs
      Verified: TelemetrySourceGeneratorMetricsTests.Generate_GivenInterfaceWithGenerics_RaisesDiagnostics_GuNZL4JIw_h5tWr-PyzmqtRbqJhDR5bTXFZWhDl_s-Y#DebugAttribute.g.verified.cs
    - Received: TelemetrySourceGeneratorMetricsTests.Generate_GivenInterfaceWithGenerics_RaisesDiagnostics_GuNZL4JIw_h5tWr-PyzmqtRbqJhDR5bTXFZWhDl_s-Y#ErrorAttribute.g.received.cs
      Verified: TelemetrySourceGeneratorMetricsTests.Generate_GivenInterfaceWithGenerics_RaisesDiagnostics_GuNZL4JIw_h5tWr-PyzmqtRbqJhDR5bTXFZWhDl_s-Y#ErrorAttribute.g.verified.cs
    - Received: TelemetrySourceGeneratorMetricsTests.Generate_GivenInterfaceWithGenerics_RaisesDiagnostics_GuNZL4JIw_h5tWr-PyzmqtRbqJhDR5bTXFZWhDl_s-Y#EscapeAttribute.g.received.cs
      Verified: TelemetrySourceGeneratorMetricsTests.Generate_GivenInterfaceWithGenerics_RaisesDiagnostics_GuNZL4JIw_h5tWr-PyzmqtRbqJhDR5bTXFZWhDl_s-Y#EscapeAttribute.g.verified.cs
    - Received: TelemetrySourceGeneratorMetricsTests.Generate_GivenInterfaceWithGenerics_RaisesDiagnostics_GuNZL4JIw_h5tWr-PyzmqtRbqJhDR5bTXFZWhDl_s-Y#EventAttribute.g.received.cs
      Verified: TelemetrySourceGeneratorMetricsTests.Generate_GivenInterfaceWithGenerics_RaisesDiagnostics_GuNZL4JIw_h5tWr-PyzmqtRbqJhDR5bTXFZWhDl_s-Y#EventAttribute.g.verified.cs
    - Received: TelemetrySourceGeneratorMetricsTests.Generate_GivenInterfaceWithGenerics_RaisesDiagnostics_GuNZL4JIw_h5tWr-PyzmqtRbqJhDR5bTXFZWhDl_s-Y#ExcludeAttribute.g.received.cs
      Verified: TelemetrySourceGeneratorMetricsTests.Generate_GivenInterfaceWithGenerics_RaisesDiagnostics_GuNZL4JIw_h5tWr-PyzmqtRbqJhDR5bTXFZWhDl_s-Y#ExcludeAttribute.g.verified.cs
    - Received: TelemetrySourceGeneratorMetricsTests.Generate_GivenInterfaceWithGenerics_RaisesDiagnostics_GuNZL4JIw_h5tWr-PyzmqtRbqJhDR5bTXFZWhDl_s-Y#ExcludeTargetsAttribute.g.received.cs
      Verified: TelemetrySourceGeneratorMetricsTests.Generate_GivenInterfaceWithGenerics_RaisesDiagnostics_GuNZL4JIw_h5tWr-PyzmqtRbqJhDR5bTXFZWhDl_s-Y#ExcludeTargetsAttribute.g.verified.cs
    - Received: TelemetrySourceGeneratorMetricsTests.Generate_GivenInterfaceWithGenerics_RaisesDiagnostics_GuNZL4JIw_h5tWr-PyzmqtRbqJhDR5bTXFZWhDl_s-Y#ExpandEnumerableAttribute.g.received.cs
      Verified: TelemetrySourceGeneratorMetricsTests.Generate_GivenInterfaceWithGenerics_RaisesDiagnostics_GuNZL4JIw_h5tWr-PyzmqtRbqJhDR5bTXFZWhDl_s-Y#ExpandEnumerableAttribute.g.verified.cs
    - Received: TelemetrySourceGeneratorMetricsTests.Generate_GivenInterfaceWithGenerics_RaisesDiagnostics_GuNZL4JIw_h5tWr-PyzmqtRbqJhDR5bTXFZWhDl_s-Y#HistogramAttribute.g.received.cs
      Verified: TelemetrySourceGeneratorMetricsTests.Generate_GivenInterfaceWithGenerics_RaisesDiagnostics_GuNZL4JIw_h5tWr-PyzmqtRbqJhDR5bTXFZWhDl_s-Y#HistogramAttribute.g.verified.cs
    - Received: TelemetrySourceGeneratorMetricsTests.Generate_GivenInterfaceWithGenerics_RaisesDiagnostics_GuNZL4JIw_h5tWr-PyzmqtRbqJhDR5bTXFZWhDl_s-Y#InfoAttribute.g.received.cs
      Verified: TelemetrySourceGeneratorMetricsTests.Generate_GivenInterfaceWithGenerics_RaisesDiagnostics_GuNZL4JIw_h5tWr-PyzmqtRbqJhDR5bTXFZWhDl_s-Y#InfoAttribute.g.verified.cs
    - Received: TelemetrySourceGeneratorMetricsTests.Generate_GivenInterfaceWithGenerics_RaisesDiagnostics_GuNZL4JIw_h5tWr-PyzmqtRbqJhDR5bTXFZWhDl_s-Y#InstrumentMeasurementAttribute.g.received.cs
      Verified: TelemetrySourceGeneratorMetricsTests.Generate_GivenInterfaceWithGenerics_RaisesDiagnostics_GuNZL4JIw_h5tWr-PyzmqtRbqJhDR5bTXFZWhDl_s-Y#InstrumentMeasurementAttribute.g.verified.cs
    - Received: TelemetrySourceGeneratorMetricsTests.Generate_GivenInterfaceWithGenerics_RaisesDiagnostics_GuNZL4JIw_h5tWr-PyzmqtRbqJhDR5bTXFZWhDl_s-Y#LogAttribute.g.received.cs
      Verified: TelemetrySourceGeneratorMetricsTests.Generate_GivenInterfaceWithGenerics_RaisesDiagnostics_GuNZL4JIw_h5tWr-PyzmqtRbqJhDR5bTXFZWhDl_s-Y#LogAttribute.g.verified.cs
    - Received: TelemetrySourceGeneratorMetricsTests.Generate_GivenInterfaceWithGenerics_RaisesDiagnostics_GuNZL4JIw_h5tWr-PyzmqtRbqJhDR5bTXFZWhDl_s-Y#LoggerAttribute.g.received.cs
      Verified: TelemetrySourceGeneratorMetricsTests.Generate_GivenInterfaceWithGenerics_RaisesDiagnostics_GuNZL4JIw_h5tWr-PyzmqtRbqJhDR5bTXFZWhDl_s-Y#LoggerAttribute.g.verified.cs
    - Received: TelemetrySourceGeneratorMetricsTests.Generate_GivenInterfaceWithGenerics_RaisesDiagnostics_GuNZL4JIw_h5tWr-PyzmqtRbqJhDR5bTXFZWhDl_s-Y#LoggerGenerationAttribute.g.received.cs
      Verified: TelemetrySourceGeneratorMetricsTests.Generate_GivenInterfaceWithGenerics_RaisesDiagnostics_GuNZL4JIw_h5tWr-PyzmqtRbqJhDR5bTXFZWhDl_s-Y#LoggerGenerationAttribute.g.verified.cs
    - Received: TelemetrySourceGeneratorMetricsTests.Generate_GivenInterfaceWithGenerics_RaisesDiagnostics_GuNZL4JIw_h5tWr-PyzmqtRbqJhDR5bTXFZWhDl_s-Y#LoggerGenerationMode.g.received.cs
      Verified: TelemetrySourceGeneratorMetricsTests.Generate_GivenInterfaceWithGenerics_RaisesDiagnostics_GuNZL4JIw_h5tWr-PyzmqtRbqJhDR5bTXFZWhDl_s-Y#LoggerGenerationMode.g.verified.cs
    - Received: TelemetrySourceGeneratorMetricsTests.Generate_GivenInterfaceWithGenerics_RaisesDiagnostics_GuNZL4JIw_h5tWr-PyzmqtRbqJhDR5bTXFZWhDl_s-Y#LogPrefixType.g.received.cs
      Verified: TelemetrySourceGeneratorMetricsTests.Generate_GivenInterfaceWithGenerics_RaisesDiagnostics_GuNZL4JIw_h5tWr-PyzmqtRbqJhDR5bTXFZWhDl_s-Y#LogPrefixType.g.verified.cs
    - Received: TelemetrySourceGeneratorMetricsTests.Generate_GivenInterfaceWithGenerics_RaisesDiagnostics_GuNZL4JIw_h5tWr-PyzmqtRbqJhDR5bTXFZWhDl_s-Y#MeterAttribute.g.received.cs
      Verified: TelemetrySourceGeneratorMetricsTests.Generate_GivenInterfaceWithGenerics_RaisesDiagnostics_GuNZL4JIw_h5tWr-PyzmqtRbqJhDR5bTXFZWhDl_s-Y#MeterAttribute.g.verified.cs
    - Received: TelemetrySourceGeneratorMetricsTests.Generate_GivenInterfaceWithGenerics_RaisesDiagnostics_GuNZL4JIw_h5tWr-PyzmqtRbqJhDR5bTXFZWhDl_s-Y#MeterGenerationAttribute.g.received.cs
      Verified: TelemetrySourceGeneratorMetricsTests.Generate_GivenInterfaceWithGenerics_RaisesDiagnostics_GuNZL4JIw_h5tWr-PyzmqtRbqJhDR5bTXFZWhDl_s-Y#MeterGenerationAttribute.g.verified.cs
    - Received: TelemetrySourceGeneratorMetricsTests.Generate_GivenInterfaceWithGenerics_RaisesDiagnostics_GuNZL4JIw_h5tWr-PyzmqtRbqJhDR5bTXFZWhDl_s-Y#MeterNameGenerationType.g.received.cs
      Verified: TelemetrySourceGeneratorMetricsTests.Generate_GivenInterfaceWithGenerics_RaisesDiagnostics_GuNZL4JIw_h5tWr-PyzmqtRbqJhDR5bTXFZWhDl_s-Y#MeterNameGenerationType.g.verified.cs
    - Received: TelemetrySourceGeneratorMetricsTests.Generate_GivenInterfaceWithGenerics_RaisesDiagnostics_GuNZL4JIw_h5tWr-PyzmqtRbqJhDR5bTXFZWhDl_s-Y#NamingConvention.g.received.cs
      Verified: TelemetrySourceGeneratorMetricsTests.Generate_GivenInterfaceWithGenerics_RaisesDiagnostics_GuNZL4JIw_h5tWr-PyzmqtRbqJhDR5bTXFZWhDl_s-Y#NamingConvention.g.verified.cs
    - Received: TelemetrySourceGeneratorMetricsTests.Generate_GivenInterfaceWithGenerics_RaisesDiagnostics_GuNZL4JIw_h5tWr-PyzmqtRbqJhDR5bTXFZWhDl_s-Y#ObservableCounterAttribute.g.received.cs
      Verified: TelemetrySourceGeneratorMetricsTests.Generate_GivenInterfaceWithGenerics_RaisesDiagnostics_GuNZL4JIw_h5tWr-PyzmqtRbqJhDR5bTXFZWhDl_s-Y#ObservableCounterAttribute.g.verified.cs
    - Received: TelemetrySourceGeneratorMetricsTests.Generate_GivenInterfaceWithGenerics_RaisesDiagnostics_GuNZL4JIw_h5tWr-PyzmqtRbqJhDR5bTXFZWhDl_s-Y#ObservableGaugeAttribute.g.received.cs
      Verified: TelemetrySourceGeneratorMetricsTests.Generate_GivenInterfaceWithGenerics_RaisesDiagnostics_GuNZL4JIw_h5tWr-PyzmqtRbqJhDR5bTXFZWhDl_s-Y#ObservableGaugeAttribute.g.verified.cs
    - Received: TelemetrySourceGeneratorMetricsTests.Generate_GivenInterfaceWithGenerics_RaisesDiagnostics_GuNZL4JIw_h5tWr-PyzmqtRbqJhDR5bTXFZWhDl_s-Y#ObservableUpDownCounterAttribute.g.received.cs
      Verified: TelemetrySourceGeneratorMetricsTests.Generate_GivenInterfaceWithGenerics_RaisesDiagnostics_GuNZL4JIw_h5tWr-PyzmqtRbqJhDR5bTXFZWhDl_s-Y#ObservableUpDownCounterAttribute.g.verified.cs
    - Received: TelemetrySourceGeneratorMetricsTests.Generate_GivenInterfaceWithGenerics_RaisesDiagnostics_GuNZL4JIw_h5tWr-PyzmqtRbqJhDR5bTXFZWhDl_s-Y#StatusDescriptionAttribute.g.received.cs
      Verified: TelemetrySourceGeneratorMetricsTests.Generate_GivenInterfaceWithGenerics_RaisesDiagnostics_GuNZL4JIw_h5tWr-PyzmqtRbqJhDR5bTXFZWhDl_s-Y#StatusDescriptionAttribute.g.verified.cs
    - Received: TelemetrySourceGeneratorMetricsTests.Generate_GivenInterfaceWithGenerics_RaisesDiagnostics_GuNZL4JIw_h5tWr-PyzmqtRbqJhDR5bTXFZWhDl_s-Y#TagAttribute.g.received.cs
      Verified: TelemetrySourceGeneratorMetricsTests.Generate_GivenInterfaceWithGenerics_RaisesDiagnostics_GuNZL4JIw_h5tWr-PyzmqtRbqJhDR5bTXFZWhDl_s-Y#TagAttribute.g.verified.cs
    - Received: TelemetrySourceGeneratorMetricsTests.Generate_GivenInterfaceWithGenerics_RaisesDiagnostics_GuNZL4JIw_h5tWr-PyzmqtRbqJhDR5bTXFZWhDl_s-Y#Targets.g.received.cs
      Verified: TelemetrySourceGeneratorMetricsTests.Generate_GivenInterfaceWithGenerics_RaisesDiagnostics_GuNZL4JIw_h5tWr-PyzmqtRbqJhDR5bTXFZWhDl_s-Y#Targets.g.verified.cs
    - Received: TelemetrySourceGeneratorMetricsTests.Generate_GivenInterfaceWithGenerics_RaisesDiagnostics_GuNZL4JIw_h5tWr-PyzmqtRbqJhDR5bTXFZWhDl_s-Y#TelemetryGenerationAttribute.g.received.cs
      Verified: TelemetrySourceGeneratorMetricsTests.Generate_GivenInterfaceWithGenerics_RaisesDiagnostics_GuNZL4JIw_h5tWr-PyzmqtRbqJhDR5bTXFZWhDl_s-Y#TelemetryGenerationAttribute.g.verified.cs
    - Received: TelemetrySourceGeneratorMetricsTests.Generate_GivenInterfaceWithGenerics_RaisesDiagnostics_GuNZL4JIw_h5tWr-PyzmqtRbqJhDR5bTXFZWhDl_s-Y#TraceAttribute.g.received.cs
      Verified: TelemetrySourceGeneratorMetricsTests.Generate_GivenInterfaceWithGenerics_RaisesDiagnostics_GuNZL4JIw_h5tWr-PyzmqtRbqJhDR5bTXFZWhDl_s-Y#TraceAttribute.g.verified.cs
    - Received: TelemetrySourceGeneratorMetricsTests.Generate_GivenInterfaceWithGenerics_RaisesDiagnostics_GuNZL4JIw_h5tWr-PyzmqtRbqJhDR5bTXFZWhDl_s-Y#UpDownCounterAttribute.g.received.cs
      Verified: TelemetrySourceGeneratorMetricsTests.Generate_GivenInterfaceWithGenerics_RaisesDiagnostics_GuNZL4JIw_h5tWr-PyzmqtRbqJhDR5bTXFZWhDl_s-Y#UpDownCounterAttribute.g.verified.cs
    - Received: TelemetrySourceGeneratorMetricsTests.Generate_GivenInterfaceWithGenerics_RaisesDiagnostics_GuNZL4JIw_h5tWr-PyzmqtRbqJhDR5bTXFZWhDl_s-Y#WarningAttribute.g.received.cs
      Verified: TelemetrySourceGeneratorMetricsTests.Generate_GivenInterfaceWithGenerics_RaisesDiagnostics_GuNZL4JIw_h5tWr-PyzmqtRbqJhDR5bTXFZWhDl_s-Y#WarningAttribute.g.verified.cs
  
  Standard output
    DBG: --- Adding templates.
    DBG: Adding ActivitySourceGenerationAttribute as ActivitySourceGenerationAttribute.g.cs.
    DBG: Adding ActivitySourceAttribute as ActivitySourceAttribute.g.cs.
    DBG: Adding ActivityAttribute as ActivityAttribute.g.cs.
    DBG: Adding EventAttribute as EventAttribute.g.cs.
    DBG: Adding ContextAttribute as ContextAttribute.g.cs.
    DBG: Adding BaggageAttribute as BaggageAttribute.g.cs.
    DBG: Adding EscapeAttribute as EscapeAttribute.g.cs.
    DBG: Adding StatusDescriptionAttribute as StatusDescriptionAttribute.g.cs.
    DBG: Adding LoggerGenerationAttribute as LoggerGenerationAttribute.g.cs.
    DBG: Adding LoggerAttribute as LoggerAttribute.g.cs.
    DBG: Adding LogAttribute as LogAttribute.g.cs.
    DBG: Adding LogPrefixType as LogPrefixType.g.cs.
    DBG: Adding LoggerGenerationMode as LoggerGenerationMode.g.cs.
    DBG: Adding ExpandEnumerableAttribute as ExpandEnumerableAttribute.g.cs.
    DBG: Adding TraceAttribute as TraceAttribute.g.cs.
    DBG: Adding DebugAttribute as DebugAttribute.g.cs.
    DBG: Adding InfoAttribute as InfoAttribute.g.cs.
    DBG: Adding WarningAttribute as WarningAttribute.g.cs.
    DBG: Adding ErrorAttribute as ErrorAttribute.g.cs.
    DBG: Adding CriticalAttribute as CriticalAttribute.g.cs.
    DBG: Adding MeterGenerationAttribute as MeterGenerationAttribute.g.cs.
    DBG: Adding MeterAttribute as MeterAttribute.g.cs.
    DBG: Adding MeterNameGenerationType as MeterNameGenerationType.g.cs.
    DBG: Adding InstrumentMeasurementAttribute as InstrumentMeasurementAttribute.g.cs.
    DBG: Adding AutoCounterAttribute as AutoCounterAttribute.g.cs.
    DBG: Adding CounterAttribute as CounterAttribute.g.cs.
    DBG: Adding UpDownCounterAttribute as UpDownCounterAttribute.g.cs.
    DBG: Adding HistogramAttribute as HistogramAttribute.g.cs.
    DBG: Adding ObservableCounterAttribute as ObservableCounterAttribute.g.cs.
    DBG: Adding ObservableGaugeAttribute as ObservableGaugeAttribute.g.cs.
    DBG: Adding ObservableUpDownCounterAttribute as ObservableUpDownCounterAttribute.g.cs.
    DBG: Adding TagAttribute as TagAttribute.g.cs.
    DBG: Adding ExcludeAttribute as ExcludeAttribute.g.cs.
    DBG: Adding TelemetryGenerationAttribute as TelemetryGenerationAttribute.g.cs.
    DBG: Adding Targets as Targets.g.cs.
    DBG: Adding NamingConvention as NamingConvention.g.cs.
    DBG: Adding ExcludeTargetsAttribute as ExcludeTargetsAttribute.g.cs.
    DBG: --- Finished adding templates.
    DIA: Cannot generate a Meter target for a generic interface '[Meter("testing-meter")] public interface ITestMetrics<T0, T1, T2, T3, T4> { [AutoCounter] void AutoCounter(); }'.
    DIA: Cannot generate a Meter target for a generic interface '[Meter("testing-meter")] public interface ITestMetrics<T0, T1, T2, T3, T4> { [AutoCounter] void AutoCounter(); }'.
    
  Error output
failed Generate_GivenMethodWithGenerics_RaisesDiagnostics(5) (4s 770ms)
  [Test Failure] VerifyException: Directory: P:\GitHub\kjldev\purview-telemetry-sourcegenerator\src\Purview.Telemetry.SourceGenerator.IntegrationTests\Snapshots
Delete:
  - TelemetrySourceGeneratorMetricsTests.Generate_GivenMethodWithGenerics_RaisesDiagnostics_GuNZL4JIw_h5tWr-PyzmqtRbqJhDR5bTXFZWhDl_s-Y#Purview.Telemetry.SourceGenerator.TelemetryNames.g.verified.cs
  - TelemetrySourceGeneratorMetricsTests.Generate_GivenMethodWithGenerics_RaisesDiagnostics_GuNZL4JIw_h5tWr-PyzmqtRbqJhDR5bTXFZWhDl_s-Y.verified.txt
Equal:
  - Received: TelemetrySourceGeneratorMetricsTests.Generate_GivenMethodWithGenerics_RaisesDiagnostics_GuNZL4JIw_h5tWr-PyzmqtRbqJhDR5bTXFZWhDl_s-Y#ActivityAttribute.g.received.cs
    Verified: TelemetrySourceGeneratorMetricsTests.Generate_GivenMethodWithGenerics_RaisesDiagnostics_GuNZL4JIw_h5tWr-PyzmqtRbqJhDR5bTXFZWhDl_s-Y#ActivityAttribute.g.verified.cs
  - Received: TelemetrySourceGeneratorMetricsTests.Generate_GivenMethodWithGenerics_RaisesDiagnostics_GuNZL4JIw_h5tWr-PyzmqtRbqJhDR5bTXFZWhDl_s-Y#ActivitySourceAttribute.g.received.cs
    Verified: TelemetrySourceGeneratorMetricsTests.Generate_GivenMethodWithGenerics_RaisesDiagnostics_GuNZL4JIw_h5tWr-PyzmqtRbqJhDR5bTXFZWhDl_s-Y#ActivitySourceAttribute.g.verified.cs
  - Received: TelemetrySourceGeneratorMetricsTests.Generate_GivenMethodWithGenerics_RaisesDiagnostics_GuNZL4JIw_h5tWr-PyzmqtRbqJhDR5bTXFZWhDl_s-Y#ActivitySourceGenerationAttribute.g.received.cs
    Verified: TelemetrySourceGeneratorMetricsTests.Generate_GivenMethodWithGenerics_RaisesDiagnostics_GuNZL4JIw_h5tWr-PyzmqtRbqJhDR5bTXFZWhDl_s-Y#ActivitySourceGenerationAttribute.g.verified.cs
  - Received: TelemetrySourceGeneratorMetricsTests.Generate_GivenMethodWithGenerics_RaisesDiagnostics_GuNZL4JIw_h5tWr-PyzmqtRbqJhDR5bTXFZWhDl_s-Y#AutoCounterAttribute.g.received.cs
    Verified: TelemetrySourceGeneratorMetricsTests.Generate_GivenMethodWithGenerics_RaisesDiagnostics_GuNZL4JIw_h5tWr-PyzmqtRbqJhDR5bTXFZWhDl_s-Y#AutoCounterAttribute.g.verified.cs
  - Received: TelemetrySourceGeneratorMetricsTests.Generate_GivenMethodWithGenerics_RaisesDiagnostics_GuNZL4JIw_h5tWr-PyzmqtRbqJhDR5bTXFZWhDl_s-Y#BaggageAttribute.g.received.cs
    Verified: TelemetrySourceGeneratorMetricsTests.Generate_GivenMethodWithGenerics_RaisesDiagnostics_GuNZL4JIw_h5tWr-PyzmqtRbqJhDR5bTXFZWhDl_s-Y#BaggageAttribute.g.verified.cs
  - Received: TelemetrySourceGeneratorMetricsTests.Generate_GivenMethodWithGenerics_RaisesDiagnostics_GuNZL4JIw_h5tWr-PyzmqtRbqJhDR5bTXFZWhDl_s-Y#ContextAttribute.g.received.cs
    Verified: TelemetrySourceGeneratorMetricsTests.Generate_GivenMethodWithGenerics_RaisesDiagnostics_GuNZL4JIw_h5tWr-PyzmqtRbqJhDR5bTXFZWhDl_s-Y#ContextAttribute.g.verified.cs
  - Received: TelemetrySourceGeneratorMetricsTests.Generate_GivenMethodWithGenerics_RaisesDiagnostics_GuNZL4JIw_h5tWr-PyzmqtRbqJhDR5bTXFZWhDl_s-Y#CounterAttribute.g.received.cs
    Verified: TelemetrySourceGeneratorMetricsTests.Generate_GivenMethodWithGenerics_RaisesDiagnostics_GuNZL4JIw_h5tWr-PyzmqtRbqJhDR5bTXFZWhDl_s-Y#CounterAttribute.g.verified.cs
  - Received: TelemetrySourceGeneratorMetricsTests.Generate_GivenMethodWithGenerics_RaisesDiagnostics_GuNZL4JIw_h5tWr-PyzmqtRbqJhDR5bTXFZWhDl_s-Y#CriticalAttribute.g.received.cs
    Verified: TelemetrySourceGeneratorMetricsTests.Generate_GivenMethodWithGenerics_RaisesDiagnostics_GuNZL4JIw_h5tWr-PyzmqtRbqJhDR5bTXFZWhDl_s-Y#CriticalAttribute.g.verified.cs
  - Received: TelemetrySourceGeneratorMetricsTests.Generate_GivenMethodWithGenerics_RaisesDiagnostics_GuNZL4JIw_h5tWr-PyzmqtRbqJhDR5bTXFZWhDl_s-Y#DebugAttribute.g.received.cs
    Verified: TelemetrySourceGeneratorMetricsTests.Generate_GivenMethodWithGenerics_RaisesDiagnostics_GuNZL4JIw_h5tWr-PyzmqtRbqJhDR5bTXFZWhDl_s-Y#DebugAttribute.g.verified.cs
  - Received: TelemetrySourceGeneratorMetricsTests.Generate_GivenMethodWithGenerics_RaisesDiagnostics_GuNZL4JIw_h5tWr-PyzmqtRbqJhDR5bTXFZWhDl_s-Y#ErrorAttribute.g.received.cs
    Verified: TelemetrySourceGeneratorMetricsTests.Generate_GivenMethodWithGenerics_RaisesDiagnostics_GuNZL4JIw_h5tWr-PyzmqtRbqJhDR5bTXFZWhDl_s-Y#ErrorAttribute.g.verified.cs
  - Received: TelemetrySourceGeneratorMetricsTests.Generate_GivenMethodWithGenerics_RaisesDiagnostics_GuNZL4JIw_h5tWr-PyzmqtRbqJhDR5bTXFZWhDl_s-Y#EscapeAttribute.g.received.cs
    Verified: TelemetrySourceGeneratorMetricsTests.Generate_GivenMethodWithGenerics_RaisesDiagnostics_GuNZL4JIw_h5tWr-PyzmqtRbqJhDR5bTXFZWhDl_s-Y#EscapeAttribute.g.verified.cs
  - Received: TelemetrySourceGeneratorMetricsTests.Generate_GivenMethodWithGenerics_RaisesDiagnostics_GuNZL4JIw_h5tWr-PyzmqtRbqJhDR5bTXFZWhDl_s-Y#EventAttribute.g.received.cs
    Verified: TelemetrySourceGeneratorMetricsTests.Generate_GivenMethodWithGenerics_RaisesDiagnostics_GuNZL4JIw_h5tWr-PyzmqtRbqJhDR5bTXFZWhDl_s-Y#EventAttribute.g.verified.cs
  - Received: TelemetrySourceGeneratorMetricsTests.Generate_GivenMethodWithGenerics_RaisesDiagnostics_GuNZL4JIw_h5tWr-PyzmqtRbqJhDR5bTXFZWhDl_s-Y#ExcludeAttribute.g.received.cs
    Verified: TelemetrySourceGeneratorMetricsTests.Generate_GivenMethodWithGenerics_RaisesDiagnostics_GuNZL4JIw_h5tWr-PyzmqtRbqJhDR5bTXFZWhDl_s-Y#ExcludeAttribute.g.verified.cs
  - Received: TelemetrySourceGeneratorMetricsTests.Generate_GivenMethodWithGenerics_RaisesDiagnostics_GuNZL4JIw_h5tWr-PyzmqtRbqJhDR5bTXFZWhDl_s-Y#ExcludeTargetsAttribute.g.received.cs
    Verified: TelemetrySourceGeneratorMetricsTests.Generate_GivenMethodWithGenerics_RaisesDiagnostics_GuNZL4JIw_h5tWr-PyzmqtRbqJhDR5bTXFZWhDl_s-Y#ExcludeTargetsAttribute.g.verified.cs
  - Received: TelemetrySourceGeneratorMetricsTests.Generate_GivenMethodWithGenerics_RaisesDiagnostics_GuNZL4JIw_h5tWr-PyzmqtRbqJhDR5bTXFZWhDl_s-Y#ExpandEnumerableAttribute.g.received.cs
    Verified: TelemetrySourceGeneratorMetricsTests.Generate_GivenMethodWithGenerics_RaisesDiagnostics_GuNZL4JIw_h5tWr-PyzmqtRbqJhDR5bTXFZWhDl_s-Y#ExpandEnumerableAttribute.g.verified.cs
  - Received: TelemetrySourceGeneratorMetricsTests.Generate_GivenMethodWithGenerics_RaisesDiagnostics_GuNZL4JIw_h5tWr-PyzmqtRbqJhDR5bTXFZWhDl_s-Y#HistogramAttribute.g.received.cs
    Verified: TelemetrySourceGeneratorMetricsTests.Generate_GivenMethodWithGenerics_RaisesDiagnostics_GuNZL4JIw_h5tWr-PyzmqtRbqJhDR5bTXFZWhDl_s-Y#HistogramAttribute.g.verified.cs
  - Received: TelemetrySourceGeneratorMetricsTests.Generate_GivenMethodWithGenerics_RaisesDiagnostics_GuNZL4JIw_h5tWr-PyzmqtRbqJhDR5bTXFZWhDl_s-Y#InfoAttribute.g.received.cs
    Verified: TelemetrySourceGeneratorMetricsTests.Generate_GivenMethodWithGenerics_RaisesDiagnostics_GuNZL4JIw_h5tWr-PyzmqtRbqJhDR5bTXFZWhDl_s-Y#InfoAttribute.g.verified.cs
  - Received: TelemetrySourceGeneratorMetricsTests.Generate_GivenMethodWithGenerics_RaisesDiagnostics_GuNZL4JIw_h5tWr-PyzmqtRbqJhDR5bTXFZWhDl_s-Y#InstrumentMeasurementAttribute.g.received.cs
    Verified: TelemetrySourceGeneratorMetricsTests.Generate_GivenMethodWithGenerics_RaisesDiagnostics_GuNZL4JIw_h5tWr-PyzmqtRbqJhDR5bTXFZWhDl_s-Y#InstrumentMeasurementAttribute.g.verified.cs
  - Received: TelemetrySourceGeneratorMetricsTests.Generate_GivenMethodWithGenerics_RaisesDiagnostics_GuNZL4JIw_h5tWr-PyzmqtRbqJhDR5bTXFZWhDl_s-Y#LogAttribute.g.received.cs
    Verified: TelemetrySourceGeneratorMetricsTests.Generate_GivenMethodWithGenerics_RaisesDiagnostics_GuNZL4JIw_h5tWr-PyzmqtRbqJhDR5bTXFZWhDl_s-Y#LogAttribute.g.verified.cs
  - Received: TelemetrySourceGeneratorMetricsTests.Generate_GivenMethodWithGenerics_RaisesDiagnostics_GuNZL4JIw_h5tWr-PyzmqtRbqJhDR5bTXFZWhDl_s-Y#LoggerAttribute.g.received.cs
    Verified: TelemetrySourceGeneratorMetricsTests.Generate_GivenMethodWithGenerics_RaisesDiagnostics_GuNZL4JIw_h5tWr-PyzmqtRbqJhDR5bTXFZWhDl_s-Y#LoggerAttribute.g.verified.cs
  - Received: TelemetrySourceGeneratorMetricsTests.Generate_GivenMethodWithGenerics_RaisesDiagnostics_GuNZL4JIw_h5tWr-PyzmqtRbqJhDR5bTXFZWhDl_s-Y#LoggerGenerationAttribute.g.received.cs
    Verified: TelemetrySourceGeneratorMetricsTests.Generate_GivenMethodWithGenerics_RaisesDiagnostics_GuNZL4JIw_h5tWr-PyzmqtRbqJhDR5bTXFZWhDl_s-Y#LoggerGenerationAttribute.g.verified.cs
  - Received: TelemetrySourceGeneratorMetricsTests.Generate_GivenMethodWithGenerics_RaisesDiagnostics_GuNZL4JIw_h5tWr-PyzmqtRbqJhDR5bTXFZWhDl_s-Y#LoggerGenerationMode.g.received.cs
    Verified: TelemetrySourceGeneratorMetricsTests.Generate_GivenMethodWithGenerics_RaisesDiagnostics_GuNZL4JIw_h5tWr-PyzmqtRbqJhDR5bTXFZWhDl_s-Y#LoggerGenerationMode.g.verified.cs
  - Received: TelemetrySourceGeneratorMetricsTests.Generate_GivenMethodWithGenerics_RaisesDiagnostics_GuNZL4JIw_h5tWr-PyzmqtRbqJhDR5bTXFZWhDl_s-Y#LogPrefixType.g.received.cs
    Verified: TelemetrySourceGeneratorMetricsTests.Generate_GivenMethodWithGenerics_RaisesDiagnostics_GuNZL4JIw_h5tWr-PyzmqtRbqJhDR5bTXFZWhDl_s-Y#LogPrefixType.g.verified.cs
  - Received: TelemetrySourceGeneratorMetricsTests.Generate_GivenMethodWithGenerics_RaisesDiagnostics_GuNZL4JIw_h5tWr-PyzmqtRbqJhDR5bTXFZWhDl_s-Y#MeterAttribute.g.received.cs
    Verified: TelemetrySourceGeneratorMetricsTests.Generate_GivenMethodWithGenerics_RaisesDiagnostics_GuNZL4JIw_h5tWr-PyzmqtRbqJhDR5bTXFZWhDl_s-Y#MeterAttribute.g.verified.cs
  - Received: TelemetrySourceGeneratorMetricsTests.Generate_GivenMethodWithGenerics_RaisesDiagnostics_GuNZL4JIw_h5tWr-PyzmqtRbqJhDR5bTXFZWhDl_s-Y#MeterGenerationAttribute.g.received.cs
    Verified: TelemetrySourceGeneratorMetricsTests.Generate_GivenMethodWithGenerics_RaisesDiagnostics_GuNZL4JIw_h5tWr-PyzmqtRbqJhDR5bTXFZWhDl_s-Y#MeterGenerationAttribute.g.verified.cs
  - Received: TelemetrySourceGeneratorMetricsTests.Generate_GivenMethodWithGenerics_RaisesDiagnostics_GuNZL4JIw_h5tWr-PyzmqtRbqJhDR5bTXFZWhDl_s-Y#MeterNameGenerationType.g.received.cs
    Verified: TelemetrySourceGeneratorMetricsTests.Generate_GivenMethodWithGenerics_RaisesDiagnostics_GuNZL4JIw_h5tWr-PyzmqtRbqJhDR5bTXFZWhDl_s-Y#MeterNameGenerationType.g.verified.cs
  - Received: TelemetrySourceGeneratorMetricsTests.Generate_GivenMethodWithGenerics_RaisesDiagnostics_GuNZL4JIw_h5tWr-PyzmqtRbqJhDR5bTXFZWhDl_s-Y#NamingConvention.g.received.cs
    Verified: TelemetrySourceGeneratorMetricsTests.Generate_GivenMethodWithGenerics_RaisesDiagnostics_GuNZL4JIw_h5tWr-PyzmqtRbqJhDR5bTXFZWhDl_s-Y#NamingConvention.g.verified.cs
  - Received: TelemetrySourceGeneratorMetricsTests.Generate_GivenMethodWithGenerics_RaisesDiagnostics_GuNZL4JIw_h5tWr-PyzmqtRbqJhDR5bTXFZWhDl_s-Y#ObservableCounterAttribute.g.received.cs
    Verified: TelemetrySourceGeneratorMetricsTests.Generate_GivenMethodWithGenerics_RaisesDiagnostics_GuNZL4JIw_h5tWr-PyzmqtRbqJhDR5bTXFZWhDl_s-Y#ObservableCounterAttribute.g.verified.cs
  - Received: TelemetrySourceGeneratorMetricsTests.Generate_GivenMethodWithGenerics_RaisesDiagnostics_GuNZL4JIw_h5tWr-PyzmqtRbqJhDR5bTXFZWhDl_s-Y#ObservableGaugeAttribute.g.received.cs
    Verified: TelemetrySourceGeneratorMetricsTests.Generate_GivenMethodWithGenerics_RaisesDiagnostics_GuNZL4JIw_h5tWr-PyzmqtRbqJhDR5bTXFZWhDl_s-Y#ObservableGaugeAttribute.g.verified.cs
  - Received: TelemetrySourceGeneratorMetricsTests.Generate_GivenMethodWithGenerics_RaisesDiagnostics_GuNZL4JIw_h5tWr-PyzmqtRbqJhDR5bTXFZWhDl_s-Y#ObservableUpDownCounterAttribute.g.received.cs
    Verified: TelemetrySourceGeneratorMetricsTests.Generate_GivenMethodWithGenerics_RaisesDiagnostics_GuNZL4JIw_h5tWr-PyzmqtRbqJhDR5bTXFZWhDl_s-Y#ObservableUpDownCounterAttribute.g.verified.cs
  - Received: TelemetrySourceGeneratorMetricsTests.Generate_GivenMethodWithGenerics_RaisesDiagnostics_GuNZL4JIw_h5tWr-PyzmqtRbqJhDR5bTXFZWhDl_s-Y#StatusDescriptionAttribute.g.received.cs
    Verified: TelemetrySourceGeneratorMetricsTests.Generate_GivenMethodWithGenerics_RaisesDiagnostics_GuNZL4JIw_h5tWr-PyzmqtRbqJhDR5bTXFZWhDl_s-Y#StatusDescriptionAttribute.g.verified.cs
  - Received: TelemetrySourceGeneratorMetricsTests.Generate_GivenMethodWithGenerics_RaisesDiagnostics_GuNZL4JIw_h5tWr-PyzmqtRbqJhDR5bTXFZWhDl_s-Y#TagAttribute.g.received.cs
    Verified: TelemetrySourceGeneratorMetricsTests.Generate_GivenMethodWithGenerics_RaisesDiagnostics_GuNZL4JIw_h5tWr-PyzmqtRbqJhDR5bTXFZWhDl_s-Y#TagAttribute.g.verified.cs
  - Received: TelemetrySourceGeneratorMetricsTests.Generate_GivenMethodWithGenerics_RaisesDiagnostics_GuNZL4JIw_h5tWr-PyzmqtRbqJhDR5bTXFZWhDl_s-Y#Targets.g.received.cs
    Verified: TelemetrySourceGeneratorMetricsTests.Generate_GivenMethodWithGenerics_RaisesDiagnostics_GuNZL4JIw_h5tWr-PyzmqtRbqJhDR5bTXFZWhDl_s-Y#Targets.g.verified.cs
  - Received: TelemetrySourceGeneratorMetricsTests.Generate_GivenMethodWithGenerics_RaisesDiagnostics_GuNZL4JIw_h5tWr-PyzmqtRbqJhDR5bTXFZWhDl_s-Y#TelemetryGenerationAttribute.g.received.cs
    Verified: TelemetrySourceGeneratorMetricsTests.Generate_GivenMethodWithGenerics_RaisesDiagnostics_GuNZL4JIw_h5tWr-PyzmqtRbqJhDR5bTXFZWhDl_s-Y#TelemetryGenerationAttribute.g.verified.cs
  - Received: TelemetrySourceGeneratorMetricsTests.Generate_GivenMethodWithGenerics_RaisesDiagnostics_GuNZL4JIw_h5tWr-PyzmqtRbqJhDR5bTXFZWhDl_s-Y#TraceAttribute.g.received.cs
    Verified: TelemetrySourceGeneratorMetricsTests.Generate_GivenMethodWithGenerics_RaisesDiagnostics_GuNZL4JIw_h5tWr-PyzmqtRbqJhDR5bTXFZWhDl_s-Y#TraceAttribute.g.verified.cs
  - Received: TelemetrySourceGeneratorMetricsTests.Generate_GivenMethodWithGenerics_RaisesDiagnostics_GuNZL4JIw_h5tWr-PyzmqtRbqJhDR5bTXFZWhDl_s-Y#UpDownCounterAttribute.g.received.cs
    Verified: TelemetrySourceGeneratorMetricsTests.Generate_GivenMethodWithGenerics_RaisesDiagnostics_GuNZL4JIw_h5tWr-PyzmqtRbqJhDR5bTXFZWhDl_s-Y#UpDownCounterAttribute.g.verified.cs
  - Received: TelemetrySourceGeneratorMetricsTests.Generate_GivenMethodWithGenerics_RaisesDiagnostics_GuNZL4JIw_h5tWr-PyzmqtRbqJhDR5bTXFZWhDl_s-Y#WarningAttribute.g.received.cs
    Verified: TelemetrySourceGeneratorMetricsTests.Generate_GivenMethodWithGenerics_RaisesDiagnostics_GuNZL4JIw_h5tWr-PyzmqtRbqJhDR5bTXFZWhDl_s-Y#WarningAttribute.g.verified.cs

  from P:\GitHub\kjldev\purview-telemetry-sourcegenerator\src\Purview.Telemetry.SourceGenerator.IntegrationTests\bin\Release\net10.0\Purview.Telemetry.SourceGenerator.IntegrationTests.dll (net10.0|x64)
  TUnit.Engine.Exceptions.TestFailedException: [Test Failure] VerifyException: Directory: P:\GitHub\kjldev\purview-telemetry-sourcegenerator\src\Purview.Telemetry.SourceGenerator.IntegrationTests\Snapshots
  Delete:
    - TelemetrySourceGeneratorMetricsTests.Generate_GivenMethodWithGenerics_RaisesDiagnostics_GuNZL4JIw_h5tWr-PyzmqtRbqJhDR5bTXFZWhDl_s-Y#Purview.Telemetry.SourceGenerator.TelemetryNames.g.verified.cs
    - TelemetrySourceGeneratorMetricsTests.Generate_GivenMethodWithGenerics_RaisesDiagnostics_GuNZL4JIw_h5tWr-PyzmqtRbqJhDR5bTXFZWhDl_s-Y.verified.txt
  Equal:
    - Received: TelemetrySourceGeneratorMetricsTests.Generate_GivenMethodWithGenerics_RaisesDiagnostics_GuNZL4JIw_h5tWr-PyzmqtRbqJhDR5bTXFZWhDl_s-Y#ActivityAttribute.g.received.cs
      Verified: TelemetrySourceGeneratorMetricsTests.Generate_GivenMethodWithGenerics_RaisesDiagnostics_GuNZL4JIw_h5tWr-PyzmqtRbqJhDR5bTXFZWhDl_s-Y#ActivityAttribute.g.verified.cs
    - Received: TelemetrySourceGeneratorMetricsTests.Generate_GivenMethodWithGenerics_RaisesDiagnostics_GuNZL4JIw_h5tWr-PyzmqtRbqJhDR5bTXFZWhDl_s-Y#ActivitySourceAttribute.g.received.cs
      Verified: TelemetrySourceGeneratorMetricsTests.Generate_GivenMethodWithGenerics_RaisesDiagnostics_GuNZL4JIw_h5tWr-PyzmqtRbqJhDR5bTXFZWhDl_s-Y#ActivitySourceAttribute.g.verified.cs
    - Received: TelemetrySourceGeneratorMetricsTests.Generate_GivenMethodWithGenerics_RaisesDiagnostics_GuNZL4JIw_h5tWr-PyzmqtRbqJhDR5bTXFZWhDl_s-Y#ActivitySourceGenerationAttribute.g.received.cs
      Verified: TelemetrySourceGeneratorMetricsTests.Generate_GivenMethodWithGenerics_RaisesDiagnostics_GuNZL4JIw_h5tWr-PyzmqtRbqJhDR5bTXFZWhDl_s-Y#ActivitySourceGenerationAttribute.g.verified.cs
    - Received: TelemetrySourceGeneratorMetricsTests.Generate_GivenMethodWithGenerics_RaisesDiagnostics_GuNZL4JIw_h5tWr-PyzmqtRbqJhDR5bTXFZWhDl_s-Y#AutoCounterAttribute.g.received.cs
      Verified: TelemetrySourceGeneratorMetricsTests.Generate_GivenMethodWithGenerics_RaisesDiagnostics_GuNZL4JIw_h5tWr-PyzmqtRbqJhDR5bTXFZWhDl_s-Y#AutoCounterAttribute.g.verified.cs
    - Received: TelemetrySourceGeneratorMetricsTests.Generate_GivenMethodWithGenerics_RaisesDiagnostics_GuNZL4JIw_h5tWr-PyzmqtRbqJhDR5bTXFZWhDl_s-Y#BaggageAttribute.g.received.cs
      Verified: TelemetrySourceGeneratorMetricsTests.Generate_GivenMethodWithGenerics_RaisesDiagnostics_GuNZL4JIw_h5tWr-PyzmqtRbqJhDR5bTXFZWhDl_s-Y#BaggageAttribute.g.verified.cs
    - Received: TelemetrySourceGeneratorMetricsTests.Generate_GivenMethodWithGenerics_RaisesDiagnostics_GuNZL4JIw_h5tWr-PyzmqtRbqJhDR5bTXFZWhDl_s-Y#ContextAttribute.g.received.cs
      Verified: TelemetrySourceGeneratorMetricsTests.Generate_GivenMethodWithGenerics_RaisesDiagnostics_GuNZL4JIw_h5tWr-PyzmqtRbqJhDR5bTXFZWhDl_s-Y#ContextAttribute.g.verified.cs
    - Received: TelemetrySourceGeneratorMetricsTests.Generate_GivenMethodWithGenerics_RaisesDiagnostics_GuNZL4JIw_h5tWr-PyzmqtRbqJhDR5bTXFZWhDl_s-Y#CounterAttribute.g.received.cs
      Verified: TelemetrySourceGeneratorMetricsTests.Generate_GivenMethodWithGenerics_RaisesDiagnostics_GuNZL4JIw_h5tWr-PyzmqtRbqJhDR5bTXFZWhDl_s-Y#CounterAttribute.g.verified.cs
    - Received: TelemetrySourceGeneratorMetricsTests.Generate_GivenMethodWithGenerics_RaisesDiagnostics_GuNZL4JIw_h5tWr-PyzmqtRbqJhDR5bTXFZWhDl_s-Y#CriticalAttribute.g.received.cs
      Verified: TelemetrySourceGeneratorMetricsTests.Generate_GivenMethodWithGenerics_RaisesDiagnostics_GuNZL4JIw_h5tWr-PyzmqtRbqJhDR5bTXFZWhDl_s-Y#CriticalAttribute.g.verified.cs
    - Received: TelemetrySourceGeneratorMetricsTests.Generate_GivenMethodWithGenerics_RaisesDiagnostics_GuNZL4JIw_h5tWr-PyzmqtRbqJhDR5bTXFZWhDl_s-Y#DebugAttribute.g.received.cs
      Verified: TelemetrySourceGeneratorMetricsTests.Generate_GivenMethodWithGenerics_RaisesDiagnostics_GuNZL4JIw_h5tWr-PyzmqtRbqJhDR5bTXFZWhDl_s-Y#DebugAttribute.g.verified.cs
    - Received: TelemetrySourceGeneratorMetricsTests.Generate_GivenMethodWithGenerics_RaisesDiagnostics_GuNZL4JIw_h5tWr-PyzmqtRbqJhDR5bTXFZWhDl_s-Y#ErrorAttribute.g.received.cs
      Verified: TelemetrySourceGeneratorMetricsTests.Generate_GivenMethodWithGenerics_RaisesDiagnostics_GuNZL4JIw_h5tWr-PyzmqtRbqJhDR5bTXFZWhDl_s-Y#ErrorAttribute.g.verified.cs
    - Received: TelemetrySourceGeneratorMetricsTests.Generate_GivenMethodWithGenerics_RaisesDiagnostics_GuNZL4JIw_h5tWr-PyzmqtRbqJhDR5bTXFZWhDl_s-Y#EscapeAttribute.g.received.cs
      Verified: TelemetrySourceGeneratorMetricsTests.Generate_GivenMethodWithGenerics_RaisesDiagnostics_GuNZL4JIw_h5tWr-PyzmqtRbqJhDR5bTXFZWhDl_s-Y#EscapeAttribute.g.verified.cs
    - Received: TelemetrySourceGeneratorMetricsTests.Generate_GivenMethodWithGenerics_RaisesDiagnostics_GuNZL4JIw_h5tWr-PyzmqtRbqJhDR5bTXFZWhDl_s-Y#EventAttribute.g.received.cs
      Verified: TelemetrySourceGeneratorMetricsTests.Generate_GivenMethodWithGenerics_RaisesDiagnostics_GuNZL4JIw_h5tWr-PyzmqtRbqJhDR5bTXFZWhDl_s-Y#EventAttribute.g.verified.cs
    - Received: TelemetrySourceGeneratorMetricsTests.Generate_GivenMethodWithGenerics_RaisesDiagnostics_GuNZL4JIw_h5tWr-PyzmqtRbqJhDR5bTXFZWhDl_s-Y#ExcludeAttribute.g.received.cs
      Verified: TelemetrySourceGeneratorMetricsTests.Generate_GivenMethodWithGenerics_RaisesDiagnostics_GuNZL4JIw_h5tWr-PyzmqtRbqJhDR5bTXFZWhDl_s-Y#ExcludeAttribute.g.verified.cs
    - Received: TelemetrySourceGeneratorMetricsTests.Generate_GivenMethodWithGenerics_RaisesDiagnostics_GuNZL4JIw_h5tWr-PyzmqtRbqJhDR5bTXFZWhDl_s-Y#ExcludeTargetsAttribute.g.received.cs
      Verified: TelemetrySourceGeneratorMetricsTests.Generate_GivenMethodWithGenerics_RaisesDiagnostics_GuNZL4JIw_h5tWr-PyzmqtRbqJhDR5bTXFZWhDl_s-Y#ExcludeTargetsAttribute.g.verified.cs
    - Received: TelemetrySourceGeneratorMetricsTests.Generate_GivenMethodWithGenerics_RaisesDiagnostics_GuNZL4JIw_h5tWr-PyzmqtRbqJhDR5bTXFZWhDl_s-Y#ExpandEnumerableAttribute.g.received.cs
      Verified: TelemetrySourceGeneratorMetricsTests.Generate_GivenMethodWithGenerics_RaisesDiagnostics_GuNZL4JIw_h5tWr-PyzmqtRbqJhDR5bTXFZWhDl_s-Y#ExpandEnumerableAttribute.g.verified.cs
    - Received: TelemetrySourceGeneratorMetricsTests.Generate_GivenMethodWithGenerics_RaisesDiagnostics_GuNZL4JIw_h5tWr-PyzmqtRbqJhDR5bTXFZWhDl_s-Y#HistogramAttribute.g.received.cs
      Verified: TelemetrySourceGeneratorMetricsTests.Generate_GivenMethodWithGenerics_RaisesDiagnostics_GuNZL4JIw_h5tWr-PyzmqtRbqJhDR5bTXFZWhDl_s-Y#HistogramAttribute.g.verified.cs
    - Received: TelemetrySourceGeneratorMetricsTests.Generate_GivenMethodWithGenerics_RaisesDiagnostics_GuNZL4JIw_h5tWr-PyzmqtRbqJhDR5bTXFZWhDl_s-Y#InfoAttribute.g.received.cs
      Verified: TelemetrySourceGeneratorMetricsTests.Generate_GivenMethodWithGenerics_RaisesDiagnostics_GuNZL4JIw_h5tWr-PyzmqtRbqJhDR5bTXFZWhDl_s-Y#InfoAttribute.g.verified.cs
    - Received: TelemetrySourceGeneratorMetricsTests.Generate_GivenMethodWithGenerics_RaisesDiagnostics_GuNZL4JIw_h5tWr-PyzmqtRbqJhDR5bTXFZWhDl_s-Y#InstrumentMeasurementAttribute.g.received.cs
      Verified: TelemetrySourceGeneratorMetricsTests.Generate_GivenMethodWithGenerics_RaisesDiagnostics_GuNZL4JIw_h5tWr-PyzmqtRbqJhDR5bTXFZWhDl_s-Y#InstrumentMeasurementAttribute.g.verified.cs
    - Received: TelemetrySourceGeneratorMetricsTests.Generate_GivenMethodWithGenerics_RaisesDiagnostics_GuNZL4JIw_h5tWr-PyzmqtRbqJhDR5bTXFZWhDl_s-Y#LogAttribute.g.received.cs
      Verified: TelemetrySourceGeneratorMetricsTests.Generate_GivenMethodWithGenerics_RaisesDiagnostics_GuNZL4JIw_h5tWr-PyzmqtRbqJhDR5bTXFZWhDl_s-Y#LogAttribute.g.verified.cs
    - Received: TelemetrySourceGeneratorMetricsTests.Generate_GivenMethodWithGenerics_RaisesDiagnostics_GuNZL4JIw_h5tWr-PyzmqtRbqJhDR5bTXFZWhDl_s-Y#LoggerAttribute.g.received.cs
      Verified: TelemetrySourceGeneratorMetricsTests.Generate_GivenMethodWithGenerics_RaisesDiagnostics_GuNZL4JIw_h5tWr-PyzmqtRbqJhDR5bTXFZWhDl_s-Y#LoggerAttribute.g.verified.cs
    - Received: TelemetrySourceGeneratorMetricsTests.Generate_GivenMethodWithGenerics_RaisesDiagnostics_GuNZL4JIw_h5tWr-PyzmqtRbqJhDR5bTXFZWhDl_s-Y#LoggerGenerationAttribute.g.received.cs
      Verified: TelemetrySourceGeneratorMetricsTests.Generate_GivenMethodWithGenerics_RaisesDiagnostics_GuNZL4JIw_h5tWr-PyzmqtRbqJhDR5bTXFZWhDl_s-Y#LoggerGenerationAttribute.g.verified.cs
    - Received: TelemetrySourceGeneratorMetricsTests.Generate_GivenMethodWithGenerics_RaisesDiagnostics_GuNZL4JIw_h5tWr-PyzmqtRbqJhDR5bTXFZWhDl_s-Y#LoggerGenerationMode.g.received.cs
      Verified: TelemetrySourceGeneratorMetricsTests.Generate_GivenMethodWithGenerics_RaisesDiagnostics_GuNZL4JIw_h5tWr-PyzmqtRbqJhDR5bTXFZWhDl_s-Y#LoggerGenerationMode.g.verified.cs
    - Received: TelemetrySourceGeneratorMetricsTests.Generate_GivenMethodWithGenerics_RaisesDiagnostics_GuNZL4JIw_h5tWr-PyzmqtRbqJhDR5bTXFZWhDl_s-Y#LogPrefixType.g.received.cs
      Verified: TelemetrySourceGeneratorMetricsTests.Generate_GivenMethodWithGenerics_RaisesDiagnostics_GuNZL4JIw_h5tWr-PyzmqtRbqJhDR5bTXFZWhDl_s-Y#LogPrefixType.g.verified.cs
    - Received: TelemetrySourceGeneratorMetricsTests.Generate_GivenMethodWithGenerics_RaisesDiagnostics_GuNZL4JIw_h5tWr-PyzmqtRbqJhDR5bTXFZWhDl_s-Y#MeterAttribute.g.received.cs
      Verified: TelemetrySourceGeneratorMetricsTests.Generate_GivenMethodWithGenerics_RaisesDiagnostics_GuNZL4JIw_h5tWr-PyzmqtRbqJhDR5bTXFZWhDl_s-Y#MeterAttribute.g.verified.cs
    - Received: TelemetrySourceGeneratorMetricsTests.Generate_GivenMethodWithGenerics_RaisesDiagnostics_GuNZL4JIw_h5tWr-PyzmqtRbqJhDR5bTXFZWhDl_s-Y#MeterGenerationAttribute.g.received.cs
      Verified: TelemetrySourceGeneratorMetricsTests.Generate_GivenMethodWithGenerics_RaisesDiagnostics_GuNZL4JIw_h5tWr-PyzmqtRbqJhDR5bTXFZWhDl_s-Y#MeterGenerationAttribute.g.verified.cs
    - Received: TelemetrySourceGeneratorMetricsTests.Generate_GivenMethodWithGenerics_RaisesDiagnostics_GuNZL4JIw_h5tWr-PyzmqtRbqJhDR5bTXFZWhDl_s-Y#MeterNameGenerationType.g.received.cs
      Verified: TelemetrySourceGeneratorMetricsTests.Generate_GivenMethodWithGenerics_RaisesDiagnostics_GuNZL4JIw_h5tWr-PyzmqtRbqJhDR5bTXFZWhDl_s-Y#MeterNameGenerationType.g.verified.cs
    - Received: TelemetrySourceGeneratorMetricsTests.Generate_GivenMethodWithGenerics_RaisesDiagnostics_GuNZL4JIw_h5tWr-PyzmqtRbqJhDR5bTXFZWhDl_s-Y#NamingConvention.g.received.cs
      Verified: TelemetrySourceGeneratorMetricsTests.Generate_GivenMethodWithGenerics_RaisesDiagnostics_GuNZL4JIw_h5tWr-PyzmqtRbqJhDR5bTXFZWhDl_s-Y#NamingConvention.g.verified.cs
    - Received: TelemetrySourceGeneratorMetricsTests.Generate_GivenMethodWithGenerics_RaisesDiagnostics_GuNZL4JIw_h5tWr-PyzmqtRbqJhDR5bTXFZWhDl_s-Y#ObservableCounterAttribute.g.received.cs
      Verified: TelemetrySourceGeneratorMetricsTests.Generate_GivenMethodWithGenerics_RaisesDiagnostics_GuNZL4JIw_h5tWr-PyzmqtRbqJhDR5bTXFZWhDl_s-Y#ObservableCounterAttribute.g.verified.cs
    - Received: TelemetrySourceGeneratorMetricsTests.Generate_GivenMethodWithGenerics_RaisesDiagnostics_GuNZL4JIw_h5tWr-PyzmqtRbqJhDR5bTXFZWhDl_s-Y#ObservableGaugeAttribute.g.received.cs
      Verified: TelemetrySourceGeneratorMetricsTests.Generate_GivenMethodWithGenerics_RaisesDiagnostics_GuNZL4JIw_h5tWr-PyzmqtRbqJhDR5bTXFZWhDl_s-Y#ObservableGaugeAttribute.g.verified.cs
    - Received: TelemetrySourceGeneratorMetricsTests.Generate_GivenMethodWithGenerics_RaisesDiagnostics_GuNZL4JIw_h5tWr-PyzmqtRbqJhDR5bTXFZWhDl_s-Y#ObservableUpDownCounterAttribute.g.received.cs
      Verified: TelemetrySourceGeneratorMetricsTests.Generate_GivenMethodWithGenerics_RaisesDiagnostics_GuNZL4JIw_h5tWr-PyzmqtRbqJhDR5bTXFZWhDl_s-Y#ObservableUpDownCounterAttribute.g.verified.cs
    - Received: TelemetrySourceGeneratorMetricsTests.Generate_GivenMethodWithGenerics_RaisesDiagnostics_GuNZL4JIw_h5tWr-PyzmqtRbqJhDR5bTXFZWhDl_s-Y#StatusDescriptionAttribute.g.received.cs
      Verified: TelemetrySourceGeneratorMetricsTests.Generate_GivenMethodWithGenerics_RaisesDiagnostics_GuNZL4JIw_h5tWr-PyzmqtRbqJhDR5bTXFZWhDl_s-Y#StatusDescriptionAttribute.g.verified.cs
    - Received: TelemetrySourceGeneratorMetricsTests.Generate_GivenMethodWithGenerics_RaisesDiagnostics_GuNZL4JIw_h5tWr-PyzmqtRbqJhDR5bTXFZWhDl_s-Y#TagAttribute.g.received.cs
      Verified: TelemetrySourceGeneratorMetricsTests.Generate_GivenMethodWithGenerics_RaisesDiagnostics_GuNZL4JIw_h5tWr-PyzmqtRbqJhDR5bTXFZWhDl_s-Y#TagAttribute.g.verified.cs
    - Received: TelemetrySourceGeneratorMetricsTests.Generate_GivenMethodWithGenerics_RaisesDiagnostics_GuNZL4JIw_h5tWr-PyzmqtRbqJhDR5bTXFZWhDl_s-Y#Targets.g.received.cs
      Verified: TelemetrySourceGeneratorMetricsTests.Generate_GivenMethodWithGenerics_RaisesDiagnostics_GuNZL4JIw_h5tWr-PyzmqtRbqJhDR5bTXFZWhDl_s-Y#Targets.g.verified.cs
    - Received: TelemetrySourceGeneratorMetricsTests.Generate_GivenMethodWithGenerics_RaisesDiagnostics_GuNZL4JIw_h5tWr-PyzmqtRbqJhDR5bTXFZWhDl_s-Y#TelemetryGenerationAttribute.g.received.cs
      Verified: TelemetrySourceGeneratorMetricsTests.Generate_GivenMethodWithGenerics_RaisesDiagnostics_GuNZL4JIw_h5tWr-PyzmqtRbqJhDR5bTXFZWhDl_s-Y#TelemetryGenerationAttribute.g.verified.cs
    - Received: TelemetrySourceGeneratorMetricsTests.Generate_GivenMethodWithGenerics_RaisesDiagnostics_GuNZL4JIw_h5tWr-PyzmqtRbqJhDR5bTXFZWhDl_s-Y#TraceAttribute.g.received.cs
      Verified: TelemetrySourceGeneratorMetricsTests.Generate_GivenMethodWithGenerics_RaisesDiagnostics_GuNZL4JIw_h5tWr-PyzmqtRbqJhDR5bTXFZWhDl_s-Y#TraceAttribute.g.verified.cs
    - Received: TelemetrySourceGeneratorMetricsTests.Generate_GivenMethodWithGenerics_RaisesDiagnostics_GuNZL4JIw_h5tWr-PyzmqtRbqJhDR5bTXFZWhDl_s-Y#UpDownCounterAttribute.g.received.cs
      Verified: TelemetrySourceGeneratorMetricsTests.Generate_GivenMethodWithGenerics_RaisesDiagnostics_GuNZL4JIw_h5tWr-PyzmqtRbqJhDR5bTXFZWhDl_s-Y#UpDownCounterAttribute.g.verified.cs
    - Received: TelemetrySourceGeneratorMetricsTests.Generate_GivenMethodWithGenerics_RaisesDiagnostics_GuNZL4JIw_h5tWr-PyzmqtRbqJhDR5bTXFZWhDl_s-Y#WarningAttribute.g.received.cs
      Verified: TelemetrySourceGeneratorMetricsTests.Generate_GivenMethodWithGenerics_RaisesDiagnostics_GuNZL4JIw_h5tWr-PyzmqtRbqJhDR5bTXFZWhDl_s-Y#WarningAttribute.g.verified.cs
  
  Standard output
    DBG: --- Adding templates.
    DBG: Adding ActivitySourceGenerationAttribute as ActivitySourceGenerationAttribute.g.cs.
    DBG: Adding ActivitySourceAttribute as ActivitySourceAttribute.g.cs.
    DBG: Adding ActivityAttribute as ActivityAttribute.g.cs.
    DBG: Adding EventAttribute as EventAttribute.g.cs.
    DBG: Adding ContextAttribute as ContextAttribute.g.cs.
    DBG: Adding BaggageAttribute as BaggageAttribute.g.cs.
    DBG: Adding EscapeAttribute as EscapeAttribute.g.cs.
    DBG: Adding StatusDescriptionAttribute as StatusDescriptionAttribute.g.cs.
    DBG: Adding LoggerGenerationAttribute as LoggerGenerationAttribute.g.cs.
    DBG: Adding LoggerAttribute as LoggerAttribute.g.cs.
    DBG: Adding LogAttribute as LogAttribute.g.cs.
    DBG: Adding LogPrefixType as LogPrefixType.g.cs.
    DBG: Adding LoggerGenerationMode as LoggerGenerationMode.g.cs.
    DBG: Adding ExpandEnumerableAttribute as ExpandEnumerableAttribute.g.cs.
    DBG: Adding TraceAttribute as TraceAttribute.g.cs.
    DBG: Adding DebugAttribute as DebugAttribute.g.cs.
    DBG: Adding InfoAttribute as InfoAttribute.g.cs.
    DBG: Adding WarningAttribute as WarningAttribute.g.cs.
    DBG: Adding ErrorAttribute as ErrorAttribute.g.cs.
    DBG: Adding CriticalAttribute as CriticalAttribute.g.cs.
    DBG: Adding MeterGenerationAttribute as MeterGenerationAttribute.g.cs.
    DBG: Adding MeterAttribute as MeterAttribute.g.cs.
    DBG: Adding MeterNameGenerationType as MeterNameGenerationType.g.cs.
    DBG: Adding InstrumentMeasurementAttribute as InstrumentMeasurementAttribute.g.cs.
    DBG: Adding AutoCounterAttribute as AutoCounterAttribute.g.cs.
    DBG: Adding CounterAttribute as CounterAttribute.g.cs.
    DBG: Adding UpDownCounterAttribute as UpDownCounterAttribute.g.cs.
    DBG: Adding HistogramAttribute as HistogramAttribute.g.cs.
    DBG: Adding ObservableCounterAttribute as ObservableCounterAttribute.g.cs.
    DBG: Adding ObservableGaugeAttribute as ObservableGaugeAttribute.g.cs.
    DBG: Adding ObservableUpDownCounterAttribute as ObservableUpDownCounterAttribute.g.cs.
    DBG: Adding TagAttribute as TagAttribute.g.cs.
    DBG: Adding ExcludeAttribute as ExcludeAttribute.g.cs.
    DBG: Adding TelemetryGenerationAttribute as TelemetryGenerationAttribute.g.cs.
    DBG: Adding Targets as Targets.g.cs.
    DBG: Adding NamingConvention as NamingConvention.g.cs.
    DBG: Adding ExcludeTargetsAttribute as ExcludeTargetsAttribute.g.cs.
    DBG: --- Finished adding templates.
    DIA: Cannot generate a Meter target for a generic interface '[Meter("testing-meter")] public interface ITestMetrics<T0, T1, T2, T3, T4> { [AutoCounter] void AutoCounter(); }'.
    DIA: Cannot generate a Meter target for a generic interface '[Meter("testing-meter")] public interface ITestMetrics<T0, T1, T2, T3, T4> { [AutoCounter] void AutoCounter(); }'.
    
  Error output
failed Generate_GivenMethodWithGenerics_RaisesDiagnostics(1) (5s 686ms)
  [Test Failure] VerifyException: Directory: P:\GitHub\kjldev\purview-telemetry-sourcegenerator\src\Purview.Telemetry.SourceGenerator.IntegrationTests\Snapshots
Delete:
  - TelemetrySourceGeneratorMetricsTests.Generate_GivenMethodWithGenerics_RaisesDiagnostics_CAqe1ChVnvYCZotMAPEU8aEcP2sCpDXwvcFUV45NfyI#Purview.Telemetry.SourceGenerator.TelemetryNames.g.verified.cs
  - TelemetrySourceGeneratorMetricsTests.Generate_GivenMethodWithGenerics_RaisesDiagnostics_CAqe1ChVnvYCZotMAPEU8aEcP2sCpDXwvcFUV45NfyI.verified.txt
Equal:
  - Received: TelemetrySourceGeneratorMetricsTests.Generate_GivenMethodWithGenerics_RaisesDiagnostics_CAqe1ChVnvYCZotMAPEU8aEcP2sCpDXwvcFUV45NfyI#ActivityAttribute.g.received.cs
    Verified: TelemetrySourceGeneratorMetricsTests.Generate_GivenMethodWithGenerics_RaisesDiagnostics_CAqe1ChVnvYCZotMAPEU8aEcP2sCpDXwvcFUV45NfyI#ActivityAttribute.g.verified.cs
  - Received: TelemetrySourceGeneratorMetricsTests.Generate_GivenMethodWithGenerics_RaisesDiagnostics_CAqe1ChVnvYCZotMAPEU8aEcP2sCpDXwvcFUV45NfyI#ActivitySourceAttribute.g.received.cs
    Verified: TelemetrySourceGeneratorMetricsTests.Generate_GivenMethodWithGenerics_RaisesDiagnostics_CAqe1ChVnvYCZotMAPEU8aEcP2sCpDXwvcFUV45NfyI#ActivitySourceAttribute.g.verified.cs
  - Received: TelemetrySourceGeneratorMetricsTests.Generate_GivenMethodWithGenerics_RaisesDiagnostics_CAqe1ChVnvYCZotMAPEU8aEcP2sCpDXwvcFUV45NfyI#ActivitySourceGenerationAttribute.g.received.cs
    Verified: TelemetrySourceGeneratorMetricsTests.Generate_GivenMethodWithGenerics_RaisesDiagnostics_CAqe1ChVnvYCZotMAPEU8aEcP2sCpDXwvcFUV45NfyI#ActivitySourceGenerationAttribute.g.verified.cs
  - Received: TelemetrySourceGeneratorMetricsTests.Generate_GivenMethodWithGenerics_RaisesDiagnostics_CAqe1ChVnvYCZotMAPEU8aEcP2sCpDXwvcFUV45NfyI#AutoCounterAttribute.g.received.cs
    Verified: TelemetrySourceGeneratorMetricsTests.Generate_GivenMethodWithGenerics_RaisesDiagnostics_CAqe1ChVnvYCZotMAPEU8aEcP2sCpDXwvcFUV45NfyI#AutoCounterAttribute.g.verified.cs
  - Received: TelemetrySourceGeneratorMetricsTests.Generate_GivenMethodWithGenerics_RaisesDiagnostics_CAqe1ChVnvYCZotMAPEU8aEcP2sCpDXwvcFUV45NfyI#BaggageAttribute.g.received.cs
    Verified: TelemetrySourceGeneratorMetricsTests.Generate_GivenMethodWithGenerics_RaisesDiagnostics_CAqe1ChVnvYCZotMAPEU8aEcP2sCpDXwvcFUV45NfyI#BaggageAttribute.g.verified.cs
  - Received: TelemetrySourceGeneratorMetricsTests.Generate_GivenMethodWithGenerics_RaisesDiagnostics_CAqe1ChVnvYCZotMAPEU8aEcP2sCpDXwvcFUV45NfyI#ContextAttribute.g.received.cs
    Verified: TelemetrySourceGeneratorMetricsTests.Generate_GivenMethodWithGenerics_RaisesDiagnostics_CAqe1ChVnvYCZotMAPEU8aEcP2sCpDXwvcFUV45NfyI#ContextAttribute.g.verified.cs
  - Received: TelemetrySourceGeneratorMetricsTests.Generate_GivenMethodWithGenerics_RaisesDiagnostics_CAqe1ChVnvYCZotMAPEU8aEcP2sCpDXwvcFUV45NfyI#CounterAttribute.g.received.cs
    Verified: TelemetrySourceGeneratorMetricsTests.Generate_GivenMethodWithGenerics_RaisesDiagnostics_CAqe1ChVnvYCZotMAPEU8aEcP2sCpDXwvcFUV45NfyI#CounterAttribute.g.verified.cs
  - Received: TelemetrySourceGeneratorMetricsTests.Generate_GivenMethodWithGenerics_RaisesDiagnostics_CAqe1ChVnvYCZotMAPEU8aEcP2sCpDXwvcFUV45NfyI#CriticalAttribute.g.received.cs
    Verified: TelemetrySourceGeneratorMetricsTests.Generate_GivenMethodWithGenerics_RaisesDiagnostics_CAqe1ChVnvYCZotMAPEU8aEcP2sCpDXwvcFUV45NfyI#CriticalAttribute.g.verified.cs
  - Received: TelemetrySourceGeneratorMetricsTests.Generate_GivenMethodWithGenerics_RaisesDiagnostics_CAqe1ChVnvYCZotMAPEU8aEcP2sCpDXwvcFUV45NfyI#DebugAttribute.g.received.cs
    Verified: TelemetrySourceGeneratorMetricsTests.Generate_GivenMethodWithGenerics_RaisesDiagnostics_CAqe1ChVnvYCZotMAPEU8aEcP2sCpDXwvcFUV45NfyI#DebugAttribute.g.verified.cs
  - Received: TelemetrySourceGeneratorMetricsTests.Generate_GivenMethodWithGenerics_RaisesDiagnostics_CAqe1ChVnvYCZotMAPEU8aEcP2sCpDXwvcFUV45NfyI#ErrorAttribute.g.received.cs
    Verified: TelemetrySourceGeneratorMetricsTests.Generate_GivenMethodWithGenerics_RaisesDiagnostics_CAqe1ChVnvYCZotMAPEU8aEcP2sCpDXwvcFUV45NfyI#ErrorAttribute.g.verified.cs
  - Received: TelemetrySourceGeneratorMetricsTests.Generate_GivenMethodWithGenerics_RaisesDiagnostics_CAqe1ChVnvYCZotMAPEU8aEcP2sCpDXwvcFUV45NfyI#EscapeAttribute.g.received.cs
    Verified: TelemetrySourceGeneratorMetricsTests.Generate_GivenMethodWithGenerics_RaisesDiagnostics_CAqe1ChVnvYCZotMAPEU8aEcP2sCpDXwvcFUV45NfyI#EscapeAttribute.g.verified.cs
  - Received: TelemetrySourceGeneratorMetricsTests.Generate_GivenMethodWithGenerics_RaisesDiagnostics_CAqe1ChVnvYCZotMAPEU8aEcP2sCpDXwvcFUV45NfyI#EventAttribute.g.received.cs
    Verified: TelemetrySourceGeneratorMetricsTests.Generate_GivenMethodWithGenerics_RaisesDiagnostics_CAqe1ChVnvYCZotMAPEU8aEcP2sCpDXwvcFUV45NfyI#EventAttribute.g.verified.cs
  - Received: TelemetrySourceGeneratorMetricsTests.Generate_GivenMethodWithGenerics_RaisesDiagnostics_CAqe1ChVnvYCZotMAPEU8aEcP2sCpDXwvcFUV45NfyI#ExcludeAttribute.g.received.cs
    Verified: TelemetrySourceGeneratorMetricsTests.Generate_GivenMethodWithGenerics_RaisesDiagnostics_CAqe1ChVnvYCZotMAPEU8aEcP2sCpDXwvcFUV45NfyI#ExcludeAttribute.g.verified.cs
  - Received: TelemetrySourceGeneratorMetricsTests.Generate_GivenMethodWithGenerics_RaisesDiagnostics_CAqe1ChVnvYCZotMAPEU8aEcP2sCpDXwvcFUV45NfyI#ExcludeTargetsAttribute.g.received.cs
    Verified: TelemetrySourceGeneratorMetricsTests.Generate_GivenMethodWithGenerics_RaisesDiagnostics_CAqe1ChVnvYCZotMAPEU8aEcP2sCpDXwvcFUV45NfyI#ExcludeTargetsAttribute.g.verified.cs
  - Received: TelemetrySourceGeneratorMetricsTests.Generate_GivenMethodWithGenerics_RaisesDiagnostics_CAqe1ChVnvYCZotMAPEU8aEcP2sCpDXwvcFUV45NfyI#ExpandEnumerableAttribute.g.received.cs
    Verified: TelemetrySourceGeneratorMetricsTests.Generate_GivenMethodWithGenerics_RaisesDiagnostics_CAqe1ChVnvYCZotMAPEU8aEcP2sCpDXwvcFUV45NfyI#ExpandEnumerableAttribute.g.verified.cs
  - Received: TelemetrySourceGeneratorMetricsTests.Generate_GivenMethodWithGenerics_RaisesDiagnostics_CAqe1ChVnvYCZotMAPEU8aEcP2sCpDXwvcFUV45NfyI#HistogramAttribute.g.received.cs
    Verified: TelemetrySourceGeneratorMetricsTests.Generate_GivenMethodWithGenerics_RaisesDiagnostics_CAqe1ChVnvYCZotMAPEU8aEcP2sCpDXwvcFUV45NfyI#HistogramAttribute.g.verified.cs
  - Received: TelemetrySourceGeneratorMetricsTests.Generate_GivenMethodWithGenerics_RaisesDiagnostics_CAqe1ChVnvYCZotMAPEU8aEcP2sCpDXwvcFUV45NfyI#InfoAttribute.g.received.cs
    Verified: TelemetrySourceGeneratorMetricsTests.Generate_GivenMethodWithGenerics_RaisesDiagnostics_CAqe1ChVnvYCZotMAPEU8aEcP2sCpDXwvcFUV45NfyI#InfoAttribute.g.verified.cs
  - Received: TelemetrySourceGeneratorMetricsTests.Generate_GivenMethodWithGenerics_RaisesDiagnostics_CAqe1ChVnvYCZotMAPEU8aEcP2sCpDXwvcFUV45NfyI#InstrumentMeasurementAttribute.g.received.cs
    Verified: TelemetrySourceGeneratorMetricsTests.Generate_GivenMethodWithGenerics_RaisesDiagnostics_CAqe1ChVnvYCZotMAPEU8aEcP2sCpDXwvcFUV45NfyI#InstrumentMeasurementAttribute.g.verified.cs
  - Received: TelemetrySourceGeneratorMetricsTests.Generate_GivenMethodWithGenerics_RaisesDiagnostics_CAqe1ChVnvYCZotMAPEU8aEcP2sCpDXwvcFUV45NfyI#LogAttribute.g.received.cs
    Verified: TelemetrySourceGeneratorMetricsTests.Generate_GivenMethodWithGenerics_RaisesDiagnostics_CAqe1ChVnvYCZotMAPEU8aEcP2sCpDXwvcFUV45NfyI#LogAttribute.g.verified.cs
  - Received: TelemetrySourceGeneratorMetricsTests.Generate_GivenMethodWithGenerics_RaisesDiagnostics_CAqe1ChVnvYCZotMAPEU8aEcP2sCpDXwvcFUV45NfyI#LoggerAttribute.g.received.cs
    Verified: TelemetrySourceGeneratorMetricsTests.Generate_GivenMethodWithGenerics_RaisesDiagnostics_CAqe1ChVnvYCZotMAPEU8aEcP2sCpDXwvcFUV45NfyI#LoggerAttribute.g.verified.cs
  - Received: TelemetrySourceGeneratorMetricsTests.Generate_GivenMethodWithGenerics_RaisesDiagnostics_CAqe1ChVnvYCZotMAPEU8aEcP2sCpDXwvcFUV45NfyI#LoggerGenerationAttribute.g.received.cs
    Verified: TelemetrySourceGeneratorMetricsTests.Generate_GivenMethodWithGenerics_RaisesDiagnostics_CAqe1ChVnvYCZotMAPEU8aEcP2sCpDXwvcFUV45NfyI#LoggerGenerationAttribute.g.verified.cs
  - Received: TelemetrySourceGeneratorMetricsTests.Generate_GivenMethodWithGenerics_RaisesDiagnostics_CAqe1ChVnvYCZotMAPEU8aEcP2sCpDXwvcFUV45NfyI#LoggerGenerationMode.g.received.cs
    Verified: TelemetrySourceGeneratorMetricsTests.Generate_GivenMethodWithGenerics_RaisesDiagnostics_CAqe1ChVnvYCZotMAPEU8aEcP2sCpDXwvcFUV45NfyI#LoggerGenerationMode.g.verified.cs
  - Received: TelemetrySourceGeneratorMetricsTests.Generate_GivenMethodWithGenerics_RaisesDiagnostics_CAqe1ChVnvYCZotMAPEU8aEcP2sCpDXwvcFUV45NfyI#LogPrefixType.g.received.cs
    Verified: TelemetrySourceGeneratorMetricsTests.Generate_GivenMethodWithGenerics_RaisesDiagnostics_CAqe1ChVnvYCZotMAPEU8aEcP2sCpDXwvcFUV45NfyI#LogPrefixType.g.verified.cs
  - Received: TelemetrySourceGeneratorMetricsTests.Generate_GivenMethodWithGenerics_RaisesDiagnostics_CAqe1ChVnvYCZotMAPEU8aEcP2sCpDXwvcFUV45NfyI#MeterAttribute.g.received.cs
    Verified: TelemetrySourceGeneratorMetricsTests.Generate_GivenMethodWithGenerics_RaisesDiagnostics_CAqe1ChVnvYCZotMAPEU8aEcP2sCpDXwvcFUV45NfyI#MeterAttribute.g.verified.cs
  - Received: TelemetrySourceGeneratorMetricsTests.Generate_GivenMethodWithGenerics_RaisesDiagnostics_CAqe1ChVnvYCZotMAPEU8aEcP2sCpDXwvcFUV45NfyI#MeterGenerationAttribute.g.received.cs
    Verified: TelemetrySourceGeneratorMetricsTests.Generate_GivenMethodWithGenerics_RaisesDiagnostics_CAqe1ChVnvYCZotMAPEU8aEcP2sCpDXwvcFUV45NfyI#MeterGenerationAttribute.g.verified.cs
  - Received: TelemetrySourceGeneratorMetricsTests.Generate_GivenMethodWithGenerics_RaisesDiagnostics_CAqe1ChVnvYCZotMAPEU8aEcP2sCpDXwvcFUV45NfyI#MeterNameGenerationType.g.received.cs
    Verified: TelemetrySourceGeneratorMetricsTests.Generate_GivenMethodWithGenerics_RaisesDiagnostics_CAqe1ChVnvYCZotMAPEU8aEcP2sCpDXwvcFUV45NfyI#MeterNameGenerationType.g.verified.cs
  - Received: TelemetrySourceGeneratorMetricsTests.Generate_GivenMethodWithGenerics_RaisesDiagnostics_CAqe1ChVnvYCZotMAPEU8aEcP2sCpDXwvcFUV45NfyI#NamingConvention.g.received.cs
    Verified: TelemetrySourceGeneratorMetricsTests.Generate_GivenMethodWithGenerics_RaisesDiagnostics_CAqe1ChVnvYCZotMAPEU8aEcP2sCpDXwvcFUV45NfyI#NamingConvention.g.verified.cs
  - Received: TelemetrySourceGeneratorMetricsTests.Generate_GivenMethodWithGenerics_RaisesDiagnostics_CAqe1ChVnvYCZotMAPEU8aEcP2sCpDXwvcFUV45NfyI#ObservableCounterAttribute.g.received.cs
    Verified: TelemetrySourceGeneratorMetricsTests.Generate_GivenMethodWithGenerics_RaisesDiagnostics_CAqe1ChVnvYCZotMAPEU8aEcP2sCpDXwvcFUV45NfyI#ObservableCounterAttribute.g.verified.cs
  - Received: TelemetrySourceGeneratorMetricsTests.Generate_GivenMethodWithGenerics_RaisesDiagnostics_CAqe1ChVnvYCZotMAPEU8aEcP2sCpDXwvcFUV45NfyI#ObservableGaugeAttribute.g.received.cs
    Verified: TelemetrySourceGeneratorMetricsTests.Generate_GivenMethodWithGenerics_RaisesDiagnostics_CAqe1ChVnvYCZotMAPEU8aEcP2sCpDXwvcFUV45NfyI#ObservableGaugeAttribute.g.verified.cs
  - Received: TelemetrySourceGeneratorMetricsTests.Generate_GivenMethodWithGenerics_RaisesDiagnostics_CAqe1ChVnvYCZotMAPEU8aEcP2sCpDXwvcFUV45NfyI#ObservableUpDownCounterAttribute.g.received.cs
    Verified: TelemetrySourceGeneratorMetricsTests.Generate_GivenMethodWithGenerics_RaisesDiagnostics_CAqe1ChVnvYCZotMAPEU8aEcP2sCpDXwvcFUV45NfyI#ObservableUpDownCounterAttribute.g.verified.cs
  - Received: TelemetrySourceGeneratorMetricsTests.Generate_GivenMethodWithGenerics_RaisesDiagnostics_CAqe1ChVnvYCZotMAPEU8aEcP2sCpDXwvcFUV45NfyI#StatusDescriptionAttribute.g.received.cs
    Verified: TelemetrySourceGeneratorMetricsTests.Generate_GivenMethodWithGenerics_RaisesDiagnostics_CAqe1ChVnvYCZotMAPEU8aEcP2sCpDXwvcFUV45NfyI#StatusDescriptionAttribute.g.verified.cs
  - Received: TelemetrySourceGeneratorMetricsTests.Generate_GivenMethodWithGenerics_RaisesDiagnostics_CAqe1ChVnvYCZotMAPEU8aEcP2sCpDXwvcFUV45NfyI#TagAttribute.g.received.cs
    Verified: TelemetrySourceGeneratorMetricsTests.Generate_GivenMethodWithGenerics_RaisesDiagnostics_CAqe1ChVnvYCZotMAPEU8aEcP2sCpDXwvcFUV45NfyI#TagAttribute.g.verified.cs
  - Received: TelemetrySourceGeneratorMetricsTests.Generate_GivenMethodWithGenerics_RaisesDiagnostics_CAqe1ChVnvYCZotMAPEU8aEcP2sCpDXwvcFUV45NfyI#Targets.g.received.cs
    Verified: TelemetrySourceGeneratorMetricsTests.Generate_GivenMethodWithGenerics_RaisesDiagnostics_CAqe1ChVnvYCZotMAPEU8aEcP2sCpDXwvcFUV45NfyI#Targets.g.verified.cs
  - Received: TelemetrySourceGeneratorMetricsTests.Generate_GivenMethodWithGenerics_RaisesDiagnostics_CAqe1ChVnvYCZotMAPEU8aEcP2sCpDXwvcFUV45NfyI#TelemetryGenerationAttribute.g.received.cs
    Verified: TelemetrySourceGeneratorMetricsTests.Generate_GivenMethodWithGenerics_RaisesDiagnostics_CAqe1ChVnvYCZotMAPEU8aEcP2sCpDXwvcFUV45NfyI#TelemetryGenerationAttribute.g.verified.cs
  - Received: TelemetrySourceGeneratorMetricsTests.Generate_GivenMethodWithGenerics_RaisesDiagnostics_CAqe1ChVnvYCZotMAPEU8aEcP2sCpDXwvcFUV45NfyI#TraceAttribute.g.received.cs
    Verified: TelemetrySourceGeneratorMetricsTests.Generate_GivenMethodWithGenerics_RaisesDiagnostics_CAqe1ChVnvYCZotMAPEU8aEcP2sCpDXwvcFUV45NfyI#TraceAttribute.g.verified.cs
  - Received: TelemetrySourceGeneratorMetricsTests.Generate_GivenMethodWithGenerics_RaisesDiagnostics_CAqe1ChVnvYCZotMAPEU8aEcP2sCpDXwvcFUV45NfyI#UpDownCounterAttribute.g.received.cs
    Verified: TelemetrySourceGeneratorMetricsTests.Generate_GivenMethodWithGenerics_RaisesDiagnostics_CAqe1ChVnvYCZotMAPEU8aEcP2sCpDXwvcFUV45NfyI#UpDownCounterAttribute.g.verified.cs
  - Received: TelemetrySourceGeneratorMetricsTests.Generate_GivenMethodWithGenerics_RaisesDiagnostics_CAqe1ChVnvYCZotMAPEU8aEcP2sCpDXwvcFUV45NfyI#WarningAttribute.g.received.cs
    Verified: TelemetrySourceGeneratorMetricsTests.Generate_GivenMethodWithGenerics_RaisesDiagnostics_CAqe1ChVnvYCZotMAPEU8aEcP2sCpDXwvcFUV45NfyI#WarningAttribute.g.verified.cs

  from P:\GitHub\kjldev\purview-telemetry-sourcegenerator\src\Purview.Telemetry.SourceGenerator.IntegrationTests\bin\Release\net10.0\Purview.Telemetry.SourceGenerator.IntegrationTests.dll (net10.0|x64)
  TUnit.Engine.Exceptions.TestFailedException: [Test Failure] VerifyException: Directory: P:\GitHub\kjldev\purview-telemetry-sourcegenerator\src\Purview.Telemetry.SourceGenerator.IntegrationTests\Snapshots
  Delete:
    - TelemetrySourceGeneratorMetricsTests.Generate_GivenMethodWithGenerics_RaisesDiagnostics_CAqe1ChVnvYCZotMAPEU8aEcP2sCpDXwvcFUV45NfyI#Purview.Telemetry.SourceGenerator.TelemetryNames.g.verified.cs
    - TelemetrySourceGeneratorMetricsTests.Generate_GivenMethodWithGenerics_RaisesDiagnostics_CAqe1ChVnvYCZotMAPEU8aEcP2sCpDXwvcFUV45NfyI.verified.txt
  Equal:
    - Received: TelemetrySourceGeneratorMetricsTests.Generate_GivenMethodWithGenerics_RaisesDiagnostics_CAqe1ChVnvYCZotMAPEU8aEcP2sCpDXwvcFUV45NfyI#ActivityAttribute.g.received.cs
      Verified: TelemetrySourceGeneratorMetricsTests.Generate_GivenMethodWithGenerics_RaisesDiagnostics_CAqe1ChVnvYCZotMAPEU8aEcP2sCpDXwvcFUV45NfyI#ActivityAttribute.g.verified.cs
    - Received: TelemetrySourceGeneratorMetricsTests.Generate_GivenMethodWithGenerics_RaisesDiagnostics_CAqe1ChVnvYCZotMAPEU8aEcP2sCpDXwvcFUV45NfyI#ActivitySourceAttribute.g.received.cs
      Verified: TelemetrySourceGeneratorMetricsTests.Generate_GivenMethodWithGenerics_RaisesDiagnostics_CAqe1ChVnvYCZotMAPEU8aEcP2sCpDXwvcFUV45NfyI#ActivitySourceAttribute.g.verified.cs
    - Received: TelemetrySourceGeneratorMetricsTests.Generate_GivenMethodWithGenerics_RaisesDiagnostics_CAqe1ChVnvYCZotMAPEU8aEcP2sCpDXwvcFUV45NfyI#ActivitySourceGenerationAttribute.g.received.cs
      Verified: TelemetrySourceGeneratorMetricsTests.Generate_GivenMethodWithGenerics_RaisesDiagnostics_CAqe1ChVnvYCZotMAPEU8aEcP2sCpDXwvcFUV45NfyI#ActivitySourceGenerationAttribute.g.verified.cs
    - Received: TelemetrySourceGeneratorMetricsTests.Generate_GivenMethodWithGenerics_RaisesDiagnostics_CAqe1ChVnvYCZotMAPEU8aEcP2sCpDXwvcFUV45NfyI#AutoCounterAttribute.g.received.cs
      Verified: TelemetrySourceGeneratorMetricsTests.Generate_GivenMethodWithGenerics_RaisesDiagnostics_CAqe1ChVnvYCZotMAPEU8aEcP2sCpDXwvcFUV45NfyI#AutoCounterAttribute.g.verified.cs
    - Received: TelemetrySourceGeneratorMetricsTests.Generate_GivenMethodWithGenerics_RaisesDiagnostics_CAqe1ChVnvYCZotMAPEU8aEcP2sCpDXwvcFUV45NfyI#BaggageAttribute.g.received.cs
      Verified: TelemetrySourceGeneratorMetricsTests.Generate_GivenMethodWithGenerics_RaisesDiagnostics_CAqe1ChVnvYCZotMAPEU8aEcP2sCpDXwvcFUV45NfyI#BaggageAttribute.g.verified.cs
    - Received: TelemetrySourceGeneratorMetricsTests.Generate_GivenMethodWithGenerics_RaisesDiagnostics_CAqe1ChVnvYCZotMAPEU8aEcP2sCpDXwvcFUV45NfyI#ContextAttribute.g.received.cs
      Verified: TelemetrySourceGeneratorMetricsTests.Generate_GivenMethodWithGenerics_RaisesDiagnostics_CAqe1ChVnvYCZotMAPEU8aEcP2sCpDXwvcFUV45NfyI#ContextAttribute.g.verified.cs
    - Received: TelemetrySourceGeneratorMetricsTests.Generate_GivenMethodWithGenerics_RaisesDiagnostics_CAqe1ChVnvYCZotMAPEU8aEcP2sCpDXwvcFUV45NfyI#CounterAttribute.g.received.cs
      Verified: TelemetrySourceGeneratorMetricsTests.Generate_GivenMethodWithGenerics_RaisesDiagnostics_CAqe1ChVnvYCZotMAPEU8aEcP2sCpDXwvcFUV45NfyI#CounterAttribute.g.verified.cs
    - Received: TelemetrySourceGeneratorMetricsTests.Generate_GivenMethodWithGenerics_RaisesDiagnostics_CAqe1ChVnvYCZotMAPEU8aEcP2sCpDXwvcFUV45NfyI#CriticalAttribute.g.received.cs
      Verified: TelemetrySourceGeneratorMetricsTests.Generate_GivenMethodWithGenerics_RaisesDiagnostics_CAqe1ChVnvYCZotMAPEU8aEcP2sCpDXwvcFUV45NfyI#CriticalAttribute.g.verified.cs
    - Received: TelemetrySourceGeneratorMetricsTests.Generate_GivenMethodWithGenerics_RaisesDiagnostics_CAqe1ChVnvYCZotMAPEU8aEcP2sCpDXwvcFUV45NfyI#DebugAttribute.g.received.cs
      Verified: TelemetrySourceGeneratorMetricsTests.Generate_GivenMethodWithGenerics_RaisesDiagnostics_CAqe1ChVnvYCZotMAPEU8aEcP2sCpDXwvcFUV45NfyI#DebugAttribute.g.verified.cs
    - Received: TelemetrySourceGeneratorMetricsTests.Generate_GivenMethodWithGenerics_RaisesDiagnostics_CAqe1ChVnvYCZotMAPEU8aEcP2sCpDXwvcFUV45NfyI#ErrorAttribute.g.received.cs
      Verified: TelemetrySourceGeneratorMetricsTests.Generate_GivenMethodWithGenerics_RaisesDiagnostics_CAqe1ChVnvYCZotMAPEU8aEcP2sCpDXwvcFUV45NfyI#ErrorAttribute.g.verified.cs
    - Received: TelemetrySourceGeneratorMetricsTests.Generate_GivenMethodWithGenerics_RaisesDiagnostics_CAqe1ChVnvYCZotMAPEU8aEcP2sCpDXwvcFUV45NfyI#EscapeAttribute.g.received.cs
      Verified: TelemetrySourceGeneratorMetricsTests.Generate_GivenMethodWithGenerics_RaisesDiagnostics_CAqe1ChVnvYCZotMAPEU8aEcP2sCpDXwvcFUV45NfyI#EscapeAttribute.g.verified.cs
    - Received: TelemetrySourceGeneratorMetricsTests.Generate_GivenMethodWithGenerics_RaisesDiagnostics_CAqe1ChVnvYCZotMAPEU8aEcP2sCpDXwvcFUV45NfyI#EventAttribute.g.received.cs
      Verified: TelemetrySourceGeneratorMetricsTests.Generate_GivenMethodWithGenerics_RaisesDiagnostics_CAqe1ChVnvYCZotMAPEU8aEcP2sCpDXwvcFUV45NfyI#EventAttribute.g.verified.cs
    - Received: TelemetrySourceGeneratorMetricsTests.Generate_GivenMethodWithGenerics_RaisesDiagnostics_CAqe1ChVnvYCZotMAPEU8aEcP2sCpDXwvcFUV45NfyI#ExcludeAttribute.g.received.cs
      Verified: TelemetrySourceGeneratorMetricsTests.Generate_GivenMethodWithGenerics_RaisesDiagnostics_CAqe1ChVnvYCZotMAPEU8aEcP2sCpDXwvcFUV45NfyI#ExcludeAttribute.g.verified.cs
    - Received: TelemetrySourceGeneratorMetricsTests.Generate_GivenMethodWithGenerics_RaisesDiagnostics_CAqe1ChVnvYCZotMAPEU8aEcP2sCpDXwvcFUV45NfyI#ExcludeTargetsAttribute.g.received.cs
      Verified: TelemetrySourceGeneratorMetricsTests.Generate_GivenMethodWithGenerics_RaisesDiagnostics_CAqe1ChVnvYCZotMAPEU8aEcP2sCpDXwvcFUV45NfyI#ExcludeTargetsAttribute.g.verified.cs
    - Received: TelemetrySourceGeneratorMetricsTests.Generate_GivenMethodWithGenerics_RaisesDiagnostics_CAqe1ChVnvYCZotMAPEU8aEcP2sCpDXwvcFUV45NfyI#ExpandEnumerableAttribute.g.received.cs
      Verified: TelemetrySourceGeneratorMetricsTests.Generate_GivenMethodWithGenerics_RaisesDiagnostics_CAqe1ChVnvYCZotMAPEU8aEcP2sCpDXwvcFUV45NfyI#ExpandEnumerableAttribute.g.verified.cs
    - Received: TelemetrySourceGeneratorMetricsTests.Generate_GivenMethodWithGenerics_RaisesDiagnostics_CAqe1ChVnvYCZotMAPEU8aEcP2sCpDXwvcFUV45NfyI#HistogramAttribute.g.received.cs
      Verified: TelemetrySourceGeneratorMetricsTests.Generate_GivenMethodWithGenerics_RaisesDiagnostics_CAqe1ChVnvYCZotMAPEU8aEcP2sCpDXwvcFUV45NfyI#HistogramAttribute.g.verified.cs
    - Received: TelemetrySourceGeneratorMetricsTests.Generate_GivenMethodWithGenerics_RaisesDiagnostics_CAqe1ChVnvYCZotMAPEU8aEcP2sCpDXwvcFUV45NfyI#InfoAttribute.g.received.cs
      Verified: TelemetrySourceGeneratorMetricsTests.Generate_GivenMethodWithGenerics_RaisesDiagnostics_CAqe1ChVnvYCZotMAPEU8aEcP2sCpDXwvcFUV45NfyI#InfoAttribute.g.verified.cs
    - Received: TelemetrySourceGeneratorMetricsTests.Generate_GivenMethodWithGenerics_RaisesDiagnostics_CAqe1ChVnvYCZotMAPEU8aEcP2sCpDXwvcFUV45NfyI#InstrumentMeasurementAttribute.g.received.cs
      Verified: TelemetrySourceGeneratorMetricsTests.Generate_GivenMethodWithGenerics_RaisesDiagnostics_CAqe1ChVnvYCZotMAPEU8aEcP2sCpDXwvcFUV45NfyI#InstrumentMeasurementAttribute.g.verified.cs
    - Received: TelemetrySourceGeneratorMetricsTests.Generate_GivenMethodWithGenerics_RaisesDiagnostics_CAqe1ChVnvYCZotMAPEU8aEcP2sCpDXwvcFUV45NfyI#LogAttribute.g.received.cs
      Verified: TelemetrySourceGeneratorMetricsTests.Generate_GivenMethodWithGenerics_RaisesDiagnostics_CAqe1ChVnvYCZotMAPEU8aEcP2sCpDXwvcFUV45NfyI#LogAttribute.g.verified.cs
    - Received: TelemetrySourceGeneratorMetricsTests.Generate_GivenMethodWithGenerics_RaisesDiagnostics_CAqe1ChVnvYCZotMAPEU8aEcP2sCpDXwvcFUV45NfyI#LoggerAttribute.g.received.cs
      Verified: TelemetrySourceGeneratorMetricsTests.Generate_GivenMethodWithGenerics_RaisesDiagnostics_CAqe1ChVnvYCZotMAPEU8aEcP2sCpDXwvcFUV45NfyI#LoggerAttribute.g.verified.cs
    - Received: TelemetrySourceGeneratorMetricsTests.Generate_GivenMethodWithGenerics_RaisesDiagnostics_CAqe1ChVnvYCZotMAPEU8aEcP2sCpDXwvcFUV45NfyI#LoggerGenerationAttribute.g.received.cs
      Verified: TelemetrySourceGeneratorMetricsTests.Generate_GivenMethodWithGenerics_RaisesDiagnostics_CAqe1ChVnvYCZotMAPEU8aEcP2sCpDXwvcFUV45NfyI#LoggerGenerationAttribute.g.verified.cs
    - Received: TelemetrySourceGeneratorMetricsTests.Generate_GivenMethodWithGenerics_RaisesDiagnostics_CAqe1ChVnvYCZotMAPEU8aEcP2sCpDXwvcFUV45NfyI#LoggerGenerationMode.g.received.cs
      Verified: TelemetrySourceGeneratorMetricsTests.Generate_GivenMethodWithGenerics_RaisesDiagnostics_CAqe1ChVnvYCZotMAPEU8aEcP2sCpDXwvcFUV45NfyI#LoggerGenerationMode.g.verified.cs
    - Received: TelemetrySourceGeneratorMetricsTests.Generate_GivenMethodWithGenerics_RaisesDiagnostics_CAqe1ChVnvYCZotMAPEU8aEcP2sCpDXwvcFUV45NfyI#LogPrefixType.g.received.cs
      Verified: TelemetrySourceGeneratorMetricsTests.Generate_GivenMethodWithGenerics_RaisesDiagnostics_CAqe1ChVnvYCZotMAPEU8aEcP2sCpDXwvcFUV45NfyI#LogPrefixType.g.verified.cs
    - Received: TelemetrySourceGeneratorMetricsTests.Generate_GivenMethodWithGenerics_RaisesDiagnostics_CAqe1ChVnvYCZotMAPEU8aEcP2sCpDXwvcFUV45NfyI#MeterAttribute.g.received.cs
      Verified: TelemetrySourceGeneratorMetricsTests.Generate_GivenMethodWithGenerics_RaisesDiagnostics_CAqe1ChVnvYCZotMAPEU8aEcP2sCpDXwvcFUV45NfyI#MeterAttribute.g.verified.cs
    - Received: TelemetrySourceGeneratorMetricsTests.Generate_GivenMethodWithGenerics_RaisesDiagnostics_CAqe1ChVnvYCZotMAPEU8aEcP2sCpDXwvcFUV45NfyI#MeterGenerationAttribute.g.received.cs
      Verified: TelemetrySourceGeneratorMetricsTests.Generate_GivenMethodWithGenerics_RaisesDiagnostics_CAqe1ChVnvYCZotMAPEU8aEcP2sCpDXwvcFUV45NfyI#MeterGenerationAttribute.g.verified.cs
    - Received: TelemetrySourceGeneratorMetricsTests.Generate_GivenMethodWithGenerics_RaisesDiagnostics_CAqe1ChVnvYCZotMAPEU8aEcP2sCpDXwvcFUV45NfyI#MeterNameGenerationType.g.received.cs
      Verified: TelemetrySourceGeneratorMetricsTests.Generate_GivenMethodWithGenerics_RaisesDiagnostics_CAqe1ChVnvYCZotMAPEU8aEcP2sCpDXwvcFUV45NfyI#MeterNameGenerationType.g.verified.cs
    - Received: TelemetrySourceGeneratorMetricsTests.Generate_GivenMethodWithGenerics_RaisesDiagnostics_CAqe1ChVnvYCZotMAPEU8aEcP2sCpDXwvcFUV45NfyI#NamingConvention.g.received.cs
      Verified: TelemetrySourceGeneratorMetricsTests.Generate_GivenMethodWithGenerics_RaisesDiagnostics_CAqe1ChVnvYCZotMAPEU8aEcP2sCpDXwvcFUV45NfyI#NamingConvention.g.verified.cs
    - Received: TelemetrySourceGeneratorMetricsTests.Generate_GivenMethodWithGenerics_RaisesDiagnostics_CAqe1ChVnvYCZotMAPEU8aEcP2sCpDXwvcFUV45NfyI#ObservableCounterAttribute.g.received.cs
      Verified: TelemetrySourceGeneratorMetricsTests.Generate_GivenMethodWithGenerics_RaisesDiagnostics_CAqe1ChVnvYCZotMAPEU8aEcP2sCpDXwvcFUV45NfyI#ObservableCounterAttribute.g.verified.cs
    - Received: TelemetrySourceGeneratorMetricsTests.Generate_GivenMethodWithGenerics_RaisesDiagnostics_CAqe1ChVnvYCZotMAPEU8aEcP2sCpDXwvcFUV45NfyI#ObservableGaugeAttribute.g.received.cs
      Verified: TelemetrySourceGeneratorMetricsTests.Generate_GivenMethodWithGenerics_RaisesDiagnostics_CAqe1ChVnvYCZotMAPEU8aEcP2sCpDXwvcFUV45NfyI#ObservableGaugeAttribute.g.verified.cs
    - Received: TelemetrySourceGeneratorMetricsTests.Generate_GivenMethodWithGenerics_RaisesDiagnostics_CAqe1ChVnvYCZotMAPEU8aEcP2sCpDXwvcFUV45NfyI#ObservableUpDownCounterAttribute.g.received.cs
      Verified: TelemetrySourceGeneratorMetricsTests.Generate_GivenMethodWithGenerics_RaisesDiagnostics_CAqe1ChVnvYCZotMAPEU8aEcP2sCpDXwvcFUV45NfyI#ObservableUpDownCounterAttribute.g.verified.cs
    - Received: TelemetrySourceGeneratorMetricsTests.Generate_GivenMethodWithGenerics_RaisesDiagnostics_CAqe1ChVnvYCZotMAPEU8aEcP2sCpDXwvcFUV45NfyI#StatusDescriptionAttribute.g.received.cs
      Verified: TelemetrySourceGeneratorMetricsTests.Generate_GivenMethodWithGenerics_RaisesDiagnostics_CAqe1ChVnvYCZotMAPEU8aEcP2sCpDXwvcFUV45NfyI#StatusDescriptionAttribute.g.verified.cs
    - Received: TelemetrySourceGeneratorMetricsTests.Generate_GivenMethodWithGenerics_RaisesDiagnostics_CAqe1ChVnvYCZotMAPEU8aEcP2sCpDXwvcFUV45NfyI#TagAttribute.g.received.cs
      Verified: TelemetrySourceGeneratorMetricsTests.Generate_GivenMethodWithGenerics_RaisesDiagnostics_CAqe1ChVnvYCZotMAPEU8aEcP2sCpDXwvcFUV45NfyI#TagAttribute.g.verified.cs
    - Received: TelemetrySourceGeneratorMetricsTests.Generate_GivenMethodWithGenerics_RaisesDiagnostics_CAqe1ChVnvYCZotMAPEU8aEcP2sCpDXwvcFUV45NfyI#Targets.g.received.cs
      Verified: TelemetrySourceGeneratorMetricsTests.Generate_GivenMethodWithGenerics_RaisesDiagnostics_CAqe1ChVnvYCZotMAPEU8aEcP2sCpDXwvcFUV45NfyI#Targets.g.verified.cs
    - Received: TelemetrySourceGeneratorMetricsTests.Generate_GivenMethodWithGenerics_RaisesDiagnostics_CAqe1ChVnvYCZotMAPEU8aEcP2sCpDXwvcFUV45NfyI#TelemetryGenerationAttribute.g.received.cs
      Verified: TelemetrySourceGeneratorMetricsTests.Generate_GivenMethodWithGenerics_RaisesDiagnostics_CAqe1ChVnvYCZotMAPEU8aEcP2sCpDXwvcFUV45NfyI#TelemetryGenerationAttribute.g.verified.cs
    - Received: TelemetrySourceGeneratorMetricsTests.Generate_GivenMethodWithGenerics_RaisesDiagnostics_CAqe1ChVnvYCZotMAPEU8aEcP2sCpDXwvcFUV45NfyI#TraceAttribute.g.received.cs
      Verified: TelemetrySourceGeneratorMetricsTests.Generate_GivenMethodWithGenerics_RaisesDiagnostics_CAqe1ChVnvYCZotMAPEU8aEcP2sCpDXwvcFUV45NfyI#TraceAttribute.g.verified.cs
    - Received: TelemetrySourceGeneratorMetricsTests.Generate_GivenMethodWithGenerics_RaisesDiagnostics_CAqe1ChVnvYCZotMAPEU8aEcP2sCpDXwvcFUV45NfyI#UpDownCounterAttribute.g.received.cs
      Verified: TelemetrySourceGeneratorMetricsTests.Generate_GivenMethodWithGenerics_RaisesDiagnostics_CAqe1ChVnvYCZotMAPEU8aEcP2sCpDXwvcFUV45NfyI#UpDownCounterAttribute.g.verified.cs
    - Received: TelemetrySourceGeneratorMetricsTests.Generate_GivenMethodWithGenerics_RaisesDiagnostics_CAqe1ChVnvYCZotMAPEU8aEcP2sCpDXwvcFUV45NfyI#WarningAttribute.g.received.cs
      Verified: TelemetrySourceGeneratorMetricsTests.Generate_GivenMethodWithGenerics_RaisesDiagnostics_CAqe1ChVnvYCZotMAPEU8aEcP2sCpDXwvcFUV45NfyI#WarningAttribute.g.verified.cs
  
  Standard output
    DBG: --- Adding templates.
    DBG: Adding ActivitySourceGenerationAttribute as ActivitySourceGenerationAttribute.g.cs.
    DBG: Adding ActivitySourceAttribute as ActivitySourceAttribute.g.cs.
    DBG: Adding ActivityAttribute as ActivityAttribute.g.cs.
    DBG: Adding EventAttribute as EventAttribute.g.cs.
    DBG: Adding ContextAttribute as ContextAttribute.g.cs.
    DBG: Adding BaggageAttribute as BaggageAttribute.g.cs.
    DBG: Adding EscapeAttribute as EscapeAttribute.g.cs.
    DBG: Adding StatusDescriptionAttribute as StatusDescriptionAttribute.g.cs.
    DBG: Adding LoggerGenerationAttribute as LoggerGenerationAttribute.g.cs.
    DBG: Adding LoggerAttribute as LoggerAttribute.g.cs.
    DBG: Adding LogAttribute as LogAttribute.g.cs.
    DBG: Adding LogPrefixType as LogPrefixType.g.cs.
    DBG: Adding LoggerGenerationMode as LoggerGenerationMode.g.cs.
    DBG: Adding ExpandEnumerableAttribute as ExpandEnumerableAttribute.g.cs.
    DBG: Adding TraceAttribute as TraceAttribute.g.cs.
    DBG: Adding DebugAttribute as DebugAttribute.g.cs.
    DBG: Adding InfoAttribute as InfoAttribute.g.cs.
    DBG: Adding WarningAttribute as WarningAttribute.g.cs.
    DBG: Adding ErrorAttribute as ErrorAttribute.g.cs.
    DBG: Adding CriticalAttribute as CriticalAttribute.g.cs.
    DBG: Adding MeterGenerationAttribute as MeterGenerationAttribute.g.cs.
    DBG: Adding MeterAttribute as MeterAttribute.g.cs.
    DBG: Adding MeterNameGenerationType as MeterNameGenerationType.g.cs.
    DBG: Adding InstrumentMeasurementAttribute as InstrumentMeasurementAttribute.g.cs.
    DBG: Adding AutoCounterAttribute as AutoCounterAttribute.g.cs.
    DBG: Adding CounterAttribute as CounterAttribute.g.cs.
    DBG: Adding UpDownCounterAttribute as UpDownCounterAttribute.g.cs.
    DBG: Adding HistogramAttribute as HistogramAttribute.g.cs.
    DBG: Adding ObservableCounterAttribute as ObservableCounterAttribute.g.cs.
    DBG: Adding ObservableGaugeAttribute as ObservableGaugeAttribute.g.cs.
    DBG: Adding ObservableUpDownCounterAttribute as ObservableUpDownCounterAttribute.g.cs.
    DBG: Adding TagAttribute as TagAttribute.g.cs.
    DBG: Adding ExcludeAttribute as ExcludeAttribute.g.cs.
    DBG: Adding TelemetryGenerationAttribute as TelemetryGenerationAttribute.g.cs.
    DBG: Adding Targets as Targets.g.cs.
    DBG: Adding NamingConvention as NamingConvention.g.cs.
    DBG: Adding ExcludeTargetsAttribute as ExcludeTargetsAttribute.g.cs.
    DBG: --- Finished adding templates.
    DIA: Cannot generate a Meter target for a generic interface '[Meter("testing-meter")] public interface ITestMetrics<T0> { [AutoCounter] void AutoCounter(); }'.
    DIA: Cannot generate a Meter target for a generic interface '[Meter("testing-meter")] public interface ITestMetrics<T0> { [AutoCounter] void AutoCounter(); }'.
    
  Error output
failed Generate_GivenInterfaceWithGenerics_RaisesDiagnostics(2) (3s 836ms)
  [Test Failure] VerifyException: Directory: P:\GitHub\kjldev\purview-telemetry-sourcegenerator\src\Purview.Telemetry.SourceGenerator.IntegrationTests\Snapshots
Delete:
  - TelemetrySourceGeneratorMetricsTests.Generate_GivenInterfaceWithGenerics_RaisesDiagnostics_A4lm3p9rmpAbILTGyosqRgCf7r4DG6vIQtQ2kMC8Iis#Purview.Telemetry.SourceGenerator.TelemetryNames.g.verified.cs
  - TelemetrySourceGeneratorMetricsTests.Generate_GivenInterfaceWithGenerics_RaisesDiagnostics_A4lm3p9rmpAbILTGyosqRgCf7r4DG6vIQtQ2kMC8Iis.verified.txt
Equal:
  - Received: TelemetrySourceGeneratorMetricsTests.Generate_GivenInterfaceWithGenerics_RaisesDiagnostics_A4lm3p9rmpAbILTGyosqRgCf7r4DG6vIQtQ2kMC8Iis#ActivityAttribute.g.received.cs
    Verified: TelemetrySourceGeneratorMetricsTests.Generate_GivenInterfaceWithGenerics_RaisesDiagnostics_A4lm3p9rmpAbILTGyosqRgCf7r4DG6vIQtQ2kMC8Iis#ActivityAttribute.g.verified.cs
  - Received: TelemetrySourceGeneratorMetricsTests.Generate_GivenInterfaceWithGenerics_RaisesDiagnostics_A4lm3p9rmpAbILTGyosqRgCf7r4DG6vIQtQ2kMC8Iis#ActivitySourceAttribute.g.received.cs
    Verified: TelemetrySourceGeneratorMetricsTests.Generate_GivenInterfaceWithGenerics_RaisesDiagnostics_A4lm3p9rmpAbILTGyosqRgCf7r4DG6vIQtQ2kMC8Iis#ActivitySourceAttribute.g.verified.cs
  - Received: TelemetrySourceGeneratorMetricsTests.Generate_GivenInterfaceWithGenerics_RaisesDiagnostics_A4lm3p9rmpAbILTGyosqRgCf7r4DG6vIQtQ2kMC8Iis#ActivitySourceGenerationAttribute.g.received.cs
    Verified: TelemetrySourceGeneratorMetricsTests.Generate_GivenInterfaceWithGenerics_RaisesDiagnostics_A4lm3p9rmpAbILTGyosqRgCf7r4DG6vIQtQ2kMC8Iis#ActivitySourceGenerationAttribute.g.verified.cs
  - Received: TelemetrySourceGeneratorMetricsTests.Generate_GivenInterfaceWithGenerics_RaisesDiagnostics_A4lm3p9rmpAbILTGyosqRgCf7r4DG6vIQtQ2kMC8Iis#AutoCounterAttribute.g.received.cs
    Verified: TelemetrySourceGeneratorMetricsTests.Generate_GivenInterfaceWithGenerics_RaisesDiagnostics_A4lm3p9rmpAbILTGyosqRgCf7r4DG6vIQtQ2kMC8Iis#AutoCounterAttribute.g.verified.cs
  - Received: TelemetrySourceGeneratorMetricsTests.Generate_GivenInterfaceWithGenerics_RaisesDiagnostics_A4lm3p9rmpAbILTGyosqRgCf7r4DG6vIQtQ2kMC8Iis#BaggageAttribute.g.received.cs
    Verified: TelemetrySourceGeneratorMetricsTests.Generate_GivenInterfaceWithGenerics_RaisesDiagnostics_A4lm3p9rmpAbILTGyosqRgCf7r4DG6vIQtQ2kMC8Iis#BaggageAttribute.g.verified.cs
  - Received: TelemetrySourceGeneratorMetricsTests.Generate_GivenInterfaceWithGenerics_RaisesDiagnostics_A4lm3p9rmpAbILTGyosqRgCf7r4DG6vIQtQ2kMC8Iis#ContextAttribute.g.received.cs
    Verified: TelemetrySourceGeneratorMetricsTests.Generate_GivenInterfaceWithGenerics_RaisesDiagnostics_A4lm3p9rmpAbILTGyosqRgCf7r4DG6vIQtQ2kMC8Iis#ContextAttribute.g.verified.cs
  - Received: TelemetrySourceGeneratorMetricsTests.Generate_GivenInterfaceWithGenerics_RaisesDiagnostics_A4lm3p9rmpAbILTGyosqRgCf7r4DG6vIQtQ2kMC8Iis#CounterAttribute.g.received.cs
    Verified: TelemetrySourceGeneratorMetricsTests.Generate_GivenInterfaceWithGenerics_RaisesDiagnostics_A4lm3p9rmpAbILTGyosqRgCf7r4DG6vIQtQ2kMC8Iis#CounterAttribute.g.verified.cs
  - Received: TelemetrySourceGeneratorMetricsTests.Generate_GivenInterfaceWithGenerics_RaisesDiagnostics_A4lm3p9rmpAbILTGyosqRgCf7r4DG6vIQtQ2kMC8Iis#CriticalAttribute.g.received.cs
    Verified: TelemetrySourceGeneratorMetricsTests.Generate_GivenInterfaceWithGenerics_RaisesDiagnostics_A4lm3p9rmpAbILTGyosqRgCf7r4DG6vIQtQ2kMC8Iis#CriticalAttribute.g.verified.cs
  - Received: TelemetrySourceGeneratorMetricsTests.Generate_GivenInterfaceWithGenerics_RaisesDiagnostics_A4lm3p9rmpAbILTGyosqRgCf7r4DG6vIQtQ2kMC8Iis#DebugAttribute.g.received.cs
    Verified: TelemetrySourceGeneratorMetricsTests.Generate_GivenInterfaceWithGenerics_RaisesDiagnostics_A4lm3p9rmpAbILTGyosqRgCf7r4DG6vIQtQ2kMC8Iis#DebugAttribute.g.verified.cs
  - Received: TelemetrySourceGeneratorMetricsTests.Generate_GivenInterfaceWithGenerics_RaisesDiagnostics_A4lm3p9rmpAbILTGyosqRgCf7r4DG6vIQtQ2kMC8Iis#ErrorAttribute.g.received.cs
    Verified: TelemetrySourceGeneratorMetricsTests.Generate_GivenInterfaceWithGenerics_RaisesDiagnostics_A4lm3p9rmpAbILTGyosqRgCf7r4DG6vIQtQ2kMC8Iis#ErrorAttribute.g.verified.cs
  - Received: TelemetrySourceGeneratorMetricsTests.Generate_GivenInterfaceWithGenerics_RaisesDiagnostics_A4lm3p9rmpAbILTGyosqRgCf7r4DG6vIQtQ2kMC8Iis#EscapeAttribute.g.received.cs
    Verified: TelemetrySourceGeneratorMetricsTests.Generate_GivenInterfaceWithGenerics_RaisesDiagnostics_A4lm3p9rmpAbILTGyosqRgCf7r4DG6vIQtQ2kMC8Iis#EscapeAttribute.g.verified.cs
  - Received: TelemetrySourceGeneratorMetricsTests.Generate_GivenInterfaceWithGenerics_RaisesDiagnostics_A4lm3p9rmpAbILTGyosqRgCf7r4DG6vIQtQ2kMC8Iis#EventAttribute.g.received.cs
    Verified: TelemetrySourceGeneratorMetricsTests.Generate_GivenInterfaceWithGenerics_RaisesDiagnostics_A4lm3p9rmpAbILTGyosqRgCf7r4DG6vIQtQ2kMC8Iis#EventAttribute.g.verified.cs
  - Received: TelemetrySourceGeneratorMetricsTests.Generate_GivenInterfaceWithGenerics_RaisesDiagnostics_A4lm3p9rmpAbILTGyosqRgCf7r4DG6vIQtQ2kMC8Iis#ExcludeAttribute.g.received.cs
    Verified: TelemetrySourceGeneratorMetricsTests.Generate_GivenInterfaceWithGenerics_RaisesDiagnostics_A4lm3p9rmpAbILTGyosqRgCf7r4DG6vIQtQ2kMC8Iis#ExcludeAttribute.g.verified.cs
  - Received: TelemetrySourceGeneratorMetricsTests.Generate_GivenInterfaceWithGenerics_RaisesDiagnostics_A4lm3p9rmpAbILTGyosqRgCf7r4DG6vIQtQ2kMC8Iis#ExcludeTargetsAttribute.g.received.cs
    Verified: TelemetrySourceGeneratorMetricsTests.Generate_GivenInterfaceWithGenerics_RaisesDiagnostics_A4lm3p9rmpAbILTGyosqRgCf7r4DG6vIQtQ2kMC8Iis#ExcludeTargetsAttribute.g.verified.cs
  - Received: TelemetrySourceGeneratorMetricsTests.Generate_GivenInterfaceWithGenerics_RaisesDiagnostics_A4lm3p9rmpAbILTGyosqRgCf7r4DG6vIQtQ2kMC8Iis#ExpandEnumerableAttribute.g.received.cs
    Verified: TelemetrySourceGeneratorMetricsTests.Generate_GivenInterfaceWithGenerics_RaisesDiagnostics_A4lm3p9rmpAbILTGyosqRgCf7r4DG6vIQtQ2kMC8Iis#ExpandEnumerableAttribute.g.verified.cs
  - Received: TelemetrySourceGeneratorMetricsTests.Generate_GivenInterfaceWithGenerics_RaisesDiagnostics_A4lm3p9rmpAbILTGyosqRgCf7r4DG6vIQtQ2kMC8Iis#HistogramAttribute.g.received.cs
    Verified: TelemetrySourceGeneratorMetricsTests.Generate_GivenInterfaceWithGenerics_RaisesDiagnostics_A4lm3p9rmpAbILTGyosqRgCf7r4DG6vIQtQ2kMC8Iis#HistogramAttribute.g.verified.cs
  - Received: TelemetrySourceGeneratorMetricsTests.Generate_GivenInterfaceWithGenerics_RaisesDiagnostics_A4lm3p9rmpAbILTGyosqRgCf7r4DG6vIQtQ2kMC8Iis#InfoAttribute.g.received.cs
    Verified: TelemetrySourceGeneratorMetricsTests.Generate_GivenInterfaceWithGenerics_RaisesDiagnostics_A4lm3p9rmpAbILTGyosqRgCf7r4DG6vIQtQ2kMC8Iis#InfoAttribute.g.verified.cs
  - Received: TelemetrySourceGeneratorMetricsTests.Generate_GivenInterfaceWithGenerics_RaisesDiagnostics_A4lm3p9rmpAbILTGyosqRgCf7r4DG6vIQtQ2kMC8Iis#InstrumentMeasurementAttribute.g.received.cs
    Verified: TelemetrySourceGeneratorMetricsTests.Generate_GivenInterfaceWithGenerics_RaisesDiagnostics_A4lm3p9rmpAbILTGyosqRgCf7r4DG6vIQtQ2kMC8Iis#InstrumentMeasurementAttribute.g.verified.cs
  - Received: TelemetrySourceGeneratorMetricsTests.Generate_GivenInterfaceWithGenerics_RaisesDiagnostics_A4lm3p9rmpAbILTGyosqRgCf7r4DG6vIQtQ2kMC8Iis#LogAttribute.g.received.cs
    Verified: TelemetrySourceGeneratorMetricsTests.Generate_GivenInterfaceWithGenerics_RaisesDiagnostics_A4lm3p9rmpAbILTGyosqRgCf7r4DG6vIQtQ2kMC8Iis#LogAttribute.g.verified.cs
  - Received: TelemetrySourceGeneratorMetricsTests.Generate_GivenInterfaceWithGenerics_RaisesDiagnostics_A4lm3p9rmpAbILTGyosqRgCf7r4DG6vIQtQ2kMC8Iis#LoggerAttribute.g.received.cs
    Verified: TelemetrySourceGeneratorMetricsTests.Generate_GivenInterfaceWithGenerics_RaisesDiagnostics_A4lm3p9rmpAbILTGyosqRgCf7r4DG6vIQtQ2kMC8Iis#LoggerAttribute.g.verified.cs
  - Received: TelemetrySourceGeneratorMetricsTests.Generate_GivenInterfaceWithGenerics_RaisesDiagnostics_A4lm3p9rmpAbILTGyosqRgCf7r4DG6vIQtQ2kMC8Iis#LoggerGenerationAttribute.g.received.cs
    Verified: TelemetrySourceGeneratorMetricsTests.Generate_GivenInterfaceWithGenerics_RaisesDiagnostics_A4lm3p9rmpAbILTGyosqRgCf7r4DG6vIQtQ2kMC8Iis#LoggerGenerationAttribute.g.verified.cs
  - Received: TelemetrySourceGeneratorMetricsTests.Generate_GivenInterfaceWithGenerics_RaisesDiagnostics_A4lm3p9rmpAbILTGyosqRgCf7r4DG6vIQtQ2kMC8Iis#LoggerGenerationMode.g.received.cs
    Verified: TelemetrySourceGeneratorMetricsTests.Generate_GivenInterfaceWithGenerics_RaisesDiagnostics_A4lm3p9rmpAbILTGyosqRgCf7r4DG6vIQtQ2kMC8Iis#LoggerGenerationMode.g.verified.cs
  - Received: TelemetrySourceGeneratorMetricsTests.Generate_GivenInterfaceWithGenerics_RaisesDiagnostics_A4lm3p9rmpAbILTGyosqRgCf7r4DG6vIQtQ2kMC8Iis#LogPrefixType.g.received.cs
    Verified: TelemetrySourceGeneratorMetricsTests.Generate_GivenInterfaceWithGenerics_RaisesDiagnostics_A4lm3p9rmpAbILTGyosqRgCf7r4DG6vIQtQ2kMC8Iis#LogPrefixType.g.verified.cs
  - Received: TelemetrySourceGeneratorMetricsTests.Generate_GivenInterfaceWithGenerics_RaisesDiagnostics_A4lm3p9rmpAbILTGyosqRgCf7r4DG6vIQtQ2kMC8Iis#MeterAttribute.g.received.cs
    Verified: TelemetrySourceGeneratorMetricsTests.Generate_GivenInterfaceWithGenerics_RaisesDiagnostics_A4lm3p9rmpAbILTGyosqRgCf7r4DG6vIQtQ2kMC8Iis#MeterAttribute.g.verified.cs
  - Received: TelemetrySourceGeneratorMetricsTests.Generate_GivenInterfaceWithGenerics_RaisesDiagnostics_A4lm3p9rmpAbILTGyosqRgCf7r4DG6vIQtQ2kMC8Iis#MeterGenerationAttribute.g.received.cs
    Verified: TelemetrySourceGeneratorMetricsTests.Generate_GivenInterfaceWithGenerics_RaisesDiagnostics_A4lm3p9rmpAbILTGyosqRgCf7r4DG6vIQtQ2kMC8Iis#MeterGenerationAttribute.g.verified.cs
  - Received: TelemetrySourceGeneratorMetricsTests.Generate_GivenInterfaceWithGenerics_RaisesDiagnostics_A4lm3p9rmpAbILTGyosqRgCf7r4DG6vIQtQ2kMC8Iis#MeterNameGenerationType.g.received.cs
    Verified: TelemetrySourceGeneratorMetricsTests.Generate_GivenInterfaceWithGenerics_RaisesDiagnostics_A4lm3p9rmpAbILTGyosqRgCf7r4DG6vIQtQ2kMC8Iis#MeterNameGenerationType.g.verified.cs
  - Received: TelemetrySourceGeneratorMetricsTests.Generate_GivenInterfaceWithGenerics_RaisesDiagnostics_A4lm3p9rmpAbILTGyosqRgCf7r4DG6vIQtQ2kMC8Iis#NamingConvention.g.received.cs
    Verified: TelemetrySourceGeneratorMetricsTests.Generate_GivenInterfaceWithGenerics_RaisesDiagnostics_A4lm3p9rmpAbILTGyosqRgCf7r4DG6vIQtQ2kMC8Iis#NamingConvention.g.verified.cs
  - Received: TelemetrySourceGeneratorMetricsTests.Generate_GivenInterfaceWithGenerics_RaisesDiagnostics_A4lm3p9rmpAbILTGyosqRgCf7r4DG6vIQtQ2kMC8Iis#ObservableCounterAttribute.g.received.cs
    Verified: TelemetrySourceGeneratorMetricsTests.Generate_GivenInterfaceWithGenerics_RaisesDiagnostics_A4lm3p9rmpAbILTGyosqRgCf7r4DG6vIQtQ2kMC8Iis#ObservableCounterAttribute.g.verified.cs
  - Received: TelemetrySourceGeneratorMetricsTests.Generate_GivenInterfaceWithGenerics_RaisesDiagnostics_A4lm3p9rmpAbILTGyosqRgCf7r4DG6vIQtQ2kMC8Iis#ObservableGaugeAttribute.g.received.cs
    Verified: TelemetrySourceGeneratorMetricsTests.Generate_GivenInterfaceWithGenerics_RaisesDiagnostics_A4lm3p9rmpAbILTGyosqRgCf7r4DG6vIQtQ2kMC8Iis#ObservableGaugeAttribute.g.verified.cs
  - Received: TelemetrySourceGeneratorMetricsTests.Generate_GivenInterfaceWithGenerics_RaisesDiagnostics_A4lm3p9rmpAbILTGyosqRgCf7r4DG6vIQtQ2kMC8Iis#ObservableUpDownCounterAttribute.g.received.cs
    Verified: TelemetrySourceGeneratorMetricsTests.Generate_GivenInterfaceWithGenerics_RaisesDiagnostics_A4lm3p9rmpAbILTGyosqRgCf7r4DG6vIQtQ2kMC8Iis#ObservableUpDownCounterAttribute.g.verified.cs
  - Received: TelemetrySourceGeneratorMetricsTests.Generate_GivenInterfaceWithGenerics_RaisesDiagnostics_A4lm3p9rmpAbILTGyosqRgCf7r4DG6vIQtQ2kMC8Iis#StatusDescriptionAttribute.g.received.cs
    Verified: TelemetrySourceGeneratorMetricsTests.Generate_GivenInterfaceWithGenerics_RaisesDiagnostics_A4lm3p9rmpAbILTGyosqRgCf7r4DG6vIQtQ2kMC8Iis#StatusDescriptionAttribute.g.verified.cs
  - Received: TelemetrySourceGeneratorMetricsTests.Generate_GivenInterfaceWithGenerics_RaisesDiagnostics_A4lm3p9rmpAbILTGyosqRgCf7r4DG6vIQtQ2kMC8Iis#TagAttribute.g.received.cs
    Verified: TelemetrySourceGeneratorMetricsTests.Generate_GivenInterfaceWithGenerics_RaisesDiagnostics_A4lm3p9rmpAbILTGyosqRgCf7r4DG6vIQtQ2kMC8Iis#TagAttribute.g.verified.cs
  - Received: TelemetrySourceGeneratorMetricsTests.Generate_GivenInterfaceWithGenerics_RaisesDiagnostics_A4lm3p9rmpAbILTGyosqRgCf7r4DG6vIQtQ2kMC8Iis#Targets.g.received.cs
    Verified: TelemetrySourceGeneratorMetricsTests.Generate_GivenInterfaceWithGenerics_RaisesDiagnostics_A4lm3p9rmpAbILTGyosqRgCf7r4DG6vIQtQ2kMC8Iis#Targets.g.verified.cs
  - Received: TelemetrySourceGeneratorMetricsTests.Generate_GivenInterfaceWithGenerics_RaisesDiagnostics_A4lm3p9rmpAbILTGyosqRgCf7r4DG6vIQtQ2kMC8Iis#TelemetryGenerationAttribute.g.received.cs
    Verified: TelemetrySourceGeneratorMetricsTests.Generate_GivenInterfaceWithGenerics_RaisesDiagnostics_A4lm3p9rmpAbILTGyosqRgCf7r4DG6vIQtQ2kMC8Iis#TelemetryGenerationAttribute.g.verified.cs
  - Received: TelemetrySourceGeneratorMetricsTests.Generate_GivenInterfaceWithGenerics_RaisesDiagnostics_A4lm3p9rmpAbILTGyosqRgCf7r4DG6vIQtQ2kMC8Iis#TraceAttribute.g.received.cs
    Verified: TelemetrySourceGeneratorMetricsTests.Generate_GivenInterfaceWithGenerics_RaisesDiagnostics_A4lm3p9rmpAbILTGyosqRgCf7r4DG6vIQtQ2kMC8Iis#TraceAttribute.g.verified.cs
  - Received: TelemetrySourceGeneratorMetricsTests.Generate_GivenInterfaceWithGenerics_RaisesDiagnostics_A4lm3p9rmpAbILTGyosqRgCf7r4DG6vIQtQ2kMC8Iis#UpDownCounterAttribute.g.received.cs
    Verified: TelemetrySourceGeneratorMetricsTests.Generate_GivenInterfaceWithGenerics_RaisesDiagnostics_A4lm3p9rmpAbILTGyosqRgCf7r4DG6vIQtQ2kMC8Iis#UpDownCounterAttribute.g.verified.cs
  - Received: TelemetrySourceGeneratorMetricsTests.Generate_GivenInterfaceWithGenerics_RaisesDiagnostics_A4lm3p9rmpAbILTGyosqRgCf7r4DG6vIQtQ2kMC8Iis#WarningAttribute.g.received.cs
    Verified: TelemetrySourceGeneratorMetricsTests.Generate_GivenInterfaceWithGenerics_RaisesDiagnostics_A4lm3p9rmpAbILTGyosqRgCf7r4DG6vIQtQ2kMC8Iis#WarningAttribute.g.verified.cs

  from P:\GitHub\kjldev\purview-telemetry-sourcegenerator\src\Purview.Telemetry.SourceGenerator.IntegrationTests\bin\Release\net10.0\Purview.Telemetry.SourceGenerator.IntegrationTests.dll (net10.0|x64)
  TUnit.Engine.Exceptions.TestFailedException: [Test Failure] VerifyException: Directory: P:\GitHub\kjldev\purview-telemetry-sourcegenerator\src\Purview.Telemetry.SourceGenerator.IntegrationTests\Snapshots
  Delete:
    - TelemetrySourceGeneratorMetricsTests.Generate_GivenInterfaceWithGenerics_RaisesDiagnostics_A4lm3p9rmpAbILTGyosqRgCf7r4DG6vIQtQ2kMC8Iis#Purview.Telemetry.SourceGenerator.TelemetryNames.g.verified.cs
    - TelemetrySourceGeneratorMetricsTests.Generate_GivenInterfaceWithGenerics_RaisesDiagnostics_A4lm3p9rmpAbILTGyosqRgCf7r4DG6vIQtQ2kMC8Iis.verified.txt
  Equal:
    - Received: TelemetrySourceGeneratorMetricsTests.Generate_GivenInterfaceWithGenerics_RaisesDiagnostics_A4lm3p9rmpAbILTGyosqRgCf7r4DG6vIQtQ2kMC8Iis#ActivityAttribute.g.received.cs
      Verified: TelemetrySourceGeneratorMetricsTests.Generate_GivenInterfaceWithGenerics_RaisesDiagnostics_A4lm3p9rmpAbILTGyosqRgCf7r4DG6vIQtQ2kMC8Iis#ActivityAttribute.g.verified.cs
    - Received: TelemetrySourceGeneratorMetricsTests.Generate_GivenInterfaceWithGenerics_RaisesDiagnostics_A4lm3p9rmpAbILTGyosqRgCf7r4DG6vIQtQ2kMC8Iis#ActivitySourceAttribute.g.received.cs
      Verified: TelemetrySourceGeneratorMetricsTests.Generate_GivenInterfaceWithGenerics_RaisesDiagnostics_A4lm3p9rmpAbILTGyosqRgCf7r4DG6vIQtQ2kMC8Iis#ActivitySourceAttribute.g.verified.cs
    - Received: TelemetrySourceGeneratorMetricsTests.Generate_GivenInterfaceWithGenerics_RaisesDiagnostics_A4lm3p9rmpAbILTGyosqRgCf7r4DG6vIQtQ2kMC8Iis#ActivitySourceGenerationAttribute.g.received.cs
      Verified: TelemetrySourceGeneratorMetricsTests.Generate_GivenInterfaceWithGenerics_RaisesDiagnostics_A4lm3p9rmpAbILTGyosqRgCf7r4DG6vIQtQ2kMC8Iis#ActivitySourceGenerationAttribute.g.verified.cs
    - Received: TelemetrySourceGeneratorMetricsTests.Generate_GivenInterfaceWithGenerics_RaisesDiagnostics_A4lm3p9rmpAbILTGyosqRgCf7r4DG6vIQtQ2kMC8Iis#AutoCounterAttribute.g.received.cs
      Verified: TelemetrySourceGeneratorMetricsTests.Generate_GivenInterfaceWithGenerics_RaisesDiagnostics_A4lm3p9rmpAbILTGyosqRgCf7r4DG6vIQtQ2kMC8Iis#AutoCounterAttribute.g.verified.cs
    - Received: TelemetrySourceGeneratorMetricsTests.Generate_GivenInterfaceWithGenerics_RaisesDiagnostics_A4lm3p9rmpAbILTGyosqRgCf7r4DG6vIQtQ2kMC8Iis#BaggageAttribute.g.received.cs
      Verified: TelemetrySourceGeneratorMetricsTests.Generate_GivenInterfaceWithGenerics_RaisesDiagnostics_A4lm3p9rmpAbILTGyosqRgCf7r4DG6vIQtQ2kMC8Iis#BaggageAttribute.g.verified.cs
    - Received: TelemetrySourceGeneratorMetricsTests.Generate_GivenInterfaceWithGenerics_RaisesDiagnostics_A4lm3p9rmpAbILTGyosqRgCf7r4DG6vIQtQ2kMC8Iis#ContextAttribute.g.received.cs
      Verified: TelemetrySourceGeneratorMetricsTests.Generate_GivenInterfaceWithGenerics_RaisesDiagnostics_A4lm3p9rmpAbILTGyosqRgCf7r4DG6vIQtQ2kMC8Iis#ContextAttribute.g.verified.cs
    - Received: TelemetrySourceGeneratorMetricsTests.Generate_GivenInterfaceWithGenerics_RaisesDiagnostics_A4lm3p9rmpAbILTGyosqRgCf7r4DG6vIQtQ2kMC8Iis#CounterAttribute.g.received.cs
      Verified: TelemetrySourceGeneratorMetricsTests.Generate_GivenInterfaceWithGenerics_RaisesDiagnostics_A4lm3p9rmpAbILTGyosqRgCf7r4DG6vIQtQ2kMC8Iis#CounterAttribute.g.verified.cs
    - Received: TelemetrySourceGeneratorMetricsTests.Generate_GivenInterfaceWithGenerics_RaisesDiagnostics_A4lm3p9rmpAbILTGyosqRgCf7r4DG6vIQtQ2kMC8Iis#CriticalAttribute.g.received.cs
      Verified: TelemetrySourceGeneratorMetricsTests.Generate_GivenInterfaceWithGenerics_RaisesDiagnostics_A4lm3p9rmpAbILTGyosqRgCf7r4DG6vIQtQ2kMC8Iis#CriticalAttribute.g.verified.cs
    - Received: TelemetrySourceGeneratorMetricsTests.Generate_GivenInterfaceWithGenerics_RaisesDiagnostics_A4lm3p9rmpAbILTGyosqRgCf7r4DG6vIQtQ2kMC8Iis#DebugAttribute.g.received.cs
      Verified: TelemetrySourceGeneratorMetricsTests.Generate_GivenInterfaceWithGenerics_RaisesDiagnostics_A4lm3p9rmpAbILTGyosqRgCf7r4DG6vIQtQ2kMC8Iis#DebugAttribute.g.verified.cs
    - Received: TelemetrySourceGeneratorMetricsTests.Generate_GivenInterfaceWithGenerics_RaisesDiagnostics_A4lm3p9rmpAbILTGyosqRgCf7r4DG6vIQtQ2kMC8Iis#ErrorAttribute.g.received.cs
      Verified: TelemetrySourceGeneratorMetricsTests.Generate_GivenInterfaceWithGenerics_RaisesDiagnostics_A4lm3p9rmpAbILTGyosqRgCf7r4DG6vIQtQ2kMC8Iis#ErrorAttribute.g.verified.cs
    - Received: TelemetrySourceGeneratorMetricsTests.Generate_GivenInterfaceWithGenerics_RaisesDiagnostics_A4lm3p9rmpAbILTGyosqRgCf7r4DG6vIQtQ2kMC8Iis#EscapeAttribute.g.received.cs
      Verified: TelemetrySourceGeneratorMetricsTests.Generate_GivenInterfaceWithGenerics_RaisesDiagnostics_A4lm3p9rmpAbILTGyosqRgCf7r4DG6vIQtQ2kMC8Iis#EscapeAttribute.g.verified.cs
    - Received: TelemetrySourceGeneratorMetricsTests.Generate_GivenInterfaceWithGenerics_RaisesDiagnostics_A4lm3p9rmpAbILTGyosqRgCf7r4DG6vIQtQ2kMC8Iis#EventAttribute.g.received.cs
      Verified: TelemetrySourceGeneratorMetricsTests.Generate_GivenInterfaceWithGenerics_RaisesDiagnostics_A4lm3p9rmpAbILTGyosqRgCf7r4DG6vIQtQ2kMC8Iis#EventAttribute.g.verified.cs
    - Received: TelemetrySourceGeneratorMetricsTests.Generate_GivenInterfaceWithGenerics_RaisesDiagnostics_A4lm3p9rmpAbILTGyosqRgCf7r4DG6vIQtQ2kMC8Iis#ExcludeAttribute.g.received.cs
      Verified: TelemetrySourceGeneratorMetricsTests.Generate_GivenInterfaceWithGenerics_RaisesDiagnostics_A4lm3p9rmpAbILTGyosqRgCf7r4DG6vIQtQ2kMC8Iis#ExcludeAttribute.g.verified.cs
    - Received: TelemetrySourceGeneratorMetricsTests.Generate_GivenInterfaceWithGenerics_RaisesDiagnostics_A4lm3p9rmpAbILTGyosqRgCf7r4DG6vIQtQ2kMC8Iis#ExcludeTargetsAttribute.g.received.cs
      Verified: TelemetrySourceGeneratorMetricsTests.Generate_GivenInterfaceWithGenerics_RaisesDiagnostics_A4lm3p9rmpAbILTGyosqRgCf7r4DG6vIQtQ2kMC8Iis#ExcludeTargetsAttribute.g.verified.cs
    - Received: TelemetrySourceGeneratorMetricsTests.Generate_GivenInterfaceWithGenerics_RaisesDiagnostics_A4lm3p9rmpAbILTGyosqRgCf7r4DG6vIQtQ2kMC8Iis#ExpandEnumerableAttribute.g.received.cs
      Verified: TelemetrySourceGeneratorMetricsTests.Generate_GivenInterfaceWithGenerics_RaisesDiagnostics_A4lm3p9rmpAbILTGyosqRgCf7r4DG6vIQtQ2kMC8Iis#ExpandEnumerableAttribute.g.verified.cs
    - Received: TelemetrySourceGeneratorMetricsTests.Generate_GivenInterfaceWithGenerics_RaisesDiagnostics_A4lm3p9rmpAbILTGyosqRgCf7r4DG6vIQtQ2kMC8Iis#HistogramAttribute.g.received.cs
      Verified: TelemetrySourceGeneratorMetricsTests.Generate_GivenInterfaceWithGenerics_RaisesDiagnostics_A4lm3p9rmpAbILTGyosqRgCf7r4DG6vIQtQ2kMC8Iis#HistogramAttribute.g.verified.cs
    - Received: TelemetrySourceGeneratorMetricsTests.Generate_GivenInterfaceWithGenerics_RaisesDiagnostics_A4lm3p9rmpAbILTGyosqRgCf7r4DG6vIQtQ2kMC8Iis#InfoAttribute.g.received.cs
      Verified: TelemetrySourceGeneratorMetricsTests.Generate_GivenInterfaceWithGenerics_RaisesDiagnostics_A4lm3p9rmpAbILTGyosqRgCf7r4DG6vIQtQ2kMC8Iis#InfoAttribute.g.verified.cs
    - Received: TelemetrySourceGeneratorMetricsTests.Generate_GivenInterfaceWithGenerics_RaisesDiagnostics_A4lm3p9rmpAbILTGyosqRgCf7r4DG6vIQtQ2kMC8Iis#InstrumentMeasurementAttribute.g.received.cs
      Verified: TelemetrySourceGeneratorMetricsTests.Generate_GivenInterfaceWithGenerics_RaisesDiagnostics_A4lm3p9rmpAbILTGyosqRgCf7r4DG6vIQtQ2kMC8Iis#InstrumentMeasurementAttribute.g.verified.cs
    - Received: TelemetrySourceGeneratorMetricsTests.Generate_GivenInterfaceWithGenerics_RaisesDiagnostics_A4lm3p9rmpAbILTGyosqRgCf7r4DG6vIQtQ2kMC8Iis#LogAttribute.g.received.cs
      Verified: TelemetrySourceGeneratorMetricsTests.Generate_GivenInterfaceWithGenerics_RaisesDiagnostics_A4lm3p9rmpAbILTGyosqRgCf7r4DG6vIQtQ2kMC8Iis#LogAttribute.g.verified.cs
    - Received: TelemetrySourceGeneratorMetricsTests.Generate_GivenInterfaceWithGenerics_RaisesDiagnostics_A4lm3p9rmpAbILTGyosqRgCf7r4DG6vIQtQ2kMC8Iis#LoggerAttribute.g.received.cs
      Verified: TelemetrySourceGeneratorMetricsTests.Generate_GivenInterfaceWithGenerics_RaisesDiagnostics_A4lm3p9rmpAbILTGyosqRgCf7r4DG6vIQtQ2kMC8Iis#LoggerAttribute.g.verified.cs
    - Received: TelemetrySourceGeneratorMetricsTests.Generate_GivenInterfaceWithGenerics_RaisesDiagnostics_A4lm3p9rmpAbILTGyosqRgCf7r4DG6vIQtQ2kMC8Iis#LoggerGenerationAttribute.g.received.cs
      Verified: TelemetrySourceGeneratorMetricsTests.Generate_GivenInterfaceWithGenerics_RaisesDiagnostics_A4lm3p9rmpAbILTGyosqRgCf7r4DG6vIQtQ2kMC8Iis#LoggerGenerationAttribute.g.verified.cs
    - Received: TelemetrySourceGeneratorMetricsTests.Generate_GivenInterfaceWithGenerics_RaisesDiagnostics_A4lm3p9rmpAbILTGyosqRgCf7r4DG6vIQtQ2kMC8Iis#LoggerGenerationMode.g.received.cs
      Verified: TelemetrySourceGeneratorMetricsTests.Generate_GivenInterfaceWithGenerics_RaisesDiagnostics_A4lm3p9rmpAbILTGyosqRgCf7r4DG6vIQtQ2kMC8Iis#LoggerGenerationMode.g.verified.cs
    - Received: TelemetrySourceGeneratorMetricsTests.Generate_GivenInterfaceWithGenerics_RaisesDiagnostics_A4lm3p9rmpAbILTGyosqRgCf7r4DG6vIQtQ2kMC8Iis#LogPrefixType.g.received.cs
      Verified: TelemetrySourceGeneratorMetricsTests.Generate_GivenInterfaceWithGenerics_RaisesDiagnostics_A4lm3p9rmpAbILTGyosqRgCf7r4DG6vIQtQ2kMC8Iis#LogPrefixType.g.verified.cs
    - Received: TelemetrySourceGeneratorMetricsTests.Generate_GivenInterfaceWithGenerics_RaisesDiagnostics_A4lm3p9rmpAbILTGyosqRgCf7r4DG6vIQtQ2kMC8Iis#MeterAttribute.g.received.cs
      Verified: TelemetrySourceGeneratorMetricsTests.Generate_GivenInterfaceWithGenerics_RaisesDiagnostics_A4lm3p9rmpAbILTGyosqRgCf7r4DG6vIQtQ2kMC8Iis#MeterAttribute.g.verified.cs
    - Received: TelemetrySourceGeneratorMetricsTests.Generate_GivenInterfaceWithGenerics_RaisesDiagnostics_A4lm3p9rmpAbILTGyosqRgCf7r4DG6vIQtQ2kMC8Iis#MeterGenerationAttribute.g.received.cs
      Verified: TelemetrySourceGeneratorMetricsTests.Generate_GivenInterfaceWithGenerics_RaisesDiagnostics_A4lm3p9rmpAbILTGyosqRgCf7r4DG6vIQtQ2kMC8Iis#MeterGenerationAttribute.g.verified.cs
    - Received: TelemetrySourceGeneratorMetricsTests.Generate_GivenInterfaceWithGenerics_RaisesDiagnostics_A4lm3p9rmpAbILTGyosqRgCf7r4DG6vIQtQ2kMC8Iis#MeterNameGenerationType.g.received.cs
      Verified: TelemetrySourceGeneratorMetricsTests.Generate_GivenInterfaceWithGenerics_RaisesDiagnostics_A4lm3p9rmpAbILTGyosqRgCf7r4DG6vIQtQ2kMC8Iis#MeterNameGenerationType.g.verified.cs
    - Received: TelemetrySourceGeneratorMetricsTests.Generate_GivenInterfaceWithGenerics_RaisesDiagnostics_A4lm3p9rmpAbILTGyosqRgCf7r4DG6vIQtQ2kMC8Iis#NamingConvention.g.received.cs
      Verified: TelemetrySourceGeneratorMetricsTests.Generate_GivenInterfaceWithGenerics_RaisesDiagnostics_A4lm3p9rmpAbILTGyosqRgCf7r4DG6vIQtQ2kMC8Iis#NamingConvention.g.verified.cs
    - Received: TelemetrySourceGeneratorMetricsTests.Generate_GivenInterfaceWithGenerics_RaisesDiagnostics_A4lm3p9rmpAbILTGyosqRgCf7r4DG6vIQtQ2kMC8Iis#ObservableCounterAttribute.g.received.cs
      Verified: TelemetrySourceGeneratorMetricsTests.Generate_GivenInterfaceWithGenerics_RaisesDiagnostics_A4lm3p9rmpAbILTGyosqRgCf7r4DG6vIQtQ2kMC8Iis#ObservableCounterAttribute.g.verified.cs
    - Received: TelemetrySourceGeneratorMetricsTests.Generate_GivenInterfaceWithGenerics_RaisesDiagnostics_A4lm3p9rmpAbILTGyosqRgCf7r4DG6vIQtQ2kMC8Iis#ObservableGaugeAttribute.g.received.cs
      Verified: TelemetrySourceGeneratorMetricsTests.Generate_GivenInterfaceWithGenerics_RaisesDiagnostics_A4lm3p9rmpAbILTGyosqRgCf7r4DG6vIQtQ2kMC8Iis#ObservableGaugeAttribute.g.verified.cs
    - Received: TelemetrySourceGeneratorMetricsTests.Generate_GivenInterfaceWithGenerics_RaisesDiagnostics_A4lm3p9rmpAbILTGyosqRgCf7r4DG6vIQtQ2kMC8Iis#ObservableUpDownCounterAttribute.g.received.cs
      Verified: TelemetrySourceGeneratorMetricsTests.Generate_GivenInterfaceWithGenerics_RaisesDiagnostics_A4lm3p9rmpAbILTGyosqRgCf7r4DG6vIQtQ2kMC8Iis#ObservableUpDownCounterAttribute.g.verified.cs
    - Received: TelemetrySourceGeneratorMetricsTests.Generate_GivenInterfaceWithGenerics_RaisesDiagnostics_A4lm3p9rmpAbILTGyosqRgCf7r4DG6vIQtQ2kMC8Iis#StatusDescriptionAttribute.g.received.cs
      Verified: TelemetrySourceGeneratorMetricsTests.Generate_GivenInterfaceWithGenerics_RaisesDiagnostics_A4lm3p9rmpAbILTGyosqRgCf7r4DG6vIQtQ2kMC8Iis#StatusDescriptionAttribute.g.verified.cs
    - Received: TelemetrySourceGeneratorMetricsTests.Generate_GivenInterfaceWithGenerics_RaisesDiagnostics_A4lm3p9rmpAbILTGyosqRgCf7r4DG6vIQtQ2kMC8Iis#TagAttribute.g.received.cs
      Verified: TelemetrySourceGeneratorMetricsTests.Generate_GivenInterfaceWithGenerics_RaisesDiagnostics_A4lm3p9rmpAbILTGyosqRgCf7r4DG6vIQtQ2kMC8Iis#TagAttribute.g.verified.cs
    - Received: TelemetrySourceGeneratorMetricsTests.Generate_GivenInterfaceWithGenerics_RaisesDiagnostics_A4lm3p9rmpAbILTGyosqRgCf7r4DG6vIQtQ2kMC8Iis#Targets.g.received.cs
      Verified: TelemetrySourceGeneratorMetricsTests.Generate_GivenInterfaceWithGenerics_RaisesDiagnostics_A4lm3p9rmpAbILTGyosqRgCf7r4DG6vIQtQ2kMC8Iis#Targets.g.verified.cs
    - Received: TelemetrySourceGeneratorMetricsTests.Generate_GivenInterfaceWithGenerics_RaisesDiagnostics_A4lm3p9rmpAbILTGyosqRgCf7r4DG6vIQtQ2kMC8Iis#TelemetryGenerationAttribute.g.received.cs
      Verified: TelemetrySourceGeneratorMetricsTests.Generate_GivenInterfaceWithGenerics_RaisesDiagnostics_A4lm3p9rmpAbILTGyosqRgCf7r4DG6vIQtQ2kMC8Iis#TelemetryGenerationAttribute.g.verified.cs
    - Received: TelemetrySourceGeneratorMetricsTests.Generate_GivenInterfaceWithGenerics_RaisesDiagnostics_A4lm3p9rmpAbILTGyosqRgCf7r4DG6vIQtQ2kMC8Iis#TraceAttribute.g.received.cs
      Verified: TelemetrySourceGeneratorMetricsTests.Generate_GivenInterfaceWithGenerics_RaisesDiagnostics_A4lm3p9rmpAbILTGyosqRgCf7r4DG6vIQtQ2kMC8Iis#TraceAttribute.g.verified.cs
    - Received: TelemetrySourceGeneratorMetricsTests.Generate_GivenInterfaceWithGenerics_RaisesDiagnostics_A4lm3p9rmpAbILTGyosqRgCf7r4DG6vIQtQ2kMC8Iis#UpDownCounterAttribute.g.received.cs
      Verified: TelemetrySourceGeneratorMetricsTests.Generate_GivenInterfaceWithGenerics_RaisesDiagnostics_A4lm3p9rmpAbILTGyosqRgCf7r4DG6vIQtQ2kMC8Iis#UpDownCounterAttribute.g.verified.cs
    - Received: TelemetrySourceGeneratorMetricsTests.Generate_GivenInterfaceWithGenerics_RaisesDiagnostics_A4lm3p9rmpAbILTGyosqRgCf7r4DG6vIQtQ2kMC8Iis#WarningAttribute.g.received.cs
      Verified: TelemetrySourceGeneratorMetricsTests.Generate_GivenInterfaceWithGenerics_RaisesDiagnostics_A4lm3p9rmpAbILTGyosqRgCf7r4DG6vIQtQ2kMC8Iis#WarningAttribute.g.verified.cs
  
  Standard output
    DBG: --- Adding templates.
    DBG: Adding ActivitySourceGenerationAttribute as ActivitySourceGenerationAttribute.g.cs.
    DBG: Adding ActivitySourceAttribute as ActivitySourceAttribute.g.cs.
    DBG: Adding ActivityAttribute as ActivityAttribute.g.cs.
    DBG: Adding EventAttribute as EventAttribute.g.cs.
    DBG: Adding ContextAttribute as ContextAttribute.g.cs.
    DBG: Adding BaggageAttribute as BaggageAttribute.g.cs.
    DBG: Adding EscapeAttribute as EscapeAttribute.g.cs.
    DBG: Adding StatusDescriptionAttribute as StatusDescriptionAttribute.g.cs.
    DBG: Adding LoggerGenerationAttribute as LoggerGenerationAttribute.g.cs.
    DBG: Adding LoggerAttribute as LoggerAttribute.g.cs.
    DBG: Adding LogAttribute as LogAttribute.g.cs.
    DBG: Adding LogPrefixType as LogPrefixType.g.cs.
    DBG: Adding LoggerGenerationMode as LoggerGenerationMode.g.cs.
    DBG: Adding ExpandEnumerableAttribute as ExpandEnumerableAttribute.g.cs.
    DBG: Adding TraceAttribute as TraceAttribute.g.cs.
    DBG: Adding DebugAttribute as DebugAttribute.g.cs.
    DBG: Adding InfoAttribute as InfoAttribute.g.cs.
    DBG: Adding WarningAttribute as WarningAttribute.g.cs.
    DBG: Adding ErrorAttribute as ErrorAttribute.g.cs.
    DBG: Adding CriticalAttribute as CriticalAttribute.g.cs.
    DBG: Adding MeterGenerationAttribute as MeterGenerationAttribute.g.cs.
    DBG: Adding MeterAttribute as MeterAttribute.g.cs.
    DBG: Adding MeterNameGenerationType as MeterNameGenerationType.g.cs.
    DBG: Adding InstrumentMeasurementAttribute as InstrumentMeasurementAttribute.g.cs.
    DBG: Adding AutoCounterAttribute as AutoCounterAttribute.g.cs.
    DBG: Adding CounterAttribute as CounterAttribute.g.cs.
    DBG: Adding UpDownCounterAttribute as UpDownCounterAttribute.g.cs.
    DBG: Adding HistogramAttribute as HistogramAttribute.g.cs.
    DBG: Adding ObservableCounterAttribute as ObservableCounterAttribute.g.cs.
    DBG: Adding ObservableGaugeAttribute as ObservableGaugeAttribute.g.cs.
    DBG: Adding ObservableUpDownCounterAttribute as ObservableUpDownCounterAttribute.g.cs.
    DBG: Adding TagAttribute as TagAttribute.g.cs.
    DBG: Adding ExcludeAttribute as ExcludeAttribute.g.cs.
    DBG: Adding TelemetryGenerationAttribute as TelemetryGenerationAttribute.g.cs.
    DBG: Adding Targets as Targets.g.cs.
    DBG: Adding NamingConvention as NamingConvention.g.cs.
    DBG: Adding ExcludeTargetsAttribute as ExcludeTargetsAttribute.g.cs.
    DBG: --- Finished adding templates.
    DIA: Cannot generate a Meter target for a generic interface '[Meter("testing-meter")] public interface ITestMetrics<T0, T1> { [AutoCounter] void AutoCounter(); }'.
    DIA: Cannot generate a Meter target for a generic interface '[Meter("testing-meter")] public interface ITestMetrics<T0, T1> { [AutoCounter] void AutoCounter(); }'.
    
  Error output
failed Generate_GivenInterfaceWithGenerics_RaisesDiagnostics(1) (4s 873ms)
  [Test Failure] VerifyException: Directory: P:\GitHub\kjldev\purview-telemetry-sourcegenerator\src\Purview.Telemetry.SourceGenerator.IntegrationTests\Snapshots
Delete:
  - TelemetrySourceGeneratorMetricsTests.Generate_GivenInterfaceWithGenerics_RaisesDiagnostics_CAqe1ChVnvYCZotMAPEU8aEcP2sCpDXwvcFUV45NfyI#Purview.Telemetry.SourceGenerator.TelemetryNames.g.verified.cs
  - TelemetrySourceGeneratorMetricsTests.Generate_GivenInterfaceWithGenerics_RaisesDiagnostics_CAqe1ChVnvYCZotMAPEU8aEcP2sCpDXwvcFUV45NfyI.verified.txt
Equal:
  - Received: TelemetrySourceGeneratorMetricsTests.Generate_GivenInterfaceWithGenerics_RaisesDiagnostics_CAqe1ChVnvYCZotMAPEU8aEcP2sCpDXwvcFUV45NfyI#ActivityAttribute.g.received.cs
    Verified: TelemetrySourceGeneratorMetricsTests.Generate_GivenInterfaceWithGenerics_RaisesDiagnostics_CAqe1ChVnvYCZotMAPEU8aEcP2sCpDXwvcFUV45NfyI#ActivityAttribute.g.verified.cs
  - Received: TelemetrySourceGeneratorMetricsTests.Generate_GivenInterfaceWithGenerics_RaisesDiagnostics_CAqe1ChVnvYCZotMAPEU8aEcP2sCpDXwvcFUV45NfyI#ActivitySourceAttribute.g.received.cs
    Verified: TelemetrySourceGeneratorMetricsTests.Generate_GivenInterfaceWithGenerics_RaisesDiagnostics_CAqe1ChVnvYCZotMAPEU8aEcP2sCpDXwvcFUV45NfyI#ActivitySourceAttribute.g.verified.cs
  - Received: TelemetrySourceGeneratorMetricsTests.Generate_GivenInterfaceWithGenerics_RaisesDiagnostics_CAqe1ChVnvYCZotMAPEU8aEcP2sCpDXwvcFUV45NfyI#ActivitySourceGenerationAttribute.g.received.cs
    Verified: TelemetrySourceGeneratorMetricsTests.Generate_GivenInterfaceWithGenerics_RaisesDiagnostics_CAqe1ChVnvYCZotMAPEU8aEcP2sCpDXwvcFUV45NfyI#ActivitySourceGenerationAttribute.g.verified.cs
  - Received: TelemetrySourceGeneratorMetricsTests.Generate_GivenInterfaceWithGenerics_RaisesDiagnostics_CAqe1ChVnvYCZotMAPEU8aEcP2sCpDXwvcFUV45NfyI#AutoCounterAttribute.g.received.cs
    Verified: TelemetrySourceGeneratorMetricsTests.Generate_GivenInterfaceWithGenerics_RaisesDiagnostics_CAqe1ChVnvYCZotMAPEU8aEcP2sCpDXwvcFUV45NfyI#AutoCounterAttribute.g.verified.cs
  - Received: TelemetrySourceGeneratorMetricsTests.Generate_GivenInterfaceWithGenerics_RaisesDiagnostics_CAqe1ChVnvYCZotMAPEU8aEcP2sCpDXwvcFUV45NfyI#BaggageAttribute.g.received.cs
    Verified: TelemetrySourceGeneratorMetricsTests.Generate_GivenInterfaceWithGenerics_RaisesDiagnostics_CAqe1ChVnvYCZotMAPEU8aEcP2sCpDXwvcFUV45NfyI#BaggageAttribute.g.verified.cs
  - Received: TelemetrySourceGeneratorMetricsTests.Generate_GivenInterfaceWithGenerics_RaisesDiagnostics_CAqe1ChVnvYCZotMAPEU8aEcP2sCpDXwvcFUV45NfyI#ContextAttribute.g.received.cs
    Verified: TelemetrySourceGeneratorMetricsTests.Generate_GivenInterfaceWithGenerics_RaisesDiagnostics_CAqe1ChVnvYCZotMAPEU8aEcP2sCpDXwvcFUV45NfyI#ContextAttribute.g.verified.cs
  - Received: TelemetrySourceGeneratorMetricsTests.Generate_GivenInterfaceWithGenerics_RaisesDiagnostics_CAqe1ChVnvYCZotMAPEU8aEcP2sCpDXwvcFUV45NfyI#CounterAttribute.g.received.cs
    Verified: TelemetrySourceGeneratorMetricsTests.Generate_GivenInterfaceWithGenerics_RaisesDiagnostics_CAqe1ChVnvYCZotMAPEU8aEcP2sCpDXwvcFUV45NfyI#CounterAttribute.g.verified.cs
  - Received: TelemetrySourceGeneratorMetricsTests.Generate_GivenInterfaceWithGenerics_RaisesDiagnostics_CAqe1ChVnvYCZotMAPEU8aEcP2sCpDXwvcFUV45NfyI#CriticalAttribute.g.received.cs
    Verified: TelemetrySourceGeneratorMetricsTests.Generate_GivenInterfaceWithGenerics_RaisesDiagnostics_CAqe1ChVnvYCZotMAPEU8aEcP2sCpDXwvcFUV45NfyI#CriticalAttribute.g.verified.cs
  - Received: TelemetrySourceGeneratorMetricsTests.Generate_GivenInterfaceWithGenerics_RaisesDiagnostics_CAqe1ChVnvYCZotMAPEU8aEcP2sCpDXwvcFUV45NfyI#DebugAttribute.g.received.cs
    Verified: TelemetrySourceGeneratorMetricsTests.Generate_GivenInterfaceWithGenerics_RaisesDiagnostics_CAqe1ChVnvYCZotMAPEU8aEcP2sCpDXwvcFUV45NfyI#DebugAttribute.g.verified.cs
  - Received: TelemetrySourceGeneratorMetricsTests.Generate_GivenInterfaceWithGenerics_RaisesDiagnostics_CAqe1ChVnvYCZotMAPEU8aEcP2sCpDXwvcFUV45NfyI#ErrorAttribute.g.received.cs
    Verified: TelemetrySourceGeneratorMetricsTests.Generate_GivenInterfaceWithGenerics_RaisesDiagnostics_CAqe1ChVnvYCZotMAPEU8aEcP2sCpDXwvcFUV45NfyI#ErrorAttribute.g.verified.cs
  - Received: TelemetrySourceGeneratorMetricsTests.Generate_GivenInterfaceWithGenerics_RaisesDiagnostics_CAqe1ChVnvYCZotMAPEU8aEcP2sCpDXwvcFUV45NfyI#EscapeAttribute.g.received.cs
    Verified: TelemetrySourceGeneratorMetricsTests.Generate_GivenInterfaceWithGenerics_RaisesDiagnostics_CAqe1ChVnvYCZotMAPEU8aEcP2sCpDXwvcFUV45NfyI#EscapeAttribute.g.verified.cs
  - Received: TelemetrySourceGeneratorMetricsTests.Generate_GivenInterfaceWithGenerics_RaisesDiagnostics_CAqe1ChVnvYCZotMAPEU8aEcP2sCpDXwvcFUV45NfyI#EventAttribute.g.received.cs
    Verified: TelemetrySourceGeneratorMetricsTests.Generate_GivenInterfaceWithGenerics_RaisesDiagnostics_CAqe1ChVnvYCZotMAPEU8aEcP2sCpDXwvcFUV45NfyI#EventAttribute.g.verified.cs
  - Received: TelemetrySourceGeneratorMetricsTests.Generate_GivenInterfaceWithGenerics_RaisesDiagnostics_CAqe1ChVnvYCZotMAPEU8aEcP2sCpDXwvcFUV45NfyI#ExcludeAttribute.g.received.cs
    Verified: TelemetrySourceGeneratorMetricsTests.Generate_GivenInterfaceWithGenerics_RaisesDiagnostics_CAqe1ChVnvYCZotMAPEU8aEcP2sCpDXwvcFUV45NfyI#ExcludeAttribute.g.verified.cs
  - Received: TelemetrySourceGeneratorMetricsTests.Generate_GivenInterfaceWithGenerics_RaisesDiagnostics_CAqe1ChVnvYCZotMAPEU8aEcP2sCpDXwvcFUV45NfyI#ExcludeTargetsAttribute.g.received.cs
    Verified: TelemetrySourceGeneratorMetricsTests.Generate_GivenInterfaceWithGenerics_RaisesDiagnostics_CAqe1ChVnvYCZotMAPEU8aEcP2sCpDXwvcFUV45NfyI#ExcludeTargetsAttribute.g.verified.cs
  - Received: TelemetrySourceGeneratorMetricsTests.Generate_GivenInterfaceWithGenerics_RaisesDiagnostics_CAqe1ChVnvYCZotMAPEU8aEcP2sCpDXwvcFUV45NfyI#ExpandEnumerableAttribute.g.received.cs
    Verified: TelemetrySourceGeneratorMetricsTests.Generate_GivenInterfaceWithGenerics_RaisesDiagnostics_CAqe1ChVnvYCZotMAPEU8aEcP2sCpDXwvcFUV45NfyI#ExpandEnumerableAttribute.g.verified.cs
  - Received: TelemetrySourceGeneratorMetricsTests.Generate_GivenInterfaceWithGenerics_RaisesDiagnostics_CAqe1ChVnvYCZotMAPEU8aEcP2sCpDXwvcFUV45NfyI#HistogramAttribute.g.received.cs
    Verified: TelemetrySourceGeneratorMetricsTests.Generate_GivenInterfaceWithGenerics_RaisesDiagnostics_CAqe1ChVnvYCZotMAPEU8aEcP2sCpDXwvcFUV45NfyI#HistogramAttribute.g.verified.cs
  - Received: TelemetrySourceGeneratorMetricsTests.Generate_GivenInterfaceWithGenerics_RaisesDiagnostics_CAqe1ChVnvYCZotMAPEU8aEcP2sCpDXwvcFUV45NfyI#InfoAttribute.g.received.cs
    Verified: TelemetrySourceGeneratorMetricsTests.Generate_GivenInterfaceWithGenerics_RaisesDiagnostics_CAqe1ChVnvYCZotMAPEU8aEcP2sCpDXwvcFUV45NfyI#InfoAttribute.g.verified.cs
  - Received: TelemetrySourceGeneratorMetricsTests.Generate_GivenInterfaceWithGenerics_RaisesDiagnostics_CAqe1ChVnvYCZotMAPEU8aEcP2sCpDXwvcFUV45NfyI#InstrumentMeasurementAttribute.g.received.cs
    Verified: TelemetrySourceGeneratorMetricsTests.Generate_GivenInterfaceWithGenerics_RaisesDiagnostics_CAqe1ChVnvYCZotMAPEU8aEcP2sCpDXwvcFUV45NfyI#InstrumentMeasurementAttribute.g.verified.cs
  - Received: TelemetrySourceGeneratorMetricsTests.Generate_GivenInterfaceWithGenerics_RaisesDiagnostics_CAqe1ChVnvYCZotMAPEU8aEcP2sCpDXwvcFUV45NfyI#LogAttribute.g.received.cs
    Verified: TelemetrySourceGeneratorMetricsTests.Generate_GivenInterfaceWithGenerics_RaisesDiagnostics_CAqe1ChVnvYCZotMAPEU8aEcP2sCpDXwvcFUV45NfyI#LogAttribute.g.verified.cs
  - Received: TelemetrySourceGeneratorMetricsTests.Generate_GivenInterfaceWithGenerics_RaisesDiagnostics_CAqe1ChVnvYCZotMAPEU8aEcP2sCpDXwvcFUV45NfyI#LoggerAttribute.g.received.cs
    Verified: TelemetrySourceGeneratorMetricsTests.Generate_GivenInterfaceWithGenerics_RaisesDiagnostics_CAqe1ChVnvYCZotMAPEU8aEcP2sCpDXwvcFUV45NfyI#LoggerAttribute.g.verified.cs
  - Received: TelemetrySourceGeneratorMetricsTests.Generate_GivenInterfaceWithGenerics_RaisesDiagnostics_CAqe1ChVnvYCZotMAPEU8aEcP2sCpDXwvcFUV45NfyI#LoggerGenerationAttribute.g.received.cs
    Verified: TelemetrySourceGeneratorMetricsTests.Generate_GivenInterfaceWithGenerics_RaisesDiagnostics_CAqe1ChVnvYCZotMAPEU8aEcP2sCpDXwvcFUV45NfyI#LoggerGenerationAttribute.g.verified.cs
  - Received: TelemetrySourceGeneratorMetricsTests.Generate_GivenInterfaceWithGenerics_RaisesDiagnostics_CAqe1ChVnvYCZotMAPEU8aEcP2sCpDXwvcFUV45NfyI#LoggerGenerationMode.g.received.cs
    Verified: TelemetrySourceGeneratorMetricsTests.Generate_GivenInterfaceWithGenerics_RaisesDiagnostics_CAqe1ChVnvYCZotMAPEU8aEcP2sCpDXwvcFUV45NfyI#LoggerGenerationMode.g.verified.cs
  - Received: TelemetrySourceGeneratorMetricsTests.Generate_GivenInterfaceWithGenerics_RaisesDiagnostics_CAqe1ChVnvYCZotMAPEU8aEcP2sCpDXwvcFUV45NfyI#LogPrefixType.g.received.cs
    Verified: TelemetrySourceGeneratorMetricsTests.Generate_GivenInterfaceWithGenerics_RaisesDiagnostics_CAqe1ChVnvYCZotMAPEU8aEcP2sCpDXwvcFUV45NfyI#LogPrefixType.g.verified.cs
  - Received: TelemetrySourceGeneratorMetricsTests.Generate_GivenInterfaceWithGenerics_RaisesDiagnostics_CAqe1ChVnvYCZotMAPEU8aEcP2sCpDXwvcFUV45NfyI#MeterAttribute.g.received.cs
    Verified: TelemetrySourceGeneratorMetricsTests.Generate_GivenInterfaceWithGenerics_RaisesDiagnostics_CAqe1ChVnvYCZotMAPEU8aEcP2sCpDXwvcFUV45NfyI#MeterAttribute.g.verified.cs
  - Received: TelemetrySourceGeneratorMetricsTests.Generate_GivenInterfaceWithGenerics_RaisesDiagnostics_CAqe1ChVnvYCZotMAPEU8aEcP2sCpDXwvcFUV45NfyI#MeterGenerationAttribute.g.received.cs
    Verified: TelemetrySourceGeneratorMetricsTests.Generate_GivenInterfaceWithGenerics_RaisesDiagnostics_CAqe1ChVnvYCZotMAPEU8aEcP2sCpDXwvcFUV45NfyI#MeterGenerationAttribute.g.verified.cs
  - Received: TelemetrySourceGeneratorMetricsTests.Generate_GivenInterfaceWithGenerics_RaisesDiagnostics_CAqe1ChVnvYCZotMAPEU8aEcP2sCpDXwvcFUV45NfyI#MeterNameGenerationType.g.received.cs
    Verified: TelemetrySourceGeneratorMetricsTests.Generate_GivenInterfaceWithGenerics_RaisesDiagnostics_CAqe1ChVnvYCZotMAPEU8aEcP2sCpDXwvcFUV45NfyI#MeterNameGenerationType.g.verified.cs
  - Received: TelemetrySourceGeneratorMetricsTests.Generate_GivenInterfaceWithGenerics_RaisesDiagnostics_CAqe1ChVnvYCZotMAPEU8aEcP2sCpDXwvcFUV45NfyI#NamingConvention.g.received.cs
    Verified: TelemetrySourceGeneratorMetricsTests.Generate_GivenInterfaceWithGenerics_RaisesDiagnostics_CAqe1ChVnvYCZotMAPEU8aEcP2sCpDXwvcFUV45NfyI#NamingConvention.g.verified.cs
  - Received: TelemetrySourceGeneratorMetricsTests.Generate_GivenInterfaceWithGenerics_RaisesDiagnostics_CAqe1ChVnvYCZotMAPEU8aEcP2sCpDXwvcFUV45NfyI#ObservableCounterAttribute.g.received.cs
    Verified: TelemetrySourceGeneratorMetricsTests.Generate_GivenInterfaceWithGenerics_RaisesDiagnostics_CAqe1ChVnvYCZotMAPEU8aEcP2sCpDXwvcFUV45NfyI#ObservableCounterAttribute.g.verified.cs
  - Received: TelemetrySourceGeneratorMetricsTests.Generate_GivenInterfaceWithGenerics_RaisesDiagnostics_CAqe1ChVnvYCZotMAPEU8aEcP2sCpDXwvcFUV45NfyI#ObservableGaugeAttribute.g.received.cs
    Verified: TelemetrySourceGeneratorMetricsTests.Generate_GivenInterfaceWithGenerics_RaisesDiagnostics_CAqe1ChVnvYCZotMAPEU8aEcP2sCpDXwvcFUV45NfyI#ObservableGaugeAttribute.g.verified.cs
  - Received: TelemetrySourceGeneratorMetricsTests.Generate_GivenInterfaceWithGenerics_RaisesDiagnostics_CAqe1ChVnvYCZotMAPEU8aEcP2sCpDXwvcFUV45NfyI#ObservableUpDownCounterAttribute.g.received.cs
    Verified: TelemetrySourceGeneratorMetricsTests.Generate_GivenInterfaceWithGenerics_RaisesDiagnostics_CAqe1ChVnvYCZotMAPEU8aEcP2sCpDXwvcFUV45NfyI#ObservableUpDownCounterAttribute.g.verified.cs
  - Received: TelemetrySourceGeneratorMetricsTests.Generate_GivenInterfaceWithGenerics_RaisesDiagnostics_CAqe1ChVnvYCZotMAPEU8aEcP2sCpDXwvcFUV45NfyI#StatusDescriptionAttribute.g.received.cs
    Verified: TelemetrySourceGeneratorMetricsTests.Generate_GivenInterfaceWithGenerics_RaisesDiagnostics_CAqe1ChVnvYCZotMAPEU8aEcP2sCpDXwvcFUV45NfyI#StatusDescriptionAttribute.g.verified.cs
  - Received: TelemetrySourceGeneratorMetricsTests.Generate_GivenInterfaceWithGenerics_RaisesDiagnostics_CAqe1ChVnvYCZotMAPEU8aEcP2sCpDXwvcFUV45NfyI#TagAttribute.g.received.cs
    Verified: TelemetrySourceGeneratorMetricsTests.Generate_GivenInterfaceWithGenerics_RaisesDiagnostics_CAqe1ChVnvYCZotMAPEU8aEcP2sCpDXwvcFUV45NfyI#TagAttribute.g.verified.cs
  - Received: TelemetrySourceGeneratorMetricsTests.Generate_GivenInterfaceWithGenerics_RaisesDiagnostics_CAqe1ChVnvYCZotMAPEU8aEcP2sCpDXwvcFUV45NfyI#Targets.g.received.cs
    Verified: TelemetrySourceGeneratorMetricsTests.Generate_GivenInterfaceWithGenerics_RaisesDiagnostics_CAqe1ChVnvYCZotMAPEU8aEcP2sCpDXwvcFUV45NfyI#Targets.g.verified.cs
  - Received: TelemetrySourceGeneratorMetricsTests.Generate_GivenInterfaceWithGenerics_RaisesDiagnostics_CAqe1ChVnvYCZotMAPEU8aEcP2sCpDXwvcFUV45NfyI#TelemetryGenerationAttribute.g.received.cs
    Verified: TelemetrySourceGeneratorMetricsTests.Generate_GivenInterfaceWithGenerics_RaisesDiagnostics_CAqe1ChVnvYCZotMAPEU8aEcP2sCpDXwvcFUV45NfyI#TelemetryGenerationAttribute.g.verified.cs
  - Received: TelemetrySourceGeneratorMetricsTests.Generate_GivenInterfaceWithGenerics_RaisesDiagnostics_CAqe1ChVnvYCZotMAPEU8aEcP2sCpDXwvcFUV45NfyI#TraceAttribute.g.received.cs
    Verified: TelemetrySourceGeneratorMetricsTests.Generate_GivenInterfaceWithGenerics_RaisesDiagnostics_CAqe1ChVnvYCZotMAPEU8aEcP2sCpDXwvcFUV45NfyI#TraceAttribute.g.verified.cs
  - Received: TelemetrySourceGeneratorMetricsTests.Generate_GivenInterfaceWithGenerics_RaisesDiagnostics_CAqe1ChVnvYCZotMAPEU8aEcP2sCpDXwvcFUV45NfyI#UpDownCounterAttribute.g.received.cs
    Verified: TelemetrySourceGeneratorMetricsTests.Generate_GivenInterfaceWithGenerics_RaisesDiagnostics_CAqe1ChVnvYCZotMAPEU8aEcP2sCpDXwvcFUV45NfyI#UpDownCounterAttribute.g.verified.cs
  - Received: TelemetrySourceGeneratorMetricsTests.Generate_GivenInterfaceWithGenerics_RaisesDiagnostics_CAqe1ChVnvYCZotMAPEU8aEcP2sCpDXwvcFUV45NfyI#WarningAttribute.g.received.cs
    Verified: TelemetrySourceGeneratorMetricsTests.Generate_GivenInterfaceWithGenerics_RaisesDiagnostics_CAqe1ChVnvYCZotMAPEU8aEcP2sCpDXwvcFUV45NfyI#WarningAttribute.g.verified.cs

  from P:\GitHub\kjldev\purview-telemetry-sourcegenerator\src\Purview.Telemetry.SourceGenerator.IntegrationTests\bin\Release\net10.0\Purview.Telemetry.SourceGenerator.IntegrationTests.dll (net10.0|x64)
  TUnit.Engine.Exceptions.TestFailedException: [Test Failure] VerifyException: Directory: P:\GitHub\kjldev\purview-telemetry-sourcegenerator\src\Purview.Telemetry.SourceGenerator.IntegrationTests\Snapshots
  Delete:
    - TelemetrySourceGeneratorMetricsTests.Generate_GivenInterfaceWithGenerics_RaisesDiagnostics_CAqe1ChVnvYCZotMAPEU8aEcP2sCpDXwvcFUV45NfyI#Purview.Telemetry.SourceGenerator.TelemetryNames.g.verified.cs
    - TelemetrySourceGeneratorMetricsTests.Generate_GivenInterfaceWithGenerics_RaisesDiagnostics_CAqe1ChVnvYCZotMAPEU8aEcP2sCpDXwvcFUV45NfyI.verified.txt
  Equal:
    - Received: TelemetrySourceGeneratorMetricsTests.Generate_GivenInterfaceWithGenerics_RaisesDiagnostics_CAqe1ChVnvYCZotMAPEU8aEcP2sCpDXwvcFUV45NfyI#ActivityAttribute.g.received.cs
      Verified: TelemetrySourceGeneratorMetricsTests.Generate_GivenInterfaceWithGenerics_RaisesDiagnostics_CAqe1ChVnvYCZotMAPEU8aEcP2sCpDXwvcFUV45NfyI#ActivityAttribute.g.verified.cs
    - Received: TelemetrySourceGeneratorMetricsTests.Generate_GivenInterfaceWithGenerics_RaisesDiagnostics_CAqe1ChVnvYCZotMAPEU8aEcP2sCpDXwvcFUV45NfyI#ActivitySourceAttribute.g.received.cs
      Verified: TelemetrySourceGeneratorMetricsTests.Generate_GivenInterfaceWithGenerics_RaisesDiagnostics_CAqe1ChVnvYCZotMAPEU8aEcP2sCpDXwvcFUV45NfyI#ActivitySourceAttribute.g.verified.cs
    - Received: TelemetrySourceGeneratorMetricsTests.Generate_GivenInterfaceWithGenerics_RaisesDiagnostics_CAqe1ChVnvYCZotMAPEU8aEcP2sCpDXwvcFUV45NfyI#ActivitySourceGenerationAttribute.g.received.cs
      Verified: TelemetrySourceGeneratorMetricsTests.Generate_GivenInterfaceWithGenerics_RaisesDiagnostics_CAqe1ChVnvYCZotMAPEU8aEcP2sCpDXwvcFUV45NfyI#ActivitySourceGenerationAttribute.g.verified.cs
    - Received: TelemetrySourceGeneratorMetricsTests.Generate_GivenInterfaceWithGenerics_RaisesDiagnostics_CAqe1ChVnvYCZotMAPEU8aEcP2sCpDXwvcFUV45NfyI#AutoCounterAttribute.g.received.cs
      Verified: TelemetrySourceGeneratorMetricsTests.Generate_GivenInterfaceWithGenerics_RaisesDiagnostics_CAqe1ChVnvYCZotMAPEU8aEcP2sCpDXwvcFUV45NfyI#AutoCounterAttribute.g.verified.cs
    - Received: TelemetrySourceGeneratorMetricsTests.Generate_GivenInterfaceWithGenerics_RaisesDiagnostics_CAqe1ChVnvYCZotMAPEU8aEcP2sCpDXwvcFUV45NfyI#BaggageAttribute.g.received.cs
      Verified: TelemetrySourceGeneratorMetricsTests.Generate_GivenInterfaceWithGenerics_RaisesDiagnostics_CAqe1ChVnvYCZotMAPEU8aEcP2sCpDXwvcFUV45NfyI#BaggageAttribute.g.verified.cs
    - Received: TelemetrySourceGeneratorMetricsTests.Generate_GivenInterfaceWithGenerics_RaisesDiagnostics_CAqe1ChVnvYCZotMAPEU8aEcP2sCpDXwvcFUV45NfyI#ContextAttribute.g.received.cs
      Verified: TelemetrySourceGeneratorMetricsTests.Generate_GivenInterfaceWithGenerics_RaisesDiagnostics_CAqe1ChVnvYCZotMAPEU8aEcP2sCpDXwvcFUV45NfyI#ContextAttribute.g.verified.cs
    - Received: TelemetrySourceGeneratorMetricsTests.Generate_GivenInterfaceWithGenerics_RaisesDiagnostics_CAqe1ChVnvYCZotMAPEU8aEcP2sCpDXwvcFUV45NfyI#CounterAttribute.g.received.cs
      Verified: TelemetrySourceGeneratorMetricsTests.Generate_GivenInterfaceWithGenerics_RaisesDiagnostics_CAqe1ChVnvYCZotMAPEU8aEcP2sCpDXwvcFUV45NfyI#CounterAttribute.g.verified.cs
    - Received: TelemetrySourceGeneratorMetricsTests.Generate_GivenInterfaceWithGenerics_RaisesDiagnostics_CAqe1ChVnvYCZotMAPEU8aEcP2sCpDXwvcFUV45NfyI#CriticalAttribute.g.received.cs
      Verified: TelemetrySourceGeneratorMetricsTests.Generate_GivenInterfaceWithGenerics_RaisesDiagnostics_CAqe1ChVnvYCZotMAPEU8aEcP2sCpDXwvcFUV45NfyI#CriticalAttribute.g.verified.cs
    - Received: TelemetrySourceGeneratorMetricsTests.Generate_GivenInterfaceWithGenerics_RaisesDiagnostics_CAqe1ChVnvYCZotMAPEU8aEcP2sCpDXwvcFUV45NfyI#DebugAttribute.g.received.cs
      Verified: TelemetrySourceGeneratorMetricsTests.Generate_GivenInterfaceWithGenerics_RaisesDiagnostics_CAqe1ChVnvYCZotMAPEU8aEcP2sCpDXwvcFUV45NfyI#DebugAttribute.g.verified.cs
    - Received: TelemetrySourceGeneratorMetricsTests.Generate_GivenInterfaceWithGenerics_RaisesDiagnostics_CAqe1ChVnvYCZotMAPEU8aEcP2sCpDXwvcFUV45NfyI#ErrorAttribute.g.received.cs
      Verified: TelemetrySourceGeneratorMetricsTests.Generate_GivenInterfaceWithGenerics_RaisesDiagnostics_CAqe1ChVnvYCZotMAPEU8aEcP2sCpDXwvcFUV45NfyI#ErrorAttribute.g.verified.cs
    - Received: TelemetrySourceGeneratorMetricsTests.Generate_GivenInterfaceWithGenerics_RaisesDiagnostics_CAqe1ChVnvYCZotMAPEU8aEcP2sCpDXwvcFUV45NfyI#EscapeAttribute.g.received.cs
      Verified: TelemetrySourceGeneratorMetricsTests.Generate_GivenInterfaceWithGenerics_RaisesDiagnostics_CAqe1ChVnvYCZotMAPEU8aEcP2sCpDXwvcFUV45NfyI#EscapeAttribute.g.verified.cs
    - Received: TelemetrySourceGeneratorMetricsTests.Generate_GivenInterfaceWithGenerics_RaisesDiagnostics_CAqe1ChVnvYCZotMAPEU8aEcP2sCpDXwvcFUV45NfyI#EventAttribute.g.received.cs
      Verified: TelemetrySourceGeneratorMetricsTests.Generate_GivenInterfaceWithGenerics_RaisesDiagnostics_CAqe1ChVnvYCZotMAPEU8aEcP2sCpDXwvcFUV45NfyI#EventAttribute.g.verified.cs
    - Received: TelemetrySourceGeneratorMetricsTests.Generate_GivenInterfaceWithGenerics_RaisesDiagnostics_CAqe1ChVnvYCZotMAPEU8aEcP2sCpDXwvcFUV45NfyI#ExcludeAttribute.g.received.cs
      Verified: TelemetrySourceGeneratorMetricsTests.Generate_GivenInterfaceWithGenerics_RaisesDiagnostics_CAqe1ChVnvYCZotMAPEU8aEcP2sCpDXwvcFUV45NfyI#ExcludeAttribute.g.verified.cs
    - Received: TelemetrySourceGeneratorMetricsTests.Generate_GivenInterfaceWithGenerics_RaisesDiagnostics_CAqe1ChVnvYCZotMAPEU8aEcP2sCpDXwvcFUV45NfyI#ExcludeTargetsAttribute.g.received.cs
      Verified: TelemetrySourceGeneratorMetricsTests.Generate_GivenInterfaceWithGenerics_RaisesDiagnostics_CAqe1ChVnvYCZotMAPEU8aEcP2sCpDXwvcFUV45NfyI#ExcludeTargetsAttribute.g.verified.cs
    - Received: TelemetrySourceGeneratorMetricsTests.Generate_GivenInterfaceWithGenerics_RaisesDiagnostics_CAqe1ChVnvYCZotMAPEU8aEcP2sCpDXwvcFUV45NfyI#ExpandEnumerableAttribute.g.received.cs
      Verified: TelemetrySourceGeneratorMetricsTests.Generate_GivenInterfaceWithGenerics_RaisesDiagnostics_CAqe1ChVnvYCZotMAPEU8aEcP2sCpDXwvcFUV45NfyI#ExpandEnumerableAttribute.g.verified.cs
    - Received: TelemetrySourceGeneratorMetricsTests.Generate_GivenInterfaceWithGenerics_RaisesDiagnostics_CAqe1ChVnvYCZotMAPEU8aEcP2sCpDXwvcFUV45NfyI#HistogramAttribute.g.received.cs
      Verified: TelemetrySourceGeneratorMetricsTests.Generate_GivenInterfaceWithGenerics_RaisesDiagnostics_CAqe1ChVnvYCZotMAPEU8aEcP2sCpDXwvcFUV45NfyI#HistogramAttribute.g.verified.cs
    - Received: TelemetrySourceGeneratorMetricsTests.Generate_GivenInterfaceWithGenerics_RaisesDiagnostics_CAqe1ChVnvYCZotMAPEU8aEcP2sCpDXwvcFUV45NfyI#InfoAttribute.g.received.cs
      Verified: TelemetrySourceGeneratorMetricsTests.Generate_GivenInterfaceWithGenerics_RaisesDiagnostics_CAqe1ChVnvYCZotMAPEU8aEcP2sCpDXwvcFUV45NfyI#InfoAttribute.g.verified.cs
    - Received: TelemetrySourceGeneratorMetricsTests.Generate_GivenInterfaceWithGenerics_RaisesDiagnostics_CAqe1ChVnvYCZotMAPEU8aEcP2sCpDXwvcFUV45NfyI#InstrumentMeasurementAttribute.g.received.cs
      Verified: TelemetrySourceGeneratorMetricsTests.Generate_GivenInterfaceWithGenerics_RaisesDiagnostics_CAqe1ChVnvYCZotMAPEU8aEcP2sCpDXwvcFUV45NfyI#InstrumentMeasurementAttribute.g.verified.cs
    - Received: TelemetrySourceGeneratorMetricsTests.Generate_GivenInterfaceWithGenerics_RaisesDiagnostics_CAqe1ChVnvYCZotMAPEU8aEcP2sCpDXwvcFUV45NfyI#LogAttribute.g.received.cs
      Verified: TelemetrySourceGeneratorMetricsTests.Generate_GivenInterfaceWithGenerics_RaisesDiagnostics_CAqe1ChVnvYCZotMAPEU8aEcP2sCpDXwvcFUV45NfyI#LogAttribute.g.verified.cs
    - Received: TelemetrySourceGeneratorMetricsTests.Generate_GivenInterfaceWithGenerics_RaisesDiagnostics_CAqe1ChVnvYCZotMAPEU8aEcP2sCpDXwvcFUV45NfyI#LoggerAttribute.g.received.cs
      Verified: TelemetrySourceGeneratorMetricsTests.Generate_GivenInterfaceWithGenerics_RaisesDiagnostics_CAqe1ChVnvYCZotMAPEU8aEcP2sCpDXwvcFUV45NfyI#LoggerAttribute.g.verified.cs
    - Received: TelemetrySourceGeneratorMetricsTests.Generate_GivenInterfaceWithGenerics_RaisesDiagnostics_CAqe1ChVnvYCZotMAPEU8aEcP2sCpDXwvcFUV45NfyI#LoggerGenerationAttribute.g.received.cs
      Verified: TelemetrySourceGeneratorMetricsTests.Generate_GivenInterfaceWithGenerics_RaisesDiagnostics_CAqe1ChVnvYCZotMAPEU8aEcP2sCpDXwvcFUV45NfyI#LoggerGenerationAttribute.g.verified.cs
    - Received: TelemetrySourceGeneratorMetricsTests.Generate_GivenInterfaceWithGenerics_RaisesDiagnostics_CAqe1ChVnvYCZotMAPEU8aEcP2sCpDXwvcFUV45NfyI#LoggerGenerationMode.g.received.cs
      Verified: TelemetrySourceGeneratorMetricsTests.Generate_GivenInterfaceWithGenerics_RaisesDiagnostics_CAqe1ChVnvYCZotMAPEU8aEcP2sCpDXwvcFUV45NfyI#LoggerGenerationMode.g.verified.cs
    - Received: TelemetrySourceGeneratorMetricsTests.Generate_GivenInterfaceWithGenerics_RaisesDiagnostics_CAqe1ChVnvYCZotMAPEU8aEcP2sCpDXwvcFUV45NfyI#LogPrefixType.g.received.cs
      Verified: TelemetrySourceGeneratorMetricsTests.Generate_GivenInterfaceWithGenerics_RaisesDiagnostics_CAqe1ChVnvYCZotMAPEU8aEcP2sCpDXwvcFUV45NfyI#LogPrefixType.g.verified.cs
    - Received: TelemetrySourceGeneratorMetricsTests.Generate_GivenInterfaceWithGenerics_RaisesDiagnostics_CAqe1ChVnvYCZotMAPEU8aEcP2sCpDXwvcFUV45NfyI#MeterAttribute.g.received.cs
      Verified: TelemetrySourceGeneratorMetricsTests.Generate_GivenInterfaceWithGenerics_RaisesDiagnostics_CAqe1ChVnvYCZotMAPEU8aEcP2sCpDXwvcFUV45NfyI#MeterAttribute.g.verified.cs
    - Received: TelemetrySourceGeneratorMetricsTests.Generate_GivenInterfaceWithGenerics_RaisesDiagnostics_CAqe1ChVnvYCZotMAPEU8aEcP2sCpDXwvcFUV45NfyI#MeterGenerationAttribute.g.received.cs
      Verified: TelemetrySourceGeneratorMetricsTests.Generate_GivenInterfaceWithGenerics_RaisesDiagnostics_CAqe1ChVnvYCZotMAPEU8aEcP2sCpDXwvcFUV45NfyI#MeterGenerationAttribute.g.verified.cs
    - Received: TelemetrySourceGeneratorMetricsTests.Generate_GivenInterfaceWithGenerics_RaisesDiagnostics_CAqe1ChVnvYCZotMAPEU8aEcP2sCpDXwvcFUV45NfyI#MeterNameGenerationType.g.received.cs
      Verified: TelemetrySourceGeneratorMetricsTests.Generate_GivenInterfaceWithGenerics_RaisesDiagnostics_CAqe1ChVnvYCZotMAPEU8aEcP2sCpDXwvcFUV45NfyI#MeterNameGenerationType.g.verified.cs
    - Received: TelemetrySourceGeneratorMetricsTests.Generate_GivenInterfaceWithGenerics_RaisesDiagnostics_CAqe1ChVnvYCZotMAPEU8aEcP2sCpDXwvcFUV45NfyI#NamingConvention.g.received.cs
      Verified: TelemetrySourceGeneratorMetricsTests.Generate_GivenInterfaceWithGenerics_RaisesDiagnostics_CAqe1ChVnvYCZotMAPEU8aEcP2sCpDXwvcFUV45NfyI#NamingConvention.g.verified.cs
    - Received: TelemetrySourceGeneratorMetricsTests.Generate_GivenInterfaceWithGenerics_RaisesDiagnostics_CAqe1ChVnvYCZotMAPEU8aEcP2sCpDXwvcFUV45NfyI#ObservableCounterAttribute.g.received.cs
      Verified: TelemetrySourceGeneratorMetricsTests.Generate_GivenInterfaceWithGenerics_RaisesDiagnostics_CAqe1ChVnvYCZotMAPEU8aEcP2sCpDXwvcFUV45NfyI#ObservableCounterAttribute.g.verified.cs
    - Received: TelemetrySourceGeneratorMetricsTests.Generate_GivenInterfaceWithGenerics_RaisesDiagnostics_CAqe1ChVnvYCZotMAPEU8aEcP2sCpDXwvcFUV45NfyI#ObservableGaugeAttribute.g.received.cs
      Verified: TelemetrySourceGeneratorMetricsTests.Generate_GivenInterfaceWithGenerics_RaisesDiagnostics_CAqe1ChVnvYCZotMAPEU8aEcP2sCpDXwvcFUV45NfyI#ObservableGaugeAttribute.g.verified.cs
    - Received: TelemetrySourceGeneratorMetricsTests.Generate_GivenInterfaceWithGenerics_RaisesDiagnostics_CAqe1ChVnvYCZotMAPEU8aEcP2sCpDXwvcFUV45NfyI#ObservableUpDownCounterAttribute.g.received.cs
      Verified: TelemetrySourceGeneratorMetricsTests.Generate_GivenInterfaceWithGenerics_RaisesDiagnostics_CAqe1ChVnvYCZotMAPEU8aEcP2sCpDXwvcFUV45NfyI#ObservableUpDownCounterAttribute.g.verified.cs
    - Received: TelemetrySourceGeneratorMetricsTests.Generate_GivenInterfaceWithGenerics_RaisesDiagnostics_CAqe1ChVnvYCZotMAPEU8aEcP2sCpDXwvcFUV45NfyI#StatusDescriptionAttribute.g.received.cs
      Verified: TelemetrySourceGeneratorMetricsTests.Generate_GivenInterfaceWithGenerics_RaisesDiagnostics_CAqe1ChVnvYCZotMAPEU8aEcP2sCpDXwvcFUV45NfyI#StatusDescriptionAttribute.g.verified.cs
    - Received: TelemetrySourceGeneratorMetricsTests.Generate_GivenInterfaceWithGenerics_RaisesDiagnostics_CAqe1ChVnvYCZotMAPEU8aEcP2sCpDXwvcFUV45NfyI#TagAttribute.g.received.cs
      Verified: TelemetrySourceGeneratorMetricsTests.Generate_GivenInterfaceWithGenerics_RaisesDiagnostics_CAqe1ChVnvYCZotMAPEU8aEcP2sCpDXwvcFUV45NfyI#TagAttribute.g.verified.cs
    - Received: TelemetrySourceGeneratorMetricsTests.Generate_GivenInterfaceWithGenerics_RaisesDiagnostics_CAqe1ChVnvYCZotMAPEU8aEcP2sCpDXwvcFUV45NfyI#Targets.g.received.cs
      Verified: TelemetrySourceGeneratorMetricsTests.Generate_GivenInterfaceWithGenerics_RaisesDiagnostics_CAqe1ChVnvYCZotMAPEU8aEcP2sCpDXwvcFUV45NfyI#Targets.g.verified.cs
    - Received: TelemetrySourceGeneratorMetricsTests.Generate_GivenInterfaceWithGenerics_RaisesDiagnostics_CAqe1ChVnvYCZotMAPEU8aEcP2sCpDXwvcFUV45NfyI#TelemetryGenerationAttribute.g.received.cs
      Verified: TelemetrySourceGeneratorMetricsTests.Generate_GivenInterfaceWithGenerics_RaisesDiagnostics_CAqe1ChVnvYCZotMAPEU8aEcP2sCpDXwvcFUV45NfyI#TelemetryGenerationAttribute.g.verified.cs
    - Received: TelemetrySourceGeneratorMetricsTests.Generate_GivenInterfaceWithGenerics_RaisesDiagnostics_CAqe1ChVnvYCZotMAPEU8aEcP2sCpDXwvcFUV45NfyI#TraceAttribute.g.received.cs
      Verified: TelemetrySourceGeneratorMetricsTests.Generate_GivenInterfaceWithGenerics_RaisesDiagnostics_CAqe1ChVnvYCZotMAPEU8aEcP2sCpDXwvcFUV45NfyI#TraceAttribute.g.verified.cs
    - Received: TelemetrySourceGeneratorMetricsTests.Generate_GivenInterfaceWithGenerics_RaisesDiagnostics_CAqe1ChVnvYCZotMAPEU8aEcP2sCpDXwvcFUV45NfyI#UpDownCounterAttribute.g.received.cs
      Verified: TelemetrySourceGeneratorMetricsTests.Generate_GivenInterfaceWithGenerics_RaisesDiagnostics_CAqe1ChVnvYCZotMAPEU8aEcP2sCpDXwvcFUV45NfyI#UpDownCounterAttribute.g.verified.cs
    - Received: TelemetrySourceGeneratorMetricsTests.Generate_GivenInterfaceWithGenerics_RaisesDiagnostics_CAqe1ChVnvYCZotMAPEU8aEcP2sCpDXwvcFUV45NfyI#WarningAttribute.g.received.cs
      Verified: TelemetrySourceGeneratorMetricsTests.Generate_GivenInterfaceWithGenerics_RaisesDiagnostics_CAqe1ChVnvYCZotMAPEU8aEcP2sCpDXwvcFUV45NfyI#WarningAttribute.g.verified.cs
  
  Standard output
    DBG: --- Adding templates.
    DBG: Adding ActivitySourceGenerationAttribute as ActivitySourceGenerationAttribute.g.cs.
    DBG: Adding ActivitySourceAttribute as ActivitySourceAttribute.g.cs.
    DBG: Adding ActivityAttribute as ActivityAttribute.g.cs.
    DBG: Adding EventAttribute as EventAttribute.g.cs.
    DBG: Adding ContextAttribute as ContextAttribute.g.cs.
    DBG: Adding BaggageAttribute as BaggageAttribute.g.cs.
    DBG: Adding EscapeAttribute as EscapeAttribute.g.cs.
    DBG: Adding StatusDescriptionAttribute as StatusDescriptionAttribute.g.cs.
    DBG: Adding LoggerGenerationAttribute as LoggerGenerationAttribute.g.cs.
    DBG: Adding LoggerAttribute as LoggerAttribute.g.cs.
    DBG: Adding LogAttribute as LogAttribute.g.cs.
    DBG: Adding LogPrefixType as LogPrefixType.g.cs.
    DBG: Adding LoggerGenerationMode as LoggerGenerationMode.g.cs.
    DBG: Adding ExpandEnumerableAttribute as ExpandEnumerableAttribute.g.cs.
    DBG: Adding TraceAttribute as TraceAttribute.g.cs.
    DBG: Adding DebugAttribute as DebugAttribute.g.cs.
    DBG: Adding InfoAttribute as InfoAttribute.g.cs.
    DBG: Adding WarningAttribute as WarningAttribute.g.cs.
    DBG: Adding ErrorAttribute as ErrorAttribute.g.cs.
    DBG: Adding CriticalAttribute as CriticalAttribute.g.cs.
    DBG: Adding MeterGenerationAttribute as MeterGenerationAttribute.g.cs.
    DBG: Adding MeterAttribute as MeterAttribute.g.cs.
    DBG: Adding MeterNameGenerationType as MeterNameGenerationType.g.cs.
    DBG: Adding InstrumentMeasurementAttribute as InstrumentMeasurementAttribute.g.cs.
    DBG: Adding AutoCounterAttribute as AutoCounterAttribute.g.cs.
    DBG: Adding CounterAttribute as CounterAttribute.g.cs.
    DBG: Adding UpDownCounterAttribute as UpDownCounterAttribute.g.cs.
    DBG: Adding HistogramAttribute as HistogramAttribute.g.cs.
    DBG: Adding ObservableCounterAttribute as ObservableCounterAttribute.g.cs.
    DBG: Adding ObservableGaugeAttribute as ObservableGaugeAttribute.g.cs.
    DBG: Adding ObservableUpDownCounterAttribute as ObservableUpDownCounterAttribute.g.cs.
    DBG: Adding TagAttribute as TagAttribute.g.cs.
    DBG: Adding ExcludeAttribute as ExcludeAttribute.g.cs.
    DBG: Adding TelemetryGenerationAttribute as TelemetryGenerationAttribute.g.cs.
    DBG: Adding Targets as Targets.g.cs.
    DBG: Adding NamingConvention as NamingConvention.g.cs.
    DBG: Adding ExcludeTargetsAttribute as ExcludeTargetsAttribute.g.cs.
    DBG: --- Finished adding templates.
    DIA: Cannot generate a Meter target for a generic interface '[Meter("testing-meter")] public interface ITestMetrics<T0> { [AutoCounter] void AutoCounter(); }'.
    DIA: Cannot generate a Meter target for a generic interface '[Meter("testing-meter")] public interface ITestMetrics<T0> { [AutoCounter] void AutoCounter(); }'.
    
  Error output
failed Generate_GivenBasicAutoCounterWithSpecifiedInstrumentMeasurement_GeneratesDiagnostic (6s 608ms)
  [Test Failure] VerifyException: Directory: P:\GitHub\kjldev\purview-telemetry-sourcegenerator\src\Purview.Telemetry.SourceGenerator.IntegrationTests\Snapshots
Delete:
  - TelemetrySourceGeneratorMetricsTests.Generate_GivenBasicAutoCounterWithSpecifiedInstrumentMeasurement_GeneratesDiagnostic.verified.txt
Equal:
  - Received: TelemetrySourceGeneratorMetricsTests.Generate_GivenBasicAutoCounterWithSpecifiedInstrumentMeasurement_GeneratesDiagnostic#ActivityAttribute.g.received.cs
    Verified: TelemetrySourceGeneratorMetricsTests.Generate_GivenBasicAutoCounterWithSpecifiedInstrumentMeasurement_GeneratesDiagnostic#ActivityAttribute.g.verified.cs
  - Received: TelemetrySourceGeneratorMetricsTests.Generate_GivenBasicAutoCounterWithSpecifiedInstrumentMeasurement_GeneratesDiagnostic#ActivitySourceAttribute.g.received.cs
    Verified: TelemetrySourceGeneratorMetricsTests.Generate_GivenBasicAutoCounterWithSpecifiedInstrumentMeasurement_GeneratesDiagnostic#ActivitySourceAttribute.g.verified.cs
  - Received: TelemetrySourceGeneratorMetricsTests.Generate_GivenBasicAutoCounterWithSpecifiedInstrumentMeasurement_GeneratesDiagnostic#ActivitySourceGenerationAttribute.g.received.cs
    Verified: TelemetrySourceGeneratorMetricsTests.Generate_GivenBasicAutoCounterWithSpecifiedInstrumentMeasurement_GeneratesDiagnostic#ActivitySourceGenerationAttribute.g.verified.cs
  - Received: TelemetrySourceGeneratorMetricsTests.Generate_GivenBasicAutoCounterWithSpecifiedInstrumentMeasurement_GeneratesDiagnostic#AutoCounterAttribute.g.received.cs
    Verified: TelemetrySourceGeneratorMetricsTests.Generate_GivenBasicAutoCounterWithSpecifiedInstrumentMeasurement_GeneratesDiagnostic#AutoCounterAttribute.g.verified.cs
  - Received: TelemetrySourceGeneratorMetricsTests.Generate_GivenBasicAutoCounterWithSpecifiedInstrumentMeasurement_GeneratesDiagnostic#BaggageAttribute.g.received.cs
    Verified: TelemetrySourceGeneratorMetricsTests.Generate_GivenBasicAutoCounterWithSpecifiedInstrumentMeasurement_GeneratesDiagnostic#BaggageAttribute.g.verified.cs
  - Received: TelemetrySourceGeneratorMetricsTests.Generate_GivenBasicAutoCounterWithSpecifiedInstrumentMeasurement_GeneratesDiagnostic#ContextAttribute.g.received.cs
    Verified: TelemetrySourceGeneratorMetricsTests.Generate_GivenBasicAutoCounterWithSpecifiedInstrumentMeasurement_GeneratesDiagnostic#ContextAttribute.g.verified.cs
  - Received: TelemetrySourceGeneratorMetricsTests.Generate_GivenBasicAutoCounterWithSpecifiedInstrumentMeasurement_GeneratesDiagnostic#CounterAttribute.g.received.cs
    Verified: TelemetrySourceGeneratorMetricsTests.Generate_GivenBasicAutoCounterWithSpecifiedInstrumentMeasurement_GeneratesDiagnostic#CounterAttribute.g.verified.cs
  - Received: TelemetrySourceGeneratorMetricsTests.Generate_GivenBasicAutoCounterWithSpecifiedInstrumentMeasurement_GeneratesDiagnostic#CriticalAttribute.g.received.cs
    Verified: TelemetrySourceGeneratorMetricsTests.Generate_GivenBasicAutoCounterWithSpecifiedInstrumentMeasurement_GeneratesDiagnostic#CriticalAttribute.g.verified.cs
  - Received: TelemetrySourceGeneratorMetricsTests.Generate_GivenBasicAutoCounterWithSpecifiedInstrumentMeasurement_GeneratesDiagnostic#DebugAttribute.g.received.cs
    Verified: TelemetrySourceGeneratorMetricsTests.Generate_GivenBasicAutoCounterWithSpecifiedInstrumentMeasurement_GeneratesDiagnostic#DebugAttribute.g.verified.cs
  - Received: TelemetrySourceGeneratorMetricsTests.Generate_GivenBasicAutoCounterWithSpecifiedInstrumentMeasurement_GeneratesDiagnostic#ErrorAttribute.g.received.cs
    Verified: TelemetrySourceGeneratorMetricsTests.Generate_GivenBasicAutoCounterWithSpecifiedInstrumentMeasurement_GeneratesDiagnostic#ErrorAttribute.g.verified.cs
  - Received: TelemetrySourceGeneratorMetricsTests.Generate_GivenBasicAutoCounterWithSpecifiedInstrumentMeasurement_GeneratesDiagnostic#EscapeAttribute.g.received.cs
    Verified: TelemetrySourceGeneratorMetricsTests.Generate_GivenBasicAutoCounterWithSpecifiedInstrumentMeasurement_GeneratesDiagnostic#EscapeAttribute.g.verified.cs
  - Received: TelemetrySourceGeneratorMetricsTests.Generate_GivenBasicAutoCounterWithSpecifiedInstrumentMeasurement_GeneratesDiagnostic#EventAttribute.g.received.cs
    Verified: TelemetrySourceGeneratorMetricsTests.Generate_GivenBasicAutoCounterWithSpecifiedInstrumentMeasurement_GeneratesDiagnostic#EventAttribute.g.verified.cs
  - Received: TelemetrySourceGeneratorMetricsTests.Generate_GivenBasicAutoCounterWithSpecifiedInstrumentMeasurement_GeneratesDiagnostic#ExcludeAttribute.g.received.cs
    Verified: TelemetrySourceGeneratorMetricsTests.Generate_GivenBasicAutoCounterWithSpecifiedInstrumentMeasurement_GeneratesDiagnostic#ExcludeAttribute.g.verified.cs
  - Received: TelemetrySourceGeneratorMetricsTests.Generate_GivenBasicAutoCounterWithSpecifiedInstrumentMeasurement_GeneratesDiagnostic#ExcludeTargetsAttribute.g.received.cs
    Verified: TelemetrySourceGeneratorMetricsTests.Generate_GivenBasicAutoCounterWithSpecifiedInstrumentMeasurement_GeneratesDiagnostic#ExcludeTargetsAttribute.g.verified.cs
  - Received: TelemetrySourceGeneratorMetricsTests.Generate_GivenBasicAutoCounterWithSpecifiedInstrumentMeasurement_GeneratesDiagnostic#ExpandEnumerableAttribute.g.received.cs
    Verified: TelemetrySourceGeneratorMetricsTests.Generate_GivenBasicAutoCounterWithSpecifiedInstrumentMeasurement_GeneratesDiagnostic#ExpandEnumerableAttribute.g.verified.cs
  - Received: TelemetrySourceGeneratorMetricsTests.Generate_GivenBasicAutoCounterWithSpecifiedInstrumentMeasurement_GeneratesDiagnostic#HistogramAttribute.g.received.cs
    Verified: TelemetrySourceGeneratorMetricsTests.Generate_GivenBasicAutoCounterWithSpecifiedInstrumentMeasurement_GeneratesDiagnostic#HistogramAttribute.g.verified.cs
  - Received: TelemetrySourceGeneratorMetricsTests.Generate_GivenBasicAutoCounterWithSpecifiedInstrumentMeasurement_GeneratesDiagnostic#InfoAttribute.g.received.cs
    Verified: TelemetrySourceGeneratorMetricsTests.Generate_GivenBasicAutoCounterWithSpecifiedInstrumentMeasurement_GeneratesDiagnostic#InfoAttribute.g.verified.cs
  - Received: TelemetrySourceGeneratorMetricsTests.Generate_GivenBasicAutoCounterWithSpecifiedInstrumentMeasurement_GeneratesDiagnostic#InstrumentMeasurementAttribute.g.received.cs
    Verified: TelemetrySourceGeneratorMetricsTests.Generate_GivenBasicAutoCounterWithSpecifiedInstrumentMeasurement_GeneratesDiagnostic#InstrumentMeasurementAttribute.g.verified.cs
  - Received: TelemetrySourceGeneratorMetricsTests.Generate_GivenBasicAutoCounterWithSpecifiedInstrumentMeasurement_GeneratesDiagnostic#LogAttribute.g.received.cs
    Verified: TelemetrySourceGeneratorMetricsTests.Generate_GivenBasicAutoCounterWithSpecifiedInstrumentMeasurement_GeneratesDiagnostic#LogAttribute.g.verified.cs
  - Received: TelemetrySourceGeneratorMetricsTests.Generate_GivenBasicAutoCounterWithSpecifiedInstrumentMeasurement_GeneratesDiagnostic#LoggerAttribute.g.received.cs
    Verified: TelemetrySourceGeneratorMetricsTests.Generate_GivenBasicAutoCounterWithSpecifiedInstrumentMeasurement_GeneratesDiagnostic#LoggerAttribute.g.verified.cs
  - Received: TelemetrySourceGeneratorMetricsTests.Generate_GivenBasicAutoCounterWithSpecifiedInstrumentMeasurement_GeneratesDiagnostic#LoggerGenerationAttribute.g.received.cs
    Verified: TelemetrySourceGeneratorMetricsTests.Generate_GivenBasicAutoCounterWithSpecifiedInstrumentMeasurement_GeneratesDiagnostic#LoggerGenerationAttribute.g.verified.cs
  - Received: TelemetrySourceGeneratorMetricsTests.Generate_GivenBasicAutoCounterWithSpecifiedInstrumentMeasurement_GeneratesDiagnostic#LoggerGenerationMode.g.received.cs
    Verified: TelemetrySourceGeneratorMetricsTests.Generate_GivenBasicAutoCounterWithSpecifiedInstrumentMeasurement_GeneratesDiagnostic#LoggerGenerationMode.g.verified.cs
  - Received: TelemetrySourceGeneratorMetricsTests.Generate_GivenBasicAutoCounterWithSpecifiedInstrumentMeasurement_GeneratesDiagnostic#LogPrefixType.g.received.cs
    Verified: TelemetrySourceGeneratorMetricsTests.Generate_GivenBasicAutoCounterWithSpecifiedInstrumentMeasurement_GeneratesDiagnostic#LogPrefixType.g.verified.cs
  - Received: TelemetrySourceGeneratorMetricsTests.Generate_GivenBasicAutoCounterWithSpecifiedInstrumentMeasurement_GeneratesDiagnostic#MeterAttribute.g.received.cs
    Verified: TelemetrySourceGeneratorMetricsTests.Generate_GivenBasicAutoCounterWithSpecifiedInstrumentMeasurement_GeneratesDiagnostic#MeterAttribute.g.verified.cs
  - Received: TelemetrySourceGeneratorMetricsTests.Generate_GivenBasicAutoCounterWithSpecifiedInstrumentMeasurement_GeneratesDiagnostic#MeterGenerationAttribute.g.received.cs
    Verified: TelemetrySourceGeneratorMetricsTests.Generate_GivenBasicAutoCounterWithSpecifiedInstrumentMeasurement_GeneratesDiagnostic#MeterGenerationAttribute.g.verified.cs
  - Received: TelemetrySourceGeneratorMetricsTests.Generate_GivenBasicAutoCounterWithSpecifiedInstrumentMeasurement_GeneratesDiagnostic#MeterNameGenerationType.g.received.cs
    Verified: TelemetrySourceGeneratorMetricsTests.Generate_GivenBasicAutoCounterWithSpecifiedInstrumentMeasurement_GeneratesDiagnostic#MeterNameGenerationType.g.verified.cs
  - Received: TelemetrySourceGeneratorMetricsTests.Generate_GivenBasicAutoCounterWithSpecifiedInstrumentMeasurement_GeneratesDiagnostic#NamingConvention.g.received.cs
    Verified: TelemetrySourceGeneratorMetricsTests.Generate_GivenBasicAutoCounterWithSpecifiedInstrumentMeasurement_GeneratesDiagnostic#NamingConvention.g.verified.cs
  - Received: TelemetrySourceGeneratorMetricsTests.Generate_GivenBasicAutoCounterWithSpecifiedInstrumentMeasurement_GeneratesDiagnostic#ObservableCounterAttribute.g.received.cs
    Verified: TelemetrySourceGeneratorMetricsTests.Generate_GivenBasicAutoCounterWithSpecifiedInstrumentMeasurement_GeneratesDiagnostic#ObservableCounterAttribute.g.verified.cs
  - Received: TelemetrySourceGeneratorMetricsTests.Generate_GivenBasicAutoCounterWithSpecifiedInstrumentMeasurement_GeneratesDiagnostic#ObservableGaugeAttribute.g.received.cs
    Verified: TelemetrySourceGeneratorMetricsTests.Generate_GivenBasicAutoCounterWithSpecifiedInstrumentMeasurement_GeneratesDiagnostic#ObservableGaugeAttribute.g.verified.cs
  - Received: TelemetrySourceGeneratorMetricsTests.Generate_GivenBasicAutoCounterWithSpecifiedInstrumentMeasurement_GeneratesDiagnostic#ObservableUpDownCounterAttribute.g.received.cs
    Verified: TelemetrySourceGeneratorMetricsTests.Generate_GivenBasicAutoCounterWithSpecifiedInstrumentMeasurement_GeneratesDiagnostic#ObservableUpDownCounterAttribute.g.verified.cs
  - Received: TelemetrySourceGeneratorMetricsTests.Generate_GivenBasicAutoCounterWithSpecifiedInstrumentMeasurement_GeneratesDiagnostic#Purview.Telemetry.SourceGenerator.TelemetryNames.g.received.cs
    Verified: TelemetrySourceGeneratorMetricsTests.Generate_GivenBasicAutoCounterWithSpecifiedInstrumentMeasurement_GeneratesDiagnostic#Purview.Telemetry.SourceGenerator.TelemetryNames.g.verified.cs
  - Received: TelemetrySourceGeneratorMetricsTests.Generate_GivenBasicAutoCounterWithSpecifiedInstrumentMeasurement_GeneratesDiagnostic#StatusDescriptionAttribute.g.received.cs
    Verified: TelemetrySourceGeneratorMetricsTests.Generate_GivenBasicAutoCounterWithSpecifiedInstrumentMeasurement_GeneratesDiagnostic#StatusDescriptionAttribute.g.verified.cs
  - Received: TelemetrySourceGeneratorMetricsTests.Generate_GivenBasicAutoCounterWithSpecifiedInstrumentMeasurement_GeneratesDiagnostic#TagAttribute.g.received.cs
    Verified: TelemetrySourceGeneratorMetricsTests.Generate_GivenBasicAutoCounterWithSpecifiedInstrumentMeasurement_GeneratesDiagnostic#TagAttribute.g.verified.cs
  - Received: TelemetrySourceGeneratorMetricsTests.Generate_GivenBasicAutoCounterWithSpecifiedInstrumentMeasurement_GeneratesDiagnostic#Targets.g.received.cs
    Verified: TelemetrySourceGeneratorMetricsTests.Generate_GivenBasicAutoCounterWithSpecifiedInstrumentMeasurement_GeneratesDiagnostic#Targets.g.verified.cs
  - Received: TelemetrySourceGeneratorMetricsTests.Generate_GivenBasicAutoCounterWithSpecifiedInstrumentMeasurement_GeneratesDiagnostic#TelemetryGenerationAttribute.g.received.cs
    Verified: TelemetrySourceGeneratorMetricsTests.Generate_GivenBasicAutoCounterWithSpecifiedInstrumentMeasurement_GeneratesDiagnostic#TelemetryGenerationAttribute.g.verified.cs
  - Received: TelemetrySourceGeneratorMetricsTests.Generate_GivenBasicAutoCounterWithSpecifiedInstrumentMeasurement_GeneratesDiagnostic#Testing.TestMetricsCore.Metric.g.received.cs
    Verified: TelemetrySourceGeneratorMetricsTests.Generate_GivenBasicAutoCounterWithSpecifiedInstrumentMeasurement_GeneratesDiagnostic#Testing.TestMetricsCore.Metric.g.verified.cs
  - Received: TelemetrySourceGeneratorMetricsTests.Generate_GivenBasicAutoCounterWithSpecifiedInstrumentMeasurement_GeneratesDiagnostic#TraceAttribute.g.received.cs
    Verified: TelemetrySourceGeneratorMetricsTests.Generate_GivenBasicAutoCounterWithSpecifiedInstrumentMeasurement_GeneratesDiagnostic#TraceAttribute.g.verified.cs
  - Received: TelemetrySourceGeneratorMetricsTests.Generate_GivenBasicAutoCounterWithSpecifiedInstrumentMeasurement_GeneratesDiagnostic#UpDownCounterAttribute.g.received.cs
    Verified: TelemetrySourceGeneratorMetricsTests.Generate_GivenBasicAutoCounterWithSpecifiedInstrumentMeasurement_GeneratesDiagnostic#UpDownCounterAttribute.g.verified.cs
  - Received: TelemetrySourceGeneratorMetricsTests.Generate_GivenBasicAutoCounterWithSpecifiedInstrumentMeasurement_GeneratesDiagnostic#WarningAttribute.g.received.cs
    Verified: TelemetrySourceGeneratorMetricsTests.Generate_GivenBasicAutoCounterWithSpecifiedInstrumentMeasurement_GeneratesDiagnostic#WarningAttribute.g.verified.cs

  from P:\GitHub\kjldev\purview-telemetry-sourcegenerator\src\Purview.Telemetry.SourceGenerator.IntegrationTests\bin\Release\net10.0\Purview.Telemetry.SourceGenerator.IntegrationTests.dll (net10.0|x64)
  TUnit.Engine.Exceptions.TestFailedException: [Test Failure] VerifyException: Directory: P:\GitHub\kjldev\purview-telemetry-sourcegenerator\src\Purview.Telemetry.SourceGenerator.IntegrationTests\Snapshots
  Delete:
    - TelemetrySourceGeneratorMetricsTests.Generate_GivenBasicAutoCounterWithSpecifiedInstrumentMeasurement_GeneratesDiagnostic.verified.txt
  Equal:
    - Received: TelemetrySourceGeneratorMetricsTests.Generate_GivenBasicAutoCounterWithSpecifiedInstrumentMeasurement_GeneratesDiagnostic#ActivityAttribute.g.received.cs
      Verified: TelemetrySourceGeneratorMetricsTests.Generate_GivenBasicAutoCounterWithSpecifiedInstrumentMeasurement_GeneratesDiagnostic#ActivityAttribute.g.verified.cs
    - Received: TelemetrySourceGeneratorMetricsTests.Generate_GivenBasicAutoCounterWithSpecifiedInstrumentMeasurement_GeneratesDiagnostic#ActivitySourceAttribute.g.received.cs
      Verified: TelemetrySourceGeneratorMetricsTests.Generate_GivenBasicAutoCounterWithSpecifiedInstrumentMeasurement_GeneratesDiagnostic#ActivitySourceAttribute.g.verified.cs
    - Received: TelemetrySourceGeneratorMetricsTests.Generate_GivenBasicAutoCounterWithSpecifiedInstrumentMeasurement_GeneratesDiagnostic#ActivitySourceGenerationAttribute.g.received.cs
      Verified: TelemetrySourceGeneratorMetricsTests.Generate_GivenBasicAutoCounterWithSpecifiedInstrumentMeasurement_GeneratesDiagnostic#ActivitySourceGenerationAttribute.g.verified.cs
    - Received: TelemetrySourceGeneratorMetricsTests.Generate_GivenBasicAutoCounterWithSpecifiedInstrumentMeasurement_GeneratesDiagnostic#AutoCounterAttribute.g.received.cs
      Verified: TelemetrySourceGeneratorMetricsTests.Generate_GivenBasicAutoCounterWithSpecifiedInstrumentMeasurement_GeneratesDiagnostic#AutoCounterAttribute.g.verified.cs
    - Received: TelemetrySourceGeneratorMetricsTests.Generate_GivenBasicAutoCounterWithSpecifiedInstrumentMeasurement_GeneratesDiagnostic#BaggageAttribute.g.received.cs
      Verified: TelemetrySourceGeneratorMetricsTests.Generate_GivenBasicAutoCounterWithSpecifiedInstrumentMeasurement_GeneratesDiagnostic#BaggageAttribute.g.verified.cs
    - Received: TelemetrySourceGeneratorMetricsTests.Generate_GivenBasicAutoCounterWithSpecifiedInstrumentMeasurement_GeneratesDiagnostic#ContextAttribute.g.received.cs
      Verified: TelemetrySourceGeneratorMetricsTests.Generate_GivenBasicAutoCounterWithSpecifiedInstrumentMeasurement_GeneratesDiagnostic#ContextAttribute.g.verified.cs
    - Received: TelemetrySourceGeneratorMetricsTests.Generate_GivenBasicAutoCounterWithSpecifiedInstrumentMeasurement_GeneratesDiagnostic#CounterAttribute.g.received.cs
      Verified: TelemetrySourceGeneratorMetricsTests.Generate_GivenBasicAutoCounterWithSpecifiedInstrumentMeasurement_GeneratesDiagnostic#CounterAttribute.g.verified.cs
    - Received: TelemetrySourceGeneratorMetricsTests.Generate_GivenBasicAutoCounterWithSpecifiedInstrumentMeasurement_GeneratesDiagnostic#CriticalAttribute.g.received.cs
      Verified: TelemetrySourceGeneratorMetricsTests.Generate_GivenBasicAutoCounterWithSpecifiedInstrumentMeasurement_GeneratesDiagnostic#CriticalAttribute.g.verified.cs
    - Received: TelemetrySourceGeneratorMetricsTests.Generate_GivenBasicAutoCounterWithSpecifiedInstrumentMeasurement_GeneratesDiagnostic#DebugAttribute.g.received.cs
      Verified: TelemetrySourceGeneratorMetricsTests.Generate_GivenBasicAutoCounterWithSpecifiedInstrumentMeasurement_GeneratesDiagnostic#DebugAttribute.g.verified.cs
    - Received: TelemetrySourceGeneratorMetricsTests.Generate_GivenBasicAutoCounterWithSpecifiedInstrumentMeasurement_GeneratesDiagnostic#ErrorAttribute.g.received.cs
      Verified: TelemetrySourceGeneratorMetricsTests.Generate_GivenBasicAutoCounterWithSpecifiedInstrumentMeasurement_GeneratesDiagnostic#ErrorAttribute.g.verified.cs
    - Received: TelemetrySourceGeneratorMetricsTests.Generate_GivenBasicAutoCounterWithSpecifiedInstrumentMeasurement_GeneratesDiagnostic#EscapeAttribute.g.received.cs
      Verified: TelemetrySourceGeneratorMetricsTests.Generate_GivenBasicAutoCounterWithSpecifiedInstrumentMeasurement_GeneratesDiagnostic#EscapeAttribute.g.verified.cs
    - Received: TelemetrySourceGeneratorMetricsTests.Generate_GivenBasicAutoCounterWithSpecifiedInstrumentMeasurement_GeneratesDiagnostic#EventAttribute.g.received.cs
      Verified: TelemetrySourceGeneratorMetricsTests.Generate_GivenBasicAutoCounterWithSpecifiedInstrumentMeasurement_GeneratesDiagnostic#EventAttribute.g.verified.cs
    - Received: TelemetrySourceGeneratorMetricsTests.Generate_GivenBasicAutoCounterWithSpecifiedInstrumentMeasurement_GeneratesDiagnostic#ExcludeAttribute.g.received.cs
      Verified: TelemetrySourceGeneratorMetricsTests.Generate_GivenBasicAutoCounterWithSpecifiedInstrumentMeasurement_GeneratesDiagnostic#ExcludeAttribute.g.verified.cs
    - Received: TelemetrySourceGeneratorMetricsTests.Generate_GivenBasicAutoCounterWithSpecifiedInstrumentMeasurement_GeneratesDiagnostic#ExcludeTargetsAttribute.g.received.cs
      Verified: TelemetrySourceGeneratorMetricsTests.Generate_GivenBasicAutoCounterWithSpecifiedInstrumentMeasurement_GeneratesDiagnostic#ExcludeTargetsAttribute.g.verified.cs
    - Received: TelemetrySourceGeneratorMetricsTests.Generate_GivenBasicAutoCounterWithSpecifiedInstrumentMeasurement_GeneratesDiagnostic#ExpandEnumerableAttribute.g.received.cs
      Verified: TelemetrySourceGeneratorMetricsTests.Generate_GivenBasicAutoCounterWithSpecifiedInstrumentMeasurement_GeneratesDiagnostic#ExpandEnumerableAttribute.g.verified.cs
    - Received: TelemetrySourceGeneratorMetricsTests.Generate_GivenBasicAutoCounterWithSpecifiedInstrumentMeasurement_GeneratesDiagnostic#HistogramAttribute.g.received.cs
      Verified: TelemetrySourceGeneratorMetricsTests.Generate_GivenBasicAutoCounterWithSpecifiedInstrumentMeasurement_GeneratesDiagnostic#HistogramAttribute.g.verified.cs
    - Received: TelemetrySourceGeneratorMetricsTests.Generate_GivenBasicAutoCounterWithSpecifiedInstrumentMeasurement_GeneratesDiagnostic#InfoAttribute.g.received.cs
      Verified: TelemetrySourceGeneratorMetricsTests.Generate_GivenBasicAutoCounterWithSpecifiedInstrumentMeasurement_GeneratesDiagnostic#InfoAttribute.g.verified.cs
    - Received: TelemetrySourceGeneratorMetricsTests.Generate_GivenBasicAutoCounterWithSpecifiedInstrumentMeasurement_GeneratesDiagnostic#InstrumentMeasurementAttribute.g.received.cs
      Verified: TelemetrySourceGeneratorMetricsTests.Generate_GivenBasicAutoCounterWithSpecifiedInstrumentMeasurement_GeneratesDiagnostic#InstrumentMeasurementAttribute.g.verified.cs
    - Received: TelemetrySourceGeneratorMetricsTests.Generate_GivenBasicAutoCounterWithSpecifiedInstrumentMeasurement_GeneratesDiagnostic#LogAttribute.g.received.cs
      Verified: TelemetrySourceGeneratorMetricsTests.Generate_GivenBasicAutoCounterWithSpecifiedInstrumentMeasurement_GeneratesDiagnostic#LogAttribute.g.verified.cs
    - Received: TelemetrySourceGeneratorMetricsTests.Generate_GivenBasicAutoCounterWithSpecifiedInstrumentMeasurement_GeneratesDiagnostic#LoggerAttribute.g.received.cs
      Verified: TelemetrySourceGeneratorMetricsTests.Generate_GivenBasicAutoCounterWithSpecifiedInstrumentMeasurement_GeneratesDiagnostic#LoggerAttribute.g.verified.cs
    - Received: TelemetrySourceGeneratorMetricsTests.Generate_GivenBasicAutoCounterWithSpecifiedInstrumentMeasurement_GeneratesDiagnostic#LoggerGenerationAttribute.g.received.cs
      Verified: TelemetrySourceGeneratorMetricsTests.Generate_GivenBasicAutoCounterWithSpecifiedInstrumentMeasurement_GeneratesDiagnostic#LoggerGenerationAttribute.g.verified.cs
    - Received: TelemetrySourceGeneratorMetricsTests.Generate_GivenBasicAutoCounterWithSpecifiedInstrumentMeasurement_GeneratesDiagnostic#LoggerGenerationMode.g.received.cs
      Verified: TelemetrySourceGeneratorMetricsTests.Generate_GivenBasicAutoCounterWithSpecifiedInstrumentMeasurement_GeneratesDiagnostic#LoggerGenerationMode.g.verified.cs
    - Received: TelemetrySourceGeneratorMetricsTests.Generate_GivenBasicAutoCounterWithSpecifiedInstrumentMeasurement_GeneratesDiagnostic#LogPrefixType.g.received.cs
      Verified: TelemetrySourceGeneratorMetricsTests.Generate_GivenBasicAutoCounterWithSpecifiedInstrumentMeasurement_GeneratesDiagnostic#LogPrefixType.g.verified.cs
    - Received: TelemetrySourceGeneratorMetricsTests.Generate_GivenBasicAutoCounterWithSpecifiedInstrumentMeasurement_GeneratesDiagnostic#MeterAttribute.g.received.cs
      Verified: TelemetrySourceGeneratorMetricsTests.Generate_GivenBasicAutoCounterWithSpecifiedInstrumentMeasurement_GeneratesDiagnostic#MeterAttribute.g.verified.cs
    - Received: TelemetrySourceGeneratorMetricsTests.Generate_GivenBasicAutoCounterWithSpecifiedInstrumentMeasurement_GeneratesDiagnostic#MeterGenerationAttribute.g.received.cs
      Verified: TelemetrySourceGeneratorMetricsTests.Generate_GivenBasicAutoCounterWithSpecifiedInstrumentMeasurement_GeneratesDiagnostic#MeterGenerationAttribute.g.verified.cs
    - Received: TelemetrySourceGeneratorMetricsTests.Generate_GivenBasicAutoCounterWithSpecifiedInstrumentMeasurement_GeneratesDiagnostic#MeterNameGenerationType.g.received.cs
      Verified: TelemetrySourceGeneratorMetricsTests.Generate_GivenBasicAutoCounterWithSpecifiedInstrumentMeasurement_GeneratesDiagnostic#MeterNameGenerationType.g.verified.cs
    - Received: TelemetrySourceGeneratorMetricsTests.Generate_GivenBasicAutoCounterWithSpecifiedInstrumentMeasurement_GeneratesDiagnostic#NamingConvention.g.received.cs
      Verified: TelemetrySourceGeneratorMetricsTests.Generate_GivenBasicAutoCounterWithSpecifiedInstrumentMeasurement_GeneratesDiagnostic#NamingConvention.g.verified.cs
    - Received: TelemetrySourceGeneratorMetricsTests.Generate_GivenBasicAutoCounterWithSpecifiedInstrumentMeasurement_GeneratesDiagnostic#ObservableCounterAttribute.g.received.cs
      Verified: TelemetrySourceGeneratorMetricsTests.Generate_GivenBasicAutoCounterWithSpecifiedInstrumentMeasurement_GeneratesDiagnostic#ObservableCounterAttribute.g.verified.cs
    - Received: TelemetrySourceGeneratorMetricsTests.Generate_GivenBasicAutoCounterWithSpecifiedInstrumentMeasurement_GeneratesDiagnostic#ObservableGaugeAttribute.g.received.cs
      Verified: TelemetrySourceGeneratorMetricsTests.Generate_GivenBasicAutoCounterWithSpecifiedInstrumentMeasurement_GeneratesDiagnostic#ObservableGaugeAttribute.g.verified.cs
    - Received: TelemetrySourceGeneratorMetricsTests.Generate_GivenBasicAutoCounterWithSpecifiedInstrumentMeasurement_GeneratesDiagnostic#ObservableUpDownCounterAttribute.g.received.cs
      Verified: TelemetrySourceGeneratorMetricsTests.Generate_GivenBasicAutoCounterWithSpecifiedInstrumentMeasurement_GeneratesDiagnostic#ObservableUpDownCounterAttribute.g.verified.cs
    - Received: TelemetrySourceGeneratorMetricsTests.Generate_GivenBasicAutoCounterWithSpecifiedInstrumentMeasurement_GeneratesDiagnostic#Purview.Telemetry.SourceGenerator.TelemetryNames.g.received.cs
      Verified: TelemetrySourceGeneratorMetricsTests.Generate_GivenBasicAutoCounterWithSpecifiedInstrumentMeasurement_GeneratesDiagnostic#Purview.Telemetry.SourceGenerator.TelemetryNames.g.verified.cs
    - Received: TelemetrySourceGeneratorMetricsTests.Generate_GivenBasicAutoCounterWithSpecifiedInstrumentMeasurement_GeneratesDiagnostic#StatusDescriptionAttribute.g.received.cs
      Verified: TelemetrySourceGeneratorMetricsTests.Generate_GivenBasicAutoCounterWithSpecifiedInstrumentMeasurement_GeneratesDiagnostic#StatusDescriptionAttribute.g.verified.cs
    - Received: TelemetrySourceGeneratorMetricsTests.Generate_GivenBasicAutoCounterWithSpecifiedInstrumentMeasurement_GeneratesDiagnostic#TagAttribute.g.received.cs
      Verified: TelemetrySourceGeneratorMetricsTests.Generate_GivenBasicAutoCounterWithSpecifiedInstrumentMeasurement_GeneratesDiagnostic#TagAttribute.g.verified.cs
    - Received: TelemetrySourceGeneratorMetricsTests.Generate_GivenBasicAutoCounterWithSpecifiedInstrumentMeasurement_GeneratesDiagnostic#Targets.g.received.cs
      Verified: TelemetrySourceGeneratorMetricsTests.Generate_GivenBasicAutoCounterWithSpecifiedInstrumentMeasurement_GeneratesDiagnostic#Targets.g.verified.cs
    - Received: TelemetrySourceGeneratorMetricsTests.Generate_GivenBasicAutoCounterWithSpecifiedInstrumentMeasurement_GeneratesDiagnostic#TelemetryGenerationAttribute.g.received.cs
      Verified: TelemetrySourceGeneratorMetricsTests.Generate_GivenBasicAutoCounterWithSpecifiedInstrumentMeasurement_GeneratesDiagnostic#TelemetryGenerationAttribute.g.verified.cs
    - Received: TelemetrySourceGeneratorMetricsTests.Generate_GivenBasicAutoCounterWithSpecifiedInstrumentMeasurement_GeneratesDiagnostic#Testing.TestMetricsCore.Metric.g.received.cs
      Verified: TelemetrySourceGeneratorMetricsTests.Generate_GivenBasicAutoCounterWithSpecifiedInstrumentMeasurement_GeneratesDiagnostic#Testing.TestMetricsCore.Metric.g.verified.cs
    - Received: TelemetrySourceGeneratorMetricsTests.Generate_GivenBasicAutoCounterWithSpecifiedInstrumentMeasurement_GeneratesDiagnostic#TraceAttribute.g.received.cs
      Verified: TelemetrySourceGeneratorMetricsTests.Generate_GivenBasicAutoCounterWithSpecifiedInstrumentMeasurement_GeneratesDiagnostic#TraceAttribute.g.verified.cs
    - Received: TelemetrySourceGeneratorMetricsTests.Generate_GivenBasicAutoCounterWithSpecifiedInstrumentMeasurement_GeneratesDiagnostic#UpDownCounterAttribute.g.received.cs
      Verified: TelemetrySourceGeneratorMetricsTests.Generate_GivenBasicAutoCounterWithSpecifiedInstrumentMeasurement_GeneratesDiagnostic#UpDownCounterAttribute.g.verified.cs
    - Received: TelemetrySourceGeneratorMetricsTests.Generate_GivenBasicAutoCounterWithSpecifiedInstrumentMeasurement_GeneratesDiagnostic#WarningAttribute.g.received.cs
      Verified: TelemetrySourceGeneratorMetricsTests.Generate_GivenBasicAutoCounterWithSpecifiedInstrumentMeasurement_GeneratesDiagnostic#WarningAttribute.g.verified.cs
  
  Standard output
    DBG: --- Adding templates.
    DBG: Adding ActivitySourceGenerationAttribute as ActivitySourceGenerationAttribute.g.cs.
    DBG: Adding ActivitySourceAttribute as ActivitySourceAttribute.g.cs.
    DBG: Adding ActivityAttribute as ActivityAttribute.g.cs.
    DBG: Adding EventAttribute as EventAttribute.g.cs.
    DBG: Adding ContextAttribute as ContextAttribute.g.cs.
    DBG: Adding BaggageAttribute as BaggageAttribute.g.cs.
    DBG: Adding EscapeAttribute as EscapeAttribute.g.cs.
    DBG: Adding StatusDescriptionAttribute as StatusDescriptionAttribute.g.cs.
    DBG: Adding LoggerGenerationAttribute as LoggerGenerationAttribute.g.cs.
    DBG: Adding LoggerAttribute as LoggerAttribute.g.cs.
    DBG: Adding LogAttribute as LogAttribute.g.cs.
    DBG: Adding LogPrefixType as LogPrefixType.g.cs.
    DBG: Adding LoggerGenerationMode as LoggerGenerationMode.g.cs.
    DBG: Adding ExpandEnumerableAttribute as ExpandEnumerableAttribute.g.cs.
    DBG: Adding TraceAttribute as TraceAttribute.g.cs.
    DBG: Adding DebugAttribute as DebugAttribute.g.cs.
    DBG: Adding InfoAttribute as InfoAttribute.g.cs.
    DBG: Adding WarningAttribute as WarningAttribute.g.cs.
    DBG: Adding ErrorAttribute as ErrorAttribute.g.cs.
    DBG: Adding CriticalAttribute as CriticalAttribute.g.cs.
    DBG: Adding MeterGenerationAttribute as MeterGenerationAttribute.g.cs.
    DBG: Adding MeterAttribute as MeterAttribute.g.cs.
    DBG: Adding MeterNameGenerationType as MeterNameGenerationType.g.cs.
    DBG: Adding InstrumentMeasurementAttribute as InstrumentMeasurementAttribute.g.cs.
    DBG: Adding AutoCounterAttribute as AutoCounterAttribute.g.cs.
    DBG: Adding CounterAttribute as CounterAttribute.g.cs.
    DBG: Adding UpDownCounterAttribute as UpDownCounterAttribute.g.cs.
    DBG: Adding HistogramAttribute as HistogramAttribute.g.cs.
    DBG: Adding ObservableCounterAttribute as ObservableCounterAttribute.g.cs.
    DBG: Adding ObservableGaugeAttribute as ObservableGaugeAttribute.g.cs.
    DBG: Adding ObservableUpDownCounterAttribute as ObservableUpDownCounterAttribute.g.cs.
    DBG: Adding TagAttribute as TagAttribute.g.cs.
    DBG: Adding ExcludeAttribute as ExcludeAttribute.g.cs.
    DBG: Adding TelemetryGenerationAttribute as TelemetryGenerationAttribute.g.cs.
    DBG: Adding Targets as Targets.g.cs.
    DBG: Adding NamingConvention as NamingConvention.g.cs.
    DBG: Adding ExcludeTargetsAttribute as ExcludeTargetsAttribute.g.cs.
    DBG: --- Finished adding templates.
    DBG: Found attribute: Purview.Telemetry.MeterAttribute("testing-meter")
    DBG: Found attribute: Purview.Telemetry.TelemetryGenerationAttribute(GenerateDependencyExtension = false)
    DBG: Found possible instrument method ITestMetrics.AutoCounter.
    DBG: Found attribute: Purview.Telemetry.AutoCounterAttribute
    DBG: Found explicit instrument measurement: intParam.
    DBG: Meter generation target: Testing.TestMetricsCore
    DBG: Generating metric class for: Testing.TestMetricsCore
    DBG: Emitting fields for TestMetricsCore
    DBG: Emitting partial method for populating tags: PopulateMeterTags.
    DBG: Emitting instrument method: AutoCounter.
    DBG: Skipping dependency injection emit.
    DBG: Found attribute: Purview.Telemetry.MeterAttribute("testing-meter")
    DBG: Found attribute: Purview.Telemetry.TelemetryGenerationAttribute(GenerateDependencyExtension = false)
    DBG: Found possible instrument method ITestMetrics.AutoCounter.
    DBG: Found attribute: Purview.Telemetry.AutoCounterAttribute
    DBG: Found explicit instrument measurement: intParam.
    DBG: Generating Telemetry Names using class 'TelemetryNames'.
    
  Error output
failed Generate_GivenMultipleMethodsWithSameNames_RaisesDiagnostic (6s 485ms)
  [Test Failure] VerifyException: Directory: P:\GitHub\kjldev\purview-telemetry-sourcegenerator\src\Purview.Telemetry.SourceGenerator.IntegrationTests\Snapshots
Delete:
  - TelemetrySourceGeneratorTests.Generate_GivenMultipleMethodsWithSameNames_RaisesDiagnostic.verified.txt
Equal:
  - Received: TelemetrySourceGeneratorTests.Generate_GivenMultipleMethodsWithSameNames_RaisesDiagnostic#ActivityAttribute.g.received.cs
    Verified: TelemetrySourceGeneratorTests.Generate_GivenMultipleMethodsWithSameNames_RaisesDiagnostic#ActivityAttribute.g.verified.cs
  - Received: TelemetrySourceGeneratorTests.Generate_GivenMultipleMethodsWithSameNames_RaisesDiagnostic#ActivitySourceAttribute.g.received.cs
    Verified: TelemetrySourceGeneratorTests.Generate_GivenMultipleMethodsWithSameNames_RaisesDiagnostic#ActivitySourceAttribute.g.verified.cs
  - Received: TelemetrySourceGeneratorTests.Generate_GivenMultipleMethodsWithSameNames_RaisesDiagnostic#ActivitySourceGenerationAttribute.g.received.cs
    Verified: TelemetrySourceGeneratorTests.Generate_GivenMultipleMethodsWithSameNames_RaisesDiagnostic#ActivitySourceGenerationAttribute.g.verified.cs
  - Received: TelemetrySourceGeneratorTests.Generate_GivenMultipleMethodsWithSameNames_RaisesDiagnostic#AutoCounterAttribute.g.received.cs
    Verified: TelemetrySourceGeneratorTests.Generate_GivenMultipleMethodsWithSameNames_RaisesDiagnostic#AutoCounterAttribute.g.verified.cs
  - Received: TelemetrySourceGeneratorTests.Generate_GivenMultipleMethodsWithSameNames_RaisesDiagnostic#BaggageAttribute.g.received.cs
    Verified: TelemetrySourceGeneratorTests.Generate_GivenMultipleMethodsWithSameNames_RaisesDiagnostic#BaggageAttribute.g.verified.cs
  - Received: TelemetrySourceGeneratorTests.Generate_GivenMultipleMethodsWithSameNames_RaisesDiagnostic#ContextAttribute.g.received.cs
    Verified: TelemetrySourceGeneratorTests.Generate_GivenMultipleMethodsWithSameNames_RaisesDiagnostic#ContextAttribute.g.verified.cs
  - Received: TelemetrySourceGeneratorTests.Generate_GivenMultipleMethodsWithSameNames_RaisesDiagnostic#CounterAttribute.g.received.cs
    Verified: TelemetrySourceGeneratorTests.Generate_GivenMultipleMethodsWithSameNames_RaisesDiagnostic#CounterAttribute.g.verified.cs
  - Received: TelemetrySourceGeneratorTests.Generate_GivenMultipleMethodsWithSameNames_RaisesDiagnostic#CriticalAttribute.g.received.cs
    Verified: TelemetrySourceGeneratorTests.Generate_GivenMultipleMethodsWithSameNames_RaisesDiagnostic#CriticalAttribute.g.verified.cs
  - Received: TelemetrySourceGeneratorTests.Generate_GivenMultipleMethodsWithSameNames_RaisesDiagnostic#DebugAttribute.g.received.cs
    Verified: TelemetrySourceGeneratorTests.Generate_GivenMultipleMethodsWithSameNames_RaisesDiagnostic#DebugAttribute.g.verified.cs
  - Received: TelemetrySourceGeneratorTests.Generate_GivenMultipleMethodsWithSameNames_RaisesDiagnostic#ErrorAttribute.g.received.cs
    Verified: TelemetrySourceGeneratorTests.Generate_GivenMultipleMethodsWithSameNames_RaisesDiagnostic#ErrorAttribute.g.verified.cs
  - Received: TelemetrySourceGeneratorTests.Generate_GivenMultipleMethodsWithSameNames_RaisesDiagnostic#EscapeAttribute.g.received.cs
    Verified: TelemetrySourceGeneratorTests.Generate_GivenMultipleMethodsWithSameNames_RaisesDiagnostic#EscapeAttribute.g.verified.cs
  - Received: TelemetrySourceGeneratorTests.Generate_GivenMultipleMethodsWithSameNames_RaisesDiagnostic#EventAttribute.g.received.cs
    Verified: TelemetrySourceGeneratorTests.Generate_GivenMultipleMethodsWithSameNames_RaisesDiagnostic#EventAttribute.g.verified.cs
  - Received: TelemetrySourceGeneratorTests.Generate_GivenMultipleMethodsWithSameNames_RaisesDiagnostic#ExcludeAttribute.g.received.cs
    Verified: TelemetrySourceGeneratorTests.Generate_GivenMultipleMethodsWithSameNames_RaisesDiagnostic#ExcludeAttribute.g.verified.cs
  - Received: TelemetrySourceGeneratorTests.Generate_GivenMultipleMethodsWithSameNames_RaisesDiagnostic#ExcludeTargetsAttribute.g.received.cs
    Verified: TelemetrySourceGeneratorTests.Generate_GivenMultipleMethodsWithSameNames_RaisesDiagnostic#ExcludeTargetsAttribute.g.verified.cs
  - Received: TelemetrySourceGeneratorTests.Generate_GivenMultipleMethodsWithSameNames_RaisesDiagnostic#ExpandEnumerableAttribute.g.received.cs
    Verified: TelemetrySourceGeneratorTests.Generate_GivenMultipleMethodsWithSameNames_RaisesDiagnostic#ExpandEnumerableAttribute.g.verified.cs
  - Received: TelemetrySourceGeneratorTests.Generate_GivenMultipleMethodsWithSameNames_RaisesDiagnostic#HistogramAttribute.g.received.cs
    Verified: TelemetrySourceGeneratorTests.Generate_GivenMultipleMethodsWithSameNames_RaisesDiagnostic#HistogramAttribute.g.verified.cs
  - Received: TelemetrySourceGeneratorTests.Generate_GivenMultipleMethodsWithSameNames_RaisesDiagnostic#InfoAttribute.g.received.cs
    Verified: TelemetrySourceGeneratorTests.Generate_GivenMultipleMethodsWithSameNames_RaisesDiagnostic#InfoAttribute.g.verified.cs
  - Received: TelemetrySourceGeneratorTests.Generate_GivenMultipleMethodsWithSameNames_RaisesDiagnostic#InstrumentMeasurementAttribute.g.received.cs
    Verified: TelemetrySourceGeneratorTests.Generate_GivenMultipleMethodsWithSameNames_RaisesDiagnostic#InstrumentMeasurementAttribute.g.verified.cs
  - Received: TelemetrySourceGeneratorTests.Generate_GivenMultipleMethodsWithSameNames_RaisesDiagnostic#LogAttribute.g.received.cs
    Verified: TelemetrySourceGeneratorTests.Generate_GivenMultipleMethodsWithSameNames_RaisesDiagnostic#LogAttribute.g.verified.cs
  - Received: TelemetrySourceGeneratorTests.Generate_GivenMultipleMethodsWithSameNames_RaisesDiagnostic#LoggerAttribute.g.received.cs
    Verified: TelemetrySourceGeneratorTests.Generate_GivenMultipleMethodsWithSameNames_RaisesDiagnostic#LoggerAttribute.g.verified.cs
  - Received: TelemetrySourceGeneratorTests.Generate_GivenMultipleMethodsWithSameNames_RaisesDiagnostic#LoggerGenerationAttribute.g.received.cs
    Verified: TelemetrySourceGeneratorTests.Generate_GivenMultipleMethodsWithSameNames_RaisesDiagnostic#LoggerGenerationAttribute.g.verified.cs
  - Received: TelemetrySourceGeneratorTests.Generate_GivenMultipleMethodsWithSameNames_RaisesDiagnostic#LoggerGenerationMode.g.received.cs
    Verified: TelemetrySourceGeneratorTests.Generate_GivenMultipleMethodsWithSameNames_RaisesDiagnostic#LoggerGenerationMode.g.verified.cs
  - Received: TelemetrySourceGeneratorTests.Generate_GivenMultipleMethodsWithSameNames_RaisesDiagnostic#LogPrefixType.g.received.cs
    Verified: TelemetrySourceGeneratorTests.Generate_GivenMultipleMethodsWithSameNames_RaisesDiagnostic#LogPrefixType.g.verified.cs
  - Received: TelemetrySourceGeneratorTests.Generate_GivenMultipleMethodsWithSameNames_RaisesDiagnostic#MeterAttribute.g.received.cs
    Verified: TelemetrySourceGeneratorTests.Generate_GivenMultipleMethodsWithSameNames_RaisesDiagnostic#MeterAttribute.g.verified.cs
  - Received: TelemetrySourceGeneratorTests.Generate_GivenMultipleMethodsWithSameNames_RaisesDiagnostic#MeterGenerationAttribute.g.received.cs
    Verified: TelemetrySourceGeneratorTests.Generate_GivenMultipleMethodsWithSameNames_RaisesDiagnostic#MeterGenerationAttribute.g.verified.cs
  - Received: TelemetrySourceGeneratorTests.Generate_GivenMultipleMethodsWithSameNames_RaisesDiagnostic#MeterNameGenerationType.g.received.cs
    Verified: TelemetrySourceGeneratorTests.Generate_GivenMultipleMethodsWithSameNames_RaisesDiagnostic#MeterNameGenerationType.g.verified.cs
  - Received: TelemetrySourceGeneratorTests.Generate_GivenMultipleMethodsWithSameNames_RaisesDiagnostic#NamingConvention.g.received.cs
    Verified: TelemetrySourceGeneratorTests.Generate_GivenMultipleMethodsWithSameNames_RaisesDiagnostic#NamingConvention.g.verified.cs
  - Received: TelemetrySourceGeneratorTests.Generate_GivenMultipleMethodsWithSameNames_RaisesDiagnostic#ObservableCounterAttribute.g.received.cs
    Verified: TelemetrySourceGeneratorTests.Generate_GivenMultipleMethodsWithSameNames_RaisesDiagnostic#ObservableCounterAttribute.g.verified.cs
  - Received: TelemetrySourceGeneratorTests.Generate_GivenMultipleMethodsWithSameNames_RaisesDiagnostic#ObservableGaugeAttribute.g.received.cs
    Verified: TelemetrySourceGeneratorTests.Generate_GivenMultipleMethodsWithSameNames_RaisesDiagnostic#ObservableGaugeAttribute.g.verified.cs
  - Received: TelemetrySourceGeneratorTests.Generate_GivenMultipleMethodsWithSameNames_RaisesDiagnostic#ObservableUpDownCounterAttribute.g.received.cs
    Verified: TelemetrySourceGeneratorTests.Generate_GivenMultipleMethodsWithSameNames_RaisesDiagnostic#ObservableUpDownCounterAttribute.g.verified.cs
  - Received: TelemetrySourceGeneratorTests.Generate_GivenMultipleMethodsWithSameNames_RaisesDiagnostic#Purview.Telemetry.SourceGenerator.TelemetryNames.g.received.cs
    Verified: TelemetrySourceGeneratorTests.Generate_GivenMultipleMethodsWithSameNames_RaisesDiagnostic#Purview.Telemetry.SourceGenerator.TelemetryNames.g.verified.cs
  - Received: TelemetrySourceGeneratorTests.Generate_GivenMultipleMethodsWithSameNames_RaisesDiagnostic#StatusDescriptionAttribute.g.received.cs
    Verified: TelemetrySourceGeneratorTests.Generate_GivenMultipleMethodsWithSameNames_RaisesDiagnostic#StatusDescriptionAttribute.g.verified.cs
  - Received: TelemetrySourceGeneratorTests.Generate_GivenMultipleMethodsWithSameNames_RaisesDiagnostic#TagAttribute.g.received.cs
    Verified: TelemetrySourceGeneratorTests.Generate_GivenMultipleMethodsWithSameNames_RaisesDiagnostic#TagAttribute.g.verified.cs
  - Received: TelemetrySourceGeneratorTests.Generate_GivenMultipleMethodsWithSameNames_RaisesDiagnostic#Targets.g.received.cs
    Verified: TelemetrySourceGeneratorTests.Generate_GivenMultipleMethodsWithSameNames_RaisesDiagnostic#Targets.g.verified.cs
  - Received: TelemetrySourceGeneratorTests.Generate_GivenMultipleMethodsWithSameNames_RaisesDiagnostic#TelemetryGenerationAttribute.g.received.cs
    Verified: TelemetrySourceGeneratorTests.Generate_GivenMultipleMethodsWithSameNames_RaisesDiagnostic#TelemetryGenerationAttribute.g.verified.cs
  - Received: TelemetrySourceGeneratorTests.Generate_GivenMultipleMethodsWithSameNames_RaisesDiagnostic#Testing.MultiTelemetryCore.Activity.g.received.cs
    Verified: TelemetrySourceGeneratorTests.Generate_GivenMultipleMethodsWithSameNames_RaisesDiagnostic#Testing.MultiTelemetryCore.Activity.g.verified.cs
  - Received: TelemetrySourceGeneratorTests.Generate_GivenMultipleMethodsWithSameNames_RaisesDiagnostic#Testing.MultiTelemetryCore.Logging.g.received.cs
    Verified: TelemetrySourceGeneratorTests.Generate_GivenMultipleMethodsWithSameNames_RaisesDiagnostic#Testing.MultiTelemetryCore.Logging.g.verified.cs
  - Received: TelemetrySourceGeneratorTests.Generate_GivenMultipleMethodsWithSameNames_RaisesDiagnostic#TraceAttribute.g.received.cs
    Verified: TelemetrySourceGeneratorTests.Generate_GivenMultipleMethodsWithSameNames_RaisesDiagnostic#TraceAttribute.g.verified.cs
  - Received: TelemetrySourceGeneratorTests.Generate_GivenMultipleMethodsWithSameNames_RaisesDiagnostic#UpDownCounterAttribute.g.received.cs
    Verified: TelemetrySourceGeneratorTests.Generate_GivenMultipleMethodsWithSameNames_RaisesDiagnostic#UpDownCounterAttribute.g.verified.cs
  - Received: TelemetrySourceGeneratorTests.Generate_GivenMultipleMethodsWithSameNames_RaisesDiagnostic#WarningAttribute.g.received.cs
    Verified: TelemetrySourceGeneratorTests.Generate_GivenMultipleMethodsWithSameNames_RaisesDiagnostic#WarningAttribute.g.verified.cs

  from P:\GitHub\kjldev\purview-telemetry-sourcegenerator\src\Purview.Telemetry.SourceGenerator.IntegrationTests\bin\Release\net10.0\Purview.Telemetry.SourceGenerator.IntegrationTests.dll (net10.0|x64)
  TUnit.Engine.Exceptions.TestFailedException: [Test Failure] VerifyException: Directory: P:\GitHub\kjldev\purview-telemetry-sourcegenerator\src\Purview.Telemetry.SourceGenerator.IntegrationTests\Snapshots
  Delete:
    - TelemetrySourceGeneratorTests.Generate_GivenMultipleMethodsWithSameNames_RaisesDiagnostic.verified.txt
  Equal:
    - Received: TelemetrySourceGeneratorTests.Generate_GivenMultipleMethodsWithSameNames_RaisesDiagnostic#ActivityAttribute.g.received.cs
      Verified: TelemetrySourceGeneratorTests.Generate_GivenMultipleMethodsWithSameNames_RaisesDiagnostic#ActivityAttribute.g.verified.cs
    - Received: TelemetrySourceGeneratorTests.Generate_GivenMultipleMethodsWithSameNames_RaisesDiagnostic#ActivitySourceAttribute.g.received.cs
      Verified: TelemetrySourceGeneratorTests.Generate_GivenMultipleMethodsWithSameNames_RaisesDiagnostic#ActivitySourceAttribute.g.verified.cs
    - Received: TelemetrySourceGeneratorTests.Generate_GivenMultipleMethodsWithSameNames_RaisesDiagnostic#ActivitySourceGenerationAttribute.g.received.cs
      Verified: TelemetrySourceGeneratorTests.Generate_GivenMultipleMethodsWithSameNames_RaisesDiagnostic#ActivitySourceGenerationAttribute.g.verified.cs
    - Received: TelemetrySourceGeneratorTests.Generate_GivenMultipleMethodsWithSameNames_RaisesDiagnostic#AutoCounterAttribute.g.received.cs
      Verified: TelemetrySourceGeneratorTests.Generate_GivenMultipleMethodsWithSameNames_RaisesDiagnostic#AutoCounterAttribute.g.verified.cs
    - Received: TelemetrySourceGeneratorTests.Generate_GivenMultipleMethodsWithSameNames_RaisesDiagnostic#BaggageAttribute.g.received.cs
      Verified: TelemetrySourceGeneratorTests.Generate_GivenMultipleMethodsWithSameNames_RaisesDiagnostic#BaggageAttribute.g.verified.cs
    - Received: TelemetrySourceGeneratorTests.Generate_GivenMultipleMethodsWithSameNames_RaisesDiagnostic#ContextAttribute.g.received.cs
      Verified: TelemetrySourceGeneratorTests.Generate_GivenMultipleMethodsWithSameNames_RaisesDiagnostic#ContextAttribute.g.verified.cs
    - Received: TelemetrySourceGeneratorTests.Generate_GivenMultipleMethodsWithSameNames_RaisesDiagnostic#CounterAttribute.g.received.cs
      Verified: TelemetrySourceGeneratorTests.Generate_GivenMultipleMethodsWithSameNames_RaisesDiagnostic#CounterAttribute.g.verified.cs
    - Received: TelemetrySourceGeneratorTests.Generate_GivenMultipleMethodsWithSameNames_RaisesDiagnostic#CriticalAttribute.g.received.cs
      Verified: TelemetrySourceGeneratorTests.Generate_GivenMultipleMethodsWithSameNames_RaisesDiagnostic#CriticalAttribute.g.verified.cs
    - Received: TelemetrySourceGeneratorTests.Generate_GivenMultipleMethodsWithSameNames_RaisesDiagnostic#DebugAttribute.g.received.cs
      Verified: TelemetrySourceGeneratorTests.Generate_GivenMultipleMethodsWithSameNames_RaisesDiagnostic#DebugAttribute.g.verified.cs
    - Received: TelemetrySourceGeneratorTests.Generate_GivenMultipleMethodsWithSameNames_RaisesDiagnostic#ErrorAttribute.g.received.cs
      Verified: TelemetrySourceGeneratorTests.Generate_GivenMultipleMethodsWithSameNames_RaisesDiagnostic#ErrorAttribute.g.verified.cs
    - Received: TelemetrySourceGeneratorTests.Generate_GivenMultipleMethodsWithSameNames_RaisesDiagnostic#EscapeAttribute.g.received.cs
      Verified: TelemetrySourceGeneratorTests.Generate_GivenMultipleMethodsWithSameNames_RaisesDiagnostic#EscapeAttribute.g.verified.cs
    - Received: TelemetrySourceGeneratorTests.Generate_GivenMultipleMethodsWithSameNames_RaisesDiagnostic#EventAttribute.g.received.cs
      Verified: TelemetrySourceGeneratorTests.Generate_GivenMultipleMethodsWithSameNames_RaisesDiagnostic#EventAttribute.g.verified.cs
    - Received: TelemetrySourceGeneratorTests.Generate_GivenMultipleMethodsWithSameNames_RaisesDiagnostic#ExcludeAttribute.g.received.cs
      Verified: TelemetrySourceGeneratorTests.Generate_GivenMultipleMethodsWithSameNames_RaisesDiagnostic#ExcludeAttribute.g.verified.cs
    - Received: TelemetrySourceGeneratorTests.Generate_GivenMultipleMethodsWithSameNames_RaisesDiagnostic#ExcludeTargetsAttribute.g.received.cs
      Verified: TelemetrySourceGeneratorTests.Generate_GivenMultipleMethodsWithSameNames_RaisesDiagnostic#ExcludeTargetsAttribute.g.verified.cs
    - Received: TelemetrySourceGeneratorTests.Generate_GivenMultipleMethodsWithSameNames_RaisesDiagnostic#ExpandEnumerableAttribute.g.received.cs
      Verified: TelemetrySourceGeneratorTests.Generate_GivenMultipleMethodsWithSameNames_RaisesDiagnostic#ExpandEnumerableAttribute.g.verified.cs
    - Received: TelemetrySourceGeneratorTests.Generate_GivenMultipleMethodsWithSameNames_RaisesDiagnostic#HistogramAttribute.g.received.cs
      Verified: TelemetrySourceGeneratorTests.Generate_GivenMultipleMethodsWithSameNames_RaisesDiagnostic#HistogramAttribute.g.verified.cs
    - Received: TelemetrySourceGeneratorTests.Generate_GivenMultipleMethodsWithSameNames_RaisesDiagnostic#InfoAttribute.g.received.cs
      Verified: TelemetrySourceGeneratorTests.Generate_GivenMultipleMethodsWithSameNames_RaisesDiagnostic#InfoAttribute.g.verified.cs
    - Received: TelemetrySourceGeneratorTests.Generate_GivenMultipleMethodsWithSameNames_RaisesDiagnostic#InstrumentMeasurementAttribute.g.received.cs
      Verified: TelemetrySourceGeneratorTests.Generate_GivenMultipleMethodsWithSameNames_RaisesDiagnostic#InstrumentMeasurementAttribute.g.verified.cs
    - Received: TelemetrySourceGeneratorTests.Generate_GivenMultipleMethodsWithSameNames_RaisesDiagnostic#LogAttribute.g.received.cs
      Verified: TelemetrySourceGeneratorTests.Generate_GivenMultipleMethodsWithSameNames_RaisesDiagnostic#LogAttribute.g.verified.cs
    - Received: TelemetrySourceGeneratorTests.Generate_GivenMultipleMethodsWithSameNames_RaisesDiagnostic#LoggerAttribute.g.received.cs
      Verified: TelemetrySourceGeneratorTests.Generate_GivenMultipleMethodsWithSameNames_RaisesDiagnostic#LoggerAttribute.g.verified.cs
    - Received: TelemetrySourceGeneratorTests.Generate_GivenMultipleMethodsWithSameNames_RaisesDiagnostic#LoggerGenerationAttribute.g.received.cs
      Verified: TelemetrySourceGeneratorTests.Generate_GivenMultipleMethodsWithSameNames_RaisesDiagnostic#LoggerGenerationAttribute.g.verified.cs
    - Received: TelemetrySourceGeneratorTests.Generate_GivenMultipleMethodsWithSameNames_RaisesDiagnostic#LoggerGenerationMode.g.received.cs
      Verified: TelemetrySourceGeneratorTests.Generate_GivenMultipleMethodsWithSameNames_RaisesDiagnostic#LoggerGenerationMode.g.verified.cs
    - Received: TelemetrySourceGeneratorTests.Generate_GivenMultipleMethodsWithSameNames_RaisesDiagnostic#LogPrefixType.g.received.cs
      Verified: TelemetrySourceGeneratorTests.Generate_GivenMultipleMethodsWithSameNames_RaisesDiagnostic#LogPrefixType.g.verified.cs
    - Received: TelemetrySourceGeneratorTests.Generate_GivenMultipleMethodsWithSameNames_RaisesDiagnostic#MeterAttribute.g.received.cs
      Verified: TelemetrySourceGeneratorTests.Generate_GivenMultipleMethodsWithSameNames_RaisesDiagnostic#MeterAttribute.g.verified.cs
    - Received: TelemetrySourceGeneratorTests.Generate_GivenMultipleMethodsWithSameNames_RaisesDiagnostic#MeterGenerationAttribute.g.received.cs
      Verified: TelemetrySourceGeneratorTests.Generate_GivenMultipleMethodsWithSameNames_RaisesDiagnostic#MeterGenerationAttribute.g.verified.cs
    - Received: TelemetrySourceGeneratorTests.Generate_GivenMultipleMethodsWithSameNames_RaisesDiagnostic#MeterNameGenerationType.g.received.cs
      Verified: TelemetrySourceGeneratorTests.Generate_GivenMultipleMethodsWithSameNames_RaisesDiagnostic#MeterNameGenerationType.g.verified.cs
    - Received: TelemetrySourceGeneratorTests.Generate_GivenMultipleMethodsWithSameNames_RaisesDiagnostic#NamingConvention.g.received.cs
      Verified: TelemetrySourceGeneratorTests.Generate_GivenMultipleMethodsWithSameNames_RaisesDiagnostic#NamingConvention.g.verified.cs
    - Received: TelemetrySourceGeneratorTests.Generate_GivenMultipleMethodsWithSameNames_RaisesDiagnostic#ObservableCounterAttribute.g.received.cs
      Verified: TelemetrySourceGeneratorTests.Generate_GivenMultipleMethodsWithSameNames_RaisesDiagnostic#ObservableCounterAttribute.g.verified.cs
    - Received: TelemetrySourceGeneratorTests.Generate_GivenMultipleMethodsWithSameNames_RaisesDiagnostic#ObservableGaugeAttribute.g.received.cs
      Verified: TelemetrySourceGeneratorTests.Generate_GivenMultipleMethodsWithSameNames_RaisesDiagnostic#ObservableGaugeAttribute.g.verified.cs
    - Received: TelemetrySourceGeneratorTests.Generate_GivenMultipleMethodsWithSameNames_RaisesDiagnostic#ObservableUpDownCounterAttribute.g.received.cs
      Verified: TelemetrySourceGeneratorTests.Generate_GivenMultipleMethodsWithSameNames_RaisesDiagnostic#ObservableUpDownCounterAttribute.g.verified.cs
    - Received: TelemetrySourceGeneratorTests.Generate_GivenMultipleMethodsWithSameNames_RaisesDiagnostic#Purview.Telemetry.SourceGenerator.TelemetryNames.g.received.cs
      Verified: TelemetrySourceGeneratorTests.Generate_GivenMultipleMethodsWithSameNames_RaisesDiagnostic#Purview.Telemetry.SourceGenerator.TelemetryNames.g.verified.cs
    - Received: TelemetrySourceGeneratorTests.Generate_GivenMultipleMethodsWithSameNames_RaisesDiagnostic#StatusDescriptionAttribute.g.received.cs
      Verified: TelemetrySourceGeneratorTests.Generate_GivenMultipleMethodsWithSameNames_RaisesDiagnostic#StatusDescriptionAttribute.g.verified.cs
    - Received: TelemetrySourceGeneratorTests.Generate_GivenMultipleMethodsWithSameNames_RaisesDiagnostic#TagAttribute.g.received.cs
      Verified: TelemetrySourceGeneratorTests.Generate_GivenMultipleMethodsWithSameNames_RaisesDiagnostic#TagAttribute.g.verified.cs
    - Received: TelemetrySourceGeneratorTests.Generate_GivenMultipleMethodsWithSameNames_RaisesDiagnostic#Targets.g.received.cs
      Verified: TelemetrySourceGeneratorTests.Generate_GivenMultipleMethodsWithSameNames_RaisesDiagnostic#Targets.g.verified.cs
    - Received: TelemetrySourceGeneratorTests.Generate_GivenMultipleMethodsWithSameNames_RaisesDiagnostic#TelemetryGenerationAttribute.g.received.cs
      Verified: TelemetrySourceGeneratorTests.Generate_GivenMultipleMethodsWithSameNames_RaisesDiagnostic#TelemetryGenerationAttribute.g.verified.cs
    - Received: TelemetrySourceGeneratorTests.Generate_GivenMultipleMethodsWithSameNames_RaisesDiagnostic#Testing.MultiTelemetryCore.Activity.g.received.cs
      Verified: TelemetrySourceGeneratorTests.Generate_GivenMultipleMethodsWithSameNames_RaisesDiagnostic#Testing.MultiTelemetryCore.Activity.g.verified.cs
    - Received: TelemetrySourceGeneratorTests.Generate_GivenMultipleMethodsWithSameNames_RaisesDiagnostic#Testing.MultiTelemetryCore.Logging.g.received.cs
      Verified: TelemetrySourceGeneratorTests.Generate_GivenMultipleMethodsWithSameNames_RaisesDiagnostic#Testing.MultiTelemetryCore.Logging.g.verified.cs
    - Received: TelemetrySourceGeneratorTests.Generate_GivenMultipleMethodsWithSameNames_RaisesDiagnostic#TraceAttribute.g.received.cs
      Verified: TelemetrySourceGeneratorTests.Generate_GivenMultipleMethodsWithSameNames_RaisesDiagnostic#TraceAttribute.g.verified.cs
    - Received: TelemetrySourceGeneratorTests.Generate_GivenMultipleMethodsWithSameNames_RaisesDiagnostic#UpDownCounterAttribute.g.received.cs
      Verified: TelemetrySourceGeneratorTests.Generate_GivenMultipleMethodsWithSameNames_RaisesDiagnostic#UpDownCounterAttribute.g.verified.cs
    - Received: TelemetrySourceGeneratorTests.Generate_GivenMultipleMethodsWithSameNames_RaisesDiagnostic#WarningAttribute.g.received.cs
      Verified: TelemetrySourceGeneratorTests.Generate_GivenMultipleMethodsWithSameNames_RaisesDiagnostic#WarningAttribute.g.verified.cs
  
  Standard output
    DBG: --- Adding templates.
    DBG: Adding ActivitySourceGenerationAttribute as ActivitySourceGenerationAttribute.g.cs.
    DBG: Adding ActivitySourceAttribute as ActivitySourceAttribute.g.cs.
    DBG: Adding ActivityAttribute as ActivityAttribute.g.cs.
    DBG: Adding EventAttribute as EventAttribute.g.cs.
    DBG: Adding ContextAttribute as ContextAttribute.g.cs.
    DBG: Adding BaggageAttribute as BaggageAttribute.g.cs.
    DBG: Adding EscapeAttribute as EscapeAttribute.g.cs.
    DBG: Adding StatusDescriptionAttribute as StatusDescriptionAttribute.g.cs.
    DBG: Adding LoggerGenerationAttribute as LoggerGenerationAttribute.g.cs.
    DBG: Adding LoggerAttribute as LoggerAttribute.g.cs.
    DBG: Adding LogAttribute as LogAttribute.g.cs.
    DBG: Adding LogPrefixType as LogPrefixType.g.cs.
    DBG: Adding LoggerGenerationMode as LoggerGenerationMode.g.cs.
    DBG: Adding ExpandEnumerableAttribute as ExpandEnumerableAttribute.g.cs.
    DBG: Adding TraceAttribute as TraceAttribute.g.cs.
    DBG: Adding DebugAttribute as DebugAttribute.g.cs.
    DBG: Adding InfoAttribute as InfoAttribute.g.cs.
    DBG: Adding WarningAttribute as WarningAttribute.g.cs.
    DBG: Adding ErrorAttribute as ErrorAttribute.g.cs.
    DBG: Adding CriticalAttribute as CriticalAttribute.g.cs.
    DBG: Adding MeterGenerationAttribute as MeterGenerationAttribute.g.cs.
    DBG: Adding MeterAttribute as MeterAttribute.g.cs.
    DBG: Adding MeterNameGenerationType as MeterNameGenerationType.g.cs.
    DBG: Adding InstrumentMeasurementAttribute as InstrumentMeasurementAttribute.g.cs.
    DBG: Adding AutoCounterAttribute as AutoCounterAttribute.g.cs.
    DBG: Adding CounterAttribute as CounterAttribute.g.cs.
    DBG: Adding UpDownCounterAttribute as UpDownCounterAttribute.g.cs.
    DBG: Adding HistogramAttribute as HistogramAttribute.g.cs.
    DBG: Adding ObservableCounterAttribute as ObservableCounterAttribute.g.cs.
    DBG: Adding ObservableGaugeAttribute as ObservableGaugeAttribute.g.cs.
    DBG: Adding ObservableUpDownCounterAttribute as ObservableUpDownCounterAttribute.g.cs.
    DBG: Adding TagAttribute as TagAttribute.g.cs.
    DBG: Adding ExcludeAttribute as ExcludeAttribute.g.cs.
    DBG: Adding TelemetryGenerationAttribute as TelemetryGenerationAttribute.g.cs.
    DBG: Adding Targets as Targets.g.cs.
    DBG: Adding NamingConvention as NamingConvention.g.cs.
    DBG: Adding ExcludeTargetsAttribute as ExcludeTargetsAttribute.g.cs.
    DBG: --- Finished adding templates.
    DBG: Found attribute: Purview.Telemetry.ActivitySourceAttribute("testing-activity-source")
    DBG: Found attribute: Purview.Telemetry.TelemetryGenerationAttribute(GenerateDependencyExtension = false)
    DBG: Found attribute: Purview.Telemetry.ActivityAttribute
    DBG: Found explicit activity: Process.
    DBG: Found Activity method IMultiTelemetry.Process.
    DBG: Found explicit tag: id.
    DBG: Found attribute: Purview.Telemetry.TagAttribute
    DBG: Defaulting to activity: Process.
    DBG: Found Activity method IMultiTelemetry.Process.
    DBG: Inferring tag: id.
    DBG: Inferring tag: message.
    DBG: Activity generation target: Testing.MultiTelemetryCore
    DBG: Generating activity class for: Testing.MultiTelemetryCore
    DBG: Generating RecordExceptionInternal.
    DBG: Skipping dependency injection emit.
    DBG: Found attribute: Purview.Telemetry.LoggerAttribute
    DBG: Found attribute: Purview.Telemetry.TelemetryGenerationAttribute(GenerateDependencyExtension = false)
    DBG: Skipping IMultiTelemetry.Process from logging - no explicit Logging attribute on multi-target interface.
    DBG: Found attribute: Purview.Telemetry.LogAttribute
    DBG: Found method IMultiTelemetry.Process.
    DBG: Found 2 parameter(s) for Process.
    DBG: Found attribute: Purview.Telemetry.LogAttribute
    DBG: Logger generation target: Testing.MultiTelemetryCore
    DBG: Generating MS Gen-based logging class for: Testing.MultiTelemetryCore
    DBG: Building logging method: Process
    DBG: Building logging method: Process
    DBG: Skipping dependency injection emit.
    DBG: Found attribute: Purview.Telemetry.ActivitySourceAttribute("testing-activity-source")
    DBG: Found attribute: Purview.Telemetry.TelemetryGenerationAttribute(GenerateDependencyExtension = false)
    DBG: Found attribute: Purview.Telemetry.ActivityAttribute
    DBG: Found explicit activity: Process.
    DBG: Found Activity method IMultiTelemetry.Process.
    DBG: Found explicit tag: id.
    DBG: Found attribute: Purview.Telemetry.TagAttribute
    DBG: Defaulting to activity: Process.
    DBG: Found Activity method IMultiTelemetry.Process.
    DBG: Inferring tag: id.
    DBG: Inferring tag: message.
    DBG: Generating Telemetry Names using class 'TelemetryNames'.
    
  Error output
failed Generate_GivenAsyncMethodsInMultiTarget_RaisesDiagnostics (6s 650ms)
  [Test Failure] VerifyException: Directory: P:\GitHub\kjldev\purview-telemetry-sourcegenerator\src\Purview.Telemetry.SourceGenerator.IntegrationTests\Snapshots
Delete:
  - TelemetrySourceGeneratorTests.Generate_GivenAsyncMethodsInMultiTarget_RaisesDiagnostics.verified.txt
Equal:
  - Received: TelemetrySourceGeneratorTests.Generate_GivenAsyncMethodsInMultiTarget_RaisesDiagnostics#ActivityAttribute.g.received.cs
    Verified: TelemetrySourceGeneratorTests.Generate_GivenAsyncMethodsInMultiTarget_RaisesDiagnostics#ActivityAttribute.g.verified.cs
  - Received: TelemetrySourceGeneratorTests.Generate_GivenAsyncMethodsInMultiTarget_RaisesDiagnostics#ActivitySourceAttribute.g.received.cs
    Verified: TelemetrySourceGeneratorTests.Generate_GivenAsyncMethodsInMultiTarget_RaisesDiagnostics#ActivitySourceAttribute.g.verified.cs
  - Received: TelemetrySourceGeneratorTests.Generate_GivenAsyncMethodsInMultiTarget_RaisesDiagnostics#ActivitySourceGenerationAttribute.g.received.cs
    Verified: TelemetrySourceGeneratorTests.Generate_GivenAsyncMethodsInMultiTarget_RaisesDiagnostics#ActivitySourceGenerationAttribute.g.verified.cs
  - Received: TelemetrySourceGeneratorTests.Generate_GivenAsyncMethodsInMultiTarget_RaisesDiagnostics#AutoCounterAttribute.g.received.cs
    Verified: TelemetrySourceGeneratorTests.Generate_GivenAsyncMethodsInMultiTarget_RaisesDiagnostics#AutoCounterAttribute.g.verified.cs
  - Received: TelemetrySourceGeneratorTests.Generate_GivenAsyncMethodsInMultiTarget_RaisesDiagnostics#BaggageAttribute.g.received.cs
    Verified: TelemetrySourceGeneratorTests.Generate_GivenAsyncMethodsInMultiTarget_RaisesDiagnostics#BaggageAttribute.g.verified.cs
  - Received: TelemetrySourceGeneratorTests.Generate_GivenAsyncMethodsInMultiTarget_RaisesDiagnostics#ContextAttribute.g.received.cs
    Verified: TelemetrySourceGeneratorTests.Generate_GivenAsyncMethodsInMultiTarget_RaisesDiagnostics#ContextAttribute.g.verified.cs
  - Received: TelemetrySourceGeneratorTests.Generate_GivenAsyncMethodsInMultiTarget_RaisesDiagnostics#CounterAttribute.g.received.cs
    Verified: TelemetrySourceGeneratorTests.Generate_GivenAsyncMethodsInMultiTarget_RaisesDiagnostics#CounterAttribute.g.verified.cs
  - Received: TelemetrySourceGeneratorTests.Generate_GivenAsyncMethodsInMultiTarget_RaisesDiagnostics#CriticalAttribute.g.received.cs
    Verified: TelemetrySourceGeneratorTests.Generate_GivenAsyncMethodsInMultiTarget_RaisesDiagnostics#CriticalAttribute.g.verified.cs
  - Received: TelemetrySourceGeneratorTests.Generate_GivenAsyncMethodsInMultiTarget_RaisesDiagnostics#DebugAttribute.g.received.cs
    Verified: TelemetrySourceGeneratorTests.Generate_GivenAsyncMethodsInMultiTarget_RaisesDiagnostics#DebugAttribute.g.verified.cs
  - Received: TelemetrySourceGeneratorTests.Generate_GivenAsyncMethodsInMultiTarget_RaisesDiagnostics#ErrorAttribute.g.received.cs
    Verified: TelemetrySourceGeneratorTests.Generate_GivenAsyncMethodsInMultiTarget_RaisesDiagnostics#ErrorAttribute.g.verified.cs
  - Received: TelemetrySourceGeneratorTests.Generate_GivenAsyncMethodsInMultiTarget_RaisesDiagnostics#EscapeAttribute.g.received.cs
    Verified: TelemetrySourceGeneratorTests.Generate_GivenAsyncMethodsInMultiTarget_RaisesDiagnostics#EscapeAttribute.g.verified.cs
  - Received: TelemetrySourceGeneratorTests.Generate_GivenAsyncMethodsInMultiTarget_RaisesDiagnostics#EventAttribute.g.received.cs
    Verified: TelemetrySourceGeneratorTests.Generate_GivenAsyncMethodsInMultiTarget_RaisesDiagnostics#EventAttribute.g.verified.cs
  - Received: TelemetrySourceGeneratorTests.Generate_GivenAsyncMethodsInMultiTarget_RaisesDiagnostics#ExcludeAttribute.g.received.cs
    Verified: TelemetrySourceGeneratorTests.Generate_GivenAsyncMethodsInMultiTarget_RaisesDiagnostics#ExcludeAttribute.g.verified.cs
  - Received: TelemetrySourceGeneratorTests.Generate_GivenAsyncMethodsInMultiTarget_RaisesDiagnostics#ExcludeTargetsAttribute.g.received.cs
    Verified: TelemetrySourceGeneratorTests.Generate_GivenAsyncMethodsInMultiTarget_RaisesDiagnostics#ExcludeTargetsAttribute.g.verified.cs
  - Received: TelemetrySourceGeneratorTests.Generate_GivenAsyncMethodsInMultiTarget_RaisesDiagnostics#ExpandEnumerableAttribute.g.received.cs
    Verified: TelemetrySourceGeneratorTests.Generate_GivenAsyncMethodsInMultiTarget_RaisesDiagnostics#ExpandEnumerableAttribute.g.verified.cs
  - Received: TelemetrySourceGeneratorTests.Generate_GivenAsyncMethodsInMultiTarget_RaisesDiagnostics#HistogramAttribute.g.received.cs
    Verified: TelemetrySourceGeneratorTests.Generate_GivenAsyncMethodsInMultiTarget_RaisesDiagnostics#HistogramAttribute.g.verified.cs
  - Received: TelemetrySourceGeneratorTests.Generate_GivenAsyncMethodsInMultiTarget_RaisesDiagnostics#InfoAttribute.g.received.cs
    Verified: TelemetrySourceGeneratorTests.Generate_GivenAsyncMethodsInMultiTarget_RaisesDiagnostics#InfoAttribute.g.verified.cs
  - Received: TelemetrySourceGeneratorTests.Generate_GivenAsyncMethodsInMultiTarget_RaisesDiagnostics#InstrumentMeasurementAttribute.g.received.cs
    Verified: TelemetrySourceGeneratorTests.Generate_GivenAsyncMethodsInMultiTarget_RaisesDiagnostics#InstrumentMeasurementAttribute.g.verified.cs
  - Received: TelemetrySourceGeneratorTests.Generate_GivenAsyncMethodsInMultiTarget_RaisesDiagnostics#LogAttribute.g.received.cs
    Verified: TelemetrySourceGeneratorTests.Generate_GivenAsyncMethodsInMultiTarget_RaisesDiagnostics#LogAttribute.g.verified.cs
  - Received: TelemetrySourceGeneratorTests.Generate_GivenAsyncMethodsInMultiTarget_RaisesDiagnostics#LoggerAttribute.g.received.cs
    Verified: TelemetrySourceGeneratorTests.Generate_GivenAsyncMethodsInMultiTarget_RaisesDiagnostics#LoggerAttribute.g.verified.cs
  - Received: TelemetrySourceGeneratorTests.Generate_GivenAsyncMethodsInMultiTarget_RaisesDiagnostics#LoggerGenerationAttribute.g.received.cs
    Verified: TelemetrySourceGeneratorTests.Generate_GivenAsyncMethodsInMultiTarget_RaisesDiagnostics#LoggerGenerationAttribute.g.verified.cs
  - Received: TelemetrySourceGeneratorTests.Generate_GivenAsyncMethodsInMultiTarget_RaisesDiagnostics#LoggerGenerationMode.g.received.cs
    Verified: TelemetrySourceGeneratorTests.Generate_GivenAsyncMethodsInMultiTarget_RaisesDiagnostics#LoggerGenerationMode.g.verified.cs
  - Received: TelemetrySourceGeneratorTests.Generate_GivenAsyncMethodsInMultiTarget_RaisesDiagnostics#LogPrefixType.g.received.cs
    Verified: TelemetrySourceGeneratorTests.Generate_GivenAsyncMethodsInMultiTarget_RaisesDiagnostics#LogPrefixType.g.verified.cs
  - Received: TelemetrySourceGeneratorTests.Generate_GivenAsyncMethodsInMultiTarget_RaisesDiagnostics#MeterAttribute.g.received.cs
    Verified: TelemetrySourceGeneratorTests.Generate_GivenAsyncMethodsInMultiTarget_RaisesDiagnostics#MeterAttribute.g.verified.cs
  - Received: TelemetrySourceGeneratorTests.Generate_GivenAsyncMethodsInMultiTarget_RaisesDiagnostics#MeterGenerationAttribute.g.received.cs
    Verified: TelemetrySourceGeneratorTests.Generate_GivenAsyncMethodsInMultiTarget_RaisesDiagnostics#MeterGenerationAttribute.g.verified.cs
  - Received: TelemetrySourceGeneratorTests.Generate_GivenAsyncMethodsInMultiTarget_RaisesDiagnostics#MeterNameGenerationType.g.received.cs
    Verified: TelemetrySourceGeneratorTests.Generate_GivenAsyncMethodsInMultiTarget_RaisesDiagnostics#MeterNameGenerationType.g.verified.cs
  - Received: TelemetrySourceGeneratorTests.Generate_GivenAsyncMethodsInMultiTarget_RaisesDiagnostics#NamingConvention.g.received.cs
    Verified: TelemetrySourceGeneratorTests.Generate_GivenAsyncMethodsInMultiTarget_RaisesDiagnostics#NamingConvention.g.verified.cs
  - Received: TelemetrySourceGeneratorTests.Generate_GivenAsyncMethodsInMultiTarget_RaisesDiagnostics#ObservableCounterAttribute.g.received.cs
    Verified: TelemetrySourceGeneratorTests.Generate_GivenAsyncMethodsInMultiTarget_RaisesDiagnostics#ObservableCounterAttribute.g.verified.cs
  - Received: TelemetrySourceGeneratorTests.Generate_GivenAsyncMethodsInMultiTarget_RaisesDiagnostics#ObservableGaugeAttribute.g.received.cs
    Verified: TelemetrySourceGeneratorTests.Generate_GivenAsyncMethodsInMultiTarget_RaisesDiagnostics#ObservableGaugeAttribute.g.verified.cs
  - Received: TelemetrySourceGeneratorTests.Generate_GivenAsyncMethodsInMultiTarget_RaisesDiagnostics#ObservableUpDownCounterAttribute.g.received.cs
    Verified: TelemetrySourceGeneratorTests.Generate_GivenAsyncMethodsInMultiTarget_RaisesDiagnostics#ObservableUpDownCounterAttribute.g.verified.cs
  - Received: TelemetrySourceGeneratorTests.Generate_GivenAsyncMethodsInMultiTarget_RaisesDiagnostics#Purview.Telemetry.SourceGenerator.TelemetryNames.g.received.cs
    Verified: TelemetrySourceGeneratorTests.Generate_GivenAsyncMethodsInMultiTarget_RaisesDiagnostics#Purview.Telemetry.SourceGenerator.TelemetryNames.g.verified.cs
  - Received: TelemetrySourceGeneratorTests.Generate_GivenAsyncMethodsInMultiTarget_RaisesDiagnostics#StatusDescriptionAttribute.g.received.cs
    Verified: TelemetrySourceGeneratorTests.Generate_GivenAsyncMethodsInMultiTarget_RaisesDiagnostics#StatusDescriptionAttribute.g.verified.cs
  - Received: TelemetrySourceGeneratorTests.Generate_GivenAsyncMethodsInMultiTarget_RaisesDiagnostics#TagAttribute.g.received.cs
    Verified: TelemetrySourceGeneratorTests.Generate_GivenAsyncMethodsInMultiTarget_RaisesDiagnostics#TagAttribute.g.verified.cs
  - Received: TelemetrySourceGeneratorTests.Generate_GivenAsyncMethodsInMultiTarget_RaisesDiagnostics#Targets.g.received.cs
    Verified: TelemetrySourceGeneratorTests.Generate_GivenAsyncMethodsInMultiTarget_RaisesDiagnostics#Targets.g.verified.cs
  - Received: TelemetrySourceGeneratorTests.Generate_GivenAsyncMethodsInMultiTarget_RaisesDiagnostics#TelemetryGenerationAttribute.g.received.cs
    Verified: TelemetrySourceGeneratorTests.Generate_GivenAsyncMethodsInMultiTarget_RaisesDiagnostics#TelemetryGenerationAttribute.g.verified.cs
  - Received: TelemetrySourceGeneratorTests.Generate_GivenAsyncMethodsInMultiTarget_RaisesDiagnostics#Testing.MultiTelemetryCore.Activity.g.received.cs
    Verified: TelemetrySourceGeneratorTests.Generate_GivenAsyncMethodsInMultiTarget_RaisesDiagnostics#Testing.MultiTelemetryCore.Activity.g.verified.cs
  - Received: TelemetrySourceGeneratorTests.Generate_GivenAsyncMethodsInMultiTarget_RaisesDiagnostics#Testing.MultiTelemetryCore.Logging.g.received.cs
    Verified: TelemetrySourceGeneratorTests.Generate_GivenAsyncMethodsInMultiTarget_RaisesDiagnostics#Testing.MultiTelemetryCore.Logging.g.verified.cs
  - Received: TelemetrySourceGeneratorTests.Generate_GivenAsyncMethodsInMultiTarget_RaisesDiagnostics#TraceAttribute.g.received.cs
    Verified: TelemetrySourceGeneratorTests.Generate_GivenAsyncMethodsInMultiTarget_RaisesDiagnostics#TraceAttribute.g.verified.cs
  - Received: TelemetrySourceGeneratorTests.Generate_GivenAsyncMethodsInMultiTarget_RaisesDiagnostics#UpDownCounterAttribute.g.received.cs
    Verified: TelemetrySourceGeneratorTests.Generate_GivenAsyncMethodsInMultiTarget_RaisesDiagnostics#UpDownCounterAttribute.g.verified.cs
  - Received: TelemetrySourceGeneratorTests.Generate_GivenAsyncMethodsInMultiTarget_RaisesDiagnostics#WarningAttribute.g.received.cs
    Verified: TelemetrySourceGeneratorTests.Generate_GivenAsyncMethodsInMultiTarget_RaisesDiagnostics#WarningAttribute.g.verified.cs

  from P:\GitHub\kjldev\purview-telemetry-sourcegenerator\src\Purview.Telemetry.SourceGenerator.IntegrationTests\bin\Release\net10.0\Purview.Telemetry.SourceGenerator.IntegrationTests.dll (net10.0|x64)
  TUnit.Engine.Exceptions.TestFailedException: [Test Failure] VerifyException: Directory: P:\GitHub\kjldev\purview-telemetry-sourcegenerator\src\Purview.Telemetry.SourceGenerator.IntegrationTests\Snapshots
  Delete:
    - TelemetrySourceGeneratorTests.Generate_GivenAsyncMethodsInMultiTarget_RaisesDiagnostics.verified.txt
  Equal:
    - Received: TelemetrySourceGeneratorTests.Generate_GivenAsyncMethodsInMultiTarget_RaisesDiagnostics#ActivityAttribute.g.received.cs
      Verified: TelemetrySourceGeneratorTests.Generate_GivenAsyncMethodsInMultiTarget_RaisesDiagnostics#ActivityAttribute.g.verified.cs
    - Received: TelemetrySourceGeneratorTests.Generate_GivenAsyncMethodsInMultiTarget_RaisesDiagnostics#ActivitySourceAttribute.g.received.cs
      Verified: TelemetrySourceGeneratorTests.Generate_GivenAsyncMethodsInMultiTarget_RaisesDiagnostics#ActivitySourceAttribute.g.verified.cs
    - Received: TelemetrySourceGeneratorTests.Generate_GivenAsyncMethodsInMultiTarget_RaisesDiagnostics#ActivitySourceGenerationAttribute.g.received.cs
      Verified: TelemetrySourceGeneratorTests.Generate_GivenAsyncMethodsInMultiTarget_RaisesDiagnostics#ActivitySourceGenerationAttribute.g.verified.cs
    - Received: TelemetrySourceGeneratorTests.Generate_GivenAsyncMethodsInMultiTarget_RaisesDiagnostics#AutoCounterAttribute.g.received.cs
      Verified: TelemetrySourceGeneratorTests.Generate_GivenAsyncMethodsInMultiTarget_RaisesDiagnostics#AutoCounterAttribute.g.verified.cs
    - Received: TelemetrySourceGeneratorTests.Generate_GivenAsyncMethodsInMultiTarget_RaisesDiagnostics#BaggageAttribute.g.received.cs
      Verified: TelemetrySourceGeneratorTests.Generate_GivenAsyncMethodsInMultiTarget_RaisesDiagnostics#BaggageAttribute.g.verified.cs
    - Received: TelemetrySourceGeneratorTests.Generate_GivenAsyncMethodsInMultiTarget_RaisesDiagnostics#ContextAttribute.g.received.cs
      Verified: TelemetrySourceGeneratorTests.Generate_GivenAsyncMethodsInMultiTarget_RaisesDiagnostics#ContextAttribute.g.verified.cs
    - Received: TelemetrySourceGeneratorTests.Generate_GivenAsyncMethodsInMultiTarget_RaisesDiagnostics#CounterAttribute.g.received.cs
      Verified: TelemetrySourceGeneratorTests.Generate_GivenAsyncMethodsInMultiTarget_RaisesDiagnostics#CounterAttribute.g.verified.cs
    - Received: TelemetrySourceGeneratorTests.Generate_GivenAsyncMethodsInMultiTarget_RaisesDiagnostics#CriticalAttribute.g.received.cs
      Verified: TelemetrySourceGeneratorTests.Generate_GivenAsyncMethodsInMultiTarget_RaisesDiagnostics#CriticalAttribute.g.verified.cs
    - Received: TelemetrySourceGeneratorTests.Generate_GivenAsyncMethodsInMultiTarget_RaisesDiagnostics#DebugAttribute.g.received.cs
      Verified: TelemetrySourceGeneratorTests.Generate_GivenAsyncMethodsInMultiTarget_RaisesDiagnostics#DebugAttribute.g.verified.cs
    - Received: TelemetrySourceGeneratorTests.Generate_GivenAsyncMethodsInMultiTarget_RaisesDiagnostics#ErrorAttribute.g.received.cs
      Verified: TelemetrySourceGeneratorTests.Generate_GivenAsyncMethodsInMultiTarget_RaisesDiagnostics#ErrorAttribute.g.verified.cs
    - Received: TelemetrySourceGeneratorTests.Generate_GivenAsyncMethodsInMultiTarget_RaisesDiagnostics#EscapeAttribute.g.received.cs
      Verified: TelemetrySourceGeneratorTests.Generate_GivenAsyncMethodsInMultiTarget_RaisesDiagnostics#EscapeAttribute.g.verified.cs
    - Received: TelemetrySourceGeneratorTests.Generate_GivenAsyncMethodsInMultiTarget_RaisesDiagnostics#EventAttribute.g.received.cs
      Verified: TelemetrySourceGeneratorTests.Generate_GivenAsyncMethodsInMultiTarget_RaisesDiagnostics#EventAttribute.g.verified.cs
    - Received: TelemetrySourceGeneratorTests.Generate_GivenAsyncMethodsInMultiTarget_RaisesDiagnostics#ExcludeAttribute.g.received.cs
      Verified: TelemetrySourceGeneratorTests.Generate_GivenAsyncMethodsInMultiTarget_RaisesDiagnostics#ExcludeAttribute.g.verified.cs
    - Received: TelemetrySourceGeneratorTests.Generate_GivenAsyncMethodsInMultiTarget_RaisesDiagnostics#ExcludeTargetsAttribute.g.received.cs
      Verified: TelemetrySourceGeneratorTests.Generate_GivenAsyncMethodsInMultiTarget_RaisesDiagnostics#ExcludeTargetsAttribute.g.verified.cs
    - Received: TelemetrySourceGeneratorTests.Generate_GivenAsyncMethodsInMultiTarget_RaisesDiagnostics#ExpandEnumerableAttribute.g.received.cs
      Verified: TelemetrySourceGeneratorTests.Generate_GivenAsyncMethodsInMultiTarget_RaisesDiagnostics#ExpandEnumerableAttribute.g.verified.cs
    - Received: TelemetrySourceGeneratorTests.Generate_GivenAsyncMethodsInMultiTarget_RaisesDiagnostics#HistogramAttribute.g.received.cs
      Verified: TelemetrySourceGeneratorTests.Generate_GivenAsyncMethodsInMultiTarget_RaisesDiagnostics#HistogramAttribute.g.verified.cs
    - Received: TelemetrySourceGeneratorTests.Generate_GivenAsyncMethodsInMultiTarget_RaisesDiagnostics#InfoAttribute.g.received.cs
      Verified: TelemetrySourceGeneratorTests.Generate_GivenAsyncMethodsInMultiTarget_RaisesDiagnostics#InfoAttribute.g.verified.cs
    - Received: TelemetrySourceGeneratorTests.Generate_GivenAsyncMethodsInMultiTarget_RaisesDiagnostics#InstrumentMeasurementAttribute.g.received.cs
      Verified: TelemetrySourceGeneratorTests.Generate_GivenAsyncMethodsInMultiTarget_RaisesDiagnostics#InstrumentMeasurementAttribute.g.verified.cs
    - Received: TelemetrySourceGeneratorTests.Generate_GivenAsyncMethodsInMultiTarget_RaisesDiagnostics#LogAttribute.g.received.cs
      Verified: TelemetrySourceGeneratorTests.Generate_GivenAsyncMethodsInMultiTarget_RaisesDiagnostics#LogAttribute.g.verified.cs
    - Received: TelemetrySourceGeneratorTests.Generate_GivenAsyncMethodsInMultiTarget_RaisesDiagnostics#LoggerAttribute.g.received.cs
      Verified: TelemetrySourceGeneratorTests.Generate_GivenAsyncMethodsInMultiTarget_RaisesDiagnostics#LoggerAttribute.g.verified.cs
    - Received: TelemetrySourceGeneratorTests.Generate_GivenAsyncMethodsInMultiTarget_RaisesDiagnostics#LoggerGenerationAttribute.g.received.cs
      Verified: TelemetrySourceGeneratorTests.Generate_GivenAsyncMethodsInMultiTarget_RaisesDiagnostics#LoggerGenerationAttribute.g.verified.cs
    - Received: TelemetrySourceGeneratorTests.Generate_GivenAsyncMethodsInMultiTarget_RaisesDiagnostics#LoggerGenerationMode.g.received.cs
      Verified: TelemetrySourceGeneratorTests.Generate_GivenAsyncMethodsInMultiTarget_RaisesDiagnostics#LoggerGenerationMode.g.verified.cs
    - Received: TelemetrySourceGeneratorTests.Generate_GivenAsyncMethodsInMultiTarget_RaisesDiagnostics#LogPrefixType.g.received.cs
      Verified: TelemetrySourceGeneratorTests.Generate_GivenAsyncMethodsInMultiTarget_RaisesDiagnostics#LogPrefixType.g.verified.cs
    - Received: TelemetrySourceGeneratorTests.Generate_GivenAsyncMethodsInMultiTarget_RaisesDiagnostics#MeterAttribute.g.received.cs
      Verified: TelemetrySourceGeneratorTests.Generate_GivenAsyncMethodsInMultiTarget_RaisesDiagnostics#MeterAttribute.g.verified.cs
    - Received: TelemetrySourceGeneratorTests.Generate_GivenAsyncMethodsInMultiTarget_RaisesDiagnostics#MeterGenerationAttribute.g.received.cs
      Verified: TelemetrySourceGeneratorTests.Generate_GivenAsyncMethodsInMultiTarget_RaisesDiagnostics#MeterGenerationAttribute.g.verified.cs
    - Received: TelemetrySourceGeneratorTests.Generate_GivenAsyncMethodsInMultiTarget_RaisesDiagnostics#MeterNameGenerationType.g.received.cs
      Verified: TelemetrySourceGeneratorTests.Generate_GivenAsyncMethodsInMultiTarget_RaisesDiagnostics#MeterNameGenerationType.g.verified.cs
    - Received: TelemetrySourceGeneratorTests.Generate_GivenAsyncMethodsInMultiTarget_RaisesDiagnostics#NamingConvention.g.received.cs
      Verified: TelemetrySourceGeneratorTests.Generate_GivenAsyncMethodsInMultiTarget_RaisesDiagnostics#NamingConvention.g.verified.cs
    - Received: TelemetrySourceGeneratorTests.Generate_GivenAsyncMethodsInMultiTarget_RaisesDiagnostics#ObservableCounterAttribute.g.received.cs
      Verified: TelemetrySourceGeneratorTests.Generate_GivenAsyncMethodsInMultiTarget_RaisesDiagnostics#ObservableCounterAttribute.g.verified.cs
    - Received: TelemetrySourceGeneratorTests.Generate_GivenAsyncMethodsInMultiTarget_RaisesDiagnostics#ObservableGaugeAttribute.g.received.cs
      Verified: TelemetrySourceGeneratorTests.Generate_GivenAsyncMethodsInMultiTarget_RaisesDiagnostics#ObservableGaugeAttribute.g.verified.cs
    - Received: TelemetrySourceGeneratorTests.Generate_GivenAsyncMethodsInMultiTarget_RaisesDiagnostics#ObservableUpDownCounterAttribute.g.received.cs
      Verified: TelemetrySourceGeneratorTests.Generate_GivenAsyncMethodsInMultiTarget_RaisesDiagnostics#ObservableUpDownCounterAttribute.g.verified.cs
    - Received: TelemetrySourceGeneratorTests.Generate_GivenAsyncMethodsInMultiTarget_RaisesDiagnostics#Purview.Telemetry.SourceGenerator.TelemetryNames.g.received.cs
      Verified: TelemetrySourceGeneratorTests.Generate_GivenAsyncMethodsInMultiTarget_RaisesDiagnostics#Purview.Telemetry.SourceGenerator.TelemetryNames.g.verified.cs
    - Received: TelemetrySourceGeneratorTests.Generate_GivenAsyncMethodsInMultiTarget_RaisesDiagnostics#StatusDescriptionAttribute.g.received.cs
      Verified: TelemetrySourceGeneratorTests.Generate_GivenAsyncMethodsInMultiTarget_RaisesDiagnostics#StatusDescriptionAttribute.g.verified.cs
    - Received: TelemetrySourceGeneratorTests.Generate_GivenAsyncMethodsInMultiTarget_RaisesDiagnostics#TagAttribute.g.received.cs
      Verified: TelemetrySourceGeneratorTests.Generate_GivenAsyncMethodsInMultiTarget_RaisesDiagnostics#TagAttribute.g.verified.cs
    - Received: TelemetrySourceGeneratorTests.Generate_GivenAsyncMethodsInMultiTarget_RaisesDiagnostics#Targets.g.received.cs
      Verified: TelemetrySourceGeneratorTests.Generate_GivenAsyncMethodsInMultiTarget_RaisesDiagnostics#Targets.g.verified.cs
    - Received: TelemetrySourceGeneratorTests.Generate_GivenAsyncMethodsInMultiTarget_RaisesDiagnostics#TelemetryGenerationAttribute.g.received.cs
      Verified: TelemetrySourceGeneratorTests.Generate_GivenAsyncMethodsInMultiTarget_RaisesDiagnostics#TelemetryGenerationAttribute.g.verified.cs
    - Received: TelemetrySourceGeneratorTests.Generate_GivenAsyncMethodsInMultiTarget_RaisesDiagnostics#Testing.MultiTelemetryCore.Activity.g.received.cs
      Verified: TelemetrySourceGeneratorTests.Generate_GivenAsyncMethodsInMultiTarget_RaisesDiagnostics#Testing.MultiTelemetryCore.Activity.g.verified.cs
    - Received: TelemetrySourceGeneratorTests.Generate_GivenAsyncMethodsInMultiTarget_RaisesDiagnostics#Testing.MultiTelemetryCore.Logging.g.received.cs
      Verified: TelemetrySourceGeneratorTests.Generate_GivenAsyncMethodsInMultiTarget_RaisesDiagnostics#Testing.MultiTelemetryCore.Logging.g.verified.cs
    - Received: TelemetrySourceGeneratorTests.Generate_GivenAsyncMethodsInMultiTarget_RaisesDiagnostics#TraceAttribute.g.received.cs
      Verified: TelemetrySourceGeneratorTests.Generate_GivenAsyncMethodsInMultiTarget_RaisesDiagnostics#TraceAttribute.g.verified.cs
    - Received: TelemetrySourceGeneratorTests.Generate_GivenAsyncMethodsInMultiTarget_RaisesDiagnostics#UpDownCounterAttribute.g.received.cs
      Verified: TelemetrySourceGeneratorTests.Generate_GivenAsyncMethodsInMultiTarget_RaisesDiagnostics#UpDownCounterAttribute.g.verified.cs
    - Received: TelemetrySourceGeneratorTests.Generate_GivenAsyncMethodsInMultiTarget_RaisesDiagnostics#WarningAttribute.g.received.cs
      Verified: TelemetrySourceGeneratorTests.Generate_GivenAsyncMethodsInMultiTarget_RaisesDiagnostics#WarningAttribute.g.verified.cs
  
  Standard output
    DBG: --- Adding templates.
    DBG: Adding ActivitySourceGenerationAttribute as ActivitySourceGenerationAttribute.g.cs.
    DBG: Adding ActivitySourceAttribute as ActivitySourceAttribute.g.cs.
    DBG: Adding ActivityAttribute as ActivityAttribute.g.cs.
    DBG: Adding EventAttribute as EventAttribute.g.cs.
    DBG: Adding ContextAttribute as ContextAttribute.g.cs.
    DBG: Adding BaggageAttribute as BaggageAttribute.g.cs.
    DBG: Adding EscapeAttribute as EscapeAttribute.g.cs.
    DBG: Adding StatusDescriptionAttribute as StatusDescriptionAttribute.g.cs.
    DBG: Adding LoggerGenerationAttribute as LoggerGenerationAttribute.g.cs.
    DBG: Adding LoggerAttribute as LoggerAttribute.g.cs.
    DBG: Adding LogAttribute as LogAttribute.g.cs.
    DBG: Adding LogPrefixType as LogPrefixType.g.cs.
    DBG: Adding LoggerGenerationMode as LoggerGenerationMode.g.cs.
    DBG: Adding ExpandEnumerableAttribute as ExpandEnumerableAttribute.g.cs.
    DBG: Adding TraceAttribute as TraceAttribute.g.cs.
    DBG: Adding DebugAttribute as DebugAttribute.g.cs.
    DBG: Adding InfoAttribute as InfoAttribute.g.cs.
    DBG: Adding WarningAttribute as WarningAttribute.g.cs.
    DBG: Adding ErrorAttribute as ErrorAttribute.g.cs.
    DBG: Adding CriticalAttribute as CriticalAttribute.g.cs.
    DBG: Adding MeterGenerationAttribute as MeterGenerationAttribute.g.cs.
    DBG: Adding MeterAttribute as MeterAttribute.g.cs.
    DBG: Adding MeterNameGenerationType as MeterNameGenerationType.g.cs.
    DBG: Adding InstrumentMeasurementAttribute as InstrumentMeasurementAttribute.g.cs.
    DBG: Adding AutoCounterAttribute as AutoCounterAttribute.g.cs.
    DBG: Adding CounterAttribute as CounterAttribute.g.cs.
    DBG: Adding UpDownCounterAttribute as UpDownCounterAttribute.g.cs.
    DBG: Adding HistogramAttribute as HistogramAttribute.g.cs.
    DBG: Adding ObservableCounterAttribute as ObservableCounterAttribute.g.cs.
    DBG: Adding ObservableGaugeAttribute as ObservableGaugeAttribute.g.cs.
    DBG: Adding ObservableUpDownCounterAttribute as ObservableUpDownCounterAttribute.g.cs.
    DBG: Adding TagAttribute as TagAttribute.g.cs.
    DBG: Adding ExcludeAttribute as ExcludeAttribute.g.cs.
    DBG: Adding TelemetryGenerationAttribute as TelemetryGenerationAttribute.g.cs.
    DBG: Adding Targets as Targets.g.cs.
    DBG: Adding NamingConvention as NamingConvention.g.cs.
    DBG: Adding ExcludeTargetsAttribute as ExcludeTargetsAttribute.g.cs.
    DBG: --- Finished adding templates.
    DBG: Found attribute: Purview.Telemetry.ActivitySourceAttribute("testing-activity-source")
    DBG: Found attribute: Purview.Telemetry.TelemetryGenerationAttribute(GenerateDependencyExtension = false)
    DBG: Found attribute: Purview.Telemetry.ActivityAttribute
    DBG: Found explicit activity: StartActivity.
    DBG: Found Activity method IMultiTelemetry.StartActivity.
    DBG: Found explicit tag: operationId.
    DBG: Found attribute: Purview.Telemetry.TagAttribute
    DBG: Defaulting to activity: LogOperationAsync.
    DBG: Found Activity method IMultiTelemetry.LogOperationAsync.
    DBG: Inferring tag: operationId.
    DBG: Inferring tag: message.
    DBG: Defaulting to activity: InfoAsync.
    DBG: Found Activity method IMultiTelemetry.InfoAsync.
    DBG: Inferring tag: message.
    DBG: Activity generation target: Testing.MultiTelemetryCore
    DBG: Generating activity class for: Testing.MultiTelemetryCore
    DBG: Generating RecordExceptionInternal.
    DBG: Skipping dependency injection emit.
    DBG: Found attribute: Purview.Telemetry.LoggerAttribute
    DBG: Found attribute: Purview.Telemetry.TelemetryGenerationAttribute(GenerateDependencyExtension = false)
    DBG: Skipping IMultiTelemetry.StartActivity from logging - no explicit Logging attribute on multi-target interface.
    DBG: Found attribute: Purview.Telemetry.LogAttribute
    DBG: Found method IMultiTelemetry.LogOperationAsync.
    DIA: Log method LogOperationAsync must return void or IDisposable (for scoped logs), but returns System.Threading.Tasks.Task.
    DBG: Found attribute: Purview.Telemetry.InfoAttribute(null, null)
    DBG: Found method IMultiTelemetry.InfoAsync.
    DIA: Log method InfoAsync must return void or IDisposable (for scoped logs), but returns System.Threading.Tasks.ValueTask.
    DBG: Logger generation target: Testing.MultiTelemetryCore
    DBG: Generating MS Gen-based logging class for: Testing.MultiTelemetryCore
    DBG: Skipping dependency injection emit.
    DBG: Found attribute: Purview.Telemetry.ActivitySourceAttribute("testing-activity-source")
    DBG: Found attribute: Purview.Telemetry.TelemetryGenerationAttribute(GenerateDependencyExtension = false)
    DBG: Found attribute: Purview.Telemetry.ActivityAttribute
    DBG: Found explicit activity: StartActivity.
    DBG: Found Activity method IMultiTelemetry.StartActivity.
    DBG: Found explicit tag: operationId.
    DBG: Found attribute: Purview.Telemetry.TagAttribute
    DBG: Defaulting to activity: LogOperationAsync.
    DBG: Found Activity method IMultiTelemetry.LogOperationAsync.
    DBG: Inferring tag: operationId.
    DBG: Inferring tag: message.
    DBG: Defaulting to activity: InfoAsync.
    DBG: Found Activity method IMultiTelemetry.InfoAsync.
    DBG: Inferring tag: message.
    DBG: Generating Telemetry Names using class 'TelemetryNames'.
    
  Error output
failed Generate_GivenDuplicateLoggingMethodNames_GeneratesDiagnostic(LoggerOnly) (4s 807ms)
  [Test Failure] VerifyException: Directory: P:\GitHub\kjldev\purview-telemetry-sourcegenerator\src\Purview.Telemetry.SourceGenerator.IntegrationTests\Snapshots
Delete:
  - TelemetrySourceGeneratorTests.Generate_GivenDuplicateLoggingMethodNames_GeneratesDiagnostic_CAqe1ChVnvYCZotMAPEU8aEcP2sCpDXwvcFUV45NfyI.verified.txt
Equal:
  - Received: TelemetrySourceGeneratorTests.Generate_GivenDuplicateLoggingMethodNames_GeneratesDiagnostic_CAqe1ChVnvYCZotMAPEU8aEcP2sCpDXwvcFUV45NfyI#ActivityAttribute.g.received.cs
    Verified: TelemetrySourceGeneratorTests.Generate_GivenDuplicateLoggingMethodNames_GeneratesDiagnostic_CAqe1ChVnvYCZotMAPEU8aEcP2sCpDXwvcFUV45NfyI#ActivityAttribute.g.verified.cs
  - Received: TelemetrySourceGeneratorTests.Generate_GivenDuplicateLoggingMethodNames_GeneratesDiagnostic_CAqe1ChVnvYCZotMAPEU8aEcP2sCpDXwvcFUV45NfyI#ActivitySourceAttribute.g.received.cs
    Verified: TelemetrySourceGeneratorTests.Generate_GivenDuplicateLoggingMethodNames_GeneratesDiagnostic_CAqe1ChVnvYCZotMAPEU8aEcP2sCpDXwvcFUV45NfyI#ActivitySourceAttribute.g.verified.cs
  - Received: TelemetrySourceGeneratorTests.Generate_GivenDuplicateLoggingMethodNames_GeneratesDiagnostic_CAqe1ChVnvYCZotMAPEU8aEcP2sCpDXwvcFUV45NfyI#ActivitySourceGenerationAttribute.g.received.cs
    Verified: TelemetrySourceGeneratorTests.Generate_GivenDuplicateLoggingMethodNames_GeneratesDiagnostic_CAqe1ChVnvYCZotMAPEU8aEcP2sCpDXwvcFUV45NfyI#ActivitySourceGenerationAttribute.g.verified.cs
  - Received: TelemetrySourceGeneratorTests.Generate_GivenDuplicateLoggingMethodNames_GeneratesDiagnostic_CAqe1ChVnvYCZotMAPEU8aEcP2sCpDXwvcFUV45NfyI#AutoCounterAttribute.g.received.cs
    Verified: TelemetrySourceGeneratorTests.Generate_GivenDuplicateLoggingMethodNames_GeneratesDiagnostic_CAqe1ChVnvYCZotMAPEU8aEcP2sCpDXwvcFUV45NfyI#AutoCounterAttribute.g.verified.cs
  - Received: TelemetrySourceGeneratorTests.Generate_GivenDuplicateLoggingMethodNames_GeneratesDiagnostic_CAqe1ChVnvYCZotMAPEU8aEcP2sCpDXwvcFUV45NfyI#BaggageAttribute.g.received.cs
    Verified: TelemetrySourceGeneratorTests.Generate_GivenDuplicateLoggingMethodNames_GeneratesDiagnostic_CAqe1ChVnvYCZotMAPEU8aEcP2sCpDXwvcFUV45NfyI#BaggageAttribute.g.verified.cs
  - Received: TelemetrySourceGeneratorTests.Generate_GivenDuplicateLoggingMethodNames_GeneratesDiagnostic_CAqe1ChVnvYCZotMAPEU8aEcP2sCpDXwvcFUV45NfyI#ContextAttribute.g.received.cs
    Verified: TelemetrySourceGeneratorTests.Generate_GivenDuplicateLoggingMethodNames_GeneratesDiagnostic_CAqe1ChVnvYCZotMAPEU8aEcP2sCpDXwvcFUV45NfyI#ContextAttribute.g.verified.cs
  - Received: TelemetrySourceGeneratorTests.Generate_GivenDuplicateLoggingMethodNames_GeneratesDiagnostic_CAqe1ChVnvYCZotMAPEU8aEcP2sCpDXwvcFUV45NfyI#CounterAttribute.g.received.cs
    Verified: TelemetrySourceGeneratorTests.Generate_GivenDuplicateLoggingMethodNames_GeneratesDiagnostic_CAqe1ChVnvYCZotMAPEU8aEcP2sCpDXwvcFUV45NfyI#CounterAttribute.g.verified.cs
  - Received: TelemetrySourceGeneratorTests.Generate_GivenDuplicateLoggingMethodNames_GeneratesDiagnostic_CAqe1ChVnvYCZotMAPEU8aEcP2sCpDXwvcFUV45NfyI#CriticalAttribute.g.received.cs
    Verified: TelemetrySourceGeneratorTests.Generate_GivenDuplicateLoggingMethodNames_GeneratesDiagnostic_CAqe1ChVnvYCZotMAPEU8aEcP2sCpDXwvcFUV45NfyI#CriticalAttribute.g.verified.cs
  - Received: TelemetrySourceGeneratorTests.Generate_GivenDuplicateLoggingMethodNames_GeneratesDiagnostic_CAqe1ChVnvYCZotMAPEU8aEcP2sCpDXwvcFUV45NfyI#DebugAttribute.g.received.cs
    Verified: TelemetrySourceGeneratorTests.Generate_GivenDuplicateLoggingMethodNames_GeneratesDiagnostic_CAqe1ChVnvYCZotMAPEU8aEcP2sCpDXwvcFUV45NfyI#DebugAttribute.g.verified.cs
  - Received: TelemetrySourceGeneratorTests.Generate_GivenDuplicateLoggingMethodNames_GeneratesDiagnostic_CAqe1ChVnvYCZotMAPEU8aEcP2sCpDXwvcFUV45NfyI#ErrorAttribute.g.received.cs
    Verified: TelemetrySourceGeneratorTests.Generate_GivenDuplicateLoggingMethodNames_GeneratesDiagnostic_CAqe1ChVnvYCZotMAPEU8aEcP2sCpDXwvcFUV45NfyI#ErrorAttribute.g.verified.cs
  - Received: TelemetrySourceGeneratorTests.Generate_GivenDuplicateLoggingMethodNames_GeneratesDiagnostic_CAqe1ChVnvYCZotMAPEU8aEcP2sCpDXwvcFUV45NfyI#EscapeAttribute.g.received.cs
    Verified: TelemetrySourceGeneratorTests.Generate_GivenDuplicateLoggingMethodNames_GeneratesDiagnostic_CAqe1ChVnvYCZotMAPEU8aEcP2sCpDXwvcFUV45NfyI#EscapeAttribute.g.verified.cs
  - Received: TelemetrySourceGeneratorTests.Generate_GivenDuplicateLoggingMethodNames_GeneratesDiagnostic_CAqe1ChVnvYCZotMAPEU8aEcP2sCpDXwvcFUV45NfyI#EventAttribute.g.received.cs
    Verified: TelemetrySourceGeneratorTests.Generate_GivenDuplicateLoggingMethodNames_GeneratesDiagnostic_CAqe1ChVnvYCZotMAPEU8aEcP2sCpDXwvcFUV45NfyI#EventAttribute.g.verified.cs
  - Received: TelemetrySourceGeneratorTests.Generate_GivenDuplicateLoggingMethodNames_GeneratesDiagnostic_CAqe1ChVnvYCZotMAPEU8aEcP2sCpDXwvcFUV45NfyI#ExcludeAttribute.g.received.cs
    Verified: TelemetrySourceGeneratorTests.Generate_GivenDuplicateLoggingMethodNames_GeneratesDiagnostic_CAqe1ChVnvYCZotMAPEU8aEcP2sCpDXwvcFUV45NfyI#ExcludeAttribute.g.verified.cs
  - Received: TelemetrySourceGeneratorTests.Generate_GivenDuplicateLoggingMethodNames_GeneratesDiagnostic_CAqe1ChVnvYCZotMAPEU8aEcP2sCpDXwvcFUV45NfyI#ExcludeTargetsAttribute.g.received.cs
    Verified: TelemetrySourceGeneratorTests.Generate_GivenDuplicateLoggingMethodNames_GeneratesDiagnostic_CAqe1ChVnvYCZotMAPEU8aEcP2sCpDXwvcFUV45NfyI#ExcludeTargetsAttribute.g.verified.cs
  - Received: TelemetrySourceGeneratorTests.Generate_GivenDuplicateLoggingMethodNames_GeneratesDiagnostic_CAqe1ChVnvYCZotMAPEU8aEcP2sCpDXwvcFUV45NfyI#ExpandEnumerableAttribute.g.received.cs
    Verified: TelemetrySourceGeneratorTests.Generate_GivenDuplicateLoggingMethodNames_GeneratesDiagnostic_CAqe1ChVnvYCZotMAPEU8aEcP2sCpDXwvcFUV45NfyI#ExpandEnumerableAttribute.g.verified.cs
  - Received: TelemetrySourceGeneratorTests.Generate_GivenDuplicateLoggingMethodNames_GeneratesDiagnostic_CAqe1ChVnvYCZotMAPEU8aEcP2sCpDXwvcFUV45NfyI#HistogramAttribute.g.received.cs
    Verified: TelemetrySourceGeneratorTests.Generate_GivenDuplicateLoggingMethodNames_GeneratesDiagnostic_CAqe1ChVnvYCZotMAPEU8aEcP2sCpDXwvcFUV45NfyI#HistogramAttribute.g.verified.cs
  - Received: TelemetrySourceGeneratorTests.Generate_GivenDuplicateLoggingMethodNames_GeneratesDiagnostic_CAqe1ChVnvYCZotMAPEU8aEcP2sCpDXwvcFUV45NfyI#InfoAttribute.g.received.cs
    Verified: TelemetrySourceGeneratorTests.Generate_GivenDuplicateLoggingMethodNames_GeneratesDiagnostic_CAqe1ChVnvYCZotMAPEU8aEcP2sCpDXwvcFUV45NfyI#InfoAttribute.g.verified.cs
  - Received: TelemetrySourceGeneratorTests.Generate_GivenDuplicateLoggingMethodNames_GeneratesDiagnostic_CAqe1ChVnvYCZotMAPEU8aEcP2sCpDXwvcFUV45NfyI#InstrumentMeasurementAttribute.g.received.cs
    Verified: TelemetrySourceGeneratorTests.Generate_GivenDuplicateLoggingMethodNames_GeneratesDiagnostic_CAqe1ChVnvYCZotMAPEU8aEcP2sCpDXwvcFUV45NfyI#InstrumentMeasurementAttribute.g.verified.cs
  - Received: TelemetrySourceGeneratorTests.Generate_GivenDuplicateLoggingMethodNames_GeneratesDiagnostic_CAqe1ChVnvYCZotMAPEU8aEcP2sCpDXwvcFUV45NfyI#LogAttribute.g.received.cs
    Verified: TelemetrySourceGeneratorTests.Generate_GivenDuplicateLoggingMethodNames_GeneratesDiagnostic_CAqe1ChVnvYCZotMAPEU8aEcP2sCpDXwvcFUV45NfyI#LogAttribute.g.verified.cs
  - Received: TelemetrySourceGeneratorTests.Generate_GivenDuplicateLoggingMethodNames_GeneratesDiagnostic_CAqe1ChVnvYCZotMAPEU8aEcP2sCpDXwvcFUV45NfyI#LoggerAttribute.g.received.cs
    Verified: TelemetrySourceGeneratorTests.Generate_GivenDuplicateLoggingMethodNames_GeneratesDiagnostic_CAqe1ChVnvYCZotMAPEU8aEcP2sCpDXwvcFUV45NfyI#LoggerAttribute.g.verified.cs
  - Received: TelemetrySourceGeneratorTests.Generate_GivenDuplicateLoggingMethodNames_GeneratesDiagnostic_CAqe1ChVnvYCZotMAPEU8aEcP2sCpDXwvcFUV45NfyI#LoggerGenerationAttribute.g.received.cs
    Verified: TelemetrySourceGeneratorTests.Generate_GivenDuplicateLoggingMethodNames_GeneratesDiagnostic_CAqe1ChVnvYCZotMAPEU8aEcP2sCpDXwvcFUV45NfyI#LoggerGenerationAttribute.g.verified.cs
  - Received: TelemetrySourceGeneratorTests.Generate_GivenDuplicateLoggingMethodNames_GeneratesDiagnostic_CAqe1ChVnvYCZotMAPEU8aEcP2sCpDXwvcFUV45NfyI#LoggerGenerationMode.g.received.cs
    Verified: TelemetrySourceGeneratorTests.Generate_GivenDuplicateLoggingMethodNames_GeneratesDiagnostic_CAqe1ChVnvYCZotMAPEU8aEcP2sCpDXwvcFUV45NfyI#LoggerGenerationMode.g.verified.cs
  - Received: TelemetrySourceGeneratorTests.Generate_GivenDuplicateLoggingMethodNames_GeneratesDiagnostic_CAqe1ChVnvYCZotMAPEU8aEcP2sCpDXwvcFUV45NfyI#LogPrefixType.g.received.cs
    Verified: TelemetrySourceGeneratorTests.Generate_GivenDuplicateLoggingMethodNames_GeneratesDiagnostic_CAqe1ChVnvYCZotMAPEU8aEcP2sCpDXwvcFUV45NfyI#LogPrefixType.g.verified.cs
  - Received: TelemetrySourceGeneratorTests.Generate_GivenDuplicateLoggingMethodNames_GeneratesDiagnostic_CAqe1ChVnvYCZotMAPEU8aEcP2sCpDXwvcFUV45NfyI#MeterAttribute.g.received.cs
    Verified: TelemetrySourceGeneratorTests.Generate_GivenDuplicateLoggingMethodNames_GeneratesDiagnostic_CAqe1ChVnvYCZotMAPEU8aEcP2sCpDXwvcFUV45NfyI#MeterAttribute.g.verified.cs
  - Received: TelemetrySourceGeneratorTests.Generate_GivenDuplicateLoggingMethodNames_GeneratesDiagnostic_CAqe1ChVnvYCZotMAPEU8aEcP2sCpDXwvcFUV45NfyI#MeterGenerationAttribute.g.received.cs
    Verified: TelemetrySourceGeneratorTests.Generate_GivenDuplicateLoggingMethodNames_GeneratesDiagnostic_CAqe1ChVnvYCZotMAPEU8aEcP2sCpDXwvcFUV45NfyI#MeterGenerationAttribute.g.verified.cs
  - Received: TelemetrySourceGeneratorTests.Generate_GivenDuplicateLoggingMethodNames_GeneratesDiagnostic_CAqe1ChVnvYCZotMAPEU8aEcP2sCpDXwvcFUV45NfyI#MeterNameGenerationType.g.received.cs
    Verified: TelemetrySourceGeneratorTests.Generate_GivenDuplicateLoggingMethodNames_GeneratesDiagnostic_CAqe1ChVnvYCZotMAPEU8aEcP2sCpDXwvcFUV45NfyI#MeterNameGenerationType.g.verified.cs
  - Received: TelemetrySourceGeneratorTests.Generate_GivenDuplicateLoggingMethodNames_GeneratesDiagnostic_CAqe1ChVnvYCZotMAPEU8aEcP2sCpDXwvcFUV45NfyI#NamingConvention.g.received.cs
    Verified: TelemetrySourceGeneratorTests.Generate_GivenDuplicateLoggingMethodNames_GeneratesDiagnostic_CAqe1ChVnvYCZotMAPEU8aEcP2sCpDXwvcFUV45NfyI#NamingConvention.g.verified.cs
  - Received: TelemetrySourceGeneratorTests.Generate_GivenDuplicateLoggingMethodNames_GeneratesDiagnostic_CAqe1ChVnvYCZotMAPEU8aEcP2sCpDXwvcFUV45NfyI#ObservableCounterAttribute.g.received.cs
    Verified: TelemetrySourceGeneratorTests.Generate_GivenDuplicateLoggingMethodNames_GeneratesDiagnostic_CAqe1ChVnvYCZotMAPEU8aEcP2sCpDXwvcFUV45NfyI#ObservableCounterAttribute.g.verified.cs
  - Received: TelemetrySourceGeneratorTests.Generate_GivenDuplicateLoggingMethodNames_GeneratesDiagnostic_CAqe1ChVnvYCZotMAPEU8aEcP2sCpDXwvcFUV45NfyI#ObservableGaugeAttribute.g.received.cs
    Verified: TelemetrySourceGeneratorTests.Generate_GivenDuplicateLoggingMethodNames_GeneratesDiagnostic_CAqe1ChVnvYCZotMAPEU8aEcP2sCpDXwvcFUV45NfyI#ObservableGaugeAttribute.g.verified.cs
  - Received: TelemetrySourceGeneratorTests.Generate_GivenDuplicateLoggingMethodNames_GeneratesDiagnostic_CAqe1ChVnvYCZotMAPEU8aEcP2sCpDXwvcFUV45NfyI#ObservableUpDownCounterAttribute.g.received.cs
    Verified: TelemetrySourceGeneratorTests.Generate_GivenDuplicateLoggingMethodNames_GeneratesDiagnostic_CAqe1ChVnvYCZotMAPEU8aEcP2sCpDXwvcFUV45NfyI#ObservableUpDownCounterAttribute.g.verified.cs
  - Received: TelemetrySourceGeneratorTests.Generate_GivenDuplicateLoggingMethodNames_GeneratesDiagnostic_CAqe1ChVnvYCZotMAPEU8aEcP2sCpDXwvcFUV45NfyI#StatusDescriptionAttribute.g.received.cs
    Verified: TelemetrySourceGeneratorTests.Generate_GivenDuplicateLoggingMethodNames_GeneratesDiagnostic_CAqe1ChVnvYCZotMAPEU8aEcP2sCpDXwvcFUV45NfyI#StatusDescriptionAttribute.g.verified.cs
  - Received: TelemetrySourceGeneratorTests.Generate_GivenDuplicateLoggingMethodNames_GeneratesDiagnostic_CAqe1ChVnvYCZotMAPEU8aEcP2sCpDXwvcFUV45NfyI#TagAttribute.g.received.cs
    Verified: TelemetrySourceGeneratorTests.Generate_GivenDuplicateLoggingMethodNames_GeneratesDiagnostic_CAqe1ChVnvYCZotMAPEU8aEcP2sCpDXwvcFUV45NfyI#TagAttribute.g.verified.cs
  - Received: TelemetrySourceGeneratorTests.Generate_GivenDuplicateLoggingMethodNames_GeneratesDiagnostic_CAqe1ChVnvYCZotMAPEU8aEcP2sCpDXwvcFUV45NfyI#Targets.g.received.cs
    Verified: TelemetrySourceGeneratorTests.Generate_GivenDuplicateLoggingMethodNames_GeneratesDiagnostic_CAqe1ChVnvYCZotMAPEU8aEcP2sCpDXwvcFUV45NfyI#Targets.g.verified.cs
  - Received: TelemetrySourceGeneratorTests.Generate_GivenDuplicateLoggingMethodNames_GeneratesDiagnostic_CAqe1ChVnvYCZotMAPEU8aEcP2sCpDXwvcFUV45NfyI#TelemetryGenerationAttribute.g.received.cs
    Verified: TelemetrySourceGeneratorTests.Generate_GivenDuplicateLoggingMethodNames_GeneratesDiagnostic_CAqe1ChVnvYCZotMAPEU8aEcP2sCpDXwvcFUV45NfyI#TelemetryGenerationAttribute.g.verified.cs
  - Received: TelemetrySourceGeneratorTests.Generate_GivenDuplicateLoggingMethodNames_GeneratesDiagnostic_CAqe1ChVnvYCZotMAPEU8aEcP2sCpDXwvcFUV45NfyI#TestTelemetryCore.Logging.g.received.cs
    Verified: TelemetrySourceGeneratorTests.Generate_GivenDuplicateLoggingMethodNames_GeneratesDiagnostic_CAqe1ChVnvYCZotMAPEU8aEcP2sCpDXwvcFUV45NfyI#TestTelemetryCore.Logging.g.verified.cs
  - Received: TelemetrySourceGeneratorTests.Generate_GivenDuplicateLoggingMethodNames_GeneratesDiagnostic_CAqe1ChVnvYCZotMAPEU8aEcP2sCpDXwvcFUV45NfyI#TraceAttribute.g.received.cs
    Verified: TelemetrySourceGeneratorTests.Generate_GivenDuplicateLoggingMethodNames_GeneratesDiagnostic_CAqe1ChVnvYCZotMAPEU8aEcP2sCpDXwvcFUV45NfyI#TraceAttribute.g.verified.cs
  - Received: TelemetrySourceGeneratorTests.Generate_GivenDuplicateLoggingMethodNames_GeneratesDiagnostic_CAqe1ChVnvYCZotMAPEU8aEcP2sCpDXwvcFUV45NfyI#UpDownCounterAttribute.g.received.cs
    Verified: TelemetrySourceGeneratorTests.Generate_GivenDuplicateLoggingMethodNames_GeneratesDiagnostic_CAqe1ChVnvYCZotMAPEU8aEcP2sCpDXwvcFUV45NfyI#UpDownCounterAttribute.g.verified.cs
  - Received: TelemetrySourceGeneratorTests.Generate_GivenDuplicateLoggingMethodNames_GeneratesDiagnostic_CAqe1ChVnvYCZotMAPEU8aEcP2sCpDXwvcFUV45NfyI#WarningAttribute.g.received.cs
    Verified: TelemetrySourceGeneratorTests.Generate_GivenDuplicateLoggingMethodNames_GeneratesDiagnostic_CAqe1ChVnvYCZotMAPEU8aEcP2sCpDXwvcFUV45NfyI#WarningAttribute.g.verified.cs

  from P:\GitHub\kjldev\purview-telemetry-sourcegenerator\src\Purview.Telemetry.SourceGenerator.IntegrationTests\bin\Release\net10.0\Purview.Telemetry.SourceGenerator.IntegrationTests.dll (net10.0|x64)
  TUnit.Engine.Exceptions.TestFailedException: [Test Failure] VerifyException: Directory: P:\GitHub\kjldev\purview-telemetry-sourcegenerator\src\Purview.Telemetry.SourceGenerator.IntegrationTests\Snapshots
  Delete:
    - TelemetrySourceGeneratorTests.Generate_GivenDuplicateLoggingMethodNames_GeneratesDiagnostic_CAqe1ChVnvYCZotMAPEU8aEcP2sCpDXwvcFUV45NfyI.verified.txt
  Equal:
    - Received: TelemetrySourceGeneratorTests.Generate_GivenDuplicateLoggingMethodNames_GeneratesDiagnostic_CAqe1ChVnvYCZotMAPEU8aEcP2sCpDXwvcFUV45NfyI#ActivityAttribute.g.received.cs
      Verified: TelemetrySourceGeneratorTests.Generate_GivenDuplicateLoggingMethodNames_GeneratesDiagnostic_CAqe1ChVnvYCZotMAPEU8aEcP2sCpDXwvcFUV45NfyI#ActivityAttribute.g.verified.cs
    - Received: TelemetrySourceGeneratorTests.Generate_GivenDuplicateLoggingMethodNames_GeneratesDiagnostic_CAqe1ChVnvYCZotMAPEU8aEcP2sCpDXwvcFUV45NfyI#ActivitySourceAttribute.g.received.cs
      Verified: TelemetrySourceGeneratorTests.Generate_GivenDuplicateLoggingMethodNames_GeneratesDiagnostic_CAqe1ChVnvYCZotMAPEU8aEcP2sCpDXwvcFUV45NfyI#ActivitySourceAttribute.g.verified.cs
    - Received: TelemetrySourceGeneratorTests.Generate_GivenDuplicateLoggingMethodNames_GeneratesDiagnostic_CAqe1ChVnvYCZotMAPEU8aEcP2sCpDXwvcFUV45NfyI#ActivitySourceGenerationAttribute.g.received.cs
      Verified: TelemetrySourceGeneratorTests.Generate_GivenDuplicateLoggingMethodNames_GeneratesDiagnostic_CAqe1ChVnvYCZotMAPEU8aEcP2sCpDXwvcFUV45NfyI#ActivitySourceGenerationAttribute.g.verified.cs
    - Received: TelemetrySourceGeneratorTests.Generate_GivenDuplicateLoggingMethodNames_GeneratesDiagnostic_CAqe1ChVnvYCZotMAPEU8aEcP2sCpDXwvcFUV45NfyI#AutoCounterAttribute.g.received.cs
      Verified: TelemetrySourceGeneratorTests.Generate_GivenDuplicateLoggingMethodNames_GeneratesDiagnostic_CAqe1ChVnvYCZotMAPEU8aEcP2sCpDXwvcFUV45NfyI#AutoCounterAttribute.g.verified.cs
    - Received: TelemetrySourceGeneratorTests.Generate_GivenDuplicateLoggingMethodNames_GeneratesDiagnostic_CAqe1ChVnvYCZotMAPEU8aEcP2sCpDXwvcFUV45NfyI#BaggageAttribute.g.received.cs
      Verified: TelemetrySourceGeneratorTests.Generate_GivenDuplicateLoggingMethodNames_GeneratesDiagnostic_CAqe1ChVnvYCZotMAPEU8aEcP2sCpDXwvcFUV45NfyI#BaggageAttribute.g.verified.cs
    - Received: TelemetrySourceGeneratorTests.Generate_GivenDuplicateLoggingMethodNames_GeneratesDiagnostic_CAqe1ChVnvYCZotMAPEU8aEcP2sCpDXwvcFUV45NfyI#ContextAttribute.g.received.cs
      Verified: TelemetrySourceGeneratorTests.Generate_GivenDuplicateLoggingMethodNames_GeneratesDiagnostic_CAqe1ChVnvYCZotMAPEU8aEcP2sCpDXwvcFUV45NfyI#ContextAttribute.g.verified.cs
    - Received: TelemetrySourceGeneratorTests.Generate_GivenDuplicateLoggingMethodNames_GeneratesDiagnostic_CAqe1ChVnvYCZotMAPEU8aEcP2sCpDXwvcFUV45NfyI#CounterAttribute.g.received.cs
      Verified: TelemetrySourceGeneratorTests.Generate_GivenDuplicateLoggingMethodNames_GeneratesDiagnostic_CAqe1ChVnvYCZotMAPEU8aEcP2sCpDXwvcFUV45NfyI#CounterAttribute.g.verified.cs
    - Received: TelemetrySourceGeneratorTests.Generate_GivenDuplicateLoggingMethodNames_GeneratesDiagnostic_CAqe1ChVnvYCZotMAPEU8aEcP2sCpDXwvcFUV45NfyI#CriticalAttribute.g.received.cs
      Verified: TelemetrySourceGeneratorTests.Generate_GivenDuplicateLoggingMethodNames_GeneratesDiagnostic_CAqe1ChVnvYCZotMAPEU8aEcP2sCpDXwvcFUV45NfyI#CriticalAttribute.g.verified.cs
    - Received: TelemetrySourceGeneratorTests.Generate_GivenDuplicateLoggingMethodNames_GeneratesDiagnostic_CAqe1ChVnvYCZotMAPEU8aEcP2sCpDXwvcFUV45NfyI#DebugAttribute.g.received.cs
      Verified: TelemetrySourceGeneratorTests.Generate_GivenDuplicateLoggingMethodNames_GeneratesDiagnostic_CAqe1ChVnvYCZotMAPEU8aEcP2sCpDXwvcFUV45NfyI#DebugAttribute.g.verified.cs
    - Received: TelemetrySourceGeneratorTests.Generate_GivenDuplicateLoggingMethodNames_GeneratesDiagnostic_CAqe1ChVnvYCZotMAPEU8aEcP2sCpDXwvcFUV45NfyI#ErrorAttribute.g.received.cs
      Verified: TelemetrySourceGeneratorTests.Generate_GivenDuplicateLoggingMethodNames_GeneratesDiagnostic_CAqe1ChVnvYCZotMAPEU8aEcP2sCpDXwvcFUV45NfyI#ErrorAttribute.g.verified.cs
    - Received: TelemetrySourceGeneratorTests.Generate_GivenDuplicateLoggingMethodNames_GeneratesDiagnostic_CAqe1ChVnvYCZotMAPEU8aEcP2sCpDXwvcFUV45NfyI#EscapeAttribute.g.received.cs
      Verified: TelemetrySourceGeneratorTests.Generate_GivenDuplicateLoggingMethodNames_GeneratesDiagnostic_CAqe1ChVnvYCZotMAPEU8aEcP2sCpDXwvcFUV45NfyI#EscapeAttribute.g.verified.cs
    - Received: TelemetrySourceGeneratorTests.Generate_GivenDuplicateLoggingMethodNames_GeneratesDiagnostic_CAqe1ChVnvYCZotMAPEU8aEcP2sCpDXwvcFUV45NfyI#EventAttribute.g.received.cs
      Verified: TelemetrySourceGeneratorTests.Generate_GivenDuplicateLoggingMethodNames_GeneratesDiagnostic_CAqe1ChVnvYCZotMAPEU8aEcP2sCpDXwvcFUV45NfyI#EventAttribute.g.verified.cs
    - Received: TelemetrySourceGeneratorTests.Generate_GivenDuplicateLoggingMethodNames_GeneratesDiagnostic_CAqe1ChVnvYCZotMAPEU8aEcP2sCpDXwvcFUV45NfyI#ExcludeAttribute.g.received.cs
      Verified: TelemetrySourceGeneratorTests.Generate_GivenDuplicateLoggingMethodNames_GeneratesDiagnostic_CAqe1ChVnvYCZotMAPEU8aEcP2sCpDXwvcFUV45NfyI#ExcludeAttribute.g.verified.cs
    - Received: TelemetrySourceGeneratorTests.Generate_GivenDuplicateLoggingMethodNames_GeneratesDiagnostic_CAqe1ChVnvYCZotMAPEU8aEcP2sCpDXwvcFUV45NfyI#ExcludeTargetsAttribute.g.received.cs
      Verified: TelemetrySourceGeneratorTests.Generate_GivenDuplicateLoggingMethodNames_GeneratesDiagnostic_CAqe1ChVnvYCZotMAPEU8aEcP2sCpDXwvcFUV45NfyI#ExcludeTargetsAttribute.g.verified.cs
    - Received: TelemetrySourceGeneratorTests.Generate_GivenDuplicateLoggingMethodNames_GeneratesDiagnostic_CAqe1ChVnvYCZotMAPEU8aEcP2sCpDXwvcFUV45NfyI#ExpandEnumerableAttribute.g.received.cs
      Verified: TelemetrySourceGeneratorTests.Generate_GivenDuplicateLoggingMethodNames_GeneratesDiagnostic_CAqe1ChVnvYCZotMAPEU8aEcP2sCpDXwvcFUV45NfyI#ExpandEnumerableAttribute.g.verified.cs
    - Received: TelemetrySourceGeneratorTests.Generate_GivenDuplicateLoggingMethodNames_GeneratesDiagnostic_CAqe1ChVnvYCZotMAPEU8aEcP2sCpDXwvcFUV45NfyI#HistogramAttribute.g.received.cs
      Verified: TelemetrySourceGeneratorTests.Generate_GivenDuplicateLoggingMethodNames_GeneratesDiagnostic_CAqe1ChVnvYCZotMAPEU8aEcP2sCpDXwvcFUV45NfyI#HistogramAttribute.g.verified.cs
    - Received: TelemetrySourceGeneratorTests.Generate_GivenDuplicateLoggingMethodNames_GeneratesDiagnostic_CAqe1ChVnvYCZotMAPEU8aEcP2sCpDXwvcFUV45NfyI#InfoAttribute.g.received.cs
      Verified: TelemetrySourceGeneratorTests.Generate_GivenDuplicateLoggingMethodNames_GeneratesDiagnostic_CAqe1ChVnvYCZotMAPEU8aEcP2sCpDXwvcFUV45NfyI#InfoAttribute.g.verified.cs
    - Received: TelemetrySourceGeneratorTests.Generate_GivenDuplicateLoggingMethodNames_GeneratesDiagnostic_CAqe1ChVnvYCZotMAPEU8aEcP2sCpDXwvcFUV45NfyI#InstrumentMeasurementAttribute.g.received.cs
      Verified: TelemetrySourceGeneratorTests.Generate_GivenDuplicateLoggingMethodNames_GeneratesDiagnostic_CAqe1ChVnvYCZotMAPEU8aEcP2sCpDXwvcFUV45NfyI#InstrumentMeasurementAttribute.g.verified.cs
    - Received: TelemetrySourceGeneratorTests.Generate_GivenDuplicateLoggingMethodNames_GeneratesDiagnostic_CAqe1ChVnvYCZotMAPEU8aEcP2sCpDXwvcFUV45NfyI#LogAttribute.g.received.cs
      Verified: TelemetrySourceGeneratorTests.Generate_GivenDuplicateLoggingMethodNames_GeneratesDiagnostic_CAqe1ChVnvYCZotMAPEU8aEcP2sCpDXwvcFUV45NfyI#LogAttribute.g.verified.cs
    - Received: TelemetrySourceGeneratorTests.Generate_GivenDuplicateLoggingMethodNames_GeneratesDiagnostic_CAqe1ChVnvYCZotMAPEU8aEcP2sCpDXwvcFUV45NfyI#LoggerAttribute.g.received.cs
      Verified: TelemetrySourceGeneratorTests.Generate_GivenDuplicateLoggingMethodNames_GeneratesDiagnostic_CAqe1ChVnvYCZotMAPEU8aEcP2sCpDXwvcFUV45NfyI#LoggerAttribute.g.verified.cs
    - Received: TelemetrySourceGeneratorTests.Generate_GivenDuplicateLoggingMethodNames_GeneratesDiagnostic_CAqe1ChVnvYCZotMAPEU8aEcP2sCpDXwvcFUV45NfyI#LoggerGenerationAttribute.g.received.cs
      Verified: TelemetrySourceGeneratorTests.Generate_GivenDuplicateLoggingMethodNames_GeneratesDiagnostic_CAqe1ChVnvYCZotMAPEU8aEcP2sCpDXwvcFUV45NfyI#LoggerGenerationAttribute.g.verified.cs
    - Received: TelemetrySourceGeneratorTests.Generate_GivenDuplicateLoggingMethodNames_GeneratesDiagnostic_CAqe1ChVnvYCZotMAPEU8aEcP2sCpDXwvcFUV45NfyI#LoggerGenerationMode.g.received.cs
      Verified: TelemetrySourceGeneratorTests.Generate_GivenDuplicateLoggingMethodNames_GeneratesDiagnostic_CAqe1ChVnvYCZotMAPEU8aEcP2sCpDXwvcFUV45NfyI#LoggerGenerationMode.g.verified.cs
    - Received: TelemetrySourceGeneratorTests.Generate_GivenDuplicateLoggingMethodNames_GeneratesDiagnostic_CAqe1ChVnvYCZotMAPEU8aEcP2sCpDXwvcFUV45NfyI#LogPrefixType.g.received.cs
      Verified: TelemetrySourceGeneratorTests.Generate_GivenDuplicateLoggingMethodNames_GeneratesDiagnostic_CAqe1ChVnvYCZotMAPEU8aEcP2sCpDXwvcFUV45NfyI#LogPrefixType.g.verified.cs
    - Received: TelemetrySourceGeneratorTests.Generate_GivenDuplicateLoggingMethodNames_GeneratesDiagnostic_CAqe1ChVnvYCZotMAPEU8aEcP2sCpDXwvcFUV45NfyI#MeterAttribute.g.received.cs
      Verified: TelemetrySourceGeneratorTests.Generate_GivenDuplicateLoggingMethodNames_GeneratesDiagnostic_CAqe1ChVnvYCZotMAPEU8aEcP2sCpDXwvcFUV45NfyI#MeterAttribute.g.verified.cs
    - Received: TelemetrySourceGeneratorTests.Generate_GivenDuplicateLoggingMethodNames_GeneratesDiagnostic_CAqe1ChVnvYCZotMAPEU8aEcP2sCpDXwvcFUV45NfyI#MeterGenerationAttribute.g.received.cs
      Verified: TelemetrySourceGeneratorTests.Generate_GivenDuplicateLoggingMethodNames_GeneratesDiagnostic_CAqe1ChVnvYCZotMAPEU8aEcP2sCpDXwvcFUV45NfyI#MeterGenerationAttribute.g.verified.cs
    - Received: TelemetrySourceGeneratorTests.Generate_GivenDuplicateLoggingMethodNames_GeneratesDiagnostic_CAqe1ChVnvYCZotMAPEU8aEcP2sCpDXwvcFUV45NfyI#MeterNameGenerationType.g.received.cs
      Verified: TelemetrySourceGeneratorTests.Generate_GivenDuplicateLoggingMethodNames_GeneratesDiagnostic_CAqe1ChVnvYCZotMAPEU8aEcP2sCpDXwvcFUV45NfyI#MeterNameGenerationType.g.verified.cs
    - Received: TelemetrySourceGeneratorTests.Generate_GivenDuplicateLoggingMethodNames_GeneratesDiagnostic_CAqe1ChVnvYCZotMAPEU8aEcP2sCpDXwvcFUV45NfyI#NamingConvention.g.received.cs
      Verified: TelemetrySourceGeneratorTests.Generate_GivenDuplicateLoggingMethodNames_GeneratesDiagnostic_CAqe1ChVnvYCZotMAPEU8aEcP2sCpDXwvcFUV45NfyI#NamingConvention.g.verified.cs
    - Received: TelemetrySourceGeneratorTests.Generate_GivenDuplicateLoggingMethodNames_GeneratesDiagnostic_CAqe1ChVnvYCZotMAPEU8aEcP2sCpDXwvcFUV45NfyI#ObservableCounterAttribute.g.received.cs
      Verified: TelemetrySourceGeneratorTests.Generate_GivenDuplicateLoggingMethodNames_GeneratesDiagnostic_CAqe1ChVnvYCZotMAPEU8aEcP2sCpDXwvcFUV45NfyI#ObservableCounterAttribute.g.verified.cs
    - Received: TelemetrySourceGeneratorTests.Generate_GivenDuplicateLoggingMethodNames_GeneratesDiagnostic_CAqe1ChVnvYCZotMAPEU8aEcP2sCpDXwvcFUV45NfyI#ObservableGaugeAttribute.g.received.cs
      Verified: TelemetrySourceGeneratorTests.Generate_GivenDuplicateLoggingMethodNames_GeneratesDiagnostic_CAqe1ChVnvYCZotMAPEU8aEcP2sCpDXwvcFUV45NfyI#ObservableGaugeAttribute.g.verified.cs
    - Received: TelemetrySourceGeneratorTests.Generate_GivenDuplicateLoggingMethodNames_GeneratesDiagnostic_CAqe1ChVnvYCZotMAPEU8aEcP2sCpDXwvcFUV45NfyI#ObservableUpDownCounterAttribute.g.received.cs
      Verified: TelemetrySourceGeneratorTests.Generate_GivenDuplicateLoggingMethodNames_GeneratesDiagnostic_CAqe1ChVnvYCZotMAPEU8aEcP2sCpDXwvcFUV45NfyI#ObservableUpDownCounterAttribute.g.verified.cs
    - Received: TelemetrySourceGeneratorTests.Generate_GivenDuplicateLoggingMethodNames_GeneratesDiagnostic_CAqe1ChVnvYCZotMAPEU8aEcP2sCpDXwvcFUV45NfyI#StatusDescriptionAttribute.g.received.cs
      Verified: TelemetrySourceGeneratorTests.Generate_GivenDuplicateLoggingMethodNames_GeneratesDiagnostic_CAqe1ChVnvYCZotMAPEU8aEcP2sCpDXwvcFUV45NfyI#StatusDescriptionAttribute.g.verified.cs
    - Received: TelemetrySourceGeneratorTests.Generate_GivenDuplicateLoggingMethodNames_GeneratesDiagnostic_CAqe1ChVnvYCZotMAPEU8aEcP2sCpDXwvcFUV45NfyI#TagAttribute.g.received.cs
      Verified: TelemetrySourceGeneratorTests.Generate_GivenDuplicateLoggingMethodNames_GeneratesDiagnostic_CAqe1ChVnvYCZotMAPEU8aEcP2sCpDXwvcFUV45NfyI#TagAttribute.g.verified.cs
    - Received: TelemetrySourceGeneratorTests.Generate_GivenDuplicateLoggingMethodNames_GeneratesDiagnostic_CAqe1ChVnvYCZotMAPEU8aEcP2sCpDXwvcFUV45NfyI#Targets.g.received.cs
      Verified: TelemetrySourceGeneratorTests.Generate_GivenDuplicateLoggingMethodNames_GeneratesDiagnostic_CAqe1ChVnvYCZotMAPEU8aEcP2sCpDXwvcFUV45NfyI#Targets.g.verified.cs
    - Received: TelemetrySourceGeneratorTests.Generate_GivenDuplicateLoggingMethodNames_GeneratesDiagnostic_CAqe1ChVnvYCZotMAPEU8aEcP2sCpDXwvcFUV45NfyI#TelemetryGenerationAttribute.g.received.cs
      Verified: TelemetrySourceGeneratorTests.Generate_GivenDuplicateLoggingMethodNames_GeneratesDiagnostic_CAqe1ChVnvYCZotMAPEU8aEcP2sCpDXwvcFUV45NfyI#TelemetryGenerationAttribute.g.verified.cs
    - Received: TelemetrySourceGeneratorTests.Generate_GivenDuplicateLoggingMethodNames_GeneratesDiagnostic_CAqe1ChVnvYCZotMAPEU8aEcP2sCpDXwvcFUV45NfyI#TestTelemetryCore.Logging.g.received.cs
      Verified: TelemetrySourceGeneratorTests.Generate_GivenDuplicateLoggingMethodNames_GeneratesDiagnostic_CAqe1ChVnvYCZotMAPEU8aEcP2sCpDXwvcFUV45NfyI#TestTelemetryCore.Logging.g.verified.cs
    - Received: TelemetrySourceGeneratorTests.Generate_GivenDuplicateLoggingMethodNames_GeneratesDiagnostic_CAqe1ChVnvYCZotMAPEU8aEcP2sCpDXwvcFUV45NfyI#TraceAttribute.g.received.cs
      Verified: TelemetrySourceGeneratorTests.Generate_GivenDuplicateLoggingMethodNames_GeneratesDiagnostic_CAqe1ChVnvYCZotMAPEU8aEcP2sCpDXwvcFUV45NfyI#TraceAttribute.g.verified.cs
    - Received: TelemetrySourceGeneratorTests.Generate_GivenDuplicateLoggingMethodNames_GeneratesDiagnostic_CAqe1ChVnvYCZotMAPEU8aEcP2sCpDXwvcFUV45NfyI#UpDownCounterAttribute.g.received.cs
      Verified: TelemetrySourceGeneratorTests.Generate_GivenDuplicateLoggingMethodNames_GeneratesDiagnostic_CAqe1ChVnvYCZotMAPEU8aEcP2sCpDXwvcFUV45NfyI#UpDownCounterAttribute.g.verified.cs
    - Received: TelemetrySourceGeneratorTests.Generate_GivenDuplicateLoggingMethodNames_GeneratesDiagnostic_CAqe1ChVnvYCZotMAPEU8aEcP2sCpDXwvcFUV45NfyI#WarningAttribute.g.received.cs
      Verified: TelemetrySourceGeneratorTests.Generate_GivenDuplicateLoggingMethodNames_GeneratesDiagnostic_CAqe1ChVnvYCZotMAPEU8aEcP2sCpDXwvcFUV45NfyI#WarningAttribute.g.verified.cs
  
  Standard output
    DBG: --- Adding templates.
    DBG: Adding ActivitySourceGenerationAttribute as ActivitySourceGenerationAttribute.g.cs.
    DBG: Adding ActivitySourceAttribute as ActivitySourceAttribute.g.cs.
    DBG: Adding ActivityAttribute as ActivityAttribute.g.cs.
    DBG: Adding EventAttribute as EventAttribute.g.cs.
    DBG: Adding ContextAttribute as ContextAttribute.g.cs.
    DBG: Adding BaggageAttribute as BaggageAttribute.g.cs.
    DBG: Adding EscapeAttribute as EscapeAttribute.g.cs.
    DBG: Adding StatusDescriptionAttribute as StatusDescriptionAttribute.g.cs.
    DBG: Adding LoggerGenerationAttribute as LoggerGenerationAttribute.g.cs.
    DBG: Adding LoggerAttribute as LoggerAttribute.g.cs.
    DBG: Adding LogAttribute as LogAttribute.g.cs.
    DBG: Adding LogPrefixType as LogPrefixType.g.cs.
    DBG: Adding LoggerGenerationMode as LoggerGenerationMode.g.cs.
    DBG: Adding ExpandEnumerableAttribute as ExpandEnumerableAttribute.g.cs.
    DBG: Adding TraceAttribute as TraceAttribute.g.cs.
    DBG: Adding DebugAttribute as DebugAttribute.g.cs.
    DBG: Adding InfoAttribute as InfoAttribute.g.cs.
    DBG: Adding WarningAttribute as WarningAttribute.g.cs.
    DBG: Adding ErrorAttribute as ErrorAttribute.g.cs.
    DBG: Adding CriticalAttribute as CriticalAttribute.g.cs.
    DBG: Adding MeterGenerationAttribute as MeterGenerationAttribute.g.cs.
    DBG: Adding MeterAttribute as MeterAttribute.g.cs.
    DBG: Adding MeterNameGenerationType as MeterNameGenerationType.g.cs.
    DBG: Adding InstrumentMeasurementAttribute as InstrumentMeasurementAttribute.g.cs.
    DBG: Adding AutoCounterAttribute as AutoCounterAttribute.g.cs.
    DBG: Adding CounterAttribute as CounterAttribute.g.cs.
    DBG: Adding UpDownCounterAttribute as UpDownCounterAttribute.g.cs.
    DBG: Adding HistogramAttribute as HistogramAttribute.g.cs.
    DBG: Adding ObservableCounterAttribute as ObservableCounterAttribute.g.cs.
    DBG: Adding ObservableGaugeAttribute as ObservableGaugeAttribute.g.cs.
    DBG: Adding ObservableUpDownCounterAttribute as ObservableUpDownCounterAttribute.g.cs.
    DBG: Adding TagAttribute as TagAttribute.g.cs.
    DBG: Adding ExcludeAttribute as ExcludeAttribute.g.cs.
    DBG: Adding TelemetryGenerationAttribute as TelemetryGenerationAttribute.g.cs.
    DBG: Adding Targets as Targets.g.cs.
    DBG: Adding NamingConvention as NamingConvention.g.cs.
    DBG: Adding ExcludeTargetsAttribute as ExcludeTargetsAttribute.g.cs.
    DBG: --- Finished adding templates.
    DBG: Found attribute: Purview.Telemetry.LoggerAttribute
    DBG: Found attribute: Purview.Telemetry.TelemetryGenerationAttribute(GenerateDependencyExtension = false)
    DBG: Found method ITestTelemetry.DuplicateMethodName.
    DBG: Found 3 parameter(s) for DuplicateMethodName.
    DBG: Found attribute: Purview.Telemetry.LogAttribute
    DBG: Found method ITestTelemetry.DuplicateMethodName.
    DBG: Found 0 parameter(s) for DuplicateMethodName.
    DBG: Found attribute: Purview.Telemetry.LogAttribute
    DBG: Logger generation target: TestTelemetryCore
    DBG: Generating MS Gen-based logging class for: TestTelemetryCore
    DBG: Building logging method: DuplicateMethodName
    DBG: Building logging method: DuplicateMethodName
    DBG: Building logging method: DuplicateMethodName
    DBG: Building logging method: DuplicateMethodName
    DBG: Skipping dependency injection emit.
    
  Error output
failed Generate_GivenScopedLogReturningTask_RaisesDiagnostic (4s 703ms)
  [Test Failure] VerifyException: Directory: P:\GitHub\kjldev\purview-telemetry-sourcegenerator\src\Purview.Telemetry.SourceGenerator.IntegrationTests\Snapshots
Delete:
  - TelemetrySourceGeneratorTests.Generate_GivenScopedLogReturningTask_RaisesDiagnostic.verified.txt
Equal:
  - Received: TelemetrySourceGeneratorTests.Generate_GivenScopedLogReturningTask_RaisesDiagnostic#ActivityAttribute.g.received.cs
    Verified: TelemetrySourceGeneratorTests.Generate_GivenScopedLogReturningTask_RaisesDiagnostic#ActivityAttribute.g.verified.cs
  - Received: TelemetrySourceGeneratorTests.Generate_GivenScopedLogReturningTask_RaisesDiagnostic#ActivitySourceAttribute.g.received.cs
    Verified: TelemetrySourceGeneratorTests.Generate_GivenScopedLogReturningTask_RaisesDiagnostic#ActivitySourceAttribute.g.verified.cs
  - Received: TelemetrySourceGeneratorTests.Generate_GivenScopedLogReturningTask_RaisesDiagnostic#ActivitySourceGenerationAttribute.g.received.cs
    Verified: TelemetrySourceGeneratorTests.Generate_GivenScopedLogReturningTask_RaisesDiagnostic#ActivitySourceGenerationAttribute.g.verified.cs
  - Received: TelemetrySourceGeneratorTests.Generate_GivenScopedLogReturningTask_RaisesDiagnostic#AutoCounterAttribute.g.received.cs
    Verified: TelemetrySourceGeneratorTests.Generate_GivenScopedLogReturningTask_RaisesDiagnostic#AutoCounterAttribute.g.verified.cs
  - Received: TelemetrySourceGeneratorTests.Generate_GivenScopedLogReturningTask_RaisesDiagnostic#BaggageAttribute.g.received.cs
    Verified: TelemetrySourceGeneratorTests.Generate_GivenScopedLogReturningTask_RaisesDiagnostic#BaggageAttribute.g.verified.cs
  - Received: TelemetrySourceGeneratorTests.Generate_GivenScopedLogReturningTask_RaisesDiagnostic#ContextAttribute.g.received.cs
    Verified: TelemetrySourceGeneratorTests.Generate_GivenScopedLogReturningTask_RaisesDiagnostic#ContextAttribute.g.verified.cs
  - Received: TelemetrySourceGeneratorTests.Generate_GivenScopedLogReturningTask_RaisesDiagnostic#CounterAttribute.g.received.cs
    Verified: TelemetrySourceGeneratorTests.Generate_GivenScopedLogReturningTask_RaisesDiagnostic#CounterAttribute.g.verified.cs
  - Received: TelemetrySourceGeneratorTests.Generate_GivenScopedLogReturningTask_RaisesDiagnostic#CriticalAttribute.g.received.cs
    Verified: TelemetrySourceGeneratorTests.Generate_GivenScopedLogReturningTask_RaisesDiagnostic#CriticalAttribute.g.verified.cs
  - Received: TelemetrySourceGeneratorTests.Generate_GivenScopedLogReturningTask_RaisesDiagnostic#DebugAttribute.g.received.cs
    Verified: TelemetrySourceGeneratorTests.Generate_GivenScopedLogReturningTask_RaisesDiagnostic#DebugAttribute.g.verified.cs
  - Received: TelemetrySourceGeneratorTests.Generate_GivenScopedLogReturningTask_RaisesDiagnostic#ErrorAttribute.g.received.cs
    Verified: TelemetrySourceGeneratorTests.Generate_GivenScopedLogReturningTask_RaisesDiagnostic#ErrorAttribute.g.verified.cs
  - Received: TelemetrySourceGeneratorTests.Generate_GivenScopedLogReturningTask_RaisesDiagnostic#EscapeAttribute.g.received.cs
    Verified: TelemetrySourceGeneratorTests.Generate_GivenScopedLogReturningTask_RaisesDiagnostic#EscapeAttribute.g.verified.cs
  - Received: TelemetrySourceGeneratorTests.Generate_GivenScopedLogReturningTask_RaisesDiagnostic#EventAttribute.g.received.cs
    Verified: TelemetrySourceGeneratorTests.Generate_GivenScopedLogReturningTask_RaisesDiagnostic#EventAttribute.g.verified.cs
  - Received: TelemetrySourceGeneratorTests.Generate_GivenScopedLogReturningTask_RaisesDiagnostic#ExcludeAttribute.g.received.cs
    Verified: TelemetrySourceGeneratorTests.Generate_GivenScopedLogReturningTask_RaisesDiagnostic#ExcludeAttribute.g.verified.cs
  - Received: TelemetrySourceGeneratorTests.Generate_GivenScopedLogReturningTask_RaisesDiagnostic#ExcludeTargetsAttribute.g.received.cs
    Verified: TelemetrySourceGeneratorTests.Generate_GivenScopedLogReturningTask_RaisesDiagnostic#ExcludeTargetsAttribute.g.verified.cs
  - Received: TelemetrySourceGeneratorTests.Generate_GivenScopedLogReturningTask_RaisesDiagnostic#ExpandEnumerableAttribute.g.received.cs
    Verified: TelemetrySourceGeneratorTests.Generate_GivenScopedLogReturningTask_RaisesDiagnostic#ExpandEnumerableAttribute.g.verified.cs
  - Received: TelemetrySourceGeneratorTests.Generate_GivenScopedLogReturningTask_RaisesDiagnostic#HistogramAttribute.g.received.cs
    Verified: TelemetrySourceGeneratorTests.Generate_GivenScopedLogReturningTask_RaisesDiagnostic#HistogramAttribute.g.verified.cs
  - Received: TelemetrySourceGeneratorTests.Generate_GivenScopedLogReturningTask_RaisesDiagnostic#InfoAttribute.g.received.cs
    Verified: TelemetrySourceGeneratorTests.Generate_GivenScopedLogReturningTask_RaisesDiagnostic#InfoAttribute.g.verified.cs
  - Received: TelemetrySourceGeneratorTests.Generate_GivenScopedLogReturningTask_RaisesDiagnostic#InstrumentMeasurementAttribute.g.received.cs
    Verified: TelemetrySourceGeneratorTests.Generate_GivenScopedLogReturningTask_RaisesDiagnostic#InstrumentMeasurementAttribute.g.verified.cs
  - Received: TelemetrySourceGeneratorTests.Generate_GivenScopedLogReturningTask_RaisesDiagnostic#LogAttribute.g.received.cs
    Verified: TelemetrySourceGeneratorTests.Generate_GivenScopedLogReturningTask_RaisesDiagnostic#LogAttribute.g.verified.cs
  - Received: TelemetrySourceGeneratorTests.Generate_GivenScopedLogReturningTask_RaisesDiagnostic#LoggerAttribute.g.received.cs
    Verified: TelemetrySourceGeneratorTests.Generate_GivenScopedLogReturningTask_RaisesDiagnostic#LoggerAttribute.g.verified.cs
  - Received: TelemetrySourceGeneratorTests.Generate_GivenScopedLogReturningTask_RaisesDiagnostic#LoggerGenerationAttribute.g.received.cs
    Verified: TelemetrySourceGeneratorTests.Generate_GivenScopedLogReturningTask_RaisesDiagnostic#LoggerGenerationAttribute.g.verified.cs
  - Received: TelemetrySourceGeneratorTests.Generate_GivenScopedLogReturningTask_RaisesDiagnostic#LoggerGenerationMode.g.received.cs
    Verified: TelemetrySourceGeneratorTests.Generate_GivenScopedLogReturningTask_RaisesDiagnostic#LoggerGenerationMode.g.verified.cs
  - Received: TelemetrySourceGeneratorTests.Generate_GivenScopedLogReturningTask_RaisesDiagnostic#LogPrefixType.g.received.cs
    Verified: TelemetrySourceGeneratorTests.Generate_GivenScopedLogReturningTask_RaisesDiagnostic#LogPrefixType.g.verified.cs
  - Received: TelemetrySourceGeneratorTests.Generate_GivenScopedLogReturningTask_RaisesDiagnostic#MeterAttribute.g.received.cs
    Verified: TelemetrySourceGeneratorTests.Generate_GivenScopedLogReturningTask_RaisesDiagnostic#MeterAttribute.g.verified.cs
  - Received: TelemetrySourceGeneratorTests.Generate_GivenScopedLogReturningTask_RaisesDiagnostic#MeterGenerationAttribute.g.received.cs
    Verified: TelemetrySourceGeneratorTests.Generate_GivenScopedLogReturningTask_RaisesDiagnostic#MeterGenerationAttribute.g.verified.cs
  - Received: TelemetrySourceGeneratorTests.Generate_GivenScopedLogReturningTask_RaisesDiagnostic#MeterNameGenerationType.g.received.cs
    Verified: TelemetrySourceGeneratorTests.Generate_GivenScopedLogReturningTask_RaisesDiagnostic#MeterNameGenerationType.g.verified.cs
  - Received: TelemetrySourceGeneratorTests.Generate_GivenScopedLogReturningTask_RaisesDiagnostic#NamingConvention.g.received.cs
    Verified: TelemetrySourceGeneratorTests.Generate_GivenScopedLogReturningTask_RaisesDiagnostic#NamingConvention.g.verified.cs
  - Received: TelemetrySourceGeneratorTests.Generate_GivenScopedLogReturningTask_RaisesDiagnostic#ObservableCounterAttribute.g.received.cs
    Verified: TelemetrySourceGeneratorTests.Generate_GivenScopedLogReturningTask_RaisesDiagnostic#ObservableCounterAttribute.g.verified.cs
  - Received: TelemetrySourceGeneratorTests.Generate_GivenScopedLogReturningTask_RaisesDiagnostic#ObservableGaugeAttribute.g.received.cs
    Verified: TelemetrySourceGeneratorTests.Generate_GivenScopedLogReturningTask_RaisesDiagnostic#ObservableGaugeAttribute.g.verified.cs
  - Received: TelemetrySourceGeneratorTests.Generate_GivenScopedLogReturningTask_RaisesDiagnostic#ObservableUpDownCounterAttribute.g.received.cs
    Verified: TelemetrySourceGeneratorTests.Generate_GivenScopedLogReturningTask_RaisesDiagnostic#ObservableUpDownCounterAttribute.g.verified.cs
  - Received: TelemetrySourceGeneratorTests.Generate_GivenScopedLogReturningTask_RaisesDiagnostic#StatusDescriptionAttribute.g.received.cs
    Verified: TelemetrySourceGeneratorTests.Generate_GivenScopedLogReturningTask_RaisesDiagnostic#StatusDescriptionAttribute.g.verified.cs
  - Received: TelemetrySourceGeneratorTests.Generate_GivenScopedLogReturningTask_RaisesDiagnostic#TagAttribute.g.received.cs
    Verified: TelemetrySourceGeneratorTests.Generate_GivenScopedLogReturningTask_RaisesDiagnostic#TagAttribute.g.verified.cs
  - Received: TelemetrySourceGeneratorTests.Generate_GivenScopedLogReturningTask_RaisesDiagnostic#Targets.g.received.cs
    Verified: TelemetrySourceGeneratorTests.Generate_GivenScopedLogReturningTask_RaisesDiagnostic#Targets.g.verified.cs
  - Received: TelemetrySourceGeneratorTests.Generate_GivenScopedLogReturningTask_RaisesDiagnostic#TelemetryGenerationAttribute.g.received.cs
    Verified: TelemetrySourceGeneratorTests.Generate_GivenScopedLogReturningTask_RaisesDiagnostic#TelemetryGenerationAttribute.g.verified.cs
  - Received: TelemetrySourceGeneratorTests.Generate_GivenScopedLogReturningTask_RaisesDiagnostic#Testing.InvalidTelemetryCore.Logging.g.received.cs
    Verified: TelemetrySourceGeneratorTests.Generate_GivenScopedLogReturningTask_RaisesDiagnostic#Testing.InvalidTelemetryCore.Logging.g.verified.cs
  - Received: TelemetrySourceGeneratorTests.Generate_GivenScopedLogReturningTask_RaisesDiagnostic#TraceAttribute.g.received.cs
    Verified: TelemetrySourceGeneratorTests.Generate_GivenScopedLogReturningTask_RaisesDiagnostic#TraceAttribute.g.verified.cs
  - Received: TelemetrySourceGeneratorTests.Generate_GivenScopedLogReturningTask_RaisesDiagnostic#UpDownCounterAttribute.g.received.cs
    Verified: TelemetrySourceGeneratorTests.Generate_GivenScopedLogReturningTask_RaisesDiagnostic#UpDownCounterAttribute.g.verified.cs
  - Received: TelemetrySourceGeneratorTests.Generate_GivenScopedLogReturningTask_RaisesDiagnostic#WarningAttribute.g.received.cs
    Verified: TelemetrySourceGeneratorTests.Generate_GivenScopedLogReturningTask_RaisesDiagnostic#WarningAttribute.g.verified.cs

  from P:\GitHub\kjldev\purview-telemetry-sourcegenerator\src\Purview.Telemetry.SourceGenerator.IntegrationTests\bin\Release\net10.0\Purview.Telemetry.SourceGenerator.IntegrationTests.dll (net10.0|x64)
  TUnit.Engine.Exceptions.TestFailedException: [Test Failure] VerifyException: Directory: P:\GitHub\kjldev\purview-telemetry-sourcegenerator\src\Purview.Telemetry.SourceGenerator.IntegrationTests\Snapshots
  Delete:
    - TelemetrySourceGeneratorTests.Generate_GivenScopedLogReturningTask_RaisesDiagnostic.verified.txt
  Equal:
    - Received: TelemetrySourceGeneratorTests.Generate_GivenScopedLogReturningTask_RaisesDiagnostic#ActivityAttribute.g.received.cs
      Verified: TelemetrySourceGeneratorTests.Generate_GivenScopedLogReturningTask_RaisesDiagnostic#ActivityAttribute.g.verified.cs
    - Received: TelemetrySourceGeneratorTests.Generate_GivenScopedLogReturningTask_RaisesDiagnostic#ActivitySourceAttribute.g.received.cs
      Verified: TelemetrySourceGeneratorTests.Generate_GivenScopedLogReturningTask_RaisesDiagnostic#ActivitySourceAttribute.g.verified.cs
    - Received: TelemetrySourceGeneratorTests.Generate_GivenScopedLogReturningTask_RaisesDiagnostic#ActivitySourceGenerationAttribute.g.received.cs
      Verified: TelemetrySourceGeneratorTests.Generate_GivenScopedLogReturningTask_RaisesDiagnostic#ActivitySourceGenerationAttribute.g.verified.cs
    - Received: TelemetrySourceGeneratorTests.Generate_GivenScopedLogReturningTask_RaisesDiagnostic#AutoCounterAttribute.g.received.cs
      Verified: TelemetrySourceGeneratorTests.Generate_GivenScopedLogReturningTask_RaisesDiagnostic#AutoCounterAttribute.g.verified.cs
    - Received: TelemetrySourceGeneratorTests.Generate_GivenScopedLogReturningTask_RaisesDiagnostic#BaggageAttribute.g.received.cs
      Verified: TelemetrySourceGeneratorTests.Generate_GivenScopedLogReturningTask_RaisesDiagnostic#BaggageAttribute.g.verified.cs
    - Received: TelemetrySourceGeneratorTests.Generate_GivenScopedLogReturningTask_RaisesDiagnostic#ContextAttribute.g.received.cs
      Verified: TelemetrySourceGeneratorTests.Generate_GivenScopedLogReturningTask_RaisesDiagnostic#ContextAttribute.g.verified.cs
    - Received: TelemetrySourceGeneratorTests.Generate_GivenScopedLogReturningTask_RaisesDiagnostic#CounterAttribute.g.received.cs
      Verified: TelemetrySourceGeneratorTests.Generate_GivenScopedLogReturningTask_RaisesDiagnostic#CounterAttribute.g.verified.cs
    - Received: TelemetrySourceGeneratorTests.Generate_GivenScopedLogReturningTask_RaisesDiagnostic#CriticalAttribute.g.received.cs
      Verified: TelemetrySourceGeneratorTests.Generate_GivenScopedLogReturningTask_RaisesDiagnostic#CriticalAttribute.g.verified.cs
    - Received: TelemetrySourceGeneratorTests.Generate_GivenScopedLogReturningTask_RaisesDiagnostic#DebugAttribute.g.received.cs
      Verified: TelemetrySourceGeneratorTests.Generate_GivenScopedLogReturningTask_RaisesDiagnostic#DebugAttribute.g.verified.cs
    - Received: TelemetrySourceGeneratorTests.Generate_GivenScopedLogReturningTask_RaisesDiagnostic#ErrorAttribute.g.received.cs
      Verified: TelemetrySourceGeneratorTests.Generate_GivenScopedLogReturningTask_RaisesDiagnostic#ErrorAttribute.g.verified.cs
    - Received: TelemetrySourceGeneratorTests.Generate_GivenScopedLogReturningTask_RaisesDiagnostic#EscapeAttribute.g.received.cs
      Verified: TelemetrySourceGeneratorTests.Generate_GivenScopedLogReturningTask_RaisesDiagnostic#EscapeAttribute.g.verified.cs
    - Received: TelemetrySourceGeneratorTests.Generate_GivenScopedLogReturningTask_RaisesDiagnostic#EventAttribute.g.received.cs
      Verified: TelemetrySourceGeneratorTests.Generate_GivenScopedLogReturningTask_RaisesDiagnostic#EventAttribute.g.verified.cs
    - Received: TelemetrySourceGeneratorTests.Generate_GivenScopedLogReturningTask_RaisesDiagnostic#ExcludeAttribute.g.received.cs
      Verified: TelemetrySourceGeneratorTests.Generate_GivenScopedLogReturningTask_RaisesDiagnostic#ExcludeAttribute.g.verified.cs
    - Received: TelemetrySourceGeneratorTests.Generate_GivenScopedLogReturningTask_RaisesDiagnostic#ExcludeTargetsAttribute.g.received.cs
      Verified: TelemetrySourceGeneratorTests.Generate_GivenScopedLogReturningTask_RaisesDiagnostic#ExcludeTargetsAttribute.g.verified.cs
    - Received: TelemetrySourceGeneratorTests.Generate_GivenScopedLogReturningTask_RaisesDiagnostic#ExpandEnumerableAttribute.g.received.cs
      Verified: TelemetrySourceGeneratorTests.Generate_GivenScopedLogReturningTask_RaisesDiagnostic#ExpandEnumerableAttribute.g.verified.cs
    - Received: TelemetrySourceGeneratorTests.Generate_GivenScopedLogReturningTask_RaisesDiagnostic#HistogramAttribute.g.received.cs
      Verified: TelemetrySourceGeneratorTests.Generate_GivenScopedLogReturningTask_RaisesDiagnostic#HistogramAttribute.g.verified.cs
    - Received: TelemetrySourceGeneratorTests.Generate_GivenScopedLogReturningTask_RaisesDiagnostic#InfoAttribute.g.received.cs
      Verified: TelemetrySourceGeneratorTests.Generate_GivenScopedLogReturningTask_RaisesDiagnostic#InfoAttribute.g.verified.cs
    - Received: TelemetrySourceGeneratorTests.Generate_GivenScopedLogReturningTask_RaisesDiagnostic#InstrumentMeasurementAttribute.g.received.cs
      Verified: TelemetrySourceGeneratorTests.Generate_GivenScopedLogReturningTask_RaisesDiagnostic#InstrumentMeasurementAttribute.g.verified.cs
    - Received: TelemetrySourceGeneratorTests.Generate_GivenScopedLogReturningTask_RaisesDiagnostic#LogAttribute.g.received.cs
      Verified: TelemetrySourceGeneratorTests.Generate_GivenScopedLogReturningTask_RaisesDiagnostic#LogAttribute.g.verified.cs
    - Received: TelemetrySourceGeneratorTests.Generate_GivenScopedLogReturningTask_RaisesDiagnostic#LoggerAttribute.g.received.cs
      Verified: TelemetrySourceGeneratorTests.Generate_GivenScopedLogReturningTask_RaisesDiagnostic#LoggerAttribute.g.verified.cs
    - Received: TelemetrySourceGeneratorTests.Generate_GivenScopedLogReturningTask_RaisesDiagnostic#LoggerGenerationAttribute.g.received.cs
      Verified: TelemetrySourceGeneratorTests.Generate_GivenScopedLogReturningTask_RaisesDiagnostic#LoggerGenerationAttribute.g.verified.cs
    - Received: TelemetrySourceGeneratorTests.Generate_GivenScopedLogReturningTask_RaisesDiagnostic#LoggerGenerationMode.g.received.cs
      Verified: TelemetrySourceGeneratorTests.Generate_GivenScopedLogReturningTask_RaisesDiagnostic#LoggerGenerationMode.g.verified.cs
    - Received: TelemetrySourceGeneratorTests.Generate_GivenScopedLogReturningTask_RaisesDiagnostic#LogPrefixType.g.received.cs
      Verified: TelemetrySourceGeneratorTests.Generate_GivenScopedLogReturningTask_RaisesDiagnostic#LogPrefixType.g.verified.cs
    - Received: TelemetrySourceGeneratorTests.Generate_GivenScopedLogReturningTask_RaisesDiagnostic#MeterAttribute.g.received.cs
      Verified: TelemetrySourceGeneratorTests.Generate_GivenScopedLogReturningTask_RaisesDiagnostic#MeterAttribute.g.verified.cs
    - Received: TelemetrySourceGeneratorTests.Generate_GivenScopedLogReturningTask_RaisesDiagnostic#MeterGenerationAttribute.g.received.cs
      Verified: TelemetrySourceGeneratorTests.Generate_GivenScopedLogReturningTask_RaisesDiagnostic#MeterGenerationAttribute.g.verified.cs
    - Received: TelemetrySourceGeneratorTests.Generate_GivenScopedLogReturningTask_RaisesDiagnostic#MeterNameGenerationType.g.received.cs
      Verified: TelemetrySourceGeneratorTests.Generate_GivenScopedLogReturningTask_RaisesDiagnostic#MeterNameGenerationType.g.verified.cs
    - Received: TelemetrySourceGeneratorTests.Generate_GivenScopedLogReturningTask_RaisesDiagnostic#NamingConvention.g.received.cs
      Verified: TelemetrySourceGeneratorTests.Generate_GivenScopedLogReturningTask_RaisesDiagnostic#NamingConvention.g.verified.cs
    - Received: TelemetrySourceGeneratorTests.Generate_GivenScopedLogReturningTask_RaisesDiagnostic#ObservableCounterAttribute.g.received.cs
      Verified: TelemetrySourceGeneratorTests.Generate_GivenScopedLogReturningTask_RaisesDiagnostic#ObservableCounterAttribute.g.verified.cs
    - Received: TelemetrySourceGeneratorTests.Generate_GivenScopedLogReturningTask_RaisesDiagnostic#ObservableGaugeAttribute.g.received.cs
      Verified: TelemetrySourceGeneratorTests.Generate_GivenScopedLogReturningTask_RaisesDiagnostic#ObservableGaugeAttribute.g.verified.cs
    - Received: TelemetrySourceGeneratorTests.Generate_GivenScopedLogReturningTask_RaisesDiagnostic#ObservableUpDownCounterAttribute.g.received.cs
      Verified: TelemetrySourceGeneratorTests.Generate_GivenScopedLogReturningTask_RaisesDiagnostic#ObservableUpDownCounterAttribute.g.verified.cs
    - Received: TelemetrySourceGeneratorTests.Generate_GivenScopedLogReturningTask_RaisesDiagnostic#StatusDescriptionAttribute.g.received.cs
      Verified: TelemetrySourceGeneratorTests.Generate_GivenScopedLogReturningTask_RaisesDiagnostic#StatusDescriptionAttribute.g.verified.cs
    - Received: TelemetrySourceGeneratorTests.Generate_GivenScopedLogReturningTask_RaisesDiagnostic#TagAttribute.g.received.cs
      Verified: TelemetrySourceGeneratorTests.Generate_GivenScopedLogReturningTask_RaisesDiagnostic#TagAttribute.g.verified.cs
    - Received: TelemetrySourceGeneratorTests.Generate_GivenScopedLogReturningTask_RaisesDiagnostic#Targets.g.received.cs
      Verified: TelemetrySourceGeneratorTests.Generate_GivenScopedLogReturningTask_RaisesDiagnostic#Targets.g.verified.cs
    - Received: TelemetrySourceGeneratorTests.Generate_GivenScopedLogReturningTask_RaisesDiagnostic#TelemetryGenerationAttribute.g.received.cs
      Verified: TelemetrySourceGeneratorTests.Generate_GivenScopedLogReturningTask_RaisesDiagnostic#TelemetryGenerationAttribute.g.verified.cs
    - Received: TelemetrySourceGeneratorTests.Generate_GivenScopedLogReturningTask_RaisesDiagnostic#Testing.InvalidTelemetryCore.Logging.g.received.cs
      Verified: TelemetrySourceGeneratorTests.Generate_GivenScopedLogReturningTask_RaisesDiagnostic#Testing.InvalidTelemetryCore.Logging.g.verified.cs
    - Received: TelemetrySourceGeneratorTests.Generate_GivenScopedLogReturningTask_RaisesDiagnostic#TraceAttribute.g.received.cs
      Verified: TelemetrySourceGeneratorTests.Generate_GivenScopedLogReturningTask_RaisesDiagnostic#TraceAttribute.g.verified.cs
    - Received: TelemetrySourceGeneratorTests.Generate_GivenScopedLogReturningTask_RaisesDiagnostic#UpDownCounterAttribute.g.received.cs
      Verified: TelemetrySourceGeneratorTests.Generate_GivenScopedLogReturningTask_RaisesDiagnostic#UpDownCounterAttribute.g.verified.cs
    - Received: TelemetrySourceGeneratorTests.Generate_GivenScopedLogReturningTask_RaisesDiagnostic#WarningAttribute.g.received.cs
      Verified: TelemetrySourceGeneratorTests.Generate_GivenScopedLogReturningTask_RaisesDiagnostic#WarningAttribute.g.verified.cs
  
  Standard output
    DBG: --- Adding templates.
    DBG: Adding ActivitySourceGenerationAttribute as ActivitySourceGenerationAttribute.g.cs.
    DBG: Adding ActivitySourceAttribute as ActivitySourceAttribute.g.cs.
    DBG: Adding ActivityAttribute as ActivityAttribute.g.cs.
    DBG: Adding EventAttribute as EventAttribute.g.cs.
    DBG: Adding ContextAttribute as ContextAttribute.g.cs.
    DBG: Adding BaggageAttribute as BaggageAttribute.g.cs.
    DBG: Adding EscapeAttribute as EscapeAttribute.g.cs.
    DBG: Adding StatusDescriptionAttribute as StatusDescriptionAttribute.g.cs.
    DBG: Adding LoggerGenerationAttribute as LoggerGenerationAttribute.g.cs.
    DBG: Adding LoggerAttribute as LoggerAttribute.g.cs.
    DBG: Adding LogAttribute as LogAttribute.g.cs.
    DBG: Adding LogPrefixType as LogPrefixType.g.cs.
    DBG: Adding LoggerGenerationMode as LoggerGenerationMode.g.cs.
    DBG: Adding ExpandEnumerableAttribute as ExpandEnumerableAttribute.g.cs.
    DBG: Adding TraceAttribute as TraceAttribute.g.cs.
    DBG: Adding DebugAttribute as DebugAttribute.g.cs.
    DBG: Adding InfoAttribute as InfoAttribute.g.cs.
    DBG: Adding WarningAttribute as WarningAttribute.g.cs.
    DBG: Adding ErrorAttribute as ErrorAttribute.g.cs.
    DBG: Adding CriticalAttribute as CriticalAttribute.g.cs.
    DBG: Adding MeterGenerationAttribute as MeterGenerationAttribute.g.cs.
    DBG: Adding MeterAttribute as MeterAttribute.g.cs.
    DBG: Adding MeterNameGenerationType as MeterNameGenerationType.g.cs.
    DBG: Adding InstrumentMeasurementAttribute as InstrumentMeasurementAttribute.g.cs.
    DBG: Adding AutoCounterAttribute as AutoCounterAttribute.g.cs.
    DBG: Adding CounterAttribute as CounterAttribute.g.cs.
    DBG: Adding UpDownCounterAttribute as UpDownCounterAttribute.g.cs.
    DBG: Adding HistogramAttribute as HistogramAttribute.g.cs.
    DBG: Adding ObservableCounterAttribute as ObservableCounterAttribute.g.cs.
    DBG: Adding ObservableGaugeAttribute as ObservableGaugeAttribute.g.cs.
    DBG: Adding ObservableUpDownCounterAttribute as ObservableUpDownCounterAttribute.g.cs.
    DBG: Adding TagAttribute as TagAttribute.g.cs.
    DBG: Adding ExcludeAttribute as ExcludeAttribute.g.cs.
    DBG: Adding TelemetryGenerationAttribute as TelemetryGenerationAttribute.g.cs.
    DBG: Adding Targets as Targets.g.cs.
    DBG: Adding NamingConvention as NamingConvention.g.cs.
    DBG: Adding ExcludeTargetsAttribute as ExcludeTargetsAttribute.g.cs.
    DBG: --- Finished adding templates.
    DBG: Found attribute: Purview.Telemetry.LoggerAttribute
    DBG: Found attribute: Purview.Telemetry.TelemetryGenerationAttribute(GenerateDependencyExtension = false)
    DBG: Found method IInvalidTelemetry.InvalidScopedAsyncReturn.
    DIA: Log method InvalidScopedAsyncReturn must return void or IDisposable (for scoped logs), but returns System.Threading.Tasks.Task.
    DBG: Logger generation target: Testing.InvalidTelemetryCore
    DBG: Generating MS Gen-based logging class for: Testing.InvalidTelemetryCore
    DBG: Skipping dependency injection emit.
    
  Error output
failed Generate_GivenDuplicateActivityMethodNames_GeneratesDiagnostic (4s 746ms)
  [Test Failure] VerifyException: Directory: P:\GitHub\kjldev\purview-telemetry-sourcegenerator\src\Purview.Telemetry.SourceGenerator.IntegrationTests\Snapshots
Delete:
  - TelemetrySourceGeneratorTests.Generate_GivenDuplicateActivityMethodNames_GeneratesDiagnostic.verified.txt
Equal:
  - Received: TelemetrySourceGeneratorTests.Generate_GivenDuplicateActivityMethodNames_GeneratesDiagnostic#ActivityAttribute.g.received.cs
    Verified: TelemetrySourceGeneratorTests.Generate_GivenDuplicateActivityMethodNames_GeneratesDiagnostic#ActivityAttribute.g.verified.cs
  - Received: TelemetrySourceGeneratorTests.Generate_GivenDuplicateActivityMethodNames_GeneratesDiagnostic#ActivitySourceAttribute.g.received.cs
    Verified: TelemetrySourceGeneratorTests.Generate_GivenDuplicateActivityMethodNames_GeneratesDiagnostic#ActivitySourceAttribute.g.verified.cs
  - Received: TelemetrySourceGeneratorTests.Generate_GivenDuplicateActivityMethodNames_GeneratesDiagnostic#ActivitySourceGenerationAttribute.g.received.cs
    Verified: TelemetrySourceGeneratorTests.Generate_GivenDuplicateActivityMethodNames_GeneratesDiagnostic#ActivitySourceGenerationAttribute.g.verified.cs
  - Received: TelemetrySourceGeneratorTests.Generate_GivenDuplicateActivityMethodNames_GeneratesDiagnostic#AutoCounterAttribute.g.received.cs
    Verified: TelemetrySourceGeneratorTests.Generate_GivenDuplicateActivityMethodNames_GeneratesDiagnostic#AutoCounterAttribute.g.verified.cs
  - Received: TelemetrySourceGeneratorTests.Generate_GivenDuplicateActivityMethodNames_GeneratesDiagnostic#BaggageAttribute.g.received.cs
    Verified: TelemetrySourceGeneratorTests.Generate_GivenDuplicateActivityMethodNames_GeneratesDiagnostic#BaggageAttribute.g.verified.cs
  - Received: TelemetrySourceGeneratorTests.Generate_GivenDuplicateActivityMethodNames_GeneratesDiagnostic#ContextAttribute.g.received.cs
    Verified: TelemetrySourceGeneratorTests.Generate_GivenDuplicateActivityMethodNames_GeneratesDiagnostic#ContextAttribute.g.verified.cs
  - Received: TelemetrySourceGeneratorTests.Generate_GivenDuplicateActivityMethodNames_GeneratesDiagnostic#CounterAttribute.g.received.cs
    Verified: TelemetrySourceGeneratorTests.Generate_GivenDuplicateActivityMethodNames_GeneratesDiagnostic#CounterAttribute.g.verified.cs
  - Received: TelemetrySourceGeneratorTests.Generate_GivenDuplicateActivityMethodNames_GeneratesDiagnostic#CriticalAttribute.g.received.cs
    Verified: TelemetrySourceGeneratorTests.Generate_GivenDuplicateActivityMethodNames_GeneratesDiagnostic#CriticalAttribute.g.verified.cs
  - Received: TelemetrySourceGeneratorTests.Generate_GivenDuplicateActivityMethodNames_GeneratesDiagnostic#DebugAttribute.g.received.cs
    Verified: TelemetrySourceGeneratorTests.Generate_GivenDuplicateActivityMethodNames_GeneratesDiagnostic#DebugAttribute.g.verified.cs
  - Received: TelemetrySourceGeneratorTests.Generate_GivenDuplicateActivityMethodNames_GeneratesDiagnostic#ErrorAttribute.g.received.cs
    Verified: TelemetrySourceGeneratorTests.Generate_GivenDuplicateActivityMethodNames_GeneratesDiagnostic#ErrorAttribute.g.verified.cs
  - Received: TelemetrySourceGeneratorTests.Generate_GivenDuplicateActivityMethodNames_GeneratesDiagnostic#EscapeAttribute.g.received.cs
    Verified: TelemetrySourceGeneratorTests.Generate_GivenDuplicateActivityMethodNames_GeneratesDiagnostic#EscapeAttribute.g.verified.cs
  - Received: TelemetrySourceGeneratorTests.Generate_GivenDuplicateActivityMethodNames_GeneratesDiagnostic#EventAttribute.g.received.cs
    Verified: TelemetrySourceGeneratorTests.Generate_GivenDuplicateActivityMethodNames_GeneratesDiagnostic#EventAttribute.g.verified.cs
  - Received: TelemetrySourceGeneratorTests.Generate_GivenDuplicateActivityMethodNames_GeneratesDiagnostic#ExcludeAttribute.g.received.cs
    Verified: TelemetrySourceGeneratorTests.Generate_GivenDuplicateActivityMethodNames_GeneratesDiagnostic#ExcludeAttribute.g.verified.cs
  - Received: TelemetrySourceGeneratorTests.Generate_GivenDuplicateActivityMethodNames_GeneratesDiagnostic#ExcludeTargetsAttribute.g.received.cs
    Verified: TelemetrySourceGeneratorTests.Generate_GivenDuplicateActivityMethodNames_GeneratesDiagnostic#ExcludeTargetsAttribute.g.verified.cs
  - Received: TelemetrySourceGeneratorTests.Generate_GivenDuplicateActivityMethodNames_GeneratesDiagnostic#ExpandEnumerableAttribute.g.received.cs
    Verified: TelemetrySourceGeneratorTests.Generate_GivenDuplicateActivityMethodNames_GeneratesDiagnostic#ExpandEnumerableAttribute.g.verified.cs
  - Received: TelemetrySourceGeneratorTests.Generate_GivenDuplicateActivityMethodNames_GeneratesDiagnostic#HistogramAttribute.g.received.cs
    Verified: TelemetrySourceGeneratorTests.Generate_GivenDuplicateActivityMethodNames_GeneratesDiagnostic#HistogramAttribute.g.verified.cs
  - Received: TelemetrySourceGeneratorTests.Generate_GivenDuplicateActivityMethodNames_GeneratesDiagnostic#InfoAttribute.g.received.cs
    Verified: TelemetrySourceGeneratorTests.Generate_GivenDuplicateActivityMethodNames_GeneratesDiagnostic#InfoAttribute.g.verified.cs
  - Received: TelemetrySourceGeneratorTests.Generate_GivenDuplicateActivityMethodNames_GeneratesDiagnostic#InstrumentMeasurementAttribute.g.received.cs
    Verified: TelemetrySourceGeneratorTests.Generate_GivenDuplicateActivityMethodNames_GeneratesDiagnostic#InstrumentMeasurementAttribute.g.verified.cs
  - Received: TelemetrySourceGeneratorTests.Generate_GivenDuplicateActivityMethodNames_GeneratesDiagnostic#LogAttribute.g.received.cs
    Verified: TelemetrySourceGeneratorTests.Generate_GivenDuplicateActivityMethodNames_GeneratesDiagnostic#LogAttribute.g.verified.cs
  - Received: TelemetrySourceGeneratorTests.Generate_GivenDuplicateActivityMethodNames_GeneratesDiagnostic#LoggerAttribute.g.received.cs
    Verified: TelemetrySourceGeneratorTests.Generate_GivenDuplicateActivityMethodNames_GeneratesDiagnostic#LoggerAttribute.g.verified.cs
  - Received: TelemetrySourceGeneratorTests.Generate_GivenDuplicateActivityMethodNames_GeneratesDiagnostic#LoggerGenerationAttribute.g.received.cs
    Verified: TelemetrySourceGeneratorTests.Generate_GivenDuplicateActivityMethodNames_GeneratesDiagnostic#LoggerGenerationAttribute.g.verified.cs
  - Received: TelemetrySourceGeneratorTests.Generate_GivenDuplicateActivityMethodNames_GeneratesDiagnostic#LoggerGenerationMode.g.received.cs
    Verified: TelemetrySourceGeneratorTests.Generate_GivenDuplicateActivityMethodNames_GeneratesDiagnostic#LoggerGenerationMode.g.verified.cs
  - Received: TelemetrySourceGeneratorTests.Generate_GivenDuplicateActivityMethodNames_GeneratesDiagnostic#LogPrefixType.g.received.cs
    Verified: TelemetrySourceGeneratorTests.Generate_GivenDuplicateActivityMethodNames_GeneratesDiagnostic#LogPrefixType.g.verified.cs
  - Received: TelemetrySourceGeneratorTests.Generate_GivenDuplicateActivityMethodNames_GeneratesDiagnostic#MeterAttribute.g.received.cs
    Verified: TelemetrySourceGeneratorTests.Generate_GivenDuplicateActivityMethodNames_GeneratesDiagnostic#MeterAttribute.g.verified.cs
  - Received: TelemetrySourceGeneratorTests.Generate_GivenDuplicateActivityMethodNames_GeneratesDiagnostic#MeterGenerationAttribute.g.received.cs
    Verified: TelemetrySourceGeneratorTests.Generate_GivenDuplicateActivityMethodNames_GeneratesDiagnostic#MeterGenerationAttribute.g.verified.cs
  - Received: TelemetrySourceGeneratorTests.Generate_GivenDuplicateActivityMethodNames_GeneratesDiagnostic#MeterNameGenerationType.g.received.cs
    Verified: TelemetrySourceGeneratorTests.Generate_GivenDuplicateActivityMethodNames_GeneratesDiagnostic#MeterNameGenerationType.g.verified.cs
  - Received: TelemetrySourceGeneratorTests.Generate_GivenDuplicateActivityMethodNames_GeneratesDiagnostic#NamingConvention.g.received.cs
    Verified: TelemetrySourceGeneratorTests.Generate_GivenDuplicateActivityMethodNames_GeneratesDiagnostic#NamingConvention.g.verified.cs
  - Received: TelemetrySourceGeneratorTests.Generate_GivenDuplicateActivityMethodNames_GeneratesDiagnostic#ObservableCounterAttribute.g.received.cs
    Verified: TelemetrySourceGeneratorTests.Generate_GivenDuplicateActivityMethodNames_GeneratesDiagnostic#ObservableCounterAttribute.g.verified.cs
  - Received: TelemetrySourceGeneratorTests.Generate_GivenDuplicateActivityMethodNames_GeneratesDiagnostic#ObservableGaugeAttribute.g.received.cs
    Verified: TelemetrySourceGeneratorTests.Generate_GivenDuplicateActivityMethodNames_GeneratesDiagnostic#ObservableGaugeAttribute.g.verified.cs
  - Received: TelemetrySourceGeneratorTests.Generate_GivenDuplicateActivityMethodNames_GeneratesDiagnostic#ObservableUpDownCounterAttribute.g.received.cs
    Verified: TelemetrySourceGeneratorTests.Generate_GivenDuplicateActivityMethodNames_GeneratesDiagnostic#ObservableUpDownCounterAttribute.g.verified.cs
  - Received: TelemetrySourceGeneratorTests.Generate_GivenDuplicateActivityMethodNames_GeneratesDiagnostic#Purview.Telemetry.SourceGenerator.TelemetryNames.g.received.cs
    Verified: TelemetrySourceGeneratorTests.Generate_GivenDuplicateActivityMethodNames_GeneratesDiagnostic#Purview.Telemetry.SourceGenerator.TelemetryNames.g.verified.cs
  - Received: TelemetrySourceGeneratorTests.Generate_GivenDuplicateActivityMethodNames_GeneratesDiagnostic#StatusDescriptionAttribute.g.received.cs
    Verified: TelemetrySourceGeneratorTests.Generate_GivenDuplicateActivityMethodNames_GeneratesDiagnostic#StatusDescriptionAttribute.g.verified.cs
  - Received: TelemetrySourceGeneratorTests.Generate_GivenDuplicateActivityMethodNames_GeneratesDiagnostic#TagAttribute.g.received.cs
    Verified: TelemetrySourceGeneratorTests.Generate_GivenDuplicateActivityMethodNames_GeneratesDiagnostic#TagAttribute.g.verified.cs
  - Received: TelemetrySourceGeneratorTests.Generate_GivenDuplicateActivityMethodNames_GeneratesDiagnostic#Targets.g.received.cs
    Verified: TelemetrySourceGeneratorTests.Generate_GivenDuplicateActivityMethodNames_GeneratesDiagnostic#Targets.g.verified.cs
  - Received: TelemetrySourceGeneratorTests.Generate_GivenDuplicateActivityMethodNames_GeneratesDiagnostic#TelemetryGenerationAttribute.g.received.cs
    Verified: TelemetrySourceGeneratorTests.Generate_GivenDuplicateActivityMethodNames_GeneratesDiagnostic#TelemetryGenerationAttribute.g.verified.cs
  - Received: TelemetrySourceGeneratorTests.Generate_GivenDuplicateActivityMethodNames_GeneratesDiagnostic#TestTelemetryCore.Activity.g.received.cs
    Verified: TelemetrySourceGeneratorTests.Generate_GivenDuplicateActivityMethodNames_GeneratesDiagnostic#TestTelemetryCore.Activity.g.verified.cs
  - Received: TelemetrySourceGeneratorTests.Generate_GivenDuplicateActivityMethodNames_GeneratesDiagnostic#TraceAttribute.g.received.cs
    Verified: TelemetrySourceGeneratorTests.Generate_GivenDuplicateActivityMethodNames_GeneratesDiagnostic#TraceAttribute.g.verified.cs
  - Received: TelemetrySourceGeneratorTests.Generate_GivenDuplicateActivityMethodNames_GeneratesDiagnostic#UpDownCounterAttribute.g.received.cs
    Verified: TelemetrySourceGeneratorTests.Generate_GivenDuplicateActivityMethodNames_GeneratesDiagnostic#UpDownCounterAttribute.g.verified.cs
  - Received: TelemetrySourceGeneratorTests.Generate_GivenDuplicateActivityMethodNames_GeneratesDiagnostic#WarningAttribute.g.received.cs
    Verified: TelemetrySourceGeneratorTests.Generate_GivenDuplicateActivityMethodNames_GeneratesDiagnostic#WarningAttribute.g.verified.cs

  from P:\GitHub\kjldev\purview-telemetry-sourcegenerator\src\Purview.Telemetry.SourceGenerator.IntegrationTests\bin\Release\net10.0\Purview.Telemetry.SourceGenerator.IntegrationTests.dll (net10.0|x64)
  TUnit.Engine.Exceptions.TestFailedException: [Test Failure] VerifyException: Directory: P:\GitHub\kjldev\purview-telemetry-sourcegenerator\src\Purview.Telemetry.SourceGenerator.IntegrationTests\Snapshots
  Delete:
    - TelemetrySourceGeneratorTests.Generate_GivenDuplicateActivityMethodNames_GeneratesDiagnostic.verified.txt
  Equal:
    - Received: TelemetrySourceGeneratorTests.Generate_GivenDuplicateActivityMethodNames_GeneratesDiagnostic#ActivityAttribute.g.received.cs
      Verified: TelemetrySourceGeneratorTests.Generate_GivenDuplicateActivityMethodNames_GeneratesDiagnostic#ActivityAttribute.g.verified.cs
    - Received: TelemetrySourceGeneratorTests.Generate_GivenDuplicateActivityMethodNames_GeneratesDiagnostic#ActivitySourceAttribute.g.received.cs
      Verified: TelemetrySourceGeneratorTests.Generate_GivenDuplicateActivityMethodNames_GeneratesDiagnostic#ActivitySourceAttribute.g.verified.cs
    - Received: TelemetrySourceGeneratorTests.Generate_GivenDuplicateActivityMethodNames_GeneratesDiagnostic#ActivitySourceGenerationAttribute.g.received.cs
      Verified: TelemetrySourceGeneratorTests.Generate_GivenDuplicateActivityMethodNames_GeneratesDiagnostic#ActivitySourceGenerationAttribute.g.verified.cs
    - Received: TelemetrySourceGeneratorTests.Generate_GivenDuplicateActivityMethodNames_GeneratesDiagnostic#AutoCounterAttribute.g.received.cs
      Verified: TelemetrySourceGeneratorTests.Generate_GivenDuplicateActivityMethodNames_GeneratesDiagnostic#AutoCounterAttribute.g.verified.cs
    - Received: TelemetrySourceGeneratorTests.Generate_GivenDuplicateActivityMethodNames_GeneratesDiagnostic#BaggageAttribute.g.received.cs
      Verified: TelemetrySourceGeneratorTests.Generate_GivenDuplicateActivityMethodNames_GeneratesDiagnostic#BaggageAttribute.g.verified.cs
    - Received: TelemetrySourceGeneratorTests.Generate_GivenDuplicateActivityMethodNames_GeneratesDiagnostic#ContextAttribute.g.received.cs
      Verified: TelemetrySourceGeneratorTests.Generate_GivenDuplicateActivityMethodNames_GeneratesDiagnostic#ContextAttribute.g.verified.cs
    - Received: TelemetrySourceGeneratorTests.Generate_GivenDuplicateActivityMethodNames_GeneratesDiagnostic#CounterAttribute.g.received.cs
      Verified: TelemetrySourceGeneratorTests.Generate_GivenDuplicateActivityMethodNames_GeneratesDiagnostic#CounterAttribute.g.verified.cs
    - Received: TelemetrySourceGeneratorTests.Generate_GivenDuplicateActivityMethodNames_GeneratesDiagnostic#CriticalAttribute.g.received.cs
      Verified: TelemetrySourceGeneratorTests.Generate_GivenDuplicateActivityMethodNames_GeneratesDiagnostic#CriticalAttribute.g.verified.cs
    - Received: TelemetrySourceGeneratorTests.Generate_GivenDuplicateActivityMethodNames_GeneratesDiagnostic#DebugAttribute.g.received.cs
      Verified: TelemetrySourceGeneratorTests.Generate_GivenDuplicateActivityMethodNames_GeneratesDiagnostic#DebugAttribute.g.verified.cs
    - Received: TelemetrySourceGeneratorTests.Generate_GivenDuplicateActivityMethodNames_GeneratesDiagnostic#ErrorAttribute.g.received.cs
      Verified: TelemetrySourceGeneratorTests.Generate_GivenDuplicateActivityMethodNames_GeneratesDiagnostic#ErrorAttribute.g.verified.cs
    - Received: TelemetrySourceGeneratorTests.Generate_GivenDuplicateActivityMethodNames_GeneratesDiagnostic#EscapeAttribute.g.received.cs
      Verified: TelemetrySourceGeneratorTests.Generate_GivenDuplicateActivityMethodNames_GeneratesDiagnostic#EscapeAttribute.g.verified.cs
    - Received: TelemetrySourceGeneratorTests.Generate_GivenDuplicateActivityMethodNames_GeneratesDiagnostic#EventAttribute.g.received.cs
      Verified: TelemetrySourceGeneratorTests.Generate_GivenDuplicateActivityMethodNames_GeneratesDiagnostic#EventAttribute.g.verified.cs
    - Received: TelemetrySourceGeneratorTests.Generate_GivenDuplicateActivityMethodNames_GeneratesDiagnostic#ExcludeAttribute.g.received.cs
      Verified: TelemetrySourceGeneratorTests.Generate_GivenDuplicateActivityMethodNames_GeneratesDiagnostic#ExcludeAttribute.g.verified.cs
    - Received: TelemetrySourceGeneratorTests.Generate_GivenDuplicateActivityMethodNames_GeneratesDiagnostic#ExcludeTargetsAttribute.g.received.cs
      Verified: TelemetrySourceGeneratorTests.Generate_GivenDuplicateActivityMethodNames_GeneratesDiagnostic#ExcludeTargetsAttribute.g.verified.cs
    - Received: TelemetrySourceGeneratorTests.Generate_GivenDuplicateActivityMethodNames_GeneratesDiagnostic#ExpandEnumerableAttribute.g.received.cs
      Verified: TelemetrySourceGeneratorTests.Generate_GivenDuplicateActivityMethodNames_GeneratesDiagnostic#ExpandEnumerableAttribute.g.verified.cs
    - Received: TelemetrySourceGeneratorTests.Generate_GivenDuplicateActivityMethodNames_GeneratesDiagnostic#HistogramAttribute.g.received.cs
      Verified: TelemetrySourceGeneratorTests.Generate_GivenDuplicateActivityMethodNames_GeneratesDiagnostic#HistogramAttribute.g.verified.cs
    - Received: TelemetrySourceGeneratorTests.Generate_GivenDuplicateActivityMethodNames_GeneratesDiagnostic#InfoAttribute.g.received.cs
      Verified: TelemetrySourceGeneratorTests.Generate_GivenDuplicateActivityMethodNames_GeneratesDiagnostic#InfoAttribute.g.verified.cs
    - Received: TelemetrySourceGeneratorTests.Generate_GivenDuplicateActivityMethodNames_GeneratesDiagnostic#InstrumentMeasurementAttribute.g.received.cs
      Verified: TelemetrySourceGeneratorTests.Generate_GivenDuplicateActivityMethodNames_GeneratesDiagnostic#InstrumentMeasurementAttribute.g.verified.cs
    - Received: TelemetrySourceGeneratorTests.Generate_GivenDuplicateActivityMethodNames_GeneratesDiagnostic#LogAttribute.g.received.cs
      Verified: TelemetrySourceGeneratorTests.Generate_GivenDuplicateActivityMethodNames_GeneratesDiagnostic#LogAttribute.g.verified.cs
    - Received: TelemetrySourceGeneratorTests.Generate_GivenDuplicateActivityMethodNames_GeneratesDiagnostic#LoggerAttribute.g.received.cs
      Verified: TelemetrySourceGeneratorTests.Generate_GivenDuplicateActivityMethodNames_GeneratesDiagnostic#LoggerAttribute.g.verified.cs
    - Received: TelemetrySourceGeneratorTests.Generate_GivenDuplicateActivityMethodNames_GeneratesDiagnostic#LoggerGenerationAttribute.g.received.cs
      Verified: TelemetrySourceGeneratorTests.Generate_GivenDuplicateActivityMethodNames_GeneratesDiagnostic#LoggerGenerationAttribute.g.verified.cs
    - Received: TelemetrySourceGeneratorTests.Generate_GivenDuplicateActivityMethodNames_GeneratesDiagnostic#LoggerGenerationMode.g.received.cs
      Verified: TelemetrySourceGeneratorTests.Generate_GivenDuplicateActivityMethodNames_GeneratesDiagnostic#LoggerGenerationMode.g.verified.cs
    - Received: TelemetrySourceGeneratorTests.Generate_GivenDuplicateActivityMethodNames_GeneratesDiagnostic#LogPrefixType.g.received.cs
      Verified: TelemetrySourceGeneratorTests.Generate_GivenDuplicateActivityMethodNames_GeneratesDiagnostic#LogPrefixType.g.verified.cs
    - Received: TelemetrySourceGeneratorTests.Generate_GivenDuplicateActivityMethodNames_GeneratesDiagnostic#MeterAttribute.g.received.cs
      Verified: TelemetrySourceGeneratorTests.Generate_GivenDuplicateActivityMethodNames_GeneratesDiagnostic#MeterAttribute.g.verified.cs
    - Received: TelemetrySourceGeneratorTests.Generate_GivenDuplicateActivityMethodNames_GeneratesDiagnostic#MeterGenerationAttribute.g.received.cs
      Verified: TelemetrySourceGeneratorTests.Generate_GivenDuplicateActivityMethodNames_GeneratesDiagnostic#MeterGenerationAttribute.g.verified.cs
    - Received: TelemetrySourceGeneratorTests.Generate_GivenDuplicateActivityMethodNames_GeneratesDiagnostic#MeterNameGenerationType.g.received.cs
      Verified: TelemetrySourceGeneratorTests.Generate_GivenDuplicateActivityMethodNames_GeneratesDiagnostic#MeterNameGenerationType.g.verified.cs
    - Received: TelemetrySourceGeneratorTests.Generate_GivenDuplicateActivityMethodNames_GeneratesDiagnostic#NamingConvention.g.received.cs
      Verified: TelemetrySourceGeneratorTests.Generate_GivenDuplicateActivityMethodNames_GeneratesDiagnostic#NamingConvention.g.verified.cs
    - Received: TelemetrySourceGeneratorTests.Generate_GivenDuplicateActivityMethodNames_GeneratesDiagnostic#ObservableCounterAttribute.g.received.cs
      Verified: TelemetrySourceGeneratorTests.Generate_GivenDuplicateActivityMethodNames_GeneratesDiagnostic#ObservableCounterAttribute.g.verified.cs
    - Received: TelemetrySourceGeneratorTests.Generate_GivenDuplicateActivityMethodNames_GeneratesDiagnostic#ObservableGaugeAttribute.g.received.cs
      Verified: TelemetrySourceGeneratorTests.Generate_GivenDuplicateActivityMethodNames_GeneratesDiagnostic#ObservableGaugeAttribute.g.verified.cs
    - Received: TelemetrySourceGeneratorTests.Generate_GivenDuplicateActivityMethodNames_GeneratesDiagnostic#ObservableUpDownCounterAttribute.g.received.cs
      Verified: TelemetrySourceGeneratorTests.Generate_GivenDuplicateActivityMethodNames_GeneratesDiagnostic#ObservableUpDownCounterAttribute.g.verified.cs
    - Received: TelemetrySourceGeneratorTests.Generate_GivenDuplicateActivityMethodNames_GeneratesDiagnostic#Purview.Telemetry.SourceGenerator.TelemetryNames.g.received.cs
      Verified: TelemetrySourceGeneratorTests.Generate_GivenDuplicateActivityMethodNames_GeneratesDiagnostic#Purview.Telemetry.SourceGenerator.TelemetryNames.g.verified.cs
    - Received: TelemetrySourceGeneratorTests.Generate_GivenDuplicateActivityMethodNames_GeneratesDiagnostic#StatusDescriptionAttribute.g.received.cs
      Verified: TelemetrySourceGeneratorTests.Generate_GivenDuplicateActivityMethodNames_GeneratesDiagnostic#StatusDescriptionAttribute.g.verified.cs
    - Received: TelemetrySourceGeneratorTests.Generate_GivenDuplicateActivityMethodNames_GeneratesDiagnostic#TagAttribute.g.received.cs
      Verified: TelemetrySourceGeneratorTests.Generate_GivenDuplicateActivityMethodNames_GeneratesDiagnostic#TagAttribute.g.verified.cs
    - Received: TelemetrySourceGeneratorTests.Generate_GivenDuplicateActivityMethodNames_GeneratesDiagnostic#Targets.g.received.cs
      Verified: TelemetrySourceGeneratorTests.Generate_GivenDuplicateActivityMethodNames_GeneratesDiagnostic#Targets.g.verified.cs
    - Received: TelemetrySourceGeneratorTests.Generate_GivenDuplicateActivityMethodNames_GeneratesDiagnostic#TelemetryGenerationAttribute.g.received.cs
      Verified: TelemetrySourceGeneratorTests.Generate_GivenDuplicateActivityMethodNames_GeneratesDiagnostic#TelemetryGenerationAttribute.g.verified.cs
    - Received: TelemetrySourceGeneratorTests.Generate_GivenDuplicateActivityMethodNames_GeneratesDiagnostic#TestTelemetryCore.Activity.g.received.cs
      Verified: TelemetrySourceGeneratorTests.Generate_GivenDuplicateActivityMethodNames_GeneratesDiagnostic#TestTelemetryCore.Activity.g.verified.cs
    - Received: TelemetrySourceGeneratorTests.Generate_GivenDuplicateActivityMethodNames_GeneratesDiagnostic#TraceAttribute.g.received.cs
      Verified: TelemetrySourceGeneratorTests.Generate_GivenDuplicateActivityMethodNames_GeneratesDiagnostic#TraceAttribute.g.verified.cs
    - Received: TelemetrySourceGeneratorTests.Generate_GivenDuplicateActivityMethodNames_GeneratesDiagnostic#UpDownCounterAttribute.g.received.cs
      Verified: TelemetrySourceGeneratorTests.Generate_GivenDuplicateActivityMethodNames_GeneratesDiagnostic#UpDownCounterAttribute.g.verified.cs
    - Received: TelemetrySourceGeneratorTests.Generate_GivenDuplicateActivityMethodNames_GeneratesDiagnostic#WarningAttribute.g.received.cs
      Verified: TelemetrySourceGeneratorTests.Generate_GivenDuplicateActivityMethodNames_GeneratesDiagnostic#WarningAttribute.g.verified.cs
  
  Standard output
    DBG: --- Adding templates.
    DBG: Adding ActivitySourceGenerationAttribute as ActivitySourceGenerationAttribute.g.cs.
    DBG: Adding ActivitySourceAttribute as ActivitySourceAttribute.g.cs.
    DBG: Adding ActivityAttribute as ActivityAttribute.g.cs.
    DBG: Adding EventAttribute as EventAttribute.g.cs.
    DBG: Adding ContextAttribute as ContextAttribute.g.cs.
    DBG: Adding BaggageAttribute as BaggageAttribute.g.cs.
    DBG: Adding EscapeAttribute as EscapeAttribute.g.cs.
    DBG: Adding StatusDescriptionAttribute as StatusDescriptionAttribute.g.cs.
    DBG: Adding LoggerGenerationAttribute as LoggerGenerationAttribute.g.cs.
    DBG: Adding LoggerAttribute as LoggerAttribute.g.cs.
    DBG: Adding LogAttribute as LogAttribute.g.cs.
    DBG: Adding LogPrefixType as LogPrefixType.g.cs.
    DBG: Adding LoggerGenerationMode as LoggerGenerationMode.g.cs.
    DBG: Adding ExpandEnumerableAttribute as ExpandEnumerableAttribute.g.cs.
    DBG: Adding TraceAttribute as TraceAttribute.g.cs.
    DBG: Adding DebugAttribute as DebugAttribute.g.cs.
    DBG: Adding InfoAttribute as InfoAttribute.g.cs.
    DBG: Adding WarningAttribute as WarningAttribute.g.cs.
    DBG: Adding ErrorAttribute as ErrorAttribute.g.cs.
    DBG: Adding CriticalAttribute as CriticalAttribute.g.cs.
    DBG: Adding MeterGenerationAttribute as MeterGenerationAttribute.g.cs.
    DBG: Adding MeterAttribute as MeterAttribute.g.cs.
    DBG: Adding MeterNameGenerationType as MeterNameGenerationType.g.cs.
    DBG: Adding InstrumentMeasurementAttribute as InstrumentMeasurementAttribute.g.cs.
    DBG: Adding AutoCounterAttribute as AutoCounterAttribute.g.cs.
    DBG: Adding CounterAttribute as CounterAttribute.g.cs.
    DBG: Adding UpDownCounterAttribute as UpDownCounterAttribute.g.cs.
    DBG: Adding HistogramAttribute as HistogramAttribute.g.cs.
    DBG: Adding ObservableCounterAttribute as ObservableCounterAttribute.g.cs.
    DBG: Adding ObservableGaugeAttribute as ObservableGaugeAttribute.g.cs.
    DBG: Adding ObservableUpDownCounterAttribute as ObservableUpDownCounterAttribute.g.cs.
    DBG: Adding TagAttribute as TagAttribute.g.cs.
    DBG: Adding ExcludeAttribute as ExcludeAttribute.g.cs.
    DBG: Adding TelemetryGenerationAttribute as TelemetryGenerationAttribute.g.cs.
    DBG: Adding Targets as Targets.g.cs.
    DBG: Adding NamingConvention as NamingConvention.g.cs.
    DBG: Adding ExcludeTargetsAttribute as ExcludeTargetsAttribute.g.cs.
    DBG: --- Finished adding templates.
    DBG: Found attribute: Purview.Telemetry.ActivitySourceAttribute("activity-source")
    DBG: Found attribute: Purview.Telemetry.TelemetryGenerationAttribute(GenerateDependencyExtension = false)
    DBG: Found attribute: Purview.Telemetry.ActivityAttribute
    DBG: Found explicit activity: DuplicateMethodName.
    DBG: Found Activity method ITestTelemetry.DuplicateMethodName.
    DBG: Found explicit baggage: stringParam.
    DBG: Found attribute: Purview.Telemetry.BaggageAttribute
    DBG: Found explicit tag: intParam.
    DBG: Found attribute: Purview.Telemetry.TagAttribute
    DBG: Inferring tag: boolParam.
    DBG: Found attribute: Purview.Telemetry.ActivityAttribute
    DBG: Found explicit activity: DuplicateMethodName.
    DBG: Found Activity method ITestTelemetry.DuplicateMethodName.
    DBG: Activity generation target: TestTelemetryCore
    DBG: Generating activity class for: TestTelemetryCore
    DBG: Generating RecordExceptionInternal.
    DBG: Skipping dependency injection emit.
    DBG: Found attribute: Purview.Telemetry.ActivitySourceAttribute("activity-source")
    DBG: Found attribute: Purview.Telemetry.TelemetryGenerationAttribute(GenerateDependencyExtension = false)
    DBG: Found attribute: Purview.Telemetry.ActivityAttribute
    DBG: Found explicit activity: DuplicateMethodName.
    DBG: Found Activity method ITestTelemetry.DuplicateMethodName.
    DBG: Found explicit baggage: stringParam.
    DBG: Found attribute: Purview.Telemetry.BaggageAttribute
    DBG: Found explicit tag: intParam.
    DBG: Found attribute: Purview.Telemetry.TagAttribute
    DBG: Inferring tag: boolParam.
    DBG: Found attribute: Purview.Telemetry.ActivityAttribute
    DBG: Found explicit activity: DuplicateMethodName.
    DBG: Found Activity method ITestTelemetry.DuplicateMethodName.
    DBG: Generating Telemetry Names using class 'TelemetryNames'.
    
  Error output
failed Generate_GivenLogMethodReturningValueTaskOfString_RaisesDiagnostic (6s 677ms)
  [Test Failure] VerifyException: Directory: P:\GitHub\kjldev\purview-telemetry-sourcegenerator\src\Purview.Telemetry.SourceGenerator.IntegrationTests\Snapshots
Delete:
  - TelemetrySourceGeneratorTests.Generate_GivenLogMethodReturningValueTaskOfString_RaisesDiagnostic.verified.txt
Equal:
  - Received: TelemetrySourceGeneratorTests.Generate_GivenLogMethodReturningValueTaskOfString_RaisesDiagnostic#ActivityAttribute.g.received.cs
    Verified: TelemetrySourceGeneratorTests.Generate_GivenLogMethodReturningValueTaskOfString_RaisesDiagnostic#ActivityAttribute.g.verified.cs
  - Received: TelemetrySourceGeneratorTests.Generate_GivenLogMethodReturningValueTaskOfString_RaisesDiagnostic#ActivitySourceAttribute.g.received.cs
    Verified: TelemetrySourceGeneratorTests.Generate_GivenLogMethodReturningValueTaskOfString_RaisesDiagnostic#ActivitySourceAttribute.g.verified.cs
  - Received: TelemetrySourceGeneratorTests.Generate_GivenLogMethodReturningValueTaskOfString_RaisesDiagnostic#ActivitySourceGenerationAttribute.g.received.cs
    Verified: TelemetrySourceGeneratorTests.Generate_GivenLogMethodReturningValueTaskOfString_RaisesDiagnostic#ActivitySourceGenerationAttribute.g.verified.cs
  - Received: TelemetrySourceGeneratorTests.Generate_GivenLogMethodReturningValueTaskOfString_RaisesDiagnostic#AutoCounterAttribute.g.received.cs
    Verified: TelemetrySourceGeneratorTests.Generate_GivenLogMethodReturningValueTaskOfString_RaisesDiagnostic#AutoCounterAttribute.g.verified.cs
  - Received: TelemetrySourceGeneratorTests.Generate_GivenLogMethodReturningValueTaskOfString_RaisesDiagnostic#BaggageAttribute.g.received.cs
    Verified: TelemetrySourceGeneratorTests.Generate_GivenLogMethodReturningValueTaskOfString_RaisesDiagnostic#BaggageAttribute.g.verified.cs
  - Received: TelemetrySourceGeneratorTests.Generate_GivenLogMethodReturningValueTaskOfString_RaisesDiagnostic#ContextAttribute.g.received.cs
    Verified: TelemetrySourceGeneratorTests.Generate_GivenLogMethodReturningValueTaskOfString_RaisesDiagnostic#ContextAttribute.g.verified.cs
  - Received: TelemetrySourceGeneratorTests.Generate_GivenLogMethodReturningValueTaskOfString_RaisesDiagnostic#CounterAttribute.g.received.cs
    Verified: TelemetrySourceGeneratorTests.Generate_GivenLogMethodReturningValueTaskOfString_RaisesDiagnostic#CounterAttribute.g.verified.cs
  - Received: TelemetrySourceGeneratorTests.Generate_GivenLogMethodReturningValueTaskOfString_RaisesDiagnostic#CriticalAttribute.g.received.cs
    Verified: TelemetrySourceGeneratorTests.Generate_GivenLogMethodReturningValueTaskOfString_RaisesDiagnostic#CriticalAttribute.g.verified.cs
  - Received: TelemetrySourceGeneratorTests.Generate_GivenLogMethodReturningValueTaskOfString_RaisesDiagnostic#DebugAttribute.g.received.cs
    Verified: TelemetrySourceGeneratorTests.Generate_GivenLogMethodReturningValueTaskOfString_RaisesDiagnostic#DebugAttribute.g.verified.cs
  - Received: TelemetrySourceGeneratorTests.Generate_GivenLogMethodReturningValueTaskOfString_RaisesDiagnostic#ErrorAttribute.g.received.cs
    Verified: TelemetrySourceGeneratorTests.Generate_GivenLogMethodReturningValueTaskOfString_RaisesDiagnostic#ErrorAttribute.g.verified.cs
  - Received: TelemetrySourceGeneratorTests.Generate_GivenLogMethodReturningValueTaskOfString_RaisesDiagnostic#EscapeAttribute.g.received.cs
    Verified: TelemetrySourceGeneratorTests.Generate_GivenLogMethodReturningValueTaskOfString_RaisesDiagnostic#EscapeAttribute.g.verified.cs
  - Received: TelemetrySourceGeneratorTests.Generate_GivenLogMethodReturningValueTaskOfString_RaisesDiagnostic#EventAttribute.g.received.cs
    Verified: TelemetrySourceGeneratorTests.Generate_GivenLogMethodReturningValueTaskOfString_RaisesDiagnostic#EventAttribute.g.verified.cs
  - Received: TelemetrySourceGeneratorTests.Generate_GivenLogMethodReturningValueTaskOfString_RaisesDiagnostic#ExcludeAttribute.g.received.cs
    Verified: TelemetrySourceGeneratorTests.Generate_GivenLogMethodReturningValueTaskOfString_RaisesDiagnostic#ExcludeAttribute.g.verified.cs
  - Received: TelemetrySourceGeneratorTests.Generate_GivenLogMethodReturningValueTaskOfString_RaisesDiagnostic#ExcludeTargetsAttribute.g.received.cs
    Verified: TelemetrySourceGeneratorTests.Generate_GivenLogMethodReturningValueTaskOfString_RaisesDiagnostic#ExcludeTargetsAttribute.g.verified.cs
  - Received: TelemetrySourceGeneratorTests.Generate_GivenLogMethodReturningValueTaskOfString_RaisesDiagnostic#ExpandEnumerableAttribute.g.received.cs
    Verified: TelemetrySourceGeneratorTests.Generate_GivenLogMethodReturningValueTaskOfString_RaisesDiagnostic#ExpandEnumerableAttribute.g.verified.cs
  - Received: TelemetrySourceGeneratorTests.Generate_GivenLogMethodReturningValueTaskOfString_RaisesDiagnostic#HistogramAttribute.g.received.cs
    Verified: TelemetrySourceGeneratorTests.Generate_GivenLogMethodReturningValueTaskOfString_RaisesDiagnostic#HistogramAttribute.g.verified.cs
  - Received: TelemetrySourceGeneratorTests.Generate_GivenLogMethodReturningValueTaskOfString_RaisesDiagnostic#InfoAttribute.g.received.cs
    Verified: TelemetrySourceGeneratorTests.Generate_GivenLogMethodReturningValueTaskOfString_RaisesDiagnostic#InfoAttribute.g.verified.cs
  - Received: TelemetrySourceGeneratorTests.Generate_GivenLogMethodReturningValueTaskOfString_RaisesDiagnostic#InstrumentMeasurementAttribute.g.received.cs
    Verified: TelemetrySourceGeneratorTests.Generate_GivenLogMethodReturningValueTaskOfString_RaisesDiagnostic#InstrumentMeasurementAttribute.g.verified.cs
  - Received: TelemetrySourceGeneratorTests.Generate_GivenLogMethodReturningValueTaskOfString_RaisesDiagnostic#LogAttribute.g.received.cs
    Verified: TelemetrySourceGeneratorTests.Generate_GivenLogMethodReturningValueTaskOfString_RaisesDiagnostic#LogAttribute.g.verified.cs
  - Received: TelemetrySourceGeneratorTests.Generate_GivenLogMethodReturningValueTaskOfString_RaisesDiagnostic#LoggerAttribute.g.received.cs
    Verified: TelemetrySourceGeneratorTests.Generate_GivenLogMethodReturningValueTaskOfString_RaisesDiagnostic#LoggerAttribute.g.verified.cs
  - Received: TelemetrySourceGeneratorTests.Generate_GivenLogMethodReturningValueTaskOfString_RaisesDiagnostic#LoggerGenerationAttribute.g.received.cs
    Verified: TelemetrySourceGeneratorTests.Generate_GivenLogMethodReturningValueTaskOfString_RaisesDiagnostic#LoggerGenerationAttribute.g.verified.cs
  - Received: TelemetrySourceGeneratorTests.Generate_GivenLogMethodReturningValueTaskOfString_RaisesDiagnostic#LoggerGenerationMode.g.received.cs
    Verified: TelemetrySourceGeneratorTests.Generate_GivenLogMethodReturningValueTaskOfString_RaisesDiagnostic#LoggerGenerationMode.g.verified.cs
  - Received: TelemetrySourceGeneratorTests.Generate_GivenLogMethodReturningValueTaskOfString_RaisesDiagnostic#LogPrefixType.g.received.cs
    Verified: TelemetrySourceGeneratorTests.Generate_GivenLogMethodReturningValueTaskOfString_RaisesDiagnostic#LogPrefixType.g.verified.cs
  - Received: TelemetrySourceGeneratorTests.Generate_GivenLogMethodReturningValueTaskOfString_RaisesDiagnostic#MeterAttribute.g.received.cs
    Verified: TelemetrySourceGeneratorTests.Generate_GivenLogMethodReturningValueTaskOfString_RaisesDiagnostic#MeterAttribute.g.verified.cs
  - Received: TelemetrySourceGeneratorTests.Generate_GivenLogMethodReturningValueTaskOfString_RaisesDiagnostic#MeterGenerationAttribute.g.received.cs
    Verified: TelemetrySourceGeneratorTests.Generate_GivenLogMethodReturningValueTaskOfString_RaisesDiagnostic#MeterGenerationAttribute.g.verified.cs
  - Received: TelemetrySourceGeneratorTests.Generate_GivenLogMethodReturningValueTaskOfString_RaisesDiagnostic#MeterNameGenerationType.g.received.cs
    Verified: TelemetrySourceGeneratorTests.Generate_GivenLogMethodReturningValueTaskOfString_RaisesDiagnostic#MeterNameGenerationType.g.verified.cs
  - Received: TelemetrySourceGeneratorTests.Generate_GivenLogMethodReturningValueTaskOfString_RaisesDiagnostic#NamingConvention.g.received.cs
    Verified: TelemetrySourceGeneratorTests.Generate_GivenLogMethodReturningValueTaskOfString_RaisesDiagnostic#NamingConvention.g.verified.cs
  - Received: TelemetrySourceGeneratorTests.Generate_GivenLogMethodReturningValueTaskOfString_RaisesDiagnostic#ObservableCounterAttribute.g.received.cs
    Verified: TelemetrySourceGeneratorTests.Generate_GivenLogMethodReturningValueTaskOfString_RaisesDiagnostic#ObservableCounterAttribute.g.verified.cs
  - Received: TelemetrySourceGeneratorTests.Generate_GivenLogMethodReturningValueTaskOfString_RaisesDiagnostic#ObservableGaugeAttribute.g.received.cs
    Verified: TelemetrySourceGeneratorTests.Generate_GivenLogMethodReturningValueTaskOfString_RaisesDiagnostic#ObservableGaugeAttribute.g.verified.cs
  - Received: TelemetrySourceGeneratorTests.Generate_GivenLogMethodReturningValueTaskOfString_RaisesDiagnostic#ObservableUpDownCounterAttribute.g.received.cs
    Verified: TelemetrySourceGeneratorTests.Generate_GivenLogMethodReturningValueTaskOfString_RaisesDiagnostic#ObservableUpDownCounterAttribute.g.verified.cs
  - Received: TelemetrySourceGeneratorTests.Generate_GivenLogMethodReturningValueTaskOfString_RaisesDiagnostic#StatusDescriptionAttribute.g.received.cs
    Verified: TelemetrySourceGeneratorTests.Generate_GivenLogMethodReturningValueTaskOfString_RaisesDiagnostic#StatusDescriptionAttribute.g.verified.cs
  - Received: TelemetrySourceGeneratorTests.Generate_GivenLogMethodReturningValueTaskOfString_RaisesDiagnostic#TagAttribute.g.received.cs
    Verified: TelemetrySourceGeneratorTests.Generate_GivenLogMethodReturningValueTaskOfString_RaisesDiagnostic#TagAttribute.g.verified.cs
  - Received: TelemetrySourceGeneratorTests.Generate_GivenLogMethodReturningValueTaskOfString_RaisesDiagnostic#Targets.g.received.cs
    Verified: TelemetrySourceGeneratorTests.Generate_GivenLogMethodReturningValueTaskOfString_RaisesDiagnostic#Targets.g.verified.cs
  - Received: TelemetrySourceGeneratorTests.Generate_GivenLogMethodReturningValueTaskOfString_RaisesDiagnostic#TelemetryGenerationAttribute.g.received.cs
    Verified: TelemetrySourceGeneratorTests.Generate_GivenLogMethodReturningValueTaskOfString_RaisesDiagnostic#TelemetryGenerationAttribute.g.verified.cs
  - Received: TelemetrySourceGeneratorTests.Generate_GivenLogMethodReturningValueTaskOfString_RaisesDiagnostic#Testing.InvalidTelemetryCore.Logging.g.received.cs
    Verified: TelemetrySourceGeneratorTests.Generate_GivenLogMethodReturningValueTaskOfString_RaisesDiagnostic#Testing.InvalidTelemetryCore.Logging.g.verified.cs
  - Received: TelemetrySourceGeneratorTests.Generate_GivenLogMethodReturningValueTaskOfString_RaisesDiagnostic#TraceAttribute.g.received.cs
    Verified: TelemetrySourceGeneratorTests.Generate_GivenLogMethodReturningValueTaskOfString_RaisesDiagnostic#TraceAttribute.g.verified.cs
  - Received: TelemetrySourceGeneratorTests.Generate_GivenLogMethodReturningValueTaskOfString_RaisesDiagnostic#UpDownCounterAttribute.g.received.cs
    Verified: TelemetrySourceGeneratorTests.Generate_GivenLogMethodReturningValueTaskOfString_RaisesDiagnostic#UpDownCounterAttribute.g.verified.cs
  - Received: TelemetrySourceGeneratorTests.Generate_GivenLogMethodReturningValueTaskOfString_RaisesDiagnostic#WarningAttribute.g.received.cs
    Verified: TelemetrySourceGeneratorTests.Generate_GivenLogMethodReturningValueTaskOfString_RaisesDiagnostic#WarningAttribute.g.verified.cs

  from P:\GitHub\kjldev\purview-telemetry-sourcegenerator\src\Purview.Telemetry.SourceGenerator.IntegrationTests\bin\Release\net10.0\Purview.Telemetry.SourceGenerator.IntegrationTests.dll (net10.0|x64)
  TUnit.Engine.Exceptions.TestFailedException: [Test Failure] VerifyException: Directory: P:\GitHub\kjldev\purview-telemetry-sourcegenerator\src\Purview.Telemetry.SourceGenerator.IntegrationTests\Snapshots
  Delete:
    - TelemetrySourceGeneratorTests.Generate_GivenLogMethodReturningValueTaskOfString_RaisesDiagnostic.verified.txt
  Equal:
    - Received: TelemetrySourceGeneratorTests.Generate_GivenLogMethodReturningValueTaskOfString_RaisesDiagnostic#ActivityAttribute.g.received.cs
      Verified: TelemetrySourceGeneratorTests.Generate_GivenLogMethodReturningValueTaskOfString_RaisesDiagnostic#ActivityAttribute.g.verified.cs
    - Received: TelemetrySourceGeneratorTests.Generate_GivenLogMethodReturningValueTaskOfString_RaisesDiagnostic#ActivitySourceAttribute.g.received.cs
      Verified: TelemetrySourceGeneratorTests.Generate_GivenLogMethodReturningValueTaskOfString_RaisesDiagnostic#ActivitySourceAttribute.g.verified.cs
    - Received: TelemetrySourceGeneratorTests.Generate_GivenLogMethodReturningValueTaskOfString_RaisesDiagnostic#ActivitySourceGenerationAttribute.g.received.cs
      Verified: TelemetrySourceGeneratorTests.Generate_GivenLogMethodReturningValueTaskOfString_RaisesDiagnostic#ActivitySourceGenerationAttribute.g.verified.cs
    - Received: TelemetrySourceGeneratorTests.Generate_GivenLogMethodReturningValueTaskOfString_RaisesDiagnostic#AutoCounterAttribute.g.received.cs
      Verified: TelemetrySourceGeneratorTests.Generate_GivenLogMethodReturningValueTaskOfString_RaisesDiagnostic#AutoCounterAttribute.g.verified.cs
    - Received: TelemetrySourceGeneratorTests.Generate_GivenLogMethodReturningValueTaskOfString_RaisesDiagnostic#BaggageAttribute.g.received.cs
      Verified: TelemetrySourceGeneratorTests.Generate_GivenLogMethodReturningValueTaskOfString_RaisesDiagnostic#BaggageAttribute.g.verified.cs
    - Received: TelemetrySourceGeneratorTests.Generate_GivenLogMethodReturningValueTaskOfString_RaisesDiagnostic#ContextAttribute.g.received.cs
      Verified: TelemetrySourceGeneratorTests.Generate_GivenLogMethodReturningValueTaskOfString_RaisesDiagnostic#ContextAttribute.g.verified.cs
    - Received: TelemetrySourceGeneratorTests.Generate_GivenLogMethodReturningValueTaskOfString_RaisesDiagnostic#CounterAttribute.g.received.cs
      Verified: TelemetrySourceGeneratorTests.Generate_GivenLogMethodReturningValueTaskOfString_RaisesDiagnostic#CounterAttribute.g.verified.cs
    - Received: TelemetrySourceGeneratorTests.Generate_GivenLogMethodReturningValueTaskOfString_RaisesDiagnostic#CriticalAttribute.g.received.cs
      Verified: TelemetrySourceGeneratorTests.Generate_GivenLogMethodReturningValueTaskOfString_RaisesDiagnostic#CriticalAttribute.g.verified.cs
    - Received: TelemetrySourceGeneratorTests.Generate_GivenLogMethodReturningValueTaskOfString_RaisesDiagnostic#DebugAttribute.g.received.cs
      Verified: TelemetrySourceGeneratorTests.Generate_GivenLogMethodReturningValueTaskOfString_RaisesDiagnostic#DebugAttribute.g.verified.cs
    - Received: TelemetrySourceGeneratorTests.Generate_GivenLogMethodReturningValueTaskOfString_RaisesDiagnostic#ErrorAttribute.g.received.cs
      Verified: TelemetrySourceGeneratorTests.Generate_GivenLogMethodReturningValueTaskOfString_RaisesDiagnostic#ErrorAttribute.g.verified.cs
    - Received: TelemetrySourceGeneratorTests.Generate_GivenLogMethodReturningValueTaskOfString_RaisesDiagnostic#EscapeAttribute.g.received.cs
      Verified: TelemetrySourceGeneratorTests.Generate_GivenLogMethodReturningValueTaskOfString_RaisesDiagnostic#EscapeAttribute.g.verified.cs
    - Received: TelemetrySourceGeneratorTests.Generate_GivenLogMethodReturningValueTaskOfString_RaisesDiagnostic#EventAttribute.g.received.cs
      Verified: TelemetrySourceGeneratorTests.Generate_GivenLogMethodReturningValueTaskOfString_RaisesDiagnostic#EventAttribute.g.verified.cs
    - Received: TelemetrySourceGeneratorTests.Generate_GivenLogMethodReturningValueTaskOfString_RaisesDiagnostic#ExcludeAttribute.g.received.cs
      Verified: TelemetrySourceGeneratorTests.Generate_GivenLogMethodReturningValueTaskOfString_RaisesDiagnostic#ExcludeAttribute.g.verified.cs
    - Received: TelemetrySourceGeneratorTests.Generate_GivenLogMethodReturningValueTaskOfString_RaisesDiagnostic#ExcludeTargetsAttribute.g.received.cs
      Verified: TelemetrySourceGeneratorTests.Generate_GivenLogMethodReturningValueTaskOfString_RaisesDiagnostic#ExcludeTargetsAttribute.g.verified.cs
    - Received: TelemetrySourceGeneratorTests.Generate_GivenLogMethodReturningValueTaskOfString_RaisesDiagnostic#ExpandEnumerableAttribute.g.received.cs
      Verified: TelemetrySourceGeneratorTests.Generate_GivenLogMethodReturningValueTaskOfString_RaisesDiagnostic#ExpandEnumerableAttribute.g.verified.cs
    - Received: TelemetrySourceGeneratorTests.Generate_GivenLogMethodReturningValueTaskOfString_RaisesDiagnostic#HistogramAttribute.g.received.cs
      Verified: TelemetrySourceGeneratorTests.Generate_GivenLogMethodReturningValueTaskOfString_RaisesDiagnostic#HistogramAttribute.g.verified.cs
    - Received: TelemetrySourceGeneratorTests.Generate_GivenLogMethodReturningValueTaskOfString_RaisesDiagnostic#InfoAttribute.g.received.cs
      Verified: TelemetrySourceGeneratorTests.Generate_GivenLogMethodReturningValueTaskOfString_RaisesDiagnostic#InfoAttribute.g.verified.cs
    - Received: TelemetrySourceGeneratorTests.Generate_GivenLogMethodReturningValueTaskOfString_RaisesDiagnostic#InstrumentMeasurementAttribute.g.received.cs
      Verified: TelemetrySourceGeneratorTests.Generate_GivenLogMethodReturningValueTaskOfString_RaisesDiagnostic#InstrumentMeasurementAttribute.g.verified.cs
    - Received: TelemetrySourceGeneratorTests.Generate_GivenLogMethodReturningValueTaskOfString_RaisesDiagnostic#LogAttribute.g.received.cs
      Verified: TelemetrySourceGeneratorTests.Generate_GivenLogMethodReturningValueTaskOfString_RaisesDiagnostic#LogAttribute.g.verified.cs
    - Received: TelemetrySourceGeneratorTests.Generate_GivenLogMethodReturningValueTaskOfString_RaisesDiagnostic#LoggerAttribute.g.received.cs
      Verified: TelemetrySourceGeneratorTests.Generate_GivenLogMethodReturningValueTaskOfString_RaisesDiagnostic#LoggerAttribute.g.verified.cs
    - Received: TelemetrySourceGeneratorTests.Generate_GivenLogMethodReturningValueTaskOfString_RaisesDiagnostic#LoggerGenerationAttribute.g.received.cs
      Verified: TelemetrySourceGeneratorTests.Generate_GivenLogMethodReturningValueTaskOfString_RaisesDiagnostic#LoggerGenerationAttribute.g.verified.cs
    - Received: TelemetrySourceGeneratorTests.Generate_GivenLogMethodReturningValueTaskOfString_RaisesDiagnostic#LoggerGenerationMode.g.received.cs
      Verified: TelemetrySourceGeneratorTests.Generate_GivenLogMethodReturningValueTaskOfString_RaisesDiagnostic#LoggerGenerationMode.g.verified.cs
    - Received: TelemetrySourceGeneratorTests.Generate_GivenLogMethodReturningValueTaskOfString_RaisesDiagnostic#LogPrefixType.g.received.cs
      Verified: TelemetrySourceGeneratorTests.Generate_GivenLogMethodReturningValueTaskOfString_RaisesDiagnostic#LogPrefixType.g.verified.cs
    - Received: TelemetrySourceGeneratorTests.Generate_GivenLogMethodReturningValueTaskOfString_RaisesDiagnostic#MeterAttribute.g.received.cs
      Verified: TelemetrySourceGeneratorTests.Generate_GivenLogMethodReturningValueTaskOfString_RaisesDiagnostic#MeterAttribute.g.verified.cs
    - Received: TelemetrySourceGeneratorTests.Generate_GivenLogMethodReturningValueTaskOfString_RaisesDiagnostic#MeterGenerationAttribute.g.received.cs
      Verified: TelemetrySourceGeneratorTests.Generate_GivenLogMethodReturningValueTaskOfString_RaisesDiagnostic#MeterGenerationAttribute.g.verified.cs
    - Received: TelemetrySourceGeneratorTests.Generate_GivenLogMethodReturningValueTaskOfString_RaisesDiagnostic#MeterNameGenerationType.g.received.cs
      Verified: TelemetrySourceGeneratorTests.Generate_GivenLogMethodReturningValueTaskOfString_RaisesDiagnostic#MeterNameGenerationType.g.verified.cs
    - Received: TelemetrySourceGeneratorTests.Generate_GivenLogMethodReturningValueTaskOfString_RaisesDiagnostic#NamingConvention.g.received.cs
      Verified: TelemetrySourceGeneratorTests.Generate_GivenLogMethodReturningValueTaskOfString_RaisesDiagnostic#NamingConvention.g.verified.cs
    - Received: TelemetrySourceGeneratorTests.Generate_GivenLogMethodReturningValueTaskOfString_RaisesDiagnostic#ObservableCounterAttribute.g.received.cs
      Verified: TelemetrySourceGeneratorTests.Generate_GivenLogMethodReturningValueTaskOfString_RaisesDiagnostic#ObservableCounterAttribute.g.verified.cs
    - Received: TelemetrySourceGeneratorTests.Generate_GivenLogMethodReturningValueTaskOfString_RaisesDiagnostic#ObservableGaugeAttribute.g.received.cs
      Verified: TelemetrySourceGeneratorTests.Generate_GivenLogMethodReturningValueTaskOfString_RaisesDiagnostic#ObservableGaugeAttribute.g.verified.cs
    - Received: TelemetrySourceGeneratorTests.Generate_GivenLogMethodReturningValueTaskOfString_RaisesDiagnostic#ObservableUpDownCounterAttribute.g.received.cs
      Verified: TelemetrySourceGeneratorTests.Generate_GivenLogMethodReturningValueTaskOfString_RaisesDiagnostic#ObservableUpDownCounterAttribute.g.verified.cs
    - Received: TelemetrySourceGeneratorTests.Generate_GivenLogMethodReturningValueTaskOfString_RaisesDiagnostic#StatusDescriptionAttribute.g.received.cs
      Verified: TelemetrySourceGeneratorTests.Generate_GivenLogMethodReturningValueTaskOfString_RaisesDiagnostic#StatusDescriptionAttribute.g.verified.cs
    - Received: TelemetrySourceGeneratorTests.Generate_GivenLogMethodReturningValueTaskOfString_RaisesDiagnostic#TagAttribute.g.received.cs
      Verified: TelemetrySourceGeneratorTests.Generate_GivenLogMethodReturningValueTaskOfString_RaisesDiagnostic#TagAttribute.g.verified.cs
    - Received: TelemetrySourceGeneratorTests.Generate_GivenLogMethodReturningValueTaskOfString_RaisesDiagnostic#Targets.g.received.cs
      Verified: TelemetrySourceGeneratorTests.Generate_GivenLogMethodReturningValueTaskOfString_RaisesDiagnostic#Targets.g.verified.cs
    - Received: TelemetrySourceGeneratorTests.Generate_GivenLogMethodReturningValueTaskOfString_RaisesDiagnostic#TelemetryGenerationAttribute.g.received.cs
      Verified: TelemetrySourceGeneratorTests.Generate_GivenLogMethodReturningValueTaskOfString_RaisesDiagnostic#TelemetryGenerationAttribute.g.verified.cs
    - Received: TelemetrySourceGeneratorTests.Generate_GivenLogMethodReturningValueTaskOfString_RaisesDiagnostic#Testing.InvalidTelemetryCore.Logging.g.received.cs
      Verified: TelemetrySourceGeneratorTests.Generate_GivenLogMethodReturningValueTaskOfString_RaisesDiagnostic#Testing.InvalidTelemetryCore.Logging.g.verified.cs
    - Received: TelemetrySourceGeneratorTests.Generate_GivenLogMethodReturningValueTaskOfString_RaisesDiagnostic#TraceAttribute.g.received.cs
      Verified: TelemetrySourceGeneratorTests.Generate_GivenLogMethodReturningValueTaskOfString_RaisesDiagnostic#TraceAttribute.g.verified.cs
    - Received: TelemetrySourceGeneratorTests.Generate_GivenLogMethodReturningValueTaskOfString_RaisesDiagnostic#UpDownCounterAttribute.g.received.cs
      Verified: TelemetrySourceGeneratorTests.Generate_GivenLogMethodReturningValueTaskOfString_RaisesDiagnostic#UpDownCounterAttribute.g.verified.cs
    - Received: TelemetrySourceGeneratorTests.Generate_GivenLogMethodReturningValueTaskOfString_RaisesDiagnostic#WarningAttribute.g.received.cs
      Verified: TelemetrySourceGeneratorTests.Generate_GivenLogMethodReturningValueTaskOfString_RaisesDiagnostic#WarningAttribute.g.verified.cs
  
  Standard output
    DBG: --- Adding templates.
    DBG: Adding ActivitySourceGenerationAttribute as ActivitySourceGenerationAttribute.g.cs.
    DBG: Adding ActivitySourceAttribute as ActivitySourceAttribute.g.cs.
    DBG: Adding ActivityAttribute as ActivityAttribute.g.cs.
    DBG: Adding EventAttribute as EventAttribute.g.cs.
    DBG: Adding ContextAttribute as ContextAttribute.g.cs.
    DBG: Adding BaggageAttribute as BaggageAttribute.g.cs.
    DBG: Adding EscapeAttribute as EscapeAttribute.g.cs.
    DBG: Adding StatusDescriptionAttribute as StatusDescriptionAttribute.g.cs.
    DBG: Adding LoggerGenerationAttribute as LoggerGenerationAttribute.g.cs.
    DBG: Adding LoggerAttribute as LoggerAttribute.g.cs.
    DBG: Adding LogAttribute as LogAttribute.g.cs.
    DBG: Adding LogPrefixType as LogPrefixType.g.cs.
    DBG: Adding LoggerGenerationMode as LoggerGenerationMode.g.cs.
    DBG: Adding ExpandEnumerableAttribute as ExpandEnumerableAttribute.g.cs.
    DBG: Adding TraceAttribute as TraceAttribute.g.cs.
    DBG: Adding DebugAttribute as DebugAttribute.g.cs.
    DBG: Adding InfoAttribute as InfoAttribute.g.cs.
    DBG: Adding WarningAttribute as WarningAttribute.g.cs.
    DBG: Adding ErrorAttribute as ErrorAttribute.g.cs.
    DBG: Adding CriticalAttribute as CriticalAttribute.g.cs.
    DBG: Adding MeterGenerationAttribute as MeterGenerationAttribute.g.cs.
    DBG: Adding MeterAttribute as MeterAttribute.g.cs.
    DBG: Adding MeterNameGenerationType as MeterNameGenerationType.g.cs.
    DBG: Adding InstrumentMeasurementAttribute as InstrumentMeasurementAttribute.g.cs.
    DBG: Adding AutoCounterAttribute as AutoCounterAttribute.g.cs.
    DBG: Adding CounterAttribute as CounterAttribute.g.cs.
    DBG: Adding UpDownCounterAttribute as UpDownCounterAttribute.g.cs.
    DBG: Adding HistogramAttribute as HistogramAttribute.g.cs.
    DBG: Adding ObservableCounterAttribute as ObservableCounterAttribute.g.cs.
    DBG: Adding ObservableGaugeAttribute as ObservableGaugeAttribute.g.cs.
    DBG: Adding ObservableUpDownCounterAttribute as ObservableUpDownCounterAttribute.g.cs.
    DBG: Adding TagAttribute as TagAttribute.g.cs.
    DBG: Adding ExcludeAttribute as ExcludeAttribute.g.cs.
    DBG: Adding TelemetryGenerationAttribute as TelemetryGenerationAttribute.g.cs.
    DBG: Adding Targets as Targets.g.cs.
    DBG: Adding NamingConvention as NamingConvention.g.cs.
    DBG: Adding ExcludeTargetsAttribute as ExcludeTargetsAttribute.g.cs.
    DBG: --- Finished adding templates.
    DBG: Found attribute: Purview.Telemetry.LoggerAttribute
    DBG: Found attribute: Purview.Telemetry.TelemetryGenerationAttribute(GenerateDependencyExtension = false)
    DBG: Found method IInvalidTelemetry.InvalidValueTaskReturn.
    DIA: Log method InvalidValueTaskReturn must return void or IDisposable (for scoped logs), but returns System.Threading.Tasks.ValueTask<string>.
    DBG: Logger generation target: Testing.InvalidTelemetryCore
    DBG: Generating MS Gen-based logging class for: Testing.InvalidTelemetryCore
    DBG: Skipping dependency injection emit.
    
  Error output
failed Generate_GivenMethodWithoutAttributeInMultiTarget_RaisesInferenceNotSupportedDiagnostic (6s 930ms)
  [Test Failure] VerifyException: Directory: P:\GitHub\kjldev\purview-telemetry-sourcegenerator\src\Purview.Telemetry.SourceGenerator.IntegrationTests\Snapshots
Delete:
  - TelemetrySourceGeneratorTests.Generate_GivenMethodWithoutAttributeInMultiTarget_RaisesInferenceNotSupportedDiagnostic.verified.txt
Equal:
  - Received: TelemetrySourceGeneratorTests.Generate_GivenMethodWithoutAttributeInMultiTarget_RaisesInferenceNotSupportedDiagnostic#ActivityAttribute.g.received.cs
    Verified: TelemetrySourceGeneratorTests.Generate_GivenMethodWithoutAttributeInMultiTarget_RaisesInferenceNotSupportedDiagnostic#ActivityAttribute.g.verified.cs
  - Received: TelemetrySourceGeneratorTests.Generate_GivenMethodWithoutAttributeInMultiTarget_RaisesInferenceNotSupportedDiagnostic#ActivitySourceAttribute.g.received.cs
    Verified: TelemetrySourceGeneratorTests.Generate_GivenMethodWithoutAttributeInMultiTarget_RaisesInferenceNotSupportedDiagnostic#ActivitySourceAttribute.g.verified.cs
  - Received: TelemetrySourceGeneratorTests.Generate_GivenMethodWithoutAttributeInMultiTarget_RaisesInferenceNotSupportedDiagnostic#ActivitySourceGenerationAttribute.g.received.cs
    Verified: TelemetrySourceGeneratorTests.Generate_GivenMethodWithoutAttributeInMultiTarget_RaisesInferenceNotSupportedDiagnostic#ActivitySourceGenerationAttribute.g.verified.cs
  - Received: TelemetrySourceGeneratorTests.Generate_GivenMethodWithoutAttributeInMultiTarget_RaisesInferenceNotSupportedDiagnostic#AutoCounterAttribute.g.received.cs
    Verified: TelemetrySourceGeneratorTests.Generate_GivenMethodWithoutAttributeInMultiTarget_RaisesInferenceNotSupportedDiagnostic#AutoCounterAttribute.g.verified.cs
  - Received: TelemetrySourceGeneratorTests.Generate_GivenMethodWithoutAttributeInMultiTarget_RaisesInferenceNotSupportedDiagnostic#BaggageAttribute.g.received.cs
    Verified: TelemetrySourceGeneratorTests.Generate_GivenMethodWithoutAttributeInMultiTarget_RaisesInferenceNotSupportedDiagnostic#BaggageAttribute.g.verified.cs
  - Received: TelemetrySourceGeneratorTests.Generate_GivenMethodWithoutAttributeInMultiTarget_RaisesInferenceNotSupportedDiagnostic#ContextAttribute.g.received.cs
    Verified: TelemetrySourceGeneratorTests.Generate_GivenMethodWithoutAttributeInMultiTarget_RaisesInferenceNotSupportedDiagnostic#ContextAttribute.g.verified.cs
  - Received: TelemetrySourceGeneratorTests.Generate_GivenMethodWithoutAttributeInMultiTarget_RaisesInferenceNotSupportedDiagnostic#CounterAttribute.g.received.cs
    Verified: TelemetrySourceGeneratorTests.Generate_GivenMethodWithoutAttributeInMultiTarget_RaisesInferenceNotSupportedDiagnostic#CounterAttribute.g.verified.cs
  - Received: TelemetrySourceGeneratorTests.Generate_GivenMethodWithoutAttributeInMultiTarget_RaisesInferenceNotSupportedDiagnostic#CriticalAttribute.g.received.cs
    Verified: TelemetrySourceGeneratorTests.Generate_GivenMethodWithoutAttributeInMultiTarget_RaisesInferenceNotSupportedDiagnostic#CriticalAttribute.g.verified.cs
  - Received: TelemetrySourceGeneratorTests.Generate_GivenMethodWithoutAttributeInMultiTarget_RaisesInferenceNotSupportedDiagnostic#DebugAttribute.g.received.cs
    Verified: TelemetrySourceGeneratorTests.Generate_GivenMethodWithoutAttributeInMultiTarget_RaisesInferenceNotSupportedDiagnostic#DebugAttribute.g.verified.cs
  - Received: TelemetrySourceGeneratorTests.Generate_GivenMethodWithoutAttributeInMultiTarget_RaisesInferenceNotSupportedDiagnostic#ErrorAttribute.g.received.cs
    Verified: TelemetrySourceGeneratorTests.Generate_GivenMethodWithoutAttributeInMultiTarget_RaisesInferenceNotSupportedDiagnostic#ErrorAttribute.g.verified.cs
  - Received: TelemetrySourceGeneratorTests.Generate_GivenMethodWithoutAttributeInMultiTarget_RaisesInferenceNotSupportedDiagnostic#EscapeAttribute.g.received.cs
    Verified: TelemetrySourceGeneratorTests.Generate_GivenMethodWithoutAttributeInMultiTarget_RaisesInferenceNotSupportedDiagnostic#EscapeAttribute.g.verified.cs
  - Received: TelemetrySourceGeneratorTests.Generate_GivenMethodWithoutAttributeInMultiTarget_RaisesInferenceNotSupportedDiagnostic#EventAttribute.g.received.cs
    Verified: TelemetrySourceGeneratorTests.Generate_GivenMethodWithoutAttributeInMultiTarget_RaisesInferenceNotSupportedDiagnostic#EventAttribute.g.verified.cs
  - Received: TelemetrySourceGeneratorTests.Generate_GivenMethodWithoutAttributeInMultiTarget_RaisesInferenceNotSupportedDiagnostic#ExcludeAttribute.g.received.cs
    Verified: TelemetrySourceGeneratorTests.Generate_GivenMethodWithoutAttributeInMultiTarget_RaisesInferenceNotSupportedDiagnostic#ExcludeAttribute.g.verified.cs
  - Received: TelemetrySourceGeneratorTests.Generate_GivenMethodWithoutAttributeInMultiTarget_RaisesInferenceNotSupportedDiagnostic#ExcludeTargetsAttribute.g.received.cs
    Verified: TelemetrySourceGeneratorTests.Generate_GivenMethodWithoutAttributeInMultiTarget_RaisesInferenceNotSupportedDiagnostic#ExcludeTargetsAttribute.g.verified.cs
  - Received: TelemetrySourceGeneratorTests.Generate_GivenMethodWithoutAttributeInMultiTarget_RaisesInferenceNotSupportedDiagnostic#ExpandEnumerableAttribute.g.received.cs
    Verified: TelemetrySourceGeneratorTests.Generate_GivenMethodWithoutAttributeInMultiTarget_RaisesInferenceNotSupportedDiagnostic#ExpandEnumerableAttribute.g.verified.cs
  - Received: TelemetrySourceGeneratorTests.Generate_GivenMethodWithoutAttributeInMultiTarget_RaisesInferenceNotSupportedDiagnostic#HistogramAttribute.g.received.cs
    Verified: TelemetrySourceGeneratorTests.Generate_GivenMethodWithoutAttributeInMultiTarget_RaisesInferenceNotSupportedDiagnostic#HistogramAttribute.g.verified.cs
  - Received: TelemetrySourceGeneratorTests.Generate_GivenMethodWithoutAttributeInMultiTarget_RaisesInferenceNotSupportedDiagnostic#InfoAttribute.g.received.cs
    Verified: TelemetrySourceGeneratorTests.Generate_GivenMethodWithoutAttributeInMultiTarget_RaisesInferenceNotSupportedDiagnostic#InfoAttribute.g.verified.cs
  - Received: TelemetrySourceGeneratorTests.Generate_GivenMethodWithoutAttributeInMultiTarget_RaisesInferenceNotSupportedDiagnostic#InstrumentMeasurementAttribute.g.received.cs
    Verified: TelemetrySourceGeneratorTests.Generate_GivenMethodWithoutAttributeInMultiTarget_RaisesInferenceNotSupportedDiagnostic#InstrumentMeasurementAttribute.g.verified.cs
  - Received: TelemetrySourceGeneratorTests.Generate_GivenMethodWithoutAttributeInMultiTarget_RaisesInferenceNotSupportedDiagnostic#LogAttribute.g.received.cs
    Verified: TelemetrySourceGeneratorTests.Generate_GivenMethodWithoutAttributeInMultiTarget_RaisesInferenceNotSupportedDiagnostic#LogAttribute.g.verified.cs
  - Received: TelemetrySourceGeneratorTests.Generate_GivenMethodWithoutAttributeInMultiTarget_RaisesInferenceNotSupportedDiagnostic#LoggerAttribute.g.received.cs
    Verified: TelemetrySourceGeneratorTests.Generate_GivenMethodWithoutAttributeInMultiTarget_RaisesInferenceNotSupportedDiagnostic#LoggerAttribute.g.verified.cs
  - Received: TelemetrySourceGeneratorTests.Generate_GivenMethodWithoutAttributeInMultiTarget_RaisesInferenceNotSupportedDiagnostic#LoggerGenerationAttribute.g.received.cs
    Verified: TelemetrySourceGeneratorTests.Generate_GivenMethodWithoutAttributeInMultiTarget_RaisesInferenceNotSupportedDiagnostic#LoggerGenerationAttribute.g.verified.cs
  - Received: TelemetrySourceGeneratorTests.Generate_GivenMethodWithoutAttributeInMultiTarget_RaisesInferenceNotSupportedDiagnostic#LoggerGenerationMode.g.received.cs
    Verified: TelemetrySourceGeneratorTests.Generate_GivenMethodWithoutAttributeInMultiTarget_RaisesInferenceNotSupportedDiagnostic#LoggerGenerationMode.g.verified.cs
  - Received: TelemetrySourceGeneratorTests.Generate_GivenMethodWithoutAttributeInMultiTarget_RaisesInferenceNotSupportedDiagnostic#LogPrefixType.g.received.cs
    Verified: TelemetrySourceGeneratorTests.Generate_GivenMethodWithoutAttributeInMultiTarget_RaisesInferenceNotSupportedDiagnostic#LogPrefixType.g.verified.cs
  - Received: TelemetrySourceGeneratorTests.Generate_GivenMethodWithoutAttributeInMultiTarget_RaisesInferenceNotSupportedDiagnostic#MeterAttribute.g.received.cs
    Verified: TelemetrySourceGeneratorTests.Generate_GivenMethodWithoutAttributeInMultiTarget_RaisesInferenceNotSupportedDiagnostic#MeterAttribute.g.verified.cs
  - Received: TelemetrySourceGeneratorTests.Generate_GivenMethodWithoutAttributeInMultiTarget_RaisesInferenceNotSupportedDiagnostic#MeterGenerationAttribute.g.received.cs
    Verified: TelemetrySourceGeneratorTests.Generate_GivenMethodWithoutAttributeInMultiTarget_RaisesInferenceNotSupportedDiagnostic#MeterGenerationAttribute.g.verified.cs
  - Received: TelemetrySourceGeneratorTests.Generate_GivenMethodWithoutAttributeInMultiTarget_RaisesInferenceNotSupportedDiagnostic#MeterNameGenerationType.g.received.cs
    Verified: TelemetrySourceGeneratorTests.Generate_GivenMethodWithoutAttributeInMultiTarget_RaisesInferenceNotSupportedDiagnostic#MeterNameGenerationType.g.verified.cs
  - Received: TelemetrySourceGeneratorTests.Generate_GivenMethodWithoutAttributeInMultiTarget_RaisesInferenceNotSupportedDiagnostic#NamingConvention.g.received.cs
    Verified: TelemetrySourceGeneratorTests.Generate_GivenMethodWithoutAttributeInMultiTarget_RaisesInferenceNotSupportedDiagnostic#NamingConvention.g.verified.cs
  - Received: TelemetrySourceGeneratorTests.Generate_GivenMethodWithoutAttributeInMultiTarget_RaisesInferenceNotSupportedDiagnostic#ObservableCounterAttribute.g.received.cs
    Verified: TelemetrySourceGeneratorTests.Generate_GivenMethodWithoutAttributeInMultiTarget_RaisesInferenceNotSupportedDiagnostic#ObservableCounterAttribute.g.verified.cs
  - Received: TelemetrySourceGeneratorTests.Generate_GivenMethodWithoutAttributeInMultiTarget_RaisesInferenceNotSupportedDiagnostic#ObservableGaugeAttribute.g.received.cs
    Verified: TelemetrySourceGeneratorTests.Generate_GivenMethodWithoutAttributeInMultiTarget_RaisesInferenceNotSupportedDiagnostic#ObservableGaugeAttribute.g.verified.cs
  - Received: TelemetrySourceGeneratorTests.Generate_GivenMethodWithoutAttributeInMultiTarget_RaisesInferenceNotSupportedDiagnostic#ObservableUpDownCounterAttribute.g.received.cs
    Verified: TelemetrySourceGeneratorTests.Generate_GivenMethodWithoutAttributeInMultiTarget_RaisesInferenceNotSupportedDiagnostic#ObservableUpDownCounterAttribute.g.verified.cs
  - Received: TelemetrySourceGeneratorTests.Generate_GivenMethodWithoutAttributeInMultiTarget_RaisesInferenceNotSupportedDiagnostic#Purview.Telemetry.SourceGenerator.TelemetryNames.g.received.cs
    Verified: TelemetrySourceGeneratorTests.Generate_GivenMethodWithoutAttributeInMultiTarget_RaisesInferenceNotSupportedDiagnostic#Purview.Telemetry.SourceGenerator.TelemetryNames.g.verified.cs
  - Received: TelemetrySourceGeneratorTests.Generate_GivenMethodWithoutAttributeInMultiTarget_RaisesInferenceNotSupportedDiagnostic#StatusDescriptionAttribute.g.received.cs
    Verified: TelemetrySourceGeneratorTests.Generate_GivenMethodWithoutAttributeInMultiTarget_RaisesInferenceNotSupportedDiagnostic#StatusDescriptionAttribute.g.verified.cs
  - Received: TelemetrySourceGeneratorTests.Generate_GivenMethodWithoutAttributeInMultiTarget_RaisesInferenceNotSupportedDiagnostic#TagAttribute.g.received.cs
    Verified: TelemetrySourceGeneratorTests.Generate_GivenMethodWithoutAttributeInMultiTarget_RaisesInferenceNotSupportedDiagnostic#TagAttribute.g.verified.cs
  - Received: TelemetrySourceGeneratorTests.Generate_GivenMethodWithoutAttributeInMultiTarget_RaisesInferenceNotSupportedDiagnostic#Targets.g.received.cs
    Verified: TelemetrySourceGeneratorTests.Generate_GivenMethodWithoutAttributeInMultiTarget_RaisesInferenceNotSupportedDiagnostic#Targets.g.verified.cs
  - Received: TelemetrySourceGeneratorTests.Generate_GivenMethodWithoutAttributeInMultiTarget_RaisesInferenceNotSupportedDiagnostic#TelemetryGenerationAttribute.g.received.cs
    Verified: TelemetrySourceGeneratorTests.Generate_GivenMethodWithoutAttributeInMultiTarget_RaisesInferenceNotSupportedDiagnostic#TelemetryGenerationAttribute.g.verified.cs
  - Received: TelemetrySourceGeneratorTests.Generate_GivenMethodWithoutAttributeInMultiTarget_RaisesInferenceNotSupportedDiagnostic#Testing.MultiTelemetryCore.Activity.g.received.cs
    Verified: TelemetrySourceGeneratorTests.Generate_GivenMethodWithoutAttributeInMultiTarget_RaisesInferenceNotSupportedDiagnostic#Testing.MultiTelemetryCore.Activity.g.verified.cs
  - Received: TelemetrySourceGeneratorTests.Generate_GivenMethodWithoutAttributeInMultiTarget_RaisesInferenceNotSupportedDiagnostic#Testing.MultiTelemetryCore.Logging.g.received.cs
    Verified: TelemetrySourceGeneratorTests.Generate_GivenMethodWithoutAttributeInMultiTarget_RaisesInferenceNotSupportedDiagnostic#Testing.MultiTelemetryCore.Logging.g.verified.cs
  - Received: TelemetrySourceGeneratorTests.Generate_GivenMethodWithoutAttributeInMultiTarget_RaisesInferenceNotSupportedDiagnostic#TraceAttribute.g.received.cs
    Verified: TelemetrySourceGeneratorTests.Generate_GivenMethodWithoutAttributeInMultiTarget_RaisesInferenceNotSupportedDiagnostic#TraceAttribute.g.verified.cs
  - Received: TelemetrySourceGeneratorTests.Generate_GivenMethodWithoutAttributeInMultiTarget_RaisesInferenceNotSupportedDiagnostic#UpDownCounterAttribute.g.received.cs
    Verified: TelemetrySourceGeneratorTests.Generate_GivenMethodWithoutAttributeInMultiTarget_RaisesInferenceNotSupportedDiagnostic#UpDownCounterAttribute.g.verified.cs
  - Received: TelemetrySourceGeneratorTests.Generate_GivenMethodWithoutAttributeInMultiTarget_RaisesInferenceNotSupportedDiagnostic#WarningAttribute.g.received.cs
    Verified: TelemetrySourceGeneratorTests.Generate_GivenMethodWithoutAttributeInMultiTarget_RaisesInferenceNotSupportedDiagnostic#WarningAttribute.g.verified.cs

  from P:\GitHub\kjldev\purview-telemetry-sourcegenerator\src\Purview.Telemetry.SourceGenerator.IntegrationTests\bin\Release\net10.0\Purview.Telemetry.SourceGenerator.IntegrationTests.dll (net10.0|x64)
  TUnit.Engine.Exceptions.TestFailedException: [Test Failure] VerifyException: Directory: P:\GitHub\kjldev\purview-telemetry-sourcegenerator\src\Purview.Telemetry.SourceGenerator.IntegrationTests\Snapshots
  Delete:
    - TelemetrySourceGeneratorTests.Generate_GivenMethodWithoutAttributeInMultiTarget_RaisesInferenceNotSupportedDiagnostic.verified.txt
  Equal:
    - Received: TelemetrySourceGeneratorTests.Generate_GivenMethodWithoutAttributeInMultiTarget_RaisesInferenceNotSupportedDiagnostic#ActivityAttribute.g.received.cs
      Verified: TelemetrySourceGeneratorTests.Generate_GivenMethodWithoutAttributeInMultiTarget_RaisesInferenceNotSupportedDiagnostic#ActivityAttribute.g.verified.cs
    - Received: TelemetrySourceGeneratorTests.Generate_GivenMethodWithoutAttributeInMultiTarget_RaisesInferenceNotSupportedDiagnostic#ActivitySourceAttribute.g.received.cs
      Verified: TelemetrySourceGeneratorTests.Generate_GivenMethodWithoutAttributeInMultiTarget_RaisesInferenceNotSupportedDiagnostic#ActivitySourceAttribute.g.verified.cs
    - Received: TelemetrySourceGeneratorTests.Generate_GivenMethodWithoutAttributeInMultiTarget_RaisesInferenceNotSupportedDiagnostic#ActivitySourceGenerationAttribute.g.received.cs
      Verified: TelemetrySourceGeneratorTests.Generate_GivenMethodWithoutAttributeInMultiTarget_RaisesInferenceNotSupportedDiagnostic#ActivitySourceGenerationAttribute.g.verified.cs
    - Received: TelemetrySourceGeneratorTests.Generate_GivenMethodWithoutAttributeInMultiTarget_RaisesInferenceNotSupportedDiagnostic#AutoCounterAttribute.g.received.cs
      Verified: TelemetrySourceGeneratorTests.Generate_GivenMethodWithoutAttributeInMultiTarget_RaisesInferenceNotSupportedDiagnostic#AutoCounterAttribute.g.verified.cs
    - Received: TelemetrySourceGeneratorTests.Generate_GivenMethodWithoutAttributeInMultiTarget_RaisesInferenceNotSupportedDiagnostic#BaggageAttribute.g.received.cs
      Verified: TelemetrySourceGeneratorTests.Generate_GivenMethodWithoutAttributeInMultiTarget_RaisesInferenceNotSupportedDiagnostic#BaggageAttribute.g.verified.cs
    - Received: TelemetrySourceGeneratorTests.Generate_GivenMethodWithoutAttributeInMultiTarget_RaisesInferenceNotSupportedDiagnostic#ContextAttribute.g.received.cs
      Verified: TelemetrySourceGeneratorTests.Generate_GivenMethodWithoutAttributeInMultiTarget_RaisesInferenceNotSupportedDiagnostic#ContextAttribute.g.verified.cs
    - Received: TelemetrySourceGeneratorTests.Generate_GivenMethodWithoutAttributeInMultiTarget_RaisesInferenceNotSupportedDiagnostic#CounterAttribute.g.received.cs
      Verified: TelemetrySourceGeneratorTests.Generate_GivenMethodWithoutAttributeInMultiTarget_RaisesInferenceNotSupportedDiagnostic#CounterAttribute.g.verified.cs
    - Received: TelemetrySourceGeneratorTests.Generate_GivenMethodWithoutAttributeInMultiTarget_RaisesInferenceNotSupportedDiagnostic#CriticalAttribute.g.received.cs
      Verified: TelemetrySourceGeneratorTests.Generate_GivenMethodWithoutAttributeInMultiTarget_RaisesInferenceNotSupportedDiagnostic#CriticalAttribute.g.verified.cs
    - Received: TelemetrySourceGeneratorTests.Generate_GivenMethodWithoutAttributeInMultiTarget_RaisesInferenceNotSupportedDiagnostic#DebugAttribute.g.received.cs
      Verified: TelemetrySourceGeneratorTests.Generate_GivenMethodWithoutAttributeInMultiTarget_RaisesInferenceNotSupportedDiagnostic#DebugAttribute.g.verified.cs
    - Received: TelemetrySourceGeneratorTests.Generate_GivenMethodWithoutAttributeInMultiTarget_RaisesInferenceNotSupportedDiagnostic#ErrorAttribute.g.received.cs
      Verified: TelemetrySourceGeneratorTests.Generate_GivenMethodWithoutAttributeInMultiTarget_RaisesInferenceNotSupportedDiagnostic#ErrorAttribute.g.verified.cs
    - Received: TelemetrySourceGeneratorTests.Generate_GivenMethodWithoutAttributeInMultiTarget_RaisesInferenceNotSupportedDiagnostic#EscapeAttribute.g.received.cs
      Verified: TelemetrySourceGeneratorTests.Generate_GivenMethodWithoutAttributeInMultiTarget_RaisesInferenceNotSupportedDiagnostic#EscapeAttribute.g.verified.cs
    - Received: TelemetrySourceGeneratorTests.Generate_GivenMethodWithoutAttributeInMultiTarget_RaisesInferenceNotSupportedDiagnostic#EventAttribute.g.received.cs
      Verified: TelemetrySourceGeneratorTests.Generate_GivenMethodWithoutAttributeInMultiTarget_RaisesInferenceNotSupportedDiagnostic#EventAttribute.g.verified.cs
    - Received: TelemetrySourceGeneratorTests.Generate_GivenMethodWithoutAttributeInMultiTarget_RaisesInferenceNotSupportedDiagnostic#ExcludeAttribute.g.received.cs
      Verified: TelemetrySourceGeneratorTests.Generate_GivenMethodWithoutAttributeInMultiTarget_RaisesInferenceNotSupportedDiagnostic#ExcludeAttribute.g.verified.cs
    - Received: TelemetrySourceGeneratorTests.Generate_GivenMethodWithoutAttributeInMultiTarget_RaisesInferenceNotSupportedDiagnostic#ExcludeTargetsAttribute.g.received.cs
      Verified: TelemetrySourceGeneratorTests.Generate_GivenMethodWithoutAttributeInMultiTarget_RaisesInferenceNotSupportedDiagnostic#ExcludeTargetsAttribute.g.verified.cs
    - Received: TelemetrySourceGeneratorTests.Generate_GivenMethodWithoutAttributeInMultiTarget_RaisesInferenceNotSupportedDiagnostic#ExpandEnumerableAttribute.g.received.cs
      Verified: TelemetrySourceGeneratorTests.Generate_GivenMethodWithoutAttributeInMultiTarget_RaisesInferenceNotSupportedDiagnostic#ExpandEnumerableAttribute.g.verified.cs
    - Received: TelemetrySourceGeneratorTests.Generate_GivenMethodWithoutAttributeInMultiTarget_RaisesInferenceNotSupportedDiagnostic#HistogramAttribute.g.received.cs
      Verified: TelemetrySourceGeneratorTests.Generate_GivenMethodWithoutAttributeInMultiTarget_RaisesInferenceNotSupportedDiagnostic#HistogramAttribute.g.verified.cs
    - Received: TelemetrySourceGeneratorTests.Generate_GivenMethodWithoutAttributeInMultiTarget_RaisesInferenceNotSupportedDiagnostic#InfoAttribute.g.received.cs
      Verified: TelemetrySourceGeneratorTests.Generate_GivenMethodWithoutAttributeInMultiTarget_RaisesInferenceNotSupportedDiagnostic#InfoAttribute.g.verified.cs
    - Received: TelemetrySourceGeneratorTests.Generate_GivenMethodWithoutAttributeInMultiTarget_RaisesInferenceNotSupportedDiagnostic#InstrumentMeasurementAttribute.g.received.cs
      Verified: TelemetrySourceGeneratorTests.Generate_GivenMethodWithoutAttributeInMultiTarget_RaisesInferenceNotSupportedDiagnostic#InstrumentMeasurementAttribute.g.verified.cs
    - Received: TelemetrySourceGeneratorTests.Generate_GivenMethodWithoutAttributeInMultiTarget_RaisesInferenceNotSupportedDiagnostic#LogAttribute.g.received.cs
      Verified: TelemetrySourceGeneratorTests.Generate_GivenMethodWithoutAttributeInMultiTarget_RaisesInferenceNotSupportedDiagnostic#LogAttribute.g.verified.cs
    - Received: TelemetrySourceGeneratorTests.Generate_GivenMethodWithoutAttributeInMultiTarget_RaisesInferenceNotSupportedDiagnostic#LoggerAttribute.g.received.cs
      Verified: TelemetrySourceGeneratorTests.Generate_GivenMethodWithoutAttributeInMultiTarget_RaisesInferenceNotSupportedDiagnostic#LoggerAttribute.g.verified.cs
    - Received: TelemetrySourceGeneratorTests.Generate_GivenMethodWithoutAttributeInMultiTarget_RaisesInferenceNotSupportedDiagnostic#LoggerGenerationAttribute.g.received.cs
      Verified: TelemetrySourceGeneratorTests.Generate_GivenMethodWithoutAttributeInMultiTarget_RaisesInferenceNotSupportedDiagnostic#LoggerGenerationAttribute.g.verified.cs
    - Received: TelemetrySourceGeneratorTests.Generate_GivenMethodWithoutAttributeInMultiTarget_RaisesInferenceNotSupportedDiagnostic#LoggerGenerationMode.g.received.cs
      Verified: TelemetrySourceGeneratorTests.Generate_GivenMethodWithoutAttributeInMultiTarget_RaisesInferenceNotSupportedDiagnostic#LoggerGenerationMode.g.verified.cs
    - Received: TelemetrySourceGeneratorTests.Generate_GivenMethodWithoutAttributeInMultiTarget_RaisesInferenceNotSupportedDiagnostic#LogPrefixType.g.received.cs
      Verified: TelemetrySourceGeneratorTests.Generate_GivenMethodWithoutAttributeInMultiTarget_RaisesInferenceNotSupportedDiagnostic#LogPrefixType.g.verified.cs
    - Received: TelemetrySourceGeneratorTests.Generate_GivenMethodWithoutAttributeInMultiTarget_RaisesInferenceNotSupportedDiagnostic#MeterAttribute.g.received.cs
      Verified: TelemetrySourceGeneratorTests.Generate_GivenMethodWithoutAttributeInMultiTarget_RaisesInferenceNotSupportedDiagnostic#MeterAttribute.g.verified.cs
    - Received: TelemetrySourceGeneratorTests.Generate_GivenMethodWithoutAttributeInMultiTarget_RaisesInferenceNotSupportedDiagnostic#MeterGenerationAttribute.g.received.cs
      Verified: TelemetrySourceGeneratorTests.Generate_GivenMethodWithoutAttributeInMultiTarget_RaisesInferenceNotSupportedDiagnostic#MeterGenerationAttribute.g.verified.cs
    - Received: TelemetrySourceGeneratorTests.Generate_GivenMethodWithoutAttributeInMultiTarget_RaisesInferenceNotSupportedDiagnostic#MeterNameGenerationType.g.received.cs
      Verified: TelemetrySourceGeneratorTests.Generate_GivenMethodWithoutAttributeInMultiTarget_RaisesInferenceNotSupportedDiagnostic#MeterNameGenerationType.g.verified.cs
    - Received: TelemetrySourceGeneratorTests.Generate_GivenMethodWithoutAttributeInMultiTarget_RaisesInferenceNotSupportedDiagnostic#NamingConvention.g.received.cs
      Verified: TelemetrySourceGeneratorTests.Generate_GivenMethodWithoutAttributeInMultiTarget_RaisesInferenceNotSupportedDiagnostic#NamingConvention.g.verified.cs
    - Received: TelemetrySourceGeneratorTests.Generate_GivenMethodWithoutAttributeInMultiTarget_RaisesInferenceNotSupportedDiagnostic#ObservableCounterAttribute.g.received.cs
      Verified: TelemetrySourceGeneratorTests.Generate_GivenMethodWithoutAttributeInMultiTarget_RaisesInferenceNotSupportedDiagnostic#ObservableCounterAttribute.g.verified.cs
    - Received: TelemetrySourceGeneratorTests.Generate_GivenMethodWithoutAttributeInMultiTarget_RaisesInferenceNotSupportedDiagnostic#ObservableGaugeAttribute.g.received.cs
      Verified: TelemetrySourceGeneratorTests.Generate_GivenMethodWithoutAttributeInMultiTarget_RaisesInferenceNotSupportedDiagnostic#ObservableGaugeAttribute.g.verified.cs
    - Received: TelemetrySourceGeneratorTests.Generate_GivenMethodWithoutAttributeInMultiTarget_RaisesInferenceNotSupportedDiagnostic#ObservableUpDownCounterAttribute.g.received.cs
      Verified: TelemetrySourceGeneratorTests.Generate_GivenMethodWithoutAttributeInMultiTarget_RaisesInferenceNotSupportedDiagnostic#ObservableUpDownCounterAttribute.g.verified.cs
    - Received: TelemetrySourceGeneratorTests.Generate_GivenMethodWithoutAttributeInMultiTarget_RaisesInferenceNotSupportedDiagnostic#Purview.Telemetry.SourceGenerator.TelemetryNames.g.received.cs
      Verified: TelemetrySourceGeneratorTests.Generate_GivenMethodWithoutAttributeInMultiTarget_RaisesInferenceNotSupportedDiagnostic#Purview.Telemetry.SourceGenerator.TelemetryNames.g.verified.cs
    - Received: TelemetrySourceGeneratorTests.Generate_GivenMethodWithoutAttributeInMultiTarget_RaisesInferenceNotSupportedDiagnostic#StatusDescriptionAttribute.g.received.cs
      Verified: TelemetrySourceGeneratorTests.Generate_GivenMethodWithoutAttributeInMultiTarget_RaisesInferenceNotSupportedDiagnostic#StatusDescriptionAttribute.g.verified.cs
    - Received: TelemetrySourceGeneratorTests.Generate_GivenMethodWithoutAttributeInMultiTarget_RaisesInferenceNotSupportedDiagnostic#TagAttribute.g.received.cs
      Verified: TelemetrySourceGeneratorTests.Generate_GivenMethodWithoutAttributeInMultiTarget_RaisesInferenceNotSupportedDiagnostic#TagAttribute.g.verified.cs
    - Received: TelemetrySourceGeneratorTests.Generate_GivenMethodWithoutAttributeInMultiTarget_RaisesInferenceNotSupportedDiagnostic#Targets.g.received.cs
      Verified: TelemetrySourceGeneratorTests.Generate_GivenMethodWithoutAttributeInMultiTarget_RaisesInferenceNotSupportedDiagnostic#Targets.g.verified.cs
    - Received: TelemetrySourceGeneratorTests.Generate_GivenMethodWithoutAttributeInMultiTarget_RaisesInferenceNotSupportedDiagnostic#TelemetryGenerationAttribute.g.received.cs
      Verified: TelemetrySourceGeneratorTests.Generate_GivenMethodWithoutAttributeInMultiTarget_RaisesInferenceNotSupportedDiagnostic#TelemetryGenerationAttribute.g.verified.cs
    - Received: TelemetrySourceGeneratorTests.Generate_GivenMethodWithoutAttributeInMultiTarget_RaisesInferenceNotSupportedDiagnostic#Testing.MultiTelemetryCore.Activity.g.received.cs
      Verified: TelemetrySourceGeneratorTests.Generate_GivenMethodWithoutAttributeInMultiTarget_RaisesInferenceNotSupportedDiagnostic#Testing.MultiTelemetryCore.Activity.g.verified.cs
    - Received: TelemetrySourceGeneratorTests.Generate_GivenMethodWithoutAttributeInMultiTarget_RaisesInferenceNotSupportedDiagnostic#Testing.MultiTelemetryCore.Logging.g.received.cs
      Verified: TelemetrySourceGeneratorTests.Generate_GivenMethodWithoutAttributeInMultiTarget_RaisesInferenceNotSupportedDiagnostic#Testing.MultiTelemetryCore.Logging.g.verified.cs
    - Received: TelemetrySourceGeneratorTests.Generate_GivenMethodWithoutAttributeInMultiTarget_RaisesInferenceNotSupportedDiagnostic#TraceAttribute.g.received.cs
      Verified: TelemetrySourceGeneratorTests.Generate_GivenMethodWithoutAttributeInMultiTarget_RaisesInferenceNotSupportedDiagnostic#TraceAttribute.g.verified.cs
    - Received: TelemetrySourceGeneratorTests.Generate_GivenMethodWithoutAttributeInMultiTarget_RaisesInferenceNotSupportedDiagnostic#UpDownCounterAttribute.g.received.cs
      Verified: TelemetrySourceGeneratorTests.Generate_GivenMethodWithoutAttributeInMultiTarget_RaisesInferenceNotSupportedDiagnostic#UpDownCounterAttribute.g.verified.cs
    - Received: TelemetrySourceGeneratorTests.Generate_GivenMethodWithoutAttributeInMultiTarget_RaisesInferenceNotSupportedDiagnostic#WarningAttribute.g.received.cs
      Verified: TelemetrySourceGeneratorTests.Generate_GivenMethodWithoutAttributeInMultiTarget_RaisesInferenceNotSupportedDiagnostic#WarningAttribute.g.verified.cs
  
  Standard output
    DBG: --- Adding templates.
    DBG: Adding ActivitySourceGenerationAttribute as ActivitySourceGenerationAttribute.g.cs.
    DBG: Adding ActivitySourceAttribute as ActivitySourceAttribute.g.cs.
    DBG: Adding ActivityAttribute as ActivityAttribute.g.cs.
    DBG: Adding EventAttribute as EventAttribute.g.cs.
    DBG: Adding ContextAttribute as ContextAttribute.g.cs.
    DBG: Adding BaggageAttribute as BaggageAttribute.g.cs.
    DBG: Adding EscapeAttribute as EscapeAttribute.g.cs.
    DBG: Adding StatusDescriptionAttribute as StatusDescriptionAttribute.g.cs.
    DBG: Adding LoggerGenerationAttribute as LoggerGenerationAttribute.g.cs.
    DBG: Adding LoggerAttribute as LoggerAttribute.g.cs.
    DBG: Adding LogAttribute as LogAttribute.g.cs.
    DBG: Adding LogPrefixType as LogPrefixType.g.cs.
    DBG: Adding LoggerGenerationMode as LoggerGenerationMode.g.cs.
    DBG: Adding ExpandEnumerableAttribute as ExpandEnumerableAttribute.g.cs.
    DBG: Adding TraceAttribute as TraceAttribute.g.cs.
    DBG: Adding DebugAttribute as DebugAttribute.g.cs.
    DBG: Adding InfoAttribute as InfoAttribute.g.cs.
    DBG: Adding WarningAttribute as WarningAttribute.g.cs.
    DBG: Adding ErrorAttribute as ErrorAttribute.g.cs.
    DBG: Adding CriticalAttribute as CriticalAttribute.g.cs.
    DBG: Adding MeterGenerationAttribute as MeterGenerationAttribute.g.cs.
    DBG: Adding MeterAttribute as MeterAttribute.g.cs.
    DBG: Adding MeterNameGenerationType as MeterNameGenerationType.g.cs.
    DBG: Adding InstrumentMeasurementAttribute as InstrumentMeasurementAttribute.g.cs.
    DBG: Adding AutoCounterAttribute as AutoCounterAttribute.g.cs.
    DBG: Adding CounterAttribute as CounterAttribute.g.cs.
    DBG: Adding UpDownCounterAttribute as UpDownCounterAttribute.g.cs.
    DBG: Adding HistogramAttribute as HistogramAttribute.g.cs.
    DBG: Adding ObservableCounterAttribute as ObservableCounterAttribute.g.cs.
    DBG: Adding ObservableGaugeAttribute as ObservableGaugeAttribute.g.cs.
    DBG: Adding ObservableUpDownCounterAttribute as ObservableUpDownCounterAttribute.g.cs.
    DBG: Adding TagAttribute as TagAttribute.g.cs.
    DBG: Adding ExcludeAttribute as ExcludeAttribute.g.cs.
    DBG: Adding TelemetryGenerationAttribute as TelemetryGenerationAttribute.g.cs.
    DBG: Adding Targets as Targets.g.cs.
    DBG: Adding NamingConvention as NamingConvention.g.cs.
    DBG: Adding ExcludeTargetsAttribute as ExcludeTargetsAttribute.g.cs.
    DBG: --- Finished adding templates.
    DBG: Found attribute: Purview.Telemetry.ActivitySourceAttribute("testing-activity-source")
    DBG: Found attribute: Purview.Telemetry.TelemetryGenerationAttribute(GenerateDependencyExtension = false)
    DBG: Found attribute: Purview.Telemetry.ActivityAttribute
    DBG: Found explicit activity: StartActivity.
    DBG: Found Activity method IMultiTelemetry.StartActivity.
    DBG: Found explicit tag: operationId.
    DBG: Found attribute: Purview.Telemetry.TagAttribute
    DBG: Defaulting to activity: MethodWithoutAttribute.
    DBG: Found Activity method IMultiTelemetry.MethodWithoutAttribute.
    DBG: Inferring tag: message.
    DBG: Activity generation target: Testing.MultiTelemetryCore
    DBG: Generating activity class for: Testing.MultiTelemetryCore
    DBG: Generating RecordExceptionInternal.
    DBG: Identified IMultiTelemetry.MethodWithoutAttribute as problematic as it is inferred.
    DBG: Skipping dependency injection emit.
    DBG: Found attribute: Purview.Telemetry.LoggerAttribute
    DBG: Found attribute: Purview.Telemetry.TelemetryGenerationAttribute(GenerateDependencyExtension = false)
    DBG: Skipping IMultiTelemetry.StartActivity from logging - no explicit Logging attribute on multi-target interface.
    DBG: Skipping IMultiTelemetry.MethodWithoutAttribute from logging - no explicit Logging attribute on multi-target interface.
    DBG: Logger generation target: Testing.MultiTelemetryCore
    DBG: Generating MS Gen-based logging class for: Testing.MultiTelemetryCore
    DBG: Skipping dependency injection emit.
    DBG: Found attribute: Purview.Telemetry.ActivitySourceAttribute("testing-activity-source")
    DBG: Found attribute: Purview.Telemetry.TelemetryGenerationAttribute(GenerateDependencyExtension = false)
    DBG: Found attribute: Purview.Telemetry.ActivityAttribute
    DBG: Found explicit activity: StartActivity.
    DBG: Found Activity method IMultiTelemetry.StartActivity.
    DBG: Found explicit tag: operationId.
    DBG: Found attribute: Purview.Telemetry.TagAttribute
    DBG: Defaulting to activity: MethodWithoutAttribute.
    DBG: Found Activity method IMultiTelemetry.MethodWithoutAttribute.
    DBG: Inferring tag: message.
    DBG: Generating Telemetry Names using class 'TelemetryNames'.
    
  Error output
failed Generate_GivenMetricMethodReturningIDisposable_RaisesDiagnostic (7s 278ms)
  [Test Failure] VerifyException: Directory: P:\GitHub\kjldev\purview-telemetry-sourcegenerator\src\Purview.Telemetry.SourceGenerator.IntegrationTests\Snapshots
Delete:
  - TelemetrySourceGeneratorTests.Generate_GivenMetricMethodReturningIDisposable_RaisesDiagnostic.verified.txt
Equal:
  - Received: TelemetrySourceGeneratorTests.Generate_GivenMetricMethodReturningIDisposable_RaisesDiagnostic#ActivityAttribute.g.received.cs
    Verified: TelemetrySourceGeneratorTests.Generate_GivenMetricMethodReturningIDisposable_RaisesDiagnostic#ActivityAttribute.g.verified.cs
  - Received: TelemetrySourceGeneratorTests.Generate_GivenMetricMethodReturningIDisposable_RaisesDiagnostic#ActivitySourceAttribute.g.received.cs
    Verified: TelemetrySourceGeneratorTests.Generate_GivenMetricMethodReturningIDisposable_RaisesDiagnostic#ActivitySourceAttribute.g.verified.cs
  - Received: TelemetrySourceGeneratorTests.Generate_GivenMetricMethodReturningIDisposable_RaisesDiagnostic#ActivitySourceGenerationAttribute.g.received.cs
    Verified: TelemetrySourceGeneratorTests.Generate_GivenMetricMethodReturningIDisposable_RaisesDiagnostic#ActivitySourceGenerationAttribute.g.verified.cs
  - Received: TelemetrySourceGeneratorTests.Generate_GivenMetricMethodReturningIDisposable_RaisesDiagnostic#AutoCounterAttribute.g.received.cs
    Verified: TelemetrySourceGeneratorTests.Generate_GivenMetricMethodReturningIDisposable_RaisesDiagnostic#AutoCounterAttribute.g.verified.cs
  - Received: TelemetrySourceGeneratorTests.Generate_GivenMetricMethodReturningIDisposable_RaisesDiagnostic#BaggageAttribute.g.received.cs
    Verified: TelemetrySourceGeneratorTests.Generate_GivenMetricMethodReturningIDisposable_RaisesDiagnostic#BaggageAttribute.g.verified.cs
  - Received: TelemetrySourceGeneratorTests.Generate_GivenMetricMethodReturningIDisposable_RaisesDiagnostic#ContextAttribute.g.received.cs
    Verified: TelemetrySourceGeneratorTests.Generate_GivenMetricMethodReturningIDisposable_RaisesDiagnostic#ContextAttribute.g.verified.cs
  - Received: TelemetrySourceGeneratorTests.Generate_GivenMetricMethodReturningIDisposable_RaisesDiagnostic#CounterAttribute.g.received.cs
    Verified: TelemetrySourceGeneratorTests.Generate_GivenMetricMethodReturningIDisposable_RaisesDiagnostic#CounterAttribute.g.verified.cs
  - Received: TelemetrySourceGeneratorTests.Generate_GivenMetricMethodReturningIDisposable_RaisesDiagnostic#CriticalAttribute.g.received.cs
    Verified: TelemetrySourceGeneratorTests.Generate_GivenMetricMethodReturningIDisposable_RaisesDiagnostic#CriticalAttribute.g.verified.cs
  - Received: TelemetrySourceGeneratorTests.Generate_GivenMetricMethodReturningIDisposable_RaisesDiagnostic#DebugAttribute.g.received.cs
    Verified: TelemetrySourceGeneratorTests.Generate_GivenMetricMethodReturningIDisposable_RaisesDiagnostic#DebugAttribute.g.verified.cs
  - Received: TelemetrySourceGeneratorTests.Generate_GivenMetricMethodReturningIDisposable_RaisesDiagnostic#ErrorAttribute.g.received.cs
    Verified: TelemetrySourceGeneratorTests.Generate_GivenMetricMethodReturningIDisposable_RaisesDiagnostic#ErrorAttribute.g.verified.cs
  - Received: TelemetrySourceGeneratorTests.Generate_GivenMetricMethodReturningIDisposable_RaisesDiagnostic#EscapeAttribute.g.received.cs
    Verified: TelemetrySourceGeneratorTests.Generate_GivenMetricMethodReturningIDisposable_RaisesDiagnostic#EscapeAttribute.g.verified.cs
  - Received: TelemetrySourceGeneratorTests.Generate_GivenMetricMethodReturningIDisposable_RaisesDiagnostic#EventAttribute.g.received.cs
    Verified: TelemetrySourceGeneratorTests.Generate_GivenMetricMethodReturningIDisposable_RaisesDiagnostic#EventAttribute.g.verified.cs
  - Received: TelemetrySourceGeneratorTests.Generate_GivenMetricMethodReturningIDisposable_RaisesDiagnostic#ExcludeAttribute.g.received.cs
    Verified: TelemetrySourceGeneratorTests.Generate_GivenMetricMethodReturningIDisposable_RaisesDiagnostic#ExcludeAttribute.g.verified.cs
  - Received: TelemetrySourceGeneratorTests.Generate_GivenMetricMethodReturningIDisposable_RaisesDiagnostic#ExcludeTargetsAttribute.g.received.cs
    Verified: TelemetrySourceGeneratorTests.Generate_GivenMetricMethodReturningIDisposable_RaisesDiagnostic#ExcludeTargetsAttribute.g.verified.cs
  - Received: TelemetrySourceGeneratorTests.Generate_GivenMetricMethodReturningIDisposable_RaisesDiagnostic#ExpandEnumerableAttribute.g.received.cs
    Verified: TelemetrySourceGeneratorTests.Generate_GivenMetricMethodReturningIDisposable_RaisesDiagnostic#ExpandEnumerableAttribute.g.verified.cs
  - Received: TelemetrySourceGeneratorTests.Generate_GivenMetricMethodReturningIDisposable_RaisesDiagnostic#HistogramAttribute.g.received.cs
    Verified: TelemetrySourceGeneratorTests.Generate_GivenMetricMethodReturningIDisposable_RaisesDiagnostic#HistogramAttribute.g.verified.cs
  - Received: TelemetrySourceGeneratorTests.Generate_GivenMetricMethodReturningIDisposable_RaisesDiagnostic#InfoAttribute.g.received.cs
    Verified: TelemetrySourceGeneratorTests.Generate_GivenMetricMethodReturningIDisposable_RaisesDiagnostic#InfoAttribute.g.verified.cs
  - Received: TelemetrySourceGeneratorTests.Generate_GivenMetricMethodReturningIDisposable_RaisesDiagnostic#InstrumentMeasurementAttribute.g.received.cs
    Verified: TelemetrySourceGeneratorTests.Generate_GivenMetricMethodReturningIDisposable_RaisesDiagnostic#InstrumentMeasurementAttribute.g.verified.cs
  - Received: TelemetrySourceGeneratorTests.Generate_GivenMetricMethodReturningIDisposable_RaisesDiagnostic#LogAttribute.g.received.cs
    Verified: TelemetrySourceGeneratorTests.Generate_GivenMetricMethodReturningIDisposable_RaisesDiagnostic#LogAttribute.g.verified.cs
  - Received: TelemetrySourceGeneratorTests.Generate_GivenMetricMethodReturningIDisposable_RaisesDiagnostic#LoggerAttribute.g.received.cs
    Verified: TelemetrySourceGeneratorTests.Generate_GivenMetricMethodReturningIDisposable_RaisesDiagnostic#LoggerAttribute.g.verified.cs
  - Received: TelemetrySourceGeneratorTests.Generate_GivenMetricMethodReturningIDisposable_RaisesDiagnostic#LoggerGenerationAttribute.g.received.cs
    Verified: TelemetrySourceGeneratorTests.Generate_GivenMetricMethodReturningIDisposable_RaisesDiagnostic#LoggerGenerationAttribute.g.verified.cs
  - Received: TelemetrySourceGeneratorTests.Generate_GivenMetricMethodReturningIDisposable_RaisesDiagnostic#LoggerGenerationMode.g.received.cs
    Verified: TelemetrySourceGeneratorTests.Generate_GivenMetricMethodReturningIDisposable_RaisesDiagnostic#LoggerGenerationMode.g.verified.cs
  - Received: TelemetrySourceGeneratorTests.Generate_GivenMetricMethodReturningIDisposable_RaisesDiagnostic#LogPrefixType.g.received.cs
    Verified: TelemetrySourceGeneratorTests.Generate_GivenMetricMethodReturningIDisposable_RaisesDiagnostic#LogPrefixType.g.verified.cs
  - Received: TelemetrySourceGeneratorTests.Generate_GivenMetricMethodReturningIDisposable_RaisesDiagnostic#MeterAttribute.g.received.cs
    Verified: TelemetrySourceGeneratorTests.Generate_GivenMetricMethodReturningIDisposable_RaisesDiagnostic#MeterAttribute.g.verified.cs
  - Received: TelemetrySourceGeneratorTests.Generate_GivenMetricMethodReturningIDisposable_RaisesDiagnostic#MeterGenerationAttribute.g.received.cs
    Verified: TelemetrySourceGeneratorTests.Generate_GivenMetricMethodReturningIDisposable_RaisesDiagnostic#MeterGenerationAttribute.g.verified.cs
  - Received: TelemetrySourceGeneratorTests.Generate_GivenMetricMethodReturningIDisposable_RaisesDiagnostic#MeterNameGenerationType.g.received.cs
    Verified: TelemetrySourceGeneratorTests.Generate_GivenMetricMethodReturningIDisposable_RaisesDiagnostic#MeterNameGenerationType.g.verified.cs
  - Received: TelemetrySourceGeneratorTests.Generate_GivenMetricMethodReturningIDisposable_RaisesDiagnostic#NamingConvention.g.received.cs
    Verified: TelemetrySourceGeneratorTests.Generate_GivenMetricMethodReturningIDisposable_RaisesDiagnostic#NamingConvention.g.verified.cs
  - Received: TelemetrySourceGeneratorTests.Generate_GivenMetricMethodReturningIDisposable_RaisesDiagnostic#ObservableCounterAttribute.g.received.cs
    Verified: TelemetrySourceGeneratorTests.Generate_GivenMetricMethodReturningIDisposable_RaisesDiagnostic#ObservableCounterAttribute.g.verified.cs
  - Received: TelemetrySourceGeneratorTests.Generate_GivenMetricMethodReturningIDisposable_RaisesDiagnostic#ObservableGaugeAttribute.g.received.cs
    Verified: TelemetrySourceGeneratorTests.Generate_GivenMetricMethodReturningIDisposable_RaisesDiagnostic#ObservableGaugeAttribute.g.verified.cs
  - Received: TelemetrySourceGeneratorTests.Generate_GivenMetricMethodReturningIDisposable_RaisesDiagnostic#ObservableUpDownCounterAttribute.g.received.cs
    Verified: TelemetrySourceGeneratorTests.Generate_GivenMetricMethodReturningIDisposable_RaisesDiagnostic#ObservableUpDownCounterAttribute.g.verified.cs
  - Received: TelemetrySourceGeneratorTests.Generate_GivenMetricMethodReturningIDisposable_RaisesDiagnostic#Purview.Telemetry.SourceGenerator.TelemetryNames.g.received.cs
    Verified: TelemetrySourceGeneratorTests.Generate_GivenMetricMethodReturningIDisposable_RaisesDiagnostic#Purview.Telemetry.SourceGenerator.TelemetryNames.g.verified.cs
  - Received: TelemetrySourceGeneratorTests.Generate_GivenMetricMethodReturningIDisposable_RaisesDiagnostic#StatusDescriptionAttribute.g.received.cs
    Verified: TelemetrySourceGeneratorTests.Generate_GivenMetricMethodReturningIDisposable_RaisesDiagnostic#StatusDescriptionAttribute.g.verified.cs
  - Received: TelemetrySourceGeneratorTests.Generate_GivenMetricMethodReturningIDisposable_RaisesDiagnostic#TagAttribute.g.received.cs
    Verified: TelemetrySourceGeneratorTests.Generate_GivenMetricMethodReturningIDisposable_RaisesDiagnostic#TagAttribute.g.verified.cs
  - Received: TelemetrySourceGeneratorTests.Generate_GivenMetricMethodReturningIDisposable_RaisesDiagnostic#Targets.g.received.cs
    Verified: TelemetrySourceGeneratorTests.Generate_GivenMetricMethodReturningIDisposable_RaisesDiagnostic#Targets.g.verified.cs
  - Received: TelemetrySourceGeneratorTests.Generate_GivenMetricMethodReturningIDisposable_RaisesDiagnostic#TelemetryGenerationAttribute.g.received.cs
    Verified: TelemetrySourceGeneratorTests.Generate_GivenMetricMethodReturningIDisposable_RaisesDiagnostic#TelemetryGenerationAttribute.g.verified.cs
  - Received: TelemetrySourceGeneratorTests.Generate_GivenMetricMethodReturningIDisposable_RaisesDiagnostic#Testing.InvalidTelemetryCore.Metric.g.received.cs
    Verified: TelemetrySourceGeneratorTests.Generate_GivenMetricMethodReturningIDisposable_RaisesDiagnostic#Testing.InvalidTelemetryCore.Metric.g.verified.cs
  - Received: TelemetrySourceGeneratorTests.Generate_GivenMetricMethodReturningIDisposable_RaisesDiagnostic#TraceAttribute.g.received.cs
    Verified: TelemetrySourceGeneratorTests.Generate_GivenMetricMethodReturningIDisposable_RaisesDiagnostic#TraceAttribute.g.verified.cs
  - Received: TelemetrySourceGeneratorTests.Generate_GivenMetricMethodReturningIDisposable_RaisesDiagnostic#UpDownCounterAttribute.g.received.cs
    Verified: TelemetrySourceGeneratorTests.Generate_GivenMetricMethodReturningIDisposable_RaisesDiagnostic#UpDownCounterAttribute.g.verified.cs
  - Received: TelemetrySourceGeneratorTests.Generate_GivenMetricMethodReturningIDisposable_RaisesDiagnostic#WarningAttribute.g.received.cs
    Verified: TelemetrySourceGeneratorTests.Generate_GivenMetricMethodReturningIDisposable_RaisesDiagnostic#WarningAttribute.g.verified.cs

  from P:\GitHub\kjldev\purview-telemetry-sourcegenerator\src\Purview.Telemetry.SourceGenerator.IntegrationTests\bin\Release\net10.0\Purview.Telemetry.SourceGenerator.IntegrationTests.dll (net10.0|x64)
  TUnit.Engine.Exceptions.TestFailedException: [Test Failure] VerifyException: Directory: P:\GitHub\kjldev\purview-telemetry-sourcegenerator\src\Purview.Telemetry.SourceGenerator.IntegrationTests\Snapshots
  Delete:
    - TelemetrySourceGeneratorTests.Generate_GivenMetricMethodReturningIDisposable_RaisesDiagnostic.verified.txt
  Equal:
    - Received: TelemetrySourceGeneratorTests.Generate_GivenMetricMethodReturningIDisposable_RaisesDiagnostic#ActivityAttribute.g.received.cs
      Verified: TelemetrySourceGeneratorTests.Generate_GivenMetricMethodReturningIDisposable_RaisesDiagnostic#ActivityAttribute.g.verified.cs
    - Received: TelemetrySourceGeneratorTests.Generate_GivenMetricMethodReturningIDisposable_RaisesDiagnostic#ActivitySourceAttribute.g.received.cs
      Verified: TelemetrySourceGeneratorTests.Generate_GivenMetricMethodReturningIDisposable_RaisesDiagnostic#ActivitySourceAttribute.g.verified.cs
    - Received: TelemetrySourceGeneratorTests.Generate_GivenMetricMethodReturningIDisposable_RaisesDiagnostic#ActivitySourceGenerationAttribute.g.received.cs
      Verified: TelemetrySourceGeneratorTests.Generate_GivenMetricMethodReturningIDisposable_RaisesDiagnostic#ActivitySourceGenerationAttribute.g.verified.cs
    - Received: TelemetrySourceGeneratorTests.Generate_GivenMetricMethodReturningIDisposable_RaisesDiagnostic#AutoCounterAttribute.g.received.cs
      Verified: TelemetrySourceGeneratorTests.Generate_GivenMetricMethodReturningIDisposable_RaisesDiagnostic#AutoCounterAttribute.g.verified.cs
    - Received: TelemetrySourceGeneratorTests.Generate_GivenMetricMethodReturningIDisposable_RaisesDiagnostic#BaggageAttribute.g.received.cs
      Verified: TelemetrySourceGeneratorTests.Generate_GivenMetricMethodReturningIDisposable_RaisesDiagnostic#BaggageAttribute.g.verified.cs
    - Received: TelemetrySourceGeneratorTests.Generate_GivenMetricMethodReturningIDisposable_RaisesDiagnostic#ContextAttribute.g.received.cs
      Verified: TelemetrySourceGeneratorTests.Generate_GivenMetricMethodReturningIDisposable_RaisesDiagnostic#ContextAttribute.g.verified.cs
    - Received: TelemetrySourceGeneratorTests.Generate_GivenMetricMethodReturningIDisposable_RaisesDiagnostic#CounterAttribute.g.received.cs
      Verified: TelemetrySourceGeneratorTests.Generate_GivenMetricMethodReturningIDisposable_RaisesDiagnostic#CounterAttribute.g.verified.cs
    - Received: TelemetrySourceGeneratorTests.Generate_GivenMetricMethodReturningIDisposable_RaisesDiagnostic#CriticalAttribute.g.received.cs
      Verified: TelemetrySourceGeneratorTests.Generate_GivenMetricMethodReturningIDisposable_RaisesDiagnostic#CriticalAttribute.g.verified.cs
    - Received: TelemetrySourceGeneratorTests.Generate_GivenMetricMethodReturningIDisposable_RaisesDiagnostic#DebugAttribute.g.received.cs
      Verified: TelemetrySourceGeneratorTests.Generate_GivenMetricMethodReturningIDisposable_RaisesDiagnostic#DebugAttribute.g.verified.cs
    - Received: TelemetrySourceGeneratorTests.Generate_GivenMetricMethodReturningIDisposable_RaisesDiagnostic#ErrorAttribute.g.received.cs
      Verified: TelemetrySourceGeneratorTests.Generate_GivenMetricMethodReturningIDisposable_RaisesDiagnostic#ErrorAttribute.g.verified.cs
    - Received: TelemetrySourceGeneratorTests.Generate_GivenMetricMethodReturningIDisposable_RaisesDiagnostic#EscapeAttribute.g.received.cs
      Verified: TelemetrySourceGeneratorTests.Generate_GivenMetricMethodReturningIDisposable_RaisesDiagnostic#EscapeAttribute.g.verified.cs
    - Received: TelemetrySourceGeneratorTests.Generate_GivenMetricMethodReturningIDisposable_RaisesDiagnostic#EventAttribute.g.received.cs
      Verified: TelemetrySourceGeneratorTests.Generate_GivenMetricMethodReturningIDisposable_RaisesDiagnostic#EventAttribute.g.verified.cs
    - Received: TelemetrySourceGeneratorTests.Generate_GivenMetricMethodReturningIDisposable_RaisesDiagnostic#ExcludeAttribute.g.received.cs
      Verified: TelemetrySourceGeneratorTests.Generate_GivenMetricMethodReturningIDisposable_RaisesDiagnostic#ExcludeAttribute.g.verified.cs
    - Received: TelemetrySourceGeneratorTests.Generate_GivenMetricMethodReturningIDisposable_RaisesDiagnostic#ExcludeTargetsAttribute.g.received.cs
      Verified: TelemetrySourceGeneratorTests.Generate_GivenMetricMethodReturningIDisposable_RaisesDiagnostic#ExcludeTargetsAttribute.g.verified.cs
    - Received: TelemetrySourceGeneratorTests.Generate_GivenMetricMethodReturningIDisposable_RaisesDiagnostic#ExpandEnumerableAttribute.g.received.cs
      Verified: TelemetrySourceGeneratorTests.Generate_GivenMetricMethodReturningIDisposable_RaisesDiagnostic#ExpandEnumerableAttribute.g.verified.cs
    - Received: TelemetrySourceGeneratorTests.Generate_GivenMetricMethodReturningIDisposable_RaisesDiagnostic#HistogramAttribute.g.received.cs
      Verified: TelemetrySourceGeneratorTests.Generate_GivenMetricMethodReturningIDisposable_RaisesDiagnostic#HistogramAttribute.g.verified.cs
    - Received: TelemetrySourceGeneratorTests.Generate_GivenMetricMethodReturningIDisposable_RaisesDiagnostic#InfoAttribute.g.received.cs
      Verified: TelemetrySourceGeneratorTests.Generate_GivenMetricMethodReturningIDisposable_RaisesDiagnostic#InfoAttribute.g.verified.cs
    - Received: TelemetrySourceGeneratorTests.Generate_GivenMetricMethodReturningIDisposable_RaisesDiagnostic#InstrumentMeasurementAttribute.g.received.cs
      Verified: TelemetrySourceGeneratorTests.Generate_GivenMetricMethodReturningIDisposable_RaisesDiagnostic#InstrumentMeasurementAttribute.g.verified.cs
    - Received: TelemetrySourceGeneratorTests.Generate_GivenMetricMethodReturningIDisposable_RaisesDiagnostic#LogAttribute.g.received.cs
      Verified: TelemetrySourceGeneratorTests.Generate_GivenMetricMethodReturningIDisposable_RaisesDiagnostic#LogAttribute.g.verified.cs
    - Received: TelemetrySourceGeneratorTests.Generate_GivenMetricMethodReturningIDisposable_RaisesDiagnostic#LoggerAttribute.g.received.cs
      Verified: TelemetrySourceGeneratorTests.Generate_GivenMetricMethodReturningIDisposable_RaisesDiagnostic#LoggerAttribute.g.verified.cs
    - Received: TelemetrySourceGeneratorTests.Generate_GivenMetricMethodReturningIDisposable_RaisesDiagnostic#LoggerGenerationAttribute.g.received.cs
      Verified: TelemetrySourceGeneratorTests.Generate_GivenMetricMethodReturningIDisposable_RaisesDiagnostic#LoggerGenerationAttribute.g.verified.cs
    - Received: TelemetrySourceGeneratorTests.Generate_GivenMetricMethodReturningIDisposable_RaisesDiagnostic#LoggerGenerationMode.g.received.cs
      Verified: TelemetrySourceGeneratorTests.Generate_GivenMetricMethodReturningIDisposable_RaisesDiagnostic#LoggerGenerationMode.g.verified.cs
    - Received: TelemetrySourceGeneratorTests.Generate_GivenMetricMethodReturningIDisposable_RaisesDiagnostic#LogPrefixType.g.received.cs
      Verified: TelemetrySourceGeneratorTests.Generate_GivenMetricMethodReturningIDisposable_RaisesDiagnostic#LogPrefixType.g.verified.cs
    - Received: TelemetrySourceGeneratorTests.Generate_GivenMetricMethodReturningIDisposable_RaisesDiagnostic#MeterAttribute.g.received.cs
      Verified: TelemetrySourceGeneratorTests.Generate_GivenMetricMethodReturningIDisposable_RaisesDiagnostic#MeterAttribute.g.verified.cs
    - Received: TelemetrySourceGeneratorTests.Generate_GivenMetricMethodReturningIDisposable_RaisesDiagnostic#MeterGenerationAttribute.g.received.cs
      Verified: TelemetrySourceGeneratorTests.Generate_GivenMetricMethodReturningIDisposable_RaisesDiagnostic#MeterGenerationAttribute.g.verified.cs
    - Received: TelemetrySourceGeneratorTests.Generate_GivenMetricMethodReturningIDisposable_RaisesDiagnostic#MeterNameGenerationType.g.received.cs
      Verified: TelemetrySourceGeneratorTests.Generate_GivenMetricMethodReturningIDisposable_RaisesDiagnostic#MeterNameGenerationType.g.verified.cs
    - Received: TelemetrySourceGeneratorTests.Generate_GivenMetricMethodReturningIDisposable_RaisesDiagnostic#NamingConvention.g.received.cs
      Verified: TelemetrySourceGeneratorTests.Generate_GivenMetricMethodReturningIDisposable_RaisesDiagnostic#NamingConvention.g.verified.cs
    - Received: TelemetrySourceGeneratorTests.Generate_GivenMetricMethodReturningIDisposable_RaisesDiagnostic#ObservableCounterAttribute.g.received.cs
      Verified: TelemetrySourceGeneratorTests.Generate_GivenMetricMethodReturningIDisposable_RaisesDiagnostic#ObservableCounterAttribute.g.verified.cs
    - Received: TelemetrySourceGeneratorTests.Generate_GivenMetricMethodReturningIDisposable_RaisesDiagnostic#ObservableGaugeAttribute.g.received.cs
      Verified: TelemetrySourceGeneratorTests.Generate_GivenMetricMethodReturningIDisposable_RaisesDiagnostic#ObservableGaugeAttribute.g.verified.cs
    - Received: TelemetrySourceGeneratorTests.Generate_GivenMetricMethodReturningIDisposable_RaisesDiagnostic#ObservableUpDownCounterAttribute.g.received.cs
      Verified: TelemetrySourceGeneratorTests.Generate_GivenMetricMethodReturningIDisposable_RaisesDiagnostic#ObservableUpDownCounterAttribute.g.verified.cs
    - Received: TelemetrySourceGeneratorTests.Generate_GivenMetricMethodReturningIDisposable_RaisesDiagnostic#Purview.Telemetry.SourceGenerator.TelemetryNames.g.received.cs
      Verified: TelemetrySourceGeneratorTests.Generate_GivenMetricMethodReturningIDisposable_RaisesDiagnostic#Purview.Telemetry.SourceGenerator.TelemetryNames.g.verified.cs
    - Received: TelemetrySourceGeneratorTests.Generate_GivenMetricMethodReturningIDisposable_RaisesDiagnostic#StatusDescriptionAttribute.g.received.cs
      Verified: TelemetrySourceGeneratorTests.Generate_GivenMetricMethodReturningIDisposable_RaisesDiagnostic#StatusDescriptionAttribute.g.verified.cs
    - Received: TelemetrySourceGeneratorTests.Generate_GivenMetricMethodReturningIDisposable_RaisesDiagnostic#TagAttribute.g.received.cs
      Verified: TelemetrySourceGeneratorTests.Generate_GivenMetricMethodReturningIDisposable_RaisesDiagnostic#TagAttribute.g.verified.cs
    - Received: TelemetrySourceGeneratorTests.Generate_GivenMetricMethodReturningIDisposable_RaisesDiagnostic#Targets.g.received.cs
      Verified: TelemetrySourceGeneratorTests.Generate_GivenMetricMethodReturningIDisposable_RaisesDiagnostic#Targets.g.verified.cs
    - Received: TelemetrySourceGeneratorTests.Generate_GivenMetricMethodReturningIDisposable_RaisesDiagnostic#TelemetryGenerationAttribute.g.received.cs
      Verified: TelemetrySourceGeneratorTests.Generate_GivenMetricMethodReturningIDisposable_RaisesDiagnostic#TelemetryGenerationAttribute.g.verified.cs
    - Received: TelemetrySourceGeneratorTests.Generate_GivenMetricMethodReturningIDisposable_RaisesDiagnostic#Testing.InvalidTelemetryCore.Metric.g.received.cs
      Verified: TelemetrySourceGeneratorTests.Generate_GivenMetricMethodReturningIDisposable_RaisesDiagnostic#Testing.InvalidTelemetryCore.Metric.g.verified.cs
    - Received: TelemetrySourceGeneratorTests.Generate_GivenMetricMethodReturningIDisposable_RaisesDiagnostic#TraceAttribute.g.received.cs
      Verified: TelemetrySourceGeneratorTests.Generate_GivenMetricMethodReturningIDisposable_RaisesDiagnostic#TraceAttribute.g.verified.cs
    - Received: TelemetrySourceGeneratorTests.Generate_GivenMetricMethodReturningIDisposable_RaisesDiagnostic#UpDownCounterAttribute.g.received.cs
      Verified: TelemetrySourceGeneratorTests.Generate_GivenMetricMethodReturningIDisposable_RaisesDiagnostic#UpDownCounterAttribute.g.verified.cs
    - Received: TelemetrySourceGeneratorTests.Generate_GivenMetricMethodReturningIDisposable_RaisesDiagnostic#WarningAttribute.g.received.cs
      Verified: TelemetrySourceGeneratorTests.Generate_GivenMetricMethodReturningIDisposable_RaisesDiagnostic#WarningAttribute.g.verified.cs
  
  Standard output
    DBG: --- Adding templates.
    DBG: Adding ActivitySourceGenerationAttribute as ActivitySourceGenerationAttribute.g.cs.
    DBG: Adding ActivitySourceAttribute as ActivitySourceAttribute.g.cs.
    DBG: Adding ActivityAttribute as ActivityAttribute.g.cs.
    DBG: Adding EventAttribute as EventAttribute.g.cs.
    DBG: Adding ContextAttribute as ContextAttribute.g.cs.
    DBG: Adding BaggageAttribute as BaggageAttribute.g.cs.
    DBG: Adding EscapeAttribute as EscapeAttribute.g.cs.
    DBG: Adding StatusDescriptionAttribute as StatusDescriptionAttribute.g.cs.
    DBG: Adding LoggerGenerationAttribute as LoggerGenerationAttribute.g.cs.
    DBG: Adding LoggerAttribute as LoggerAttribute.g.cs.
    DBG: Adding LogAttribute as LogAttribute.g.cs.
    DBG: Adding LogPrefixType as LogPrefixType.g.cs.
    DBG: Adding LoggerGenerationMode as LoggerGenerationMode.g.cs.
    DBG: Adding ExpandEnumerableAttribute as ExpandEnumerableAttribute.g.cs.
    DBG: Adding TraceAttribute as TraceAttribute.g.cs.
    DBG: Adding DebugAttribute as DebugAttribute.g.cs.
    DBG: Adding InfoAttribute as InfoAttribute.g.cs.
    DBG: Adding WarningAttribute as WarningAttribute.g.cs.
    DBG: Adding ErrorAttribute as ErrorAttribute.g.cs.
    DBG: Adding CriticalAttribute as CriticalAttribute.g.cs.
    DBG: Adding MeterGenerationAttribute as MeterGenerationAttribute.g.cs.
    DBG: Adding MeterAttribute as MeterAttribute.g.cs.
    DBG: Adding MeterNameGenerationType as MeterNameGenerationType.g.cs.
    DBG: Adding InstrumentMeasurementAttribute as InstrumentMeasurementAttribute.g.cs.
    DBG: Adding AutoCounterAttribute as AutoCounterAttribute.g.cs.
    DBG: Adding CounterAttribute as CounterAttribute.g.cs.
    DBG: Adding UpDownCounterAttribute as UpDownCounterAttribute.g.cs.
    DBG: Adding HistogramAttribute as HistogramAttribute.g.cs.
    DBG: Adding ObservableCounterAttribute as ObservableCounterAttribute.g.cs.
    DBG: Adding ObservableGaugeAttribute as ObservableGaugeAttribute.g.cs.
    DBG: Adding ObservableUpDownCounterAttribute as ObservableUpDownCounterAttribute.g.cs.
    DBG: Adding TagAttribute as TagAttribute.g.cs.
    DBG: Adding ExcludeAttribute as ExcludeAttribute.g.cs.
    DBG: Adding TelemetryGenerationAttribute as TelemetryGenerationAttribute.g.cs.
    DBG: Adding Targets as Targets.g.cs.
    DBG: Adding NamingConvention as NamingConvention.g.cs.
    DBG: Adding ExcludeTargetsAttribute as ExcludeTargetsAttribute.g.cs.
    DBG: --- Finished adding templates.
    DBG: Found attribute: Purview.Telemetry.MeterAttribute("testing-meter")
    DBG: Found attribute: Purview.Telemetry.TelemetryGenerationAttribute(GenerateDependencyExtension = false)
    DBG: Found possible instrument method IInvalidTelemetry.InvalidDisposableReturn.
    DBG: Found attribute: Purview.Telemetry.CounterAttribute
    DBG: Found valid instrument type: int
    DBG: Meter generation target: Testing.InvalidTelemetryCore
    DBG: Generating metric class for: Testing.InvalidTelemetryCore
    DBG: Emitting fields for InvalidTelemetryCore
    DBG: Emitting partial method for populating tags: PopulateMeterTags.
    DBG: Emitting instrument method: InvalidDisposableReturn.
    DBG: Skipping dependency injection emit.
    DBG: Found attribute: Purview.Telemetry.MeterAttribute("testing-meter")
    DBG: Found attribute: Purview.Telemetry.TelemetryGenerationAttribute(GenerateDependencyExtension = false)
    DBG: Found possible instrument method IInvalidTelemetry.InvalidDisposableReturn.
    DBG: Found attribute: Purview.Telemetry.CounterAttribute
    DBG: Found valid instrument type: int
    DBG: Generating Telemetry Names using class 'TelemetryNames'.
    
  Error output
failed Generate_GivenICacheServiceProviderTelemetry_GeneratesTelemetry (7s 306ms)
  [Test Failure] VerifyException: Directory: P:\GitHub\kjldev\purview-telemetry-sourcegenerator\src\Purview.Telemetry.SourceGenerator.IntegrationTests\Snapshots
Delete:
  - TelemetrySourceGeneratorTests.Generate_GivenICacheServiceProviderTelemetry_GeneratesTelemetry.verified.txt
Equal:
  - Received: TelemetrySourceGeneratorTests.Generate_GivenICacheServiceProviderTelemetry_GeneratesTelemetry#ActivityAttribute.g.received.cs
    Verified: TelemetrySourceGeneratorTests.Generate_GivenICacheServiceProviderTelemetry_GeneratesTelemetry#ActivityAttribute.g.verified.cs
  - Received: TelemetrySourceGeneratorTests.Generate_GivenICacheServiceProviderTelemetry_GeneratesTelemetry#ActivitySourceAttribute.g.received.cs
    Verified: TelemetrySourceGeneratorTests.Generate_GivenICacheServiceProviderTelemetry_GeneratesTelemetry#ActivitySourceAttribute.g.verified.cs
  - Received: TelemetrySourceGeneratorTests.Generate_GivenICacheServiceProviderTelemetry_GeneratesTelemetry#ActivitySourceGenerationAttribute.g.received.cs
    Verified: TelemetrySourceGeneratorTests.Generate_GivenICacheServiceProviderTelemetry_GeneratesTelemetry#ActivitySourceGenerationAttribute.g.verified.cs
  - Received: TelemetrySourceGeneratorTests.Generate_GivenICacheServiceProviderTelemetry_GeneratesTelemetry#AutoCounterAttribute.g.received.cs
    Verified: TelemetrySourceGeneratorTests.Generate_GivenICacheServiceProviderTelemetry_GeneratesTelemetry#AutoCounterAttribute.g.verified.cs
  - Received: TelemetrySourceGeneratorTests.Generate_GivenICacheServiceProviderTelemetry_GeneratesTelemetry#BaggageAttribute.g.received.cs
    Verified: TelemetrySourceGeneratorTests.Generate_GivenICacheServiceProviderTelemetry_GeneratesTelemetry#BaggageAttribute.g.verified.cs
  - Received: TelemetrySourceGeneratorTests.Generate_GivenICacheServiceProviderTelemetry_GeneratesTelemetry#ContextAttribute.g.received.cs
    Verified: TelemetrySourceGeneratorTests.Generate_GivenICacheServiceProviderTelemetry_GeneratesTelemetry#ContextAttribute.g.verified.cs
  - Received: TelemetrySourceGeneratorTests.Generate_GivenICacheServiceProviderTelemetry_GeneratesTelemetry#CounterAttribute.g.received.cs
    Verified: TelemetrySourceGeneratorTests.Generate_GivenICacheServiceProviderTelemetry_GeneratesTelemetry#CounterAttribute.g.verified.cs
  - Received: TelemetrySourceGeneratorTests.Generate_GivenICacheServiceProviderTelemetry_GeneratesTelemetry#CriticalAttribute.g.received.cs
    Verified: TelemetrySourceGeneratorTests.Generate_GivenICacheServiceProviderTelemetry_GeneratesTelemetry#CriticalAttribute.g.verified.cs
  - Received: TelemetrySourceGeneratorTests.Generate_GivenICacheServiceProviderTelemetry_GeneratesTelemetry#DebugAttribute.g.received.cs
    Verified: TelemetrySourceGeneratorTests.Generate_GivenICacheServiceProviderTelemetry_GeneratesTelemetry#DebugAttribute.g.verified.cs
  - Received: TelemetrySourceGeneratorTests.Generate_GivenICacheServiceProviderTelemetry_GeneratesTelemetry#ErrorAttribute.g.received.cs
    Verified: TelemetrySourceGeneratorTests.Generate_GivenICacheServiceProviderTelemetry_GeneratesTelemetry#ErrorAttribute.g.verified.cs
  - Received: TelemetrySourceGeneratorTests.Generate_GivenICacheServiceProviderTelemetry_GeneratesTelemetry#EscapeAttribute.g.received.cs
    Verified: TelemetrySourceGeneratorTests.Generate_GivenICacheServiceProviderTelemetry_GeneratesTelemetry#EscapeAttribute.g.verified.cs
  - Received: TelemetrySourceGeneratorTests.Generate_GivenICacheServiceProviderTelemetry_GeneratesTelemetry#EventAttribute.g.received.cs
    Verified: TelemetrySourceGeneratorTests.Generate_GivenICacheServiceProviderTelemetry_GeneratesTelemetry#EventAttribute.g.verified.cs
  - Received: TelemetrySourceGeneratorTests.Generate_GivenICacheServiceProviderTelemetry_GeneratesTelemetry#ExcludeAttribute.g.received.cs
    Verified: TelemetrySourceGeneratorTests.Generate_GivenICacheServiceProviderTelemetry_GeneratesTelemetry#ExcludeAttribute.g.verified.cs
  - Received: TelemetrySourceGeneratorTests.Generate_GivenICacheServiceProviderTelemetry_GeneratesTelemetry#ExcludeTargetsAttribute.g.received.cs
    Verified: TelemetrySourceGeneratorTests.Generate_GivenICacheServiceProviderTelemetry_GeneratesTelemetry#ExcludeTargetsAttribute.g.verified.cs
  - Received: TelemetrySourceGeneratorTests.Generate_GivenICacheServiceProviderTelemetry_GeneratesTelemetry#ExpandEnumerableAttribute.g.received.cs
    Verified: TelemetrySourceGeneratorTests.Generate_GivenICacheServiceProviderTelemetry_GeneratesTelemetry#ExpandEnumerableAttribute.g.verified.cs
  - Received: TelemetrySourceGeneratorTests.Generate_GivenICacheServiceProviderTelemetry_GeneratesTelemetry#HistogramAttribute.g.received.cs
    Verified: TelemetrySourceGeneratorTests.Generate_GivenICacheServiceProviderTelemetry_GeneratesTelemetry#HistogramAttribute.g.verified.cs
  - Received: TelemetrySourceGeneratorTests.Generate_GivenICacheServiceProviderTelemetry_GeneratesTelemetry#InfoAttribute.g.received.cs
    Verified: TelemetrySourceGeneratorTests.Generate_GivenICacheServiceProviderTelemetry_GeneratesTelemetry#InfoAttribute.g.verified.cs
  - Received: TelemetrySourceGeneratorTests.Generate_GivenICacheServiceProviderTelemetry_GeneratesTelemetry#InstrumentMeasurementAttribute.g.received.cs
    Verified: TelemetrySourceGeneratorTests.Generate_GivenICacheServiceProviderTelemetry_GeneratesTelemetry#InstrumentMeasurementAttribute.g.verified.cs
  - Received: TelemetrySourceGeneratorTests.Generate_GivenICacheServiceProviderTelemetry_GeneratesTelemetry#LogAttribute.g.received.cs
    Verified: TelemetrySourceGeneratorTests.Generate_GivenICacheServiceProviderTelemetry_GeneratesTelemetry#LogAttribute.g.verified.cs
  - Received: TelemetrySourceGeneratorTests.Generate_GivenICacheServiceProviderTelemetry_GeneratesTelemetry#LoggerAttribute.g.received.cs
    Verified: TelemetrySourceGeneratorTests.Generate_GivenICacheServiceProviderTelemetry_GeneratesTelemetry#LoggerAttribute.g.verified.cs
  - Received: TelemetrySourceGeneratorTests.Generate_GivenICacheServiceProviderTelemetry_GeneratesTelemetry#LoggerGenerationAttribute.g.received.cs
    Verified: TelemetrySourceGeneratorTests.Generate_GivenICacheServiceProviderTelemetry_GeneratesTelemetry#LoggerGenerationAttribute.g.verified.cs
  - Received: TelemetrySourceGeneratorTests.Generate_GivenICacheServiceProviderTelemetry_GeneratesTelemetry#LoggerGenerationMode.g.received.cs
    Verified: TelemetrySourceGeneratorTests.Generate_GivenICacheServiceProviderTelemetry_GeneratesTelemetry#LoggerGenerationMode.g.verified.cs
  - Received: TelemetrySourceGeneratorTests.Generate_GivenICacheServiceProviderTelemetry_GeneratesTelemetry#LogPrefixType.g.received.cs
    Verified: TelemetrySourceGeneratorTests.Generate_GivenICacheServiceProviderTelemetry_GeneratesTelemetry#LogPrefixType.g.verified.cs
  - Received: TelemetrySourceGeneratorTests.Generate_GivenICacheServiceProviderTelemetry_GeneratesTelemetry#MeterAttribute.g.received.cs
    Verified: TelemetrySourceGeneratorTests.Generate_GivenICacheServiceProviderTelemetry_GeneratesTelemetry#MeterAttribute.g.verified.cs
  - Received: TelemetrySourceGeneratorTests.Generate_GivenICacheServiceProviderTelemetry_GeneratesTelemetry#MeterGenerationAttribute.g.received.cs
    Verified: TelemetrySourceGeneratorTests.Generate_GivenICacheServiceProviderTelemetry_GeneratesTelemetry#MeterGenerationAttribute.g.verified.cs
  - Received: TelemetrySourceGeneratorTests.Generate_GivenICacheServiceProviderTelemetry_GeneratesTelemetry#MeterNameGenerationType.g.received.cs
    Verified: TelemetrySourceGeneratorTests.Generate_GivenICacheServiceProviderTelemetry_GeneratesTelemetry#MeterNameGenerationType.g.verified.cs
  - Received: TelemetrySourceGeneratorTests.Generate_GivenICacheServiceProviderTelemetry_GeneratesTelemetry#NamingConvention.g.received.cs
    Verified: TelemetrySourceGeneratorTests.Generate_GivenICacheServiceProviderTelemetry_GeneratesTelemetry#NamingConvention.g.verified.cs
  - Received: TelemetrySourceGeneratorTests.Generate_GivenICacheServiceProviderTelemetry_GeneratesTelemetry#ObservableCounterAttribute.g.received.cs
    Verified: TelemetrySourceGeneratorTests.Generate_GivenICacheServiceProviderTelemetry_GeneratesTelemetry#ObservableCounterAttribute.g.verified.cs
  - Received: TelemetrySourceGeneratorTests.Generate_GivenICacheServiceProviderTelemetry_GeneratesTelemetry#ObservableGaugeAttribute.g.received.cs
    Verified: TelemetrySourceGeneratorTests.Generate_GivenICacheServiceProviderTelemetry_GeneratesTelemetry#ObservableGaugeAttribute.g.verified.cs
  - Received: TelemetrySourceGeneratorTests.Generate_GivenICacheServiceProviderTelemetry_GeneratesTelemetry#ObservableUpDownCounterAttribute.g.received.cs
    Verified: TelemetrySourceGeneratorTests.Generate_GivenICacheServiceProviderTelemetry_GeneratesTelemetry#ObservableUpDownCounterAttribute.g.verified.cs
  - Received: TelemetrySourceGeneratorTests.Generate_GivenICacheServiceProviderTelemetry_GeneratesTelemetry#Purview.Interfaces.ApplicationServices.Caching.CacheServiceProviderTelemetryCore.Activity.g.received.cs
    Verified: TelemetrySourceGeneratorTests.Generate_GivenICacheServiceProviderTelemetry_GeneratesTelemetry#Purview.Interfaces.ApplicationServices.Caching.CacheServiceProviderTelemetryCore.Activity.g.verified.cs
  - Received: TelemetrySourceGeneratorTests.Generate_GivenICacheServiceProviderTelemetry_GeneratesTelemetry#Purview.Interfaces.ApplicationServices.Caching.CacheServiceProviderTelemetryCore.Logging.g.received.cs
    Verified: TelemetrySourceGeneratorTests.Generate_GivenICacheServiceProviderTelemetry_GeneratesTelemetry#Purview.Interfaces.ApplicationServices.Caching.CacheServiceProviderTelemetryCore.Logging.g.verified.cs
  - Received: TelemetrySourceGeneratorTests.Generate_GivenICacheServiceProviderTelemetry_GeneratesTelemetry#Purview.Interfaces.ApplicationServices.Caching.CacheServiceProviderTelemetryCoreDIExtension.DependencyInjection.g.received.cs
    Verified: TelemetrySourceGeneratorTests.Generate_GivenICacheServiceProviderTelemetry_GeneratesTelemetry#Purview.Interfaces.ApplicationServices.Caching.CacheServiceProviderTelemetryCoreDIExtension.DependencyInjection.g.verified.cs
  - Received: TelemetrySourceGeneratorTests.Generate_GivenICacheServiceProviderTelemetry_GeneratesTelemetry#Purview.Telemetry.SourceGenerator.TelemetryNames.g.received.cs
    Verified: TelemetrySourceGeneratorTests.Generate_GivenICacheServiceProviderTelemetry_GeneratesTelemetry#Purview.Telemetry.SourceGenerator.TelemetryNames.g.verified.cs
  - Received: TelemetrySourceGeneratorTests.Generate_GivenICacheServiceProviderTelemetry_GeneratesTelemetry#StatusDescriptionAttribute.g.received.cs
    Verified: TelemetrySourceGeneratorTests.Generate_GivenICacheServiceProviderTelemetry_GeneratesTelemetry#StatusDescriptionAttribute.g.verified.cs
  - Received: TelemetrySourceGeneratorTests.Generate_GivenICacheServiceProviderTelemetry_GeneratesTelemetry#TagAttribute.g.received.cs
    Verified: TelemetrySourceGeneratorTests.Generate_GivenICacheServiceProviderTelemetry_GeneratesTelemetry#TagAttribute.g.verified.cs
  - Received: TelemetrySourceGeneratorTests.Generate_GivenICacheServiceProviderTelemetry_GeneratesTelemetry#Targets.g.received.cs
    Verified: TelemetrySourceGeneratorTests.Generate_GivenICacheServiceProviderTelemetry_GeneratesTelemetry#Targets.g.verified.cs
  - Received: TelemetrySourceGeneratorTests.Generate_GivenICacheServiceProviderTelemetry_GeneratesTelemetry#TelemetryGenerationAttribute.g.received.cs
    Verified: TelemetrySourceGeneratorTests.Generate_GivenICacheServiceProviderTelemetry_GeneratesTelemetry#TelemetryGenerationAttribute.g.verified.cs
  - Received: TelemetrySourceGeneratorTests.Generate_GivenICacheServiceProviderTelemetry_GeneratesTelemetry#TraceAttribute.g.received.cs
    Verified: TelemetrySourceGeneratorTests.Generate_GivenICacheServiceProviderTelemetry_GeneratesTelemetry#TraceAttribute.g.verified.cs
  - Received: TelemetrySourceGeneratorTests.Generate_GivenICacheServiceProviderTelemetry_GeneratesTelemetry#UpDownCounterAttribute.g.received.cs
    Verified: TelemetrySourceGeneratorTests.Generate_GivenICacheServiceProviderTelemetry_GeneratesTelemetry#UpDownCounterAttribute.g.verified.cs
  - Received: TelemetrySourceGeneratorTests.Generate_GivenICacheServiceProviderTelemetry_GeneratesTelemetry#WarningAttribute.g.received.cs
    Verified: TelemetrySourceGeneratorTests.Generate_GivenICacheServiceProviderTelemetry_GeneratesTelemetry#WarningAttribute.g.verified.cs

  from P:\GitHub\kjldev\purview-telemetry-sourcegenerator\src\Purview.Telemetry.SourceGenerator.IntegrationTests\bin\Release\net10.0\Purview.Telemetry.SourceGenerator.IntegrationTests.dll (net10.0|x64)
  TUnit.Engine.Exceptions.TestFailedException: [Test Failure] VerifyException: Directory: P:\GitHub\kjldev\purview-telemetry-sourcegenerator\src\Purview.Telemetry.SourceGenerator.IntegrationTests\Snapshots
  Delete:
    - TelemetrySourceGeneratorTests.Generate_GivenICacheServiceProviderTelemetry_GeneratesTelemetry.verified.txt
  Equal:
    - Received: TelemetrySourceGeneratorTests.Generate_GivenICacheServiceProviderTelemetry_GeneratesTelemetry#ActivityAttribute.g.received.cs
      Verified: TelemetrySourceGeneratorTests.Generate_GivenICacheServiceProviderTelemetry_GeneratesTelemetry#ActivityAttribute.g.verified.cs
    - Received: TelemetrySourceGeneratorTests.Generate_GivenICacheServiceProviderTelemetry_GeneratesTelemetry#ActivitySourceAttribute.g.received.cs
      Verified: TelemetrySourceGeneratorTests.Generate_GivenICacheServiceProviderTelemetry_GeneratesTelemetry#ActivitySourceAttribute.g.verified.cs
    - Received: TelemetrySourceGeneratorTests.Generate_GivenICacheServiceProviderTelemetry_GeneratesTelemetry#ActivitySourceGenerationAttribute.g.received.cs
      Verified: TelemetrySourceGeneratorTests.Generate_GivenICacheServiceProviderTelemetry_GeneratesTelemetry#ActivitySourceGenerationAttribute.g.verified.cs
    - Received: TelemetrySourceGeneratorTests.Generate_GivenICacheServiceProviderTelemetry_GeneratesTelemetry#AutoCounterAttribute.g.received.cs
      Verified: TelemetrySourceGeneratorTests.Generate_GivenICacheServiceProviderTelemetry_GeneratesTelemetry#AutoCounterAttribute.g.verified.cs
    - Received: TelemetrySourceGeneratorTests.Generate_GivenICacheServiceProviderTelemetry_GeneratesTelemetry#BaggageAttribute.g.received.cs
      Verified: TelemetrySourceGeneratorTests.Generate_GivenICacheServiceProviderTelemetry_GeneratesTelemetry#BaggageAttribute.g.verified.cs
    - Received: TelemetrySourceGeneratorTests.Generate_GivenICacheServiceProviderTelemetry_GeneratesTelemetry#ContextAttribute.g.received.cs
      Verified: TelemetrySourceGeneratorTests.Generate_GivenICacheServiceProviderTelemetry_GeneratesTelemetry#ContextAttribute.g.verified.cs
    - Received: TelemetrySourceGeneratorTests.Generate_GivenICacheServiceProviderTelemetry_GeneratesTelemetry#CounterAttribute.g.received.cs
      Verified: TelemetrySourceGeneratorTests.Generate_GivenICacheServiceProviderTelemetry_GeneratesTelemetry#CounterAttribute.g.verified.cs
    - Received: TelemetrySourceGeneratorTests.Generate_GivenICacheServiceProviderTelemetry_GeneratesTelemetry#CriticalAttribute.g.received.cs
      Verified: TelemetrySourceGeneratorTests.Generate_GivenICacheServiceProviderTelemetry_GeneratesTelemetry#CriticalAttribute.g.verified.cs
    - Received: TelemetrySourceGeneratorTests.Generate_GivenICacheServiceProviderTelemetry_GeneratesTelemetry#DebugAttribute.g.received.cs
      Verified: TelemetrySourceGeneratorTests.Generate_GivenICacheServiceProviderTelemetry_GeneratesTelemetry#DebugAttribute.g.verified.cs
    - Received: TelemetrySourceGeneratorTests.Generate_GivenICacheServiceProviderTelemetry_GeneratesTelemetry#ErrorAttribute.g.received.cs
      Verified: TelemetrySourceGeneratorTests.Generate_GivenICacheServiceProviderTelemetry_GeneratesTelemetry#ErrorAttribute.g.verified.cs
    - Received: TelemetrySourceGeneratorTests.Generate_GivenICacheServiceProviderTelemetry_GeneratesTelemetry#EscapeAttribute.g.received.cs
      Verified: TelemetrySourceGeneratorTests.Generate_GivenICacheServiceProviderTelemetry_GeneratesTelemetry#EscapeAttribute.g.verified.cs
    - Received: TelemetrySourceGeneratorTests.Generate_GivenICacheServiceProviderTelemetry_GeneratesTelemetry#EventAttribute.g.received.cs
      Verified: TelemetrySourceGeneratorTests.Generate_GivenICacheServiceProviderTelemetry_GeneratesTelemetry#EventAttribute.g.verified.cs
    - Received: TelemetrySourceGeneratorTests.Generate_GivenICacheServiceProviderTelemetry_GeneratesTelemetry#ExcludeAttribute.g.received.cs
      Verified: TelemetrySourceGeneratorTests.Generate_GivenICacheServiceProviderTelemetry_GeneratesTelemetry#ExcludeAttribute.g.verified.cs
    - Received: TelemetrySourceGeneratorTests.Generate_GivenICacheServiceProviderTelemetry_GeneratesTelemetry#ExcludeTargetsAttribute.g.received.cs
      Verified: TelemetrySourceGeneratorTests.Generate_GivenICacheServiceProviderTelemetry_GeneratesTelemetry#ExcludeTargetsAttribute.g.verified.cs
    - Received: TelemetrySourceGeneratorTests.Generate_GivenICacheServiceProviderTelemetry_GeneratesTelemetry#ExpandEnumerableAttribute.g.received.cs
      Verified: TelemetrySourceGeneratorTests.Generate_GivenICacheServiceProviderTelemetry_GeneratesTelemetry#ExpandEnumerableAttribute.g.verified.cs
    - Received: TelemetrySourceGeneratorTests.Generate_GivenICacheServiceProviderTelemetry_GeneratesTelemetry#HistogramAttribute.g.received.cs
      Verified: TelemetrySourceGeneratorTests.Generate_GivenICacheServiceProviderTelemetry_GeneratesTelemetry#HistogramAttribute.g.verified.cs
    - Received: TelemetrySourceGeneratorTests.Generate_GivenICacheServiceProviderTelemetry_GeneratesTelemetry#InfoAttribute.g.received.cs
      Verified: TelemetrySourceGeneratorTests.Generate_GivenICacheServiceProviderTelemetry_GeneratesTelemetry#InfoAttribute.g.verified.cs
    - Received: TelemetrySourceGeneratorTests.Generate_GivenICacheServiceProviderTelemetry_GeneratesTelemetry#InstrumentMeasurementAttribute.g.received.cs
      Verified: TelemetrySourceGeneratorTests.Generate_GivenICacheServiceProviderTelemetry_GeneratesTelemetry#InstrumentMeasurementAttribute.g.verified.cs
    - Received: TelemetrySourceGeneratorTests.Generate_GivenICacheServiceProviderTelemetry_GeneratesTelemetry#LogAttribute.g.received.cs
      Verified: TelemetrySourceGeneratorTests.Generate_GivenICacheServiceProviderTelemetry_GeneratesTelemetry#LogAttribute.g.verified.cs
    - Received: TelemetrySourceGeneratorTests.Generate_GivenICacheServiceProviderTelemetry_GeneratesTelemetry#LoggerAttribute.g.received.cs
      Verified: TelemetrySourceGeneratorTests.Generate_GivenICacheServiceProviderTelemetry_GeneratesTelemetry#LoggerAttribute.g.verified.cs
    - Received: TelemetrySourceGeneratorTests.Generate_GivenICacheServiceProviderTelemetry_GeneratesTelemetry#LoggerGenerationAttribute.g.received.cs
      Verified: TelemetrySourceGeneratorTests.Generate_GivenICacheServiceProviderTelemetry_GeneratesTelemetry#LoggerGenerationAttribute.g.verified.cs
    - Received: TelemetrySourceGeneratorTests.Generate_GivenICacheServiceProviderTelemetry_GeneratesTelemetry#LoggerGenerationMode.g.received.cs
      Verified: TelemetrySourceGeneratorTests.Generate_GivenICacheServiceProviderTelemetry_GeneratesTelemetry#LoggerGenerationMode.g.verified.cs
    - Received: TelemetrySourceGeneratorTests.Generate_GivenICacheServiceProviderTelemetry_GeneratesTelemetry#LogPrefixType.g.received.cs
      Verified: TelemetrySourceGeneratorTests.Generate_GivenICacheServiceProviderTelemetry_GeneratesTelemetry#LogPrefixType.g.verified.cs
    - Received: TelemetrySourceGeneratorTests.Generate_GivenICacheServiceProviderTelemetry_GeneratesTelemetry#MeterAttribute.g.received.cs
      Verified: TelemetrySourceGeneratorTests.Generate_GivenICacheServiceProviderTelemetry_GeneratesTelemetry#MeterAttribute.g.verified.cs
    - Received: TelemetrySourceGeneratorTests.Generate_GivenICacheServiceProviderTelemetry_GeneratesTelemetry#MeterGenerationAttribute.g.received.cs
      Verified: TelemetrySourceGeneratorTests.Generate_GivenICacheServiceProviderTelemetry_GeneratesTelemetry#MeterGenerationAttribute.g.verified.cs
    - Received: TelemetrySourceGeneratorTests.Generate_GivenICacheServiceProviderTelemetry_GeneratesTelemetry#MeterNameGenerationType.g.received.cs
      Verified: TelemetrySourceGeneratorTests.Generate_GivenICacheServiceProviderTelemetry_GeneratesTelemetry#MeterNameGenerationType.g.verified.cs
    - Received: TelemetrySourceGeneratorTests.Generate_GivenICacheServiceProviderTelemetry_GeneratesTelemetry#NamingConvention.g.received.cs
      Verified: TelemetrySourceGeneratorTests.Generate_GivenICacheServiceProviderTelemetry_GeneratesTelemetry#NamingConvention.g.verified.cs
    - Received: TelemetrySourceGeneratorTests.Generate_GivenICacheServiceProviderTelemetry_GeneratesTelemetry#ObservableCounterAttribute.g.received.cs
      Verified: TelemetrySourceGeneratorTests.Generate_GivenICacheServiceProviderTelemetry_GeneratesTelemetry#ObservableCounterAttribute.g.verified.cs
    - Received: TelemetrySourceGeneratorTests.Generate_GivenICacheServiceProviderTelemetry_GeneratesTelemetry#ObservableGaugeAttribute.g.received.cs
      Verified: TelemetrySourceGeneratorTests.Generate_GivenICacheServiceProviderTelemetry_GeneratesTelemetry#ObservableGaugeAttribute.g.verified.cs
    - Received: TelemetrySourceGeneratorTests.Generate_GivenICacheServiceProviderTelemetry_GeneratesTelemetry#ObservableUpDownCounterAttribute.g.received.cs
      Verified: TelemetrySourceGeneratorTests.Generate_GivenICacheServiceProviderTelemetry_GeneratesTelemetry#ObservableUpDownCounterAttribute.g.verified.cs
    - Received: TelemetrySourceGeneratorTests.Generate_GivenICacheServiceProviderTelemetry_GeneratesTelemetry#Purview.Interfaces.ApplicationServices.Caching.CacheServiceProviderTelemetryCore.Activity.g.received.cs
      Verified: TelemetrySourceGeneratorTests.Generate_GivenICacheServiceProviderTelemetry_GeneratesTelemetry#Purview.Interfaces.ApplicationServices.Caching.CacheServiceProviderTelemetryCore.Activity.g.verified.cs
    - Received: TelemetrySourceGeneratorTests.Generate_GivenICacheServiceProviderTelemetry_GeneratesTelemetry#Purview.Interfaces.ApplicationServices.Caching.CacheServiceProviderTelemetryCore.Logging.g.received.cs
      Verified: TelemetrySourceGeneratorTests.Generate_GivenICacheServiceProviderTelemetry_GeneratesTelemetry#Purview.Interfaces.ApplicationServices.Caching.CacheServiceProviderTelemetryCore.Logging.g.verified.cs
    - Received: TelemetrySourceGeneratorTests.Generate_GivenICacheServiceProviderTelemetry_GeneratesTelemetry#Purview.Interfaces.ApplicationServices.Caching.CacheServiceProviderTelemetryCoreDIExtension.DependencyInjection.g.received.cs
      Verified: TelemetrySourceGeneratorTests.Generate_GivenICacheServiceProviderTelemetry_GeneratesTelemetry#Purview.Interfaces.ApplicationServices.Caching.CacheServiceProviderTelemetryCoreDIExtension.DependencyInjection.g.verified.cs
    - Received: TelemetrySourceGeneratorTests.Generate_GivenICacheServiceProviderTelemetry_GeneratesTelemetry#Purview.Telemetry.SourceGenerator.TelemetryNames.g.received.cs
      Verified: TelemetrySourceGeneratorTests.Generate_GivenICacheServiceProviderTelemetry_GeneratesTelemetry#Purview.Telemetry.SourceGenerator.TelemetryNames.g.verified.cs
    - Received: TelemetrySourceGeneratorTests.Generate_GivenICacheServiceProviderTelemetry_GeneratesTelemetry#StatusDescriptionAttribute.g.received.cs
      Verified: TelemetrySourceGeneratorTests.Generate_GivenICacheServiceProviderTelemetry_GeneratesTelemetry#StatusDescriptionAttribute.g.verified.cs
    - Received: TelemetrySourceGeneratorTests.Generate_GivenICacheServiceProviderTelemetry_GeneratesTelemetry#TagAttribute.g.received.cs
      Verified: TelemetrySourceGeneratorTests.Generate_GivenICacheServiceProviderTelemetry_GeneratesTelemetry#TagAttribute.g.verified.cs
    - Received: TelemetrySourceGeneratorTests.Generate_GivenICacheServiceProviderTelemetry_GeneratesTelemetry#Targets.g.received.cs
      Verified: TelemetrySourceGeneratorTests.Generate_GivenICacheServiceProviderTelemetry_GeneratesTelemetry#Targets.g.verified.cs
    - Received: TelemetrySourceGeneratorTests.Generate_GivenICacheServiceProviderTelemetry_GeneratesTelemetry#TelemetryGenerationAttribute.g.received.cs
      Verified: TelemetrySourceGeneratorTests.Generate_GivenICacheServiceProviderTelemetry_GeneratesTelemetry#TelemetryGenerationAttribute.g.verified.cs
    - Received: TelemetrySourceGeneratorTests.Generate_GivenICacheServiceProviderTelemetry_GeneratesTelemetry#TraceAttribute.g.received.cs
      Verified: TelemetrySourceGeneratorTests.Generate_GivenICacheServiceProviderTelemetry_GeneratesTelemetry#TraceAttribute.g.verified.cs
    - Received: TelemetrySourceGeneratorTests.Generate_GivenICacheServiceProviderTelemetry_GeneratesTelemetry#UpDownCounterAttribute.g.received.cs
      Verified: TelemetrySourceGeneratorTests.Generate_GivenICacheServiceProviderTelemetry_GeneratesTelemetry#UpDownCounterAttribute.g.verified.cs
    - Received: TelemetrySourceGeneratorTests.Generate_GivenICacheServiceProviderTelemetry_GeneratesTelemetry#WarningAttribute.g.received.cs
      Verified: TelemetrySourceGeneratorTests.Generate_GivenICacheServiceProviderTelemetry_GeneratesTelemetry#WarningAttribute.g.verified.cs
  
  Standard output
    DBG: --- Adding templates.
    DBG: Adding ActivitySourceGenerationAttribute as ActivitySourceGenerationAttribute.g.cs.
    DBG: Adding ActivitySourceAttribute as ActivitySourceAttribute.g.cs.
    DBG: Adding ActivityAttribute as ActivityAttribute.g.cs.
    DBG: Adding EventAttribute as EventAttribute.g.cs.
    DBG: Adding ContextAttribute as ContextAttribute.g.cs.
    DBG: Adding BaggageAttribute as BaggageAttribute.g.cs.
    DBG: Adding EscapeAttribute as EscapeAttribute.g.cs.
    DBG: Adding StatusDescriptionAttribute as StatusDescriptionAttribute.g.cs.
    DBG: Adding LoggerGenerationAttribute as LoggerGenerationAttribute.g.cs.
    DBG: Adding LoggerAttribute as LoggerAttribute.g.cs.
    DBG: Adding LogAttribute as LogAttribute.g.cs.
    DBG: Adding LogPrefixType as LogPrefixType.g.cs.
    DBG: Adding LoggerGenerationMode as LoggerGenerationMode.g.cs.
    DBG: Adding ExpandEnumerableAttribute as ExpandEnumerableAttribute.g.cs.
    DBG: Adding TraceAttribute as TraceAttribute.g.cs.
    DBG: Adding DebugAttribute as DebugAttribute.g.cs.
    DBG: Adding InfoAttribute as InfoAttribute.g.cs.
    DBG: Adding WarningAttribute as WarningAttribute.g.cs.
    DBG: Adding ErrorAttribute as ErrorAttribute.g.cs.
    DBG: Adding CriticalAttribute as CriticalAttribute.g.cs.
    DBG: Adding MeterGenerationAttribute as MeterGenerationAttribute.g.cs.
    DBG: Adding MeterAttribute as MeterAttribute.g.cs.
    DBG: Adding MeterNameGenerationType as MeterNameGenerationType.g.cs.
    DBG: Adding InstrumentMeasurementAttribute as InstrumentMeasurementAttribute.g.cs.
    DBG: Adding AutoCounterAttribute as AutoCounterAttribute.g.cs.
    DBG: Adding CounterAttribute as CounterAttribute.g.cs.
    DBG: Adding UpDownCounterAttribute as UpDownCounterAttribute.g.cs.
    DBG: Adding HistogramAttribute as HistogramAttribute.g.cs.
    DBG: Adding ObservableCounterAttribute as ObservableCounterAttribute.g.cs.
    DBG: Adding ObservableGaugeAttribute as ObservableGaugeAttribute.g.cs.
    DBG: Adding ObservableUpDownCounterAttribute as ObservableUpDownCounterAttribute.g.cs.
    DBG: Adding TagAttribute as TagAttribute.g.cs.
    DBG: Adding ExcludeAttribute as ExcludeAttribute.g.cs.
    DBG: Adding TelemetryGenerationAttribute as TelemetryGenerationAttribute.g.cs.
    DBG: Adding Targets as Targets.g.cs.
    DBG: Adding NamingConvention as NamingConvention.g.cs.
    DBG: Adding ExcludeTargetsAttribute as ExcludeTargetsAttribute.g.cs.
    DBG: --- Finished adding templates.
    DBG: Found attribute: Purview.Telemetry.ActivitySourceAttribute
    DBG: Defaulting to activity: FailedToDeserializePayload.
    DBG: Found Activity method ICacheServiceProviderTelemetry.FailedToDeserializePayload.
    DBG: Inferring tag: dataLength.
    DBG: Inferring tag: ex.
    DBG: Defaulting to activity: FailedToGetFromCache.
    DBG: Found Activity method ICacheServiceProviderTelemetry.FailedToGetFromCache.
    DBG: Inferring tag: key.
    DBG: Inferring tag: ex.
    DBG: Defaulting to activity: FailedToRefresh.
    DBG: Found Activity method ICacheServiceProviderTelemetry.FailedToRefresh.
    DBG: Inferring tag: cacheKey.
    DBG: Inferring tag: ex.
    DBG: Defaulting to activity: FailedToRemove.
    DBG: Found Activity method ICacheServiceProviderTelemetry.FailedToRemove.
    DBG: Inferring tag: key.
    DBG: Inferring tag: ex.
    DBG: Defaulting to activity: FailedToSerializePayload.
    DBG: Found Activity method ICacheServiceProviderTelemetry.FailedToSerializePayload.
    DBG: Inferring tag: fullName.
    DBG: Inferring tag: ex.
    DBG: Defaulting to activity: FailedToSetValueInCache.
    DBG: Found Activity method ICacheServiceProviderTelemetry.FailedToSetValueInCache.
    DBG: Inferring tag: key.
    DBG: Inferring tag: ex.
    DBG: Defaulting to activity: UsingDistributedCache.
    DBG: Found Activity method ICacheServiceProviderTelemetry.UsingDistributedCache.
    DBG: Inferring tag: fullName.
    DBG: Inferring tag: isNullCache.
    DBG: Found attribute: Purview.Telemetry.ActivityAttribute(System.Diagnostics.ActivityKind.Client)
    DBG: Found explicit activity: GetFromCache.
    DBG: Found Activity method ICacheServiceProviderTelemetry.GetFromCache.
    DBG: Found attribute: Purview.Telemetry.EventAttribute(System.Diagnostics.ActivityStatusCode.Unset)
    DBG: Found explicit event: NoValueProvided.
    DBG: Found Event method ICacheServiceProviderTelemetry.NoValueProvided.
    DBG: Found attribute: Purview.Telemetry.ActivityAttribute(System.Diagnostics.ActivityKind.Internal)
    DBG: Found explicit activity: SerializePayload.
    DBG: Found Activity method ICacheServiceProviderTelemetry.SerializePayload.
    DBG: Found explicit context: SerializePayloadResult.
    DBG: Found Context method ICacheServiceProviderTelemetry.SerializePayloadResult.
    DBG: Inferring tag: payloadStringLength.
    DBG: Found attribute: Purview.Telemetry.ActivityAttribute(System.Diagnostics.ActivityKind.Client)
    DBG: Found explicit activity: SetInCache.
    DBG: Found Activity method ICacheServiceProviderTelemetry.SetInCache.
    DBG: Found explicit context: SetDefaultTags.
    DBG: Found Context method ICacheServiceProviderTelemetry.SetDefaultTags.
    DBG: Inferring tag: distributedCacheType.
    DBG: Inferring tag: cacheKey.
    DBG: Inferring tag: entityType.
    DBG: Found attribute: Purview.Telemetry.EventAttribute(System.Diagnostics.ActivityStatusCode.Unset)
    DBG: Found explicit event: ValueCached.
    DBG: Found Event method ICacheServiceProviderTelemetry.ValueCached.
    DBG: Found attribute: Purview.Telemetry.EventAttribute(System.Diagnostics.ActivityStatusCode.Unset)
    DBG: Found explicit event: RequestingValueFromCache.
    DBG: Found Event method ICacheServiceProviderTelemetry.RequestingValueFromCache.
    DBG: Found attribute: Purview.Telemetry.EventAttribute(System.Diagnostics.ActivityStatusCode.Unset)
    DBG: Found explicit event: CacheHit.
    DBG: Found Event method ICacheServiceProviderTelemetry.CacheHit.
    DBG: Inferring tag: dataLength.
    DBG: Found attribute: Purview.Telemetry.EventAttribute(System.Diagnostics.ActivityStatusCode.Unset)
    DBG: Found explicit event: CacheMiss.
    DBG: Found Event method ICacheServiceProviderTelemetry.CacheMiss.
    DBG: Found attribute: Purview.Telemetry.ActivityAttribute(System.Diagnostics.ActivityKind.Internal)
    DBG: Found explicit activity: DeserializePayload.
    DBG: Found Activity method ICacheServiceProviderTelemetry.DeserializePayload.
    DBG: Found attribute: Purview.Telemetry.ActivityAttribute(System.Diagnostics.ActivityKind.Client)
    DBG: Found explicit activity: Refresh.
    DBG: Found Activity method ICacheServiceProviderTelemetry.Refresh.
    DBG: Found attribute: Purview.Telemetry.ActivityAttribute(System.Diagnostics.ActivityKind.Client)
    DBG: Found explicit activity: Remove.
    DBG: Found Activity method ICacheServiceProviderTelemetry.Remove.
    DBG: Activity generation target: Purview.Interfaces.ApplicationServices.Caching.CacheServiceProviderTelemetryCore
    DBG: Generating activity class for: Purview.Interfaces.ApplicationServices.Caching.CacheServiceProviderTelemetryCore
    DBG: Generating RecordExceptionInternal.
    DIA: No Activity parameter is defined on NoValueProvided.
    DIA: No Activity parameter is defined on SerializePayloadResult.
    DIA: No Activity parameter is defined on SetDefaultTags.
    DIA: No Activity parameter is defined on ValueCached.
    DIA: No Activity parameter is defined on RequestingValueFromCache.
    DIA: No Activity parameter is defined on CacheHit.
    DIA: No Activity parameter is defined on CacheMiss.
    DBG: Generating service dependency class CacheServiceProviderTelemetryCoreDIExtension for: Purview.Interfaces.ApplicationServices.Caching.ICacheServiceProviderTelemetry
    DBG: Emitting DI method for ICacheServiceProviderTelemetry.
    DBG: Found attribute: Purview.Telemetry.LoggerAttribute
    DBG: Found attribute: Purview.Telemetry.LogAttribute
    DBG: Found method ICacheServiceProviderTelemetry.FailedToDeserializePayload.
    DBG: Found 2 parameter(s) for FailedToDeserializePayload.
    DBG: Found attribute: Purview.Telemetry.LogAttribute
    DBG: Found attribute: Purview.Telemetry.LogAttribute
    DBG: Found method ICacheServiceProviderTelemetry.FailedToGetFromCache.
    DBG: Found 2 parameter(s) for FailedToGetFromCache.
    DBG: Found attribute: Purview.Telemetry.LogAttribute
    DBG: Found attribute: Purview.Telemetry.LogAttribute
    DBG: Found method ICacheServiceProviderTelemetry.FailedToRefresh.
    DBG: Found 2 parameter(s) for FailedToRefresh.
    DBG: Found attribute: Purview.Telemetry.LogAttribute
    DBG: Found attribute: Purview.Telemetry.LogAttribute
    DBG: Found method ICacheServiceProviderTelemetry.FailedToRemove.
    DBG: Found 2 parameter(s) for FailedToRemove.
    DBG: Found attribute: Purview.Telemetry.LogAttribute
    DBG: Found attribute: Purview.Telemetry.LogAttribute
    DBG: Found method ICacheServiceProviderTelemetry.FailedToSerializePayload.
    DBG: Found 2 parameter(s) for FailedToSerializePayload.
    DBG: Found attribute: Purview.Telemetry.LogAttribute
    DBG: Found attribute: Purview.Telemetry.LogAttribute
    DBG: Found method ICacheServiceProviderTelemetry.FailedToSetValueInCache.
    DBG: Found 2 parameter(s) for FailedToSetValueInCache.
    DBG: Found attribute: Purview.Telemetry.LogAttribute
    DBG: Found attribute: Purview.Telemetry.LogAttribute
    DBG: Found method ICacheServiceProviderTelemetry.UsingDistributedCache.
    DBG: Found 2 parameter(s) for UsingDistributedCache.
    DBG: Found attribute: Purview.Telemetry.LogAttribute
    DBG: Skipping ICacheServiceProviderTelemetry.GetFromCache from logging - no explicit Logging attribute on multi-target interface.
    DBG: Skipping ICacheServiceProviderTelemetry.NoValueProvided from logging - no explicit Logging attribute on multi-target interface.
    DBG: Skipping ICacheServiceProviderTelemetry.SerializePayload from logging - no explicit Logging attribute on multi-target interface.
    DBG: Skipping ICacheServiceProviderTelemetry.SerializePayloadResult from logging - no explicit Logging attribute on multi-target interface.
    DBG: Skipping ICacheServiceProviderTelemetry.SetInCache from logging - no explicit Logging attribute on multi-target interface.
    DBG: Skipping ICacheServiceProviderTelemetry.SetDefaultTags from logging - no explicit Logging attribute on multi-target interface.
    DBG: Skipping ICacheServiceProviderTelemetry.ValueCached from logging - no explicit Logging attribute on multi-target interface.
    DBG: Skipping ICacheServiceProviderTelemetry.RequestingValueFromCache from logging - no explicit Logging attribute on multi-target interface.
    DBG: Skipping ICacheServiceProviderTelemetry.CacheHit from logging - no explicit Logging attribute on multi-target interface.
    DBG: Skipping ICacheServiceProviderTelemetry.CacheMiss from logging - no explicit Logging attribute on multi-target interface.
    DBG: Skipping ICacheServiceProviderTelemetry.DeserializePayload from logging - no explicit Logging attribute on multi-target interface.
    DBG: Skipping ICacheServiceProviderTelemetry.Refresh from logging - no explicit Logging attribute on multi-target interface.
    DBG: Skipping ICacheServiceProviderTelemetry.Remove from logging - no explicit Logging attribute on multi-target interface.
    DBG: Logger generation target: Purview.Interfaces.ApplicationServices.Caching.CacheServiceProviderTelemetryCore
    DBG: Generating MS Gen-based logging class for: Purview.Interfaces.ApplicationServices.Caching.CacheServiceProviderTelemetryCore
    DIA: Inferring error log level.
    DIA: Inferring error log level.
    DIA: Inferring error log level.
    DIA: Inferring error log level.
    DIA: Inferring error log level.
    DIA: Inferring error log level.
    DBG: Building logging method: FailedToDeserializePayload
    DBG: Building logging method: FailedToDeserializePayload
    DBG: Building logging method: FailedToGetFromCache
    DBG: Building logging method: FailedToGetFromCache
    DBG: Building logging method: FailedToRefresh
    DBG: Building logging method: FailedToRefresh
    DBG: Building logging method: FailedToRemove
    DBG: Building logging method: FailedToRemove
    DBG: Building logging method: FailedToSerializePayload
    DBG: Building logging method: FailedToSerializePayload
    DBG: Building logging method: FailedToSetValueInCache
    DBG: Building logging method: FailedToSetValueInCache
    DBG: Building logging method: UsingDistributedCache
    DBG: Building logging method: UsingDistributedCache
    DBG: Skipping dependency injection emit for Logging (Activities, Logging).
    DBG: Found attribute: Purview.Telemetry.ActivitySourceAttribute
    DBG: Defaulting to activity: FailedToDeserializePayload.
    DBG: Found Activity method ICacheServiceProviderTelemetry.FailedToDeserializePayload.
    DBG: Inferring tag: dataLength.
    DBG: Inferring tag: ex.
    DBG: Defaulting to activity: FailedToGetFromCache.
    DBG: Found Activity method ICacheServiceProviderTelemetry.FailedToGetFromCache.
    DBG: Inferring tag: key.
    DBG: Inferring tag: ex.
    DBG: Defaulting to activity: FailedToRefresh.
    DBG: Found Activity method ICacheServiceProviderTelemetry.FailedToRefresh.
    DBG: Inferring tag: cacheKey.
    DBG: Inferring tag: ex.
    DBG: Defaulting to activity: FailedToRemove.
    DBG: Found Activity method ICacheServiceProviderTelemetry.FailedToRemove.
    DBG: Inferring tag: key.
    DBG: Inferring tag: ex.
    DBG: Defaulting to activity: FailedToSerializePayload.
    DBG: Found Activity method ICacheServiceProviderTelemetry.FailedToSerializePayload.
    DBG: Inferring tag: fullName.
    DBG: Inferring tag: ex.
    DBG: Defaulting to activity: FailedToSetValueInCache.
    DBG: Found Activity method ICacheServiceProviderTelemetry.FailedToSetValueInCache.
    DBG: Inferring tag: key.
    DBG: Inferring tag: ex.
    DBG: Defaulting to activity: UsingDistributedCache.
    DBG: Found Activity method ICacheServiceProviderTelemetry.UsingDistributedCache.
    DBG: Inferring tag: fullName.
    DBG: Inferring tag: isNullCache.
    DBG: Found attribute: Purview.Telemetry.ActivityAttribute(System.Diagnostics.ActivityKind.Client)
    DBG: Found explicit activity: GetFromCache.
    DBG: Found Activity method ICacheServiceProviderTelemetry.GetFromCache.
    DBG: Found attribute: Purview.Telemetry.EventAttribute(System.Diagnostics.ActivityStatusCode.Unset)
    DBG: Found explicit event: NoValueProvided.
    DBG: Found Event method ICacheServiceProviderTelemetry.NoValueProvided.
    DBG: Found attribute: Purview.Telemetry.ActivityAttribute(System.Diagnostics.ActivityKind.Internal)
    DBG: Found explicit activity: SerializePayload.
    DBG: Found Activity method ICacheServiceProviderTelemetry.SerializePayload.
    DBG: Found explicit context: SerializePayloadResult.
    DBG: Found Context method ICacheServiceProviderTelemetry.SerializePayloadResult.
    DBG: Inferring tag: payloadStringLength.
    DBG: Found attribute: Purview.Telemetry.ActivityAttribute(System.Diagnostics.ActivityKind.Client)
    DBG: Found explicit activity: SetInCache.
    DBG: Found Activity method ICacheServiceProviderTelemetry.SetInCache.
    DBG: Found explicit context: SetDefaultTags.
    DBG: Found Context method ICacheServiceProviderTelemetry.SetDefaultTags.
    DBG: Inferring tag: distributedCacheType.
    DBG: Inferring tag: cacheKey.
    DBG: Inferring tag: entityType.
    DBG: Found attribute: Purview.Telemetry.EventAttribute(System.Diagnostics.ActivityStatusCode.Unset)
    DBG: Found explicit event: ValueCached.
    DBG: Found Event method ICacheServiceProviderTelemetry.ValueCached.
    DBG: Found attribute: Purview.Telemetry.EventAttribute(System.Diagnostics.ActivityStatusCode.Unset)
    DBG: Found explicit event: RequestingValueFromCache.
    DBG: Found Event method ICacheServiceProviderTelemetry.RequestingValueFromCache.
    DBG: Found attribute: Purview.Telemetry.EventAttribute(System.Diagnostics.ActivityStatusCode.Unset)
    DBG: Found explicit event: CacheHit.
    DBG: Found Event method ICacheServiceProviderTelemetry.CacheHit.
    DBG: Inferring tag: dataLength.
    DBG: Found attribute: Purview.Telemetry.EventAttribute(System.Diagnostics.ActivityStatusCode.Unset)
    DBG: Found explicit event: CacheMiss.
    DBG: Found Event method ICacheServiceProviderTelemetry.CacheMiss.
    DBG: Found attribute: Purview.Telemetry.ActivityAttribute(System.Diagnostics.ActivityKind.Internal)
    DBG: Found explicit activity: DeserializePayload.
    DBG: Found Activity method ICacheServiceProviderTelemetry.DeserializePayload.
    DBG: Found attribute: Purview.Telemetry.ActivityAttribute(System.Diagnostics.ActivityKind.Client)
    DBG: Found explicit activity: Refresh.
    DBG: Found Activity method ICacheServiceProviderTelemetry.Refresh.
    DBG: Found attribute: Purview.Telemetry.ActivityAttribute(System.Diagnostics.ActivityKind.Client)
    DBG: Found explicit activity: Remove.
    DBG: Found Activity method ICacheServiceProviderTelemetry.Remove.
    DBG: Generating Telemetry Names using class 'TelemetryNames'.
    
  Error output
failed Generate_GivenObservableMetricReturningBool_RaisesDiagnostic (6s 778ms)
  [Test Failure] VerifyException: Directory: P:\GitHub\kjldev\purview-telemetry-sourcegenerator\src\Purview.Telemetry.SourceGenerator.IntegrationTests\Snapshots
Delete:
  - TelemetrySourceGeneratorTests.Generate_GivenObservableMetricReturningBool_RaisesDiagnostic.verified.txt
Equal:
  - Received: TelemetrySourceGeneratorTests.Generate_GivenObservableMetricReturningBool_RaisesDiagnostic#ActivityAttribute.g.received.cs
    Verified: TelemetrySourceGeneratorTests.Generate_GivenObservableMetricReturningBool_RaisesDiagnostic#ActivityAttribute.g.verified.cs
  - Received: TelemetrySourceGeneratorTests.Generate_GivenObservableMetricReturningBool_RaisesDiagnostic#ActivitySourceAttribute.g.received.cs
    Verified: TelemetrySourceGeneratorTests.Generate_GivenObservableMetricReturningBool_RaisesDiagnostic#ActivitySourceAttribute.g.verified.cs
  - Received: TelemetrySourceGeneratorTests.Generate_GivenObservableMetricReturningBool_RaisesDiagnostic#ActivitySourceGenerationAttribute.g.received.cs
    Verified: TelemetrySourceGeneratorTests.Generate_GivenObservableMetricReturningBool_RaisesDiagnostic#ActivitySourceGenerationAttribute.g.verified.cs
  - Received: TelemetrySourceGeneratorTests.Generate_GivenObservableMetricReturningBool_RaisesDiagnostic#AutoCounterAttribute.g.received.cs
    Verified: TelemetrySourceGeneratorTests.Generate_GivenObservableMetricReturningBool_RaisesDiagnostic#AutoCounterAttribute.g.verified.cs
  - Received: TelemetrySourceGeneratorTests.Generate_GivenObservableMetricReturningBool_RaisesDiagnostic#BaggageAttribute.g.received.cs
    Verified: TelemetrySourceGeneratorTests.Generate_GivenObservableMetricReturningBool_RaisesDiagnostic#BaggageAttribute.g.verified.cs
  - Received: TelemetrySourceGeneratorTests.Generate_GivenObservableMetricReturningBool_RaisesDiagnostic#ContextAttribute.g.received.cs
    Verified: TelemetrySourceGeneratorTests.Generate_GivenObservableMetricReturningBool_RaisesDiagnostic#ContextAttribute.g.verified.cs
  - Received: TelemetrySourceGeneratorTests.Generate_GivenObservableMetricReturningBool_RaisesDiagnostic#CounterAttribute.g.received.cs
    Verified: TelemetrySourceGeneratorTests.Generate_GivenObservableMetricReturningBool_RaisesDiagnostic#CounterAttribute.g.verified.cs
  - Received: TelemetrySourceGeneratorTests.Generate_GivenObservableMetricReturningBool_RaisesDiagnostic#CriticalAttribute.g.received.cs
    Verified: TelemetrySourceGeneratorTests.Generate_GivenObservableMetricReturningBool_RaisesDiagnostic#CriticalAttribute.g.verified.cs
  - Received: TelemetrySourceGeneratorTests.Generate_GivenObservableMetricReturningBool_RaisesDiagnostic#DebugAttribute.g.received.cs
    Verified: TelemetrySourceGeneratorTests.Generate_GivenObservableMetricReturningBool_RaisesDiagnostic#DebugAttribute.g.verified.cs
  - Received: TelemetrySourceGeneratorTests.Generate_GivenObservableMetricReturningBool_RaisesDiagnostic#ErrorAttribute.g.received.cs
    Verified: TelemetrySourceGeneratorTests.Generate_GivenObservableMetricReturningBool_RaisesDiagnostic#ErrorAttribute.g.verified.cs
  - Received: TelemetrySourceGeneratorTests.Generate_GivenObservableMetricReturningBool_RaisesDiagnostic#EscapeAttribute.g.received.cs
    Verified: TelemetrySourceGeneratorTests.Generate_GivenObservableMetricReturningBool_RaisesDiagnostic#EscapeAttribute.g.verified.cs
  - Received: TelemetrySourceGeneratorTests.Generate_GivenObservableMetricReturningBool_RaisesDiagnostic#EventAttribute.g.received.cs
    Verified: TelemetrySourceGeneratorTests.Generate_GivenObservableMetricReturningBool_RaisesDiagnostic#EventAttribute.g.verified.cs
  - Received: TelemetrySourceGeneratorTests.Generate_GivenObservableMetricReturningBool_RaisesDiagnostic#ExcludeAttribute.g.received.cs
    Verified: TelemetrySourceGeneratorTests.Generate_GivenObservableMetricReturningBool_RaisesDiagnostic#ExcludeAttribute.g.verified.cs
  - Received: TelemetrySourceGeneratorTests.Generate_GivenObservableMetricReturningBool_RaisesDiagnostic#ExcludeTargetsAttribute.g.received.cs
    Verified: TelemetrySourceGeneratorTests.Generate_GivenObservableMetricReturningBool_RaisesDiagnostic#ExcludeTargetsAttribute.g.verified.cs
  - Received: TelemetrySourceGeneratorTests.Generate_GivenObservableMetricReturningBool_RaisesDiagnostic#ExpandEnumerableAttribute.g.received.cs
    Verified: TelemetrySourceGeneratorTests.Generate_GivenObservableMetricReturningBool_RaisesDiagnostic#ExpandEnumerableAttribute.g.verified.cs
  - Received: TelemetrySourceGeneratorTests.Generate_GivenObservableMetricReturningBool_RaisesDiagnostic#HistogramAttribute.g.received.cs
    Verified: TelemetrySourceGeneratorTests.Generate_GivenObservableMetricReturningBool_RaisesDiagnostic#HistogramAttribute.g.verified.cs
  - Received: TelemetrySourceGeneratorTests.Generate_GivenObservableMetricReturningBool_RaisesDiagnostic#InfoAttribute.g.received.cs
    Verified: TelemetrySourceGeneratorTests.Generate_GivenObservableMetricReturningBool_RaisesDiagnostic#InfoAttribute.g.verified.cs
  - Received: TelemetrySourceGeneratorTests.Generate_GivenObservableMetricReturningBool_RaisesDiagnostic#InstrumentMeasurementAttribute.g.received.cs
    Verified: TelemetrySourceGeneratorTests.Generate_GivenObservableMetricReturningBool_RaisesDiagnostic#InstrumentMeasurementAttribute.g.verified.cs
  - Received: TelemetrySourceGeneratorTests.Generate_GivenObservableMetricReturningBool_RaisesDiagnostic#LogAttribute.g.received.cs
    Verified: TelemetrySourceGeneratorTests.Generate_GivenObservableMetricReturningBool_RaisesDiagnostic#LogAttribute.g.verified.cs
  - Received: TelemetrySourceGeneratorTests.Generate_GivenObservableMetricReturningBool_RaisesDiagnostic#LoggerAttribute.g.received.cs
    Verified: TelemetrySourceGeneratorTests.Generate_GivenObservableMetricReturningBool_RaisesDiagnostic#LoggerAttribute.g.verified.cs
  - Received: TelemetrySourceGeneratorTests.Generate_GivenObservableMetricReturningBool_RaisesDiagnostic#LoggerGenerationAttribute.g.received.cs
    Verified: TelemetrySourceGeneratorTests.Generate_GivenObservableMetricReturningBool_RaisesDiagnostic#LoggerGenerationAttribute.g.verified.cs
  - Received: TelemetrySourceGeneratorTests.Generate_GivenObservableMetricReturningBool_RaisesDiagnostic#LoggerGenerationMode.g.received.cs
    Verified: TelemetrySourceGeneratorTests.Generate_GivenObservableMetricReturningBool_RaisesDiagnostic#LoggerGenerationMode.g.verified.cs
  - Received: TelemetrySourceGeneratorTests.Generate_GivenObservableMetricReturningBool_RaisesDiagnostic#LogPrefixType.g.received.cs
    Verified: TelemetrySourceGeneratorTests.Generate_GivenObservableMetricReturningBool_RaisesDiagnostic#LogPrefixType.g.verified.cs
  - Received: TelemetrySourceGeneratorTests.Generate_GivenObservableMetricReturningBool_RaisesDiagnostic#MeterAttribute.g.received.cs
    Verified: TelemetrySourceGeneratorTests.Generate_GivenObservableMetricReturningBool_RaisesDiagnostic#MeterAttribute.g.verified.cs
  - Received: TelemetrySourceGeneratorTests.Generate_GivenObservableMetricReturningBool_RaisesDiagnostic#MeterGenerationAttribute.g.received.cs
    Verified: TelemetrySourceGeneratorTests.Generate_GivenObservableMetricReturningBool_RaisesDiagnostic#MeterGenerationAttribute.g.verified.cs
  - Received: TelemetrySourceGeneratorTests.Generate_GivenObservableMetricReturningBool_RaisesDiagnostic#MeterNameGenerationType.g.received.cs
    Verified: TelemetrySourceGeneratorTests.Generate_GivenObservableMetricReturningBool_RaisesDiagnostic#MeterNameGenerationType.g.verified.cs
  - Received: TelemetrySourceGeneratorTests.Generate_GivenObservableMetricReturningBool_RaisesDiagnostic#NamingConvention.g.received.cs
    Verified: TelemetrySourceGeneratorTests.Generate_GivenObservableMetricReturningBool_RaisesDiagnostic#NamingConvention.g.verified.cs
  - Received: TelemetrySourceGeneratorTests.Generate_GivenObservableMetricReturningBool_RaisesDiagnostic#ObservableCounterAttribute.g.received.cs
    Verified: TelemetrySourceGeneratorTests.Generate_GivenObservableMetricReturningBool_RaisesDiagnostic#ObservableCounterAttribute.g.verified.cs
  - Received: TelemetrySourceGeneratorTests.Generate_GivenObservableMetricReturningBool_RaisesDiagnostic#ObservableGaugeAttribute.g.received.cs
    Verified: TelemetrySourceGeneratorTests.Generate_GivenObservableMetricReturningBool_RaisesDiagnostic#ObservableGaugeAttribute.g.verified.cs
  - Received: TelemetrySourceGeneratorTests.Generate_GivenObservableMetricReturningBool_RaisesDiagnostic#ObservableUpDownCounterAttribute.g.received.cs
    Verified: TelemetrySourceGeneratorTests.Generate_GivenObservableMetricReturningBool_RaisesDiagnostic#ObservableUpDownCounterAttribute.g.verified.cs
  - Received: TelemetrySourceGeneratorTests.Generate_GivenObservableMetricReturningBool_RaisesDiagnostic#Purview.Telemetry.SourceGenerator.TelemetryNames.g.received.cs
    Verified: TelemetrySourceGeneratorTests.Generate_GivenObservableMetricReturningBool_RaisesDiagnostic#Purview.Telemetry.SourceGenerator.TelemetryNames.g.verified.cs
  - Received: TelemetrySourceGeneratorTests.Generate_GivenObservableMetricReturningBool_RaisesDiagnostic#StatusDescriptionAttribute.g.received.cs
    Verified: TelemetrySourceGeneratorTests.Generate_GivenObservableMetricReturningBool_RaisesDiagnostic#StatusDescriptionAttribute.g.verified.cs
  - Received: TelemetrySourceGeneratorTests.Generate_GivenObservableMetricReturningBool_RaisesDiagnostic#TagAttribute.g.received.cs
    Verified: TelemetrySourceGeneratorTests.Generate_GivenObservableMetricReturningBool_RaisesDiagnostic#TagAttribute.g.verified.cs
  - Received: TelemetrySourceGeneratorTests.Generate_GivenObservableMetricReturningBool_RaisesDiagnostic#Targets.g.received.cs
    Verified: TelemetrySourceGeneratorTests.Generate_GivenObservableMetricReturningBool_RaisesDiagnostic#Targets.g.verified.cs
  - Received: TelemetrySourceGeneratorTests.Generate_GivenObservableMetricReturningBool_RaisesDiagnostic#TelemetryGenerationAttribute.g.received.cs
    Verified: TelemetrySourceGeneratorTests.Generate_GivenObservableMetricReturningBool_RaisesDiagnostic#TelemetryGenerationAttribute.g.verified.cs
  - Received: TelemetrySourceGeneratorTests.Generate_GivenObservableMetricReturningBool_RaisesDiagnostic#Testing.InvalidTelemetryCore.Metric.g.received.cs
    Verified: TelemetrySourceGeneratorTests.Generate_GivenObservableMetricReturningBool_RaisesDiagnostic#Testing.InvalidTelemetryCore.Metric.g.verified.cs
  - Received: TelemetrySourceGeneratorTests.Generate_GivenObservableMetricReturningBool_RaisesDiagnostic#TraceAttribute.g.received.cs
    Verified: TelemetrySourceGeneratorTests.Generate_GivenObservableMetricReturningBool_RaisesDiagnostic#TraceAttribute.g.verified.cs
  - Received: TelemetrySourceGeneratorTests.Generate_GivenObservableMetricReturningBool_RaisesDiagnostic#UpDownCounterAttribute.g.received.cs
    Verified: TelemetrySourceGeneratorTests.Generate_GivenObservableMetricReturningBool_RaisesDiagnostic#UpDownCounterAttribute.g.verified.cs
  - Received: TelemetrySourceGeneratorTests.Generate_GivenObservableMetricReturningBool_RaisesDiagnostic#WarningAttribute.g.received.cs
    Verified: TelemetrySourceGeneratorTests.Generate_GivenObservableMetricReturningBool_RaisesDiagnostic#WarningAttribute.g.verified.cs

  from P:\GitHub\kjldev\purview-telemetry-sourcegenerator\src\Purview.Telemetry.SourceGenerator.IntegrationTests\bin\Release\net10.0\Purview.Telemetry.SourceGenerator.IntegrationTests.dll (net10.0|x64)
  TUnit.Engine.Exceptions.TestFailedException: [Test Failure] VerifyException: Directory: P:\GitHub\kjldev\purview-telemetry-sourcegenerator\src\Purview.Telemetry.SourceGenerator.IntegrationTests\Snapshots
  Delete:
    - TelemetrySourceGeneratorTests.Generate_GivenObservableMetricReturningBool_RaisesDiagnostic.verified.txt
  Equal:
    - Received: TelemetrySourceGeneratorTests.Generate_GivenObservableMetricReturningBool_RaisesDiagnostic#ActivityAttribute.g.received.cs
      Verified: TelemetrySourceGeneratorTests.Generate_GivenObservableMetricReturningBool_RaisesDiagnostic#ActivityAttribute.g.verified.cs
    - Received: TelemetrySourceGeneratorTests.Generate_GivenObservableMetricReturningBool_RaisesDiagnostic#ActivitySourceAttribute.g.received.cs
      Verified: TelemetrySourceGeneratorTests.Generate_GivenObservableMetricReturningBool_RaisesDiagnostic#ActivitySourceAttribute.g.verified.cs
    - Received: TelemetrySourceGeneratorTests.Generate_GivenObservableMetricReturningBool_RaisesDiagnostic#ActivitySourceGenerationAttribute.g.received.cs
      Verified: TelemetrySourceGeneratorTests.Generate_GivenObservableMetricReturningBool_RaisesDiagnostic#ActivitySourceGenerationAttribute.g.verified.cs
    - Received: TelemetrySourceGeneratorTests.Generate_GivenObservableMetricReturningBool_RaisesDiagnostic#AutoCounterAttribute.g.received.cs
      Verified: TelemetrySourceGeneratorTests.Generate_GivenObservableMetricReturningBool_RaisesDiagnostic#AutoCounterAttribute.g.verified.cs
    - Received: TelemetrySourceGeneratorTests.Generate_GivenObservableMetricReturningBool_RaisesDiagnostic#BaggageAttribute.g.received.cs
      Verified: TelemetrySourceGeneratorTests.Generate_GivenObservableMetricReturningBool_RaisesDiagnostic#BaggageAttribute.g.verified.cs
    - Received: TelemetrySourceGeneratorTests.Generate_GivenObservableMetricReturningBool_RaisesDiagnostic#ContextAttribute.g.received.cs
      Verified: TelemetrySourceGeneratorTests.Generate_GivenObservableMetricReturningBool_RaisesDiagnostic#ContextAttribute.g.verified.cs
    - Received: TelemetrySourceGeneratorTests.Generate_GivenObservableMetricReturningBool_RaisesDiagnostic#CounterAttribute.g.received.cs
      Verified: TelemetrySourceGeneratorTests.Generate_GivenObservableMetricReturningBool_RaisesDiagnostic#CounterAttribute.g.verified.cs
    - Received: TelemetrySourceGeneratorTests.Generate_GivenObservableMetricReturningBool_RaisesDiagnostic#CriticalAttribute.g.received.cs
      Verified: TelemetrySourceGeneratorTests.Generate_GivenObservableMetricReturningBool_RaisesDiagnostic#CriticalAttribute.g.verified.cs
    - Received: TelemetrySourceGeneratorTests.Generate_GivenObservableMetricReturningBool_RaisesDiagnostic#DebugAttribute.g.received.cs
      Verified: TelemetrySourceGeneratorTests.Generate_GivenObservableMetricReturningBool_RaisesDiagnostic#DebugAttribute.g.verified.cs
    - Received: TelemetrySourceGeneratorTests.Generate_GivenObservableMetricReturningBool_RaisesDiagnostic#ErrorAttribute.g.received.cs
      Verified: TelemetrySourceGeneratorTests.Generate_GivenObservableMetricReturningBool_RaisesDiagnostic#ErrorAttribute.g.verified.cs
    - Received: TelemetrySourceGeneratorTests.Generate_GivenObservableMetricReturningBool_RaisesDiagnostic#EscapeAttribute.g.received.cs
      Verified: TelemetrySourceGeneratorTests.Generate_GivenObservableMetricReturningBool_RaisesDiagnostic#EscapeAttribute.g.verified.cs
    - Received: TelemetrySourceGeneratorTests.Generate_GivenObservableMetricReturningBool_RaisesDiagnostic#EventAttribute.g.received.cs
      Verified: TelemetrySourceGeneratorTests.Generate_GivenObservableMetricReturningBool_RaisesDiagnostic#EventAttribute.g.verified.cs
    - Received: TelemetrySourceGeneratorTests.Generate_GivenObservableMetricReturningBool_RaisesDiagnostic#ExcludeAttribute.g.received.cs
      Verified: TelemetrySourceGeneratorTests.Generate_GivenObservableMetricReturningBool_RaisesDiagnostic#ExcludeAttribute.g.verified.cs
    - Received: TelemetrySourceGeneratorTests.Generate_GivenObservableMetricReturningBool_RaisesDiagnostic#ExcludeTargetsAttribute.g.received.cs
      Verified: TelemetrySourceGeneratorTests.Generate_GivenObservableMetricReturningBool_RaisesDiagnostic#ExcludeTargetsAttribute.g.verified.cs
    - Received: TelemetrySourceGeneratorTests.Generate_GivenObservableMetricReturningBool_RaisesDiagnostic#ExpandEnumerableAttribute.g.received.cs
      Verified: TelemetrySourceGeneratorTests.Generate_GivenObservableMetricReturningBool_RaisesDiagnostic#ExpandEnumerableAttribute.g.verified.cs
    - Received: TelemetrySourceGeneratorTests.Generate_GivenObservableMetricReturningBool_RaisesDiagnostic#HistogramAttribute.g.received.cs
      Verified: TelemetrySourceGeneratorTests.Generate_GivenObservableMetricReturningBool_RaisesDiagnostic#HistogramAttribute.g.verified.cs
    - Received: TelemetrySourceGeneratorTests.Generate_GivenObservableMetricReturningBool_RaisesDiagnostic#InfoAttribute.g.received.cs
      Verified: TelemetrySourceGeneratorTests.Generate_GivenObservableMetricReturningBool_RaisesDiagnostic#InfoAttribute.g.verified.cs
    - Received: TelemetrySourceGeneratorTests.Generate_GivenObservableMetricReturningBool_RaisesDiagnostic#InstrumentMeasurementAttribute.g.received.cs
      Verified: TelemetrySourceGeneratorTests.Generate_GivenObservableMetricReturningBool_RaisesDiagnostic#InstrumentMeasurementAttribute.g.verified.cs
    - Received: TelemetrySourceGeneratorTests.Generate_GivenObservableMetricReturningBool_RaisesDiagnostic#LogAttribute.g.received.cs
      Verified: TelemetrySourceGeneratorTests.Generate_GivenObservableMetricReturningBool_RaisesDiagnostic#LogAttribute.g.verified.cs
    - Received: TelemetrySourceGeneratorTests.Generate_GivenObservableMetricReturningBool_RaisesDiagnostic#LoggerAttribute.g.received.cs
      Verified: TelemetrySourceGeneratorTests.Generate_GivenObservableMetricReturningBool_RaisesDiagnostic#LoggerAttribute.g.verified.cs
    - Received: TelemetrySourceGeneratorTests.Generate_GivenObservableMetricReturningBool_RaisesDiagnostic#LoggerGenerationAttribute.g.received.cs
      Verified: TelemetrySourceGeneratorTests.Generate_GivenObservableMetricReturningBool_RaisesDiagnostic#LoggerGenerationAttribute.g.verified.cs
    - Received: TelemetrySourceGeneratorTests.Generate_GivenObservableMetricReturningBool_RaisesDiagnostic#LoggerGenerationMode.g.received.cs
      Verified: TelemetrySourceGeneratorTests.Generate_GivenObservableMetricReturningBool_RaisesDiagnostic#LoggerGenerationMode.g.verified.cs
    - Received: TelemetrySourceGeneratorTests.Generate_GivenObservableMetricReturningBool_RaisesDiagnostic#LogPrefixType.g.received.cs
      Verified: TelemetrySourceGeneratorTests.Generate_GivenObservableMetricReturningBool_RaisesDiagnostic#LogPrefixType.g.verified.cs
    - Received: TelemetrySourceGeneratorTests.Generate_GivenObservableMetricReturningBool_RaisesDiagnostic#MeterAttribute.g.received.cs
      Verified: TelemetrySourceGeneratorTests.Generate_GivenObservableMetricReturningBool_RaisesDiagnostic#MeterAttribute.g.verified.cs
    - Received: TelemetrySourceGeneratorTests.Generate_GivenObservableMetricReturningBool_RaisesDiagnostic#MeterGenerationAttribute.g.received.cs
      Verified: TelemetrySourceGeneratorTests.Generate_GivenObservableMetricReturningBool_RaisesDiagnostic#MeterGenerationAttribute.g.verified.cs
    - Received: TelemetrySourceGeneratorTests.Generate_GivenObservableMetricReturningBool_RaisesDiagnostic#MeterNameGenerationType.g.received.cs
      Verified: TelemetrySourceGeneratorTests.Generate_GivenObservableMetricReturningBool_RaisesDiagnostic#MeterNameGenerationType.g.verified.cs
    - Received: TelemetrySourceGeneratorTests.Generate_GivenObservableMetricReturningBool_RaisesDiagnostic#NamingConvention.g.received.cs
      Verified: TelemetrySourceGeneratorTests.Generate_GivenObservableMetricReturningBool_RaisesDiagnostic#NamingConvention.g.verified.cs
    - Received: TelemetrySourceGeneratorTests.Generate_GivenObservableMetricReturningBool_RaisesDiagnostic#ObservableCounterAttribute.g.received.cs
      Verified: TelemetrySourceGeneratorTests.Generate_GivenObservableMetricReturningBool_RaisesDiagnostic#ObservableCounterAttribute.g.verified.cs
    - Received: TelemetrySourceGeneratorTests.Generate_GivenObservableMetricReturningBool_RaisesDiagnostic#ObservableGaugeAttribute.g.received.cs
      Verified: TelemetrySourceGeneratorTests.Generate_GivenObservableMetricReturningBool_RaisesDiagnostic#ObservableGaugeAttribute.g.verified.cs
    - Received: TelemetrySourceGeneratorTests.Generate_GivenObservableMetricReturningBool_RaisesDiagnostic#ObservableUpDownCounterAttribute.g.received.cs
      Verified: TelemetrySourceGeneratorTests.Generate_GivenObservableMetricReturningBool_RaisesDiagnostic#ObservableUpDownCounterAttribute.g.verified.cs
    - Received: TelemetrySourceGeneratorTests.Generate_GivenObservableMetricReturningBool_RaisesDiagnostic#Purview.Telemetry.SourceGenerator.TelemetryNames.g.received.cs
      Verified: TelemetrySourceGeneratorTests.Generate_GivenObservableMetricReturningBool_RaisesDiagnostic#Purview.Telemetry.SourceGenerator.TelemetryNames.g.verified.cs
    - Received: TelemetrySourceGeneratorTests.Generate_GivenObservableMetricReturningBool_RaisesDiagnostic#StatusDescriptionAttribute.g.received.cs
      Verified: TelemetrySourceGeneratorTests.Generate_GivenObservableMetricReturningBool_RaisesDiagnostic#StatusDescriptionAttribute.g.verified.cs
    - Received: TelemetrySourceGeneratorTests.Generate_GivenObservableMetricReturningBool_RaisesDiagnostic#TagAttribute.g.received.cs
      Verified: TelemetrySourceGeneratorTests.Generate_GivenObservableMetricReturningBool_RaisesDiagnostic#TagAttribute.g.verified.cs
    - Received: TelemetrySourceGeneratorTests.Generate_GivenObservableMetricReturningBool_RaisesDiagnostic#Targets.g.received.cs
      Verified: TelemetrySourceGeneratorTests.Generate_GivenObservableMetricReturningBool_RaisesDiagnostic#Targets.g.verified.cs
    - Received: TelemetrySourceGeneratorTests.Generate_GivenObservableMetricReturningBool_RaisesDiagnostic#TelemetryGenerationAttribute.g.received.cs
      Verified: TelemetrySourceGeneratorTests.Generate_GivenObservableMetricReturningBool_RaisesDiagnostic#TelemetryGenerationAttribute.g.verified.cs
    - Received: TelemetrySourceGeneratorTests.Generate_GivenObservableMetricReturningBool_RaisesDiagnostic#Testing.InvalidTelemetryCore.Metric.g.received.cs
      Verified: TelemetrySourceGeneratorTests.Generate_GivenObservableMetricReturningBool_RaisesDiagnostic#Testing.InvalidTelemetryCore.Metric.g.verified.cs
    - Received: TelemetrySourceGeneratorTests.Generate_GivenObservableMetricReturningBool_RaisesDiagnostic#TraceAttribute.g.received.cs
      Verified: TelemetrySourceGeneratorTests.Generate_GivenObservableMetricReturningBool_RaisesDiagnostic#TraceAttribute.g.verified.cs
    - Received: TelemetrySourceGeneratorTests.Generate_GivenObservableMetricReturningBool_RaisesDiagnostic#UpDownCounterAttribute.g.received.cs
      Verified: TelemetrySourceGeneratorTests.Generate_GivenObservableMetricReturningBool_RaisesDiagnostic#UpDownCounterAttribute.g.verified.cs
    - Received: TelemetrySourceGeneratorTests.Generate_GivenObservableMetricReturningBool_RaisesDiagnostic#WarningAttribute.g.received.cs
      Verified: TelemetrySourceGeneratorTests.Generate_GivenObservableMetricReturningBool_RaisesDiagnostic#WarningAttribute.g.verified.cs
  
  Standard output
    DBG: --- Adding templates.
    DBG: Adding ActivitySourceGenerationAttribute as ActivitySourceGenerationAttribute.g.cs.
    DBG: Adding ActivitySourceAttribute as ActivitySourceAttribute.g.cs.
    DBG: Adding ActivityAttribute as ActivityAttribute.g.cs.
    DBG: Adding EventAttribute as EventAttribute.g.cs.
    DBG: Adding ContextAttribute as ContextAttribute.g.cs.
    DBG: Adding BaggageAttribute as BaggageAttribute.g.cs.
    DBG: Adding EscapeAttribute as EscapeAttribute.g.cs.
    DBG: Adding StatusDescriptionAttribute as StatusDescriptionAttribute.g.cs.
    DBG: Adding LoggerGenerationAttribute as LoggerGenerationAttribute.g.cs.
    DBG: Adding LoggerAttribute as LoggerAttribute.g.cs.
    DBG: Adding LogAttribute as LogAttribute.g.cs.
    DBG: Adding LogPrefixType as LogPrefixType.g.cs.
    DBG: Adding LoggerGenerationMode as LoggerGenerationMode.g.cs.
    DBG: Adding ExpandEnumerableAttribute as ExpandEnumerableAttribute.g.cs.
    DBG: Adding TraceAttribute as TraceAttribute.g.cs.
    DBG: Adding DebugAttribute as DebugAttribute.g.cs.
    DBG: Adding InfoAttribute as InfoAttribute.g.cs.
    DBG: Adding WarningAttribute as WarningAttribute.g.cs.
    DBG: Adding ErrorAttribute as ErrorAttribute.g.cs.
    DBG: Adding CriticalAttribute as CriticalAttribute.g.cs.
    DBG: Adding MeterGenerationAttribute as MeterGenerationAttribute.g.cs.
    DBG: Adding MeterAttribute as MeterAttribute.g.cs.
    DBG: Adding MeterNameGenerationType as MeterNameGenerationType.g.cs.
    DBG: Adding InstrumentMeasurementAttribute as InstrumentMeasurementAttribute.g.cs.
    DBG: Adding AutoCounterAttribute as AutoCounterAttribute.g.cs.
    DBG: Adding CounterAttribute as CounterAttribute.g.cs.
    DBG: Adding UpDownCounterAttribute as UpDownCounterAttribute.g.cs.
    DBG: Adding HistogramAttribute as HistogramAttribute.g.cs.
    DBG: Adding ObservableCounterAttribute as ObservableCounterAttribute.g.cs.
    DBG: Adding ObservableGaugeAttribute as ObservableGaugeAttribute.g.cs.
    DBG: Adding ObservableUpDownCounterAttribute as ObservableUpDownCounterAttribute.g.cs.
    DBG: Adding TagAttribute as TagAttribute.g.cs.
    DBG: Adding ExcludeAttribute as ExcludeAttribute.g.cs.
    DBG: Adding TelemetryGenerationAttribute as TelemetryGenerationAttribute.g.cs.
    DBG: Adding Targets as Targets.g.cs.
    DBG: Adding NamingConvention as NamingConvention.g.cs.
    DBG: Adding ExcludeTargetsAttribute as ExcludeTargetsAttribute.g.cs.
    DBG: --- Finished adding templates.
    DBG: Found attribute: Purview.Telemetry.MeterAttribute("testing-meter")
    DBG: Found attribute: Purview.Telemetry.TelemetryGenerationAttribute(GenerateDependencyExtension = false)
    DBG: Found possible instrument method IInvalidTelemetry.InvalidObservableReturn.
    DBG: Found attribute: Purview.Telemetry.ObservableCounterAttribute
    DBG: Found valid instrument type: Func -> int
    DBG: Meter generation target: Testing.InvalidTelemetryCore
    DBG: Generating metric class for: Testing.InvalidTelemetryCore
    DBG: Emitting fields for InvalidTelemetryCore
    DBG: Emitting partial method for populating tags: PopulateMeterTags.
    DBG: Emitting instrument method: InvalidObservableReturn.
    DBG: Skipping dependency injection emit.
    DBG: Found attribute: Purview.Telemetry.MeterAttribute("testing-meter")
    DBG: Found attribute: Purview.Telemetry.TelemetryGenerationAttribute(GenerateDependencyExtension = false)
    DBG: Found possible instrument method IInvalidTelemetry.InvalidObservableReturn.
    DBG: Found attribute: Purview.Telemetry.ObservableCounterAttribute
    DBG: Found valid instrument type: Func -> int
    DBG: Generating Telemetry Names using class 'TelemetryNames'.
    
  Error output
failed Generate_GivenAutoCounterReturningBool_RaisesDiagnostic (7s 028ms)
  [Test Failure] VerifyException: Directory: P:\GitHub\kjldev\purview-telemetry-sourcegenerator\src\Purview.Telemetry.SourceGenerator.IntegrationTests\Snapshots
Delete:
  - TelemetrySourceGeneratorTests.Generate_GivenAutoCounterReturningBool_RaisesDiagnostic.verified.txt
Equal:
  - Received: TelemetrySourceGeneratorTests.Generate_GivenAutoCounterReturningBool_RaisesDiagnostic#ActivityAttribute.g.received.cs
    Verified: TelemetrySourceGeneratorTests.Generate_GivenAutoCounterReturningBool_RaisesDiagnostic#ActivityAttribute.g.verified.cs
  - Received: TelemetrySourceGeneratorTests.Generate_GivenAutoCounterReturningBool_RaisesDiagnostic#ActivitySourceAttribute.g.received.cs
    Verified: TelemetrySourceGeneratorTests.Generate_GivenAutoCounterReturningBool_RaisesDiagnostic#ActivitySourceAttribute.g.verified.cs
  - Received: TelemetrySourceGeneratorTests.Generate_GivenAutoCounterReturningBool_RaisesDiagnostic#ActivitySourceGenerationAttribute.g.received.cs
    Verified: TelemetrySourceGeneratorTests.Generate_GivenAutoCounterReturningBool_RaisesDiagnostic#ActivitySourceGenerationAttribute.g.verified.cs
  - Received: TelemetrySourceGeneratorTests.Generate_GivenAutoCounterReturningBool_RaisesDiagnostic#AutoCounterAttribute.g.received.cs
    Verified: TelemetrySourceGeneratorTests.Generate_GivenAutoCounterReturningBool_RaisesDiagnostic#AutoCounterAttribute.g.verified.cs
  - Received: TelemetrySourceGeneratorTests.Generate_GivenAutoCounterReturningBool_RaisesDiagnostic#BaggageAttribute.g.received.cs
    Verified: TelemetrySourceGeneratorTests.Generate_GivenAutoCounterReturningBool_RaisesDiagnostic#BaggageAttribute.g.verified.cs
  - Received: TelemetrySourceGeneratorTests.Generate_GivenAutoCounterReturningBool_RaisesDiagnostic#ContextAttribute.g.received.cs
    Verified: TelemetrySourceGeneratorTests.Generate_GivenAutoCounterReturningBool_RaisesDiagnostic#ContextAttribute.g.verified.cs
  - Received: TelemetrySourceGeneratorTests.Generate_GivenAutoCounterReturningBool_RaisesDiagnostic#CounterAttribute.g.received.cs
    Verified: TelemetrySourceGeneratorTests.Generate_GivenAutoCounterReturningBool_RaisesDiagnostic#CounterAttribute.g.verified.cs
  - Received: TelemetrySourceGeneratorTests.Generate_GivenAutoCounterReturningBool_RaisesDiagnostic#CriticalAttribute.g.received.cs
    Verified: TelemetrySourceGeneratorTests.Generate_GivenAutoCounterReturningBool_RaisesDiagnostic#CriticalAttribute.g.verified.cs
  - Received: TelemetrySourceGeneratorTests.Generate_GivenAutoCounterReturningBool_RaisesDiagnostic#DebugAttribute.g.received.cs
    Verified: TelemetrySourceGeneratorTests.Generate_GivenAutoCounterReturningBool_RaisesDiagnostic#DebugAttribute.g.verified.cs
  - Received: TelemetrySourceGeneratorTests.Generate_GivenAutoCounterReturningBool_RaisesDiagnostic#ErrorAttribute.g.received.cs
    Verified: TelemetrySourceGeneratorTests.Generate_GivenAutoCounterReturningBool_RaisesDiagnostic#ErrorAttribute.g.verified.cs
  - Received: TelemetrySourceGeneratorTests.Generate_GivenAutoCounterReturningBool_RaisesDiagnostic#EscapeAttribute.g.received.cs
    Verified: TelemetrySourceGeneratorTests.Generate_GivenAutoCounterReturningBool_RaisesDiagnostic#EscapeAttribute.g.verified.cs
  - Received: TelemetrySourceGeneratorTests.Generate_GivenAutoCounterReturningBool_RaisesDiagnostic#EventAttribute.g.received.cs
    Verified: TelemetrySourceGeneratorTests.Generate_GivenAutoCounterReturningBool_RaisesDiagnostic#EventAttribute.g.verified.cs
  - Received: TelemetrySourceGeneratorTests.Generate_GivenAutoCounterReturningBool_RaisesDiagnostic#ExcludeAttribute.g.received.cs
    Verified: TelemetrySourceGeneratorTests.Generate_GivenAutoCounterReturningBool_RaisesDiagnostic#ExcludeAttribute.g.verified.cs
  - Received: TelemetrySourceGeneratorTests.Generate_GivenAutoCounterReturningBool_RaisesDiagnostic#ExcludeTargetsAttribute.g.received.cs
    Verified: TelemetrySourceGeneratorTests.Generate_GivenAutoCounterReturningBool_RaisesDiagnostic#ExcludeTargetsAttribute.g.verified.cs
  - Received: TelemetrySourceGeneratorTests.Generate_GivenAutoCounterReturningBool_RaisesDiagnostic#ExpandEnumerableAttribute.g.received.cs
    Verified: TelemetrySourceGeneratorTests.Generate_GivenAutoCounterReturningBool_RaisesDiagnostic#ExpandEnumerableAttribute.g.verified.cs
  - Received: TelemetrySourceGeneratorTests.Generate_GivenAutoCounterReturningBool_RaisesDiagnostic#HistogramAttribute.g.received.cs
    Verified: TelemetrySourceGeneratorTests.Generate_GivenAutoCounterReturningBool_RaisesDiagnostic#HistogramAttribute.g.verified.cs
  - Received: TelemetrySourceGeneratorTests.Generate_GivenAutoCounterReturningBool_RaisesDiagnostic#InfoAttribute.g.received.cs
    Verified: TelemetrySourceGeneratorTests.Generate_GivenAutoCounterReturningBool_RaisesDiagnostic#InfoAttribute.g.verified.cs
  - Received: TelemetrySourceGeneratorTests.Generate_GivenAutoCounterReturningBool_RaisesDiagnostic#InstrumentMeasurementAttribute.g.received.cs
    Verified: TelemetrySourceGeneratorTests.Generate_GivenAutoCounterReturningBool_RaisesDiagnostic#InstrumentMeasurementAttribute.g.verified.cs
  - Received: TelemetrySourceGeneratorTests.Generate_GivenAutoCounterReturningBool_RaisesDiagnostic#LogAttribute.g.received.cs
    Verified: TelemetrySourceGeneratorTests.Generate_GivenAutoCounterReturningBool_RaisesDiagnostic#LogAttribute.g.verified.cs
  - Received: TelemetrySourceGeneratorTests.Generate_GivenAutoCounterReturningBool_RaisesDiagnostic#LoggerAttribute.g.received.cs
    Verified: TelemetrySourceGeneratorTests.Generate_GivenAutoCounterReturningBool_RaisesDiagnostic#LoggerAttribute.g.verified.cs
  - Received: TelemetrySourceGeneratorTests.Generate_GivenAutoCounterReturningBool_RaisesDiagnostic#LoggerGenerationAttribute.g.received.cs
    Verified: TelemetrySourceGeneratorTests.Generate_GivenAutoCounterReturningBool_RaisesDiagnostic#LoggerGenerationAttribute.g.verified.cs
  - Received: TelemetrySourceGeneratorTests.Generate_GivenAutoCounterReturningBool_RaisesDiagnostic#LoggerGenerationMode.g.received.cs
    Verified: TelemetrySourceGeneratorTests.Generate_GivenAutoCounterReturningBool_RaisesDiagnostic#LoggerGenerationMode.g.verified.cs
  - Received: TelemetrySourceGeneratorTests.Generate_GivenAutoCounterReturningBool_RaisesDiagnostic#LogPrefixType.g.received.cs
    Verified: TelemetrySourceGeneratorTests.Generate_GivenAutoCounterReturningBool_RaisesDiagnostic#LogPrefixType.g.verified.cs
  - Received: TelemetrySourceGeneratorTests.Generate_GivenAutoCounterReturningBool_RaisesDiagnostic#MeterAttribute.g.received.cs
    Verified: TelemetrySourceGeneratorTests.Generate_GivenAutoCounterReturningBool_RaisesDiagnostic#MeterAttribute.g.verified.cs
  - Received: TelemetrySourceGeneratorTests.Generate_GivenAutoCounterReturningBool_RaisesDiagnostic#MeterGenerationAttribute.g.received.cs
    Verified: TelemetrySourceGeneratorTests.Generate_GivenAutoCounterReturningBool_RaisesDiagnostic#MeterGenerationAttribute.g.verified.cs
  - Received: TelemetrySourceGeneratorTests.Generate_GivenAutoCounterReturningBool_RaisesDiagnostic#MeterNameGenerationType.g.received.cs
    Verified: TelemetrySourceGeneratorTests.Generate_GivenAutoCounterReturningBool_RaisesDiagnostic#MeterNameGenerationType.g.verified.cs
  - Received: TelemetrySourceGeneratorTests.Generate_GivenAutoCounterReturningBool_RaisesDiagnostic#NamingConvention.g.received.cs
    Verified: TelemetrySourceGeneratorTests.Generate_GivenAutoCounterReturningBool_RaisesDiagnostic#NamingConvention.g.verified.cs
  - Received: TelemetrySourceGeneratorTests.Generate_GivenAutoCounterReturningBool_RaisesDiagnostic#ObservableCounterAttribute.g.received.cs
    Verified: TelemetrySourceGeneratorTests.Generate_GivenAutoCounterReturningBool_RaisesDiagnostic#ObservableCounterAttribute.g.verified.cs
  - Received: TelemetrySourceGeneratorTests.Generate_GivenAutoCounterReturningBool_RaisesDiagnostic#ObservableGaugeAttribute.g.received.cs
    Verified: TelemetrySourceGeneratorTests.Generate_GivenAutoCounterReturningBool_RaisesDiagnostic#ObservableGaugeAttribute.g.verified.cs
  - Received: TelemetrySourceGeneratorTests.Generate_GivenAutoCounterReturningBool_RaisesDiagnostic#ObservableUpDownCounterAttribute.g.received.cs
    Verified: TelemetrySourceGeneratorTests.Generate_GivenAutoCounterReturningBool_RaisesDiagnostic#ObservableUpDownCounterAttribute.g.verified.cs
  - Received: TelemetrySourceGeneratorTests.Generate_GivenAutoCounterReturningBool_RaisesDiagnostic#Purview.Telemetry.SourceGenerator.TelemetryNames.g.received.cs
    Verified: TelemetrySourceGeneratorTests.Generate_GivenAutoCounterReturningBool_RaisesDiagnostic#Purview.Telemetry.SourceGenerator.TelemetryNames.g.verified.cs
  - Received: TelemetrySourceGeneratorTests.Generate_GivenAutoCounterReturningBool_RaisesDiagnostic#StatusDescriptionAttribute.g.received.cs
    Verified: TelemetrySourceGeneratorTests.Generate_GivenAutoCounterReturningBool_RaisesDiagnostic#StatusDescriptionAttribute.g.verified.cs
  - Received: TelemetrySourceGeneratorTests.Generate_GivenAutoCounterReturningBool_RaisesDiagnostic#TagAttribute.g.received.cs
    Verified: TelemetrySourceGeneratorTests.Generate_GivenAutoCounterReturningBool_RaisesDiagnostic#TagAttribute.g.verified.cs
  - Received: TelemetrySourceGeneratorTests.Generate_GivenAutoCounterReturningBool_RaisesDiagnostic#Targets.g.received.cs
    Verified: TelemetrySourceGeneratorTests.Generate_GivenAutoCounterReturningBool_RaisesDiagnostic#Targets.g.verified.cs
  - Received: TelemetrySourceGeneratorTests.Generate_GivenAutoCounterReturningBool_RaisesDiagnostic#TelemetryGenerationAttribute.g.received.cs
    Verified: TelemetrySourceGeneratorTests.Generate_GivenAutoCounterReturningBool_RaisesDiagnostic#TelemetryGenerationAttribute.g.verified.cs
  - Received: TelemetrySourceGeneratorTests.Generate_GivenAutoCounterReturningBool_RaisesDiagnostic#Testing.InvalidTelemetryCore.Metric.g.received.cs
    Verified: TelemetrySourceGeneratorTests.Generate_GivenAutoCounterReturningBool_RaisesDiagnostic#Testing.InvalidTelemetryCore.Metric.g.verified.cs
  - Received: TelemetrySourceGeneratorTests.Generate_GivenAutoCounterReturningBool_RaisesDiagnostic#TraceAttribute.g.received.cs
    Verified: TelemetrySourceGeneratorTests.Generate_GivenAutoCounterReturningBool_RaisesDiagnostic#TraceAttribute.g.verified.cs
  - Received: TelemetrySourceGeneratorTests.Generate_GivenAutoCounterReturningBool_RaisesDiagnostic#UpDownCounterAttribute.g.received.cs
    Verified: TelemetrySourceGeneratorTests.Generate_GivenAutoCounterReturningBool_RaisesDiagnostic#UpDownCounterAttribute.g.verified.cs
  - Received: TelemetrySourceGeneratorTests.Generate_GivenAutoCounterReturningBool_RaisesDiagnostic#WarningAttribute.g.received.cs
    Verified: TelemetrySourceGeneratorTests.Generate_GivenAutoCounterReturningBool_RaisesDiagnostic#WarningAttribute.g.verified.cs

  from P:\GitHub\kjldev\purview-telemetry-sourcegenerator\src\Purview.Telemetry.SourceGenerator.IntegrationTests\bin\Release\net10.0\Purview.Telemetry.SourceGenerator.IntegrationTests.dll (net10.0|x64)
  TUnit.Engine.Exceptions.TestFailedException: [Test Failure] VerifyException: Directory: P:\GitHub\kjldev\purview-telemetry-sourcegenerator\src\Purview.Telemetry.SourceGenerator.IntegrationTests\Snapshots
  Delete:
    - TelemetrySourceGeneratorTests.Generate_GivenAutoCounterReturningBool_RaisesDiagnostic.verified.txt
  Equal:
    - Received: TelemetrySourceGeneratorTests.Generate_GivenAutoCounterReturningBool_RaisesDiagnostic#ActivityAttribute.g.received.cs
      Verified: TelemetrySourceGeneratorTests.Generate_GivenAutoCounterReturningBool_RaisesDiagnostic#ActivityAttribute.g.verified.cs
    - Received: TelemetrySourceGeneratorTests.Generate_GivenAutoCounterReturningBool_RaisesDiagnostic#ActivitySourceAttribute.g.received.cs
      Verified: TelemetrySourceGeneratorTests.Generate_GivenAutoCounterReturningBool_RaisesDiagnostic#ActivitySourceAttribute.g.verified.cs
    - Received: TelemetrySourceGeneratorTests.Generate_GivenAutoCounterReturningBool_RaisesDiagnostic#ActivitySourceGenerationAttribute.g.received.cs
      Verified: TelemetrySourceGeneratorTests.Generate_GivenAutoCounterReturningBool_RaisesDiagnostic#ActivitySourceGenerationAttribute.g.verified.cs
    - Received: TelemetrySourceGeneratorTests.Generate_GivenAutoCounterReturningBool_RaisesDiagnostic#AutoCounterAttribute.g.received.cs
      Verified: TelemetrySourceGeneratorTests.Generate_GivenAutoCounterReturningBool_RaisesDiagnostic#AutoCounterAttribute.g.verified.cs
    - Received: TelemetrySourceGeneratorTests.Generate_GivenAutoCounterReturningBool_RaisesDiagnostic#BaggageAttribute.g.received.cs
      Verified: TelemetrySourceGeneratorTests.Generate_GivenAutoCounterReturningBool_RaisesDiagnostic#BaggageAttribute.g.verified.cs
    - Received: TelemetrySourceGeneratorTests.Generate_GivenAutoCounterReturningBool_RaisesDiagnostic#ContextAttribute.g.received.cs
      Verified: TelemetrySourceGeneratorTests.Generate_GivenAutoCounterReturningBool_RaisesDiagnostic#ContextAttribute.g.verified.cs
    - Received: TelemetrySourceGeneratorTests.Generate_GivenAutoCounterReturningBool_RaisesDiagnostic#CounterAttribute.g.received.cs
      Verified: TelemetrySourceGeneratorTests.Generate_GivenAutoCounterReturningBool_RaisesDiagnostic#CounterAttribute.g.verified.cs
    - Received: TelemetrySourceGeneratorTests.Generate_GivenAutoCounterReturningBool_RaisesDiagnostic#CriticalAttribute.g.received.cs
      Verified: TelemetrySourceGeneratorTests.Generate_GivenAutoCounterReturningBool_RaisesDiagnostic#CriticalAttribute.g.verified.cs
    - Received: TelemetrySourceGeneratorTests.Generate_GivenAutoCounterReturningBool_RaisesDiagnostic#DebugAttribute.g.received.cs
      Verified: TelemetrySourceGeneratorTests.Generate_GivenAutoCounterReturningBool_RaisesDiagnostic#DebugAttribute.g.verified.cs
    - Received: TelemetrySourceGeneratorTests.Generate_GivenAutoCounterReturningBool_RaisesDiagnostic#ErrorAttribute.g.received.cs
      Verified: TelemetrySourceGeneratorTests.Generate_GivenAutoCounterReturningBool_RaisesDiagnostic#ErrorAttribute.g.verified.cs
    - Received: TelemetrySourceGeneratorTests.Generate_GivenAutoCounterReturningBool_RaisesDiagnostic#EscapeAttribute.g.received.cs
      Verified: TelemetrySourceGeneratorTests.Generate_GivenAutoCounterReturningBool_RaisesDiagnostic#EscapeAttribute.g.verified.cs
    - Received: TelemetrySourceGeneratorTests.Generate_GivenAutoCounterReturningBool_RaisesDiagnostic#EventAttribute.g.received.cs
      Verified: TelemetrySourceGeneratorTests.Generate_GivenAutoCounterReturningBool_RaisesDiagnostic#EventAttribute.g.verified.cs
    - Received: TelemetrySourceGeneratorTests.Generate_GivenAutoCounterReturningBool_RaisesDiagnostic#ExcludeAttribute.g.received.cs
      Verified: TelemetrySourceGeneratorTests.Generate_GivenAutoCounterReturningBool_RaisesDiagnostic#ExcludeAttribute.g.verified.cs
    - Received: TelemetrySourceGeneratorTests.Generate_GivenAutoCounterReturningBool_RaisesDiagnostic#ExcludeTargetsAttribute.g.received.cs
      Verified: TelemetrySourceGeneratorTests.Generate_GivenAutoCounterReturningBool_RaisesDiagnostic#ExcludeTargetsAttribute.g.verified.cs
    - Received: TelemetrySourceGeneratorTests.Generate_GivenAutoCounterReturningBool_RaisesDiagnostic#ExpandEnumerableAttribute.g.received.cs
      Verified: TelemetrySourceGeneratorTests.Generate_GivenAutoCounterReturningBool_RaisesDiagnostic#ExpandEnumerableAttribute.g.verified.cs
    - Received: TelemetrySourceGeneratorTests.Generate_GivenAutoCounterReturningBool_RaisesDiagnostic#HistogramAttribute.g.received.cs
      Verified: TelemetrySourceGeneratorTests.Generate_GivenAutoCounterReturningBool_RaisesDiagnostic#HistogramAttribute.g.verified.cs
    - Received: TelemetrySourceGeneratorTests.Generate_GivenAutoCounterReturningBool_RaisesDiagnostic#InfoAttribute.g.received.cs
      Verified: TelemetrySourceGeneratorTests.Generate_GivenAutoCounterReturningBool_RaisesDiagnostic#InfoAttribute.g.verified.cs
    - Received: TelemetrySourceGeneratorTests.Generate_GivenAutoCounterReturningBool_RaisesDiagnostic#InstrumentMeasurementAttribute.g.received.cs
      Verified: TelemetrySourceGeneratorTests.Generate_GivenAutoCounterReturningBool_RaisesDiagnostic#InstrumentMeasurementAttribute.g.verified.cs
    - Received: TelemetrySourceGeneratorTests.Generate_GivenAutoCounterReturningBool_RaisesDiagnostic#LogAttribute.g.received.cs
      Verified: TelemetrySourceGeneratorTests.Generate_GivenAutoCounterReturningBool_RaisesDiagnostic#LogAttribute.g.verified.cs
    - Received: TelemetrySourceGeneratorTests.Generate_GivenAutoCounterReturningBool_RaisesDiagnostic#LoggerAttribute.g.received.cs
      Verified: TelemetrySourceGeneratorTests.Generate_GivenAutoCounterReturningBool_RaisesDiagnostic#LoggerAttribute.g.verified.cs
    - Received: TelemetrySourceGeneratorTests.Generate_GivenAutoCounterReturningBool_RaisesDiagnostic#LoggerGenerationAttribute.g.received.cs
      Verified: TelemetrySourceGeneratorTests.Generate_GivenAutoCounterReturningBool_RaisesDiagnostic#LoggerGenerationAttribute.g.verified.cs
    - Received: TelemetrySourceGeneratorTests.Generate_GivenAutoCounterReturningBool_RaisesDiagnostic#LoggerGenerationMode.g.received.cs
      Verified: TelemetrySourceGeneratorTests.Generate_GivenAutoCounterReturningBool_RaisesDiagnostic#LoggerGenerationMode.g.verified.cs
    - Received: TelemetrySourceGeneratorTests.Generate_GivenAutoCounterReturningBool_RaisesDiagnostic#LogPrefixType.g.received.cs
      Verified: TelemetrySourceGeneratorTests.Generate_GivenAutoCounterReturningBool_RaisesDiagnostic#LogPrefixType.g.verified.cs
    - Received: TelemetrySourceGeneratorTests.Generate_GivenAutoCounterReturningBool_RaisesDiagnostic#MeterAttribute.g.received.cs
      Verified: TelemetrySourceGeneratorTests.Generate_GivenAutoCounterReturningBool_RaisesDiagnostic#MeterAttribute.g.verified.cs
    - Received: TelemetrySourceGeneratorTests.Generate_GivenAutoCounterReturningBool_RaisesDiagnostic#MeterGenerationAttribute.g.received.cs
      Verified: TelemetrySourceGeneratorTests.Generate_GivenAutoCounterReturningBool_RaisesDiagnostic#MeterGenerationAttribute.g.verified.cs
    - Received: TelemetrySourceGeneratorTests.Generate_GivenAutoCounterReturningBool_RaisesDiagnostic#MeterNameGenerationType.g.received.cs
      Verified: TelemetrySourceGeneratorTests.Generate_GivenAutoCounterReturningBool_RaisesDiagnostic#MeterNameGenerationType.g.verified.cs
    - Received: TelemetrySourceGeneratorTests.Generate_GivenAutoCounterReturningBool_RaisesDiagnostic#NamingConvention.g.received.cs
      Verified: TelemetrySourceGeneratorTests.Generate_GivenAutoCounterReturningBool_RaisesDiagnostic#NamingConvention.g.verified.cs
    - Received: TelemetrySourceGeneratorTests.Generate_GivenAutoCounterReturningBool_RaisesDiagnostic#ObservableCounterAttribute.g.received.cs
      Verified: TelemetrySourceGeneratorTests.Generate_GivenAutoCounterReturningBool_RaisesDiagnostic#ObservableCounterAttribute.g.verified.cs
    - Received: TelemetrySourceGeneratorTests.Generate_GivenAutoCounterReturningBool_RaisesDiagnostic#ObservableGaugeAttribute.g.received.cs
      Verified: TelemetrySourceGeneratorTests.Generate_GivenAutoCounterReturningBool_RaisesDiagnostic#ObservableGaugeAttribute.g.verified.cs
    - Received: TelemetrySourceGeneratorTests.Generate_GivenAutoCounterReturningBool_RaisesDiagnostic#ObservableUpDownCounterAttribute.g.received.cs
      Verified: TelemetrySourceGeneratorTests.Generate_GivenAutoCounterReturningBool_RaisesDiagnostic#ObservableUpDownCounterAttribute.g.verified.cs
    - Received: TelemetrySourceGeneratorTests.Generate_GivenAutoCounterReturningBool_RaisesDiagnostic#Purview.Telemetry.SourceGenerator.TelemetryNames.g.received.cs
      Verified: TelemetrySourceGeneratorTests.Generate_GivenAutoCounterReturningBool_RaisesDiagnostic#Purview.Telemetry.SourceGenerator.TelemetryNames.g.verified.cs
    - Received: TelemetrySourceGeneratorTests.Generate_GivenAutoCounterReturningBool_RaisesDiagnostic#StatusDescriptionAttribute.g.received.cs
      Verified: TelemetrySourceGeneratorTests.Generate_GivenAutoCounterReturningBool_RaisesDiagnostic#StatusDescriptionAttribute.g.verified.cs
    - Received: TelemetrySourceGeneratorTests.Generate_GivenAutoCounterReturningBool_RaisesDiagnostic#TagAttribute.g.received.cs
      Verified: TelemetrySourceGeneratorTests.Generate_GivenAutoCounterReturningBool_RaisesDiagnostic#TagAttribute.g.verified.cs
    - Received: TelemetrySourceGeneratorTests.Generate_GivenAutoCounterReturningBool_RaisesDiagnostic#Targets.g.received.cs
      Verified: TelemetrySourceGeneratorTests.Generate_GivenAutoCounterReturningBool_RaisesDiagnostic#Targets.g.verified.cs
    - Received: TelemetrySourceGeneratorTests.Generate_GivenAutoCounterReturningBool_RaisesDiagnostic#TelemetryGenerationAttribute.g.received.cs
      Verified: TelemetrySourceGeneratorTests.Generate_GivenAutoCounterReturningBool_RaisesDiagnostic#TelemetryGenerationAttribute.g.verified.cs
    - Received: TelemetrySourceGeneratorTests.Generate_GivenAutoCounterReturningBool_RaisesDiagnostic#Testing.InvalidTelemetryCore.Metric.g.received.cs
      Verified: TelemetrySourceGeneratorTests.Generate_GivenAutoCounterReturningBool_RaisesDiagnostic#Testing.InvalidTelemetryCore.Metric.g.verified.cs
    - Received: TelemetrySourceGeneratorTests.Generate_GivenAutoCounterReturningBool_RaisesDiagnostic#TraceAttribute.g.received.cs
      Verified: TelemetrySourceGeneratorTests.Generate_GivenAutoCounterReturningBool_RaisesDiagnostic#TraceAttribute.g.verified.cs
    - Received: TelemetrySourceGeneratorTests.Generate_GivenAutoCounterReturningBool_RaisesDiagnostic#UpDownCounterAttribute.g.received.cs
      Verified: TelemetrySourceGeneratorTests.Generate_GivenAutoCounterReturningBool_RaisesDiagnostic#UpDownCounterAttribute.g.verified.cs
    - Received: TelemetrySourceGeneratorTests.Generate_GivenAutoCounterReturningBool_RaisesDiagnostic#WarningAttribute.g.received.cs
      Verified: TelemetrySourceGeneratorTests.Generate_GivenAutoCounterReturningBool_RaisesDiagnostic#WarningAttribute.g.verified.cs
  
  Standard output
    DBG: --- Adding templates.
    DBG: Adding ActivitySourceGenerationAttribute as ActivitySourceGenerationAttribute.g.cs.
    DBG: Adding ActivitySourceAttribute as ActivitySourceAttribute.g.cs.
    DBG: Adding ActivityAttribute as ActivityAttribute.g.cs.
    DBG: Adding EventAttribute as EventAttribute.g.cs.
    DBG: Adding ContextAttribute as ContextAttribute.g.cs.
    DBG: Adding BaggageAttribute as BaggageAttribute.g.cs.
    DBG: Adding EscapeAttribute as EscapeAttribute.g.cs.
    DBG: Adding StatusDescriptionAttribute as StatusDescriptionAttribute.g.cs.
    DBG: Adding LoggerGenerationAttribute as LoggerGenerationAttribute.g.cs.
    DBG: Adding LoggerAttribute as LoggerAttribute.g.cs.
    DBG: Adding LogAttribute as LogAttribute.g.cs.
    DBG: Adding LogPrefixType as LogPrefixType.g.cs.
    DBG: Adding LoggerGenerationMode as LoggerGenerationMode.g.cs.
    DBG: Adding ExpandEnumerableAttribute as ExpandEnumerableAttribute.g.cs.
    DBG: Adding TraceAttribute as TraceAttribute.g.cs.
    DBG: Adding DebugAttribute as DebugAttribute.g.cs.
    DBG: Adding InfoAttribute as InfoAttribute.g.cs.
    DBG: Adding WarningAttribute as WarningAttribute.g.cs.
    DBG: Adding ErrorAttribute as ErrorAttribute.g.cs.
    DBG: Adding CriticalAttribute as CriticalAttribute.g.cs.
    DBG: Adding MeterGenerationAttribute as MeterGenerationAttribute.g.cs.
    DBG: Adding MeterAttribute as MeterAttribute.g.cs.
    DBG: Adding MeterNameGenerationType as MeterNameGenerationType.g.cs.
    DBG: Adding InstrumentMeasurementAttribute as InstrumentMeasurementAttribute.g.cs.
    DBG: Adding AutoCounterAttribute as AutoCounterAttribute.g.cs.
    DBG: Adding CounterAttribute as CounterAttribute.g.cs.
    DBG: Adding UpDownCounterAttribute as UpDownCounterAttribute.g.cs.
    DBG: Adding HistogramAttribute as HistogramAttribute.g.cs.
    DBG: Adding ObservableCounterAttribute as ObservableCounterAttribute.g.cs.
    DBG: Adding ObservableGaugeAttribute as ObservableGaugeAttribute.g.cs.
    DBG: Adding ObservableUpDownCounterAttribute as ObservableUpDownCounterAttribute.g.cs.
    DBG: Adding TagAttribute as TagAttribute.g.cs.
    DBG: Adding ExcludeAttribute as ExcludeAttribute.g.cs.
    DBG: Adding TelemetryGenerationAttribute as TelemetryGenerationAttribute.g.cs.
    DBG: Adding Targets as Targets.g.cs.
    DBG: Adding NamingConvention as NamingConvention.g.cs.
    DBG: Adding ExcludeTargetsAttribute as ExcludeTargetsAttribute.g.cs.
    DBG: --- Finished adding templates.
    DBG: Found attribute: Purview.Telemetry.MeterAttribute("testing-meter")
    DBG: Found attribute: Purview.Telemetry.TelemetryGenerationAttribute(GenerateDependencyExtension = false)
    DBG: Found possible instrument method IInvalidTelemetry.InvalidAutoCounterReturn.
    DBG: Found attribute: Purview.Telemetry.AutoCounterAttribute
    DBG: Unable to match parameter operation, inferring tag.
    DBG: Meter generation target: Testing.InvalidTelemetryCore
    DBG: Generating metric class for: Testing.InvalidTelemetryCore
    DBG: Emitting fields for InvalidTelemetryCore
    DBG: Emitting partial method for populating tags: PopulateMeterTags.
    DBG: Emitting instrument method: InvalidAutoCounterReturn.
    DBG: Skipping dependency injection emit.
    DBG: Found attribute: Purview.Telemetry.MeterAttribute("testing-meter")
    DBG: Found attribute: Purview.Telemetry.TelemetryGenerationAttribute(GenerateDependencyExtension = false)
    DBG: Found possible instrument method IInvalidTelemetry.InvalidAutoCounterReturn.
    DBG: Found attribute: Purview.Telemetry.AutoCounterAttribute
    DBG: Unable to match parameter operation, inferring tag.
    DBG: Generating Telemetry Names using class 'TelemetryNames'.
    
  Error output
failed Generate_GivenDuplicateActivityEventContextMethodNames_GeneratesDiagnostic (8s 897ms)
  [Test Failure] VerifyException: Directory: P:\GitHub\kjldev\purview-telemetry-sourcegenerator\src\Purview.Telemetry.SourceGenerator.IntegrationTests\Snapshots
Delete:
  - TelemetrySourceGeneratorTests.Generate_GivenDuplicateActivityEventContextMethodNames_GeneratesDiagnostic.verified.txt
Equal:
  - Received: TelemetrySourceGeneratorTests.Generate_GivenDuplicateActivityEventContextMethodNames_GeneratesDiagnostic#ActivityAttribute.g.received.cs
    Verified: TelemetrySourceGeneratorTests.Generate_GivenDuplicateActivityEventContextMethodNames_GeneratesDiagnostic#ActivityAttribute.g.verified.cs
  - Received: TelemetrySourceGeneratorTests.Generate_GivenDuplicateActivityEventContextMethodNames_GeneratesDiagnostic#ActivitySourceAttribute.g.received.cs
    Verified: TelemetrySourceGeneratorTests.Generate_GivenDuplicateActivityEventContextMethodNames_GeneratesDiagnostic#ActivitySourceAttribute.g.verified.cs
  - Received: TelemetrySourceGeneratorTests.Generate_GivenDuplicateActivityEventContextMethodNames_GeneratesDiagnostic#ActivitySourceGenerationAttribute.g.received.cs
    Verified: TelemetrySourceGeneratorTests.Generate_GivenDuplicateActivityEventContextMethodNames_GeneratesDiagnostic#ActivitySourceGenerationAttribute.g.verified.cs
  - Received: TelemetrySourceGeneratorTests.Generate_GivenDuplicateActivityEventContextMethodNames_GeneratesDiagnostic#AutoCounterAttribute.g.received.cs
    Verified: TelemetrySourceGeneratorTests.Generate_GivenDuplicateActivityEventContextMethodNames_GeneratesDiagnostic#AutoCounterAttribute.g.verified.cs
  - Received: TelemetrySourceGeneratorTests.Generate_GivenDuplicateActivityEventContextMethodNames_GeneratesDiagnostic#BaggageAttribute.g.received.cs
    Verified: TelemetrySourceGeneratorTests.Generate_GivenDuplicateActivityEventContextMethodNames_GeneratesDiagnostic#BaggageAttribute.g.verified.cs
  - Received: TelemetrySourceGeneratorTests.Generate_GivenDuplicateActivityEventContextMethodNames_GeneratesDiagnostic#ContextAttribute.g.received.cs
    Verified: TelemetrySourceGeneratorTests.Generate_GivenDuplicateActivityEventContextMethodNames_GeneratesDiagnostic#ContextAttribute.g.verified.cs
  - Received: TelemetrySourceGeneratorTests.Generate_GivenDuplicateActivityEventContextMethodNames_GeneratesDiagnostic#CounterAttribute.g.received.cs
    Verified: TelemetrySourceGeneratorTests.Generate_GivenDuplicateActivityEventContextMethodNames_GeneratesDiagnostic#CounterAttribute.g.verified.cs
  - Received: TelemetrySourceGeneratorTests.Generate_GivenDuplicateActivityEventContextMethodNames_GeneratesDiagnostic#CriticalAttribute.g.received.cs
    Verified: TelemetrySourceGeneratorTests.Generate_GivenDuplicateActivityEventContextMethodNames_GeneratesDiagnostic#CriticalAttribute.g.verified.cs
  - Received: TelemetrySourceGeneratorTests.Generate_GivenDuplicateActivityEventContextMethodNames_GeneratesDiagnostic#DebugAttribute.g.received.cs
    Verified: TelemetrySourceGeneratorTests.Generate_GivenDuplicateActivityEventContextMethodNames_GeneratesDiagnostic#DebugAttribute.g.verified.cs
  - Received: TelemetrySourceGeneratorTests.Generate_GivenDuplicateActivityEventContextMethodNames_GeneratesDiagnostic#ErrorAttribute.g.received.cs
    Verified: TelemetrySourceGeneratorTests.Generate_GivenDuplicateActivityEventContextMethodNames_GeneratesDiagnostic#ErrorAttribute.g.verified.cs
  - Received: TelemetrySourceGeneratorTests.Generate_GivenDuplicateActivityEventContextMethodNames_GeneratesDiagnostic#EscapeAttribute.g.received.cs
    Verified: TelemetrySourceGeneratorTests.Generate_GivenDuplicateActivityEventContextMethodNames_GeneratesDiagnostic#EscapeAttribute.g.verified.cs
  - Received: TelemetrySourceGeneratorTests.Generate_GivenDuplicateActivityEventContextMethodNames_GeneratesDiagnostic#EventAttribute.g.received.cs
    Verified: TelemetrySourceGeneratorTests.Generate_GivenDuplicateActivityEventContextMethodNames_GeneratesDiagnostic#EventAttribute.g.verified.cs
  - Received: TelemetrySourceGeneratorTests.Generate_GivenDuplicateActivityEventContextMethodNames_GeneratesDiagnostic#ExcludeAttribute.g.received.cs
    Verified: TelemetrySourceGeneratorTests.Generate_GivenDuplicateActivityEventContextMethodNames_GeneratesDiagnostic#ExcludeAttribute.g.verified.cs
  - Received: TelemetrySourceGeneratorTests.Generate_GivenDuplicateActivityEventContextMethodNames_GeneratesDiagnostic#ExcludeTargetsAttribute.g.received.cs
    Verified: TelemetrySourceGeneratorTests.Generate_GivenDuplicateActivityEventContextMethodNames_GeneratesDiagnostic#ExcludeTargetsAttribute.g.verified.cs
  - Received: TelemetrySourceGeneratorTests.Generate_GivenDuplicateActivityEventContextMethodNames_GeneratesDiagnostic#ExpandEnumerableAttribute.g.received.cs
    Verified: TelemetrySourceGeneratorTests.Generate_GivenDuplicateActivityEventContextMethodNames_GeneratesDiagnostic#ExpandEnumerableAttribute.g.verified.cs
  - Received: TelemetrySourceGeneratorTests.Generate_GivenDuplicateActivityEventContextMethodNames_GeneratesDiagnostic#HistogramAttribute.g.received.cs
    Verified: TelemetrySourceGeneratorTests.Generate_GivenDuplicateActivityEventContextMethodNames_GeneratesDiagnostic#HistogramAttribute.g.verified.cs
  - Received: TelemetrySourceGeneratorTests.Generate_GivenDuplicateActivityEventContextMethodNames_GeneratesDiagnostic#InfoAttribute.g.received.cs
    Verified: TelemetrySourceGeneratorTests.Generate_GivenDuplicateActivityEventContextMethodNames_GeneratesDiagnostic#InfoAttribute.g.verified.cs
  - Received: TelemetrySourceGeneratorTests.Generate_GivenDuplicateActivityEventContextMethodNames_GeneratesDiagnostic#InstrumentMeasurementAttribute.g.received.cs
    Verified: TelemetrySourceGeneratorTests.Generate_GivenDuplicateActivityEventContextMethodNames_GeneratesDiagnostic#InstrumentMeasurementAttribute.g.verified.cs
  - Received: TelemetrySourceGeneratorTests.Generate_GivenDuplicateActivityEventContextMethodNames_GeneratesDiagnostic#LogAttribute.g.received.cs
    Verified: TelemetrySourceGeneratorTests.Generate_GivenDuplicateActivityEventContextMethodNames_GeneratesDiagnostic#LogAttribute.g.verified.cs
  - Received: TelemetrySourceGeneratorTests.Generate_GivenDuplicateActivityEventContextMethodNames_GeneratesDiagnostic#LoggerAttribute.g.received.cs
    Verified: TelemetrySourceGeneratorTests.Generate_GivenDuplicateActivityEventContextMethodNames_GeneratesDiagnostic#LoggerAttribute.g.verified.cs
  - Received: TelemetrySourceGeneratorTests.Generate_GivenDuplicateActivityEventContextMethodNames_GeneratesDiagnostic#LoggerGenerationAttribute.g.received.cs
    Verified: TelemetrySourceGeneratorTests.Generate_GivenDuplicateActivityEventContextMethodNames_GeneratesDiagnostic#LoggerGenerationAttribute.g.verified.cs
  - Received: TelemetrySourceGeneratorTests.Generate_GivenDuplicateActivityEventContextMethodNames_GeneratesDiagnostic#LoggerGenerationMode.g.received.cs
    Verified: TelemetrySourceGeneratorTests.Generate_GivenDuplicateActivityEventContextMethodNames_GeneratesDiagnostic#LoggerGenerationMode.g.verified.cs
  - Received: TelemetrySourceGeneratorTests.Generate_GivenDuplicateActivityEventContextMethodNames_GeneratesDiagnostic#LogPrefixType.g.received.cs
    Verified: TelemetrySourceGeneratorTests.Generate_GivenDuplicateActivityEventContextMethodNames_GeneratesDiagnostic#LogPrefixType.g.verified.cs
  - Received: TelemetrySourceGeneratorTests.Generate_GivenDuplicateActivityEventContextMethodNames_GeneratesDiagnostic#MeterAttribute.g.received.cs
    Verified: TelemetrySourceGeneratorTests.Generate_GivenDuplicateActivityEventContextMethodNames_GeneratesDiagnostic#MeterAttribute.g.verified.cs
  - Received: TelemetrySourceGeneratorTests.Generate_GivenDuplicateActivityEventContextMethodNames_GeneratesDiagnostic#MeterGenerationAttribute.g.received.cs
    Verified: TelemetrySourceGeneratorTests.Generate_GivenDuplicateActivityEventContextMethodNames_GeneratesDiagnostic#MeterGenerationAttribute.g.verified.cs
  - Received: TelemetrySourceGeneratorTests.Generate_GivenDuplicateActivityEventContextMethodNames_GeneratesDiagnostic#MeterNameGenerationType.g.received.cs
    Verified: TelemetrySourceGeneratorTests.Generate_GivenDuplicateActivityEventContextMethodNames_GeneratesDiagnostic#MeterNameGenerationType.g.verified.cs
  - Received: TelemetrySourceGeneratorTests.Generate_GivenDuplicateActivityEventContextMethodNames_GeneratesDiagnostic#NamingConvention.g.received.cs
    Verified: TelemetrySourceGeneratorTests.Generate_GivenDuplicateActivityEventContextMethodNames_GeneratesDiagnostic#NamingConvention.g.verified.cs
  - Received: TelemetrySourceGeneratorTests.Generate_GivenDuplicateActivityEventContextMethodNames_GeneratesDiagnostic#ObservableCounterAttribute.g.received.cs
    Verified: TelemetrySourceGeneratorTests.Generate_GivenDuplicateActivityEventContextMethodNames_GeneratesDiagnostic#ObservableCounterAttribute.g.verified.cs
  - Received: TelemetrySourceGeneratorTests.Generate_GivenDuplicateActivityEventContextMethodNames_GeneratesDiagnostic#ObservableGaugeAttribute.g.received.cs
    Verified: TelemetrySourceGeneratorTests.Generate_GivenDuplicateActivityEventContextMethodNames_GeneratesDiagnostic#ObservableGaugeAttribute.g.verified.cs
  - Received: TelemetrySourceGeneratorTests.Generate_GivenDuplicateActivityEventContextMethodNames_GeneratesDiagnostic#ObservableUpDownCounterAttribute.g.received.cs
    Verified: TelemetrySourceGeneratorTests.Generate_GivenDuplicateActivityEventContextMethodNames_GeneratesDiagnostic#ObservableUpDownCounterAttribute.g.verified.cs
  - Received: TelemetrySourceGeneratorTests.Generate_GivenDuplicateActivityEventContextMethodNames_GeneratesDiagnostic#Purview.Telemetry.SourceGenerator.TelemetryNames.g.received.cs
    Verified: TelemetrySourceGeneratorTests.Generate_GivenDuplicateActivityEventContextMethodNames_GeneratesDiagnostic#Purview.Telemetry.SourceGenerator.TelemetryNames.g.verified.cs
  - Received: TelemetrySourceGeneratorTests.Generate_GivenDuplicateActivityEventContextMethodNames_GeneratesDiagnostic#StatusDescriptionAttribute.g.received.cs
    Verified: TelemetrySourceGeneratorTests.Generate_GivenDuplicateActivityEventContextMethodNames_GeneratesDiagnostic#StatusDescriptionAttribute.g.verified.cs
  - Received: TelemetrySourceGeneratorTests.Generate_GivenDuplicateActivityEventContextMethodNames_GeneratesDiagnostic#TagAttribute.g.received.cs
    Verified: TelemetrySourceGeneratorTests.Generate_GivenDuplicateActivityEventContextMethodNames_GeneratesDiagnostic#TagAttribute.g.verified.cs
  - Received: TelemetrySourceGeneratorTests.Generate_GivenDuplicateActivityEventContextMethodNames_GeneratesDiagnostic#Targets.g.received.cs
    Verified: TelemetrySourceGeneratorTests.Generate_GivenDuplicateActivityEventContextMethodNames_GeneratesDiagnostic#Targets.g.verified.cs
  - Received: TelemetrySourceGeneratorTests.Generate_GivenDuplicateActivityEventContextMethodNames_GeneratesDiagnostic#TelemetryGenerationAttribute.g.received.cs
    Verified: TelemetrySourceGeneratorTests.Generate_GivenDuplicateActivityEventContextMethodNames_GeneratesDiagnostic#TelemetryGenerationAttribute.g.verified.cs
  - Received: TelemetrySourceGeneratorTests.Generate_GivenDuplicateActivityEventContextMethodNames_GeneratesDiagnostic#TestTelemetryCore.Activity.g.received.cs
    Verified: TelemetrySourceGeneratorTests.Generate_GivenDuplicateActivityEventContextMethodNames_GeneratesDiagnostic#TestTelemetryCore.Activity.g.verified.cs
  - Received: TelemetrySourceGeneratorTests.Generate_GivenDuplicateActivityEventContextMethodNames_GeneratesDiagnostic#TraceAttribute.g.received.cs
    Verified: TelemetrySourceGeneratorTests.Generate_GivenDuplicateActivityEventContextMethodNames_GeneratesDiagnostic#TraceAttribute.g.verified.cs
  - Received: TelemetrySourceGeneratorTests.Generate_GivenDuplicateActivityEventContextMethodNames_GeneratesDiagnostic#UpDownCounterAttribute.g.received.cs
    Verified: TelemetrySourceGeneratorTests.Generate_GivenDuplicateActivityEventContextMethodNames_GeneratesDiagnostic#UpDownCounterAttribute.g.verified.cs
  - Received: TelemetrySourceGeneratorTests.Generate_GivenDuplicateActivityEventContextMethodNames_GeneratesDiagnostic#WarningAttribute.g.received.cs
    Verified: TelemetrySourceGeneratorTests.Generate_GivenDuplicateActivityEventContextMethodNames_GeneratesDiagnostic#WarningAttribute.g.verified.cs

  from P:\GitHub\kjldev\purview-telemetry-sourcegenerator\src\Purview.Telemetry.SourceGenerator.IntegrationTests\bin\Release\net10.0\Purview.Telemetry.SourceGenerator.IntegrationTests.dll (net10.0|x64)
  TUnit.Engine.Exceptions.TestFailedException: [Test Failure] VerifyException: Directory: P:\GitHub\kjldev\purview-telemetry-sourcegenerator\src\Purview.Telemetry.SourceGenerator.IntegrationTests\Snapshots
  Delete:
    - TelemetrySourceGeneratorTests.Generate_GivenDuplicateActivityEventContextMethodNames_GeneratesDiagnostic.verified.txt
  Equal:
    - Received: TelemetrySourceGeneratorTests.Generate_GivenDuplicateActivityEventContextMethodNames_GeneratesDiagnostic#ActivityAttribute.g.received.cs
      Verified: TelemetrySourceGeneratorTests.Generate_GivenDuplicateActivityEventContextMethodNames_GeneratesDiagnostic#ActivityAttribute.g.verified.cs
    - Received: TelemetrySourceGeneratorTests.Generate_GivenDuplicateActivityEventContextMethodNames_GeneratesDiagnostic#ActivitySourceAttribute.g.received.cs
      Verified: TelemetrySourceGeneratorTests.Generate_GivenDuplicateActivityEventContextMethodNames_GeneratesDiagnostic#ActivitySourceAttribute.g.verified.cs
    - Received: TelemetrySourceGeneratorTests.Generate_GivenDuplicateActivityEventContextMethodNames_GeneratesDiagnostic#ActivitySourceGenerationAttribute.g.received.cs
      Verified: TelemetrySourceGeneratorTests.Generate_GivenDuplicateActivityEventContextMethodNames_GeneratesDiagnostic#ActivitySourceGenerationAttribute.g.verified.cs
    - Received: TelemetrySourceGeneratorTests.Generate_GivenDuplicateActivityEventContextMethodNames_GeneratesDiagnostic#AutoCounterAttribute.g.received.cs
      Verified: TelemetrySourceGeneratorTests.Generate_GivenDuplicateActivityEventContextMethodNames_GeneratesDiagnostic#AutoCounterAttribute.g.verified.cs
    - Received: TelemetrySourceGeneratorTests.Generate_GivenDuplicateActivityEventContextMethodNames_GeneratesDiagnostic#BaggageAttribute.g.received.cs
      Verified: TelemetrySourceGeneratorTests.Generate_GivenDuplicateActivityEventContextMethodNames_GeneratesDiagnostic#BaggageAttribute.g.verified.cs
    - Received: TelemetrySourceGeneratorTests.Generate_GivenDuplicateActivityEventContextMethodNames_GeneratesDiagnostic#ContextAttribute.g.received.cs
      Verified: TelemetrySourceGeneratorTests.Generate_GivenDuplicateActivityEventContextMethodNames_GeneratesDiagnostic#ContextAttribute.g.verified.cs
    - Received: TelemetrySourceGeneratorTests.Generate_GivenDuplicateActivityEventContextMethodNames_GeneratesDiagnostic#CounterAttribute.g.received.cs
      Verified: TelemetrySourceGeneratorTests.Generate_GivenDuplicateActivityEventContextMethodNames_GeneratesDiagnostic#CounterAttribute.g.verified.cs
    - Received: TelemetrySourceGeneratorTests.Generate_GivenDuplicateActivityEventContextMethodNames_GeneratesDiagnostic#CriticalAttribute.g.received.cs
      Verified: TelemetrySourceGeneratorTests.Generate_GivenDuplicateActivityEventContextMethodNames_GeneratesDiagnostic#CriticalAttribute.g.verified.cs
    - Received: TelemetrySourceGeneratorTests.Generate_GivenDuplicateActivityEventContextMethodNames_GeneratesDiagnostic#DebugAttribute.g.received.cs
      Verified: TelemetrySourceGeneratorTests.Generate_GivenDuplicateActivityEventContextMethodNames_GeneratesDiagnostic#DebugAttribute.g.verified.cs
    - Received: TelemetrySourceGeneratorTests.Generate_GivenDuplicateActivityEventContextMethodNames_GeneratesDiagnostic#ErrorAttribute.g.received.cs
      Verified: TelemetrySourceGeneratorTests.Generate_GivenDuplicateActivityEventContextMethodNames_GeneratesDiagnostic#ErrorAttribute.g.verified.cs
    - Received: TelemetrySourceGeneratorTests.Generate_GivenDuplicateActivityEventContextMethodNames_GeneratesDiagnostic#EscapeAttribute.g.received.cs
      Verified: TelemetrySourceGeneratorTests.Generate_GivenDuplicateActivityEventContextMethodNames_GeneratesDiagnostic#EscapeAttribute.g.verified.cs
    - Received: TelemetrySourceGeneratorTests.Generate_GivenDuplicateActivityEventContextMethodNames_GeneratesDiagnostic#EventAttribute.g.received.cs
      Verified: TelemetrySourceGeneratorTests.Generate_GivenDuplicateActivityEventContextMethodNames_GeneratesDiagnostic#EventAttribute.g.verified.cs
    - Received: TelemetrySourceGeneratorTests.Generate_GivenDuplicateActivityEventContextMethodNames_GeneratesDiagnostic#ExcludeAttribute.g.received.cs
      Verified: TelemetrySourceGeneratorTests.Generate_GivenDuplicateActivityEventContextMethodNames_GeneratesDiagnostic#ExcludeAttribute.g.verified.cs
    - Received: TelemetrySourceGeneratorTests.Generate_GivenDuplicateActivityEventContextMethodNames_GeneratesDiagnostic#ExcludeTargetsAttribute.g.received.cs
      Verified: TelemetrySourceGeneratorTests.Generate_GivenDuplicateActivityEventContextMethodNames_GeneratesDiagnostic#ExcludeTargetsAttribute.g.verified.cs
    - Received: TelemetrySourceGeneratorTests.Generate_GivenDuplicateActivityEventContextMethodNames_GeneratesDiagnostic#ExpandEnumerableAttribute.g.received.cs
      Verified: TelemetrySourceGeneratorTests.Generate_GivenDuplicateActivityEventContextMethodNames_GeneratesDiagnostic#ExpandEnumerableAttribute.g.verified.cs
    - Received: TelemetrySourceGeneratorTests.Generate_GivenDuplicateActivityEventContextMethodNames_GeneratesDiagnostic#HistogramAttribute.g.received.cs
      Verified: TelemetrySourceGeneratorTests.Generate_GivenDuplicateActivityEventContextMethodNames_GeneratesDiagnostic#HistogramAttribute.g.verified.cs
    - Received: TelemetrySourceGeneratorTests.Generate_GivenDuplicateActivityEventContextMethodNames_GeneratesDiagnostic#InfoAttribute.g.received.cs
      Verified: TelemetrySourceGeneratorTests.Generate_GivenDuplicateActivityEventContextMethodNames_GeneratesDiagnostic#InfoAttribute.g.verified.cs
    - Received: TelemetrySourceGeneratorTests.Generate_GivenDuplicateActivityEventContextMethodNames_GeneratesDiagnostic#InstrumentMeasurementAttribute.g.received.cs
      Verified: TelemetrySourceGeneratorTests.Generate_GivenDuplicateActivityEventContextMethodNames_GeneratesDiagnostic#InstrumentMeasurementAttribute.g.verified.cs
    - Received: TelemetrySourceGeneratorTests.Generate_GivenDuplicateActivityEventContextMethodNames_GeneratesDiagnostic#LogAttribute.g.received.cs
      Verified: TelemetrySourceGeneratorTests.Generate_GivenDuplicateActivityEventContextMethodNames_GeneratesDiagnostic#LogAttribute.g.verified.cs
    - Received: TelemetrySourceGeneratorTests.Generate_GivenDuplicateActivityEventContextMethodNames_GeneratesDiagnostic#LoggerAttribute.g.received.cs
      Verified: TelemetrySourceGeneratorTests.Generate_GivenDuplicateActivityEventContextMethodNames_GeneratesDiagnostic#LoggerAttribute.g.verified.cs
    - Received: TelemetrySourceGeneratorTests.Generate_GivenDuplicateActivityEventContextMethodNames_GeneratesDiagnostic#LoggerGenerationAttribute.g.received.cs
      Verified: TelemetrySourceGeneratorTests.Generate_GivenDuplicateActivityEventContextMethodNames_GeneratesDiagnostic#LoggerGenerationAttribute.g.verified.cs
    - Received: TelemetrySourceGeneratorTests.Generate_GivenDuplicateActivityEventContextMethodNames_GeneratesDiagnostic#LoggerGenerationMode.g.received.cs
      Verified: TelemetrySourceGeneratorTests.Generate_GivenDuplicateActivityEventContextMethodNames_GeneratesDiagnostic#LoggerGenerationMode.g.verified.cs
    - Received: TelemetrySourceGeneratorTests.Generate_GivenDuplicateActivityEventContextMethodNames_GeneratesDiagnostic#LogPrefixType.g.received.cs
      Verified: TelemetrySourceGeneratorTests.Generate_GivenDuplicateActivityEventContextMethodNames_GeneratesDiagnostic#LogPrefixType.g.verified.cs
    - Received: TelemetrySourceGeneratorTests.Generate_GivenDuplicateActivityEventContextMethodNames_GeneratesDiagnostic#MeterAttribute.g.received.cs
      Verified: TelemetrySourceGeneratorTests.Generate_GivenDuplicateActivityEventContextMethodNames_GeneratesDiagnostic#MeterAttribute.g.verified.cs
    - Received: TelemetrySourceGeneratorTests.Generate_GivenDuplicateActivityEventContextMethodNames_GeneratesDiagnostic#MeterGenerationAttribute.g.received.cs
      Verified: TelemetrySourceGeneratorTests.Generate_GivenDuplicateActivityEventContextMethodNames_GeneratesDiagnostic#MeterGenerationAttribute.g.verified.cs
    - Received: TelemetrySourceGeneratorTests.Generate_GivenDuplicateActivityEventContextMethodNames_GeneratesDiagnostic#MeterNameGenerationType.g.received.cs
      Verified: TelemetrySourceGeneratorTests.Generate_GivenDuplicateActivityEventContextMethodNames_GeneratesDiagnostic#MeterNameGenerationType.g.verified.cs
    - Received: TelemetrySourceGeneratorTests.Generate_GivenDuplicateActivityEventContextMethodNames_GeneratesDiagnostic#NamingConvention.g.received.cs
      Verified: TelemetrySourceGeneratorTests.Generate_GivenDuplicateActivityEventContextMethodNames_GeneratesDiagnostic#NamingConvention.g.verified.cs
    - Received: TelemetrySourceGeneratorTests.Generate_GivenDuplicateActivityEventContextMethodNames_GeneratesDiagnostic#ObservableCounterAttribute.g.received.cs
      Verified: TelemetrySourceGeneratorTests.Generate_GivenDuplicateActivityEventContextMethodNames_GeneratesDiagnostic#ObservableCounterAttribute.g.verified.cs
    - Received: TelemetrySourceGeneratorTests.Generate_GivenDuplicateActivityEventContextMethodNames_GeneratesDiagnostic#ObservableGaugeAttribute.g.received.cs
      Verified: TelemetrySourceGeneratorTests.Generate_GivenDuplicateActivityEventContextMethodNames_GeneratesDiagnostic#ObservableGaugeAttribute.g.verified.cs
    - Received: TelemetrySourceGeneratorTests.Generate_GivenDuplicateActivityEventContextMethodNames_GeneratesDiagnostic#ObservableUpDownCounterAttribute.g.received.cs
      Verified: TelemetrySourceGeneratorTests.Generate_GivenDuplicateActivityEventContextMethodNames_GeneratesDiagnostic#ObservableUpDownCounterAttribute.g.verified.cs
    - Received: TelemetrySourceGeneratorTests.Generate_GivenDuplicateActivityEventContextMethodNames_GeneratesDiagnostic#Purview.Telemetry.SourceGenerator.TelemetryNames.g.received.cs
      Verified: TelemetrySourceGeneratorTests.Generate_GivenDuplicateActivityEventContextMethodNames_GeneratesDiagnostic#Purview.Telemetry.SourceGenerator.TelemetryNames.g.verified.cs
    - Received: TelemetrySourceGeneratorTests.Generate_GivenDuplicateActivityEventContextMethodNames_GeneratesDiagnostic#StatusDescriptionAttribute.g.received.cs
      Verified: TelemetrySourceGeneratorTests.Generate_GivenDuplicateActivityEventContextMethodNames_GeneratesDiagnostic#StatusDescriptionAttribute.g.verified.cs
    - Received: TelemetrySourceGeneratorTests.Generate_GivenDuplicateActivityEventContextMethodNames_GeneratesDiagnostic#TagAttribute.g.received.cs
      Verified: TelemetrySourceGeneratorTests.Generate_GivenDuplicateActivityEventContextMethodNames_GeneratesDiagnostic#TagAttribute.g.verified.cs
    - Received: TelemetrySourceGeneratorTests.Generate_GivenDuplicateActivityEventContextMethodNames_GeneratesDiagnostic#Targets.g.received.cs
      Verified: TelemetrySourceGeneratorTests.Generate_GivenDuplicateActivityEventContextMethodNames_GeneratesDiagnostic#Targets.g.verified.cs
    - Received: TelemetrySourceGeneratorTests.Generate_GivenDuplicateActivityEventContextMethodNames_GeneratesDiagnostic#TelemetryGenerationAttribute.g.received.cs
      Verified: TelemetrySourceGeneratorTests.Generate_GivenDuplicateActivityEventContextMethodNames_GeneratesDiagnostic#TelemetryGenerationAttribute.g.verified.cs
    - Received: TelemetrySourceGeneratorTests.Generate_GivenDuplicateActivityEventContextMethodNames_GeneratesDiagnostic#TestTelemetryCore.Activity.g.received.cs
      Verified: TelemetrySourceGeneratorTests.Generate_GivenDuplicateActivityEventContextMethodNames_GeneratesDiagnostic#TestTelemetryCore.Activity.g.verified.cs
    - Received: TelemetrySourceGeneratorTests.Generate_GivenDuplicateActivityEventContextMethodNames_GeneratesDiagnostic#TraceAttribute.g.received.cs
      Verified: TelemetrySourceGeneratorTests.Generate_GivenDuplicateActivityEventContextMethodNames_GeneratesDiagnostic#TraceAttribute.g.verified.cs
    - Received: TelemetrySourceGeneratorTests.Generate_GivenDuplicateActivityEventContextMethodNames_GeneratesDiagnostic#UpDownCounterAttribute.g.received.cs
      Verified: TelemetrySourceGeneratorTests.Generate_GivenDuplicateActivityEventContextMethodNames_GeneratesDiagnostic#UpDownCounterAttribute.g.verified.cs
    - Received: TelemetrySourceGeneratorTests.Generate_GivenDuplicateActivityEventContextMethodNames_GeneratesDiagnostic#WarningAttribute.g.received.cs
      Verified: TelemetrySourceGeneratorTests.Generate_GivenDuplicateActivityEventContextMethodNames_GeneratesDiagnostic#WarningAttribute.g.verified.cs
  
  Standard output
    DBG: --- Adding templates.
    DBG: Adding ActivitySourceGenerationAttribute as ActivitySourceGenerationAttribute.g.cs.
    DBG: Adding ActivitySourceAttribute as ActivitySourceAttribute.g.cs.
    DBG: Adding ActivityAttribute as ActivityAttribute.g.cs.
    DBG: Adding EventAttribute as EventAttribute.g.cs.
    DBG: Adding ContextAttribute as ContextAttribute.g.cs.
    DBG: Adding BaggageAttribute as BaggageAttribute.g.cs.
    DBG: Adding EscapeAttribute as EscapeAttribute.g.cs.
    DBG: Adding StatusDescriptionAttribute as StatusDescriptionAttribute.g.cs.
    DBG: Adding LoggerGenerationAttribute as LoggerGenerationAttribute.g.cs.
    DBG: Adding LoggerAttribute as LoggerAttribute.g.cs.
    DBG: Adding LogAttribute as LogAttribute.g.cs.
    DBG: Adding LogPrefixType as LogPrefixType.g.cs.
    DBG: Adding LoggerGenerationMode as LoggerGenerationMode.g.cs.
    DBG: Adding ExpandEnumerableAttribute as ExpandEnumerableAttribute.g.cs.
    DBG: Adding TraceAttribute as TraceAttribute.g.cs.
    DBG: Adding DebugAttribute as DebugAttribute.g.cs.
    DBG: Adding InfoAttribute as InfoAttribute.g.cs.
    DBG: Adding WarningAttribute as WarningAttribute.g.cs.
    DBG: Adding ErrorAttribute as ErrorAttribute.g.cs.
    DBG: Adding CriticalAttribute as CriticalAttribute.g.cs.
    DBG: Adding MeterGenerationAttribute as MeterGenerationAttribute.g.cs.
    DBG: Adding MeterAttribute as MeterAttribute.g.cs.
    DBG: Adding MeterNameGenerationType as MeterNameGenerationType.g.cs.
    DBG: Adding InstrumentMeasurementAttribute as InstrumentMeasurementAttribute.g.cs.
    DBG: Adding AutoCounterAttribute as AutoCounterAttribute.g.cs.
    DBG: Adding CounterAttribute as CounterAttribute.g.cs.
    DBG: Adding UpDownCounterAttribute as UpDownCounterAttribute.g.cs.
    DBG: Adding HistogramAttribute as HistogramAttribute.g.cs.
    DBG: Adding ObservableCounterAttribute as ObservableCounterAttribute.g.cs.
    DBG: Adding ObservableGaugeAttribute as ObservableGaugeAttribute.g.cs.
    DBG: Adding ObservableUpDownCounterAttribute as ObservableUpDownCounterAttribute.g.cs.
    DBG: Adding TagAttribute as TagAttribute.g.cs.
    DBG: Adding ExcludeAttribute as ExcludeAttribute.g.cs.
    DBG: Adding TelemetryGenerationAttribute as TelemetryGenerationAttribute.g.cs.
    DBG: Adding Targets as Targets.g.cs.
    DBG: Adding NamingConvention as NamingConvention.g.cs.
    DBG: Adding ExcludeTargetsAttribute as ExcludeTargetsAttribute.g.cs.
    DBG: --- Finished adding templates.
    DBG: Found attribute: Purview.Telemetry.ActivitySourceAttribute("activity-source")
    DBG: Found attribute: Purview.Telemetry.TelemetryGenerationAttribute(GenerateDependencyExtension = false)
    DBG: Found attribute: Purview.Telemetry.ActivityAttribute
    DBG: Found explicit activity: DuplicateMethodName.
    DBG: Found Activity method ITestTelemetry.DuplicateMethodName.
    DBG: Found explicit baggage: stringParam.
    DBG: Found attribute: Purview.Telemetry.BaggageAttribute
    DBG: Found explicit tag: intParam.
    DBG: Found attribute: Purview.Telemetry.TagAttribute
    DBG: Inferring tag: boolParam.
    DBG: Found attribute: Purview.Telemetry.EventAttribute(System.Diagnostics.ActivityStatusCode.Unset)
    DBG: Found explicit event: DuplicateMethodName.
    DBG: Found Event method ITestTelemetry.DuplicateMethodName.
    DBG: Inferring tag: stringParam.
    DBG: Found explicit context: DuplicateMethodName.
    DBG: Found Context method ITestTelemetry.DuplicateMethodName.
    DBG: Inferring tag: intParam.
    DBG: Activity generation target: TestTelemetryCore
    DBG: Generating activity class for: TestTelemetryCore
    DBG: Generating RecordExceptionInternal.
    DBG: Skipping dependency injection emit.
    DBG: Found attribute: Purview.Telemetry.ActivitySourceAttribute("activity-source")
    DBG: Found attribute: Purview.Telemetry.TelemetryGenerationAttribute(GenerateDependencyExtension = false)
    DBG: Found attribute: Purview.Telemetry.ActivityAttribute
    DBG: Found explicit activity: DuplicateMethodName.
    DBG: Found Activity method ITestTelemetry.DuplicateMethodName.
    DBG: Found explicit baggage: stringParam.
    DBG: Found attribute: Purview.Telemetry.BaggageAttribute
    DBG: Found explicit tag: intParam.
    DBG: Found attribute: Purview.Telemetry.TagAttribute
    DBG: Inferring tag: boolParam.
    DBG: Found attribute: Purview.Telemetry.EventAttribute(System.Diagnostics.ActivityStatusCode.Unset)
    DBG: Found explicit event: DuplicateMethodName.
    DBG: Found Event method ITestTelemetry.DuplicateMethodName.
    DBG: Inferring tag: stringParam.
    DBG: Found explicit context: DuplicateMethodName.
    DBG: Found Context method ITestTelemetry.DuplicateMethodName.
    DBG: Inferring tag: intParam.
    DBG: Generating Telemetry Names using class 'TelemetryNames'.
    
  Error output
failed Generate_GivenContextMethodReturningBool_RaisesDiagnostic (7s 150ms)
  [Test Failure] VerifyException: Directory: P:\GitHub\kjldev\purview-telemetry-sourcegenerator\src\Purview.Telemetry.SourceGenerator.IntegrationTests\Snapshots
Delete:
  - TelemetrySourceGeneratorTests.Generate_GivenContextMethodReturningBool_RaisesDiagnostic.verified.txt
Equal:
  - Received: TelemetrySourceGeneratorTests.Generate_GivenContextMethodReturningBool_RaisesDiagnostic#ActivityAttribute.g.received.cs
    Verified: TelemetrySourceGeneratorTests.Generate_GivenContextMethodReturningBool_RaisesDiagnostic#ActivityAttribute.g.verified.cs
  - Received: TelemetrySourceGeneratorTests.Generate_GivenContextMethodReturningBool_RaisesDiagnostic#ActivitySourceAttribute.g.received.cs
    Verified: TelemetrySourceGeneratorTests.Generate_GivenContextMethodReturningBool_RaisesDiagnostic#ActivitySourceAttribute.g.verified.cs
  - Received: TelemetrySourceGeneratorTests.Generate_GivenContextMethodReturningBool_RaisesDiagnostic#ActivitySourceGenerationAttribute.g.received.cs
    Verified: TelemetrySourceGeneratorTests.Generate_GivenContextMethodReturningBool_RaisesDiagnostic#ActivitySourceGenerationAttribute.g.verified.cs
  - Received: TelemetrySourceGeneratorTests.Generate_GivenContextMethodReturningBool_RaisesDiagnostic#AutoCounterAttribute.g.received.cs
    Verified: TelemetrySourceGeneratorTests.Generate_GivenContextMethodReturningBool_RaisesDiagnostic#AutoCounterAttribute.g.verified.cs
  - Received: TelemetrySourceGeneratorTests.Generate_GivenContextMethodReturningBool_RaisesDiagnostic#BaggageAttribute.g.received.cs
    Verified: TelemetrySourceGeneratorTests.Generate_GivenContextMethodReturningBool_RaisesDiagnostic#BaggageAttribute.g.verified.cs
  - Received: TelemetrySourceGeneratorTests.Generate_GivenContextMethodReturningBool_RaisesDiagnostic#ContextAttribute.g.received.cs
    Verified: TelemetrySourceGeneratorTests.Generate_GivenContextMethodReturningBool_RaisesDiagnostic#ContextAttribute.g.verified.cs
  - Received: TelemetrySourceGeneratorTests.Generate_GivenContextMethodReturningBool_RaisesDiagnostic#CounterAttribute.g.received.cs
    Verified: TelemetrySourceGeneratorTests.Generate_GivenContextMethodReturningBool_RaisesDiagnostic#CounterAttribute.g.verified.cs
  - Received: TelemetrySourceGeneratorTests.Generate_GivenContextMethodReturningBool_RaisesDiagnostic#CriticalAttribute.g.received.cs
    Verified: TelemetrySourceGeneratorTests.Generate_GivenContextMethodReturningBool_RaisesDiagnostic#CriticalAttribute.g.verified.cs
  - Received: TelemetrySourceGeneratorTests.Generate_GivenContextMethodReturningBool_RaisesDiagnostic#DebugAttribute.g.received.cs
    Verified: TelemetrySourceGeneratorTests.Generate_GivenContextMethodReturningBool_RaisesDiagnostic#DebugAttribute.g.verified.cs
  - Received: TelemetrySourceGeneratorTests.Generate_GivenContextMethodReturningBool_RaisesDiagnostic#ErrorAttribute.g.received.cs
    Verified: TelemetrySourceGeneratorTests.Generate_GivenContextMethodReturningBool_RaisesDiagnostic#ErrorAttribute.g.verified.cs
  - Received: TelemetrySourceGeneratorTests.Generate_GivenContextMethodReturningBool_RaisesDiagnostic#EscapeAttribute.g.received.cs
    Verified: TelemetrySourceGeneratorTests.Generate_GivenContextMethodReturningBool_RaisesDiagnostic#EscapeAttribute.g.verified.cs
  - Received: TelemetrySourceGeneratorTests.Generate_GivenContextMethodReturningBool_RaisesDiagnostic#EventAttribute.g.received.cs
    Verified: TelemetrySourceGeneratorTests.Generate_GivenContextMethodReturningBool_RaisesDiagnostic#EventAttribute.g.verified.cs
  - Received: TelemetrySourceGeneratorTests.Generate_GivenContextMethodReturningBool_RaisesDiagnostic#ExcludeAttribute.g.received.cs
    Verified: TelemetrySourceGeneratorTests.Generate_GivenContextMethodReturningBool_RaisesDiagnostic#ExcludeAttribute.g.verified.cs
  - Received: TelemetrySourceGeneratorTests.Generate_GivenContextMethodReturningBool_RaisesDiagnostic#ExcludeTargetsAttribute.g.received.cs
    Verified: TelemetrySourceGeneratorTests.Generate_GivenContextMethodReturningBool_RaisesDiagnostic#ExcludeTargetsAttribute.g.verified.cs
  - Received: TelemetrySourceGeneratorTests.Generate_GivenContextMethodReturningBool_RaisesDiagnostic#ExpandEnumerableAttribute.g.received.cs
    Verified: TelemetrySourceGeneratorTests.Generate_GivenContextMethodReturningBool_RaisesDiagnostic#ExpandEnumerableAttribute.g.verified.cs
  - Received: TelemetrySourceGeneratorTests.Generate_GivenContextMethodReturningBool_RaisesDiagnostic#HistogramAttribute.g.received.cs
    Verified: TelemetrySourceGeneratorTests.Generate_GivenContextMethodReturningBool_RaisesDiagnostic#HistogramAttribute.g.verified.cs
  - Received: TelemetrySourceGeneratorTests.Generate_GivenContextMethodReturningBool_RaisesDiagnostic#InfoAttribute.g.received.cs
    Verified: TelemetrySourceGeneratorTests.Generate_GivenContextMethodReturningBool_RaisesDiagnostic#InfoAttribute.g.verified.cs
  - Received: TelemetrySourceGeneratorTests.Generate_GivenContextMethodReturningBool_RaisesDiagnostic#InstrumentMeasurementAttribute.g.received.cs
    Verified: TelemetrySourceGeneratorTests.Generate_GivenContextMethodReturningBool_RaisesDiagnostic#InstrumentMeasurementAttribute.g.verified.cs
  - Received: TelemetrySourceGeneratorTests.Generate_GivenContextMethodReturningBool_RaisesDiagnostic#LogAttribute.g.received.cs
    Verified: TelemetrySourceGeneratorTests.Generate_GivenContextMethodReturningBool_RaisesDiagnostic#LogAttribute.g.verified.cs
  - Received: TelemetrySourceGeneratorTests.Generate_GivenContextMethodReturningBool_RaisesDiagnostic#LoggerAttribute.g.received.cs
    Verified: TelemetrySourceGeneratorTests.Generate_GivenContextMethodReturningBool_RaisesDiagnostic#LoggerAttribute.g.verified.cs
  - Received: TelemetrySourceGeneratorTests.Generate_GivenContextMethodReturningBool_RaisesDiagnostic#LoggerGenerationAttribute.g.received.cs
    Verified: TelemetrySourceGeneratorTests.Generate_GivenContextMethodReturningBool_RaisesDiagnostic#LoggerGenerationAttribute.g.verified.cs
  - Received: TelemetrySourceGeneratorTests.Generate_GivenContextMethodReturningBool_RaisesDiagnostic#LoggerGenerationMode.g.received.cs
    Verified: TelemetrySourceGeneratorTests.Generate_GivenContextMethodReturningBool_RaisesDiagnostic#LoggerGenerationMode.g.verified.cs
  - Received: TelemetrySourceGeneratorTests.Generate_GivenContextMethodReturningBool_RaisesDiagnostic#LogPrefixType.g.received.cs
    Verified: TelemetrySourceGeneratorTests.Generate_GivenContextMethodReturningBool_RaisesDiagnostic#LogPrefixType.g.verified.cs
  - Received: TelemetrySourceGeneratorTests.Generate_GivenContextMethodReturningBool_RaisesDiagnostic#MeterAttribute.g.received.cs
    Verified: TelemetrySourceGeneratorTests.Generate_GivenContextMethodReturningBool_RaisesDiagnostic#MeterAttribute.g.verified.cs
  - Received: TelemetrySourceGeneratorTests.Generate_GivenContextMethodReturningBool_RaisesDiagnostic#MeterGenerationAttribute.g.received.cs
    Verified: TelemetrySourceGeneratorTests.Generate_GivenContextMethodReturningBool_RaisesDiagnostic#MeterGenerationAttribute.g.verified.cs
  - Received: TelemetrySourceGeneratorTests.Generate_GivenContextMethodReturningBool_RaisesDiagnostic#MeterNameGenerationType.g.received.cs
    Verified: TelemetrySourceGeneratorTests.Generate_GivenContextMethodReturningBool_RaisesDiagnostic#MeterNameGenerationType.g.verified.cs
  - Received: TelemetrySourceGeneratorTests.Generate_GivenContextMethodReturningBool_RaisesDiagnostic#NamingConvention.g.received.cs
    Verified: TelemetrySourceGeneratorTests.Generate_GivenContextMethodReturningBool_RaisesDiagnostic#NamingConvention.g.verified.cs
  - Received: TelemetrySourceGeneratorTests.Generate_GivenContextMethodReturningBool_RaisesDiagnostic#ObservableCounterAttribute.g.received.cs
    Verified: TelemetrySourceGeneratorTests.Generate_GivenContextMethodReturningBool_RaisesDiagnostic#ObservableCounterAttribute.g.verified.cs
  - Received: TelemetrySourceGeneratorTests.Generate_GivenContextMethodReturningBool_RaisesDiagnostic#ObservableGaugeAttribute.g.received.cs
    Verified: TelemetrySourceGeneratorTests.Generate_GivenContextMethodReturningBool_RaisesDiagnostic#ObservableGaugeAttribute.g.verified.cs
  - Received: TelemetrySourceGeneratorTests.Generate_GivenContextMethodReturningBool_RaisesDiagnostic#ObservableUpDownCounterAttribute.g.received.cs
    Verified: TelemetrySourceGeneratorTests.Generate_GivenContextMethodReturningBool_RaisesDiagnostic#ObservableUpDownCounterAttribute.g.verified.cs
  - Received: TelemetrySourceGeneratorTests.Generate_GivenContextMethodReturningBool_RaisesDiagnostic#Purview.Telemetry.SourceGenerator.TelemetryNames.g.received.cs
    Verified: TelemetrySourceGeneratorTests.Generate_GivenContextMethodReturningBool_RaisesDiagnostic#Purview.Telemetry.SourceGenerator.TelemetryNames.g.verified.cs
  - Received: TelemetrySourceGeneratorTests.Generate_GivenContextMethodReturningBool_RaisesDiagnostic#StatusDescriptionAttribute.g.received.cs
    Verified: TelemetrySourceGeneratorTests.Generate_GivenContextMethodReturningBool_RaisesDiagnostic#StatusDescriptionAttribute.g.verified.cs
  - Received: TelemetrySourceGeneratorTests.Generate_GivenContextMethodReturningBool_RaisesDiagnostic#TagAttribute.g.received.cs
    Verified: TelemetrySourceGeneratorTests.Generate_GivenContextMethodReturningBool_RaisesDiagnostic#TagAttribute.g.verified.cs
  - Received: TelemetrySourceGeneratorTests.Generate_GivenContextMethodReturningBool_RaisesDiagnostic#Targets.g.received.cs
    Verified: TelemetrySourceGeneratorTests.Generate_GivenContextMethodReturningBool_RaisesDiagnostic#Targets.g.verified.cs
  - Received: TelemetrySourceGeneratorTests.Generate_GivenContextMethodReturningBool_RaisesDiagnostic#TelemetryGenerationAttribute.g.received.cs
    Verified: TelemetrySourceGeneratorTests.Generate_GivenContextMethodReturningBool_RaisesDiagnostic#TelemetryGenerationAttribute.g.verified.cs
  - Received: TelemetrySourceGeneratorTests.Generate_GivenContextMethodReturningBool_RaisesDiagnostic#Testing.InvalidTelemetryCore.Activity.g.received.cs
    Verified: TelemetrySourceGeneratorTests.Generate_GivenContextMethodReturningBool_RaisesDiagnostic#Testing.InvalidTelemetryCore.Activity.g.verified.cs
  - Received: TelemetrySourceGeneratorTests.Generate_GivenContextMethodReturningBool_RaisesDiagnostic#TraceAttribute.g.received.cs
    Verified: TelemetrySourceGeneratorTests.Generate_GivenContextMethodReturningBool_RaisesDiagnostic#TraceAttribute.g.verified.cs
  - Received: TelemetrySourceGeneratorTests.Generate_GivenContextMethodReturningBool_RaisesDiagnostic#UpDownCounterAttribute.g.received.cs
    Verified: TelemetrySourceGeneratorTests.Generate_GivenContextMethodReturningBool_RaisesDiagnostic#UpDownCounterAttribute.g.verified.cs
  - Received: TelemetrySourceGeneratorTests.Generate_GivenContextMethodReturningBool_RaisesDiagnostic#WarningAttribute.g.received.cs
    Verified: TelemetrySourceGeneratorTests.Generate_GivenContextMethodReturningBool_RaisesDiagnostic#WarningAttribute.g.verified.cs

  from P:\GitHub\kjldev\purview-telemetry-sourcegenerator\src\Purview.Telemetry.SourceGenerator.IntegrationTests\bin\Release\net10.0\Purview.Telemetry.SourceGenerator.IntegrationTests.dll (net10.0|x64)
  TUnit.Engine.Exceptions.TestFailedException: [Test Failure] VerifyException: Directory: P:\GitHub\kjldev\purview-telemetry-sourcegenerator\src\Purview.Telemetry.SourceGenerator.IntegrationTests\Snapshots
  Delete:
    - TelemetrySourceGeneratorTests.Generate_GivenContextMethodReturningBool_RaisesDiagnostic.verified.txt
  Equal:
    - Received: TelemetrySourceGeneratorTests.Generate_GivenContextMethodReturningBool_RaisesDiagnostic#ActivityAttribute.g.received.cs
      Verified: TelemetrySourceGeneratorTests.Generate_GivenContextMethodReturningBool_RaisesDiagnostic#ActivityAttribute.g.verified.cs
    - Received: TelemetrySourceGeneratorTests.Generate_GivenContextMethodReturningBool_RaisesDiagnostic#ActivitySourceAttribute.g.received.cs
      Verified: TelemetrySourceGeneratorTests.Generate_GivenContextMethodReturningBool_RaisesDiagnostic#ActivitySourceAttribute.g.verified.cs
    - Received: TelemetrySourceGeneratorTests.Generate_GivenContextMethodReturningBool_RaisesDiagnostic#ActivitySourceGenerationAttribute.g.received.cs
      Verified: TelemetrySourceGeneratorTests.Generate_GivenContextMethodReturningBool_RaisesDiagnostic#ActivitySourceGenerationAttribute.g.verified.cs
    - Received: TelemetrySourceGeneratorTests.Generate_GivenContextMethodReturningBool_RaisesDiagnostic#AutoCounterAttribute.g.received.cs
      Verified: TelemetrySourceGeneratorTests.Generate_GivenContextMethodReturningBool_RaisesDiagnostic#AutoCounterAttribute.g.verified.cs
    - Received: TelemetrySourceGeneratorTests.Generate_GivenContextMethodReturningBool_RaisesDiagnostic#BaggageAttribute.g.received.cs
      Verified: TelemetrySourceGeneratorTests.Generate_GivenContextMethodReturningBool_RaisesDiagnostic#BaggageAttribute.g.verified.cs
    - Received: TelemetrySourceGeneratorTests.Generate_GivenContextMethodReturningBool_RaisesDiagnostic#ContextAttribute.g.received.cs
      Verified: TelemetrySourceGeneratorTests.Generate_GivenContextMethodReturningBool_RaisesDiagnostic#ContextAttribute.g.verified.cs
    - Received: TelemetrySourceGeneratorTests.Generate_GivenContextMethodReturningBool_RaisesDiagnostic#CounterAttribute.g.received.cs
      Verified: TelemetrySourceGeneratorTests.Generate_GivenContextMethodReturningBool_RaisesDiagnostic#CounterAttribute.g.verified.cs
    - Received: TelemetrySourceGeneratorTests.Generate_GivenContextMethodReturningBool_RaisesDiagnostic#CriticalAttribute.g.received.cs
      Verified: TelemetrySourceGeneratorTests.Generate_GivenContextMethodReturningBool_RaisesDiagnostic#CriticalAttribute.g.verified.cs
    - Received: TelemetrySourceGeneratorTests.Generate_GivenContextMethodReturningBool_RaisesDiagnostic#DebugAttribute.g.received.cs
      Verified: TelemetrySourceGeneratorTests.Generate_GivenContextMethodReturningBool_RaisesDiagnostic#DebugAttribute.g.verified.cs
    - Received: TelemetrySourceGeneratorTests.Generate_GivenContextMethodReturningBool_RaisesDiagnostic#ErrorAttribute.g.received.cs
      Verified: TelemetrySourceGeneratorTests.Generate_GivenContextMethodReturningBool_RaisesDiagnostic#ErrorAttribute.g.verified.cs
    - Received: TelemetrySourceGeneratorTests.Generate_GivenContextMethodReturningBool_RaisesDiagnostic#EscapeAttribute.g.received.cs
      Verified: TelemetrySourceGeneratorTests.Generate_GivenContextMethodReturningBool_RaisesDiagnostic#EscapeAttribute.g.verified.cs
    - Received: TelemetrySourceGeneratorTests.Generate_GivenContextMethodReturningBool_RaisesDiagnostic#EventAttribute.g.received.cs
      Verified: TelemetrySourceGeneratorTests.Generate_GivenContextMethodReturningBool_RaisesDiagnostic#EventAttribute.g.verified.cs
    - Received: TelemetrySourceGeneratorTests.Generate_GivenContextMethodReturningBool_RaisesDiagnostic#ExcludeAttribute.g.received.cs
      Verified: TelemetrySourceGeneratorTests.Generate_GivenContextMethodReturningBool_RaisesDiagnostic#ExcludeAttribute.g.verified.cs
    - Received: TelemetrySourceGeneratorTests.Generate_GivenContextMethodReturningBool_RaisesDiagnostic#ExcludeTargetsAttribute.g.received.cs
      Verified: TelemetrySourceGeneratorTests.Generate_GivenContextMethodReturningBool_RaisesDiagnostic#ExcludeTargetsAttribute.g.verified.cs
    - Received: TelemetrySourceGeneratorTests.Generate_GivenContextMethodReturningBool_RaisesDiagnostic#ExpandEnumerableAttribute.g.received.cs
      Verified: TelemetrySourceGeneratorTests.Generate_GivenContextMethodReturningBool_RaisesDiagnostic#ExpandEnumerableAttribute.g.verified.cs
    - Received: TelemetrySourceGeneratorTests.Generate_GivenContextMethodReturningBool_RaisesDiagnostic#HistogramAttribute.g.received.cs
      Verified: TelemetrySourceGeneratorTests.Generate_GivenContextMethodReturningBool_RaisesDiagnostic#HistogramAttribute.g.verified.cs
    - Received: TelemetrySourceGeneratorTests.Generate_GivenContextMethodReturningBool_RaisesDiagnostic#InfoAttribute.g.received.cs
      Verified: TelemetrySourceGeneratorTests.Generate_GivenContextMethodReturningBool_RaisesDiagnostic#InfoAttribute.g.verified.cs
    - Received: TelemetrySourceGeneratorTests.Generate_GivenContextMethodReturningBool_RaisesDiagnostic#InstrumentMeasurementAttribute.g.received.cs
      Verified: TelemetrySourceGeneratorTests.Generate_GivenContextMethodReturningBool_RaisesDiagnostic#InstrumentMeasurementAttribute.g.verified.cs
    - Received: TelemetrySourceGeneratorTests.Generate_GivenContextMethodReturningBool_RaisesDiagnostic#LogAttribute.g.received.cs
      Verified: TelemetrySourceGeneratorTests.Generate_GivenContextMethodReturningBool_RaisesDiagnostic#LogAttribute.g.verified.cs
    - Received: TelemetrySourceGeneratorTests.Generate_GivenContextMethodReturningBool_RaisesDiagnostic#LoggerAttribute.g.received.cs
      Verified: TelemetrySourceGeneratorTests.Generate_GivenContextMethodReturningBool_RaisesDiagnostic#LoggerAttribute.g.verified.cs
    - Received: TelemetrySourceGeneratorTests.Generate_GivenContextMethodReturningBool_RaisesDiagnostic#LoggerGenerationAttribute.g.received.cs
      Verified: TelemetrySourceGeneratorTests.Generate_GivenContextMethodReturningBool_RaisesDiagnostic#LoggerGenerationAttribute.g.verified.cs
    - Received: TelemetrySourceGeneratorTests.Generate_GivenContextMethodReturningBool_RaisesDiagnostic#LoggerGenerationMode.g.received.cs
      Verified: TelemetrySourceGeneratorTests.Generate_GivenContextMethodReturningBool_RaisesDiagnostic#LoggerGenerationMode.g.verified.cs
    - Received: TelemetrySourceGeneratorTests.Generate_GivenContextMethodReturningBool_RaisesDiagnostic#LogPrefixType.g.received.cs
      Verified: TelemetrySourceGeneratorTests.Generate_GivenContextMethodReturningBool_RaisesDiagnostic#LogPrefixType.g.verified.cs
    - Received: TelemetrySourceGeneratorTests.Generate_GivenContextMethodReturningBool_RaisesDiagnostic#MeterAttribute.g.received.cs
      Verified: TelemetrySourceGeneratorTests.Generate_GivenContextMethodReturningBool_RaisesDiagnostic#MeterAttribute.g.verified.cs
    - Received: TelemetrySourceGeneratorTests.Generate_GivenContextMethodReturningBool_RaisesDiagnostic#MeterGenerationAttribute.g.received.cs
      Verified: TelemetrySourceGeneratorTests.Generate_GivenContextMethodReturningBool_RaisesDiagnostic#MeterGenerationAttribute.g.verified.cs
    - Received: TelemetrySourceGeneratorTests.Generate_GivenContextMethodReturningBool_RaisesDiagnostic#MeterNameGenerationType.g.received.cs
      Verified: TelemetrySourceGeneratorTests.Generate_GivenContextMethodReturningBool_RaisesDiagnostic#MeterNameGenerationType.g.verified.cs
    - Received: TelemetrySourceGeneratorTests.Generate_GivenContextMethodReturningBool_RaisesDiagnostic#NamingConvention.g.received.cs
      Verified: TelemetrySourceGeneratorTests.Generate_GivenContextMethodReturningBool_RaisesDiagnostic#NamingConvention.g.verified.cs
    - Received: TelemetrySourceGeneratorTests.Generate_GivenContextMethodReturningBool_RaisesDiagnostic#ObservableCounterAttribute.g.received.cs
      Verified: TelemetrySourceGeneratorTests.Generate_GivenContextMethodReturningBool_RaisesDiagnostic#ObservableCounterAttribute.g.verified.cs
    - Received: TelemetrySourceGeneratorTests.Generate_GivenContextMethodReturningBool_RaisesDiagnostic#ObservableGaugeAttribute.g.received.cs
      Verified: TelemetrySourceGeneratorTests.Generate_GivenContextMethodReturningBool_RaisesDiagnostic#ObservableGaugeAttribute.g.verified.cs
    - Received: TelemetrySourceGeneratorTests.Generate_GivenContextMethodReturningBool_RaisesDiagnostic#ObservableUpDownCounterAttribute.g.received.cs
      Verified: TelemetrySourceGeneratorTests.Generate_GivenContextMethodReturningBool_RaisesDiagnostic#ObservableUpDownCounterAttribute.g.verified.cs
    - Received: TelemetrySourceGeneratorTests.Generate_GivenContextMethodReturningBool_RaisesDiagnostic#Purview.Telemetry.SourceGenerator.TelemetryNames.g.received.cs
      Verified: TelemetrySourceGeneratorTests.Generate_GivenContextMethodReturningBool_RaisesDiagnostic#Purview.Telemetry.SourceGenerator.TelemetryNames.g.verified.cs
    - Received: TelemetrySourceGeneratorTests.Generate_GivenContextMethodReturningBool_RaisesDiagnostic#StatusDescriptionAttribute.g.received.cs
      Verified: TelemetrySourceGeneratorTests.Generate_GivenContextMethodReturningBool_RaisesDiagnostic#StatusDescriptionAttribute.g.verified.cs
    - Received: TelemetrySourceGeneratorTests.Generate_GivenContextMethodReturningBool_RaisesDiagnostic#TagAttribute.g.received.cs
      Verified: TelemetrySourceGeneratorTests.Generate_GivenContextMethodReturningBool_RaisesDiagnostic#TagAttribute.g.verified.cs
    - Received: TelemetrySourceGeneratorTests.Generate_GivenContextMethodReturningBool_RaisesDiagnostic#Targets.g.received.cs
      Verified: TelemetrySourceGeneratorTests.Generate_GivenContextMethodReturningBool_RaisesDiagnostic#Targets.g.verified.cs
    - Received: TelemetrySourceGeneratorTests.Generate_GivenContextMethodReturningBool_RaisesDiagnostic#TelemetryGenerationAttribute.g.received.cs
      Verified: TelemetrySourceGeneratorTests.Generate_GivenContextMethodReturningBool_RaisesDiagnostic#TelemetryGenerationAttribute.g.verified.cs
    - Received: TelemetrySourceGeneratorTests.Generate_GivenContextMethodReturningBool_RaisesDiagnostic#Testing.InvalidTelemetryCore.Activity.g.received.cs
      Verified: TelemetrySourceGeneratorTests.Generate_GivenContextMethodReturningBool_RaisesDiagnostic#Testing.InvalidTelemetryCore.Activity.g.verified.cs
    - Received: TelemetrySourceGeneratorTests.Generate_GivenContextMethodReturningBool_RaisesDiagnostic#TraceAttribute.g.received.cs
      Verified: TelemetrySourceGeneratorTests.Generate_GivenContextMethodReturningBool_RaisesDiagnostic#TraceAttribute.g.verified.cs
    - Received: TelemetrySourceGeneratorTests.Generate_GivenContextMethodReturningBool_RaisesDiagnostic#UpDownCounterAttribute.g.received.cs
      Verified: TelemetrySourceGeneratorTests.Generate_GivenContextMethodReturningBool_RaisesDiagnostic#UpDownCounterAttribute.g.verified.cs
    - Received: TelemetrySourceGeneratorTests.Generate_GivenContextMethodReturningBool_RaisesDiagnostic#WarningAttribute.g.received.cs
      Verified: TelemetrySourceGeneratorTests.Generate_GivenContextMethodReturningBool_RaisesDiagnostic#WarningAttribute.g.verified.cs
  
  Standard output
    DBG: --- Adding templates.
    DBG: Adding ActivitySourceGenerationAttribute as ActivitySourceGenerationAttribute.g.cs.
    DBG: Adding ActivitySourceAttribute as ActivitySourceAttribute.g.cs.
    DBG: Adding ActivityAttribute as ActivityAttribute.g.cs.
    DBG: Adding EventAttribute as EventAttribute.g.cs.
    DBG: Adding ContextAttribute as ContextAttribute.g.cs.
    DBG: Adding BaggageAttribute as BaggageAttribute.g.cs.
    DBG: Adding EscapeAttribute as EscapeAttribute.g.cs.
    DBG: Adding StatusDescriptionAttribute as StatusDescriptionAttribute.g.cs.
    DBG: Adding LoggerGenerationAttribute as LoggerGenerationAttribute.g.cs.
    DBG: Adding LoggerAttribute as LoggerAttribute.g.cs.
    DBG: Adding LogAttribute as LogAttribute.g.cs.
    DBG: Adding LogPrefixType as LogPrefixType.g.cs.
    DBG: Adding LoggerGenerationMode as LoggerGenerationMode.g.cs.
    DBG: Adding ExpandEnumerableAttribute as ExpandEnumerableAttribute.g.cs.
    DBG: Adding TraceAttribute as TraceAttribute.g.cs.
    DBG: Adding DebugAttribute as DebugAttribute.g.cs.
    DBG: Adding InfoAttribute as InfoAttribute.g.cs.
    DBG: Adding WarningAttribute as WarningAttribute.g.cs.
    DBG: Adding ErrorAttribute as ErrorAttribute.g.cs.
    DBG: Adding CriticalAttribute as CriticalAttribute.g.cs.
    DBG: Adding MeterGenerationAttribute as MeterGenerationAttribute.g.cs.
    DBG: Adding MeterAttribute as MeterAttribute.g.cs.
    DBG: Adding MeterNameGenerationType as MeterNameGenerationType.g.cs.
    DBG: Adding InstrumentMeasurementAttribute as InstrumentMeasurementAttribute.g.cs.
    DBG: Adding AutoCounterAttribute as AutoCounterAttribute.g.cs.
    DBG: Adding CounterAttribute as CounterAttribute.g.cs.
    DBG: Adding UpDownCounterAttribute as UpDownCounterAttribute.g.cs.
    DBG: Adding HistogramAttribute as HistogramAttribute.g.cs.
    DBG: Adding ObservableCounterAttribute as ObservableCounterAttribute.g.cs.
    DBG: Adding ObservableGaugeAttribute as ObservableGaugeAttribute.g.cs.
    DBG: Adding ObservableUpDownCounterAttribute as ObservableUpDownCounterAttribute.g.cs.
    DBG: Adding TagAttribute as TagAttribute.g.cs.
    DBG: Adding ExcludeAttribute as ExcludeAttribute.g.cs.
    DBG: Adding TelemetryGenerationAttribute as TelemetryGenerationAttribute.g.cs.
    DBG: Adding Targets as Targets.g.cs.
    DBG: Adding NamingConvention as NamingConvention.g.cs.
    DBG: Adding ExcludeTargetsAttribute as ExcludeTargetsAttribute.g.cs.
    DBG: --- Finished adding templates.
    DBG: Found attribute: Purview.Telemetry.ActivitySourceAttribute("testing-activity-source")
    DBG: Found attribute: Purview.Telemetry.TelemetryGenerationAttribute(GenerateDependencyExtension = false)
    DBG: Found attribute: Purview.Telemetry.ActivityAttribute
    DBG: Found explicit activity: ValidActivity.
    DBG: Found Activity method IInvalidTelemetry.ValidActivity.
    DBG: Inferring tag: operationId.
    DBG: Found explicit context: InvalidContextReturn.
    DBG: Found Context method IInvalidTelemetry.InvalidContextReturn.
    DBG: Inferring tag: key.
    DBG: Inferring tag: value.
    DBG: Activity generation target: Testing.InvalidTelemetryCore
    DBG: Generating activity class for: Testing.InvalidTelemetryCore
    DBG: Generating RecordExceptionInternal.
    DIA: The return type bool isn't valid for an activity, event, or context method.
    DBG: Skipping dependency injection emit.
    DBG: Found attribute: Purview.Telemetry.ActivitySourceAttribute("testing-activity-source")
    DBG: Found attribute: Purview.Telemetry.TelemetryGenerationAttribute(GenerateDependencyExtension = false)
    DBG: Found attribute: Purview.Telemetry.ActivityAttribute
    DBG: Found explicit activity: ValidActivity.
    DBG: Found Activity method IInvalidTelemetry.ValidActivity.
    DBG: Inferring tag: operationId.
    DBG: Found explicit context: InvalidContextReturn.
    DBG: Found Context method IInvalidTelemetry.InvalidContextReturn.
    DBG: Inferring tag: key.
    DBG: Inferring tag: value.
    DBG: Generating Telemetry Names using class 'TelemetryNames'.
    
  Error output
failed Generate_GivenOnlyEventAndContextWithoutActivity_RaisesDiagnostic (9s 144ms)
  [Test Failure] VerifyException: Directory: P:\GitHub\kjldev\purview-telemetry-sourcegenerator\src\Purview.Telemetry.SourceGenerator.IntegrationTests\Snapshots
Delete:
  - TelemetrySourceGeneratorTests.Generate_GivenOnlyEventAndContextWithoutActivity_RaisesDiagnostic.verified.txt
Equal:
  - Received: TelemetrySourceGeneratorTests.Generate_GivenOnlyEventAndContextWithoutActivity_RaisesDiagnostic#ActivityAttribute.g.received.cs
    Verified: TelemetrySourceGeneratorTests.Generate_GivenOnlyEventAndContextWithoutActivity_RaisesDiagnostic#ActivityAttribute.g.verified.cs
  - Received: TelemetrySourceGeneratorTests.Generate_GivenOnlyEventAndContextWithoutActivity_RaisesDiagnostic#ActivitySourceAttribute.g.received.cs
    Verified: TelemetrySourceGeneratorTests.Generate_GivenOnlyEventAndContextWithoutActivity_RaisesDiagnostic#ActivitySourceAttribute.g.verified.cs
  - Received: TelemetrySourceGeneratorTests.Generate_GivenOnlyEventAndContextWithoutActivity_RaisesDiagnostic#ActivitySourceGenerationAttribute.g.received.cs
    Verified: TelemetrySourceGeneratorTests.Generate_GivenOnlyEventAndContextWithoutActivity_RaisesDiagnostic#ActivitySourceGenerationAttribute.g.verified.cs
  - Received: TelemetrySourceGeneratorTests.Generate_GivenOnlyEventAndContextWithoutActivity_RaisesDiagnostic#AutoCounterAttribute.g.received.cs
    Verified: TelemetrySourceGeneratorTests.Generate_GivenOnlyEventAndContextWithoutActivity_RaisesDiagnostic#AutoCounterAttribute.g.verified.cs
  - Received: TelemetrySourceGeneratorTests.Generate_GivenOnlyEventAndContextWithoutActivity_RaisesDiagnostic#BaggageAttribute.g.received.cs
    Verified: TelemetrySourceGeneratorTests.Generate_GivenOnlyEventAndContextWithoutActivity_RaisesDiagnostic#BaggageAttribute.g.verified.cs
  - Received: TelemetrySourceGeneratorTests.Generate_GivenOnlyEventAndContextWithoutActivity_RaisesDiagnostic#ContextAttribute.g.received.cs
    Verified: TelemetrySourceGeneratorTests.Generate_GivenOnlyEventAndContextWithoutActivity_RaisesDiagnostic#ContextAttribute.g.verified.cs
  - Received: TelemetrySourceGeneratorTests.Generate_GivenOnlyEventAndContextWithoutActivity_RaisesDiagnostic#CounterAttribute.g.received.cs
    Verified: TelemetrySourceGeneratorTests.Generate_GivenOnlyEventAndContextWithoutActivity_RaisesDiagnostic#CounterAttribute.g.verified.cs
  - Received: TelemetrySourceGeneratorTests.Generate_GivenOnlyEventAndContextWithoutActivity_RaisesDiagnostic#CriticalAttribute.g.received.cs
    Verified: TelemetrySourceGeneratorTests.Generate_GivenOnlyEventAndContextWithoutActivity_RaisesDiagnostic#CriticalAttribute.g.verified.cs
  - Received: TelemetrySourceGeneratorTests.Generate_GivenOnlyEventAndContextWithoutActivity_RaisesDiagnostic#DebugAttribute.g.received.cs
    Verified: TelemetrySourceGeneratorTests.Generate_GivenOnlyEventAndContextWithoutActivity_RaisesDiagnostic#DebugAttribute.g.verified.cs
  - Received: TelemetrySourceGeneratorTests.Generate_GivenOnlyEventAndContextWithoutActivity_RaisesDiagnostic#ErrorAttribute.g.received.cs
    Verified: TelemetrySourceGeneratorTests.Generate_GivenOnlyEventAndContextWithoutActivity_RaisesDiagnostic#ErrorAttribute.g.verified.cs
  - Received: TelemetrySourceGeneratorTests.Generate_GivenOnlyEventAndContextWithoutActivity_RaisesDiagnostic#EscapeAttribute.g.received.cs
    Verified: TelemetrySourceGeneratorTests.Generate_GivenOnlyEventAndContextWithoutActivity_RaisesDiagnostic#EscapeAttribute.g.verified.cs
  - Received: TelemetrySourceGeneratorTests.Generate_GivenOnlyEventAndContextWithoutActivity_RaisesDiagnostic#EventAttribute.g.received.cs
    Verified: TelemetrySourceGeneratorTests.Generate_GivenOnlyEventAndContextWithoutActivity_RaisesDiagnostic#EventAttribute.g.verified.cs
  - Received: TelemetrySourceGeneratorTests.Generate_GivenOnlyEventAndContextWithoutActivity_RaisesDiagnostic#ExcludeAttribute.g.received.cs
    Verified: TelemetrySourceGeneratorTests.Generate_GivenOnlyEventAndContextWithoutActivity_RaisesDiagnostic#ExcludeAttribute.g.verified.cs
  - Received: TelemetrySourceGeneratorTests.Generate_GivenOnlyEventAndContextWithoutActivity_RaisesDiagnostic#ExcludeTargetsAttribute.g.received.cs
    Verified: TelemetrySourceGeneratorTests.Generate_GivenOnlyEventAndContextWithoutActivity_RaisesDiagnostic#ExcludeTargetsAttribute.g.verified.cs
  - Received: TelemetrySourceGeneratorTests.Generate_GivenOnlyEventAndContextWithoutActivity_RaisesDiagnostic#ExpandEnumerableAttribute.g.received.cs
    Verified: TelemetrySourceGeneratorTests.Generate_GivenOnlyEventAndContextWithoutActivity_RaisesDiagnostic#ExpandEnumerableAttribute.g.verified.cs
  - Received: TelemetrySourceGeneratorTests.Generate_GivenOnlyEventAndContextWithoutActivity_RaisesDiagnostic#HistogramAttribute.g.received.cs
    Verified: TelemetrySourceGeneratorTests.Generate_GivenOnlyEventAndContextWithoutActivity_RaisesDiagnostic#HistogramAttribute.g.verified.cs
  - Received: TelemetrySourceGeneratorTests.Generate_GivenOnlyEventAndContextWithoutActivity_RaisesDiagnostic#InfoAttribute.g.received.cs
    Verified: TelemetrySourceGeneratorTests.Generate_GivenOnlyEventAndContextWithoutActivity_RaisesDiagnostic#InfoAttribute.g.verified.cs
  - Received: TelemetrySourceGeneratorTests.Generate_GivenOnlyEventAndContextWithoutActivity_RaisesDiagnostic#InstrumentMeasurementAttribute.g.received.cs
    Verified: TelemetrySourceGeneratorTests.Generate_GivenOnlyEventAndContextWithoutActivity_RaisesDiagnostic#InstrumentMeasurementAttribute.g.verified.cs
  - Received: TelemetrySourceGeneratorTests.Generate_GivenOnlyEventAndContextWithoutActivity_RaisesDiagnostic#LogAttribute.g.received.cs
    Verified: TelemetrySourceGeneratorTests.Generate_GivenOnlyEventAndContextWithoutActivity_RaisesDiagnostic#LogAttribute.g.verified.cs
  - Received: TelemetrySourceGeneratorTests.Generate_GivenOnlyEventAndContextWithoutActivity_RaisesDiagnostic#LoggerAttribute.g.received.cs
    Verified: TelemetrySourceGeneratorTests.Generate_GivenOnlyEventAndContextWithoutActivity_RaisesDiagnostic#LoggerAttribute.g.verified.cs
  - Received: TelemetrySourceGeneratorTests.Generate_GivenOnlyEventAndContextWithoutActivity_RaisesDiagnostic#LoggerGenerationAttribute.g.received.cs
    Verified: TelemetrySourceGeneratorTests.Generate_GivenOnlyEventAndContextWithoutActivity_RaisesDiagnostic#LoggerGenerationAttribute.g.verified.cs
  - Received: TelemetrySourceGeneratorTests.Generate_GivenOnlyEventAndContextWithoutActivity_RaisesDiagnostic#LoggerGenerationMode.g.received.cs
    Verified: TelemetrySourceGeneratorTests.Generate_GivenOnlyEventAndContextWithoutActivity_RaisesDiagnostic#LoggerGenerationMode.g.verified.cs
  - Received: TelemetrySourceGeneratorTests.Generate_GivenOnlyEventAndContextWithoutActivity_RaisesDiagnostic#LogPrefixType.g.received.cs
    Verified: TelemetrySourceGeneratorTests.Generate_GivenOnlyEventAndContextWithoutActivity_RaisesDiagnostic#LogPrefixType.g.verified.cs
  - Received: TelemetrySourceGeneratorTests.Generate_GivenOnlyEventAndContextWithoutActivity_RaisesDiagnostic#MeterAttribute.g.received.cs
    Verified: TelemetrySourceGeneratorTests.Generate_GivenOnlyEventAndContextWithoutActivity_RaisesDiagnostic#MeterAttribute.g.verified.cs
  - Received: TelemetrySourceGeneratorTests.Generate_GivenOnlyEventAndContextWithoutActivity_RaisesDiagnostic#MeterGenerationAttribute.g.received.cs
    Verified: TelemetrySourceGeneratorTests.Generate_GivenOnlyEventAndContextWithoutActivity_RaisesDiagnostic#MeterGenerationAttribute.g.verified.cs
  - Received: TelemetrySourceGeneratorTests.Generate_GivenOnlyEventAndContextWithoutActivity_RaisesDiagnostic#MeterNameGenerationType.g.received.cs
    Verified: TelemetrySourceGeneratorTests.Generate_GivenOnlyEventAndContextWithoutActivity_RaisesDiagnostic#MeterNameGenerationType.g.verified.cs
  - Received: TelemetrySourceGeneratorTests.Generate_GivenOnlyEventAndContextWithoutActivity_RaisesDiagnostic#NamingConvention.g.received.cs
    Verified: TelemetrySourceGeneratorTests.Generate_GivenOnlyEventAndContextWithoutActivity_RaisesDiagnostic#NamingConvention.g.verified.cs
  - Received: TelemetrySourceGeneratorTests.Generate_GivenOnlyEventAndContextWithoutActivity_RaisesDiagnostic#ObservableCounterAttribute.g.received.cs
    Verified: TelemetrySourceGeneratorTests.Generate_GivenOnlyEventAndContextWithoutActivity_RaisesDiagnostic#ObservableCounterAttribute.g.verified.cs
  - Received: TelemetrySourceGeneratorTests.Generate_GivenOnlyEventAndContextWithoutActivity_RaisesDiagnostic#ObservableGaugeAttribute.g.received.cs
    Verified: TelemetrySourceGeneratorTests.Generate_GivenOnlyEventAndContextWithoutActivity_RaisesDiagnostic#ObservableGaugeAttribute.g.verified.cs
  - Received: TelemetrySourceGeneratorTests.Generate_GivenOnlyEventAndContextWithoutActivity_RaisesDiagnostic#ObservableUpDownCounterAttribute.g.received.cs
    Verified: TelemetrySourceGeneratorTests.Generate_GivenOnlyEventAndContextWithoutActivity_RaisesDiagnostic#ObservableUpDownCounterAttribute.g.verified.cs
  - Received: TelemetrySourceGeneratorTests.Generate_GivenOnlyEventAndContextWithoutActivity_RaisesDiagnostic#Purview.Telemetry.SourceGenerator.TelemetryNames.g.received.cs
    Verified: TelemetrySourceGeneratorTests.Generate_GivenOnlyEventAndContextWithoutActivity_RaisesDiagnostic#Purview.Telemetry.SourceGenerator.TelemetryNames.g.verified.cs
  - Received: TelemetrySourceGeneratorTests.Generate_GivenOnlyEventAndContextWithoutActivity_RaisesDiagnostic#StatusDescriptionAttribute.g.received.cs
    Verified: TelemetrySourceGeneratorTests.Generate_GivenOnlyEventAndContextWithoutActivity_RaisesDiagnostic#StatusDescriptionAttribute.g.verified.cs
  - Received: TelemetrySourceGeneratorTests.Generate_GivenOnlyEventAndContextWithoutActivity_RaisesDiagnostic#TagAttribute.g.received.cs
    Verified: TelemetrySourceGeneratorTests.Generate_GivenOnlyEventAndContextWithoutActivity_RaisesDiagnostic#TagAttribute.g.verified.cs
  - Received: TelemetrySourceGeneratorTests.Generate_GivenOnlyEventAndContextWithoutActivity_RaisesDiagnostic#Targets.g.received.cs
    Verified: TelemetrySourceGeneratorTests.Generate_GivenOnlyEventAndContextWithoutActivity_RaisesDiagnostic#Targets.g.verified.cs
  - Received: TelemetrySourceGeneratorTests.Generate_GivenOnlyEventAndContextWithoutActivity_RaisesDiagnostic#TelemetryGenerationAttribute.g.received.cs
    Verified: TelemetrySourceGeneratorTests.Generate_GivenOnlyEventAndContextWithoutActivity_RaisesDiagnostic#TelemetryGenerationAttribute.g.verified.cs
  - Received: TelemetrySourceGeneratorTests.Generate_GivenOnlyEventAndContextWithoutActivity_RaisesDiagnostic#Testing.MultiTelemetryCore.Activity.g.received.cs
    Verified: TelemetrySourceGeneratorTests.Generate_GivenOnlyEventAndContextWithoutActivity_RaisesDiagnostic#Testing.MultiTelemetryCore.Activity.g.verified.cs
  - Received: TelemetrySourceGeneratorTests.Generate_GivenOnlyEventAndContextWithoutActivity_RaisesDiagnostic#Testing.MultiTelemetryCore.Metric.g.received.cs
    Verified: TelemetrySourceGeneratorTests.Generate_GivenOnlyEventAndContextWithoutActivity_RaisesDiagnostic#Testing.MultiTelemetryCore.Metric.g.verified.cs
  - Received: TelemetrySourceGeneratorTests.Generate_GivenOnlyEventAndContextWithoutActivity_RaisesDiagnostic#TraceAttribute.g.received.cs
    Verified: TelemetrySourceGeneratorTests.Generate_GivenOnlyEventAndContextWithoutActivity_RaisesDiagnostic#TraceAttribute.g.verified.cs
  - Received: TelemetrySourceGeneratorTests.Generate_GivenOnlyEventAndContextWithoutActivity_RaisesDiagnostic#UpDownCounterAttribute.g.received.cs
    Verified: TelemetrySourceGeneratorTests.Generate_GivenOnlyEventAndContextWithoutActivity_RaisesDiagnostic#UpDownCounterAttribute.g.verified.cs
  - Received: TelemetrySourceGeneratorTests.Generate_GivenOnlyEventAndContextWithoutActivity_RaisesDiagnostic#WarningAttribute.g.received.cs
    Verified: TelemetrySourceGeneratorTests.Generate_GivenOnlyEventAndContextWithoutActivity_RaisesDiagnostic#WarningAttribute.g.verified.cs

  from P:\GitHub\kjldev\purview-telemetry-sourcegenerator\src\Purview.Telemetry.SourceGenerator.IntegrationTests\bin\Release\net10.0\Purview.Telemetry.SourceGenerator.IntegrationTests.dll (net10.0|x64)
  TUnit.Engine.Exceptions.TestFailedException: [Test Failure] VerifyException: Directory: P:\GitHub\kjldev\purview-telemetry-sourcegenerator\src\Purview.Telemetry.SourceGenerator.IntegrationTests\Snapshots
  Delete:
    - TelemetrySourceGeneratorTests.Generate_GivenOnlyEventAndContextWithoutActivity_RaisesDiagnostic.verified.txt
  Equal:
    - Received: TelemetrySourceGeneratorTests.Generate_GivenOnlyEventAndContextWithoutActivity_RaisesDiagnostic#ActivityAttribute.g.received.cs
      Verified: TelemetrySourceGeneratorTests.Generate_GivenOnlyEventAndContextWithoutActivity_RaisesDiagnostic#ActivityAttribute.g.verified.cs
    - Received: TelemetrySourceGeneratorTests.Generate_GivenOnlyEventAndContextWithoutActivity_RaisesDiagnostic#ActivitySourceAttribute.g.received.cs
      Verified: TelemetrySourceGeneratorTests.Generate_GivenOnlyEventAndContextWithoutActivity_RaisesDiagnostic#ActivitySourceAttribute.g.verified.cs
    - Received: TelemetrySourceGeneratorTests.Generate_GivenOnlyEventAndContextWithoutActivity_RaisesDiagnostic#ActivitySourceGenerationAttribute.g.received.cs
      Verified: TelemetrySourceGeneratorTests.Generate_GivenOnlyEventAndContextWithoutActivity_RaisesDiagnostic#ActivitySourceGenerationAttribute.g.verified.cs
    - Received: TelemetrySourceGeneratorTests.Generate_GivenOnlyEventAndContextWithoutActivity_RaisesDiagnostic#AutoCounterAttribute.g.received.cs
      Verified: TelemetrySourceGeneratorTests.Generate_GivenOnlyEventAndContextWithoutActivity_RaisesDiagnostic#AutoCounterAttribute.g.verified.cs
    - Received: TelemetrySourceGeneratorTests.Generate_GivenOnlyEventAndContextWithoutActivity_RaisesDiagnostic#BaggageAttribute.g.received.cs
      Verified: TelemetrySourceGeneratorTests.Generate_GivenOnlyEventAndContextWithoutActivity_RaisesDiagnostic#BaggageAttribute.g.verified.cs
    - Received: TelemetrySourceGeneratorTests.Generate_GivenOnlyEventAndContextWithoutActivity_RaisesDiagnostic#ContextAttribute.g.received.cs
      Verified: TelemetrySourceGeneratorTests.Generate_GivenOnlyEventAndContextWithoutActivity_RaisesDiagnostic#ContextAttribute.g.verified.cs
    - Received: TelemetrySourceGeneratorTests.Generate_GivenOnlyEventAndContextWithoutActivity_RaisesDiagnostic#CounterAttribute.g.received.cs
      Verified: TelemetrySourceGeneratorTests.Generate_GivenOnlyEventAndContextWithoutActivity_RaisesDiagnostic#CounterAttribute.g.verified.cs
    - Received: TelemetrySourceGeneratorTests.Generate_GivenOnlyEventAndContextWithoutActivity_RaisesDiagnostic#CriticalAttribute.g.received.cs
      Verified: TelemetrySourceGeneratorTests.Generate_GivenOnlyEventAndContextWithoutActivity_RaisesDiagnostic#CriticalAttribute.g.verified.cs
    - Received: TelemetrySourceGeneratorTests.Generate_GivenOnlyEventAndContextWithoutActivity_RaisesDiagnostic#DebugAttribute.g.received.cs
      Verified: TelemetrySourceGeneratorTests.Generate_GivenOnlyEventAndContextWithoutActivity_RaisesDiagnostic#DebugAttribute.g.verified.cs
    - Received: TelemetrySourceGeneratorTests.Generate_GivenOnlyEventAndContextWithoutActivity_RaisesDiagnostic#ErrorAttribute.g.received.cs
      Verified: TelemetrySourceGeneratorTests.Generate_GivenOnlyEventAndContextWithoutActivity_RaisesDiagnostic#ErrorAttribute.g.verified.cs
    - Received: TelemetrySourceGeneratorTests.Generate_GivenOnlyEventAndContextWithoutActivity_RaisesDiagnostic#EscapeAttribute.g.received.cs
      Verified: TelemetrySourceGeneratorTests.Generate_GivenOnlyEventAndContextWithoutActivity_RaisesDiagnostic#EscapeAttribute.g.verified.cs
    - Received: TelemetrySourceGeneratorTests.Generate_GivenOnlyEventAndContextWithoutActivity_RaisesDiagnostic#EventAttribute.g.received.cs
      Verified: TelemetrySourceGeneratorTests.Generate_GivenOnlyEventAndContextWithoutActivity_RaisesDiagnostic#EventAttribute.g.verified.cs
    - Received: TelemetrySourceGeneratorTests.Generate_GivenOnlyEventAndContextWithoutActivity_RaisesDiagnostic#ExcludeAttribute.g.received.cs
      Verified: TelemetrySourceGeneratorTests.Generate_GivenOnlyEventAndContextWithoutActivity_RaisesDiagnostic#ExcludeAttribute.g.verified.cs
    - Received: TelemetrySourceGeneratorTests.Generate_GivenOnlyEventAndContextWithoutActivity_RaisesDiagnostic#ExcludeTargetsAttribute.g.received.cs
      Verified: TelemetrySourceGeneratorTests.Generate_GivenOnlyEventAndContextWithoutActivity_RaisesDiagnostic#ExcludeTargetsAttribute.g.verified.cs
    - Received: TelemetrySourceGeneratorTests.Generate_GivenOnlyEventAndContextWithoutActivity_RaisesDiagnostic#ExpandEnumerableAttribute.g.received.cs
      Verified: TelemetrySourceGeneratorTests.Generate_GivenOnlyEventAndContextWithoutActivity_RaisesDiagnostic#ExpandEnumerableAttribute.g.verified.cs
    - Received: TelemetrySourceGeneratorTests.Generate_GivenOnlyEventAndContextWithoutActivity_RaisesDiagnostic#HistogramAttribute.g.received.cs
      Verified: TelemetrySourceGeneratorTests.Generate_GivenOnlyEventAndContextWithoutActivity_RaisesDiagnostic#HistogramAttribute.g.verified.cs
    - Received: TelemetrySourceGeneratorTests.Generate_GivenOnlyEventAndContextWithoutActivity_RaisesDiagnostic#InfoAttribute.g.received.cs
      Verified: TelemetrySourceGeneratorTests.Generate_GivenOnlyEventAndContextWithoutActivity_RaisesDiagnostic#InfoAttribute.g.verified.cs
    - Received: TelemetrySourceGeneratorTests.Generate_GivenOnlyEventAndContextWithoutActivity_RaisesDiagnostic#InstrumentMeasurementAttribute.g.received.cs
      Verified: TelemetrySourceGeneratorTests.Generate_GivenOnlyEventAndContextWithoutActivity_RaisesDiagnostic#InstrumentMeasurementAttribute.g.verified.cs
    - Received: TelemetrySourceGeneratorTests.Generate_GivenOnlyEventAndContextWithoutActivity_RaisesDiagnostic#LogAttribute.g.received.cs
      Verified: TelemetrySourceGeneratorTests.Generate_GivenOnlyEventAndContextWithoutActivity_RaisesDiagnostic#LogAttribute.g.verified.cs
    - Received: TelemetrySourceGeneratorTests.Generate_GivenOnlyEventAndContextWithoutActivity_RaisesDiagnostic#LoggerAttribute.g.received.cs
      Verified: TelemetrySourceGeneratorTests.Generate_GivenOnlyEventAndContextWithoutActivity_RaisesDiagnostic#LoggerAttribute.g.verified.cs
    - Received: TelemetrySourceGeneratorTests.Generate_GivenOnlyEventAndContextWithoutActivity_RaisesDiagnostic#LoggerGenerationAttribute.g.received.cs
      Verified: TelemetrySourceGeneratorTests.Generate_GivenOnlyEventAndContextWithoutActivity_RaisesDiagnostic#LoggerGenerationAttribute.g.verified.cs
    - Received: TelemetrySourceGeneratorTests.Generate_GivenOnlyEventAndContextWithoutActivity_RaisesDiagnostic#LoggerGenerationMode.g.received.cs
      Verified: TelemetrySourceGeneratorTests.Generate_GivenOnlyEventAndContextWithoutActivity_RaisesDiagnostic#LoggerGenerationMode.g.verified.cs
    - Received: TelemetrySourceGeneratorTests.Generate_GivenOnlyEventAndContextWithoutActivity_RaisesDiagnostic#LogPrefixType.g.received.cs
      Verified: TelemetrySourceGeneratorTests.Generate_GivenOnlyEventAndContextWithoutActivity_RaisesDiagnostic#LogPrefixType.g.verified.cs
    - Received: TelemetrySourceGeneratorTests.Generate_GivenOnlyEventAndContextWithoutActivity_RaisesDiagnostic#MeterAttribute.g.received.cs
      Verified: TelemetrySourceGeneratorTests.Generate_GivenOnlyEventAndContextWithoutActivity_RaisesDiagnostic#MeterAttribute.g.verified.cs
    - Received: TelemetrySourceGeneratorTests.Generate_GivenOnlyEventAndContextWithoutActivity_RaisesDiagnostic#MeterGenerationAttribute.g.received.cs
      Verified: TelemetrySourceGeneratorTests.Generate_GivenOnlyEventAndContextWithoutActivity_RaisesDiagnostic#MeterGenerationAttribute.g.verified.cs
    - Received: TelemetrySourceGeneratorTests.Generate_GivenOnlyEventAndContextWithoutActivity_RaisesDiagnostic#MeterNameGenerationType.g.received.cs
      Verified: TelemetrySourceGeneratorTests.Generate_GivenOnlyEventAndContextWithoutActivity_RaisesDiagnostic#MeterNameGenerationType.g.verified.cs
    - Received: TelemetrySourceGeneratorTests.Generate_GivenOnlyEventAndContextWithoutActivity_RaisesDiagnostic#NamingConvention.g.received.cs
      Verified: TelemetrySourceGeneratorTests.Generate_GivenOnlyEventAndContextWithoutActivity_RaisesDiagnostic#NamingConvention.g.verified.cs
    - Received: TelemetrySourceGeneratorTests.Generate_GivenOnlyEventAndContextWithoutActivity_RaisesDiagnostic#ObservableCounterAttribute.g.received.cs
      Verified: TelemetrySourceGeneratorTests.Generate_GivenOnlyEventAndContextWithoutActivity_RaisesDiagnostic#ObservableCounterAttribute.g.verified.cs
    - Received: TelemetrySourceGeneratorTests.Generate_GivenOnlyEventAndContextWithoutActivity_RaisesDiagnostic#ObservableGaugeAttribute.g.received.cs
      Verified: TelemetrySourceGeneratorTests.Generate_GivenOnlyEventAndContextWithoutActivity_RaisesDiagnostic#ObservableGaugeAttribute.g.verified.cs
    - Received: TelemetrySourceGeneratorTests.Generate_GivenOnlyEventAndContextWithoutActivity_RaisesDiagnostic#ObservableUpDownCounterAttribute.g.received.cs
      Verified: TelemetrySourceGeneratorTests.Generate_GivenOnlyEventAndContextWithoutActivity_RaisesDiagnostic#ObservableUpDownCounterAttribute.g.verified.cs
    - Received: TelemetrySourceGeneratorTests.Generate_GivenOnlyEventAndContextWithoutActivity_RaisesDiagnostic#Purview.Telemetry.SourceGenerator.TelemetryNames.g.received.cs
      Verified: TelemetrySourceGeneratorTests.Generate_GivenOnlyEventAndContextWithoutActivity_RaisesDiagnostic#Purview.Telemetry.SourceGenerator.TelemetryNames.g.verified.cs
    - Received: TelemetrySourceGeneratorTests.Generate_GivenOnlyEventAndContextWithoutActivity_RaisesDiagnostic#StatusDescriptionAttribute.g.received.cs
      Verified: TelemetrySourceGeneratorTests.Generate_GivenOnlyEventAndContextWithoutActivity_RaisesDiagnostic#StatusDescriptionAttribute.g.verified.cs
    - Received: TelemetrySourceGeneratorTests.Generate_GivenOnlyEventAndContextWithoutActivity_RaisesDiagnostic#TagAttribute.g.received.cs
      Verified: TelemetrySourceGeneratorTests.Generate_GivenOnlyEventAndContextWithoutActivity_RaisesDiagnostic#TagAttribute.g.verified.cs
    - Received: TelemetrySourceGeneratorTests.Generate_GivenOnlyEventAndContextWithoutActivity_RaisesDiagnostic#Targets.g.received.cs
      Verified: TelemetrySourceGeneratorTests.Generate_GivenOnlyEventAndContextWithoutActivity_RaisesDiagnostic#Targets.g.verified.cs
    - Received: TelemetrySourceGeneratorTests.Generate_GivenOnlyEventAndContextWithoutActivity_RaisesDiagnostic#TelemetryGenerationAttribute.g.received.cs
      Verified: TelemetrySourceGeneratorTests.Generate_GivenOnlyEventAndContextWithoutActivity_RaisesDiagnostic#TelemetryGenerationAttribute.g.verified.cs
    - Received: TelemetrySourceGeneratorTests.Generate_GivenOnlyEventAndContextWithoutActivity_RaisesDiagnostic#Testing.MultiTelemetryCore.Activity.g.received.cs
      Verified: TelemetrySourceGeneratorTests.Generate_GivenOnlyEventAndContextWithoutActivity_RaisesDiagnostic#Testing.MultiTelemetryCore.Activity.g.verified.cs
    - Received: TelemetrySourceGeneratorTests.Generate_GivenOnlyEventAndContextWithoutActivity_RaisesDiagnostic#Testing.MultiTelemetryCore.Metric.g.received.cs
      Verified: TelemetrySourceGeneratorTests.Generate_GivenOnlyEventAndContextWithoutActivity_RaisesDiagnostic#Testing.MultiTelemetryCore.Metric.g.verified.cs
    - Received: TelemetrySourceGeneratorTests.Generate_GivenOnlyEventAndContextWithoutActivity_RaisesDiagnostic#TraceAttribute.g.received.cs
      Verified: TelemetrySourceGeneratorTests.Generate_GivenOnlyEventAndContextWithoutActivity_RaisesDiagnostic#TraceAttribute.g.verified.cs
    - Received: TelemetrySourceGeneratorTests.Generate_GivenOnlyEventAndContextWithoutActivity_RaisesDiagnostic#UpDownCounterAttribute.g.received.cs
      Verified: TelemetrySourceGeneratorTests.Generate_GivenOnlyEventAndContextWithoutActivity_RaisesDiagnostic#UpDownCounterAttribute.g.verified.cs
    - Received: TelemetrySourceGeneratorTests.Generate_GivenOnlyEventAndContextWithoutActivity_RaisesDiagnostic#WarningAttribute.g.received.cs
      Verified: TelemetrySourceGeneratorTests.Generate_GivenOnlyEventAndContextWithoutActivity_RaisesDiagnostic#WarningAttribute.g.verified.cs
  
  Standard output
    DBG: --- Adding templates.
    DBG: Adding ActivitySourceGenerationAttribute as ActivitySourceGenerationAttribute.g.cs.
    DBG: Adding ActivitySourceAttribute as ActivitySourceAttribute.g.cs.
    DBG: Adding ActivityAttribute as ActivityAttribute.g.cs.
    DBG: Adding EventAttribute as EventAttribute.g.cs.
    DBG: Adding ContextAttribute as ContextAttribute.g.cs.
    DBG: Adding BaggageAttribute as BaggageAttribute.g.cs.
    DBG: Adding EscapeAttribute as EscapeAttribute.g.cs.
    DBG: Adding StatusDescriptionAttribute as StatusDescriptionAttribute.g.cs.
    DBG: Adding LoggerGenerationAttribute as LoggerGenerationAttribute.g.cs.
    DBG: Adding LoggerAttribute as LoggerAttribute.g.cs.
    DBG: Adding LogAttribute as LogAttribute.g.cs.
    DBG: Adding LogPrefixType as LogPrefixType.g.cs.
    DBG: Adding LoggerGenerationMode as LoggerGenerationMode.g.cs.
    DBG: Adding ExpandEnumerableAttribute as ExpandEnumerableAttribute.g.cs.
    DBG: Adding TraceAttribute as TraceAttribute.g.cs.
    DBG: Adding DebugAttribute as DebugAttribute.g.cs.
    DBG: Adding InfoAttribute as InfoAttribute.g.cs.
    DBG: Adding WarningAttribute as WarningAttribute.g.cs.
    DBG: Adding ErrorAttribute as ErrorAttribute.g.cs.
    DBG: Adding CriticalAttribute as CriticalAttribute.g.cs.
    DBG: Adding MeterGenerationAttribute as MeterGenerationAttribute.g.cs.
    DBG: Adding MeterAttribute as MeterAttribute.g.cs.
    DBG: Adding MeterNameGenerationType as MeterNameGenerationType.g.cs.
    DBG: Adding InstrumentMeasurementAttribute as InstrumentMeasurementAttribute.g.cs.
    DBG: Adding AutoCounterAttribute as AutoCounterAttribute.g.cs.
    DBG: Adding CounterAttribute as CounterAttribute.g.cs.
    DBG: Adding UpDownCounterAttribute as UpDownCounterAttribute.g.cs.
    DBG: Adding HistogramAttribute as HistogramAttribute.g.cs.
    DBG: Adding ObservableCounterAttribute as ObservableCounterAttribute.g.cs.
    DBG: Adding ObservableGaugeAttribute as ObservableGaugeAttribute.g.cs.
    DBG: Adding ObservableUpDownCounterAttribute as ObservableUpDownCounterAttribute.g.cs.
    DBG: Adding TagAttribute as TagAttribute.g.cs.
    DBG: Adding ExcludeAttribute as ExcludeAttribute.g.cs.
    DBG: Adding TelemetryGenerationAttribute as TelemetryGenerationAttribute.g.cs.
    DBG: Adding Targets as Targets.g.cs.
    DBG: Adding NamingConvention as NamingConvention.g.cs.
    DBG: Adding ExcludeTargetsAttribute as ExcludeTargetsAttribute.g.cs.
    DBG: --- Finished adding templates.
    DBG: Found attribute: Purview.Telemetry.ActivitySourceAttribute("testing-activity-source")
    DBG: Found attribute: Purview.Telemetry.TelemetryGenerationAttribute(GenerateDependencyExtension = false)
    DBG: Found attribute: Purview.Telemetry.EventAttribute(System.Diagnostics.ActivityStatusCode.Unset)
    DBG: Found explicit event: RecordEvent.
    DBG: Found Event method IMultiTelemetry.RecordEvent.
    DBG: Found explicit tag: eventName.
    DBG: Found attribute: Purview.Telemetry.TagAttribute
    DBG: Found explicit context: SetContext.
    DBG: Found Context method IMultiTelemetry.SetContext.
    DBG: Found explicit tag: key.
    DBG: Found attribute: Purview.Telemetry.TagAttribute
    DBG: Defaulting to activity: IncrementCounter.
    DBG: Found Activity method IMultiTelemetry.IncrementCounter.
    DBG: Inferring tag: value.
    DBG: Activity generation target: Testing.MultiTelemetryCore
    DBG: Generating activity class for: Testing.MultiTelemetryCore
    DBG: Generating RecordExceptionInternal.
    DIA: There are no Activity methods defined, however there are Events/ Context methods.
    DBG: Skipping dependency injection emit.
    DBG: Found attribute: Purview.Telemetry.MeterAttribute("testing-meter")
    DBG: Found attribute: Purview.Telemetry.TelemetryGenerationAttribute(GenerateDependencyExtension = false)
    DBG: Found possible instrument method IMultiTelemetry.RecordEvent.
    DBG: Skipping Activity-related parameter 'activity' from metrics.
    DBG: Found explicit tag: eventName.
    DBG: Found attribute: Purview.Telemetry.TagAttribute
    DBG: Found possible instrument method IMultiTelemetry.SetContext.
    DBG: Skipping Activity-related parameter 'activity' from metrics.
    DBG: Found explicit tag: key.
    DBG: Found attribute: Purview.Telemetry.TagAttribute
    DBG: Found possible instrument method IMultiTelemetry.IncrementCounter.
    DBG: Found attribute: Purview.Telemetry.CounterAttribute
    DBG: Found valid instrument type: int
    DBG: Meter generation target: Testing.MultiTelemetryCore
    DBG: Generating metric class for: Testing.MultiTelemetryCore
    DBG: Emitting fields for MultiTelemetryCore
    DBG: Emitting partial method for populating tags: PopulateMeterTags.
    DBG: Emitting instrument method: IncrementCounter.
    DBG: Skipping dependency injection emit.
    DBG: Found attribute: Purview.Telemetry.MeterAttribute("testing-meter")
    DBG: Found attribute: Purview.Telemetry.TelemetryGenerationAttribute(GenerateDependencyExtension = false)
    DBG: Found possible instrument method IMultiTelemetry.RecordEvent.
    DBG: Skipping Activity-related parameter 'activity' from metrics.
    DBG: Found explicit tag: eventName.
    DBG: Found attribute: Purview.Telemetry.TagAttribute
    DBG: Found possible instrument method IMultiTelemetry.SetContext.
    DBG: Skipping Activity-related parameter 'activity' from metrics.
    DBG: Found explicit tag: key.
    DBG: Found attribute: Purview.Telemetry.TagAttribute
    DBG: Found possible instrument method IMultiTelemetry.IncrementCounter.
    DBG: Found attribute: Purview.Telemetry.CounterAttribute
    DBG: Found valid instrument type: int
    DBG: Found attribute: Purview.Telemetry.ActivitySourceAttribute("testing-activity-source")
    DBG: Found attribute: Purview.Telemetry.TelemetryGenerationAttribute(GenerateDependencyExtension = false)
    DBG: Found attribute: Purview.Telemetry.EventAttribute(System.Diagnostics.ActivityStatusCode.Unset)
    DBG: Found explicit event: RecordEvent.
    DBG: Found Event method IMultiTelemetry.RecordEvent.
    DBG: Found explicit tag: eventName.
    DBG: Found attribute: Purview.Telemetry.TagAttribute
    DBG: Found explicit context: SetContext.
    DBG: Found Context method IMultiTelemetry.SetContext.
    DBG: Found explicit tag: key.
    DBG: Found attribute: Purview.Telemetry.TagAttribute
    DBG: Defaulting to activity: IncrementCounter.
    DBG: Found Activity method IMultiTelemetry.IncrementCounter.
    DBG: Inferring tag: value.
    DBG: Generating Telemetry Names using class 'TelemetryNames'.
    
  Error output
failed Generate_GivenActivityMethodReturningTaskOfActivity_RaisesDiagnostic (7s 399ms)
  [Test Failure] VerifyException: Directory: P:\GitHub\kjldev\purview-telemetry-sourcegenerator\src\Purview.Telemetry.SourceGenerator.IntegrationTests\Snapshots
Delete:
  - TelemetrySourceGeneratorTests.Generate_GivenActivityMethodReturningTaskOfActivity_RaisesDiagnostic.verified.txt
Equal:
  - Received: TelemetrySourceGeneratorTests.Generate_GivenActivityMethodReturningTaskOfActivity_RaisesDiagnostic#ActivityAttribute.g.received.cs
    Verified: TelemetrySourceGeneratorTests.Generate_GivenActivityMethodReturningTaskOfActivity_RaisesDiagnostic#ActivityAttribute.g.verified.cs
  - Received: TelemetrySourceGeneratorTests.Generate_GivenActivityMethodReturningTaskOfActivity_RaisesDiagnostic#ActivitySourceAttribute.g.received.cs
    Verified: TelemetrySourceGeneratorTests.Generate_GivenActivityMethodReturningTaskOfActivity_RaisesDiagnostic#ActivitySourceAttribute.g.verified.cs
  - Received: TelemetrySourceGeneratorTests.Generate_GivenActivityMethodReturningTaskOfActivity_RaisesDiagnostic#ActivitySourceGenerationAttribute.g.received.cs
    Verified: TelemetrySourceGeneratorTests.Generate_GivenActivityMethodReturningTaskOfActivity_RaisesDiagnostic#ActivitySourceGenerationAttribute.g.verified.cs
  - Received: TelemetrySourceGeneratorTests.Generate_GivenActivityMethodReturningTaskOfActivity_RaisesDiagnostic#AutoCounterAttribute.g.received.cs
    Verified: TelemetrySourceGeneratorTests.Generate_GivenActivityMethodReturningTaskOfActivity_RaisesDiagnostic#AutoCounterAttribute.g.verified.cs
  - Received: TelemetrySourceGeneratorTests.Generate_GivenActivityMethodReturningTaskOfActivity_RaisesDiagnostic#BaggageAttribute.g.received.cs
    Verified: TelemetrySourceGeneratorTests.Generate_GivenActivityMethodReturningTaskOfActivity_RaisesDiagnostic#BaggageAttribute.g.verified.cs
  - Received: TelemetrySourceGeneratorTests.Generate_GivenActivityMethodReturningTaskOfActivity_RaisesDiagnostic#ContextAttribute.g.received.cs
    Verified: TelemetrySourceGeneratorTests.Generate_GivenActivityMethodReturningTaskOfActivity_RaisesDiagnostic#ContextAttribute.g.verified.cs
  - Received: TelemetrySourceGeneratorTests.Generate_GivenActivityMethodReturningTaskOfActivity_RaisesDiagnostic#CounterAttribute.g.received.cs
    Verified: TelemetrySourceGeneratorTests.Generate_GivenActivityMethodReturningTaskOfActivity_RaisesDiagnostic#CounterAttribute.g.verified.cs
  - Received: TelemetrySourceGeneratorTests.Generate_GivenActivityMethodReturningTaskOfActivity_RaisesDiagnostic#CriticalAttribute.g.received.cs
    Verified: TelemetrySourceGeneratorTests.Generate_GivenActivityMethodReturningTaskOfActivity_RaisesDiagnostic#CriticalAttribute.g.verified.cs
  - Received: TelemetrySourceGeneratorTests.Generate_GivenActivityMethodReturningTaskOfActivity_RaisesDiagnostic#DebugAttribute.g.received.cs
    Verified: TelemetrySourceGeneratorTests.Generate_GivenActivityMethodReturningTaskOfActivity_RaisesDiagnostic#DebugAttribute.g.verified.cs
  - Received: TelemetrySourceGeneratorTests.Generate_GivenActivityMethodReturningTaskOfActivity_RaisesDiagnostic#ErrorAttribute.g.received.cs
    Verified: TelemetrySourceGeneratorTests.Generate_GivenActivityMethodReturningTaskOfActivity_RaisesDiagnostic#ErrorAttribute.g.verified.cs
  - Received: TelemetrySourceGeneratorTests.Generate_GivenActivityMethodReturningTaskOfActivity_RaisesDiagnostic#EscapeAttribute.g.received.cs
    Verified: TelemetrySourceGeneratorTests.Generate_GivenActivityMethodReturningTaskOfActivity_RaisesDiagnostic#EscapeAttribute.g.verified.cs
  - Received: TelemetrySourceGeneratorTests.Generate_GivenActivityMethodReturningTaskOfActivity_RaisesDiagnostic#EventAttribute.g.received.cs
    Verified: TelemetrySourceGeneratorTests.Generate_GivenActivityMethodReturningTaskOfActivity_RaisesDiagnostic#EventAttribute.g.verified.cs
  - Received: TelemetrySourceGeneratorTests.Generate_GivenActivityMethodReturningTaskOfActivity_RaisesDiagnostic#ExcludeAttribute.g.received.cs
    Verified: TelemetrySourceGeneratorTests.Generate_GivenActivityMethodReturningTaskOfActivity_RaisesDiagnostic#ExcludeAttribute.g.verified.cs
  - Received: TelemetrySourceGeneratorTests.Generate_GivenActivityMethodReturningTaskOfActivity_RaisesDiagnostic#ExcludeTargetsAttribute.g.received.cs
    Verified: TelemetrySourceGeneratorTests.Generate_GivenActivityMethodReturningTaskOfActivity_RaisesDiagnostic#ExcludeTargetsAttribute.g.verified.cs
  - Received: TelemetrySourceGeneratorTests.Generate_GivenActivityMethodReturningTaskOfActivity_RaisesDiagnostic#ExpandEnumerableAttribute.g.received.cs
    Verified: TelemetrySourceGeneratorTests.Generate_GivenActivityMethodReturningTaskOfActivity_RaisesDiagnostic#ExpandEnumerableAttribute.g.verified.cs
  - Received: TelemetrySourceGeneratorTests.Generate_GivenActivityMethodReturningTaskOfActivity_RaisesDiagnostic#HistogramAttribute.g.received.cs
    Verified: TelemetrySourceGeneratorTests.Generate_GivenActivityMethodReturningTaskOfActivity_RaisesDiagnostic#HistogramAttribute.g.verified.cs
  - Received: TelemetrySourceGeneratorTests.Generate_GivenActivityMethodReturningTaskOfActivity_RaisesDiagnostic#InfoAttribute.g.received.cs
    Verified: TelemetrySourceGeneratorTests.Generate_GivenActivityMethodReturningTaskOfActivity_RaisesDiagnostic#InfoAttribute.g.verified.cs
  - Received: TelemetrySourceGeneratorTests.Generate_GivenActivityMethodReturningTaskOfActivity_RaisesDiagnostic#InstrumentMeasurementAttribute.g.received.cs
    Verified: TelemetrySourceGeneratorTests.Generate_GivenActivityMethodReturningTaskOfActivity_RaisesDiagnostic#InstrumentMeasurementAttribute.g.verified.cs
  - Received: TelemetrySourceGeneratorTests.Generate_GivenActivityMethodReturningTaskOfActivity_RaisesDiagnostic#LogAttribute.g.received.cs
    Verified: TelemetrySourceGeneratorTests.Generate_GivenActivityMethodReturningTaskOfActivity_RaisesDiagnostic#LogAttribute.g.verified.cs
  - Received: TelemetrySourceGeneratorTests.Generate_GivenActivityMethodReturningTaskOfActivity_RaisesDiagnostic#LoggerAttribute.g.received.cs
    Verified: TelemetrySourceGeneratorTests.Generate_GivenActivityMethodReturningTaskOfActivity_RaisesDiagnostic#LoggerAttribute.g.verified.cs
  - Received: TelemetrySourceGeneratorTests.Generate_GivenActivityMethodReturningTaskOfActivity_RaisesDiagnostic#LoggerGenerationAttribute.g.received.cs
    Verified: TelemetrySourceGeneratorTests.Generate_GivenActivityMethodReturningTaskOfActivity_RaisesDiagnostic#LoggerGenerationAttribute.g.verified.cs
  - Received: TelemetrySourceGeneratorTests.Generate_GivenActivityMethodReturningTaskOfActivity_RaisesDiagnostic#LoggerGenerationMode.g.received.cs
    Verified: TelemetrySourceGeneratorTests.Generate_GivenActivityMethodReturningTaskOfActivity_RaisesDiagnostic#LoggerGenerationMode.g.verified.cs
  - Received: TelemetrySourceGeneratorTests.Generate_GivenActivityMethodReturningTaskOfActivity_RaisesDiagnostic#LogPrefixType.g.received.cs
    Verified: TelemetrySourceGeneratorTests.Generate_GivenActivityMethodReturningTaskOfActivity_RaisesDiagnostic#LogPrefixType.g.verified.cs
  - Received: TelemetrySourceGeneratorTests.Generate_GivenActivityMethodReturningTaskOfActivity_RaisesDiagnostic#MeterAttribute.g.received.cs
    Verified: TelemetrySourceGeneratorTests.Generate_GivenActivityMethodReturningTaskOfActivity_RaisesDiagnostic#MeterAttribute.g.verified.cs
  - Received: TelemetrySourceGeneratorTests.Generate_GivenActivityMethodReturningTaskOfActivity_RaisesDiagnostic#MeterGenerationAttribute.g.received.cs
    Verified: TelemetrySourceGeneratorTests.Generate_GivenActivityMethodReturningTaskOfActivity_RaisesDiagnostic#MeterGenerationAttribute.g.verified.cs
  - Received: TelemetrySourceGeneratorTests.Generate_GivenActivityMethodReturningTaskOfActivity_RaisesDiagnostic#MeterNameGenerationType.g.received.cs
    Verified: TelemetrySourceGeneratorTests.Generate_GivenActivityMethodReturningTaskOfActivity_RaisesDiagnostic#MeterNameGenerationType.g.verified.cs
  - Received: TelemetrySourceGeneratorTests.Generate_GivenActivityMethodReturningTaskOfActivity_RaisesDiagnostic#NamingConvention.g.received.cs
    Verified: TelemetrySourceGeneratorTests.Generate_GivenActivityMethodReturningTaskOfActivity_RaisesDiagnostic#NamingConvention.g.verified.cs
  - Received: TelemetrySourceGeneratorTests.Generate_GivenActivityMethodReturningTaskOfActivity_RaisesDiagnostic#ObservableCounterAttribute.g.received.cs
    Verified: TelemetrySourceGeneratorTests.Generate_GivenActivityMethodReturningTaskOfActivity_RaisesDiagnostic#ObservableCounterAttribute.g.verified.cs
  - Received: TelemetrySourceGeneratorTests.Generate_GivenActivityMethodReturningTaskOfActivity_RaisesDiagnostic#ObservableGaugeAttribute.g.received.cs
    Verified: TelemetrySourceGeneratorTests.Generate_GivenActivityMethodReturningTaskOfActivity_RaisesDiagnostic#ObservableGaugeAttribute.g.verified.cs
  - Received: TelemetrySourceGeneratorTests.Generate_GivenActivityMethodReturningTaskOfActivity_RaisesDiagnostic#ObservableUpDownCounterAttribute.g.received.cs
    Verified: TelemetrySourceGeneratorTests.Generate_GivenActivityMethodReturningTaskOfActivity_RaisesDiagnostic#ObservableUpDownCounterAttribute.g.verified.cs
  - Received: TelemetrySourceGeneratorTests.Generate_GivenActivityMethodReturningTaskOfActivity_RaisesDiagnostic#Purview.Telemetry.SourceGenerator.TelemetryNames.g.received.cs
    Verified: TelemetrySourceGeneratorTests.Generate_GivenActivityMethodReturningTaskOfActivity_RaisesDiagnostic#Purview.Telemetry.SourceGenerator.TelemetryNames.g.verified.cs
  - Received: TelemetrySourceGeneratorTests.Generate_GivenActivityMethodReturningTaskOfActivity_RaisesDiagnostic#StatusDescriptionAttribute.g.received.cs
    Verified: TelemetrySourceGeneratorTests.Generate_GivenActivityMethodReturningTaskOfActivity_RaisesDiagnostic#StatusDescriptionAttribute.g.verified.cs
  - Received: TelemetrySourceGeneratorTests.Generate_GivenActivityMethodReturningTaskOfActivity_RaisesDiagnostic#TagAttribute.g.received.cs
    Verified: TelemetrySourceGeneratorTests.Generate_GivenActivityMethodReturningTaskOfActivity_RaisesDiagnostic#TagAttribute.g.verified.cs
  - Received: TelemetrySourceGeneratorTests.Generate_GivenActivityMethodReturningTaskOfActivity_RaisesDiagnostic#Targets.g.received.cs
    Verified: TelemetrySourceGeneratorTests.Generate_GivenActivityMethodReturningTaskOfActivity_RaisesDiagnostic#Targets.g.verified.cs
  - Received: TelemetrySourceGeneratorTests.Generate_GivenActivityMethodReturningTaskOfActivity_RaisesDiagnostic#TelemetryGenerationAttribute.g.received.cs
    Verified: TelemetrySourceGeneratorTests.Generate_GivenActivityMethodReturningTaskOfActivity_RaisesDiagnostic#TelemetryGenerationAttribute.g.verified.cs
  - Received: TelemetrySourceGeneratorTests.Generate_GivenActivityMethodReturningTaskOfActivity_RaisesDiagnostic#Testing.InvalidTelemetryCore.Activity.g.received.cs
    Verified: TelemetrySourceGeneratorTests.Generate_GivenActivityMethodReturningTaskOfActivity_RaisesDiagnostic#Testing.InvalidTelemetryCore.Activity.g.verified.cs
  - Received: TelemetrySourceGeneratorTests.Generate_GivenActivityMethodReturningTaskOfActivity_RaisesDiagnostic#TraceAttribute.g.received.cs
    Verified: TelemetrySourceGeneratorTests.Generate_GivenActivityMethodReturningTaskOfActivity_RaisesDiagnostic#TraceAttribute.g.verified.cs
  - Received: TelemetrySourceGeneratorTests.Generate_GivenActivityMethodReturningTaskOfActivity_RaisesDiagnostic#UpDownCounterAttribute.g.received.cs
    Verified: TelemetrySourceGeneratorTests.Generate_GivenActivityMethodReturningTaskOfActivity_RaisesDiagnostic#UpDownCounterAttribute.g.verified.cs
  - Received: TelemetrySourceGeneratorTests.Generate_GivenActivityMethodReturningTaskOfActivity_RaisesDiagnostic#WarningAttribute.g.received.cs
    Verified: TelemetrySourceGeneratorTests.Generate_GivenActivityMethodReturningTaskOfActivity_RaisesDiagnostic#WarningAttribute.g.verified.cs

  from P:\GitHub\kjldev\purview-telemetry-sourcegenerator\src\Purview.Telemetry.SourceGenerator.IntegrationTests\bin\Release\net10.0\Purview.Telemetry.SourceGenerator.IntegrationTests.dll (net10.0|x64)
  TUnit.Engine.Exceptions.TestFailedException: [Test Failure] VerifyException: Directory: P:\GitHub\kjldev\purview-telemetry-sourcegenerator\src\Purview.Telemetry.SourceGenerator.IntegrationTests\Snapshots
  Delete:
    - TelemetrySourceGeneratorTests.Generate_GivenActivityMethodReturningTaskOfActivity_RaisesDiagnostic.verified.txt
  Equal:
    - Received: TelemetrySourceGeneratorTests.Generate_GivenActivityMethodReturningTaskOfActivity_RaisesDiagnostic#ActivityAttribute.g.received.cs
      Verified: TelemetrySourceGeneratorTests.Generate_GivenActivityMethodReturningTaskOfActivity_RaisesDiagnostic#ActivityAttribute.g.verified.cs
    - Received: TelemetrySourceGeneratorTests.Generate_GivenActivityMethodReturningTaskOfActivity_RaisesDiagnostic#ActivitySourceAttribute.g.received.cs
      Verified: TelemetrySourceGeneratorTests.Generate_GivenActivityMethodReturningTaskOfActivity_RaisesDiagnostic#ActivitySourceAttribute.g.verified.cs
    - Received: TelemetrySourceGeneratorTests.Generate_GivenActivityMethodReturningTaskOfActivity_RaisesDiagnostic#ActivitySourceGenerationAttribute.g.received.cs
      Verified: TelemetrySourceGeneratorTests.Generate_GivenActivityMethodReturningTaskOfActivity_RaisesDiagnostic#ActivitySourceGenerationAttribute.g.verified.cs
    - Received: TelemetrySourceGeneratorTests.Generate_GivenActivityMethodReturningTaskOfActivity_RaisesDiagnostic#AutoCounterAttribute.g.received.cs
      Verified: TelemetrySourceGeneratorTests.Generate_GivenActivityMethodReturningTaskOfActivity_RaisesDiagnostic#AutoCounterAttribute.g.verified.cs
    - Received: TelemetrySourceGeneratorTests.Generate_GivenActivityMethodReturningTaskOfActivity_RaisesDiagnostic#BaggageAttribute.g.received.cs
      Verified: TelemetrySourceGeneratorTests.Generate_GivenActivityMethodReturningTaskOfActivity_RaisesDiagnostic#BaggageAttribute.g.verified.cs
    - Received: TelemetrySourceGeneratorTests.Generate_GivenActivityMethodReturningTaskOfActivity_RaisesDiagnostic#ContextAttribute.g.received.cs
      Verified: TelemetrySourceGeneratorTests.Generate_GivenActivityMethodReturningTaskOfActivity_RaisesDiagnostic#ContextAttribute.g.verified.cs
    - Received: TelemetrySourceGeneratorTests.Generate_GivenActivityMethodReturningTaskOfActivity_RaisesDiagnostic#CounterAttribute.g.received.cs
      Verified: TelemetrySourceGeneratorTests.Generate_GivenActivityMethodReturningTaskOfActivity_RaisesDiagnostic#CounterAttribute.g.verified.cs
    - Received: TelemetrySourceGeneratorTests.Generate_GivenActivityMethodReturningTaskOfActivity_RaisesDiagnostic#CriticalAttribute.g.received.cs
      Verified: TelemetrySourceGeneratorTests.Generate_GivenActivityMethodReturningTaskOfActivity_RaisesDiagnostic#CriticalAttribute.g.verified.cs
    - Received: TelemetrySourceGeneratorTests.Generate_GivenActivityMethodReturningTaskOfActivity_RaisesDiagnostic#DebugAttribute.g.received.cs
      Verified: TelemetrySourceGeneratorTests.Generate_GivenActivityMethodReturningTaskOfActivity_RaisesDiagnostic#DebugAttribute.g.verified.cs
    - Received: TelemetrySourceGeneratorTests.Generate_GivenActivityMethodReturningTaskOfActivity_RaisesDiagnostic#ErrorAttribute.g.received.cs
      Verified: TelemetrySourceGeneratorTests.Generate_GivenActivityMethodReturningTaskOfActivity_RaisesDiagnostic#ErrorAttribute.g.verified.cs
    - Received: TelemetrySourceGeneratorTests.Generate_GivenActivityMethodReturningTaskOfActivity_RaisesDiagnostic#EscapeAttribute.g.received.cs
      Verified: TelemetrySourceGeneratorTests.Generate_GivenActivityMethodReturningTaskOfActivity_RaisesDiagnostic#EscapeAttribute.g.verified.cs
    - Received: TelemetrySourceGeneratorTests.Generate_GivenActivityMethodReturningTaskOfActivity_RaisesDiagnostic#EventAttribute.g.received.cs
      Verified: TelemetrySourceGeneratorTests.Generate_GivenActivityMethodReturningTaskOfActivity_RaisesDiagnostic#EventAttribute.g.verified.cs
    - Received: TelemetrySourceGeneratorTests.Generate_GivenActivityMethodReturningTaskOfActivity_RaisesDiagnostic#ExcludeAttribute.g.received.cs
      Verified: TelemetrySourceGeneratorTests.Generate_GivenActivityMethodReturningTaskOfActivity_RaisesDiagnostic#ExcludeAttribute.g.verified.cs
    - Received: TelemetrySourceGeneratorTests.Generate_GivenActivityMethodReturningTaskOfActivity_RaisesDiagnostic#ExcludeTargetsAttribute.g.received.cs
      Verified: TelemetrySourceGeneratorTests.Generate_GivenActivityMethodReturningTaskOfActivity_RaisesDiagnostic#ExcludeTargetsAttribute.g.verified.cs
    - Received: TelemetrySourceGeneratorTests.Generate_GivenActivityMethodReturningTaskOfActivity_RaisesDiagnostic#ExpandEnumerableAttribute.g.received.cs
      Verified: TelemetrySourceGeneratorTests.Generate_GivenActivityMethodReturningTaskOfActivity_RaisesDiagnostic#ExpandEnumerableAttribute.g.verified.cs
    - Received: TelemetrySourceGeneratorTests.Generate_GivenActivityMethodReturningTaskOfActivity_RaisesDiagnostic#HistogramAttribute.g.received.cs
      Verified: TelemetrySourceGeneratorTests.Generate_GivenActivityMethodReturningTaskOfActivity_RaisesDiagnostic#HistogramAttribute.g.verified.cs
    - Received: TelemetrySourceGeneratorTests.Generate_GivenActivityMethodReturningTaskOfActivity_RaisesDiagnostic#InfoAttribute.g.received.cs
      Verified: TelemetrySourceGeneratorTests.Generate_GivenActivityMethodReturningTaskOfActivity_RaisesDiagnostic#InfoAttribute.g.verified.cs
    - Received: TelemetrySourceGeneratorTests.Generate_GivenActivityMethodReturningTaskOfActivity_RaisesDiagnostic#InstrumentMeasurementAttribute.g.received.cs
      Verified: TelemetrySourceGeneratorTests.Generate_GivenActivityMethodReturningTaskOfActivity_RaisesDiagnostic#InstrumentMeasurementAttribute.g.verified.cs
    - Received: TelemetrySourceGeneratorTests.Generate_GivenActivityMethodReturningTaskOfActivity_RaisesDiagnostic#LogAttribute.g.received.cs
      Verified: TelemetrySourceGeneratorTests.Generate_GivenActivityMethodReturningTaskOfActivity_RaisesDiagnostic#LogAttribute.g.verified.cs
    - Received: TelemetrySourceGeneratorTests.Generate_GivenActivityMethodReturningTaskOfActivity_RaisesDiagnostic#LoggerAttribute.g.received.cs
      Verified: TelemetrySourceGeneratorTests.Generate_GivenActivityMethodReturningTaskOfActivity_RaisesDiagnostic#LoggerAttribute.g.verified.cs
    - Received: TelemetrySourceGeneratorTests.Generate_GivenActivityMethodReturningTaskOfActivity_RaisesDiagnostic#LoggerGenerationAttribute.g.received.cs
      Verified: TelemetrySourceGeneratorTests.Generate_GivenActivityMethodReturningTaskOfActivity_RaisesDiagnostic#LoggerGenerationAttribute.g.verified.cs
    - Received: TelemetrySourceGeneratorTests.Generate_GivenActivityMethodReturningTaskOfActivity_RaisesDiagnostic#LoggerGenerationMode.g.received.cs
      Verified: TelemetrySourceGeneratorTests.Generate_GivenActivityMethodReturningTaskOfActivity_RaisesDiagnostic#LoggerGenerationMode.g.verified.cs
    - Received: TelemetrySourceGeneratorTests.Generate_GivenActivityMethodReturningTaskOfActivity_RaisesDiagnostic#LogPrefixType.g.received.cs
      Verified: TelemetrySourceGeneratorTests.Generate_GivenActivityMethodReturningTaskOfActivity_RaisesDiagnostic#LogPrefixType.g.verified.cs
    - Received: TelemetrySourceGeneratorTests.Generate_GivenActivityMethodReturningTaskOfActivity_RaisesDiagnostic#MeterAttribute.g.received.cs
      Verified: TelemetrySourceGeneratorTests.Generate_GivenActivityMethodReturningTaskOfActivity_RaisesDiagnostic#MeterAttribute.g.verified.cs
    - Received: TelemetrySourceGeneratorTests.Generate_GivenActivityMethodReturningTaskOfActivity_RaisesDiagnostic#MeterGenerationAttribute.g.received.cs
      Verified: TelemetrySourceGeneratorTests.Generate_GivenActivityMethodReturningTaskOfActivity_RaisesDiagnostic#MeterGenerationAttribute.g.verified.cs
    - Received: TelemetrySourceGeneratorTests.Generate_GivenActivityMethodReturningTaskOfActivity_RaisesDiagnostic#MeterNameGenerationType.g.received.cs
      Verified: TelemetrySourceGeneratorTests.Generate_GivenActivityMethodReturningTaskOfActivity_RaisesDiagnostic#MeterNameGenerationType.g.verified.cs
    - Received: TelemetrySourceGeneratorTests.Generate_GivenActivityMethodReturningTaskOfActivity_RaisesDiagnostic#NamingConvention.g.received.cs
      Verified: TelemetrySourceGeneratorTests.Generate_GivenActivityMethodReturningTaskOfActivity_RaisesDiagnostic#NamingConvention.g.verified.cs
    - Received: TelemetrySourceGeneratorTests.Generate_GivenActivityMethodReturningTaskOfActivity_RaisesDiagnostic#ObservableCounterAttribute.g.received.cs
      Verified: TelemetrySourceGeneratorTests.Generate_GivenActivityMethodReturningTaskOfActivity_RaisesDiagnostic#ObservableCounterAttribute.g.verified.cs
    - Received: TelemetrySourceGeneratorTests.Generate_GivenActivityMethodReturningTaskOfActivity_RaisesDiagnostic#ObservableGaugeAttribute.g.received.cs
      Verified: TelemetrySourceGeneratorTests.Generate_GivenActivityMethodReturningTaskOfActivity_RaisesDiagnostic#ObservableGaugeAttribute.g.verified.cs
    - Received: TelemetrySourceGeneratorTests.Generate_GivenActivityMethodReturningTaskOfActivity_RaisesDiagnostic#ObservableUpDownCounterAttribute.g.received.cs
      Verified: TelemetrySourceGeneratorTests.Generate_GivenActivityMethodReturningTaskOfActivity_RaisesDiagnostic#ObservableUpDownCounterAttribute.g.verified.cs
    - Received: TelemetrySourceGeneratorTests.Generate_GivenActivityMethodReturningTaskOfActivity_RaisesDiagnostic#Purview.Telemetry.SourceGenerator.TelemetryNames.g.received.cs
      Verified: TelemetrySourceGeneratorTests.Generate_GivenActivityMethodReturningTaskOfActivity_RaisesDiagnostic#Purview.Telemetry.SourceGenerator.TelemetryNames.g.verified.cs
    - Received: TelemetrySourceGeneratorTests.Generate_GivenActivityMethodReturningTaskOfActivity_RaisesDiagnostic#StatusDescriptionAttribute.g.received.cs
      Verified: TelemetrySourceGeneratorTests.Generate_GivenActivityMethodReturningTaskOfActivity_RaisesDiagnostic#StatusDescriptionAttribute.g.verified.cs
    - Received: TelemetrySourceGeneratorTests.Generate_GivenActivityMethodReturningTaskOfActivity_RaisesDiagnostic#TagAttribute.g.received.cs
      Verified: TelemetrySourceGeneratorTests.Generate_GivenActivityMethodReturningTaskOfActivity_RaisesDiagnostic#TagAttribute.g.verified.cs
    - Received: TelemetrySourceGeneratorTests.Generate_GivenActivityMethodReturningTaskOfActivity_RaisesDiagnostic#Targets.g.received.cs
      Verified: TelemetrySourceGeneratorTests.Generate_GivenActivityMethodReturningTaskOfActivity_RaisesDiagnostic#Targets.g.verified.cs
    - Received: TelemetrySourceGeneratorTests.Generate_GivenActivityMethodReturningTaskOfActivity_RaisesDiagnostic#TelemetryGenerationAttribute.g.received.cs
      Verified: TelemetrySourceGeneratorTests.Generate_GivenActivityMethodReturningTaskOfActivity_RaisesDiagnostic#TelemetryGenerationAttribute.g.verified.cs
    - Received: TelemetrySourceGeneratorTests.Generate_GivenActivityMethodReturningTaskOfActivity_RaisesDiagnostic#Testing.InvalidTelemetryCore.Activity.g.received.cs
      Verified: TelemetrySourceGeneratorTests.Generate_GivenActivityMethodReturningTaskOfActivity_RaisesDiagnostic#Testing.InvalidTelemetryCore.Activity.g.verified.cs
    - Received: TelemetrySourceGeneratorTests.Generate_GivenActivityMethodReturningTaskOfActivity_RaisesDiagnostic#TraceAttribute.g.received.cs
      Verified: TelemetrySourceGeneratorTests.Generate_GivenActivityMethodReturningTaskOfActivity_RaisesDiagnostic#TraceAttribute.g.verified.cs
    - Received: TelemetrySourceGeneratorTests.Generate_GivenActivityMethodReturningTaskOfActivity_RaisesDiagnostic#UpDownCounterAttribute.g.received.cs
      Verified: TelemetrySourceGeneratorTests.Generate_GivenActivityMethodReturningTaskOfActivity_RaisesDiagnostic#UpDownCounterAttribute.g.verified.cs
    - Received: TelemetrySourceGeneratorTests.Generate_GivenActivityMethodReturningTaskOfActivity_RaisesDiagnostic#WarningAttribute.g.received.cs
      Verified: TelemetrySourceGeneratorTests.Generate_GivenActivityMethodReturningTaskOfActivity_RaisesDiagnostic#WarningAttribute.g.verified.cs
  
  Standard output
    DBG: --- Adding templates.
    DBG: Adding ActivitySourceGenerationAttribute as ActivitySourceGenerationAttribute.g.cs.
    DBG: Adding ActivitySourceAttribute as ActivitySourceAttribute.g.cs.
    DBG: Adding ActivityAttribute as ActivityAttribute.g.cs.
    DBG: Adding EventAttribute as EventAttribute.g.cs.
    DBG: Adding ContextAttribute as ContextAttribute.g.cs.
    DBG: Adding BaggageAttribute as BaggageAttribute.g.cs.
    DBG: Adding EscapeAttribute as EscapeAttribute.g.cs.
    DBG: Adding StatusDescriptionAttribute as StatusDescriptionAttribute.g.cs.
    DBG: Adding LoggerGenerationAttribute as LoggerGenerationAttribute.g.cs.
    DBG: Adding LoggerAttribute as LoggerAttribute.g.cs.
    DBG: Adding LogAttribute as LogAttribute.g.cs.
    DBG: Adding LogPrefixType as LogPrefixType.g.cs.
    DBG: Adding LoggerGenerationMode as LoggerGenerationMode.g.cs.
    DBG: Adding ExpandEnumerableAttribute as ExpandEnumerableAttribute.g.cs.
    DBG: Adding TraceAttribute as TraceAttribute.g.cs.
    DBG: Adding DebugAttribute as DebugAttribute.g.cs.
    DBG: Adding InfoAttribute as InfoAttribute.g.cs.
    DBG: Adding WarningAttribute as WarningAttribute.g.cs.
    DBG: Adding ErrorAttribute as ErrorAttribute.g.cs.
    DBG: Adding CriticalAttribute as CriticalAttribute.g.cs.
    DBG: Adding MeterGenerationAttribute as MeterGenerationAttribute.g.cs.
    DBG: Adding MeterAttribute as MeterAttribute.g.cs.
    DBG: Adding MeterNameGenerationType as MeterNameGenerationType.g.cs.
    DBG: Adding InstrumentMeasurementAttribute as InstrumentMeasurementAttribute.g.cs.
    DBG: Adding AutoCounterAttribute as AutoCounterAttribute.g.cs.
    DBG: Adding CounterAttribute as CounterAttribute.g.cs.
    DBG: Adding UpDownCounterAttribute as UpDownCounterAttribute.g.cs.
    DBG: Adding HistogramAttribute as HistogramAttribute.g.cs.
    DBG: Adding ObservableCounterAttribute as ObservableCounterAttribute.g.cs.
    DBG: Adding ObservableGaugeAttribute as ObservableGaugeAttribute.g.cs.
    DBG: Adding ObservableUpDownCounterAttribute as ObservableUpDownCounterAttribute.g.cs.
    DBG: Adding TagAttribute as TagAttribute.g.cs.
    DBG: Adding ExcludeAttribute as ExcludeAttribute.g.cs.
    DBG: Adding TelemetryGenerationAttribute as TelemetryGenerationAttribute.g.cs.
    DBG: Adding Targets as Targets.g.cs.
    DBG: Adding NamingConvention as NamingConvention.g.cs.
    DBG: Adding ExcludeTargetsAttribute as ExcludeTargetsAttribute.g.cs.
    DBG: --- Finished adding templates.
    DBG: Found attribute: Purview.Telemetry.ActivitySourceAttribute("testing-activity-source")
    DBG: Found attribute: Purview.Telemetry.TelemetryGenerationAttribute(GenerateDependencyExtension = false)
    DBG: Found attribute: Purview.Telemetry.ActivityAttribute
    DBG: Found explicit activity: InvalidAsyncActivity.
    DBG: Found Activity method IInvalidTelemetry.InvalidAsyncActivity.
    DBG: Inferring tag: operationId.
    DBG: Activity generation target: Testing.InvalidTelemetryCore
    DBG: Generating activity class for: Testing.InvalidTelemetryCore
    DBG: Generating RecordExceptionInternal.
    DIA: The return type global::System.Threading.Tasks.Task<global::System.Diagnostics.Activity?> isn't valid for an activity, event, or context method.
    DBG: Skipping dependency injection emit.
    DBG: Found attribute: Purview.Telemetry.ActivitySourceAttribute("testing-activity-source")
    DBG: Found attribute: Purview.Telemetry.TelemetryGenerationAttribute(GenerateDependencyExtension = false)
    DBG: Found attribute: Purview.Telemetry.ActivityAttribute
    DBG: Found explicit activity: InvalidAsyncActivity.
    DBG: Found Activity method IInvalidTelemetry.InvalidAsyncActivity.
    DBG: Inferring tag: operationId.
    DBG: Generating Telemetry Names using class 'TelemetryNames'.
    
  Error output
failed Generate_GivenMeterOnlyInterfaceWithActivityMethod_RaisesMissingInterfaceSourceDiagnostic (9s 197ms)
  [Test Failure] VerifyException: Directory: P:\GitHub\kjldev\purview-telemetry-sourcegenerator\src\Purview.Telemetry.SourceGenerator.IntegrationTests\Snapshots
Delete:
  - TelemetrySourceGeneratorTests.Generate_GivenMeterOnlyInterfaceWithActivityMethod_RaisesMissingInterfaceSourceDiagnostic.verified.txt
Equal:
  - Received: TelemetrySourceGeneratorTests.Generate_GivenMeterOnlyInterfaceWithActivityMethod_RaisesMissingInterfaceSourceDiagnostic#ActivityAttribute.g.received.cs
    Verified: TelemetrySourceGeneratorTests.Generate_GivenMeterOnlyInterfaceWithActivityMethod_RaisesMissingInterfaceSourceDiagnostic#ActivityAttribute.g.verified.cs
  - Received: TelemetrySourceGeneratorTests.Generate_GivenMeterOnlyInterfaceWithActivityMethod_RaisesMissingInterfaceSourceDiagnostic#ActivitySourceAttribute.g.received.cs
    Verified: TelemetrySourceGeneratorTests.Generate_GivenMeterOnlyInterfaceWithActivityMethod_RaisesMissingInterfaceSourceDiagnostic#ActivitySourceAttribute.g.verified.cs
  - Received: TelemetrySourceGeneratorTests.Generate_GivenMeterOnlyInterfaceWithActivityMethod_RaisesMissingInterfaceSourceDiagnostic#ActivitySourceGenerationAttribute.g.received.cs
    Verified: TelemetrySourceGeneratorTests.Generate_GivenMeterOnlyInterfaceWithActivityMethod_RaisesMissingInterfaceSourceDiagnostic#ActivitySourceGenerationAttribute.g.verified.cs
  - Received: TelemetrySourceGeneratorTests.Generate_GivenMeterOnlyInterfaceWithActivityMethod_RaisesMissingInterfaceSourceDiagnostic#AutoCounterAttribute.g.received.cs
    Verified: TelemetrySourceGeneratorTests.Generate_GivenMeterOnlyInterfaceWithActivityMethod_RaisesMissingInterfaceSourceDiagnostic#AutoCounterAttribute.g.verified.cs
  - Received: TelemetrySourceGeneratorTests.Generate_GivenMeterOnlyInterfaceWithActivityMethod_RaisesMissingInterfaceSourceDiagnostic#BaggageAttribute.g.received.cs
    Verified: TelemetrySourceGeneratorTests.Generate_GivenMeterOnlyInterfaceWithActivityMethod_RaisesMissingInterfaceSourceDiagnostic#BaggageAttribute.g.verified.cs
  - Received: TelemetrySourceGeneratorTests.Generate_GivenMeterOnlyInterfaceWithActivityMethod_RaisesMissingInterfaceSourceDiagnostic#ContextAttribute.g.received.cs
    Verified: TelemetrySourceGeneratorTests.Generate_GivenMeterOnlyInterfaceWithActivityMethod_RaisesMissingInterfaceSourceDiagnostic#ContextAttribute.g.verified.cs
  - Received: TelemetrySourceGeneratorTests.Generate_GivenMeterOnlyInterfaceWithActivityMethod_RaisesMissingInterfaceSourceDiagnostic#CounterAttribute.g.received.cs
    Verified: TelemetrySourceGeneratorTests.Generate_GivenMeterOnlyInterfaceWithActivityMethod_RaisesMissingInterfaceSourceDiagnostic#CounterAttribute.g.verified.cs
  - Received: TelemetrySourceGeneratorTests.Generate_GivenMeterOnlyInterfaceWithActivityMethod_RaisesMissingInterfaceSourceDiagnostic#CriticalAttribute.g.received.cs
    Verified: TelemetrySourceGeneratorTests.Generate_GivenMeterOnlyInterfaceWithActivityMethod_RaisesMissingInterfaceSourceDiagnostic#CriticalAttribute.g.verified.cs
  - Received: TelemetrySourceGeneratorTests.Generate_GivenMeterOnlyInterfaceWithActivityMethod_RaisesMissingInterfaceSourceDiagnostic#DebugAttribute.g.received.cs
    Verified: TelemetrySourceGeneratorTests.Generate_GivenMeterOnlyInterfaceWithActivityMethod_RaisesMissingInterfaceSourceDiagnostic#DebugAttribute.g.verified.cs
  - Received: TelemetrySourceGeneratorTests.Generate_GivenMeterOnlyInterfaceWithActivityMethod_RaisesMissingInterfaceSourceDiagnostic#ErrorAttribute.g.received.cs
    Verified: TelemetrySourceGeneratorTests.Generate_GivenMeterOnlyInterfaceWithActivityMethod_RaisesMissingInterfaceSourceDiagnostic#ErrorAttribute.g.verified.cs
  - Received: TelemetrySourceGeneratorTests.Generate_GivenMeterOnlyInterfaceWithActivityMethod_RaisesMissingInterfaceSourceDiagnostic#EscapeAttribute.g.received.cs
    Verified: TelemetrySourceGeneratorTests.Generate_GivenMeterOnlyInterfaceWithActivityMethod_RaisesMissingInterfaceSourceDiagnostic#EscapeAttribute.g.verified.cs
  - Received: TelemetrySourceGeneratorTests.Generate_GivenMeterOnlyInterfaceWithActivityMethod_RaisesMissingInterfaceSourceDiagnostic#EventAttribute.g.received.cs
    Verified: TelemetrySourceGeneratorTests.Generate_GivenMeterOnlyInterfaceWithActivityMethod_RaisesMissingInterfaceSourceDiagnostic#EventAttribute.g.verified.cs
  - Received: TelemetrySourceGeneratorTests.Generate_GivenMeterOnlyInterfaceWithActivityMethod_RaisesMissingInterfaceSourceDiagnostic#ExcludeAttribute.g.received.cs
    Verified: TelemetrySourceGeneratorTests.Generate_GivenMeterOnlyInterfaceWithActivityMethod_RaisesMissingInterfaceSourceDiagnostic#ExcludeAttribute.g.verified.cs
  - Received: TelemetrySourceGeneratorTests.Generate_GivenMeterOnlyInterfaceWithActivityMethod_RaisesMissingInterfaceSourceDiagnostic#ExcludeTargetsAttribute.g.received.cs
    Verified: TelemetrySourceGeneratorTests.Generate_GivenMeterOnlyInterfaceWithActivityMethod_RaisesMissingInterfaceSourceDiagnostic#ExcludeTargetsAttribute.g.verified.cs
  - Received: TelemetrySourceGeneratorTests.Generate_GivenMeterOnlyInterfaceWithActivityMethod_RaisesMissingInterfaceSourceDiagnostic#ExpandEnumerableAttribute.g.received.cs
    Verified: TelemetrySourceGeneratorTests.Generate_GivenMeterOnlyInterfaceWithActivityMethod_RaisesMissingInterfaceSourceDiagnostic#ExpandEnumerableAttribute.g.verified.cs
  - Received: TelemetrySourceGeneratorTests.Generate_GivenMeterOnlyInterfaceWithActivityMethod_RaisesMissingInterfaceSourceDiagnostic#HistogramAttribute.g.received.cs
    Verified: TelemetrySourceGeneratorTests.Generate_GivenMeterOnlyInterfaceWithActivityMethod_RaisesMissingInterfaceSourceDiagnostic#HistogramAttribute.g.verified.cs
  - Received: TelemetrySourceGeneratorTests.Generate_GivenMeterOnlyInterfaceWithActivityMethod_RaisesMissingInterfaceSourceDiagnostic#InfoAttribute.g.received.cs
    Verified: TelemetrySourceGeneratorTests.Generate_GivenMeterOnlyInterfaceWithActivityMethod_RaisesMissingInterfaceSourceDiagnostic#InfoAttribute.g.verified.cs
  - Received: TelemetrySourceGeneratorTests.Generate_GivenMeterOnlyInterfaceWithActivityMethod_RaisesMissingInterfaceSourceDiagnostic#InstrumentMeasurementAttribute.g.received.cs
    Verified: TelemetrySourceGeneratorTests.Generate_GivenMeterOnlyInterfaceWithActivityMethod_RaisesMissingInterfaceSourceDiagnostic#InstrumentMeasurementAttribute.g.verified.cs
  - Received: TelemetrySourceGeneratorTests.Generate_GivenMeterOnlyInterfaceWithActivityMethod_RaisesMissingInterfaceSourceDiagnostic#LogAttribute.g.received.cs
    Verified: TelemetrySourceGeneratorTests.Generate_GivenMeterOnlyInterfaceWithActivityMethod_RaisesMissingInterfaceSourceDiagnostic#LogAttribute.g.verified.cs
  - Received: TelemetrySourceGeneratorTests.Generate_GivenMeterOnlyInterfaceWithActivityMethod_RaisesMissingInterfaceSourceDiagnostic#LoggerAttribute.g.received.cs
    Verified: TelemetrySourceGeneratorTests.Generate_GivenMeterOnlyInterfaceWithActivityMethod_RaisesMissingInterfaceSourceDiagnostic#LoggerAttribute.g.verified.cs
  - Received: TelemetrySourceGeneratorTests.Generate_GivenMeterOnlyInterfaceWithActivityMethod_RaisesMissingInterfaceSourceDiagnostic#LoggerGenerationAttribute.g.received.cs
    Verified: TelemetrySourceGeneratorTests.Generate_GivenMeterOnlyInterfaceWithActivityMethod_RaisesMissingInterfaceSourceDiagnostic#LoggerGenerationAttribute.g.verified.cs
  - Received: TelemetrySourceGeneratorTests.Generate_GivenMeterOnlyInterfaceWithActivityMethod_RaisesMissingInterfaceSourceDiagnostic#LoggerGenerationMode.g.received.cs
    Verified: TelemetrySourceGeneratorTests.Generate_GivenMeterOnlyInterfaceWithActivityMethod_RaisesMissingInterfaceSourceDiagnostic#LoggerGenerationMode.g.verified.cs
  - Received: TelemetrySourceGeneratorTests.Generate_GivenMeterOnlyInterfaceWithActivityMethod_RaisesMissingInterfaceSourceDiagnostic#LogPrefixType.g.received.cs
    Verified: TelemetrySourceGeneratorTests.Generate_GivenMeterOnlyInterfaceWithActivityMethod_RaisesMissingInterfaceSourceDiagnostic#LogPrefixType.g.verified.cs
  - Received: TelemetrySourceGeneratorTests.Generate_GivenMeterOnlyInterfaceWithActivityMethod_RaisesMissingInterfaceSourceDiagnostic#MeterAttribute.g.received.cs
    Verified: TelemetrySourceGeneratorTests.Generate_GivenMeterOnlyInterfaceWithActivityMethod_RaisesMissingInterfaceSourceDiagnostic#MeterAttribute.g.verified.cs
  - Received: TelemetrySourceGeneratorTests.Generate_GivenMeterOnlyInterfaceWithActivityMethod_RaisesMissingInterfaceSourceDiagnostic#MeterGenerationAttribute.g.received.cs
    Verified: TelemetrySourceGeneratorTests.Generate_GivenMeterOnlyInterfaceWithActivityMethod_RaisesMissingInterfaceSourceDiagnostic#MeterGenerationAttribute.g.verified.cs
  - Received: TelemetrySourceGeneratorTests.Generate_GivenMeterOnlyInterfaceWithActivityMethod_RaisesMissingInterfaceSourceDiagnostic#MeterNameGenerationType.g.received.cs
    Verified: TelemetrySourceGeneratorTests.Generate_GivenMeterOnlyInterfaceWithActivityMethod_RaisesMissingInterfaceSourceDiagnostic#MeterNameGenerationType.g.verified.cs
  - Received: TelemetrySourceGeneratorTests.Generate_GivenMeterOnlyInterfaceWithActivityMethod_RaisesMissingInterfaceSourceDiagnostic#NamingConvention.g.received.cs
    Verified: TelemetrySourceGeneratorTests.Generate_GivenMeterOnlyInterfaceWithActivityMethod_RaisesMissingInterfaceSourceDiagnostic#NamingConvention.g.verified.cs
  - Received: TelemetrySourceGeneratorTests.Generate_GivenMeterOnlyInterfaceWithActivityMethod_RaisesMissingInterfaceSourceDiagnostic#ObservableCounterAttribute.g.received.cs
    Verified: TelemetrySourceGeneratorTests.Generate_GivenMeterOnlyInterfaceWithActivityMethod_RaisesMissingInterfaceSourceDiagnostic#ObservableCounterAttribute.g.verified.cs
  - Received: TelemetrySourceGeneratorTests.Generate_GivenMeterOnlyInterfaceWithActivityMethod_RaisesMissingInterfaceSourceDiagnostic#ObservableGaugeAttribute.g.received.cs
    Verified: TelemetrySourceGeneratorTests.Generate_GivenMeterOnlyInterfaceWithActivityMethod_RaisesMissingInterfaceSourceDiagnostic#ObservableGaugeAttribute.g.verified.cs
  - Received: TelemetrySourceGeneratorTests.Generate_GivenMeterOnlyInterfaceWithActivityMethod_RaisesMissingInterfaceSourceDiagnostic#ObservableUpDownCounterAttribute.g.received.cs
    Verified: TelemetrySourceGeneratorTests.Generate_GivenMeterOnlyInterfaceWithActivityMethod_RaisesMissingInterfaceSourceDiagnostic#ObservableUpDownCounterAttribute.g.verified.cs
  - Received: TelemetrySourceGeneratorTests.Generate_GivenMeterOnlyInterfaceWithActivityMethod_RaisesMissingInterfaceSourceDiagnostic#Purview.Telemetry.SourceGenerator.TelemetryNames.g.received.cs
    Verified: TelemetrySourceGeneratorTests.Generate_GivenMeterOnlyInterfaceWithActivityMethod_RaisesMissingInterfaceSourceDiagnostic#Purview.Telemetry.SourceGenerator.TelemetryNames.g.verified.cs
  - Received: TelemetrySourceGeneratorTests.Generate_GivenMeterOnlyInterfaceWithActivityMethod_RaisesMissingInterfaceSourceDiagnostic#StatusDescriptionAttribute.g.received.cs
    Verified: TelemetrySourceGeneratorTests.Generate_GivenMeterOnlyInterfaceWithActivityMethod_RaisesMissingInterfaceSourceDiagnostic#StatusDescriptionAttribute.g.verified.cs
  - Received: TelemetrySourceGeneratorTests.Generate_GivenMeterOnlyInterfaceWithActivityMethod_RaisesMissingInterfaceSourceDiagnostic#TagAttribute.g.received.cs
    Verified: TelemetrySourceGeneratorTests.Generate_GivenMeterOnlyInterfaceWithActivityMethod_RaisesMissingInterfaceSourceDiagnostic#TagAttribute.g.verified.cs
  - Received: TelemetrySourceGeneratorTests.Generate_GivenMeterOnlyInterfaceWithActivityMethod_RaisesMissingInterfaceSourceDiagnostic#Targets.g.received.cs
    Verified: TelemetrySourceGeneratorTests.Generate_GivenMeterOnlyInterfaceWithActivityMethod_RaisesMissingInterfaceSourceDiagnostic#Targets.g.verified.cs
  - Received: TelemetrySourceGeneratorTests.Generate_GivenMeterOnlyInterfaceWithActivityMethod_RaisesMissingInterfaceSourceDiagnostic#TelemetryGenerationAttribute.g.received.cs
    Verified: TelemetrySourceGeneratorTests.Generate_GivenMeterOnlyInterfaceWithActivityMethod_RaisesMissingInterfaceSourceDiagnostic#TelemetryGenerationAttribute.g.verified.cs
  - Received: TelemetrySourceGeneratorTests.Generate_GivenMeterOnlyInterfaceWithActivityMethod_RaisesMissingInterfaceSourceDiagnostic#Testing.TelemetryCore.Metric.g.received.cs
    Verified: TelemetrySourceGeneratorTests.Generate_GivenMeterOnlyInterfaceWithActivityMethod_RaisesMissingInterfaceSourceDiagnostic#Testing.TelemetryCore.Metric.g.verified.cs
  - Received: TelemetrySourceGeneratorTests.Generate_GivenMeterOnlyInterfaceWithActivityMethod_RaisesMissingInterfaceSourceDiagnostic#TraceAttribute.g.received.cs
    Verified: TelemetrySourceGeneratorTests.Generate_GivenMeterOnlyInterfaceWithActivityMethod_RaisesMissingInterfaceSourceDiagnostic#TraceAttribute.g.verified.cs
  - Received: TelemetrySourceGeneratorTests.Generate_GivenMeterOnlyInterfaceWithActivityMethod_RaisesMissingInterfaceSourceDiagnostic#UpDownCounterAttribute.g.received.cs
    Verified: TelemetrySourceGeneratorTests.Generate_GivenMeterOnlyInterfaceWithActivityMethod_RaisesMissingInterfaceSourceDiagnostic#UpDownCounterAttribute.g.verified.cs
  - Received: TelemetrySourceGeneratorTests.Generate_GivenMeterOnlyInterfaceWithActivityMethod_RaisesMissingInterfaceSourceDiagnostic#WarningAttribute.g.received.cs
    Verified: TelemetrySourceGeneratorTests.Generate_GivenMeterOnlyInterfaceWithActivityMethod_RaisesMissingInterfaceSourceDiagnostic#WarningAttribute.g.verified.cs

  from P:\GitHub\kjldev\purview-telemetry-sourcegenerator\src\Purview.Telemetry.SourceGenerator.IntegrationTests\bin\Release\net10.0\Purview.Telemetry.SourceGenerator.IntegrationTests.dll (net10.0|x64)
  TUnit.Engine.Exceptions.TestFailedException: [Test Failure] VerifyException: Directory: P:\GitHub\kjldev\purview-telemetry-sourcegenerator\src\Purview.Telemetry.SourceGenerator.IntegrationTests\Snapshots
  Delete:
    - TelemetrySourceGeneratorTests.Generate_GivenMeterOnlyInterfaceWithActivityMethod_RaisesMissingInterfaceSourceDiagnostic.verified.txt
  Equal:
    - Received: TelemetrySourceGeneratorTests.Generate_GivenMeterOnlyInterfaceWithActivityMethod_RaisesMissingInterfaceSourceDiagnostic#ActivityAttribute.g.received.cs
      Verified: TelemetrySourceGeneratorTests.Generate_GivenMeterOnlyInterfaceWithActivityMethod_RaisesMissingInterfaceSourceDiagnostic#ActivityAttribute.g.verified.cs
    - Received: TelemetrySourceGeneratorTests.Generate_GivenMeterOnlyInterfaceWithActivityMethod_RaisesMissingInterfaceSourceDiagnostic#ActivitySourceAttribute.g.received.cs
      Verified: TelemetrySourceGeneratorTests.Generate_GivenMeterOnlyInterfaceWithActivityMethod_RaisesMissingInterfaceSourceDiagnostic#ActivitySourceAttribute.g.verified.cs
    - Received: TelemetrySourceGeneratorTests.Generate_GivenMeterOnlyInterfaceWithActivityMethod_RaisesMissingInterfaceSourceDiagnostic#ActivitySourceGenerationAttribute.g.received.cs
      Verified: TelemetrySourceGeneratorTests.Generate_GivenMeterOnlyInterfaceWithActivityMethod_RaisesMissingInterfaceSourceDiagnostic#ActivitySourceGenerationAttribute.g.verified.cs
    - Received: TelemetrySourceGeneratorTests.Generate_GivenMeterOnlyInterfaceWithActivityMethod_RaisesMissingInterfaceSourceDiagnostic#AutoCounterAttribute.g.received.cs
      Verified: TelemetrySourceGeneratorTests.Generate_GivenMeterOnlyInterfaceWithActivityMethod_RaisesMissingInterfaceSourceDiagnostic#AutoCounterAttribute.g.verified.cs
    - Received: TelemetrySourceGeneratorTests.Generate_GivenMeterOnlyInterfaceWithActivityMethod_RaisesMissingInterfaceSourceDiagnostic#BaggageAttribute.g.received.cs
      Verified: TelemetrySourceGeneratorTests.Generate_GivenMeterOnlyInterfaceWithActivityMethod_RaisesMissingInterfaceSourceDiagnostic#BaggageAttribute.g.verified.cs
    - Received: TelemetrySourceGeneratorTests.Generate_GivenMeterOnlyInterfaceWithActivityMethod_RaisesMissingInterfaceSourceDiagnostic#ContextAttribute.g.received.cs
      Verified: TelemetrySourceGeneratorTests.Generate_GivenMeterOnlyInterfaceWithActivityMethod_RaisesMissingInterfaceSourceDiagnostic#ContextAttribute.g.verified.cs
    - Received: TelemetrySourceGeneratorTests.Generate_GivenMeterOnlyInterfaceWithActivityMethod_RaisesMissingInterfaceSourceDiagnostic#CounterAttribute.g.received.cs
      Verified: TelemetrySourceGeneratorTests.Generate_GivenMeterOnlyInterfaceWithActivityMethod_RaisesMissingInterfaceSourceDiagnostic#CounterAttribute.g.verified.cs
    - Received: TelemetrySourceGeneratorTests.Generate_GivenMeterOnlyInterfaceWithActivityMethod_RaisesMissingInterfaceSourceDiagnostic#CriticalAttribute.g.received.cs
      Verified: TelemetrySourceGeneratorTests.Generate_GivenMeterOnlyInterfaceWithActivityMethod_RaisesMissingInterfaceSourceDiagnostic#CriticalAttribute.g.verified.cs
    - Received: TelemetrySourceGeneratorTests.Generate_GivenMeterOnlyInterfaceWithActivityMethod_RaisesMissingInterfaceSourceDiagnostic#DebugAttribute.g.received.cs
      Verified: TelemetrySourceGeneratorTests.Generate_GivenMeterOnlyInterfaceWithActivityMethod_RaisesMissingInterfaceSourceDiagnostic#DebugAttribute.g.verified.cs
    - Received: TelemetrySourceGeneratorTests.Generate_GivenMeterOnlyInterfaceWithActivityMethod_RaisesMissingInterfaceSourceDiagnostic#ErrorAttribute.g.received.cs
      Verified: TelemetrySourceGeneratorTests.Generate_GivenMeterOnlyInterfaceWithActivityMethod_RaisesMissingInterfaceSourceDiagnostic#ErrorAttribute.g.verified.cs
    - Received: TelemetrySourceGeneratorTests.Generate_GivenMeterOnlyInterfaceWithActivityMethod_RaisesMissingInterfaceSourceDiagnostic#EscapeAttribute.g.received.cs
      Verified: TelemetrySourceGeneratorTests.Generate_GivenMeterOnlyInterfaceWithActivityMethod_RaisesMissingInterfaceSourceDiagnostic#EscapeAttribute.g.verified.cs
    - Received: TelemetrySourceGeneratorTests.Generate_GivenMeterOnlyInterfaceWithActivityMethod_RaisesMissingInterfaceSourceDiagnostic#EventAttribute.g.received.cs
      Verified: TelemetrySourceGeneratorTests.Generate_GivenMeterOnlyInterfaceWithActivityMethod_RaisesMissingInterfaceSourceDiagnostic#EventAttribute.g.verified.cs
    - Received: TelemetrySourceGeneratorTests.Generate_GivenMeterOnlyInterfaceWithActivityMethod_RaisesMissingInterfaceSourceDiagnostic#ExcludeAttribute.g.received.cs
      Verified: TelemetrySourceGeneratorTests.Generate_GivenMeterOnlyInterfaceWithActivityMethod_RaisesMissingInterfaceSourceDiagnostic#ExcludeAttribute.g.verified.cs
    - Received: TelemetrySourceGeneratorTests.Generate_GivenMeterOnlyInterfaceWithActivityMethod_RaisesMissingInterfaceSourceDiagnostic#ExcludeTargetsAttribute.g.received.cs
      Verified: TelemetrySourceGeneratorTests.Generate_GivenMeterOnlyInterfaceWithActivityMethod_RaisesMissingInterfaceSourceDiagnostic#ExcludeTargetsAttribute.g.verified.cs
    - Received: TelemetrySourceGeneratorTests.Generate_GivenMeterOnlyInterfaceWithActivityMethod_RaisesMissingInterfaceSourceDiagnostic#ExpandEnumerableAttribute.g.received.cs
      Verified: TelemetrySourceGeneratorTests.Generate_GivenMeterOnlyInterfaceWithActivityMethod_RaisesMissingInterfaceSourceDiagnostic#ExpandEnumerableAttribute.g.verified.cs
    - Received: TelemetrySourceGeneratorTests.Generate_GivenMeterOnlyInterfaceWithActivityMethod_RaisesMissingInterfaceSourceDiagnostic#HistogramAttribute.g.received.cs
      Verified: TelemetrySourceGeneratorTests.Generate_GivenMeterOnlyInterfaceWithActivityMethod_RaisesMissingInterfaceSourceDiagnostic#HistogramAttribute.g.verified.cs
    - Received: TelemetrySourceGeneratorTests.Generate_GivenMeterOnlyInterfaceWithActivityMethod_RaisesMissingInterfaceSourceDiagnostic#InfoAttribute.g.received.cs
      Verified: TelemetrySourceGeneratorTests.Generate_GivenMeterOnlyInterfaceWithActivityMethod_RaisesMissingInterfaceSourceDiagnostic#InfoAttribute.g.verified.cs
    - Received: TelemetrySourceGeneratorTests.Generate_GivenMeterOnlyInterfaceWithActivityMethod_RaisesMissingInterfaceSourceDiagnostic#InstrumentMeasurementAttribute.g.received.cs
      Verified: TelemetrySourceGeneratorTests.Generate_GivenMeterOnlyInterfaceWithActivityMethod_RaisesMissingInterfaceSourceDiagnostic#InstrumentMeasurementAttribute.g.verified.cs
    - Received: TelemetrySourceGeneratorTests.Generate_GivenMeterOnlyInterfaceWithActivityMethod_RaisesMissingInterfaceSourceDiagnostic#LogAttribute.g.received.cs
      Verified: TelemetrySourceGeneratorTests.Generate_GivenMeterOnlyInterfaceWithActivityMethod_RaisesMissingInterfaceSourceDiagnostic#LogAttribute.g.verified.cs
    - Received: TelemetrySourceGeneratorTests.Generate_GivenMeterOnlyInterfaceWithActivityMethod_RaisesMissingInterfaceSourceDiagnostic#LoggerAttribute.g.received.cs
      Verified: TelemetrySourceGeneratorTests.Generate_GivenMeterOnlyInterfaceWithActivityMethod_RaisesMissingInterfaceSourceDiagnostic#LoggerAttribute.g.verified.cs
    - Received: TelemetrySourceGeneratorTests.Generate_GivenMeterOnlyInterfaceWithActivityMethod_RaisesMissingInterfaceSourceDiagnostic#LoggerGenerationAttribute.g.received.cs
      Verified: TelemetrySourceGeneratorTests.Generate_GivenMeterOnlyInterfaceWithActivityMethod_RaisesMissingInterfaceSourceDiagnostic#LoggerGenerationAttribute.g.verified.cs
    - Received: TelemetrySourceGeneratorTests.Generate_GivenMeterOnlyInterfaceWithActivityMethod_RaisesMissingInterfaceSourceDiagnostic#LoggerGenerationMode.g.received.cs
      Verified: TelemetrySourceGeneratorTests.Generate_GivenMeterOnlyInterfaceWithActivityMethod_RaisesMissingInterfaceSourceDiagnostic#LoggerGenerationMode.g.verified.cs
    - Received: TelemetrySourceGeneratorTests.Generate_GivenMeterOnlyInterfaceWithActivityMethod_RaisesMissingInterfaceSourceDiagnostic#LogPrefixType.g.received.cs
      Verified: TelemetrySourceGeneratorTests.Generate_GivenMeterOnlyInterfaceWithActivityMethod_RaisesMissingInterfaceSourceDiagnostic#LogPrefixType.g.verified.cs
    - Received: TelemetrySourceGeneratorTests.Generate_GivenMeterOnlyInterfaceWithActivityMethod_RaisesMissingInterfaceSourceDiagnostic#MeterAttribute.g.received.cs
      Verified: TelemetrySourceGeneratorTests.Generate_GivenMeterOnlyInterfaceWithActivityMethod_RaisesMissingInterfaceSourceDiagnostic#MeterAttribute.g.verified.cs
    - Received: TelemetrySourceGeneratorTests.Generate_GivenMeterOnlyInterfaceWithActivityMethod_RaisesMissingInterfaceSourceDiagnostic#MeterGenerationAttribute.g.received.cs
      Verified: TelemetrySourceGeneratorTests.Generate_GivenMeterOnlyInterfaceWithActivityMethod_RaisesMissingInterfaceSourceDiagnostic#MeterGenerationAttribute.g.verified.cs
    - Received: TelemetrySourceGeneratorTests.Generate_GivenMeterOnlyInterfaceWithActivityMethod_RaisesMissingInterfaceSourceDiagnostic#MeterNameGenerationType.g.received.cs
      Verified: TelemetrySourceGeneratorTests.Generate_GivenMeterOnlyInterfaceWithActivityMethod_RaisesMissingInterfaceSourceDiagnostic#MeterNameGenerationType.g.verified.cs
    - Received: TelemetrySourceGeneratorTests.Generate_GivenMeterOnlyInterfaceWithActivityMethod_RaisesMissingInterfaceSourceDiagnostic#NamingConvention.g.received.cs
      Verified: TelemetrySourceGeneratorTests.Generate_GivenMeterOnlyInterfaceWithActivityMethod_RaisesMissingInterfaceSourceDiagnostic#NamingConvention.g.verified.cs
    - Received: TelemetrySourceGeneratorTests.Generate_GivenMeterOnlyInterfaceWithActivityMethod_RaisesMissingInterfaceSourceDiagnostic#ObservableCounterAttribute.g.received.cs
      Verified: TelemetrySourceGeneratorTests.Generate_GivenMeterOnlyInterfaceWithActivityMethod_RaisesMissingInterfaceSourceDiagnostic#ObservableCounterAttribute.g.verified.cs
    - Received: TelemetrySourceGeneratorTests.Generate_GivenMeterOnlyInterfaceWithActivityMethod_RaisesMissingInterfaceSourceDiagnostic#ObservableGaugeAttribute.g.received.cs
      Verified: TelemetrySourceGeneratorTests.Generate_GivenMeterOnlyInterfaceWithActivityMethod_RaisesMissingInterfaceSourceDiagnostic#ObservableGaugeAttribute.g.verified.cs
    - Received: TelemetrySourceGeneratorTests.Generate_GivenMeterOnlyInterfaceWithActivityMethod_RaisesMissingInterfaceSourceDiagnostic#ObservableUpDownCounterAttribute.g.received.cs
      Verified: TelemetrySourceGeneratorTests.Generate_GivenMeterOnlyInterfaceWithActivityMethod_RaisesMissingInterfaceSourceDiagnostic#ObservableUpDownCounterAttribute.g.verified.cs
    - Received: TelemetrySourceGeneratorTests.Generate_GivenMeterOnlyInterfaceWithActivityMethod_RaisesMissingInterfaceSourceDiagnostic#Purview.Telemetry.SourceGenerator.TelemetryNames.g.received.cs
      Verified: TelemetrySourceGeneratorTests.Generate_GivenMeterOnlyInterfaceWithActivityMethod_RaisesMissingInterfaceSourceDiagnostic#Purview.Telemetry.SourceGenerator.TelemetryNames.g.verified.cs
    - Received: TelemetrySourceGeneratorTests.Generate_GivenMeterOnlyInterfaceWithActivityMethod_RaisesMissingInterfaceSourceDiagnostic#StatusDescriptionAttribute.g.received.cs
      Verified: TelemetrySourceGeneratorTests.Generate_GivenMeterOnlyInterfaceWithActivityMethod_RaisesMissingInterfaceSourceDiagnostic#StatusDescriptionAttribute.g.verified.cs
    - Received: TelemetrySourceGeneratorTests.Generate_GivenMeterOnlyInterfaceWithActivityMethod_RaisesMissingInterfaceSourceDiagnostic#TagAttribute.g.received.cs
      Verified: TelemetrySourceGeneratorTests.Generate_GivenMeterOnlyInterfaceWithActivityMethod_RaisesMissingInterfaceSourceDiagnostic#TagAttribute.g.verified.cs
    - Received: TelemetrySourceGeneratorTests.Generate_GivenMeterOnlyInterfaceWithActivityMethod_RaisesMissingInterfaceSourceDiagnostic#Targets.g.received.cs
      Verified: TelemetrySourceGeneratorTests.Generate_GivenMeterOnlyInterfaceWithActivityMethod_RaisesMissingInterfaceSourceDiagnostic#Targets.g.verified.cs
    - Received: TelemetrySourceGeneratorTests.Generate_GivenMeterOnlyInterfaceWithActivityMethod_RaisesMissingInterfaceSourceDiagnostic#TelemetryGenerationAttribute.g.received.cs
      Verified: TelemetrySourceGeneratorTests.Generate_GivenMeterOnlyInterfaceWithActivityMethod_RaisesMissingInterfaceSourceDiagnostic#TelemetryGenerationAttribute.g.verified.cs
    - Received: TelemetrySourceGeneratorTests.Generate_GivenMeterOnlyInterfaceWithActivityMethod_RaisesMissingInterfaceSourceDiagnostic#Testing.TelemetryCore.Metric.g.received.cs
      Verified: TelemetrySourceGeneratorTests.Generate_GivenMeterOnlyInterfaceWithActivityMethod_RaisesMissingInterfaceSourceDiagnostic#Testing.TelemetryCore.Metric.g.verified.cs
    - Received: TelemetrySourceGeneratorTests.Generate_GivenMeterOnlyInterfaceWithActivityMethod_RaisesMissingInterfaceSourceDiagnostic#TraceAttribute.g.received.cs
      Verified: TelemetrySourceGeneratorTests.Generate_GivenMeterOnlyInterfaceWithActivityMethod_RaisesMissingInterfaceSourceDiagnostic#TraceAttribute.g.verified.cs
    - Received: TelemetrySourceGeneratorTests.Generate_GivenMeterOnlyInterfaceWithActivityMethod_RaisesMissingInterfaceSourceDiagnostic#UpDownCounterAttribute.g.received.cs
      Verified: TelemetrySourceGeneratorTests.Generate_GivenMeterOnlyInterfaceWithActivityMethod_RaisesMissingInterfaceSourceDiagnostic#UpDownCounterAttribute.g.verified.cs
    - Received: TelemetrySourceGeneratorTests.Generate_GivenMeterOnlyInterfaceWithActivityMethod_RaisesMissingInterfaceSourceDiagnostic#WarningAttribute.g.received.cs
      Verified: TelemetrySourceGeneratorTests.Generate_GivenMeterOnlyInterfaceWithActivityMethod_RaisesMissingInterfaceSourceDiagnostic#WarningAttribute.g.verified.cs
  
  Standard output
    DBG: --- Adding templates.
    DBG: Adding ActivitySourceGenerationAttribute as ActivitySourceGenerationAttribute.g.cs.
    DBG: Adding ActivitySourceAttribute as ActivitySourceAttribute.g.cs.
    DBG: Adding ActivityAttribute as ActivityAttribute.g.cs.
    DBG: Adding EventAttribute as EventAttribute.g.cs.
    DBG: Adding ContextAttribute as ContextAttribute.g.cs.
    DBG: Adding BaggageAttribute as BaggageAttribute.g.cs.
    DBG: Adding EscapeAttribute as EscapeAttribute.g.cs.
    DBG: Adding StatusDescriptionAttribute as StatusDescriptionAttribute.g.cs.
    DBG: Adding LoggerGenerationAttribute as LoggerGenerationAttribute.g.cs.
    DBG: Adding LoggerAttribute as LoggerAttribute.g.cs.
    DBG: Adding LogAttribute as LogAttribute.g.cs.
    DBG: Adding LogPrefixType as LogPrefixType.g.cs.
    DBG: Adding LoggerGenerationMode as LoggerGenerationMode.g.cs.
    DBG: Adding ExpandEnumerableAttribute as ExpandEnumerableAttribute.g.cs.
    DBG: Adding TraceAttribute as TraceAttribute.g.cs.
    DBG: Adding DebugAttribute as DebugAttribute.g.cs.
    DBG: Adding InfoAttribute as InfoAttribute.g.cs.
    DBG: Adding WarningAttribute as WarningAttribute.g.cs.
    DBG: Adding ErrorAttribute as ErrorAttribute.g.cs.
    DBG: Adding CriticalAttribute as CriticalAttribute.g.cs.
    DBG: Adding MeterGenerationAttribute as MeterGenerationAttribute.g.cs.
    DBG: Adding MeterAttribute as MeterAttribute.g.cs.
    DBG: Adding MeterNameGenerationType as MeterNameGenerationType.g.cs.
    DBG: Adding InstrumentMeasurementAttribute as InstrumentMeasurementAttribute.g.cs.
    DBG: Adding AutoCounterAttribute as AutoCounterAttribute.g.cs.
    DBG: Adding CounterAttribute as CounterAttribute.g.cs.
    DBG: Adding UpDownCounterAttribute as UpDownCounterAttribute.g.cs.
    DBG: Adding HistogramAttribute as HistogramAttribute.g.cs.
    DBG: Adding ObservableCounterAttribute as ObservableCounterAttribute.g.cs.
    DBG: Adding ObservableGaugeAttribute as ObservableGaugeAttribute.g.cs.
    DBG: Adding ObservableUpDownCounterAttribute as ObservableUpDownCounterAttribute.g.cs.
    DBG: Adding TagAttribute as TagAttribute.g.cs.
    DBG: Adding ExcludeAttribute as ExcludeAttribute.g.cs.
    DBG: Adding TelemetryGenerationAttribute as TelemetryGenerationAttribute.g.cs.
    DBG: Adding Targets as Targets.g.cs.
    DBG: Adding NamingConvention as NamingConvention.g.cs.
    DBG: Adding ExcludeTargetsAttribute as ExcludeTargetsAttribute.g.cs.
    DBG: --- Finished adding templates.
    DBG: Found attribute: Purview.Telemetry.MeterAttribute("testing-meter")
    DBG: Found attribute: Purview.Telemetry.TelemetryGenerationAttribute(GenerateDependencyExtension = false)
    DBG: Found possible instrument method ITelemetry.IncrementCounter.
    DBG: Found attribute: Purview.Telemetry.CounterAttribute
    DBG: Found valid instrument type: int
    DBG: Found possible instrument method ITelemetry.StartOperation.
    DBG: Unable to match parameter operationId, inferring tag.
    DBG: Identified ITelemetry.StartOperation as problematic as the interface is missing source attribute(s) for the method's target(s).
    DBG: Meter generation target: Testing.TelemetryCore
    DBG: Generating metric class for: Testing.TelemetryCore
    DBG: Emitting fields for TelemetryCore
    DBG: Emitting partial method for populating tags: PopulateMeterTags.
    DBG: Emitting instrument method: IncrementCounter.
    DBG: Skipping dependency injection emit.
    DBG: Found attribute: Purview.Telemetry.MeterAttribute("testing-meter")
    DBG: Found attribute: Purview.Telemetry.TelemetryGenerationAttribute(GenerateDependencyExtension = false)
    DBG: Found possible instrument method ITelemetry.IncrementCounter.
    DBG: Found attribute: Purview.Telemetry.CounterAttribute
    DBG: Found valid instrument type: int
    DBG: Found possible instrument method ITelemetry.StartOperation.
    DBG: Unable to match parameter operationId, inferring tag.
    DBG: Identified ITelemetry.StartOperation as problematic as the interface is missing source attribute(s) for the method's target(s).
    DBG: Generating Telemetry Names using class 'TelemetryNames'.
    
  Error output
failed Generate_GivenDuplicateTelemetryGen_GeneratesDiagnostics (9s 225ms)
  [Test Failure] VerifyException: Directory: P:\GitHub\kjldev\purview-telemetry-sourcegenerator\src\Purview.Telemetry.SourceGenerator.IntegrationTests\Snapshots
Delete:
  - TelemetrySourceGeneratorTests.Generate_GivenDuplicateTelemetryGen_GeneratesDiagnostics.verified.txt
Equal:
  - Received: TelemetrySourceGeneratorTests.Generate_GivenDuplicateTelemetryGen_GeneratesDiagnostics#ActivityAttribute.g.received.cs
    Verified: TelemetrySourceGeneratorTests.Generate_GivenDuplicateTelemetryGen_GeneratesDiagnostics#ActivityAttribute.g.verified.cs
  - Received: TelemetrySourceGeneratorTests.Generate_GivenDuplicateTelemetryGen_GeneratesDiagnostics#ActivitySourceAttribute.g.received.cs
    Verified: TelemetrySourceGeneratorTests.Generate_GivenDuplicateTelemetryGen_GeneratesDiagnostics#ActivitySourceAttribute.g.verified.cs
  - Received: TelemetrySourceGeneratorTests.Generate_GivenDuplicateTelemetryGen_GeneratesDiagnostics#ActivitySourceGenerationAttribute.g.received.cs
    Verified: TelemetrySourceGeneratorTests.Generate_GivenDuplicateTelemetryGen_GeneratesDiagnostics#ActivitySourceGenerationAttribute.g.verified.cs
  - Received: TelemetrySourceGeneratorTests.Generate_GivenDuplicateTelemetryGen_GeneratesDiagnostics#AutoCounterAttribute.g.received.cs
    Verified: TelemetrySourceGeneratorTests.Generate_GivenDuplicateTelemetryGen_GeneratesDiagnostics#AutoCounterAttribute.g.verified.cs
  - Received: TelemetrySourceGeneratorTests.Generate_GivenDuplicateTelemetryGen_GeneratesDiagnostics#BaggageAttribute.g.received.cs
    Verified: TelemetrySourceGeneratorTests.Generate_GivenDuplicateTelemetryGen_GeneratesDiagnostics#BaggageAttribute.g.verified.cs
  - Received: TelemetrySourceGeneratorTests.Generate_GivenDuplicateTelemetryGen_GeneratesDiagnostics#ContextAttribute.g.received.cs
    Verified: TelemetrySourceGeneratorTests.Generate_GivenDuplicateTelemetryGen_GeneratesDiagnostics#ContextAttribute.g.verified.cs
  - Received: TelemetrySourceGeneratorTests.Generate_GivenDuplicateTelemetryGen_GeneratesDiagnostics#CounterAttribute.g.received.cs
    Verified: TelemetrySourceGeneratorTests.Generate_GivenDuplicateTelemetryGen_GeneratesDiagnostics#CounterAttribute.g.verified.cs
  - Received: TelemetrySourceGeneratorTests.Generate_GivenDuplicateTelemetryGen_GeneratesDiagnostics#CriticalAttribute.g.received.cs
    Verified: TelemetrySourceGeneratorTests.Generate_GivenDuplicateTelemetryGen_GeneratesDiagnostics#CriticalAttribute.g.verified.cs
  - Received: TelemetrySourceGeneratorTests.Generate_GivenDuplicateTelemetryGen_GeneratesDiagnostics#DebugAttribute.g.received.cs
    Verified: TelemetrySourceGeneratorTests.Generate_GivenDuplicateTelemetryGen_GeneratesDiagnostics#DebugAttribute.g.verified.cs
  - Received: TelemetrySourceGeneratorTests.Generate_GivenDuplicateTelemetryGen_GeneratesDiagnostics#ErrorAttribute.g.received.cs
    Verified: TelemetrySourceGeneratorTests.Generate_GivenDuplicateTelemetryGen_GeneratesDiagnostics#ErrorAttribute.g.verified.cs
  - Received: TelemetrySourceGeneratorTests.Generate_GivenDuplicateTelemetryGen_GeneratesDiagnostics#EscapeAttribute.g.received.cs
    Verified: TelemetrySourceGeneratorTests.Generate_GivenDuplicateTelemetryGen_GeneratesDiagnostics#EscapeAttribute.g.verified.cs
  - Received: TelemetrySourceGeneratorTests.Generate_GivenDuplicateTelemetryGen_GeneratesDiagnostics#EventAttribute.g.received.cs
    Verified: TelemetrySourceGeneratorTests.Generate_GivenDuplicateTelemetryGen_GeneratesDiagnostics#EventAttribute.g.verified.cs
  - Received: TelemetrySourceGeneratorTests.Generate_GivenDuplicateTelemetryGen_GeneratesDiagnostics#ExcludeAttribute.g.received.cs
    Verified: TelemetrySourceGeneratorTests.Generate_GivenDuplicateTelemetryGen_GeneratesDiagnostics#ExcludeAttribute.g.verified.cs
  - Received: TelemetrySourceGeneratorTests.Generate_GivenDuplicateTelemetryGen_GeneratesDiagnostics#ExcludeTargetsAttribute.g.received.cs
    Verified: TelemetrySourceGeneratorTests.Generate_GivenDuplicateTelemetryGen_GeneratesDiagnostics#ExcludeTargetsAttribute.g.verified.cs
  - Received: TelemetrySourceGeneratorTests.Generate_GivenDuplicateTelemetryGen_GeneratesDiagnostics#ExpandEnumerableAttribute.g.received.cs
    Verified: TelemetrySourceGeneratorTests.Generate_GivenDuplicateTelemetryGen_GeneratesDiagnostics#ExpandEnumerableAttribute.g.verified.cs
  - Received: TelemetrySourceGeneratorTests.Generate_GivenDuplicateTelemetryGen_GeneratesDiagnostics#HistogramAttribute.g.received.cs
    Verified: TelemetrySourceGeneratorTests.Generate_GivenDuplicateTelemetryGen_GeneratesDiagnostics#HistogramAttribute.g.verified.cs
  - Received: TelemetrySourceGeneratorTests.Generate_GivenDuplicateTelemetryGen_GeneratesDiagnostics#InfoAttribute.g.received.cs
    Verified: TelemetrySourceGeneratorTests.Generate_GivenDuplicateTelemetryGen_GeneratesDiagnostics#InfoAttribute.g.verified.cs
  - Received: TelemetrySourceGeneratorTests.Generate_GivenDuplicateTelemetryGen_GeneratesDiagnostics#InstrumentMeasurementAttribute.g.received.cs
    Verified: TelemetrySourceGeneratorTests.Generate_GivenDuplicateTelemetryGen_GeneratesDiagnostics#InstrumentMeasurementAttribute.g.verified.cs
  - Received: TelemetrySourceGeneratorTests.Generate_GivenDuplicateTelemetryGen_GeneratesDiagnostics#LogAttribute.g.received.cs
    Verified: TelemetrySourceGeneratorTests.Generate_GivenDuplicateTelemetryGen_GeneratesDiagnostics#LogAttribute.g.verified.cs
  - Received: TelemetrySourceGeneratorTests.Generate_GivenDuplicateTelemetryGen_GeneratesDiagnostics#LoggerAttribute.g.received.cs
    Verified: TelemetrySourceGeneratorTests.Generate_GivenDuplicateTelemetryGen_GeneratesDiagnostics#LoggerAttribute.g.verified.cs
  - Received: TelemetrySourceGeneratorTests.Generate_GivenDuplicateTelemetryGen_GeneratesDiagnostics#LoggerGenerationAttribute.g.received.cs
    Verified: TelemetrySourceGeneratorTests.Generate_GivenDuplicateTelemetryGen_GeneratesDiagnostics#LoggerGenerationAttribute.g.verified.cs
  - Received: TelemetrySourceGeneratorTests.Generate_GivenDuplicateTelemetryGen_GeneratesDiagnostics#LoggerGenerationMode.g.received.cs
    Verified: TelemetrySourceGeneratorTests.Generate_GivenDuplicateTelemetryGen_GeneratesDiagnostics#LoggerGenerationMode.g.verified.cs
  - Received: TelemetrySourceGeneratorTests.Generate_GivenDuplicateTelemetryGen_GeneratesDiagnostics#LogPrefixType.g.received.cs
    Verified: TelemetrySourceGeneratorTests.Generate_GivenDuplicateTelemetryGen_GeneratesDiagnostics#LogPrefixType.g.verified.cs
  - Received: TelemetrySourceGeneratorTests.Generate_GivenDuplicateTelemetryGen_GeneratesDiagnostics#MeterAttribute.g.received.cs
    Verified: TelemetrySourceGeneratorTests.Generate_GivenDuplicateTelemetryGen_GeneratesDiagnostics#MeterAttribute.g.verified.cs
  - Received: TelemetrySourceGeneratorTests.Generate_GivenDuplicateTelemetryGen_GeneratesDiagnostics#MeterGenerationAttribute.g.received.cs
    Verified: TelemetrySourceGeneratorTests.Generate_GivenDuplicateTelemetryGen_GeneratesDiagnostics#MeterGenerationAttribute.g.verified.cs
  - Received: TelemetrySourceGeneratorTests.Generate_GivenDuplicateTelemetryGen_GeneratesDiagnostics#MeterNameGenerationType.g.received.cs
    Verified: TelemetrySourceGeneratorTests.Generate_GivenDuplicateTelemetryGen_GeneratesDiagnostics#MeterNameGenerationType.g.verified.cs
  - Received: TelemetrySourceGeneratorTests.Generate_GivenDuplicateTelemetryGen_GeneratesDiagnostics#NamingConvention.g.received.cs
    Verified: TelemetrySourceGeneratorTests.Generate_GivenDuplicateTelemetryGen_GeneratesDiagnostics#NamingConvention.g.verified.cs
  - Received: TelemetrySourceGeneratorTests.Generate_GivenDuplicateTelemetryGen_GeneratesDiagnostics#ObservableCounterAttribute.g.received.cs
    Verified: TelemetrySourceGeneratorTests.Generate_GivenDuplicateTelemetryGen_GeneratesDiagnostics#ObservableCounterAttribute.g.verified.cs
  - Received: TelemetrySourceGeneratorTests.Generate_GivenDuplicateTelemetryGen_GeneratesDiagnostics#ObservableGaugeAttribute.g.received.cs
    Verified: TelemetrySourceGeneratorTests.Generate_GivenDuplicateTelemetryGen_GeneratesDiagnostics#ObservableGaugeAttribute.g.verified.cs
  - Received: TelemetrySourceGeneratorTests.Generate_GivenDuplicateTelemetryGen_GeneratesDiagnostics#ObservableUpDownCounterAttribute.g.received.cs
    Verified: TelemetrySourceGeneratorTests.Generate_GivenDuplicateTelemetryGen_GeneratesDiagnostics#ObservableUpDownCounterAttribute.g.verified.cs
  - Received: TelemetrySourceGeneratorTests.Generate_GivenDuplicateTelemetryGen_GeneratesDiagnostics#Purview.Telemetry.SourceGenerator.TelemetryNames.g.received.cs
    Verified: TelemetrySourceGeneratorTests.Generate_GivenDuplicateTelemetryGen_GeneratesDiagnostics#Purview.Telemetry.SourceGenerator.TelemetryNames.g.verified.cs
  - Received: TelemetrySourceGeneratorTests.Generate_GivenDuplicateTelemetryGen_GeneratesDiagnostics#StatusDescriptionAttribute.g.received.cs
    Verified: TelemetrySourceGeneratorTests.Generate_GivenDuplicateTelemetryGen_GeneratesDiagnostics#StatusDescriptionAttribute.g.verified.cs
  - Received: TelemetrySourceGeneratorTests.Generate_GivenDuplicateTelemetryGen_GeneratesDiagnostics#TagAttribute.g.received.cs
    Verified: TelemetrySourceGeneratorTests.Generate_GivenDuplicateTelemetryGen_GeneratesDiagnostics#TagAttribute.g.verified.cs
  - Received: TelemetrySourceGeneratorTests.Generate_GivenDuplicateTelemetryGen_GeneratesDiagnostics#Targets.g.received.cs
    Verified: TelemetrySourceGeneratorTests.Generate_GivenDuplicateTelemetryGen_GeneratesDiagnostics#Targets.g.verified.cs
  - Received: TelemetrySourceGeneratorTests.Generate_GivenDuplicateTelemetryGen_GeneratesDiagnostics#TelemetryGenerationAttribute.g.received.cs
    Verified: TelemetrySourceGeneratorTests.Generate_GivenDuplicateTelemetryGen_GeneratesDiagnostics#TelemetryGenerationAttribute.g.verified.cs
  - Received: TelemetrySourceGeneratorTests.Generate_GivenDuplicateTelemetryGen_GeneratesDiagnostics#Testing.TestTelemetryCore.Activity.g.received.cs
    Verified: TelemetrySourceGeneratorTests.Generate_GivenDuplicateTelemetryGen_GeneratesDiagnostics#Testing.TestTelemetryCore.Activity.g.verified.cs
  - Received: TelemetrySourceGeneratorTests.Generate_GivenDuplicateTelemetryGen_GeneratesDiagnostics#Testing.TestTelemetryCore.Logging.g.received.cs
    Verified: TelemetrySourceGeneratorTests.Generate_GivenDuplicateTelemetryGen_GeneratesDiagnostics#Testing.TestTelemetryCore.Logging.g.verified.cs
  - Received: TelemetrySourceGeneratorTests.Generate_GivenDuplicateTelemetryGen_GeneratesDiagnostics#Testing.TestTelemetryCore.Metric.g.received.cs
    Verified: TelemetrySourceGeneratorTests.Generate_GivenDuplicateTelemetryGen_GeneratesDiagnostics#Testing.TestTelemetryCore.Metric.g.verified.cs
  - Received: TelemetrySourceGeneratorTests.Generate_GivenDuplicateTelemetryGen_GeneratesDiagnostics#TraceAttribute.g.received.cs
    Verified: TelemetrySourceGeneratorTests.Generate_GivenDuplicateTelemetryGen_GeneratesDiagnostics#TraceAttribute.g.verified.cs
  - Received: TelemetrySourceGeneratorTests.Generate_GivenDuplicateTelemetryGen_GeneratesDiagnostics#UpDownCounterAttribute.g.received.cs
    Verified: TelemetrySourceGeneratorTests.Generate_GivenDuplicateTelemetryGen_GeneratesDiagnostics#UpDownCounterAttribute.g.verified.cs
  - Received: TelemetrySourceGeneratorTests.Generate_GivenDuplicateTelemetryGen_GeneratesDiagnostics#WarningAttribute.g.received.cs
    Verified: TelemetrySourceGeneratorTests.Generate_GivenDuplicateTelemetryGen_GeneratesDiagnostics#WarningAttribute.g.verified.cs

  from P:\GitHub\kjldev\purview-telemetry-sourcegenerator\src\Purview.Telemetry.SourceGenerator.IntegrationTests\bin\Release\net10.0\Purview.Telemetry.SourceGenerator.IntegrationTests.dll (net10.0|x64)
  TUnit.Engine.Exceptions.TestFailedException: [Test Failure] VerifyException: Directory: P:\GitHub\kjldev\purview-telemetry-sourcegenerator\src\Purview.Telemetry.SourceGenerator.IntegrationTests\Snapshots
  Delete:
    - TelemetrySourceGeneratorTests.Generate_GivenDuplicateTelemetryGen_GeneratesDiagnostics.verified.txt
  Equal:
    - Received: TelemetrySourceGeneratorTests.Generate_GivenDuplicateTelemetryGen_GeneratesDiagnostics#ActivityAttribute.g.received.cs
      Verified: TelemetrySourceGeneratorTests.Generate_GivenDuplicateTelemetryGen_GeneratesDiagnostics#ActivityAttribute.g.verified.cs
    - Received: TelemetrySourceGeneratorTests.Generate_GivenDuplicateTelemetryGen_GeneratesDiagnostics#ActivitySourceAttribute.g.received.cs
      Verified: TelemetrySourceGeneratorTests.Generate_GivenDuplicateTelemetryGen_GeneratesDiagnostics#ActivitySourceAttribute.g.verified.cs
    - Received: TelemetrySourceGeneratorTests.Generate_GivenDuplicateTelemetryGen_GeneratesDiagnostics#ActivitySourceGenerationAttribute.g.received.cs
      Verified: TelemetrySourceGeneratorTests.Generate_GivenDuplicateTelemetryGen_GeneratesDiagnostics#ActivitySourceGenerationAttribute.g.verified.cs
    - Received: TelemetrySourceGeneratorTests.Generate_GivenDuplicateTelemetryGen_GeneratesDiagnostics#AutoCounterAttribute.g.received.cs
      Verified: TelemetrySourceGeneratorTests.Generate_GivenDuplicateTelemetryGen_GeneratesDiagnostics#AutoCounterAttribute.g.verified.cs
    - Received: TelemetrySourceGeneratorTests.Generate_GivenDuplicateTelemetryGen_GeneratesDiagnostics#BaggageAttribute.g.received.cs
      Verified: TelemetrySourceGeneratorTests.Generate_GivenDuplicateTelemetryGen_GeneratesDiagnostics#BaggageAttribute.g.verified.cs
    - Received: TelemetrySourceGeneratorTests.Generate_GivenDuplicateTelemetryGen_GeneratesDiagnostics#ContextAttribute.g.received.cs
      Verified: TelemetrySourceGeneratorTests.Generate_GivenDuplicateTelemetryGen_GeneratesDiagnostics#ContextAttribute.g.verified.cs
    - Received: TelemetrySourceGeneratorTests.Generate_GivenDuplicateTelemetryGen_GeneratesDiagnostics#CounterAttribute.g.received.cs
      Verified: TelemetrySourceGeneratorTests.Generate_GivenDuplicateTelemetryGen_GeneratesDiagnostics#CounterAttribute.g.verified.cs
    - Received: TelemetrySourceGeneratorTests.Generate_GivenDuplicateTelemetryGen_GeneratesDiagnostics#CriticalAttribute.g.received.cs
      Verified: TelemetrySourceGeneratorTests.Generate_GivenDuplicateTelemetryGen_GeneratesDiagnostics#CriticalAttribute.g.verified.cs
    - Received: TelemetrySourceGeneratorTests.Generate_GivenDuplicateTelemetryGen_GeneratesDiagnostics#DebugAttribute.g.received.cs
      Verified: TelemetrySourceGeneratorTests.Generate_GivenDuplicateTelemetryGen_GeneratesDiagnostics#DebugAttribute.g.verified.cs
    - Received: TelemetrySourceGeneratorTests.Generate_GivenDuplicateTelemetryGen_GeneratesDiagnostics#ErrorAttribute.g.received.cs
      Verified: TelemetrySourceGeneratorTests.Generate_GivenDuplicateTelemetryGen_GeneratesDiagnostics#ErrorAttribute.g.verified.cs
    - Received: TelemetrySourceGeneratorTests.Generate_GivenDuplicateTelemetryGen_GeneratesDiagnostics#EscapeAttribute.g.received.cs
      Verified: TelemetrySourceGeneratorTests.Generate_GivenDuplicateTelemetryGen_GeneratesDiagnostics#EscapeAttribute.g.verified.cs
    - Received: TelemetrySourceGeneratorTests.Generate_GivenDuplicateTelemetryGen_GeneratesDiagnostics#EventAttribute.g.received.cs
      Verified: TelemetrySourceGeneratorTests.Generate_GivenDuplicateTelemetryGen_GeneratesDiagnostics#EventAttribute.g.verified.cs
    - Received: TelemetrySourceGeneratorTests.Generate_GivenDuplicateTelemetryGen_GeneratesDiagnostics#ExcludeAttribute.g.received.cs
      Verified: TelemetrySourceGeneratorTests.Generate_GivenDuplicateTelemetryGen_GeneratesDiagnostics#ExcludeAttribute.g.verified.cs
    - Received: TelemetrySourceGeneratorTests.Generate_GivenDuplicateTelemetryGen_GeneratesDiagnostics#ExcludeTargetsAttribute.g.received.cs
      Verified: TelemetrySourceGeneratorTests.Generate_GivenDuplicateTelemetryGen_GeneratesDiagnostics#ExcludeTargetsAttribute.g.verified.cs
    - Received: TelemetrySourceGeneratorTests.Generate_GivenDuplicateTelemetryGen_GeneratesDiagnostics#ExpandEnumerableAttribute.g.received.cs
      Verified: TelemetrySourceGeneratorTests.Generate_GivenDuplicateTelemetryGen_GeneratesDiagnostics#ExpandEnumerableAttribute.g.verified.cs
    - Received: TelemetrySourceGeneratorTests.Generate_GivenDuplicateTelemetryGen_GeneratesDiagnostics#HistogramAttribute.g.received.cs
      Verified: TelemetrySourceGeneratorTests.Generate_GivenDuplicateTelemetryGen_GeneratesDiagnostics#HistogramAttribute.g.verified.cs
    - Received: TelemetrySourceGeneratorTests.Generate_GivenDuplicateTelemetryGen_GeneratesDiagnostics#InfoAttribute.g.received.cs
      Verified: TelemetrySourceGeneratorTests.Generate_GivenDuplicateTelemetryGen_GeneratesDiagnostics#InfoAttribute.g.verified.cs
    - Received: TelemetrySourceGeneratorTests.Generate_GivenDuplicateTelemetryGen_GeneratesDiagnostics#InstrumentMeasurementAttribute.g.received.cs
      Verified: TelemetrySourceGeneratorTests.Generate_GivenDuplicateTelemetryGen_GeneratesDiagnostics#InstrumentMeasurementAttribute.g.verified.cs
    - Received: TelemetrySourceGeneratorTests.Generate_GivenDuplicateTelemetryGen_GeneratesDiagnostics#LogAttribute.g.received.cs
      Verified: TelemetrySourceGeneratorTests.Generate_GivenDuplicateTelemetryGen_GeneratesDiagnostics#LogAttribute.g.verified.cs
    - Received: TelemetrySourceGeneratorTests.Generate_GivenDuplicateTelemetryGen_GeneratesDiagnostics#LoggerAttribute.g.received.cs
      Verified: TelemetrySourceGeneratorTests.Generate_GivenDuplicateTelemetryGen_GeneratesDiagnostics#LoggerAttribute.g.verified.cs
    - Received: TelemetrySourceGeneratorTests.Generate_GivenDuplicateTelemetryGen_GeneratesDiagnostics#LoggerGenerationAttribute.g.received.cs
      Verified: TelemetrySourceGeneratorTests.Generate_GivenDuplicateTelemetryGen_GeneratesDiagnostics#LoggerGenerationAttribute.g.verified.cs
    - Received: TelemetrySourceGeneratorTests.Generate_GivenDuplicateTelemetryGen_GeneratesDiagnostics#LoggerGenerationMode.g.received.cs
      Verified: TelemetrySourceGeneratorTests.Generate_GivenDuplicateTelemetryGen_GeneratesDiagnostics#LoggerGenerationMode.g.verified.cs
    - Received: TelemetrySourceGeneratorTests.Generate_GivenDuplicateTelemetryGen_GeneratesDiagnostics#LogPrefixType.g.received.cs
      Verified: TelemetrySourceGeneratorTests.Generate_GivenDuplicateTelemetryGen_GeneratesDiagnostics#LogPrefixType.g.verified.cs
    - Received: TelemetrySourceGeneratorTests.Generate_GivenDuplicateTelemetryGen_GeneratesDiagnostics#MeterAttribute.g.received.cs
      Verified: TelemetrySourceGeneratorTests.Generate_GivenDuplicateTelemetryGen_GeneratesDiagnostics#MeterAttribute.g.verified.cs
    - Received: TelemetrySourceGeneratorTests.Generate_GivenDuplicateTelemetryGen_GeneratesDiagnostics#MeterGenerationAttribute.g.received.cs
      Verified: TelemetrySourceGeneratorTests.Generate_GivenDuplicateTelemetryGen_GeneratesDiagnostics#MeterGenerationAttribute.g.verified.cs
    - Received: TelemetrySourceGeneratorTests.Generate_GivenDuplicateTelemetryGen_GeneratesDiagnostics#MeterNameGenerationType.g.received.cs
      Verified: TelemetrySourceGeneratorTests.Generate_GivenDuplicateTelemetryGen_GeneratesDiagnostics#MeterNameGenerationType.g.verified.cs
    - Received: TelemetrySourceGeneratorTests.Generate_GivenDuplicateTelemetryGen_GeneratesDiagnostics#NamingConvention.g.received.cs
      Verified: TelemetrySourceGeneratorTests.Generate_GivenDuplicateTelemetryGen_GeneratesDiagnostics#NamingConvention.g.verified.cs
    - Received: TelemetrySourceGeneratorTests.Generate_GivenDuplicateTelemetryGen_GeneratesDiagnostics#ObservableCounterAttribute.g.received.cs
      Verified: TelemetrySourceGeneratorTests.Generate_GivenDuplicateTelemetryGen_GeneratesDiagnostics#ObservableCounterAttribute.g.verified.cs
    - Received: TelemetrySourceGeneratorTests.Generate_GivenDuplicateTelemetryGen_GeneratesDiagnostics#ObservableGaugeAttribute.g.received.cs
      Verified: TelemetrySourceGeneratorTests.Generate_GivenDuplicateTelemetryGen_GeneratesDiagnostics#ObservableGaugeAttribute.g.verified.cs
    - Received: TelemetrySourceGeneratorTests.Generate_GivenDuplicateTelemetryGen_GeneratesDiagnostics#ObservableUpDownCounterAttribute.g.received.cs
      Verified: TelemetrySourceGeneratorTests.Generate_GivenDuplicateTelemetryGen_GeneratesDiagnostics#ObservableUpDownCounterAttribute.g.verified.cs
    - Received: TelemetrySourceGeneratorTests.Generate_GivenDuplicateTelemetryGen_GeneratesDiagnostics#Purview.Telemetry.SourceGenerator.TelemetryNames.g.received.cs
      Verified: TelemetrySourceGeneratorTests.Generate_GivenDuplicateTelemetryGen_GeneratesDiagnostics#Purview.Telemetry.SourceGenerator.TelemetryNames.g.verified.cs
    - Received: TelemetrySourceGeneratorTests.Generate_GivenDuplicateTelemetryGen_GeneratesDiagnostics#StatusDescriptionAttribute.g.received.cs
      Verified: TelemetrySourceGeneratorTests.Generate_GivenDuplicateTelemetryGen_GeneratesDiagnostics#StatusDescriptionAttribute.g.verified.cs
    - Received: TelemetrySourceGeneratorTests.Generate_GivenDuplicateTelemetryGen_GeneratesDiagnostics#TagAttribute.g.received.cs
      Verified: TelemetrySourceGeneratorTests.Generate_GivenDuplicateTelemetryGen_GeneratesDiagnostics#TagAttribute.g.verified.cs
    - Received: TelemetrySourceGeneratorTests.Generate_GivenDuplicateTelemetryGen_GeneratesDiagnostics#Targets.g.received.cs
      Verified: TelemetrySourceGeneratorTests.Generate_GivenDuplicateTelemetryGen_GeneratesDiagnostics#Targets.g.verified.cs
    - Received: TelemetrySourceGeneratorTests.Generate_GivenDuplicateTelemetryGen_GeneratesDiagnostics#TelemetryGenerationAttribute.g.received.cs
      Verified: TelemetrySourceGeneratorTests.Generate_GivenDuplicateTelemetryGen_GeneratesDiagnostics#TelemetryGenerationAttribute.g.verified.cs
    - Received: TelemetrySourceGeneratorTests.Generate_GivenDuplicateTelemetryGen_GeneratesDiagnostics#Testing.TestTelemetryCore.Activity.g.received.cs
      Verified: TelemetrySourceGeneratorTests.Generate_GivenDuplicateTelemetryGen_GeneratesDiagnostics#Testing.TestTelemetryCore.Activity.g.verified.cs
    - Received: TelemetrySourceGeneratorTests.Generate_GivenDuplicateTelemetryGen_GeneratesDiagnostics#Testing.TestTelemetryCore.Logging.g.received.cs
      Verified: TelemetrySourceGeneratorTests.Generate_GivenDuplicateTelemetryGen_GeneratesDiagnostics#Testing.TestTelemetryCore.Logging.g.verified.cs
    - Received: TelemetrySourceGeneratorTests.Generate_GivenDuplicateTelemetryGen_GeneratesDiagnostics#Testing.TestTelemetryCore.Metric.g.received.cs
      Verified: TelemetrySourceGeneratorTests.Generate_GivenDuplicateTelemetryGen_GeneratesDiagnostics#Testing.TestTelemetryCore.Metric.g.verified.cs
    - Received: TelemetrySourceGeneratorTests.Generate_GivenDuplicateTelemetryGen_GeneratesDiagnostics#TraceAttribute.g.received.cs
      Verified: TelemetrySourceGeneratorTests.Generate_GivenDuplicateTelemetryGen_GeneratesDiagnostics#TraceAttribute.g.verified.cs
    - Received: TelemetrySourceGeneratorTests.Generate_GivenDuplicateTelemetryGen_GeneratesDiagnostics#UpDownCounterAttribute.g.received.cs
      Verified: TelemetrySourceGeneratorTests.Generate_GivenDuplicateTelemetryGen_GeneratesDiagnostics#UpDownCounterAttribute.g.verified.cs
    - Received: TelemetrySourceGeneratorTests.Generate_GivenDuplicateTelemetryGen_GeneratesDiagnostics#WarningAttribute.g.received.cs
      Verified: TelemetrySourceGeneratorTests.Generate_GivenDuplicateTelemetryGen_GeneratesDiagnostics#WarningAttribute.g.verified.cs
  
  Standard output
    DBG: --- Adding templates.
    DBG: Adding ActivitySourceGenerationAttribute as ActivitySourceGenerationAttribute.g.cs.
    DBG: Adding ActivitySourceAttribute as ActivitySourceAttribute.g.cs.
    DBG: Adding ActivityAttribute as ActivityAttribute.g.cs.
    DBG: Adding EventAttribute as EventAttribute.g.cs.
    DBG: Adding ContextAttribute as ContextAttribute.g.cs.
    DBG: Adding BaggageAttribute as BaggageAttribute.g.cs.
    DBG: Adding EscapeAttribute as EscapeAttribute.g.cs.
    DBG: Adding StatusDescriptionAttribute as StatusDescriptionAttribute.g.cs.
    DBG: Adding LoggerGenerationAttribute as LoggerGenerationAttribute.g.cs.
    DBG: Adding LoggerAttribute as LoggerAttribute.g.cs.
    DBG: Adding LogAttribute as LogAttribute.g.cs.
    DBG: Adding LogPrefixType as LogPrefixType.g.cs.
    DBG: Adding LoggerGenerationMode as LoggerGenerationMode.g.cs.
    DBG: Adding ExpandEnumerableAttribute as ExpandEnumerableAttribute.g.cs.
    DBG: Adding TraceAttribute as TraceAttribute.g.cs.
    DBG: Adding DebugAttribute as DebugAttribute.g.cs.
    DBG: Adding InfoAttribute as InfoAttribute.g.cs.
    DBG: Adding WarningAttribute as WarningAttribute.g.cs.
    DBG: Adding ErrorAttribute as ErrorAttribute.g.cs.
    DBG: Adding CriticalAttribute as CriticalAttribute.g.cs.
    DBG: Adding MeterGenerationAttribute as MeterGenerationAttribute.g.cs.
    DBG: Adding MeterAttribute as MeterAttribute.g.cs.
    DBG: Adding MeterNameGenerationType as MeterNameGenerationType.g.cs.
    DBG: Adding InstrumentMeasurementAttribute as InstrumentMeasurementAttribute.g.cs.
    DBG: Adding AutoCounterAttribute as AutoCounterAttribute.g.cs.
    DBG: Adding CounterAttribute as CounterAttribute.g.cs.
    DBG: Adding UpDownCounterAttribute as UpDownCounterAttribute.g.cs.
    DBG: Adding HistogramAttribute as HistogramAttribute.g.cs.
    DBG: Adding ObservableCounterAttribute as ObservableCounterAttribute.g.cs.
    DBG: Adding ObservableGaugeAttribute as ObservableGaugeAttribute.g.cs.
    DBG: Adding ObservableUpDownCounterAttribute as ObservableUpDownCounterAttribute.g.cs.
    DBG: Adding TagAttribute as TagAttribute.g.cs.
    DBG: Adding ExcludeAttribute as ExcludeAttribute.g.cs.
    DBG: Adding TelemetryGenerationAttribute as TelemetryGenerationAttribute.g.cs.
    DBG: Adding Targets as Targets.g.cs.
    DBG: Adding NamingConvention as NamingConvention.g.cs.
    DBG: Adding ExcludeTargetsAttribute as ExcludeTargetsAttribute.g.cs.
    DBG: --- Finished adding templates.
    DBG: Found attribute: Purview.Telemetry.ActivitySourceAttribute("activity-source")
    DBG: Found attribute: Purview.Telemetry.TelemetryGenerationAttribute(GenerateDependencyExtension = false)
    DBG: Found attribute: Purview.Telemetry.ActivityAttribute
    DBG: Found explicit activity: Activity.
    DBG: Found Activity method ITestTelemetry.Activity.
    DBG: Found explicit baggage: stringParam.
    DBG: Found attribute: Purview.Telemetry.BaggageAttribute
    DBG: Found explicit tag: intParam.
    DBG: Found attribute: Purview.Telemetry.TagAttribute
    DBG: Inferring tag: boolParam.
    DBG: Found attribute: Purview.Telemetry.EventAttribute(System.Diagnostics.ActivityStatusCode.Unset)
    DBG: Found explicit event: Event.
    DBG: Found Event method ITestTelemetry.Event.
    DBG: Found explicit baggage: stringParam.
    DBG: Found attribute: Purview.Telemetry.BaggageAttribute
    DBG: Found explicit tag: intParam.
    DBG: Found attribute: Purview.Telemetry.TagAttribute
    DBG: Inferring tag: boolParam.
    DBG: Found attribute: Purview.Telemetry.ActivityAttribute
    DBG: Found explicit activity: Context.
    DBG: Found Activity method ITestTelemetry.Context.
    DBG: Found explicit baggage: stringParam.
    DBG: Found attribute: Purview.Telemetry.BaggageAttribute
    DBG: Found explicit tag: intParam.
    DBG: Found attribute: Purview.Telemetry.TagAttribute
    DBG: Inferring tag: boolParam.
    DBG: Defaulting to activity: Log.
    DBG: Found Activity method ITestTelemetry.Log.
    DBG: Found explicit tag: intParam.
    DBG: Found attribute: Purview.Telemetry.TagAttribute
    DBG: Inferring tag: boolParam.
    DBG: Found attribute: Purview.Telemetry.ActivityAttribute
    DBG: Found explicit activity: LogScope.
    DBG: Found Activity method ITestTelemetry.LogScope.
    DBG: Found explicit tag: intParam.
    DBG: Found attribute: Purview.Telemetry.TagAttribute
    DBG: Inferring tag: boolParam.
    DBG: Found attribute: Purview.Telemetry.EventAttribute(System.Diagnostics.ActivityStatusCode.Unset)
    DBG: Found explicit event: Counter.
    DBG: Found Event method ITestTelemetry.Counter.
    DBG: Inferring tag: counterValue.
    DBG: Found explicit tag: intParam.
    DBG: Found attribute: Purview.Telemetry.TagAttribute
    DBG: Inferring tag: boolParam.
    DBG: Activity generation target: Testing.TestTelemetryCore
    DBG: Generating activity class for: Testing.TestTelemetryCore
    DBG: Generating RecordExceptionInternal.
    DIA: No Activity returned for Activity.
    DBG: Building public delegating method for Activity.
    DIA: No Activity parameter is defined on Event.
    DBG: Building public delegating method for Event.
    DBG: Identified ITestTelemetry.Context as problematic as it has another target types.
    DIA: The return type global::System.IDisposable? isn't valid for an activity, event, or context method.
    DIA: No Activity parameter is defined on Counter.
    DBG: Building public delegating method for Counter.
    DBG: Skipping dependency injection emit.
    DBG: Found attribute: Purview.Telemetry.LoggerAttribute
    DBG: Found attribute: Purview.Telemetry.TelemetryGenerationAttribute(GenerateDependencyExtension = false)
    DBG: Found attribute: Purview.Telemetry.LogAttribute
    DBG: Found method ITestTelemetry.Activity.
    DBG: Found 3 parameter(s) for Activity.
    DBG: Found attribute: Purview.Telemetry.LogAttribute
    DBG: Skipping ITestTelemetry.Event from logging - no explicit Logging attribute on multi-target interface.
    DBG: Skipping ITestTelemetry.Context from logging - no explicit Logging attribute on multi-target interface.
    DBG: Found attribute: Purview.Telemetry.LogAttribute
    DBG: Found method ITestTelemetry.Log.
    DBG: Found 2 parameter(s) for Log.
    DBG: Found attribute: Purview.Telemetry.LogAttribute
    DBG: Found attribute: Purview.Telemetry.LogAttribute
    DBG: Found method ITestTelemetry.LogScope.
    DBG: Found 2 parameter(s) for LogScope.
    DBG: Found attribute: Purview.Telemetry.LogAttribute
    DBG: Found attribute: Purview.Telemetry.LogAttribute
    DBG: Found method ITestTelemetry.Counter.
    DBG: Found 3 parameter(s) for Counter.
    DBG: Found attribute: Purview.Telemetry.LogAttribute
    DBG: Logger generation target: Testing.TestTelemetryCore
    DBG: Generating MS Gen-based logging class for: Testing.TestTelemetryCore
    DBG: Building logging method: Activity
    DBG: Building logging method: Activity
    DBG: Building logging method: Log
    DBG: Building logging method: Log
    DBG: Building public delegating logging method: Log
    DBG: Building logging method: LogScope
    DBG: Building logging method: LogScope
    DBG: Building logging method: Counter
    DBG: Building logging method: Counter
    DBG: Skipping dependency injection emit.
    DBG: Found attribute: Purview.Telemetry.MeterAttribute
    DBG: Found attribute: Purview.Telemetry.TelemetryGenerationAttribute(GenerateDependencyExtension = false)
    DBG: Found possible instrument method ITestTelemetry.Activity.
    DBG: Unable to match parameter stringParam, inferring tag.
    DBG: Found explicit tag: intParam.
    DBG: Found attribute: Purview.Telemetry.TagAttribute
    DBG: Unable to match parameter boolParam, inferring tag.
    DBG: Found possible instrument method ITestTelemetry.Event.
    DBG: Found attribute: Purview.Telemetry.CounterAttribute
    DBG: Unable to match parameter stringParam, inferring tag.
    DBG: Found explicit tag: intParam.
    DBG: Found attribute: Purview.Telemetry.TagAttribute
    DBG: Unable to match parameter boolParam, inferring tag.
    DBG: Found possible instrument method ITestTelemetry.Context.
    DBG: Unable to match parameter stringParam, inferring tag.
    DBG: Found explicit tag: intParam.
    DBG: Found attribute: Purview.Telemetry.TagAttribute
    DBG: Unable to match parameter boolParam, inferring tag.
    DBG: Identified ITestTelemetry.Context as problematic as it has another target types.
    DBG: Found possible instrument method ITestTelemetry.Log.
    DBG: Found attribute: Purview.Telemetry.CounterAttribute
    DBG: Found explicit tag: intParam.
    DBG: Found attribute: Purview.Telemetry.TagAttribute
    DBG: Unable to match parameter boolParam, inferring tag.
    DBG: Found possible instrument method ITestTelemetry.LogScope.
    DBG: Found explicit tag: intParam.
    DBG: Found attribute: Purview.Telemetry.TagAttribute
    DBG: Unable to match parameter boolParam, inferring tag.
    DBG: Found possible instrument method ITestTelemetry.Counter.
    DBG: Found attribute: Purview.Telemetry.CounterAttribute
    DBG: Found valid instrument type: int
    DBG: Found explicit tag: intParam.
    DBG: Found attribute: Purview.Telemetry.TagAttribute
    DBG: Unable to match parameter boolParam, inferring tag.
    DBG: Meter generation target: Testing.TestTelemetryCore
    DBG: Generating metric class for: Testing.TestTelemetryCore
    DBG: Emitting fields for TestTelemetryCore
    DBG: Skipping constructor emit for Metrics (All).
    DBG: Emitting partial method for populating tags: PopulateMeterTags.
    DBG: Emitting instrument method: Counter.
    DBG: Skipping dependency injection emit.
    DBG: Found attribute: Purview.Telemetry.MeterAttribute
    DBG: Found attribute: Purview.Telemetry.TelemetryGenerationAttribute(GenerateDependencyExtension = false)
    DBG: Found possible instrument method ITestTelemetry.Activity.
    DBG: Unable to match parameter stringParam, inferring tag.
    DBG: Found explicit tag: intParam.
    DBG: Found attribute: Purview.Telemetry.TagAttribute
    DBG: Unable to match parameter boolParam, inferring tag.
    DBG: Found possible instrument method ITestTelemetry.Event.
    DBG: Found attribute: Purview.Telemetry.CounterAttribute
    DBG: Unable to match parameter stringParam, inferring tag.
    DBG: Found explicit tag: intParam.
    DBG: Found attribute: Purview.Telemetry.TagAttribute
    DBG: Unable to match parameter boolParam, inferring tag.
    DBG: Found possible instrument method ITestTelemetry.Context.
    DBG: Unable to match parameter stringParam, inferring tag.
    DBG: Found explicit tag: intParam.
    DBG: Found attribute: Purview.Telemetry.TagAttribute
    DBG: Unable to match parameter boolParam, inferring tag.
    DBG: Identified ITestTelemetry.Context as problematic as it has another target types.
    DBG: Found possible instrument method ITestTelemetry.Log.
    DBG: Found attribute: Purview.Telemetry.CounterAttribute
    DBG: Found explicit tag: intParam.
    DBG: Found attribute: Purview.Telemetry.TagAttribute
    DBG: Unable to match parameter boolParam, inferring tag.
    DBG: Found possible instrument method ITestTelemetry.LogScope.
    DBG: Found explicit tag: intParam.
    DBG: Found attribute: Purview.Telemetry.TagAttribute
    DBG: Unable to match parameter boolParam, inferring tag.
    DBG: Found possible instrument method ITestTelemetry.Counter.
    DBG: Found attribute: Purview.Telemetry.CounterAttribute
    DBG: Found valid instrument type: int
    DBG: Found explicit tag: intParam.
    DBG: Found attribute: Purview.Telemetry.TagAttribute
    DBG: Unable to match parameter boolParam, inferring tag.
    DBG: Found attribute: Purview.Telemetry.ActivitySourceAttribute("activity-source")
    DBG: Found attribute: Purview.Telemetry.TelemetryGenerationAttribute(GenerateDependencyExtension = false)
    DBG: Found attribute: Purview.Telemetry.ActivityAttribute
    DBG: Found explicit activity: Activity.
    DBG: Found Activity method ITestTelemetry.Activity.
    DBG: Found explicit baggage: stringParam.
    DBG: Found attribute: Purview.Telemetry.BaggageAttribute
    DBG: Found explicit tag: intParam.
    DBG: Found attribute: Purview.Telemetry.TagAttribute
    DBG: Inferring tag: boolParam.
    DBG: Found attribute: Purview.Telemetry.EventAttribute(System.Diagnostics.ActivityStatusCode.Unset)
    DBG: Found explicit event: Event.
    DBG: Found Event method ITestTelemetry.Event.
    DBG: Found explicit baggage: stringParam.
    DBG: Found attribute: Purview.Telemetry.BaggageAttribute
    DBG: Found explicit tag: intParam.
    DBG: Found attribute: Purview.Telemetry.TagAttribute
    DBG: Inferring tag: boolParam.
    DBG: Found attribute: Purview.Telemetry.ActivityAttribute
    DBG: Found explicit activity: Context.
    DBG: Found Activity method ITestTelemetry.Context.
    DBG: Found explicit baggage: stringParam.
    DBG: Found attribute: Purview.Telemetry.BaggageAttribute
    DBG: Found explicit tag: intParam.
    DBG: Found attribute: Purview.Telemetry.TagAttribute
    DBG: Inferring tag: boolParam.
    DBG: Defaulting to activity: Log.
    DBG: Found Activity method ITestTelemetry.Log.
    DBG: Found explicit tag: intParam.
    DBG: Found attribute: Purview.Telemetry.TagAttribute
    DBG: Inferring tag: boolParam.
    DBG: Found attribute: Purview.Telemetry.ActivityAttribute
    DBG: Found explicit activity: LogScope.
    DBG: Found Activity method ITestTelemetry.LogScope.
    DBG: Found explicit tag: intParam.
    DBG: Found attribute: Purview.Telemetry.TagAttribute
    DBG: Inferring tag: boolParam.
    DBG: Found attribute: Purview.Telemetry.EventAttribute(System.Diagnostics.ActivityStatusCode.Unset)
    DBG: Found explicit event: Counter.
    DBG: Found Event method ITestTelemetry.Counter.
    DBG: Inferring tag: counterValue.
    DBG: Found explicit tag: intParam.
    DBG: Found attribute: Purview.Telemetry.TagAttribute
    DBG: Inferring tag: boolParam.
    DBG: Generating Telemetry Names using class 'TelemetryNames'.
    
  Error output
failed Generate_GivenLogMethodReturningBool_RaisesDiagnostic (7s 558ms)
  [Test Failure] VerifyException: Directory: P:\GitHub\kjldev\purview-telemetry-sourcegenerator\src\Purview.Telemetry.SourceGenerator.IntegrationTests\Snapshots
Delete:
  - TelemetrySourceGeneratorTests.Generate_GivenLogMethodReturningBool_RaisesDiagnostic.verified.txt
Equal:
  - Received: TelemetrySourceGeneratorTests.Generate_GivenLogMethodReturningBool_RaisesDiagnostic#ActivityAttribute.g.received.cs
    Verified: TelemetrySourceGeneratorTests.Generate_GivenLogMethodReturningBool_RaisesDiagnostic#ActivityAttribute.g.verified.cs
  - Received: TelemetrySourceGeneratorTests.Generate_GivenLogMethodReturningBool_RaisesDiagnostic#ActivitySourceAttribute.g.received.cs
    Verified: TelemetrySourceGeneratorTests.Generate_GivenLogMethodReturningBool_RaisesDiagnostic#ActivitySourceAttribute.g.verified.cs
  - Received: TelemetrySourceGeneratorTests.Generate_GivenLogMethodReturningBool_RaisesDiagnostic#ActivitySourceGenerationAttribute.g.received.cs
    Verified: TelemetrySourceGeneratorTests.Generate_GivenLogMethodReturningBool_RaisesDiagnostic#ActivitySourceGenerationAttribute.g.verified.cs
  - Received: TelemetrySourceGeneratorTests.Generate_GivenLogMethodReturningBool_RaisesDiagnostic#AutoCounterAttribute.g.received.cs
    Verified: TelemetrySourceGeneratorTests.Generate_GivenLogMethodReturningBool_RaisesDiagnostic#AutoCounterAttribute.g.verified.cs
  - Received: TelemetrySourceGeneratorTests.Generate_GivenLogMethodReturningBool_RaisesDiagnostic#BaggageAttribute.g.received.cs
    Verified: TelemetrySourceGeneratorTests.Generate_GivenLogMethodReturningBool_RaisesDiagnostic#BaggageAttribute.g.verified.cs
  - Received: TelemetrySourceGeneratorTests.Generate_GivenLogMethodReturningBool_RaisesDiagnostic#ContextAttribute.g.received.cs
    Verified: TelemetrySourceGeneratorTests.Generate_GivenLogMethodReturningBool_RaisesDiagnostic#ContextAttribute.g.verified.cs
  - Received: TelemetrySourceGeneratorTests.Generate_GivenLogMethodReturningBool_RaisesDiagnostic#CounterAttribute.g.received.cs
    Verified: TelemetrySourceGeneratorTests.Generate_GivenLogMethodReturningBool_RaisesDiagnostic#CounterAttribute.g.verified.cs
  - Received: TelemetrySourceGeneratorTests.Generate_GivenLogMethodReturningBool_RaisesDiagnostic#CriticalAttribute.g.received.cs
    Verified: TelemetrySourceGeneratorTests.Generate_GivenLogMethodReturningBool_RaisesDiagnostic#CriticalAttribute.g.verified.cs
  - Received: TelemetrySourceGeneratorTests.Generate_GivenLogMethodReturningBool_RaisesDiagnostic#DebugAttribute.g.received.cs
    Verified: TelemetrySourceGeneratorTests.Generate_GivenLogMethodReturningBool_RaisesDiagnostic#DebugAttribute.g.verified.cs
  - Received: TelemetrySourceGeneratorTests.Generate_GivenLogMethodReturningBool_RaisesDiagnostic#ErrorAttribute.g.received.cs
    Verified: TelemetrySourceGeneratorTests.Generate_GivenLogMethodReturningBool_RaisesDiagnostic#ErrorAttribute.g.verified.cs
  - Received: TelemetrySourceGeneratorTests.Generate_GivenLogMethodReturningBool_RaisesDiagnostic#EscapeAttribute.g.received.cs
    Verified: TelemetrySourceGeneratorTests.Generate_GivenLogMethodReturningBool_RaisesDiagnostic#EscapeAttribute.g.verified.cs
  - Received: TelemetrySourceGeneratorTests.Generate_GivenLogMethodReturningBool_RaisesDiagnostic#EventAttribute.g.received.cs
    Verified: TelemetrySourceGeneratorTests.Generate_GivenLogMethodReturningBool_RaisesDiagnostic#EventAttribute.g.verified.cs
  - Received: TelemetrySourceGeneratorTests.Generate_GivenLogMethodReturningBool_RaisesDiagnostic#ExcludeAttribute.g.received.cs
    Verified: TelemetrySourceGeneratorTests.Generate_GivenLogMethodReturningBool_RaisesDiagnostic#ExcludeAttribute.g.verified.cs
  - Received: TelemetrySourceGeneratorTests.Generate_GivenLogMethodReturningBool_RaisesDiagnostic#ExcludeTargetsAttribute.g.received.cs
    Verified: TelemetrySourceGeneratorTests.Generate_GivenLogMethodReturningBool_RaisesDiagnostic#ExcludeTargetsAttribute.g.verified.cs
  - Received: TelemetrySourceGeneratorTests.Generate_GivenLogMethodReturningBool_RaisesDiagnostic#ExpandEnumerableAttribute.g.received.cs
    Verified: TelemetrySourceGeneratorTests.Generate_GivenLogMethodReturningBool_RaisesDiagnostic#ExpandEnumerableAttribute.g.verified.cs
  - Received: TelemetrySourceGeneratorTests.Generate_GivenLogMethodReturningBool_RaisesDiagnostic#HistogramAttribute.g.received.cs
    Verified: TelemetrySourceGeneratorTests.Generate_GivenLogMethodReturningBool_RaisesDiagnostic#HistogramAttribute.g.verified.cs
  - Received: TelemetrySourceGeneratorTests.Generate_GivenLogMethodReturningBool_RaisesDiagnostic#InfoAttribute.g.received.cs
    Verified: TelemetrySourceGeneratorTests.Generate_GivenLogMethodReturningBool_RaisesDiagnostic#InfoAttribute.g.verified.cs
  - Received: TelemetrySourceGeneratorTests.Generate_GivenLogMethodReturningBool_RaisesDiagnostic#InstrumentMeasurementAttribute.g.received.cs
    Verified: TelemetrySourceGeneratorTests.Generate_GivenLogMethodReturningBool_RaisesDiagnostic#InstrumentMeasurementAttribute.g.verified.cs
  - Received: TelemetrySourceGeneratorTests.Generate_GivenLogMethodReturningBool_RaisesDiagnostic#LogAttribute.g.received.cs
    Verified: TelemetrySourceGeneratorTests.Generate_GivenLogMethodReturningBool_RaisesDiagnostic#LogAttribute.g.verified.cs
  - Received: TelemetrySourceGeneratorTests.Generate_GivenLogMethodReturningBool_RaisesDiagnostic#LoggerAttribute.g.received.cs
    Verified: TelemetrySourceGeneratorTests.Generate_GivenLogMethodReturningBool_RaisesDiagnostic#LoggerAttribute.g.verified.cs
  - Received: TelemetrySourceGeneratorTests.Generate_GivenLogMethodReturningBool_RaisesDiagnostic#LoggerGenerationAttribute.g.received.cs
    Verified: TelemetrySourceGeneratorTests.Generate_GivenLogMethodReturningBool_RaisesDiagnostic#LoggerGenerationAttribute.g.verified.cs
  - Received: TelemetrySourceGeneratorTests.Generate_GivenLogMethodReturningBool_RaisesDiagnostic#LoggerGenerationMode.g.received.cs
    Verified: TelemetrySourceGeneratorTests.Generate_GivenLogMethodReturningBool_RaisesDiagnostic#LoggerGenerationMode.g.verified.cs
  - Received: TelemetrySourceGeneratorTests.Generate_GivenLogMethodReturningBool_RaisesDiagnostic#LogPrefixType.g.received.cs
    Verified: TelemetrySourceGeneratorTests.Generate_GivenLogMethodReturningBool_RaisesDiagnostic#LogPrefixType.g.verified.cs
  - Received: TelemetrySourceGeneratorTests.Generate_GivenLogMethodReturningBool_RaisesDiagnostic#MeterAttribute.g.received.cs
    Verified: TelemetrySourceGeneratorTests.Generate_GivenLogMethodReturningBool_RaisesDiagnostic#MeterAttribute.g.verified.cs
  - Received: TelemetrySourceGeneratorTests.Generate_GivenLogMethodReturningBool_RaisesDiagnostic#MeterGenerationAttribute.g.received.cs
    Verified: TelemetrySourceGeneratorTests.Generate_GivenLogMethodReturningBool_RaisesDiagnostic#MeterGenerationAttribute.g.verified.cs
  - Received: TelemetrySourceGeneratorTests.Generate_GivenLogMethodReturningBool_RaisesDiagnostic#MeterNameGenerationType.g.received.cs
    Verified: TelemetrySourceGeneratorTests.Generate_GivenLogMethodReturningBool_RaisesDiagnostic#MeterNameGenerationType.g.verified.cs
  - Received: TelemetrySourceGeneratorTests.Generate_GivenLogMethodReturningBool_RaisesDiagnostic#NamingConvention.g.received.cs
    Verified: TelemetrySourceGeneratorTests.Generate_GivenLogMethodReturningBool_RaisesDiagnostic#NamingConvention.g.verified.cs
  - Received: TelemetrySourceGeneratorTests.Generate_GivenLogMethodReturningBool_RaisesDiagnostic#ObservableCounterAttribute.g.received.cs
    Verified: TelemetrySourceGeneratorTests.Generate_GivenLogMethodReturningBool_RaisesDiagnostic#ObservableCounterAttribute.g.verified.cs
  - Received: TelemetrySourceGeneratorTests.Generate_GivenLogMethodReturningBool_RaisesDiagnostic#ObservableGaugeAttribute.g.received.cs
    Verified: TelemetrySourceGeneratorTests.Generate_GivenLogMethodReturningBool_RaisesDiagnostic#ObservableGaugeAttribute.g.verified.cs
  - Received: TelemetrySourceGeneratorTests.Generate_GivenLogMethodReturningBool_RaisesDiagnostic#ObservableUpDownCounterAttribute.g.received.cs
    Verified: TelemetrySourceGeneratorTests.Generate_GivenLogMethodReturningBool_RaisesDiagnostic#ObservableUpDownCounterAttribute.g.verified.cs
  - Received: TelemetrySourceGeneratorTests.Generate_GivenLogMethodReturningBool_RaisesDiagnostic#StatusDescriptionAttribute.g.received.cs
    Verified: TelemetrySourceGeneratorTests.Generate_GivenLogMethodReturningBool_RaisesDiagnostic#StatusDescriptionAttribute.g.verified.cs
  - Received: TelemetrySourceGeneratorTests.Generate_GivenLogMethodReturningBool_RaisesDiagnostic#TagAttribute.g.received.cs
    Verified: TelemetrySourceGeneratorTests.Generate_GivenLogMethodReturningBool_RaisesDiagnostic#TagAttribute.g.verified.cs
  - Received: TelemetrySourceGeneratorTests.Generate_GivenLogMethodReturningBool_RaisesDiagnostic#Targets.g.received.cs
    Verified: TelemetrySourceGeneratorTests.Generate_GivenLogMethodReturningBool_RaisesDiagnostic#Targets.g.verified.cs
  - Received: TelemetrySourceGeneratorTests.Generate_GivenLogMethodReturningBool_RaisesDiagnostic#TelemetryGenerationAttribute.g.received.cs
    Verified: TelemetrySourceGeneratorTests.Generate_GivenLogMethodReturningBool_RaisesDiagnostic#TelemetryGenerationAttribute.g.verified.cs
  - Received: TelemetrySourceGeneratorTests.Generate_GivenLogMethodReturningBool_RaisesDiagnostic#Testing.InvalidTelemetryCore.Logging.g.received.cs
    Verified: TelemetrySourceGeneratorTests.Generate_GivenLogMethodReturningBool_RaisesDiagnostic#Testing.InvalidTelemetryCore.Logging.g.verified.cs
  - Received: TelemetrySourceGeneratorTests.Generate_GivenLogMethodReturningBool_RaisesDiagnostic#TraceAttribute.g.received.cs
    Verified: TelemetrySourceGeneratorTests.Generate_GivenLogMethodReturningBool_RaisesDiagnostic#TraceAttribute.g.verified.cs
  - Received: TelemetrySourceGeneratorTests.Generate_GivenLogMethodReturningBool_RaisesDiagnostic#UpDownCounterAttribute.g.received.cs
    Verified: TelemetrySourceGeneratorTests.Generate_GivenLogMethodReturningBool_RaisesDiagnostic#UpDownCounterAttribute.g.verified.cs
  - Received: TelemetrySourceGeneratorTests.Generate_GivenLogMethodReturningBool_RaisesDiagnostic#WarningAttribute.g.received.cs
    Verified: TelemetrySourceGeneratorTests.Generate_GivenLogMethodReturningBool_RaisesDiagnostic#WarningAttribute.g.verified.cs

  from P:\GitHub\kjldev\purview-telemetry-sourcegenerator\src\Purview.Telemetry.SourceGenerator.IntegrationTests\bin\Release\net10.0\Purview.Telemetry.SourceGenerator.IntegrationTests.dll (net10.0|x64)
  TUnit.Engine.Exceptions.TestFailedException: [Test Failure] VerifyException: Directory: P:\GitHub\kjldev\purview-telemetry-sourcegenerator\src\Purview.Telemetry.SourceGenerator.IntegrationTests\Snapshots
  Delete:
    - TelemetrySourceGeneratorTests.Generate_GivenLogMethodReturningBool_RaisesDiagnostic.verified.txt
  Equal:
    - Received: TelemetrySourceGeneratorTests.Generate_GivenLogMethodReturningBool_RaisesDiagnostic#ActivityAttribute.g.received.cs
      Verified: TelemetrySourceGeneratorTests.Generate_GivenLogMethodReturningBool_RaisesDiagnostic#ActivityAttribute.g.verified.cs
    - Received: TelemetrySourceGeneratorTests.Generate_GivenLogMethodReturningBool_RaisesDiagnostic#ActivitySourceAttribute.g.received.cs
      Verified: TelemetrySourceGeneratorTests.Generate_GivenLogMethodReturningBool_RaisesDiagnostic#ActivitySourceAttribute.g.verified.cs
    - Received: TelemetrySourceGeneratorTests.Generate_GivenLogMethodReturningBool_RaisesDiagnostic#ActivitySourceGenerationAttribute.g.received.cs
      Verified: TelemetrySourceGeneratorTests.Generate_GivenLogMethodReturningBool_RaisesDiagnostic#ActivitySourceGenerationAttribute.g.verified.cs
    - Received: TelemetrySourceGeneratorTests.Generate_GivenLogMethodReturningBool_RaisesDiagnostic#AutoCounterAttribute.g.received.cs
      Verified: TelemetrySourceGeneratorTests.Generate_GivenLogMethodReturningBool_RaisesDiagnostic#AutoCounterAttribute.g.verified.cs
    - Received: TelemetrySourceGeneratorTests.Generate_GivenLogMethodReturningBool_RaisesDiagnostic#BaggageAttribute.g.received.cs
      Verified: TelemetrySourceGeneratorTests.Generate_GivenLogMethodReturningBool_RaisesDiagnostic#BaggageAttribute.g.verified.cs
    - Received: TelemetrySourceGeneratorTests.Generate_GivenLogMethodReturningBool_RaisesDiagnostic#ContextAttribute.g.received.cs
      Verified: TelemetrySourceGeneratorTests.Generate_GivenLogMethodReturningBool_RaisesDiagnostic#ContextAttribute.g.verified.cs
    - Received: TelemetrySourceGeneratorTests.Generate_GivenLogMethodReturningBool_RaisesDiagnostic#CounterAttribute.g.received.cs
      Verified: TelemetrySourceGeneratorTests.Generate_GivenLogMethodReturningBool_RaisesDiagnostic#CounterAttribute.g.verified.cs
    - Received: TelemetrySourceGeneratorTests.Generate_GivenLogMethodReturningBool_RaisesDiagnostic#CriticalAttribute.g.received.cs
      Verified: TelemetrySourceGeneratorTests.Generate_GivenLogMethodReturningBool_RaisesDiagnostic#CriticalAttribute.g.verified.cs
    - Received: TelemetrySourceGeneratorTests.Generate_GivenLogMethodReturningBool_RaisesDiagnostic#DebugAttribute.g.received.cs
      Verified: TelemetrySourceGeneratorTests.Generate_GivenLogMethodReturningBool_RaisesDiagnostic#DebugAttribute.g.verified.cs
    - Received: TelemetrySourceGeneratorTests.Generate_GivenLogMethodReturningBool_RaisesDiagnostic#ErrorAttribute.g.received.cs
      Verified: TelemetrySourceGeneratorTests.Generate_GivenLogMethodReturningBool_RaisesDiagnostic#ErrorAttribute.g.verified.cs
    - Received: TelemetrySourceGeneratorTests.Generate_GivenLogMethodReturningBool_RaisesDiagnostic#EscapeAttribute.g.received.cs
      Verified: TelemetrySourceGeneratorTests.Generate_GivenLogMethodReturningBool_RaisesDiagnostic#EscapeAttribute.g.verified.cs
    - Received: TelemetrySourceGeneratorTests.Generate_GivenLogMethodReturningBool_RaisesDiagnostic#EventAttribute.g.received.cs
      Verified: TelemetrySourceGeneratorTests.Generate_GivenLogMethodReturningBool_RaisesDiagnostic#EventAttribute.g.verified.cs
    - Received: TelemetrySourceGeneratorTests.Generate_GivenLogMethodReturningBool_RaisesDiagnostic#ExcludeAttribute.g.received.cs
      Verified: TelemetrySourceGeneratorTests.Generate_GivenLogMethodReturningBool_RaisesDiagnostic#ExcludeAttribute.g.verified.cs
    - Received: TelemetrySourceGeneratorTests.Generate_GivenLogMethodReturningBool_RaisesDiagnostic#ExcludeTargetsAttribute.g.received.cs
      Verified: TelemetrySourceGeneratorTests.Generate_GivenLogMethodReturningBool_RaisesDiagnostic#ExcludeTargetsAttribute.g.verified.cs
    - Received: TelemetrySourceGeneratorTests.Generate_GivenLogMethodReturningBool_RaisesDiagnostic#ExpandEnumerableAttribute.g.received.cs
      Verified: TelemetrySourceGeneratorTests.Generate_GivenLogMethodReturningBool_RaisesDiagnostic#ExpandEnumerableAttribute.g.verified.cs
    - Received: TelemetrySourceGeneratorTests.Generate_GivenLogMethodReturningBool_RaisesDiagnostic#HistogramAttribute.g.received.cs
      Verified: TelemetrySourceGeneratorTests.Generate_GivenLogMethodReturningBool_RaisesDiagnostic#HistogramAttribute.g.verified.cs
    - Received: TelemetrySourceGeneratorTests.Generate_GivenLogMethodReturningBool_RaisesDiagnostic#InfoAttribute.g.received.cs
      Verified: TelemetrySourceGeneratorTests.Generate_GivenLogMethodReturningBool_RaisesDiagnostic#InfoAttribute.g.verified.cs
    - Received: TelemetrySourceGeneratorTests.Generate_GivenLogMethodReturningBool_RaisesDiagnostic#InstrumentMeasurementAttribute.g.received.cs
      Verified: TelemetrySourceGeneratorTests.Generate_GivenLogMethodReturningBool_RaisesDiagnostic#InstrumentMeasurementAttribute.g.verified.cs
    - Received: TelemetrySourceGeneratorTests.Generate_GivenLogMethodReturningBool_RaisesDiagnostic#LogAttribute.g.received.cs
      Verified: TelemetrySourceGeneratorTests.Generate_GivenLogMethodReturningBool_RaisesDiagnostic#LogAttribute.g.verified.cs
    - Received: TelemetrySourceGeneratorTests.Generate_GivenLogMethodReturningBool_RaisesDiagnostic#LoggerAttribute.g.received.cs
      Verified: TelemetrySourceGeneratorTests.Generate_GivenLogMethodReturningBool_RaisesDiagnostic#LoggerAttribute.g.verified.cs
    - Received: TelemetrySourceGeneratorTests.Generate_GivenLogMethodReturningBool_RaisesDiagnostic#LoggerGenerationAttribute.g.received.cs
      Verified: TelemetrySourceGeneratorTests.Generate_GivenLogMethodReturningBool_RaisesDiagnostic#LoggerGenerationAttribute.g.verified.cs
    - Received: TelemetrySourceGeneratorTests.Generate_GivenLogMethodReturningBool_RaisesDiagnostic#LoggerGenerationMode.g.received.cs
      Verified: TelemetrySourceGeneratorTests.Generate_GivenLogMethodReturningBool_RaisesDiagnostic#LoggerGenerationMode.g.verified.cs
    - Received: TelemetrySourceGeneratorTests.Generate_GivenLogMethodReturningBool_RaisesDiagnostic#LogPrefixType.g.received.cs
      Verified: TelemetrySourceGeneratorTests.Generate_GivenLogMethodReturningBool_RaisesDiagnostic#LogPrefixType.g.verified.cs
    - Received: TelemetrySourceGeneratorTests.Generate_GivenLogMethodReturningBool_RaisesDiagnostic#MeterAttribute.g.received.cs
      Verified: TelemetrySourceGeneratorTests.Generate_GivenLogMethodReturningBool_RaisesDiagnostic#MeterAttribute.g.verified.cs
    - Received: TelemetrySourceGeneratorTests.Generate_GivenLogMethodReturningBool_RaisesDiagnostic#MeterGenerationAttribute.g.received.cs
      Verified: TelemetrySourceGeneratorTests.Generate_GivenLogMethodReturningBool_RaisesDiagnostic#MeterGenerationAttribute.g.verified.cs
    - Received: TelemetrySourceGeneratorTests.Generate_GivenLogMethodReturningBool_RaisesDiagnostic#MeterNameGenerationType.g.received.cs
      Verified: TelemetrySourceGeneratorTests.Generate_GivenLogMethodReturningBool_RaisesDiagnostic#MeterNameGenerationType.g.verified.cs
    - Received: TelemetrySourceGeneratorTests.Generate_GivenLogMethodReturningBool_RaisesDiagnostic#NamingConvention.g.received.cs
      Verified: TelemetrySourceGeneratorTests.Generate_GivenLogMethodReturningBool_RaisesDiagnostic#NamingConvention.g.verified.cs
    - Received: TelemetrySourceGeneratorTests.Generate_GivenLogMethodReturningBool_RaisesDiagnostic#ObservableCounterAttribute.g.received.cs
      Verified: TelemetrySourceGeneratorTests.Generate_GivenLogMethodReturningBool_RaisesDiagnostic#ObservableCounterAttribute.g.verified.cs
    - Received: TelemetrySourceGeneratorTests.Generate_GivenLogMethodReturningBool_RaisesDiagnostic#ObservableGaugeAttribute.g.received.cs
      Verified: TelemetrySourceGeneratorTests.Generate_GivenLogMethodReturningBool_RaisesDiagnostic#ObservableGaugeAttribute.g.verified.cs
    - Received: TelemetrySourceGeneratorTests.Generate_GivenLogMethodReturningBool_RaisesDiagnostic#ObservableUpDownCounterAttribute.g.received.cs
      Verified: TelemetrySourceGeneratorTests.Generate_GivenLogMethodReturningBool_RaisesDiagnostic#ObservableUpDownCounterAttribute.g.verified.cs
    - Received: TelemetrySourceGeneratorTests.Generate_GivenLogMethodReturningBool_RaisesDiagnostic#StatusDescriptionAttribute.g.received.cs
      Verified: TelemetrySourceGeneratorTests.Generate_GivenLogMethodReturningBool_RaisesDiagnostic#StatusDescriptionAttribute.g.verified.cs
    - Received: TelemetrySourceGeneratorTests.Generate_GivenLogMethodReturningBool_RaisesDiagnostic#TagAttribute.g.received.cs
      Verified: TelemetrySourceGeneratorTests.Generate_GivenLogMethodReturningBool_RaisesDiagnostic#TagAttribute.g.verified.cs
    - Received: TelemetrySourceGeneratorTests.Generate_GivenLogMethodReturningBool_RaisesDiagnostic#Targets.g.received.cs
      Verified: TelemetrySourceGeneratorTests.Generate_GivenLogMethodReturningBool_RaisesDiagnostic#Targets.g.verified.cs
    - Received: TelemetrySourceGeneratorTests.Generate_GivenLogMethodReturningBool_RaisesDiagnostic#TelemetryGenerationAttribute.g.received.cs
      Verified: TelemetrySourceGeneratorTests.Generate_GivenLogMethodReturningBool_RaisesDiagnostic#TelemetryGenerationAttribute.g.verified.cs
    - Received: TelemetrySourceGeneratorTests.Generate_GivenLogMethodReturningBool_RaisesDiagnostic#Testing.InvalidTelemetryCore.Logging.g.received.cs
      Verified: TelemetrySourceGeneratorTests.Generate_GivenLogMethodReturningBool_RaisesDiagnostic#Testing.InvalidTelemetryCore.Logging.g.verified.cs
    - Received: TelemetrySourceGeneratorTests.Generate_GivenLogMethodReturningBool_RaisesDiagnostic#TraceAttribute.g.received.cs
      Verified: TelemetrySourceGeneratorTests.Generate_GivenLogMethodReturningBool_RaisesDiagnostic#TraceAttribute.g.verified.cs
    - Received: TelemetrySourceGeneratorTests.Generate_GivenLogMethodReturningBool_RaisesDiagnostic#UpDownCounterAttribute.g.received.cs
      Verified: TelemetrySourceGeneratorTests.Generate_GivenLogMethodReturningBool_RaisesDiagnostic#UpDownCounterAttribute.g.verified.cs
    - Received: TelemetrySourceGeneratorTests.Generate_GivenLogMethodReturningBool_RaisesDiagnostic#WarningAttribute.g.received.cs
      Verified: TelemetrySourceGeneratorTests.Generate_GivenLogMethodReturningBool_RaisesDiagnostic#WarningAttribute.g.verified.cs
  
  Standard output
    DBG: --- Adding templates.
    DBG: Adding ActivitySourceGenerationAttribute as ActivitySourceGenerationAttribute.g.cs.
    DBG: Adding ActivitySourceAttribute as ActivitySourceAttribute.g.cs.
    DBG: Adding ActivityAttribute as ActivityAttribute.g.cs.
    DBG: Adding EventAttribute as EventAttribute.g.cs.
    DBG: Adding ContextAttribute as ContextAttribute.g.cs.
    DBG: Adding BaggageAttribute as BaggageAttribute.g.cs.
    DBG: Adding EscapeAttribute as EscapeAttribute.g.cs.
    DBG: Adding StatusDescriptionAttribute as StatusDescriptionAttribute.g.cs.
    DBG: Adding LoggerGenerationAttribute as LoggerGenerationAttribute.g.cs.
    DBG: Adding LoggerAttribute as LoggerAttribute.g.cs.
    DBG: Adding LogAttribute as LogAttribute.g.cs.
    DBG: Adding LogPrefixType as LogPrefixType.g.cs.
    DBG: Adding LoggerGenerationMode as LoggerGenerationMode.g.cs.
    DBG: Adding ExpandEnumerableAttribute as ExpandEnumerableAttribute.g.cs.
    DBG: Adding TraceAttribute as TraceAttribute.g.cs.
    DBG: Adding DebugAttribute as DebugAttribute.g.cs.
    DBG: Adding InfoAttribute as InfoAttribute.g.cs.
    DBG: Adding WarningAttribute as WarningAttribute.g.cs.
    DBG: Adding ErrorAttribute as ErrorAttribute.g.cs.
    DBG: Adding CriticalAttribute as CriticalAttribute.g.cs.
    DBG: Adding MeterGenerationAttribute as MeterGenerationAttribute.g.cs.
    DBG: Adding MeterAttribute as MeterAttribute.g.cs.
    DBG: Adding MeterNameGenerationType as MeterNameGenerationType.g.cs.
    DBG: Adding InstrumentMeasurementAttribute as InstrumentMeasurementAttribute.g.cs.
    DBG: Adding AutoCounterAttribute as AutoCounterAttribute.g.cs.
    DBG: Adding CounterAttribute as CounterAttribute.g.cs.
    DBG: Adding UpDownCounterAttribute as UpDownCounterAttribute.g.cs.
    DBG: Adding HistogramAttribute as HistogramAttribute.g.cs.
    DBG: Adding ObservableCounterAttribute as ObservableCounterAttribute.g.cs.
    DBG: Adding ObservableGaugeAttribute as ObservableGaugeAttribute.g.cs.
    DBG: Adding ObservableUpDownCounterAttribute as ObservableUpDownCounterAttribute.g.cs.
    DBG: Adding TagAttribute as TagAttribute.g.cs.
    DBG: Adding ExcludeAttribute as ExcludeAttribute.g.cs.
    DBG: Adding TelemetryGenerationAttribute as TelemetryGenerationAttribute.g.cs.
    DBG: Adding Targets as Targets.g.cs.
    DBG: Adding NamingConvention as NamingConvention.g.cs.
    DBG: Adding ExcludeTargetsAttribute as ExcludeTargetsAttribute.g.cs.
    DBG: --- Finished adding templates.
    DBG: Found attribute: Purview.Telemetry.LoggerAttribute
    DBG: Found attribute: Purview.Telemetry.TelemetryGenerationAttribute(GenerateDependencyExtension = false)
    DBG: Found method IInvalidTelemetry.InvalidBoolReturn.
    DIA: Log method InvalidBoolReturn must return void or IDisposable (for scoped logs), but returns bool.
    DBG: Logger generation target: Testing.InvalidTelemetryCore
    DBG: Generating MS Gen-based logging class for: Testing.InvalidTelemetryCore
    DBG: Skipping dependency injection emit.
    
  Error output
failed Generate_GivenEventMethodReturningActivity_RaisesDiagnostic (8s 013ms)
  [Test Failure] VerifyException: Directory: P:\GitHub\kjldev\purview-telemetry-sourcegenerator\src\Purview.Telemetry.SourceGenerator.IntegrationTests\Snapshots
Delete:
  - TelemetrySourceGeneratorTests.Generate_GivenEventMethodReturningActivity_RaisesDiagnostic.verified.txt
Equal:
  - Received: TelemetrySourceGeneratorTests.Generate_GivenEventMethodReturningActivity_RaisesDiagnostic#ActivityAttribute.g.received.cs
    Verified: TelemetrySourceGeneratorTests.Generate_GivenEventMethodReturningActivity_RaisesDiagnostic#ActivityAttribute.g.verified.cs
  - Received: TelemetrySourceGeneratorTests.Generate_GivenEventMethodReturningActivity_RaisesDiagnostic#ActivitySourceAttribute.g.received.cs
    Verified: TelemetrySourceGeneratorTests.Generate_GivenEventMethodReturningActivity_RaisesDiagnostic#ActivitySourceAttribute.g.verified.cs
  - Received: TelemetrySourceGeneratorTests.Generate_GivenEventMethodReturningActivity_RaisesDiagnostic#ActivitySourceGenerationAttribute.g.received.cs
    Verified: TelemetrySourceGeneratorTests.Generate_GivenEventMethodReturningActivity_RaisesDiagnostic#ActivitySourceGenerationAttribute.g.verified.cs
  - Received: TelemetrySourceGeneratorTests.Generate_GivenEventMethodReturningActivity_RaisesDiagnostic#AutoCounterAttribute.g.received.cs
    Verified: TelemetrySourceGeneratorTests.Generate_GivenEventMethodReturningActivity_RaisesDiagnostic#AutoCounterAttribute.g.verified.cs
  - Received: TelemetrySourceGeneratorTests.Generate_GivenEventMethodReturningActivity_RaisesDiagnostic#BaggageAttribute.g.received.cs
    Verified: TelemetrySourceGeneratorTests.Generate_GivenEventMethodReturningActivity_RaisesDiagnostic#BaggageAttribute.g.verified.cs
  - Received: TelemetrySourceGeneratorTests.Generate_GivenEventMethodReturningActivity_RaisesDiagnostic#ContextAttribute.g.received.cs
    Verified: TelemetrySourceGeneratorTests.Generate_GivenEventMethodReturningActivity_RaisesDiagnostic#ContextAttribute.g.verified.cs
  - Received: TelemetrySourceGeneratorTests.Generate_GivenEventMethodReturningActivity_RaisesDiagnostic#CounterAttribute.g.received.cs
    Verified: TelemetrySourceGeneratorTests.Generate_GivenEventMethodReturningActivity_RaisesDiagnostic#CounterAttribute.g.verified.cs
  - Received: TelemetrySourceGeneratorTests.Generate_GivenEventMethodReturningActivity_RaisesDiagnostic#CriticalAttribute.g.received.cs
    Verified: TelemetrySourceGeneratorTests.Generate_GivenEventMethodReturningActivity_RaisesDiagnostic#CriticalAttribute.g.verified.cs
  - Received: TelemetrySourceGeneratorTests.Generate_GivenEventMethodReturningActivity_RaisesDiagnostic#DebugAttribute.g.received.cs
    Verified: TelemetrySourceGeneratorTests.Generate_GivenEventMethodReturningActivity_RaisesDiagnostic#DebugAttribute.g.verified.cs
  - Received: TelemetrySourceGeneratorTests.Generate_GivenEventMethodReturningActivity_RaisesDiagnostic#ErrorAttribute.g.received.cs
    Verified: TelemetrySourceGeneratorTests.Generate_GivenEventMethodReturningActivity_RaisesDiagnostic#ErrorAttribute.g.verified.cs
  - Received: TelemetrySourceGeneratorTests.Generate_GivenEventMethodReturningActivity_RaisesDiagnostic#EscapeAttribute.g.received.cs
    Verified: TelemetrySourceGeneratorTests.Generate_GivenEventMethodReturningActivity_RaisesDiagnostic#EscapeAttribute.g.verified.cs
  - Received: TelemetrySourceGeneratorTests.Generate_GivenEventMethodReturningActivity_RaisesDiagnostic#EventAttribute.g.received.cs
    Verified: TelemetrySourceGeneratorTests.Generate_GivenEventMethodReturningActivity_RaisesDiagnostic#EventAttribute.g.verified.cs
  - Received: TelemetrySourceGeneratorTests.Generate_GivenEventMethodReturningActivity_RaisesDiagnostic#ExcludeAttribute.g.received.cs
    Verified: TelemetrySourceGeneratorTests.Generate_GivenEventMethodReturningActivity_RaisesDiagnostic#ExcludeAttribute.g.verified.cs
  - Received: TelemetrySourceGeneratorTests.Generate_GivenEventMethodReturningActivity_RaisesDiagnostic#ExcludeTargetsAttribute.g.received.cs
    Verified: TelemetrySourceGeneratorTests.Generate_GivenEventMethodReturningActivity_RaisesDiagnostic#ExcludeTargetsAttribute.g.verified.cs
  - Received: TelemetrySourceGeneratorTests.Generate_GivenEventMethodReturningActivity_RaisesDiagnostic#ExpandEnumerableAttribute.g.received.cs
    Verified: TelemetrySourceGeneratorTests.Generate_GivenEventMethodReturningActivity_RaisesDiagnostic#ExpandEnumerableAttribute.g.verified.cs
  - Received: TelemetrySourceGeneratorTests.Generate_GivenEventMethodReturningActivity_RaisesDiagnostic#HistogramAttribute.g.received.cs
    Verified: TelemetrySourceGeneratorTests.Generate_GivenEventMethodReturningActivity_RaisesDiagnostic#HistogramAttribute.g.verified.cs
  - Received: TelemetrySourceGeneratorTests.Generate_GivenEventMethodReturningActivity_RaisesDiagnostic#InfoAttribute.g.received.cs
    Verified: TelemetrySourceGeneratorTests.Generate_GivenEventMethodReturningActivity_RaisesDiagnostic#InfoAttribute.g.verified.cs
  - Received: TelemetrySourceGeneratorTests.Generate_GivenEventMethodReturningActivity_RaisesDiagnostic#InstrumentMeasurementAttribute.g.received.cs
    Verified: TelemetrySourceGeneratorTests.Generate_GivenEventMethodReturningActivity_RaisesDiagnostic#InstrumentMeasurementAttribute.g.verified.cs
  - Received: TelemetrySourceGeneratorTests.Generate_GivenEventMethodReturningActivity_RaisesDiagnostic#LogAttribute.g.received.cs
    Verified: TelemetrySourceGeneratorTests.Generate_GivenEventMethodReturningActivity_RaisesDiagnostic#LogAttribute.g.verified.cs
  - Received: TelemetrySourceGeneratorTests.Generate_GivenEventMethodReturningActivity_RaisesDiagnostic#LoggerAttribute.g.received.cs
    Verified: TelemetrySourceGeneratorTests.Generate_GivenEventMethodReturningActivity_RaisesDiagnostic#LoggerAttribute.g.verified.cs
  - Received: TelemetrySourceGeneratorTests.Generate_GivenEventMethodReturningActivity_RaisesDiagnostic#LoggerGenerationAttribute.g.received.cs
    Verified: TelemetrySourceGeneratorTests.Generate_GivenEventMethodReturningActivity_RaisesDiagnostic#LoggerGenerationAttribute.g.verified.cs
  - Received: TelemetrySourceGeneratorTests.Generate_GivenEventMethodReturningActivity_RaisesDiagnostic#LoggerGenerationMode.g.received.cs
    Verified: TelemetrySourceGeneratorTests.Generate_GivenEventMethodReturningActivity_RaisesDiagnostic#LoggerGenerationMode.g.verified.cs
  - Received: TelemetrySourceGeneratorTests.Generate_GivenEventMethodReturningActivity_RaisesDiagnostic#LogPrefixType.g.received.cs
    Verified: TelemetrySourceGeneratorTests.Generate_GivenEventMethodReturningActivity_RaisesDiagnostic#LogPrefixType.g.verified.cs
  - Received: TelemetrySourceGeneratorTests.Generate_GivenEventMethodReturningActivity_RaisesDiagnostic#MeterAttribute.g.received.cs
    Verified: TelemetrySourceGeneratorTests.Generate_GivenEventMethodReturningActivity_RaisesDiagnostic#MeterAttribute.g.verified.cs
  - Received: TelemetrySourceGeneratorTests.Generate_GivenEventMethodReturningActivity_RaisesDiagnostic#MeterGenerationAttribute.g.received.cs
    Verified: TelemetrySourceGeneratorTests.Generate_GivenEventMethodReturningActivity_RaisesDiagnostic#MeterGenerationAttribute.g.verified.cs
  - Received: TelemetrySourceGeneratorTests.Generate_GivenEventMethodReturningActivity_RaisesDiagnostic#MeterNameGenerationType.g.received.cs
    Verified: TelemetrySourceGeneratorTests.Generate_GivenEventMethodReturningActivity_RaisesDiagnostic#MeterNameGenerationType.g.verified.cs
  - Received: TelemetrySourceGeneratorTests.Generate_GivenEventMethodReturningActivity_RaisesDiagnostic#NamingConvention.g.received.cs
    Verified: TelemetrySourceGeneratorTests.Generate_GivenEventMethodReturningActivity_RaisesDiagnostic#NamingConvention.g.verified.cs
  - Received: TelemetrySourceGeneratorTests.Generate_GivenEventMethodReturningActivity_RaisesDiagnostic#ObservableCounterAttribute.g.received.cs
    Verified: TelemetrySourceGeneratorTests.Generate_GivenEventMethodReturningActivity_RaisesDiagnostic#ObservableCounterAttribute.g.verified.cs
  - Received: TelemetrySourceGeneratorTests.Generate_GivenEventMethodReturningActivity_RaisesDiagnostic#ObservableGaugeAttribute.g.received.cs
    Verified: TelemetrySourceGeneratorTests.Generate_GivenEventMethodReturningActivity_RaisesDiagnostic#ObservableGaugeAttribute.g.verified.cs
  - Received: TelemetrySourceGeneratorTests.Generate_GivenEventMethodReturningActivity_RaisesDiagnostic#ObservableUpDownCounterAttribute.g.received.cs
    Verified: TelemetrySourceGeneratorTests.Generate_GivenEventMethodReturningActivity_RaisesDiagnostic#ObservableUpDownCounterAttribute.g.verified.cs
  - Received: TelemetrySourceGeneratorTests.Generate_GivenEventMethodReturningActivity_RaisesDiagnostic#Purview.Telemetry.SourceGenerator.TelemetryNames.g.received.cs
    Verified: TelemetrySourceGeneratorTests.Generate_GivenEventMethodReturningActivity_RaisesDiagnostic#Purview.Telemetry.SourceGenerator.TelemetryNames.g.verified.cs
  - Received: TelemetrySourceGeneratorTests.Generate_GivenEventMethodReturningActivity_RaisesDiagnostic#StatusDescriptionAttribute.g.received.cs
    Verified: TelemetrySourceGeneratorTests.Generate_GivenEventMethodReturningActivity_RaisesDiagnostic#StatusDescriptionAttribute.g.verified.cs
  - Received: TelemetrySourceGeneratorTests.Generate_GivenEventMethodReturningActivity_RaisesDiagnostic#TagAttribute.g.received.cs
    Verified: TelemetrySourceGeneratorTests.Generate_GivenEventMethodReturningActivity_RaisesDiagnostic#TagAttribute.g.verified.cs
  - Received: TelemetrySourceGeneratorTests.Generate_GivenEventMethodReturningActivity_RaisesDiagnostic#Targets.g.received.cs
    Verified: TelemetrySourceGeneratorTests.Generate_GivenEventMethodReturningActivity_RaisesDiagnostic#Targets.g.verified.cs
  - Received: TelemetrySourceGeneratorTests.Generate_GivenEventMethodReturningActivity_RaisesDiagnostic#TelemetryGenerationAttribute.g.received.cs
    Verified: TelemetrySourceGeneratorTests.Generate_GivenEventMethodReturningActivity_RaisesDiagnostic#TelemetryGenerationAttribute.g.verified.cs
  - Received: TelemetrySourceGeneratorTests.Generate_GivenEventMethodReturningActivity_RaisesDiagnostic#Testing.InvalidTelemetryCore.Activity.g.received.cs
    Verified: TelemetrySourceGeneratorTests.Generate_GivenEventMethodReturningActivity_RaisesDiagnostic#Testing.InvalidTelemetryCore.Activity.g.verified.cs
  - Received: TelemetrySourceGeneratorTests.Generate_GivenEventMethodReturningActivity_RaisesDiagnostic#TraceAttribute.g.received.cs
    Verified: TelemetrySourceGeneratorTests.Generate_GivenEventMethodReturningActivity_RaisesDiagnostic#TraceAttribute.g.verified.cs
  - Received: TelemetrySourceGeneratorTests.Generate_GivenEventMethodReturningActivity_RaisesDiagnostic#UpDownCounterAttribute.g.received.cs
    Verified: TelemetrySourceGeneratorTests.Generate_GivenEventMethodReturningActivity_RaisesDiagnostic#UpDownCounterAttribute.g.verified.cs
  - Received: TelemetrySourceGeneratorTests.Generate_GivenEventMethodReturningActivity_RaisesDiagnostic#WarningAttribute.g.received.cs
    Verified: TelemetrySourceGeneratorTests.Generate_GivenEventMethodReturningActivity_RaisesDiagnostic#WarningAttribute.g.verified.cs

  from P:\GitHub\kjldev\purview-telemetry-sourcegenerator\src\Purview.Telemetry.SourceGenerator.IntegrationTests\bin\Release\net10.0\Purview.Telemetry.SourceGenerator.IntegrationTests.dll (net10.0|x64)
  TUnit.Engine.Exceptions.TestFailedException: [Test Failure] VerifyException: Directory: P:\GitHub\kjldev\purview-telemetry-sourcegenerator\src\Purview.Telemetry.SourceGenerator.IntegrationTests\Snapshots
  Delete:
    - TelemetrySourceGeneratorTests.Generate_GivenEventMethodReturningActivity_RaisesDiagnostic.verified.txt
  Equal:
    - Received: TelemetrySourceGeneratorTests.Generate_GivenEventMethodReturningActivity_RaisesDiagnostic#ActivityAttribute.g.received.cs
      Verified: TelemetrySourceGeneratorTests.Generate_GivenEventMethodReturningActivity_RaisesDiagnostic#ActivityAttribute.g.verified.cs
    - Received: TelemetrySourceGeneratorTests.Generate_GivenEventMethodReturningActivity_RaisesDiagnostic#ActivitySourceAttribute.g.received.cs
      Verified: TelemetrySourceGeneratorTests.Generate_GivenEventMethodReturningActivity_RaisesDiagnostic#ActivitySourceAttribute.g.verified.cs
    - Received: TelemetrySourceGeneratorTests.Generate_GivenEventMethodReturningActivity_RaisesDiagnostic#ActivitySourceGenerationAttribute.g.received.cs
      Verified: TelemetrySourceGeneratorTests.Generate_GivenEventMethodReturningActivity_RaisesDiagnostic#ActivitySourceGenerationAttribute.g.verified.cs
    - Received: TelemetrySourceGeneratorTests.Generate_GivenEventMethodReturningActivity_RaisesDiagnostic#AutoCounterAttribute.g.received.cs
      Verified: TelemetrySourceGeneratorTests.Generate_GivenEventMethodReturningActivity_RaisesDiagnostic#AutoCounterAttribute.g.verified.cs
    - Received: TelemetrySourceGeneratorTests.Generate_GivenEventMethodReturningActivity_RaisesDiagnostic#BaggageAttribute.g.received.cs
      Verified: TelemetrySourceGeneratorTests.Generate_GivenEventMethodReturningActivity_RaisesDiagnostic#BaggageAttribute.g.verified.cs
    - Received: TelemetrySourceGeneratorTests.Generate_GivenEventMethodReturningActivity_RaisesDiagnostic#ContextAttribute.g.received.cs
      Verified: TelemetrySourceGeneratorTests.Generate_GivenEventMethodReturningActivity_RaisesDiagnostic#ContextAttribute.g.verified.cs
    - Received: TelemetrySourceGeneratorTests.Generate_GivenEventMethodReturningActivity_RaisesDiagnostic#CounterAttribute.g.received.cs
      Verified: TelemetrySourceGeneratorTests.Generate_GivenEventMethodReturningActivity_RaisesDiagnostic#CounterAttribute.g.verified.cs
    - Received: TelemetrySourceGeneratorTests.Generate_GivenEventMethodReturningActivity_RaisesDiagnostic#CriticalAttribute.g.received.cs
      Verified: TelemetrySourceGeneratorTests.Generate_GivenEventMethodReturningActivity_RaisesDiagnostic#CriticalAttribute.g.verified.cs
    - Received: TelemetrySourceGeneratorTests.Generate_GivenEventMethodReturningActivity_RaisesDiagnostic#DebugAttribute.g.received.cs
      Verified: TelemetrySourceGeneratorTests.Generate_GivenEventMethodReturningActivity_RaisesDiagnostic#DebugAttribute.g.verified.cs
    - Received: TelemetrySourceGeneratorTests.Generate_GivenEventMethodReturningActivity_RaisesDiagnostic#ErrorAttribute.g.received.cs
      Verified: TelemetrySourceGeneratorTests.Generate_GivenEventMethodReturningActivity_RaisesDiagnostic#ErrorAttribute.g.verified.cs
    - Received: TelemetrySourceGeneratorTests.Generate_GivenEventMethodReturningActivity_RaisesDiagnostic#EscapeAttribute.g.received.cs
      Verified: TelemetrySourceGeneratorTests.Generate_GivenEventMethodReturningActivity_RaisesDiagnostic#EscapeAttribute.g.verified.cs
    - Received: TelemetrySourceGeneratorTests.Generate_GivenEventMethodReturningActivity_RaisesDiagnostic#EventAttribute.g.received.cs
      Verified: TelemetrySourceGeneratorTests.Generate_GivenEventMethodReturningActivity_RaisesDiagnostic#EventAttribute.g.verified.cs
    - Received: TelemetrySourceGeneratorTests.Generate_GivenEventMethodReturningActivity_RaisesDiagnostic#ExcludeAttribute.g.received.cs
      Verified: TelemetrySourceGeneratorTests.Generate_GivenEventMethodReturningActivity_RaisesDiagnostic#ExcludeAttribute.g.verified.cs
    - Received: TelemetrySourceGeneratorTests.Generate_GivenEventMethodReturningActivity_RaisesDiagnostic#ExcludeTargetsAttribute.g.received.cs
      Verified: TelemetrySourceGeneratorTests.Generate_GivenEventMethodReturningActivity_RaisesDiagnostic#ExcludeTargetsAttribute.g.verified.cs
    - Received: TelemetrySourceGeneratorTests.Generate_GivenEventMethodReturningActivity_RaisesDiagnostic#ExpandEnumerableAttribute.g.received.cs
      Verified: TelemetrySourceGeneratorTests.Generate_GivenEventMethodReturningActivity_RaisesDiagnostic#ExpandEnumerableAttribute.g.verified.cs
    - Received: TelemetrySourceGeneratorTests.Generate_GivenEventMethodReturningActivity_RaisesDiagnostic#HistogramAttribute.g.received.cs
      Verified: TelemetrySourceGeneratorTests.Generate_GivenEventMethodReturningActivity_RaisesDiagnostic#HistogramAttribute.g.verified.cs
    - Received: TelemetrySourceGeneratorTests.Generate_GivenEventMethodReturningActivity_RaisesDiagnostic#InfoAttribute.g.received.cs
      Verified: TelemetrySourceGeneratorTests.Generate_GivenEventMethodReturningActivity_RaisesDiagnostic#InfoAttribute.g.verified.cs
    - Received: TelemetrySourceGeneratorTests.Generate_GivenEventMethodReturningActivity_RaisesDiagnostic#InstrumentMeasurementAttribute.g.received.cs
      Verified: TelemetrySourceGeneratorTests.Generate_GivenEventMethodReturningActivity_RaisesDiagnostic#InstrumentMeasurementAttribute.g.verified.cs
    - Received: TelemetrySourceGeneratorTests.Generate_GivenEventMethodReturningActivity_RaisesDiagnostic#LogAttribute.g.received.cs
      Verified: TelemetrySourceGeneratorTests.Generate_GivenEventMethodReturningActivity_RaisesDiagnostic#LogAttribute.g.verified.cs
    - Received: TelemetrySourceGeneratorTests.Generate_GivenEventMethodReturningActivity_RaisesDiagnostic#LoggerAttribute.g.received.cs
      Verified: TelemetrySourceGeneratorTests.Generate_GivenEventMethodReturningActivity_RaisesDiagnostic#LoggerAttribute.g.verified.cs
    - Received: TelemetrySourceGeneratorTests.Generate_GivenEventMethodReturningActivity_RaisesDiagnostic#LoggerGenerationAttribute.g.received.cs
      Verified: TelemetrySourceGeneratorTests.Generate_GivenEventMethodReturningActivity_RaisesDiagnostic#LoggerGenerationAttribute.g.verified.cs
    - Received: TelemetrySourceGeneratorTests.Generate_GivenEventMethodReturningActivity_RaisesDiagnostic#LoggerGenerationMode.g.received.cs
      Verified: TelemetrySourceGeneratorTests.Generate_GivenEventMethodReturningActivity_RaisesDiagnostic#LoggerGenerationMode.g.verified.cs
    - Received: TelemetrySourceGeneratorTests.Generate_GivenEventMethodReturningActivity_RaisesDiagnostic#LogPrefixType.g.received.cs
      Verified: TelemetrySourceGeneratorTests.Generate_GivenEventMethodReturningActivity_RaisesDiagnostic#LogPrefixType.g.verified.cs
    - Received: TelemetrySourceGeneratorTests.Generate_GivenEventMethodReturningActivity_RaisesDiagnostic#MeterAttribute.g.received.cs
      Verified: TelemetrySourceGeneratorTests.Generate_GivenEventMethodReturningActivity_RaisesDiagnostic#MeterAttribute.g.verified.cs
    - Received: TelemetrySourceGeneratorTests.Generate_GivenEventMethodReturningActivity_RaisesDiagnostic#MeterGenerationAttribute.g.received.cs
      Verified: TelemetrySourceGeneratorTests.Generate_GivenEventMethodReturningActivity_RaisesDiagnostic#MeterGenerationAttribute.g.verified.cs
    - Received: TelemetrySourceGeneratorTests.Generate_GivenEventMethodReturningActivity_RaisesDiagnostic#MeterNameGenerationType.g.received.cs
      Verified: TelemetrySourceGeneratorTests.Generate_GivenEventMethodReturningActivity_RaisesDiagnostic#MeterNameGenerationType.g.verified.cs
    - Received: TelemetrySourceGeneratorTests.Generate_GivenEventMethodReturningActivity_RaisesDiagnostic#NamingConvention.g.received.cs
      Verified: TelemetrySourceGeneratorTests.Generate_GivenEventMethodReturningActivity_RaisesDiagnostic#NamingConvention.g.verified.cs
    - Received: TelemetrySourceGeneratorTests.Generate_GivenEventMethodReturningActivity_RaisesDiagnostic#ObservableCounterAttribute.g.received.cs
      Verified: TelemetrySourceGeneratorTests.Generate_GivenEventMethodReturningActivity_RaisesDiagnostic#ObservableCounterAttribute.g.verified.cs
    - Received: TelemetrySourceGeneratorTests.Generate_GivenEventMethodReturningActivity_RaisesDiagnostic#ObservableGaugeAttribute.g.received.cs
      Verified: TelemetrySourceGeneratorTests.Generate_GivenEventMethodReturningActivity_RaisesDiagnostic#ObservableGaugeAttribute.g.verified.cs
    - Received: TelemetrySourceGeneratorTests.Generate_GivenEventMethodReturningActivity_RaisesDiagnostic#ObservableUpDownCounterAttribute.g.received.cs
      Verified: TelemetrySourceGeneratorTests.Generate_GivenEventMethodReturningActivity_RaisesDiagnostic#ObservableUpDownCounterAttribute.g.verified.cs
    - Received: TelemetrySourceGeneratorTests.Generate_GivenEventMethodReturningActivity_RaisesDiagnostic#Purview.Telemetry.SourceGenerator.TelemetryNames.g.received.cs
      Verified: TelemetrySourceGeneratorTests.Generate_GivenEventMethodReturningActivity_RaisesDiagnostic#Purview.Telemetry.SourceGenerator.TelemetryNames.g.verified.cs
    - Received: TelemetrySourceGeneratorTests.Generate_GivenEventMethodReturningActivity_RaisesDiagnostic#StatusDescriptionAttribute.g.received.cs
      Verified: TelemetrySourceGeneratorTests.Generate_GivenEventMethodReturningActivity_RaisesDiagnostic#StatusDescriptionAttribute.g.verified.cs
    - Received: TelemetrySourceGeneratorTests.Generate_GivenEventMethodReturningActivity_RaisesDiagnostic#TagAttribute.g.received.cs
      Verified: TelemetrySourceGeneratorTests.Generate_GivenEventMethodReturningActivity_RaisesDiagnostic#TagAttribute.g.verified.cs
    - Received: TelemetrySourceGeneratorTests.Generate_GivenEventMethodReturningActivity_RaisesDiagnostic#Targets.g.received.cs
      Verified: TelemetrySourceGeneratorTests.Generate_GivenEventMethodReturningActivity_RaisesDiagnostic#Targets.g.verified.cs
    - Received: TelemetrySourceGeneratorTests.Generate_GivenEventMethodReturningActivity_RaisesDiagnostic#TelemetryGenerationAttribute.g.received.cs
      Verified: TelemetrySourceGeneratorTests.Generate_GivenEventMethodReturningActivity_RaisesDiagnostic#TelemetryGenerationAttribute.g.verified.cs
    - Received: TelemetrySourceGeneratorTests.Generate_GivenEventMethodReturningActivity_RaisesDiagnostic#Testing.InvalidTelemetryCore.Activity.g.received.cs
      Verified: TelemetrySourceGeneratorTests.Generate_GivenEventMethodReturningActivity_RaisesDiagnostic#Testing.InvalidTelemetryCore.Activity.g.verified.cs
    - Received: TelemetrySourceGeneratorTests.Generate_GivenEventMethodReturningActivity_RaisesDiagnostic#TraceAttribute.g.received.cs
      Verified: TelemetrySourceGeneratorTests.Generate_GivenEventMethodReturningActivity_RaisesDiagnostic#TraceAttribute.g.verified.cs
    - Received: TelemetrySourceGeneratorTests.Generate_GivenEventMethodReturningActivity_RaisesDiagnostic#UpDownCounterAttribute.g.received.cs
      Verified: TelemetrySourceGeneratorTests.Generate_GivenEventMethodReturningActivity_RaisesDiagnostic#UpDownCounterAttribute.g.verified.cs
    - Received: TelemetrySourceGeneratorTests.Generate_GivenEventMethodReturningActivity_RaisesDiagnostic#WarningAttribute.g.received.cs
      Verified: TelemetrySourceGeneratorTests.Generate_GivenEventMethodReturningActivity_RaisesDiagnostic#WarningAttribute.g.verified.cs
  
  Standard output
    DBG: --- Adding templates.
    DBG: Adding ActivitySourceGenerationAttribute as ActivitySourceGenerationAttribute.g.cs.
    DBG: Adding ActivitySourceAttribute as ActivitySourceAttribute.g.cs.
    DBG: Adding ActivityAttribute as ActivityAttribute.g.cs.
    DBG: Adding EventAttribute as EventAttribute.g.cs.
    DBG: Adding ContextAttribute as ContextAttribute.g.cs.
    DBG: Adding BaggageAttribute as BaggageAttribute.g.cs.
    DBG: Adding EscapeAttribute as EscapeAttribute.g.cs.
    DBG: Adding StatusDescriptionAttribute as StatusDescriptionAttribute.g.cs.
    DBG: Adding LoggerGenerationAttribute as LoggerGenerationAttribute.g.cs.
    DBG: Adding LoggerAttribute as LoggerAttribute.g.cs.
    DBG: Adding LogAttribute as LogAttribute.g.cs.
    DBG: Adding LogPrefixType as LogPrefixType.g.cs.
    DBG: Adding LoggerGenerationMode as LoggerGenerationMode.g.cs.
    DBG: Adding ExpandEnumerableAttribute as ExpandEnumerableAttribute.g.cs.
    DBG: Adding TraceAttribute as TraceAttribute.g.cs.
    DBG: Adding DebugAttribute as DebugAttribute.g.cs.
    DBG: Adding InfoAttribute as InfoAttribute.g.cs.
    DBG: Adding WarningAttribute as WarningAttribute.g.cs.
    DBG: Adding ErrorAttribute as ErrorAttribute.g.cs.
    DBG: Adding CriticalAttribute as CriticalAttribute.g.cs.
    DBG: Adding MeterGenerationAttribute as MeterGenerationAttribute.g.cs.
    DBG: Adding MeterAttribute as MeterAttribute.g.cs.
    DBG: Adding MeterNameGenerationType as MeterNameGenerationType.g.cs.
    DBG: Adding InstrumentMeasurementAttribute as InstrumentMeasurementAttribute.g.cs.
    DBG: Adding AutoCounterAttribute as AutoCounterAttribute.g.cs.
    DBG: Adding CounterAttribute as CounterAttribute.g.cs.
    DBG: Adding UpDownCounterAttribute as UpDownCounterAttribute.g.cs.
    DBG: Adding HistogramAttribute as HistogramAttribute.g.cs.
    DBG: Adding ObservableCounterAttribute as ObservableCounterAttribute.g.cs.
    DBG: Adding ObservableGaugeAttribute as ObservableGaugeAttribute.g.cs.
    DBG: Adding ObservableUpDownCounterAttribute as ObservableUpDownCounterAttribute.g.cs.
    DBG: Adding TagAttribute as TagAttribute.g.cs.
    DBG: Adding ExcludeAttribute as ExcludeAttribute.g.cs.
    DBG: Adding TelemetryGenerationAttribute as TelemetryGenerationAttribute.g.cs.
    DBG: Adding Targets as Targets.g.cs.
    DBG: Adding NamingConvention as NamingConvention.g.cs.
    DBG: Adding ExcludeTargetsAttribute as ExcludeTargetsAttribute.g.cs.
    DBG: --- Finished adding templates.
    DBG: Found attribute: Purview.Telemetry.ActivitySourceAttribute("testing-activity-source")
    DBG: Found attribute: Purview.Telemetry.TelemetryGenerationAttribute(GenerateDependencyExtension = false)
    DBG: Found attribute: Purview.Telemetry.ActivityAttribute
    DBG: Found explicit activity: ValidActivity.
    DBG: Found Activity method IInvalidTelemetry.ValidActivity.
    DBG: Inferring tag: operationId.
    DBG: Found attribute: Purview.Telemetry.EventAttribute(System.Diagnostics.ActivityStatusCode.Unset)
    DBG: Found explicit event: InvalidEventReturn.
    DBG: Found Event method IInvalidTelemetry.InvalidEventReturn.
    DBG: Inferring tag: eventName.
    DBG: Activity generation target: Testing.InvalidTelemetryCore
    DBG: Generating activity class for: Testing.InvalidTelemetryCore
    DBG: Generating RecordExceptionInternal.
    DIA: The return type global::System.Diagnostics.Activity? isn't valid for an activity, event, or context method.
    DBG: Skipping dependency injection emit.
    DBG: Found attribute: Purview.Telemetry.ActivitySourceAttribute("testing-activity-source")
    DBG: Found attribute: Purview.Telemetry.TelemetryGenerationAttribute(GenerateDependencyExtension = false)
    DBG: Found attribute: Purview.Telemetry.ActivityAttribute
    DBG: Found explicit activity: ValidActivity.
    DBG: Found Activity method IInvalidTelemetry.ValidActivity.
    DBG: Inferring tag: operationId.
    DBG: Found attribute: Purview.Telemetry.EventAttribute(System.Diagnostics.ActivityStatusCode.Unset)
    DBG: Found explicit event: InvalidEventReturn.
    DBG: Found Event method IInvalidTelemetry.InvalidEventReturn.
    DBG: Inferring tag: eventName.
    DBG: Generating Telemetry Names using class 'TelemetryNames'.
    
  Error output
failed Generate_GivenLogMethodReturningValueTask_RaisesDiagnostic (6s 073ms)
  [Test Failure] VerifyException: Directory: P:\GitHub\kjldev\purview-telemetry-sourcegenerator\src\Purview.Telemetry.SourceGenerator.IntegrationTests\Snapshots
Delete:
  - TelemetrySourceGeneratorTests.Generate_GivenLogMethodReturningValueTask_RaisesDiagnostic.verified.txt
Equal:
  - Received: TelemetrySourceGeneratorTests.Generate_GivenLogMethodReturningValueTask_RaisesDiagnostic#ActivityAttribute.g.received.cs
    Verified: TelemetrySourceGeneratorTests.Generate_GivenLogMethodReturningValueTask_RaisesDiagnostic#ActivityAttribute.g.verified.cs
  - Received: TelemetrySourceGeneratorTests.Generate_GivenLogMethodReturningValueTask_RaisesDiagnostic#ActivitySourceAttribute.g.received.cs
    Verified: TelemetrySourceGeneratorTests.Generate_GivenLogMethodReturningValueTask_RaisesDiagnostic#ActivitySourceAttribute.g.verified.cs
  - Received: TelemetrySourceGeneratorTests.Generate_GivenLogMethodReturningValueTask_RaisesDiagnostic#ActivitySourceGenerationAttribute.g.received.cs
    Verified: TelemetrySourceGeneratorTests.Generate_GivenLogMethodReturningValueTask_RaisesDiagnostic#ActivitySourceGenerationAttribute.g.verified.cs
  - Received: TelemetrySourceGeneratorTests.Generate_GivenLogMethodReturningValueTask_RaisesDiagnostic#AutoCounterAttribute.g.received.cs
    Verified: TelemetrySourceGeneratorTests.Generate_GivenLogMethodReturningValueTask_RaisesDiagnostic#AutoCounterAttribute.g.verified.cs
  - Received: TelemetrySourceGeneratorTests.Generate_GivenLogMethodReturningValueTask_RaisesDiagnostic#BaggageAttribute.g.received.cs
    Verified: TelemetrySourceGeneratorTests.Generate_GivenLogMethodReturningValueTask_RaisesDiagnostic#BaggageAttribute.g.verified.cs
  - Received: TelemetrySourceGeneratorTests.Generate_GivenLogMethodReturningValueTask_RaisesDiagnostic#ContextAttribute.g.received.cs
    Verified: TelemetrySourceGeneratorTests.Generate_GivenLogMethodReturningValueTask_RaisesDiagnostic#ContextAttribute.g.verified.cs
  - Received: TelemetrySourceGeneratorTests.Generate_GivenLogMethodReturningValueTask_RaisesDiagnostic#CounterAttribute.g.received.cs
    Verified: TelemetrySourceGeneratorTests.Generate_GivenLogMethodReturningValueTask_RaisesDiagnostic#CounterAttribute.g.verified.cs
  - Received: TelemetrySourceGeneratorTests.Generate_GivenLogMethodReturningValueTask_RaisesDiagnostic#CriticalAttribute.g.received.cs
    Verified: TelemetrySourceGeneratorTests.Generate_GivenLogMethodReturningValueTask_RaisesDiagnostic#CriticalAttribute.g.verified.cs
  - Received: TelemetrySourceGeneratorTests.Generate_GivenLogMethodReturningValueTask_RaisesDiagnostic#DebugAttribute.g.received.cs
    Verified: TelemetrySourceGeneratorTests.Generate_GivenLogMethodReturningValueTask_RaisesDiagnostic#DebugAttribute.g.verified.cs
  - Received: TelemetrySourceGeneratorTests.Generate_GivenLogMethodReturningValueTask_RaisesDiagnostic#ErrorAttribute.g.received.cs
    Verified: TelemetrySourceGeneratorTests.Generate_GivenLogMethodReturningValueTask_RaisesDiagnostic#ErrorAttribute.g.verified.cs
  - Received: TelemetrySourceGeneratorTests.Generate_GivenLogMethodReturningValueTask_RaisesDiagnostic#EscapeAttribute.g.received.cs
    Verified: TelemetrySourceGeneratorTests.Generate_GivenLogMethodReturningValueTask_RaisesDiagnostic#EscapeAttribute.g.verified.cs
  - Received: TelemetrySourceGeneratorTests.Generate_GivenLogMethodReturningValueTask_RaisesDiagnostic#EventAttribute.g.received.cs
    Verified: TelemetrySourceGeneratorTests.Generate_GivenLogMethodReturningValueTask_RaisesDiagnostic#EventAttribute.g.verified.cs
  - Received: TelemetrySourceGeneratorTests.Generate_GivenLogMethodReturningValueTask_RaisesDiagnostic#ExcludeAttribute.g.received.cs
    Verified: TelemetrySourceGeneratorTests.Generate_GivenLogMethodReturningValueTask_RaisesDiagnostic#ExcludeAttribute.g.verified.cs
  - Received: TelemetrySourceGeneratorTests.Generate_GivenLogMethodReturningValueTask_RaisesDiagnostic#ExcludeTargetsAttribute.g.received.cs
    Verified: TelemetrySourceGeneratorTests.Generate_GivenLogMethodReturningValueTask_RaisesDiagnostic#ExcludeTargetsAttribute.g.verified.cs
  - Received: TelemetrySourceGeneratorTests.Generate_GivenLogMethodReturningValueTask_RaisesDiagnostic#ExpandEnumerableAttribute.g.received.cs
    Verified: TelemetrySourceGeneratorTests.Generate_GivenLogMethodReturningValueTask_RaisesDiagnostic#ExpandEnumerableAttribute.g.verified.cs
  - Received: TelemetrySourceGeneratorTests.Generate_GivenLogMethodReturningValueTask_RaisesDiagnostic#HistogramAttribute.g.received.cs
    Verified: TelemetrySourceGeneratorTests.Generate_GivenLogMethodReturningValueTask_RaisesDiagnostic#HistogramAttribute.g.verified.cs
  - Received: TelemetrySourceGeneratorTests.Generate_GivenLogMethodReturningValueTask_RaisesDiagnostic#InfoAttribute.g.received.cs
    Verified: TelemetrySourceGeneratorTests.Generate_GivenLogMethodReturningValueTask_RaisesDiagnostic#InfoAttribute.g.verified.cs
  - Received: TelemetrySourceGeneratorTests.Generate_GivenLogMethodReturningValueTask_RaisesDiagnostic#InstrumentMeasurementAttribute.g.received.cs
    Verified: TelemetrySourceGeneratorTests.Generate_GivenLogMethodReturningValueTask_RaisesDiagnostic#InstrumentMeasurementAttribute.g.verified.cs
  - Received: TelemetrySourceGeneratorTests.Generate_GivenLogMethodReturningValueTask_RaisesDiagnostic#LogAttribute.g.received.cs
    Verified: TelemetrySourceGeneratorTests.Generate_GivenLogMethodReturningValueTask_RaisesDiagnostic#LogAttribute.g.verified.cs
  - Received: TelemetrySourceGeneratorTests.Generate_GivenLogMethodReturningValueTask_RaisesDiagnostic#LoggerAttribute.g.received.cs
    Verified: TelemetrySourceGeneratorTests.Generate_GivenLogMethodReturningValueTask_RaisesDiagnostic#LoggerAttribute.g.verified.cs
  - Received: TelemetrySourceGeneratorTests.Generate_GivenLogMethodReturningValueTask_RaisesDiagnostic#LoggerGenerationAttribute.g.received.cs
    Verified: TelemetrySourceGeneratorTests.Generate_GivenLogMethodReturningValueTask_RaisesDiagnostic#LoggerGenerationAttribute.g.verified.cs
  - Received: TelemetrySourceGeneratorTests.Generate_GivenLogMethodReturningValueTask_RaisesDiagnostic#LoggerGenerationMode.g.received.cs
    Verified: TelemetrySourceGeneratorTests.Generate_GivenLogMethodReturningValueTask_RaisesDiagnostic#LoggerGenerationMode.g.verified.cs
  - Received: TelemetrySourceGeneratorTests.Generate_GivenLogMethodReturningValueTask_RaisesDiagnostic#LogPrefixType.g.received.cs
    Verified: TelemetrySourceGeneratorTests.Generate_GivenLogMethodReturningValueTask_RaisesDiagnostic#LogPrefixType.g.verified.cs
  - Received: TelemetrySourceGeneratorTests.Generate_GivenLogMethodReturningValueTask_RaisesDiagnostic#MeterAttribute.g.received.cs
    Verified: TelemetrySourceGeneratorTests.Generate_GivenLogMethodReturningValueTask_RaisesDiagnostic#MeterAttribute.g.verified.cs
  - Received: TelemetrySourceGeneratorTests.Generate_GivenLogMethodReturningValueTask_RaisesDiagnostic#MeterGenerationAttribute.g.received.cs
    Verified: TelemetrySourceGeneratorTests.Generate_GivenLogMethodReturningValueTask_RaisesDiagnostic#MeterGenerationAttribute.g.verified.cs
  - Received: TelemetrySourceGeneratorTests.Generate_GivenLogMethodReturningValueTask_RaisesDiagnostic#MeterNameGenerationType.g.received.cs
    Verified: TelemetrySourceGeneratorTests.Generate_GivenLogMethodReturningValueTask_RaisesDiagnostic#MeterNameGenerationType.g.verified.cs
  - Received: TelemetrySourceGeneratorTests.Generate_GivenLogMethodReturningValueTask_RaisesDiagnostic#NamingConvention.g.received.cs
    Verified: TelemetrySourceGeneratorTests.Generate_GivenLogMethodReturningValueTask_RaisesDiagnostic#NamingConvention.g.verified.cs
  - Received: TelemetrySourceGeneratorTests.Generate_GivenLogMethodReturningValueTask_RaisesDiagnostic#ObservableCounterAttribute.g.received.cs
    Verified: TelemetrySourceGeneratorTests.Generate_GivenLogMethodReturningValueTask_RaisesDiagnostic#ObservableCounterAttribute.g.verified.cs
  - Received: TelemetrySourceGeneratorTests.Generate_GivenLogMethodReturningValueTask_RaisesDiagnostic#ObservableGaugeAttribute.g.received.cs
    Verified: TelemetrySourceGeneratorTests.Generate_GivenLogMethodReturningValueTask_RaisesDiagnostic#ObservableGaugeAttribute.g.verified.cs
  - Received: TelemetrySourceGeneratorTests.Generate_GivenLogMethodReturningValueTask_RaisesDiagnostic#ObservableUpDownCounterAttribute.g.received.cs
    Verified: TelemetrySourceGeneratorTests.Generate_GivenLogMethodReturningValueTask_RaisesDiagnostic#ObservableUpDownCounterAttribute.g.verified.cs
  - Received: TelemetrySourceGeneratorTests.Generate_GivenLogMethodReturningValueTask_RaisesDiagnostic#StatusDescriptionAttribute.g.received.cs
    Verified: TelemetrySourceGeneratorTests.Generate_GivenLogMethodReturningValueTask_RaisesDiagnostic#StatusDescriptionAttribute.g.verified.cs
  - Received: TelemetrySourceGeneratorTests.Generate_GivenLogMethodReturningValueTask_RaisesDiagnostic#TagAttribute.g.received.cs
    Verified: TelemetrySourceGeneratorTests.Generate_GivenLogMethodReturningValueTask_RaisesDiagnostic#TagAttribute.g.verified.cs
  - Received: TelemetrySourceGeneratorTests.Generate_GivenLogMethodReturningValueTask_RaisesDiagnostic#Targets.g.received.cs
    Verified: TelemetrySourceGeneratorTests.Generate_GivenLogMethodReturningValueTask_RaisesDiagnostic#Targets.g.verified.cs
  - Received: TelemetrySourceGeneratorTests.Generate_GivenLogMethodReturningValueTask_RaisesDiagnostic#TelemetryGenerationAttribute.g.received.cs
    Verified: TelemetrySourceGeneratorTests.Generate_GivenLogMethodReturningValueTask_RaisesDiagnostic#TelemetryGenerationAttribute.g.verified.cs
  - Received: TelemetrySourceGeneratorTests.Generate_GivenLogMethodReturningValueTask_RaisesDiagnostic#Testing.InvalidTelemetryCore.Logging.g.received.cs
    Verified: TelemetrySourceGeneratorTests.Generate_GivenLogMethodReturningValueTask_RaisesDiagnostic#Testing.InvalidTelemetryCore.Logging.g.verified.cs
  - Received: TelemetrySourceGeneratorTests.Generate_GivenLogMethodReturningValueTask_RaisesDiagnostic#TraceAttribute.g.received.cs
    Verified: TelemetrySourceGeneratorTests.Generate_GivenLogMethodReturningValueTask_RaisesDiagnostic#TraceAttribute.g.verified.cs
  - Received: TelemetrySourceGeneratorTests.Generate_GivenLogMethodReturningValueTask_RaisesDiagnostic#UpDownCounterAttribute.g.received.cs
    Verified: TelemetrySourceGeneratorTests.Generate_GivenLogMethodReturningValueTask_RaisesDiagnostic#UpDownCounterAttribute.g.verified.cs
  - Received: TelemetrySourceGeneratorTests.Generate_GivenLogMethodReturningValueTask_RaisesDiagnostic#WarningAttribute.g.received.cs
    Verified: TelemetrySourceGeneratorTests.Generate_GivenLogMethodReturningValueTask_RaisesDiagnostic#WarningAttribute.g.verified.cs

  from P:\GitHub\kjldev\purview-telemetry-sourcegenerator\src\Purview.Telemetry.SourceGenerator.IntegrationTests\bin\Release\net10.0\Purview.Telemetry.SourceGenerator.IntegrationTests.dll (net10.0|x64)
  TUnit.Engine.Exceptions.TestFailedException: [Test Failure] VerifyException: Directory: P:\GitHub\kjldev\purview-telemetry-sourcegenerator\src\Purview.Telemetry.SourceGenerator.IntegrationTests\Snapshots
  Delete:
    - TelemetrySourceGeneratorTests.Generate_GivenLogMethodReturningValueTask_RaisesDiagnostic.verified.txt
  Equal:
    - Received: TelemetrySourceGeneratorTests.Generate_GivenLogMethodReturningValueTask_RaisesDiagnostic#ActivityAttribute.g.received.cs
      Verified: TelemetrySourceGeneratorTests.Generate_GivenLogMethodReturningValueTask_RaisesDiagnostic#ActivityAttribute.g.verified.cs
    - Received: TelemetrySourceGeneratorTests.Generate_GivenLogMethodReturningValueTask_RaisesDiagnostic#ActivitySourceAttribute.g.received.cs
      Verified: TelemetrySourceGeneratorTests.Generate_GivenLogMethodReturningValueTask_RaisesDiagnostic#ActivitySourceAttribute.g.verified.cs
    - Received: TelemetrySourceGeneratorTests.Generate_GivenLogMethodReturningValueTask_RaisesDiagnostic#ActivitySourceGenerationAttribute.g.received.cs
      Verified: TelemetrySourceGeneratorTests.Generate_GivenLogMethodReturningValueTask_RaisesDiagnostic#ActivitySourceGenerationAttribute.g.verified.cs
    - Received: TelemetrySourceGeneratorTests.Generate_GivenLogMethodReturningValueTask_RaisesDiagnostic#AutoCounterAttribute.g.received.cs
      Verified: TelemetrySourceGeneratorTests.Generate_GivenLogMethodReturningValueTask_RaisesDiagnostic#AutoCounterAttribute.g.verified.cs
    - Received: TelemetrySourceGeneratorTests.Generate_GivenLogMethodReturningValueTask_RaisesDiagnostic#BaggageAttribute.g.received.cs
      Verified: TelemetrySourceGeneratorTests.Generate_GivenLogMethodReturningValueTask_RaisesDiagnostic#BaggageAttribute.g.verified.cs
    - Received: TelemetrySourceGeneratorTests.Generate_GivenLogMethodReturningValueTask_RaisesDiagnostic#ContextAttribute.g.received.cs
      Verified: TelemetrySourceGeneratorTests.Generate_GivenLogMethodReturningValueTask_RaisesDiagnostic#ContextAttribute.g.verified.cs
    - Received: TelemetrySourceGeneratorTests.Generate_GivenLogMethodReturningValueTask_RaisesDiagnostic#CounterAttribute.g.received.cs
      Verified: TelemetrySourceGeneratorTests.Generate_GivenLogMethodReturningValueTask_RaisesDiagnostic#CounterAttribute.g.verified.cs
    - Received: TelemetrySourceGeneratorTests.Generate_GivenLogMethodReturningValueTask_RaisesDiagnostic#CriticalAttribute.g.received.cs
      Verified: TelemetrySourceGeneratorTests.Generate_GivenLogMethodReturningValueTask_RaisesDiagnostic#CriticalAttribute.g.verified.cs
    - Received: TelemetrySourceGeneratorTests.Generate_GivenLogMethodReturningValueTask_RaisesDiagnostic#DebugAttribute.g.received.cs
      Verified: TelemetrySourceGeneratorTests.Generate_GivenLogMethodReturningValueTask_RaisesDiagnostic#DebugAttribute.g.verified.cs
    - Received: TelemetrySourceGeneratorTests.Generate_GivenLogMethodReturningValueTask_RaisesDiagnostic#ErrorAttribute.g.received.cs
      Verified: TelemetrySourceGeneratorTests.Generate_GivenLogMethodReturningValueTask_RaisesDiagnostic#ErrorAttribute.g.verified.cs
    - Received: TelemetrySourceGeneratorTests.Generate_GivenLogMethodReturningValueTask_RaisesDiagnostic#EscapeAttribute.g.received.cs
      Verified: TelemetrySourceGeneratorTests.Generate_GivenLogMethodReturningValueTask_RaisesDiagnostic#EscapeAttribute.g.verified.cs
    - Received: TelemetrySourceGeneratorTests.Generate_GivenLogMethodReturningValueTask_RaisesDiagnostic#EventAttribute.g.received.cs
      Verified: TelemetrySourceGeneratorTests.Generate_GivenLogMethodReturningValueTask_RaisesDiagnostic#EventAttribute.g.verified.cs
    - Received: TelemetrySourceGeneratorTests.Generate_GivenLogMethodReturningValueTask_RaisesDiagnostic#ExcludeAttribute.g.received.cs
      Verified: TelemetrySourceGeneratorTests.Generate_GivenLogMethodReturningValueTask_RaisesDiagnostic#ExcludeAttribute.g.verified.cs
    - Received: TelemetrySourceGeneratorTests.Generate_GivenLogMethodReturningValueTask_RaisesDiagnostic#ExcludeTargetsAttribute.g.received.cs
      Verified: TelemetrySourceGeneratorTests.Generate_GivenLogMethodReturningValueTask_RaisesDiagnostic#ExcludeTargetsAttribute.g.verified.cs
    - Received: TelemetrySourceGeneratorTests.Generate_GivenLogMethodReturningValueTask_RaisesDiagnostic#ExpandEnumerableAttribute.g.received.cs
      Verified: TelemetrySourceGeneratorTests.Generate_GivenLogMethodReturningValueTask_RaisesDiagnostic#ExpandEnumerableAttribute.g.verified.cs
    - Received: TelemetrySourceGeneratorTests.Generate_GivenLogMethodReturningValueTask_RaisesDiagnostic#HistogramAttribute.g.received.cs
      Verified: TelemetrySourceGeneratorTests.Generate_GivenLogMethodReturningValueTask_RaisesDiagnostic#HistogramAttribute.g.verified.cs
    - Received: TelemetrySourceGeneratorTests.Generate_GivenLogMethodReturningValueTask_RaisesDiagnostic#InfoAttribute.g.received.cs
      Verified: TelemetrySourceGeneratorTests.Generate_GivenLogMethodReturningValueTask_RaisesDiagnostic#InfoAttribute.g.verified.cs
    - Received: TelemetrySourceGeneratorTests.Generate_GivenLogMethodReturningValueTask_RaisesDiagnostic#InstrumentMeasurementAttribute.g.received.cs
      Verified: TelemetrySourceGeneratorTests.Generate_GivenLogMethodReturningValueTask_RaisesDiagnostic#InstrumentMeasurementAttribute.g.verified.cs
    - Received: TelemetrySourceGeneratorTests.Generate_GivenLogMethodReturningValueTask_RaisesDiagnostic#LogAttribute.g.received.cs
      Verified: TelemetrySourceGeneratorTests.Generate_GivenLogMethodReturningValueTask_RaisesDiagnostic#LogAttribute.g.verified.cs
    - Received: TelemetrySourceGeneratorTests.Generate_GivenLogMethodReturningValueTask_RaisesDiagnostic#LoggerAttribute.g.received.cs
      Verified: TelemetrySourceGeneratorTests.Generate_GivenLogMethodReturningValueTask_RaisesDiagnostic#LoggerAttribute.g.verified.cs
    - Received: TelemetrySourceGeneratorTests.Generate_GivenLogMethodReturningValueTask_RaisesDiagnostic#LoggerGenerationAttribute.g.received.cs
      Verified: TelemetrySourceGeneratorTests.Generate_GivenLogMethodReturningValueTask_RaisesDiagnostic#LoggerGenerationAttribute.g.verified.cs
    - Received: TelemetrySourceGeneratorTests.Generate_GivenLogMethodReturningValueTask_RaisesDiagnostic#LoggerGenerationMode.g.received.cs
      Verified: TelemetrySourceGeneratorTests.Generate_GivenLogMethodReturningValueTask_RaisesDiagnostic#LoggerGenerationMode.g.verified.cs
    - Received: TelemetrySourceGeneratorTests.Generate_GivenLogMethodReturningValueTask_RaisesDiagnostic#LogPrefixType.g.received.cs
      Verified: TelemetrySourceGeneratorTests.Generate_GivenLogMethodReturningValueTask_RaisesDiagnostic#LogPrefixType.g.verified.cs
    - Received: TelemetrySourceGeneratorTests.Generate_GivenLogMethodReturningValueTask_RaisesDiagnostic#MeterAttribute.g.received.cs
      Verified: TelemetrySourceGeneratorTests.Generate_GivenLogMethodReturningValueTask_RaisesDiagnostic#MeterAttribute.g.verified.cs
    - Received: TelemetrySourceGeneratorTests.Generate_GivenLogMethodReturningValueTask_RaisesDiagnostic#MeterGenerationAttribute.g.received.cs
      Verified: TelemetrySourceGeneratorTests.Generate_GivenLogMethodReturningValueTask_RaisesDiagnostic#MeterGenerationAttribute.g.verified.cs
    - Received: TelemetrySourceGeneratorTests.Generate_GivenLogMethodReturningValueTask_RaisesDiagnostic#MeterNameGenerationType.g.received.cs
      Verified: TelemetrySourceGeneratorTests.Generate_GivenLogMethodReturningValueTask_RaisesDiagnostic#MeterNameGenerationType.g.verified.cs
    - Received: TelemetrySourceGeneratorTests.Generate_GivenLogMethodReturningValueTask_RaisesDiagnostic#NamingConvention.g.received.cs
      Verified: TelemetrySourceGeneratorTests.Generate_GivenLogMethodReturningValueTask_RaisesDiagnostic#NamingConvention.g.verified.cs
    - Received: TelemetrySourceGeneratorTests.Generate_GivenLogMethodReturningValueTask_RaisesDiagnostic#ObservableCounterAttribute.g.received.cs
      Verified: TelemetrySourceGeneratorTests.Generate_GivenLogMethodReturningValueTask_RaisesDiagnostic#ObservableCounterAttribute.g.verified.cs
    - Received: TelemetrySourceGeneratorTests.Generate_GivenLogMethodReturningValueTask_RaisesDiagnostic#ObservableGaugeAttribute.g.received.cs
      Verified: TelemetrySourceGeneratorTests.Generate_GivenLogMethodReturningValueTask_RaisesDiagnostic#ObservableGaugeAttribute.g.verified.cs
    - Received: TelemetrySourceGeneratorTests.Generate_GivenLogMethodReturningValueTask_RaisesDiagnostic#ObservableUpDownCounterAttribute.g.received.cs
      Verified: TelemetrySourceGeneratorTests.Generate_GivenLogMethodReturningValueTask_RaisesDiagnostic#ObservableUpDownCounterAttribute.g.verified.cs
    - Received: TelemetrySourceGeneratorTests.Generate_GivenLogMethodReturningValueTask_RaisesDiagnostic#StatusDescriptionAttribute.g.received.cs
      Verified: TelemetrySourceGeneratorTests.Generate_GivenLogMethodReturningValueTask_RaisesDiagnostic#StatusDescriptionAttribute.g.verified.cs
    - Received: TelemetrySourceGeneratorTests.Generate_GivenLogMethodReturningValueTask_RaisesDiagnostic#TagAttribute.g.received.cs
      Verified: TelemetrySourceGeneratorTests.Generate_GivenLogMethodReturningValueTask_RaisesDiagnostic#TagAttribute.g.verified.cs
    - Received: TelemetrySourceGeneratorTests.Generate_GivenLogMethodReturningValueTask_RaisesDiagnostic#Targets.g.received.cs
      Verified: TelemetrySourceGeneratorTests.Generate_GivenLogMethodReturningValueTask_RaisesDiagnostic#Targets.g.verified.cs
    - Received: TelemetrySourceGeneratorTests.Generate_GivenLogMethodReturningValueTask_RaisesDiagnostic#TelemetryGenerationAttribute.g.received.cs
      Verified: TelemetrySourceGeneratorTests.Generate_GivenLogMethodReturningValueTask_RaisesDiagnostic#TelemetryGenerationAttribute.g.verified.cs
    - Received: TelemetrySourceGeneratorTests.Generate_GivenLogMethodReturningValueTask_RaisesDiagnostic#Testing.InvalidTelemetryCore.Logging.g.received.cs
      Verified: TelemetrySourceGeneratorTests.Generate_GivenLogMethodReturningValueTask_RaisesDiagnostic#Testing.InvalidTelemetryCore.Logging.g.verified.cs
    - Received: TelemetrySourceGeneratorTests.Generate_GivenLogMethodReturningValueTask_RaisesDiagnostic#TraceAttribute.g.received.cs
      Verified: TelemetrySourceGeneratorTests.Generate_GivenLogMethodReturningValueTask_RaisesDiagnostic#TraceAttribute.g.verified.cs
    - Received: TelemetrySourceGeneratorTests.Generate_GivenLogMethodReturningValueTask_RaisesDiagnostic#UpDownCounterAttribute.g.received.cs
      Verified: TelemetrySourceGeneratorTests.Generate_GivenLogMethodReturningValueTask_RaisesDiagnostic#UpDownCounterAttribute.g.verified.cs
    - Received: TelemetrySourceGeneratorTests.Generate_GivenLogMethodReturningValueTask_RaisesDiagnostic#WarningAttribute.g.received.cs
      Verified: TelemetrySourceGeneratorTests.Generate_GivenLogMethodReturningValueTask_RaisesDiagnostic#WarningAttribute.g.verified.cs
  
  Standard output
    DBG: --- Adding templates.
    DBG: Adding ActivitySourceGenerationAttribute as ActivitySourceGenerationAttribute.g.cs.
    DBG: Adding ActivitySourceAttribute as ActivitySourceAttribute.g.cs.
    DBG: Adding ActivityAttribute as ActivityAttribute.g.cs.
    DBG: Adding EventAttribute as EventAttribute.g.cs.
    DBG: Adding ContextAttribute as ContextAttribute.g.cs.
    DBG: Adding BaggageAttribute as BaggageAttribute.g.cs.
    DBG: Adding EscapeAttribute as EscapeAttribute.g.cs.
    DBG: Adding StatusDescriptionAttribute as StatusDescriptionAttribute.g.cs.
    DBG: Adding LoggerGenerationAttribute as LoggerGenerationAttribute.g.cs.
    DBG: Adding LoggerAttribute as LoggerAttribute.g.cs.
    DBG: Adding LogAttribute as LogAttribute.g.cs.
    DBG: Adding LogPrefixType as LogPrefixType.g.cs.
    DBG: Adding LoggerGenerationMode as LoggerGenerationMode.g.cs.
    DBG: Adding ExpandEnumerableAttribute as ExpandEnumerableAttribute.g.cs.
    DBG: Adding TraceAttribute as TraceAttribute.g.cs.
    DBG: Adding DebugAttribute as DebugAttribute.g.cs.
    DBG: Adding InfoAttribute as InfoAttribute.g.cs.
    DBG: Adding WarningAttribute as WarningAttribute.g.cs.
    DBG: Adding ErrorAttribute as ErrorAttribute.g.cs.
    DBG: Adding CriticalAttribute as CriticalAttribute.g.cs.
    DBG: Adding MeterGenerationAttribute as MeterGenerationAttribute.g.cs.
    DBG: Adding MeterAttribute as MeterAttribute.g.cs.
    DBG: Adding MeterNameGenerationType as MeterNameGenerationType.g.cs.
    DBG: Adding InstrumentMeasurementAttribute as InstrumentMeasurementAttribute.g.cs.
    DBG: Adding AutoCounterAttribute as AutoCounterAttribute.g.cs.
    DBG: Adding CounterAttribute as CounterAttribute.g.cs.
    DBG: Adding UpDownCounterAttribute as UpDownCounterAttribute.g.cs.
    DBG: Adding HistogramAttribute as HistogramAttribute.g.cs.
    DBG: Adding ObservableCounterAttribute as ObservableCounterAttribute.g.cs.
    DBG: Adding ObservableGaugeAttribute as ObservableGaugeAttribute.g.cs.
    DBG: Adding ObservableUpDownCounterAttribute as ObservableUpDownCounterAttribute.g.cs.
    DBG: Adding TagAttribute as TagAttribute.g.cs.
    DBG: Adding ExcludeAttribute as ExcludeAttribute.g.cs.
    DBG: Adding TelemetryGenerationAttribute as TelemetryGenerationAttribute.g.cs.
    DBG: Adding Targets as Targets.g.cs.
    DBG: Adding NamingConvention as NamingConvention.g.cs.
    DBG: Adding ExcludeTargetsAttribute as ExcludeTargetsAttribute.g.cs.
    DBG: --- Finished adding templates.
    DBG: Found attribute: Purview.Telemetry.LoggerAttribute
    DBG: Found attribute: Purview.Telemetry.TelemetryGenerationAttribute(GenerateDependencyExtension = false)
    DBG: Found method IInvalidTelemetry.InvalidValueTaskReturn.
    DIA: Log method InvalidValueTaskReturn must return void or IDisposable (for scoped logs), but returns System.Threading.Tasks.ValueTask.
    DBG: Logger generation target: Testing.InvalidTelemetryCore
    DBG: Generating MS Gen-based logging class for: Testing.InvalidTelemetryCore
    DBG: Skipping dependency injection emit.
    
  Error output
failed Generate_GivenMetricMethodReturningTask_RaisesDiagnostic (6s 079ms)
  [Test Failure] VerifyException: Directory: P:\GitHub\kjldev\purview-telemetry-sourcegenerator\src\Purview.Telemetry.SourceGenerator.IntegrationTests\Snapshots
Delete:
  - TelemetrySourceGeneratorTests.Generate_GivenMetricMethodReturningTask_RaisesDiagnostic.verified.txt
Equal:
  - Received: TelemetrySourceGeneratorTests.Generate_GivenMetricMethodReturningTask_RaisesDiagnostic#ActivityAttribute.g.received.cs
    Verified: TelemetrySourceGeneratorTests.Generate_GivenMetricMethodReturningTask_RaisesDiagnostic#ActivityAttribute.g.verified.cs
  - Received: TelemetrySourceGeneratorTests.Generate_GivenMetricMethodReturningTask_RaisesDiagnostic#ActivitySourceAttribute.g.received.cs
    Verified: TelemetrySourceGeneratorTests.Generate_GivenMetricMethodReturningTask_RaisesDiagnostic#ActivitySourceAttribute.g.verified.cs
  - Received: TelemetrySourceGeneratorTests.Generate_GivenMetricMethodReturningTask_RaisesDiagnostic#ActivitySourceGenerationAttribute.g.received.cs
    Verified: TelemetrySourceGeneratorTests.Generate_GivenMetricMethodReturningTask_RaisesDiagnostic#ActivitySourceGenerationAttribute.g.verified.cs
  - Received: TelemetrySourceGeneratorTests.Generate_GivenMetricMethodReturningTask_RaisesDiagnostic#AutoCounterAttribute.g.received.cs
    Verified: TelemetrySourceGeneratorTests.Generate_GivenMetricMethodReturningTask_RaisesDiagnostic#AutoCounterAttribute.g.verified.cs
  - Received: TelemetrySourceGeneratorTests.Generate_GivenMetricMethodReturningTask_RaisesDiagnostic#BaggageAttribute.g.received.cs
    Verified: TelemetrySourceGeneratorTests.Generate_GivenMetricMethodReturningTask_RaisesDiagnostic#BaggageAttribute.g.verified.cs
  - Received: TelemetrySourceGeneratorTests.Generate_GivenMetricMethodReturningTask_RaisesDiagnostic#ContextAttribute.g.received.cs
    Verified: TelemetrySourceGeneratorTests.Generate_GivenMetricMethodReturningTask_RaisesDiagnostic#ContextAttribute.g.verified.cs
  - Received: TelemetrySourceGeneratorTests.Generate_GivenMetricMethodReturningTask_RaisesDiagnostic#CounterAttribute.g.received.cs
    Verified: TelemetrySourceGeneratorTests.Generate_GivenMetricMethodReturningTask_RaisesDiagnostic#CounterAttribute.g.verified.cs
  - Received: TelemetrySourceGeneratorTests.Generate_GivenMetricMethodReturningTask_RaisesDiagnostic#CriticalAttribute.g.received.cs
    Verified: TelemetrySourceGeneratorTests.Generate_GivenMetricMethodReturningTask_RaisesDiagnostic#CriticalAttribute.g.verified.cs
  - Received: TelemetrySourceGeneratorTests.Generate_GivenMetricMethodReturningTask_RaisesDiagnostic#DebugAttribute.g.received.cs
    Verified: TelemetrySourceGeneratorTests.Generate_GivenMetricMethodReturningTask_RaisesDiagnostic#DebugAttribute.g.verified.cs
  - Received: TelemetrySourceGeneratorTests.Generate_GivenMetricMethodReturningTask_RaisesDiagnostic#ErrorAttribute.g.received.cs
    Verified: TelemetrySourceGeneratorTests.Generate_GivenMetricMethodReturningTask_RaisesDiagnostic#ErrorAttribute.g.verified.cs
  - Received: TelemetrySourceGeneratorTests.Generate_GivenMetricMethodReturningTask_RaisesDiagnostic#EscapeAttribute.g.received.cs
    Verified: TelemetrySourceGeneratorTests.Generate_GivenMetricMethodReturningTask_RaisesDiagnostic#EscapeAttribute.g.verified.cs
  - Received: TelemetrySourceGeneratorTests.Generate_GivenMetricMethodReturningTask_RaisesDiagnostic#EventAttribute.g.received.cs
    Verified: TelemetrySourceGeneratorTests.Generate_GivenMetricMethodReturningTask_RaisesDiagnostic#EventAttribute.g.verified.cs
  - Received: TelemetrySourceGeneratorTests.Generate_GivenMetricMethodReturningTask_RaisesDiagnostic#ExcludeAttribute.g.received.cs
    Verified: TelemetrySourceGeneratorTests.Generate_GivenMetricMethodReturningTask_RaisesDiagnostic#ExcludeAttribute.g.verified.cs
  - Received: TelemetrySourceGeneratorTests.Generate_GivenMetricMethodReturningTask_RaisesDiagnostic#ExcludeTargetsAttribute.g.received.cs
    Verified: TelemetrySourceGeneratorTests.Generate_GivenMetricMethodReturningTask_RaisesDiagnostic#ExcludeTargetsAttribute.g.verified.cs
  - Received: TelemetrySourceGeneratorTests.Generate_GivenMetricMethodReturningTask_RaisesDiagnostic#ExpandEnumerableAttribute.g.received.cs
    Verified: TelemetrySourceGeneratorTests.Generate_GivenMetricMethodReturningTask_RaisesDiagnostic#ExpandEnumerableAttribute.g.verified.cs
  - Received: TelemetrySourceGeneratorTests.Generate_GivenMetricMethodReturningTask_RaisesDiagnostic#HistogramAttribute.g.received.cs
    Verified: TelemetrySourceGeneratorTests.Generate_GivenMetricMethodReturningTask_RaisesDiagnostic#HistogramAttribute.g.verified.cs
  - Received: TelemetrySourceGeneratorTests.Generate_GivenMetricMethodReturningTask_RaisesDiagnostic#InfoAttribute.g.received.cs
    Verified: TelemetrySourceGeneratorTests.Generate_GivenMetricMethodReturningTask_RaisesDiagnostic#InfoAttribute.g.verified.cs
  - Received: TelemetrySourceGeneratorTests.Generate_GivenMetricMethodReturningTask_RaisesDiagnostic#InstrumentMeasurementAttribute.g.received.cs
    Verified: TelemetrySourceGeneratorTests.Generate_GivenMetricMethodReturningTask_RaisesDiagnostic#InstrumentMeasurementAttribute.g.verified.cs
  - Received: TelemetrySourceGeneratorTests.Generate_GivenMetricMethodReturningTask_RaisesDiagnostic#LogAttribute.g.received.cs
    Verified: TelemetrySourceGeneratorTests.Generate_GivenMetricMethodReturningTask_RaisesDiagnostic#LogAttribute.g.verified.cs
  - Received: TelemetrySourceGeneratorTests.Generate_GivenMetricMethodReturningTask_RaisesDiagnostic#LoggerAttribute.g.received.cs
    Verified: TelemetrySourceGeneratorTests.Generate_GivenMetricMethodReturningTask_RaisesDiagnostic#LoggerAttribute.g.verified.cs
  - Received: TelemetrySourceGeneratorTests.Generate_GivenMetricMethodReturningTask_RaisesDiagnostic#LoggerGenerationAttribute.g.received.cs
    Verified: TelemetrySourceGeneratorTests.Generate_GivenMetricMethodReturningTask_RaisesDiagnostic#LoggerGenerationAttribute.g.verified.cs
  - Received: TelemetrySourceGeneratorTests.Generate_GivenMetricMethodReturningTask_RaisesDiagnostic#LoggerGenerationMode.g.received.cs
    Verified: TelemetrySourceGeneratorTests.Generate_GivenMetricMethodReturningTask_RaisesDiagnostic#LoggerGenerationMode.g.verified.cs
  - Received: TelemetrySourceGeneratorTests.Generate_GivenMetricMethodReturningTask_RaisesDiagnostic#LogPrefixType.g.received.cs
    Verified: TelemetrySourceGeneratorTests.Generate_GivenMetricMethodReturningTask_RaisesDiagnostic#LogPrefixType.g.verified.cs
  - Received: TelemetrySourceGeneratorTests.Generate_GivenMetricMethodReturningTask_RaisesDiagnostic#MeterAttribute.g.received.cs
    Verified: TelemetrySourceGeneratorTests.Generate_GivenMetricMethodReturningTask_RaisesDiagnostic#MeterAttribute.g.verified.cs
  - Received: TelemetrySourceGeneratorTests.Generate_GivenMetricMethodReturningTask_RaisesDiagnostic#MeterGenerationAttribute.g.received.cs
    Verified: TelemetrySourceGeneratorTests.Generate_GivenMetricMethodReturningTask_RaisesDiagnostic#MeterGenerationAttribute.g.verified.cs
  - Received: TelemetrySourceGeneratorTests.Generate_GivenMetricMethodReturningTask_RaisesDiagnostic#MeterNameGenerationType.g.received.cs
    Verified: TelemetrySourceGeneratorTests.Generate_GivenMetricMethodReturningTask_RaisesDiagnostic#MeterNameGenerationType.g.verified.cs
  - Received: TelemetrySourceGeneratorTests.Generate_GivenMetricMethodReturningTask_RaisesDiagnostic#NamingConvention.g.received.cs
    Verified: TelemetrySourceGeneratorTests.Generate_GivenMetricMethodReturningTask_RaisesDiagnostic#NamingConvention.g.verified.cs
  - Received: TelemetrySourceGeneratorTests.Generate_GivenMetricMethodReturningTask_RaisesDiagnostic#ObservableCounterAttribute.g.received.cs
    Verified: TelemetrySourceGeneratorTests.Generate_GivenMetricMethodReturningTask_RaisesDiagnostic#ObservableCounterAttribute.g.verified.cs
  - Received: TelemetrySourceGeneratorTests.Generate_GivenMetricMethodReturningTask_RaisesDiagnostic#ObservableGaugeAttribute.g.received.cs
    Verified: TelemetrySourceGeneratorTests.Generate_GivenMetricMethodReturningTask_RaisesDiagnostic#ObservableGaugeAttribute.g.verified.cs
  - Received: TelemetrySourceGeneratorTests.Generate_GivenMetricMethodReturningTask_RaisesDiagnostic#ObservableUpDownCounterAttribute.g.received.cs
    Verified: TelemetrySourceGeneratorTests.Generate_GivenMetricMethodReturningTask_RaisesDiagnostic#ObservableUpDownCounterAttribute.g.verified.cs
  - Received: TelemetrySourceGeneratorTests.Generate_GivenMetricMethodReturningTask_RaisesDiagnostic#Purview.Telemetry.SourceGenerator.TelemetryNames.g.received.cs
    Verified: TelemetrySourceGeneratorTests.Generate_GivenMetricMethodReturningTask_RaisesDiagnostic#Purview.Telemetry.SourceGenerator.TelemetryNames.g.verified.cs
  - Received: TelemetrySourceGeneratorTests.Generate_GivenMetricMethodReturningTask_RaisesDiagnostic#StatusDescriptionAttribute.g.received.cs
    Verified: TelemetrySourceGeneratorTests.Generate_GivenMetricMethodReturningTask_RaisesDiagnostic#StatusDescriptionAttribute.g.verified.cs
  - Received: TelemetrySourceGeneratorTests.Generate_GivenMetricMethodReturningTask_RaisesDiagnostic#TagAttribute.g.received.cs
    Verified: TelemetrySourceGeneratorTests.Generate_GivenMetricMethodReturningTask_RaisesDiagnostic#TagAttribute.g.verified.cs
  - Received: TelemetrySourceGeneratorTests.Generate_GivenMetricMethodReturningTask_RaisesDiagnostic#Targets.g.received.cs
    Verified: TelemetrySourceGeneratorTests.Generate_GivenMetricMethodReturningTask_RaisesDiagnostic#Targets.g.verified.cs
  - Received: TelemetrySourceGeneratorTests.Generate_GivenMetricMethodReturningTask_RaisesDiagnostic#TelemetryGenerationAttribute.g.received.cs
    Verified: TelemetrySourceGeneratorTests.Generate_GivenMetricMethodReturningTask_RaisesDiagnostic#TelemetryGenerationAttribute.g.verified.cs
  - Received: TelemetrySourceGeneratorTests.Generate_GivenMetricMethodReturningTask_RaisesDiagnostic#Testing.InvalidTelemetryCore.Metric.g.received.cs
    Verified: TelemetrySourceGeneratorTests.Generate_GivenMetricMethodReturningTask_RaisesDiagnostic#Testing.InvalidTelemetryCore.Metric.g.verified.cs
  - Received: TelemetrySourceGeneratorTests.Generate_GivenMetricMethodReturningTask_RaisesDiagnostic#TraceAttribute.g.received.cs
    Verified: TelemetrySourceGeneratorTests.Generate_GivenMetricMethodReturningTask_RaisesDiagnostic#TraceAttribute.g.verified.cs
  - Received: TelemetrySourceGeneratorTests.Generate_GivenMetricMethodReturningTask_RaisesDiagnostic#UpDownCounterAttribute.g.received.cs
    Verified: TelemetrySourceGeneratorTests.Generate_GivenMetricMethodReturningTask_RaisesDiagnostic#UpDownCounterAttribute.g.verified.cs
  - Received: TelemetrySourceGeneratorTests.Generate_GivenMetricMethodReturningTask_RaisesDiagnostic#WarningAttribute.g.received.cs
    Verified: TelemetrySourceGeneratorTests.Generate_GivenMetricMethodReturningTask_RaisesDiagnostic#WarningAttribute.g.verified.cs

  from P:\GitHub\kjldev\purview-telemetry-sourcegenerator\src\Purview.Telemetry.SourceGenerator.IntegrationTests\bin\Release\net10.0\Purview.Telemetry.SourceGenerator.IntegrationTests.dll (net10.0|x64)
  TUnit.Engine.Exceptions.TestFailedException: [Test Failure] VerifyException: Directory: P:\GitHub\kjldev\purview-telemetry-sourcegenerator\src\Purview.Telemetry.SourceGenerator.IntegrationTests\Snapshots
  Delete:
    - TelemetrySourceGeneratorTests.Generate_GivenMetricMethodReturningTask_RaisesDiagnostic.verified.txt
  Equal:
    - Received: TelemetrySourceGeneratorTests.Generate_GivenMetricMethodReturningTask_RaisesDiagnostic#ActivityAttribute.g.received.cs
      Verified: TelemetrySourceGeneratorTests.Generate_GivenMetricMethodReturningTask_RaisesDiagnostic#ActivityAttribute.g.verified.cs
    - Received: TelemetrySourceGeneratorTests.Generate_GivenMetricMethodReturningTask_RaisesDiagnostic#ActivitySourceAttribute.g.received.cs
      Verified: TelemetrySourceGeneratorTests.Generate_GivenMetricMethodReturningTask_RaisesDiagnostic#ActivitySourceAttribute.g.verified.cs
    - Received: TelemetrySourceGeneratorTests.Generate_GivenMetricMethodReturningTask_RaisesDiagnostic#ActivitySourceGenerationAttribute.g.received.cs
      Verified: TelemetrySourceGeneratorTests.Generate_GivenMetricMethodReturningTask_RaisesDiagnostic#ActivitySourceGenerationAttribute.g.verified.cs
    - Received: TelemetrySourceGeneratorTests.Generate_GivenMetricMethodReturningTask_RaisesDiagnostic#AutoCounterAttribute.g.received.cs
      Verified: TelemetrySourceGeneratorTests.Generate_GivenMetricMethodReturningTask_RaisesDiagnostic#AutoCounterAttribute.g.verified.cs
    - Received: TelemetrySourceGeneratorTests.Generate_GivenMetricMethodReturningTask_RaisesDiagnostic#BaggageAttribute.g.received.cs
      Verified: TelemetrySourceGeneratorTests.Generate_GivenMetricMethodReturningTask_RaisesDiagnostic#BaggageAttribute.g.verified.cs
    - Received: TelemetrySourceGeneratorTests.Generate_GivenMetricMethodReturningTask_RaisesDiagnostic#ContextAttribute.g.received.cs
      Verified: TelemetrySourceGeneratorTests.Generate_GivenMetricMethodReturningTask_RaisesDiagnostic#ContextAttribute.g.verified.cs
    - Received: TelemetrySourceGeneratorTests.Generate_GivenMetricMethodReturningTask_RaisesDiagnostic#CounterAttribute.g.received.cs
      Verified: TelemetrySourceGeneratorTests.Generate_GivenMetricMethodReturningTask_RaisesDiagnostic#CounterAttribute.g.verified.cs
    - Received: TelemetrySourceGeneratorTests.Generate_GivenMetricMethodReturningTask_RaisesDiagnostic#CriticalAttribute.g.received.cs
      Verified: TelemetrySourceGeneratorTests.Generate_GivenMetricMethodReturningTask_RaisesDiagnostic#CriticalAttribute.g.verified.cs
    - Received: TelemetrySourceGeneratorTests.Generate_GivenMetricMethodReturningTask_RaisesDiagnostic#DebugAttribute.g.received.cs
      Verified: TelemetrySourceGeneratorTests.Generate_GivenMetricMethodReturningTask_RaisesDiagnostic#DebugAttribute.g.verified.cs
    - Received: TelemetrySourceGeneratorTests.Generate_GivenMetricMethodReturningTask_RaisesDiagnostic#ErrorAttribute.g.received.cs
      Verified: TelemetrySourceGeneratorTests.Generate_GivenMetricMethodReturningTask_RaisesDiagnostic#ErrorAttribute.g.verified.cs
    - Received: TelemetrySourceGeneratorTests.Generate_GivenMetricMethodReturningTask_RaisesDiagnostic#EscapeAttribute.g.received.cs
      Verified: TelemetrySourceGeneratorTests.Generate_GivenMetricMethodReturningTask_RaisesDiagnostic#EscapeAttribute.g.verified.cs
    - Received: TelemetrySourceGeneratorTests.Generate_GivenMetricMethodReturningTask_RaisesDiagnostic#EventAttribute.g.received.cs
      Verified: TelemetrySourceGeneratorTests.Generate_GivenMetricMethodReturningTask_RaisesDiagnostic#EventAttribute.g.verified.cs
    - Received: TelemetrySourceGeneratorTests.Generate_GivenMetricMethodReturningTask_RaisesDiagnostic#ExcludeAttribute.g.received.cs
      Verified: TelemetrySourceGeneratorTests.Generate_GivenMetricMethodReturningTask_RaisesDiagnostic#ExcludeAttribute.g.verified.cs
    - Received: TelemetrySourceGeneratorTests.Generate_GivenMetricMethodReturningTask_RaisesDiagnostic#ExcludeTargetsAttribute.g.received.cs
      Verified: TelemetrySourceGeneratorTests.Generate_GivenMetricMethodReturningTask_RaisesDiagnostic#ExcludeTargetsAttribute.g.verified.cs
    - Received: TelemetrySourceGeneratorTests.Generate_GivenMetricMethodReturningTask_RaisesDiagnostic#ExpandEnumerableAttribute.g.received.cs
      Verified: TelemetrySourceGeneratorTests.Generate_GivenMetricMethodReturningTask_RaisesDiagnostic#ExpandEnumerableAttribute.g.verified.cs
    - Received: TelemetrySourceGeneratorTests.Generate_GivenMetricMethodReturningTask_RaisesDiagnostic#HistogramAttribute.g.received.cs
      Verified: TelemetrySourceGeneratorTests.Generate_GivenMetricMethodReturningTask_RaisesDiagnostic#HistogramAttribute.g.verified.cs
    - Received: TelemetrySourceGeneratorTests.Generate_GivenMetricMethodReturningTask_RaisesDiagnostic#InfoAttribute.g.received.cs
      Verified: TelemetrySourceGeneratorTests.Generate_GivenMetricMethodReturningTask_RaisesDiagnostic#InfoAttribute.g.verified.cs
    - Received: TelemetrySourceGeneratorTests.Generate_GivenMetricMethodReturningTask_RaisesDiagnostic#InstrumentMeasurementAttribute.g.received.cs
      Verified: TelemetrySourceGeneratorTests.Generate_GivenMetricMethodReturningTask_RaisesDiagnostic#InstrumentMeasurementAttribute.g.verified.cs
    - Received: TelemetrySourceGeneratorTests.Generate_GivenMetricMethodReturningTask_RaisesDiagnostic#LogAttribute.g.received.cs
      Verified: TelemetrySourceGeneratorTests.Generate_GivenMetricMethodReturningTask_RaisesDiagnostic#LogAttribute.g.verified.cs
    - Received: TelemetrySourceGeneratorTests.Generate_GivenMetricMethodReturningTask_RaisesDiagnostic#LoggerAttribute.g.received.cs
      Verified: TelemetrySourceGeneratorTests.Generate_GivenMetricMethodReturningTask_RaisesDiagnostic#LoggerAttribute.g.verified.cs
    - Received: TelemetrySourceGeneratorTests.Generate_GivenMetricMethodReturningTask_RaisesDiagnostic#LoggerGenerationAttribute.g.received.cs
      Verified: TelemetrySourceGeneratorTests.Generate_GivenMetricMethodReturningTask_RaisesDiagnostic#LoggerGenerationAttribute.g.verified.cs
    - Received: TelemetrySourceGeneratorTests.Generate_GivenMetricMethodReturningTask_RaisesDiagnostic#LoggerGenerationMode.g.received.cs
      Verified: TelemetrySourceGeneratorTests.Generate_GivenMetricMethodReturningTask_RaisesDiagnostic#LoggerGenerationMode.g.verified.cs
    - Received: TelemetrySourceGeneratorTests.Generate_GivenMetricMethodReturningTask_RaisesDiagnostic#LogPrefixType.g.received.cs
      Verified: TelemetrySourceGeneratorTests.Generate_GivenMetricMethodReturningTask_RaisesDiagnostic#LogPrefixType.g.verified.cs
    - Received: TelemetrySourceGeneratorTests.Generate_GivenMetricMethodReturningTask_RaisesDiagnostic#MeterAttribute.g.received.cs
      Verified: TelemetrySourceGeneratorTests.Generate_GivenMetricMethodReturningTask_RaisesDiagnostic#MeterAttribute.g.verified.cs
    - Received: TelemetrySourceGeneratorTests.Generate_GivenMetricMethodReturningTask_RaisesDiagnostic#MeterGenerationAttribute.g.received.cs
      Verified: TelemetrySourceGeneratorTests.Generate_GivenMetricMethodReturningTask_RaisesDiagnostic#MeterGenerationAttribute.g.verified.cs
    - Received: TelemetrySourceGeneratorTests.Generate_GivenMetricMethodReturningTask_RaisesDiagnostic#MeterNameGenerationType.g.received.cs
      Verified: TelemetrySourceGeneratorTests.Generate_GivenMetricMethodReturningTask_RaisesDiagnostic#MeterNameGenerationType.g.verified.cs
    - Received: TelemetrySourceGeneratorTests.Generate_GivenMetricMethodReturningTask_RaisesDiagnostic#NamingConvention.g.received.cs
      Verified: TelemetrySourceGeneratorTests.Generate_GivenMetricMethodReturningTask_RaisesDiagnostic#NamingConvention.g.verified.cs
    - Received: TelemetrySourceGeneratorTests.Generate_GivenMetricMethodReturningTask_RaisesDiagnostic#ObservableCounterAttribute.g.received.cs
      Verified: TelemetrySourceGeneratorTests.Generate_GivenMetricMethodReturningTask_RaisesDiagnostic#ObservableCounterAttribute.g.verified.cs
    - Received: TelemetrySourceGeneratorTests.Generate_GivenMetricMethodReturningTask_RaisesDiagnostic#ObservableGaugeAttribute.g.received.cs
      Verified: TelemetrySourceGeneratorTests.Generate_GivenMetricMethodReturningTask_RaisesDiagnostic#ObservableGaugeAttribute.g.verified.cs
    - Received: TelemetrySourceGeneratorTests.Generate_GivenMetricMethodReturningTask_RaisesDiagnostic#ObservableUpDownCounterAttribute.g.received.cs
      Verified: TelemetrySourceGeneratorTests.Generate_GivenMetricMethodReturningTask_RaisesDiagnostic#ObservableUpDownCounterAttribute.g.verified.cs
    - Received: TelemetrySourceGeneratorTests.Generate_GivenMetricMethodReturningTask_RaisesDiagnostic#Purview.Telemetry.SourceGenerator.TelemetryNames.g.received.cs
      Verified: TelemetrySourceGeneratorTests.Generate_GivenMetricMethodReturningTask_RaisesDiagnostic#Purview.Telemetry.SourceGenerator.TelemetryNames.g.verified.cs
    - Received: TelemetrySourceGeneratorTests.Generate_GivenMetricMethodReturningTask_RaisesDiagnostic#StatusDescriptionAttribute.g.received.cs
      Verified: TelemetrySourceGeneratorTests.Generate_GivenMetricMethodReturningTask_RaisesDiagnostic#StatusDescriptionAttribute.g.verified.cs
    - Received: TelemetrySourceGeneratorTests.Generate_GivenMetricMethodReturningTask_RaisesDiagnostic#TagAttribute.g.received.cs
      Verified: TelemetrySourceGeneratorTests.Generate_GivenMetricMethodReturningTask_RaisesDiagnostic#TagAttribute.g.verified.cs
    - Received: TelemetrySourceGeneratorTests.Generate_GivenMetricMethodReturningTask_RaisesDiagnostic#Targets.g.received.cs
      Verified: TelemetrySourceGeneratorTests.Generate_GivenMetricMethodReturningTask_RaisesDiagnostic#Targets.g.verified.cs
    - Received: TelemetrySourceGeneratorTests.Generate_GivenMetricMethodReturningTask_RaisesDiagnostic#TelemetryGenerationAttribute.g.received.cs
      Verified: TelemetrySourceGeneratorTests.Generate_GivenMetricMethodReturningTask_RaisesDiagnostic#TelemetryGenerationAttribute.g.verified.cs
    - Received: TelemetrySourceGeneratorTests.Generate_GivenMetricMethodReturningTask_RaisesDiagnostic#Testing.InvalidTelemetryCore.Metric.g.received.cs
      Verified: TelemetrySourceGeneratorTests.Generate_GivenMetricMethodReturningTask_RaisesDiagnostic#Testing.InvalidTelemetryCore.Metric.g.verified.cs
    - Received: TelemetrySourceGeneratorTests.Generate_GivenMetricMethodReturningTask_RaisesDiagnostic#TraceAttribute.g.received.cs
      Verified: TelemetrySourceGeneratorTests.Generate_GivenMetricMethodReturningTask_RaisesDiagnostic#TraceAttribute.g.verified.cs
    - Received: TelemetrySourceGeneratorTests.Generate_GivenMetricMethodReturningTask_RaisesDiagnostic#UpDownCounterAttribute.g.received.cs
      Verified: TelemetrySourceGeneratorTests.Generate_GivenMetricMethodReturningTask_RaisesDiagnostic#UpDownCounterAttribute.g.verified.cs
    - Received: TelemetrySourceGeneratorTests.Generate_GivenMetricMethodReturningTask_RaisesDiagnostic#WarningAttribute.g.received.cs
      Verified: TelemetrySourceGeneratorTests.Generate_GivenMetricMethodReturningTask_RaisesDiagnostic#WarningAttribute.g.verified.cs
  
  Standard output
    DBG: --- Adding templates.
    DBG: Adding ActivitySourceGenerationAttribute as ActivitySourceGenerationAttribute.g.cs.
    DBG: Adding ActivitySourceAttribute as ActivitySourceAttribute.g.cs.
    DBG: Adding ActivityAttribute as ActivityAttribute.g.cs.
    DBG: Adding EventAttribute as EventAttribute.g.cs.
    DBG: Adding ContextAttribute as ContextAttribute.g.cs.
    DBG: Adding BaggageAttribute as BaggageAttribute.g.cs.
    DBG: Adding EscapeAttribute as EscapeAttribute.g.cs.
    DBG: Adding StatusDescriptionAttribute as StatusDescriptionAttribute.g.cs.
    DBG: Adding LoggerGenerationAttribute as LoggerGenerationAttribute.g.cs.
    DBG: Adding LoggerAttribute as LoggerAttribute.g.cs.
    DBG: Adding LogAttribute as LogAttribute.g.cs.
    DBG: Adding LogPrefixType as LogPrefixType.g.cs.
    DBG: Adding LoggerGenerationMode as LoggerGenerationMode.g.cs.
    DBG: Adding ExpandEnumerableAttribute as ExpandEnumerableAttribute.g.cs.
    DBG: Adding TraceAttribute as TraceAttribute.g.cs.
    DBG: Adding DebugAttribute as DebugAttribute.g.cs.
    DBG: Adding InfoAttribute as InfoAttribute.g.cs.
    DBG: Adding WarningAttribute as WarningAttribute.g.cs.
    DBG: Adding ErrorAttribute as ErrorAttribute.g.cs.
    DBG: Adding CriticalAttribute as CriticalAttribute.g.cs.
    DBG: Adding MeterGenerationAttribute as MeterGenerationAttribute.g.cs.
    DBG: Adding MeterAttribute as MeterAttribute.g.cs.
    DBG: Adding MeterNameGenerationType as MeterNameGenerationType.g.cs.
    DBG: Adding InstrumentMeasurementAttribute as InstrumentMeasurementAttribute.g.cs.
    DBG: Adding AutoCounterAttribute as AutoCounterAttribute.g.cs.
    DBG: Adding CounterAttribute as CounterAttribute.g.cs.
    DBG: Adding UpDownCounterAttribute as UpDownCounterAttribute.g.cs.
    DBG: Adding HistogramAttribute as HistogramAttribute.g.cs.
    DBG: Adding ObservableCounterAttribute as ObservableCounterAttribute.g.cs.
    DBG: Adding ObservableGaugeAttribute as ObservableGaugeAttribute.g.cs.
    DBG: Adding ObservableUpDownCounterAttribute as ObservableUpDownCounterAttribute.g.cs.
    DBG: Adding TagAttribute as TagAttribute.g.cs.
    DBG: Adding ExcludeAttribute as ExcludeAttribute.g.cs.
    DBG: Adding TelemetryGenerationAttribute as TelemetryGenerationAttribute.g.cs.
    DBG: Adding Targets as Targets.g.cs.
    DBG: Adding NamingConvention as NamingConvention.g.cs.
    DBG: Adding ExcludeTargetsAttribute as ExcludeTargetsAttribute.g.cs.
    DBG: --- Finished adding templates.
    DBG: Found attribute: Purview.Telemetry.MeterAttribute("testing-meter")
    DBG: Found attribute: Purview.Telemetry.TelemetryGenerationAttribute(GenerateDependencyExtension = false)
    DBG: Found possible instrument method IInvalidTelemetry.InvalidAsyncCounter.
    DBG: Found attribute: Purview.Telemetry.CounterAttribute
    DBG: Found valid instrument type: int
    DBG: Meter generation target: Testing.InvalidTelemetryCore
    DBG: Generating metric class for: Testing.InvalidTelemetryCore
    DBG: Emitting fields for InvalidTelemetryCore
    DBG: Emitting partial method for populating tags: PopulateMeterTags.
    DBG: Emitting instrument method: InvalidAsyncCounter.
    DBG: Skipping dependency injection emit.
    DBG: Found attribute: Purview.Telemetry.MeterAttribute("testing-meter")
    DBG: Found attribute: Purview.Telemetry.TelemetryGenerationAttribute(GenerateDependencyExtension = false)
    DBG: Found possible instrument method IInvalidTelemetry.InvalidAsyncCounter.
    DBG: Found attribute: Purview.Telemetry.CounterAttribute
    DBG: Found valid instrument type: int
    DBG: Generating Telemetry Names using class 'TelemetryNames'.
    
  Error output
failed Generate_GivenLogMethodReturningTask_RaisesDiagnostic (5s 756ms)
  [Test Failure] VerifyException: Directory: P:\GitHub\kjldev\purview-telemetry-sourcegenerator\src\Purview.Telemetry.SourceGenerator.IntegrationTests\Snapshots
Delete:
  - TelemetrySourceGeneratorTests.Generate_GivenLogMethodReturningTask_RaisesDiagnostic.verified.txt
Equal:
  - Received: TelemetrySourceGeneratorTests.Generate_GivenLogMethodReturningTask_RaisesDiagnostic#ActivityAttribute.g.received.cs
    Verified: TelemetrySourceGeneratorTests.Generate_GivenLogMethodReturningTask_RaisesDiagnostic#ActivityAttribute.g.verified.cs
  - Received: TelemetrySourceGeneratorTests.Generate_GivenLogMethodReturningTask_RaisesDiagnostic#ActivitySourceAttribute.g.received.cs
    Verified: TelemetrySourceGeneratorTests.Generate_GivenLogMethodReturningTask_RaisesDiagnostic#ActivitySourceAttribute.g.verified.cs
  - Received: TelemetrySourceGeneratorTests.Generate_GivenLogMethodReturningTask_RaisesDiagnostic#ActivitySourceGenerationAttribute.g.received.cs
    Verified: TelemetrySourceGeneratorTests.Generate_GivenLogMethodReturningTask_RaisesDiagnostic#ActivitySourceGenerationAttribute.g.verified.cs
  - Received: TelemetrySourceGeneratorTests.Generate_GivenLogMethodReturningTask_RaisesDiagnostic#AutoCounterAttribute.g.received.cs
    Verified: TelemetrySourceGeneratorTests.Generate_GivenLogMethodReturningTask_RaisesDiagnostic#AutoCounterAttribute.g.verified.cs
  - Received: TelemetrySourceGeneratorTests.Generate_GivenLogMethodReturningTask_RaisesDiagnostic#BaggageAttribute.g.received.cs
    Verified: TelemetrySourceGeneratorTests.Generate_GivenLogMethodReturningTask_RaisesDiagnostic#BaggageAttribute.g.verified.cs
  - Received: TelemetrySourceGeneratorTests.Generate_GivenLogMethodReturningTask_RaisesDiagnostic#ContextAttribute.g.received.cs
    Verified: TelemetrySourceGeneratorTests.Generate_GivenLogMethodReturningTask_RaisesDiagnostic#ContextAttribute.g.verified.cs
  - Received: TelemetrySourceGeneratorTests.Generate_GivenLogMethodReturningTask_RaisesDiagnostic#CounterAttribute.g.received.cs
    Verified: TelemetrySourceGeneratorTests.Generate_GivenLogMethodReturningTask_RaisesDiagnostic#CounterAttribute.g.verified.cs
  - Received: TelemetrySourceGeneratorTests.Generate_GivenLogMethodReturningTask_RaisesDiagnostic#CriticalAttribute.g.received.cs
    Verified: TelemetrySourceGeneratorTests.Generate_GivenLogMethodReturningTask_RaisesDiagnostic#CriticalAttribute.g.verified.cs
  - Received: TelemetrySourceGeneratorTests.Generate_GivenLogMethodReturningTask_RaisesDiagnostic#DebugAttribute.g.received.cs
    Verified: TelemetrySourceGeneratorTests.Generate_GivenLogMethodReturningTask_RaisesDiagnostic#DebugAttribute.g.verified.cs
  - Received: TelemetrySourceGeneratorTests.Generate_GivenLogMethodReturningTask_RaisesDiagnostic#ErrorAttribute.g.received.cs
    Verified: TelemetrySourceGeneratorTests.Generate_GivenLogMethodReturningTask_RaisesDiagnostic#ErrorAttribute.g.verified.cs
  - Received: TelemetrySourceGeneratorTests.Generate_GivenLogMethodReturningTask_RaisesDiagnostic#EscapeAttribute.g.received.cs
    Verified: TelemetrySourceGeneratorTests.Generate_GivenLogMethodReturningTask_RaisesDiagnostic#EscapeAttribute.g.verified.cs
  - Received: TelemetrySourceGeneratorTests.Generate_GivenLogMethodReturningTask_RaisesDiagnostic#EventAttribute.g.received.cs
    Verified: TelemetrySourceGeneratorTests.Generate_GivenLogMethodReturningTask_RaisesDiagnostic#EventAttribute.g.verified.cs
  - Received: TelemetrySourceGeneratorTests.Generate_GivenLogMethodReturningTask_RaisesDiagnostic#ExcludeAttribute.g.received.cs
    Verified: TelemetrySourceGeneratorTests.Generate_GivenLogMethodReturningTask_RaisesDiagnostic#ExcludeAttribute.g.verified.cs
  - Received: TelemetrySourceGeneratorTests.Generate_GivenLogMethodReturningTask_RaisesDiagnostic#ExcludeTargetsAttribute.g.received.cs
    Verified: TelemetrySourceGeneratorTests.Generate_GivenLogMethodReturningTask_RaisesDiagnostic#ExcludeTargetsAttribute.g.verified.cs
  - Received: TelemetrySourceGeneratorTests.Generate_GivenLogMethodReturningTask_RaisesDiagnostic#ExpandEnumerableAttribute.g.received.cs
    Verified: TelemetrySourceGeneratorTests.Generate_GivenLogMethodReturningTask_RaisesDiagnostic#ExpandEnumerableAttribute.g.verified.cs
  - Received: TelemetrySourceGeneratorTests.Generate_GivenLogMethodReturningTask_RaisesDiagnostic#HistogramAttribute.g.received.cs
    Verified: TelemetrySourceGeneratorTests.Generate_GivenLogMethodReturningTask_RaisesDiagnostic#HistogramAttribute.g.verified.cs
  - Received: TelemetrySourceGeneratorTests.Generate_GivenLogMethodReturningTask_RaisesDiagnostic#InfoAttribute.g.received.cs
    Verified: TelemetrySourceGeneratorTests.Generate_GivenLogMethodReturningTask_RaisesDiagnostic#InfoAttribute.g.verified.cs
  - Received: TelemetrySourceGeneratorTests.Generate_GivenLogMethodReturningTask_RaisesDiagnostic#InstrumentMeasurementAttribute.g.received.cs
    Verified: TelemetrySourceGeneratorTests.Generate_GivenLogMethodReturningTask_RaisesDiagnostic#InstrumentMeasurementAttribute.g.verified.cs
  - Received: TelemetrySourceGeneratorTests.Generate_GivenLogMethodReturningTask_RaisesDiagnostic#LogAttribute.g.received.cs
    Verified: TelemetrySourceGeneratorTests.Generate_GivenLogMethodReturningTask_RaisesDiagnostic#LogAttribute.g.verified.cs
  - Received: TelemetrySourceGeneratorTests.Generate_GivenLogMethodReturningTask_RaisesDiagnostic#LoggerAttribute.g.received.cs
    Verified: TelemetrySourceGeneratorTests.Generate_GivenLogMethodReturningTask_RaisesDiagnostic#LoggerAttribute.g.verified.cs
  - Received: TelemetrySourceGeneratorTests.Generate_GivenLogMethodReturningTask_RaisesDiagnostic#LoggerGenerationAttribute.g.received.cs
    Verified: TelemetrySourceGeneratorTests.Generate_GivenLogMethodReturningTask_RaisesDiagnostic#LoggerGenerationAttribute.g.verified.cs
  - Received: TelemetrySourceGeneratorTests.Generate_GivenLogMethodReturningTask_RaisesDiagnostic#LoggerGenerationMode.g.received.cs
    Verified: TelemetrySourceGeneratorTests.Generate_GivenLogMethodReturningTask_RaisesDiagnostic#LoggerGenerationMode.g.verified.cs
  - Received: TelemetrySourceGeneratorTests.Generate_GivenLogMethodReturningTask_RaisesDiagnostic#LogPrefixType.g.received.cs
    Verified: TelemetrySourceGeneratorTests.Generate_GivenLogMethodReturningTask_RaisesDiagnostic#LogPrefixType.g.verified.cs
  - Received: TelemetrySourceGeneratorTests.Generate_GivenLogMethodReturningTask_RaisesDiagnostic#MeterAttribute.g.received.cs
    Verified: TelemetrySourceGeneratorTests.Generate_GivenLogMethodReturningTask_RaisesDiagnostic#MeterAttribute.g.verified.cs
  - Received: TelemetrySourceGeneratorTests.Generate_GivenLogMethodReturningTask_RaisesDiagnostic#MeterGenerationAttribute.g.received.cs
    Verified: TelemetrySourceGeneratorTests.Generate_GivenLogMethodReturningTask_RaisesDiagnostic#MeterGenerationAttribute.g.verified.cs
  - Received: TelemetrySourceGeneratorTests.Generate_GivenLogMethodReturningTask_RaisesDiagnostic#MeterNameGenerationType.g.received.cs
    Verified: TelemetrySourceGeneratorTests.Generate_GivenLogMethodReturningTask_RaisesDiagnostic#MeterNameGenerationType.g.verified.cs
  - Received: TelemetrySourceGeneratorTests.Generate_GivenLogMethodReturningTask_RaisesDiagnostic#NamingConvention.g.received.cs
    Verified: TelemetrySourceGeneratorTests.Generate_GivenLogMethodReturningTask_RaisesDiagnostic#NamingConvention.g.verified.cs
  - Received: TelemetrySourceGeneratorTests.Generate_GivenLogMethodReturningTask_RaisesDiagnostic#ObservableCounterAttribute.g.received.cs
    Verified: TelemetrySourceGeneratorTests.Generate_GivenLogMethodReturningTask_RaisesDiagnostic#ObservableCounterAttribute.g.verified.cs
  - Received: TelemetrySourceGeneratorTests.Generate_GivenLogMethodReturningTask_RaisesDiagnostic#ObservableGaugeAttribute.g.received.cs
    Verified: TelemetrySourceGeneratorTests.Generate_GivenLogMethodReturningTask_RaisesDiagnostic#ObservableGaugeAttribute.g.verified.cs
  - Received: TelemetrySourceGeneratorTests.Generate_GivenLogMethodReturningTask_RaisesDiagnostic#ObservableUpDownCounterAttribute.g.received.cs
    Verified: TelemetrySourceGeneratorTests.Generate_GivenLogMethodReturningTask_RaisesDiagnostic#ObservableUpDownCounterAttribute.g.verified.cs
  - Received: TelemetrySourceGeneratorTests.Generate_GivenLogMethodReturningTask_RaisesDiagnostic#StatusDescriptionAttribute.g.received.cs
    Verified: TelemetrySourceGeneratorTests.Generate_GivenLogMethodReturningTask_RaisesDiagnostic#StatusDescriptionAttribute.g.verified.cs
  - Received: TelemetrySourceGeneratorTests.Generate_GivenLogMethodReturningTask_RaisesDiagnostic#TagAttribute.g.received.cs
    Verified: TelemetrySourceGeneratorTests.Generate_GivenLogMethodReturningTask_RaisesDiagnostic#TagAttribute.g.verified.cs
  - Received: TelemetrySourceGeneratorTests.Generate_GivenLogMethodReturningTask_RaisesDiagnostic#Targets.g.received.cs
    Verified: TelemetrySourceGeneratorTests.Generate_GivenLogMethodReturningTask_RaisesDiagnostic#Targets.g.verified.cs
  - Received: TelemetrySourceGeneratorTests.Generate_GivenLogMethodReturningTask_RaisesDiagnostic#TelemetryGenerationAttribute.g.received.cs
    Verified: TelemetrySourceGeneratorTests.Generate_GivenLogMethodReturningTask_RaisesDiagnostic#TelemetryGenerationAttribute.g.verified.cs
  - Received: TelemetrySourceGeneratorTests.Generate_GivenLogMethodReturningTask_RaisesDiagnostic#Testing.InvalidTelemetryCore.Logging.g.received.cs
    Verified: TelemetrySourceGeneratorTests.Generate_GivenLogMethodReturningTask_RaisesDiagnostic#Testing.InvalidTelemetryCore.Logging.g.verified.cs
  - Received: TelemetrySourceGeneratorTests.Generate_GivenLogMethodReturningTask_RaisesDiagnostic#TraceAttribute.g.received.cs
    Verified: TelemetrySourceGeneratorTests.Generate_GivenLogMethodReturningTask_RaisesDiagnostic#TraceAttribute.g.verified.cs
  - Received: TelemetrySourceGeneratorTests.Generate_GivenLogMethodReturningTask_RaisesDiagnostic#UpDownCounterAttribute.g.received.cs
    Verified: TelemetrySourceGeneratorTests.Generate_GivenLogMethodReturningTask_RaisesDiagnostic#UpDownCounterAttribute.g.verified.cs
  - Received: TelemetrySourceGeneratorTests.Generate_GivenLogMethodReturningTask_RaisesDiagnostic#WarningAttribute.g.received.cs
    Verified: TelemetrySourceGeneratorTests.Generate_GivenLogMethodReturningTask_RaisesDiagnostic#WarningAttribute.g.verified.cs

  from P:\GitHub\kjldev\purview-telemetry-sourcegenerator\src\Purview.Telemetry.SourceGenerator.IntegrationTests\bin\Release\net10.0\Purview.Telemetry.SourceGenerator.IntegrationTests.dll (net10.0|x64)
  TUnit.Engine.Exceptions.TestFailedException: [Test Failure] VerifyException: Directory: P:\GitHub\kjldev\purview-telemetry-sourcegenerator\src\Purview.Telemetry.SourceGenerator.IntegrationTests\Snapshots
  Delete:
    - TelemetrySourceGeneratorTests.Generate_GivenLogMethodReturningTask_RaisesDiagnostic.verified.txt
  Equal:
    - Received: TelemetrySourceGeneratorTests.Generate_GivenLogMethodReturningTask_RaisesDiagnostic#ActivityAttribute.g.received.cs
      Verified: TelemetrySourceGeneratorTests.Generate_GivenLogMethodReturningTask_RaisesDiagnostic#ActivityAttribute.g.verified.cs
    - Received: TelemetrySourceGeneratorTests.Generate_GivenLogMethodReturningTask_RaisesDiagnostic#ActivitySourceAttribute.g.received.cs
      Verified: TelemetrySourceGeneratorTests.Generate_GivenLogMethodReturningTask_RaisesDiagnostic#ActivitySourceAttribute.g.verified.cs
    - Received: TelemetrySourceGeneratorTests.Generate_GivenLogMethodReturningTask_RaisesDiagnostic#ActivitySourceGenerationAttribute.g.received.cs
      Verified: TelemetrySourceGeneratorTests.Generate_GivenLogMethodReturningTask_RaisesDiagnostic#ActivitySourceGenerationAttribute.g.verified.cs
    - Received: TelemetrySourceGeneratorTests.Generate_GivenLogMethodReturningTask_RaisesDiagnostic#AutoCounterAttribute.g.received.cs
      Verified: TelemetrySourceGeneratorTests.Generate_GivenLogMethodReturningTask_RaisesDiagnostic#AutoCounterAttribute.g.verified.cs
    - Received: TelemetrySourceGeneratorTests.Generate_GivenLogMethodReturningTask_RaisesDiagnostic#BaggageAttribute.g.received.cs
      Verified: TelemetrySourceGeneratorTests.Generate_GivenLogMethodReturningTask_RaisesDiagnostic#BaggageAttribute.g.verified.cs
    - Received: TelemetrySourceGeneratorTests.Generate_GivenLogMethodReturningTask_RaisesDiagnostic#ContextAttribute.g.received.cs
      Verified: TelemetrySourceGeneratorTests.Generate_GivenLogMethodReturningTask_RaisesDiagnostic#ContextAttribute.g.verified.cs
    - Received: TelemetrySourceGeneratorTests.Generate_GivenLogMethodReturningTask_RaisesDiagnostic#CounterAttribute.g.received.cs
      Verified: TelemetrySourceGeneratorTests.Generate_GivenLogMethodReturningTask_RaisesDiagnostic#CounterAttribute.g.verified.cs
    - Received: TelemetrySourceGeneratorTests.Generate_GivenLogMethodReturningTask_RaisesDiagnostic#CriticalAttribute.g.received.cs
      Verified: TelemetrySourceGeneratorTests.Generate_GivenLogMethodReturningTask_RaisesDiagnostic#CriticalAttribute.g.verified.cs
    - Received: TelemetrySourceGeneratorTests.Generate_GivenLogMethodReturningTask_RaisesDiagnostic#DebugAttribute.g.received.cs
      Verified: TelemetrySourceGeneratorTests.Generate_GivenLogMethodReturningTask_RaisesDiagnostic#DebugAttribute.g.verified.cs
    - Received: TelemetrySourceGeneratorTests.Generate_GivenLogMethodReturningTask_RaisesDiagnostic#ErrorAttribute.g.received.cs
      Verified: TelemetrySourceGeneratorTests.Generate_GivenLogMethodReturningTask_RaisesDiagnostic#ErrorAttribute.g.verified.cs
    - Received: TelemetrySourceGeneratorTests.Generate_GivenLogMethodReturningTask_RaisesDiagnostic#EscapeAttribute.g.received.cs
      Verified: TelemetrySourceGeneratorTests.Generate_GivenLogMethodReturningTask_RaisesDiagnostic#EscapeAttribute.g.verified.cs
    - Received: TelemetrySourceGeneratorTests.Generate_GivenLogMethodReturningTask_RaisesDiagnostic#EventAttribute.g.received.cs
      Verified: TelemetrySourceGeneratorTests.Generate_GivenLogMethodReturningTask_RaisesDiagnostic#EventAttribute.g.verified.cs
    - Received: TelemetrySourceGeneratorTests.Generate_GivenLogMethodReturningTask_RaisesDiagnostic#ExcludeAttribute.g.received.cs
      Verified: TelemetrySourceGeneratorTests.Generate_GivenLogMethodReturningTask_RaisesDiagnostic#ExcludeAttribute.g.verified.cs
    - Received: TelemetrySourceGeneratorTests.Generate_GivenLogMethodReturningTask_RaisesDiagnostic#ExcludeTargetsAttribute.g.received.cs
      Verified: TelemetrySourceGeneratorTests.Generate_GivenLogMethodReturningTask_RaisesDiagnostic#ExcludeTargetsAttribute.g.verified.cs
    - Received: TelemetrySourceGeneratorTests.Generate_GivenLogMethodReturningTask_RaisesDiagnostic#ExpandEnumerableAttribute.g.received.cs
      Verified: TelemetrySourceGeneratorTests.Generate_GivenLogMethodReturningTask_RaisesDiagnostic#ExpandEnumerableAttribute.g.verified.cs
    - Received: TelemetrySourceGeneratorTests.Generate_GivenLogMethodReturningTask_RaisesDiagnostic#HistogramAttribute.g.received.cs
      Verified: TelemetrySourceGeneratorTests.Generate_GivenLogMethodReturningTask_RaisesDiagnostic#HistogramAttribute.g.verified.cs
    - Received: TelemetrySourceGeneratorTests.Generate_GivenLogMethodReturningTask_RaisesDiagnostic#InfoAttribute.g.received.cs
      Verified: TelemetrySourceGeneratorTests.Generate_GivenLogMethodReturningTask_RaisesDiagnostic#InfoAttribute.g.verified.cs
    - Received: TelemetrySourceGeneratorTests.Generate_GivenLogMethodReturningTask_RaisesDiagnostic#InstrumentMeasurementAttribute.g.received.cs
      Verified: TelemetrySourceGeneratorTests.Generate_GivenLogMethodReturningTask_RaisesDiagnostic#InstrumentMeasurementAttribute.g.verified.cs
    - Received: TelemetrySourceGeneratorTests.Generate_GivenLogMethodReturningTask_RaisesDiagnostic#LogAttribute.g.received.cs
      Verified: TelemetrySourceGeneratorTests.Generate_GivenLogMethodReturningTask_RaisesDiagnostic#LogAttribute.g.verified.cs
    - Received: TelemetrySourceGeneratorTests.Generate_GivenLogMethodReturningTask_RaisesDiagnostic#LoggerAttribute.g.received.cs
      Verified: TelemetrySourceGeneratorTests.Generate_GivenLogMethodReturningTask_RaisesDiagnostic#LoggerAttribute.g.verified.cs
    - Received: TelemetrySourceGeneratorTests.Generate_GivenLogMethodReturningTask_RaisesDiagnostic#LoggerGenerationAttribute.g.received.cs
      Verified: TelemetrySourceGeneratorTests.Generate_GivenLogMethodReturningTask_RaisesDiagnostic#LoggerGenerationAttribute.g.verified.cs
    - Received: TelemetrySourceGeneratorTests.Generate_GivenLogMethodReturningTask_RaisesDiagnostic#LoggerGenerationMode.g.received.cs
      Verified: TelemetrySourceGeneratorTests.Generate_GivenLogMethodReturningTask_RaisesDiagnostic#LoggerGenerationMode.g.verified.cs
    - Received: TelemetrySourceGeneratorTests.Generate_GivenLogMethodReturningTask_RaisesDiagnostic#LogPrefixType.g.received.cs
      Verified: TelemetrySourceGeneratorTests.Generate_GivenLogMethodReturningTask_RaisesDiagnostic#LogPrefixType.g.verified.cs
    - Received: TelemetrySourceGeneratorTests.Generate_GivenLogMethodReturningTask_RaisesDiagnostic#MeterAttribute.g.received.cs
      Verified: TelemetrySourceGeneratorTests.Generate_GivenLogMethodReturningTask_RaisesDiagnostic#MeterAttribute.g.verified.cs
    - Received: TelemetrySourceGeneratorTests.Generate_GivenLogMethodReturningTask_RaisesDiagnostic#MeterGenerationAttribute.g.received.cs
      Verified: TelemetrySourceGeneratorTests.Generate_GivenLogMethodReturningTask_RaisesDiagnostic#MeterGenerationAttribute.g.verified.cs
    - Received: TelemetrySourceGeneratorTests.Generate_GivenLogMethodReturningTask_RaisesDiagnostic#MeterNameGenerationType.g.received.cs
      Verified: TelemetrySourceGeneratorTests.Generate_GivenLogMethodReturningTask_RaisesDiagnostic#MeterNameGenerationType.g.verified.cs
    - Received: TelemetrySourceGeneratorTests.Generate_GivenLogMethodReturningTask_RaisesDiagnostic#NamingConvention.g.received.cs
      Verified: TelemetrySourceGeneratorTests.Generate_GivenLogMethodReturningTask_RaisesDiagnostic#NamingConvention.g.verified.cs
    - Received: TelemetrySourceGeneratorTests.Generate_GivenLogMethodReturningTask_RaisesDiagnostic#ObservableCounterAttribute.g.received.cs
      Verified: TelemetrySourceGeneratorTests.Generate_GivenLogMethodReturningTask_RaisesDiagnostic#ObservableCounterAttribute.g.verified.cs
    - Received: TelemetrySourceGeneratorTests.Generate_GivenLogMethodReturningTask_RaisesDiagnostic#ObservableGaugeAttribute.g.received.cs
      Verified: TelemetrySourceGeneratorTests.Generate_GivenLogMethodReturningTask_RaisesDiagnostic#ObservableGaugeAttribute.g.verified.cs
    - Received: TelemetrySourceGeneratorTests.Generate_GivenLogMethodReturningTask_RaisesDiagnostic#ObservableUpDownCounterAttribute.g.received.cs
      Verified: TelemetrySourceGeneratorTests.Generate_GivenLogMethodReturningTask_RaisesDiagnostic#ObservableUpDownCounterAttribute.g.verified.cs
    - Received: TelemetrySourceGeneratorTests.Generate_GivenLogMethodReturningTask_RaisesDiagnostic#StatusDescriptionAttribute.g.received.cs
      Verified: TelemetrySourceGeneratorTests.Generate_GivenLogMethodReturningTask_RaisesDiagnostic#StatusDescriptionAttribute.g.verified.cs
    - Received: TelemetrySourceGeneratorTests.Generate_GivenLogMethodReturningTask_RaisesDiagnostic#TagAttribute.g.received.cs
      Verified: TelemetrySourceGeneratorTests.Generate_GivenLogMethodReturningTask_RaisesDiagnostic#TagAttribute.g.verified.cs
    - Received: TelemetrySourceGeneratorTests.Generate_GivenLogMethodReturningTask_RaisesDiagnostic#Targets.g.received.cs
      Verified: TelemetrySourceGeneratorTests.Generate_GivenLogMethodReturningTask_RaisesDiagnostic#Targets.g.verified.cs
    - Received: TelemetrySourceGeneratorTests.Generate_GivenLogMethodReturningTask_RaisesDiagnostic#TelemetryGenerationAttribute.g.received.cs
      Verified: TelemetrySourceGeneratorTests.Generate_GivenLogMethodReturningTask_RaisesDiagnostic#TelemetryGenerationAttribute.g.verified.cs
    - Received: TelemetrySourceGeneratorTests.Generate_GivenLogMethodReturningTask_RaisesDiagnostic#Testing.InvalidTelemetryCore.Logging.g.received.cs
      Verified: TelemetrySourceGeneratorTests.Generate_GivenLogMethodReturningTask_RaisesDiagnostic#Testing.InvalidTelemetryCore.Logging.g.verified.cs
    - Received: TelemetrySourceGeneratorTests.Generate_GivenLogMethodReturningTask_RaisesDiagnostic#TraceAttribute.g.received.cs
      Verified: TelemetrySourceGeneratorTests.Generate_GivenLogMethodReturningTask_RaisesDiagnostic#TraceAttribute.g.verified.cs
    - Received: TelemetrySourceGeneratorTests.Generate_GivenLogMethodReturningTask_RaisesDiagnostic#UpDownCounterAttribute.g.received.cs
      Verified: TelemetrySourceGeneratorTests.Generate_GivenLogMethodReturningTask_RaisesDiagnostic#UpDownCounterAttribute.g.verified.cs
    - Received: TelemetrySourceGeneratorTests.Generate_GivenLogMethodReturningTask_RaisesDiagnostic#WarningAttribute.g.received.cs
      Verified: TelemetrySourceGeneratorTests.Generate_GivenLogMethodReturningTask_RaisesDiagnostic#WarningAttribute.g.verified.cs
  
  Standard output
    DBG: --- Adding templates.
    DBG: Adding ActivitySourceGenerationAttribute as ActivitySourceGenerationAttribute.g.cs.
    DBG: Adding ActivitySourceAttribute as ActivitySourceAttribute.g.cs.
    DBG: Adding ActivityAttribute as ActivityAttribute.g.cs.
    DBG: Adding EventAttribute as EventAttribute.g.cs.
    DBG: Adding ContextAttribute as ContextAttribute.g.cs.
    DBG: Adding BaggageAttribute as BaggageAttribute.g.cs.
    DBG: Adding EscapeAttribute as EscapeAttribute.g.cs.
    DBG: Adding StatusDescriptionAttribute as StatusDescriptionAttribute.g.cs.
    DBG: Adding LoggerGenerationAttribute as LoggerGenerationAttribute.g.cs.
    DBG: Adding LoggerAttribute as LoggerAttribute.g.cs.
    DBG: Adding LogAttribute as LogAttribute.g.cs.
    DBG: Adding LogPrefixType as LogPrefixType.g.cs.
    DBG: Adding LoggerGenerationMode as LoggerGenerationMode.g.cs.
    DBG: Adding ExpandEnumerableAttribute as ExpandEnumerableAttribute.g.cs.
    DBG: Adding TraceAttribute as TraceAttribute.g.cs.
    DBG: Adding DebugAttribute as DebugAttribute.g.cs.
    DBG: Adding InfoAttribute as InfoAttribute.g.cs.
    DBG: Adding WarningAttribute as WarningAttribute.g.cs.
    DBG: Adding ErrorAttribute as ErrorAttribute.g.cs.
    DBG: Adding CriticalAttribute as CriticalAttribute.g.cs.
    DBG: Adding MeterGenerationAttribute as MeterGenerationAttribute.g.cs.
    DBG: Adding MeterAttribute as MeterAttribute.g.cs.
    DBG: Adding MeterNameGenerationType as MeterNameGenerationType.g.cs.
    DBG: Adding InstrumentMeasurementAttribute as InstrumentMeasurementAttribute.g.cs.
    DBG: Adding AutoCounterAttribute as AutoCounterAttribute.g.cs.
    DBG: Adding CounterAttribute as CounterAttribute.g.cs.
    DBG: Adding UpDownCounterAttribute as UpDownCounterAttribute.g.cs.
    DBG: Adding HistogramAttribute as HistogramAttribute.g.cs.
    DBG: Adding ObservableCounterAttribute as ObservableCounterAttribute.g.cs.
    DBG: Adding ObservableGaugeAttribute as ObservableGaugeAttribute.g.cs.
    DBG: Adding ObservableUpDownCounterAttribute as ObservableUpDownCounterAttribute.g.cs.
    DBG: Adding TagAttribute as TagAttribute.g.cs.
    DBG: Adding ExcludeAttribute as ExcludeAttribute.g.cs.
    DBG: Adding TelemetryGenerationAttribute as TelemetryGenerationAttribute.g.cs.
    DBG: Adding Targets as Targets.g.cs.
    DBG: Adding NamingConvention as NamingConvention.g.cs.
    DBG: Adding ExcludeTargetsAttribute as ExcludeTargetsAttribute.g.cs.
    DBG: --- Finished adding templates.
    DBG: Found attribute: Purview.Telemetry.LoggerAttribute
    DBG: Found attribute: Purview.Telemetry.TelemetryGenerationAttribute(GenerateDependencyExtension = false)
    DBG: Found method IInvalidTelemetry.InvalidTaskReturn.
    DIA: Log method InvalidTaskReturn must return void or IDisposable (for scoped logs), but returns System.Threading.Tasks.Task.
    DBG: Logger generation target: Testing.InvalidTelemetryCore
    DBG: Generating MS Gen-based logging class for: Testing.InvalidTelemetryCore
    DBG: Skipping dependency injection emit.
    
  Error output
failed Generate_GivenDuplicateMetricsMethodNames_GeneratesDiagnostic (5s 772ms)
  [Test Failure] VerifyException: Directory: P:\GitHub\kjldev\purview-telemetry-sourcegenerator\src\Purview.Telemetry.SourceGenerator.IntegrationTests\Snapshots
Delete:
  - TelemetrySourceGeneratorTests.Generate_GivenDuplicateMetricsMethodNames_GeneratesDiagnostic.verified.txt
Equal:
  - Received: TelemetrySourceGeneratorTests.Generate_GivenDuplicateMetricsMethodNames_GeneratesDiagnostic#ActivityAttribute.g.received.cs
    Verified: TelemetrySourceGeneratorTests.Generate_GivenDuplicateMetricsMethodNames_GeneratesDiagnostic#ActivityAttribute.g.verified.cs
  - Received: TelemetrySourceGeneratorTests.Generate_GivenDuplicateMetricsMethodNames_GeneratesDiagnostic#ActivitySourceAttribute.g.received.cs
    Verified: TelemetrySourceGeneratorTests.Generate_GivenDuplicateMetricsMethodNames_GeneratesDiagnostic#ActivitySourceAttribute.g.verified.cs
  - Received: TelemetrySourceGeneratorTests.Generate_GivenDuplicateMetricsMethodNames_GeneratesDiagnostic#ActivitySourceGenerationAttribute.g.received.cs
    Verified: TelemetrySourceGeneratorTests.Generate_GivenDuplicateMetricsMethodNames_GeneratesDiagnostic#ActivitySourceGenerationAttribute.g.verified.cs
  - Received: TelemetrySourceGeneratorTests.Generate_GivenDuplicateMetricsMethodNames_GeneratesDiagnostic#AutoCounterAttribute.g.received.cs
    Verified: TelemetrySourceGeneratorTests.Generate_GivenDuplicateMetricsMethodNames_GeneratesDiagnostic#AutoCounterAttribute.g.verified.cs
  - Received: TelemetrySourceGeneratorTests.Generate_GivenDuplicateMetricsMethodNames_GeneratesDiagnostic#BaggageAttribute.g.received.cs
    Verified: TelemetrySourceGeneratorTests.Generate_GivenDuplicateMetricsMethodNames_GeneratesDiagnostic#BaggageAttribute.g.verified.cs
  - Received: TelemetrySourceGeneratorTests.Generate_GivenDuplicateMetricsMethodNames_GeneratesDiagnostic#ContextAttribute.g.received.cs
    Verified: TelemetrySourceGeneratorTests.Generate_GivenDuplicateMetricsMethodNames_GeneratesDiagnostic#ContextAttribute.g.verified.cs
  - Received: TelemetrySourceGeneratorTests.Generate_GivenDuplicateMetricsMethodNames_GeneratesDiagnostic#CounterAttribute.g.received.cs
    Verified: TelemetrySourceGeneratorTests.Generate_GivenDuplicateMetricsMethodNames_GeneratesDiagnostic#CounterAttribute.g.verified.cs
  - Received: TelemetrySourceGeneratorTests.Generate_GivenDuplicateMetricsMethodNames_GeneratesDiagnostic#CriticalAttribute.g.received.cs
    Verified: TelemetrySourceGeneratorTests.Generate_GivenDuplicateMetricsMethodNames_GeneratesDiagnostic#CriticalAttribute.g.verified.cs
  - Received: TelemetrySourceGeneratorTests.Generate_GivenDuplicateMetricsMethodNames_GeneratesDiagnostic#DebugAttribute.g.received.cs
    Verified: TelemetrySourceGeneratorTests.Generate_GivenDuplicateMetricsMethodNames_GeneratesDiagnostic#DebugAttribute.g.verified.cs
  - Received: TelemetrySourceGeneratorTests.Generate_GivenDuplicateMetricsMethodNames_GeneratesDiagnostic#ErrorAttribute.g.received.cs
    Verified: TelemetrySourceGeneratorTests.Generate_GivenDuplicateMetricsMethodNames_GeneratesDiagnostic#ErrorAttribute.g.verified.cs
  - Received: TelemetrySourceGeneratorTests.Generate_GivenDuplicateMetricsMethodNames_GeneratesDiagnostic#EscapeAttribute.g.received.cs
    Verified: TelemetrySourceGeneratorTests.Generate_GivenDuplicateMetricsMethodNames_GeneratesDiagnostic#EscapeAttribute.g.verified.cs
  - Received: TelemetrySourceGeneratorTests.Generate_GivenDuplicateMetricsMethodNames_GeneratesDiagnostic#EventAttribute.g.received.cs
    Verified: TelemetrySourceGeneratorTests.Generate_GivenDuplicateMetricsMethodNames_GeneratesDiagnostic#EventAttribute.g.verified.cs
  - Received: TelemetrySourceGeneratorTests.Generate_GivenDuplicateMetricsMethodNames_GeneratesDiagnostic#ExcludeAttribute.g.received.cs
    Verified: TelemetrySourceGeneratorTests.Generate_GivenDuplicateMetricsMethodNames_GeneratesDiagnostic#ExcludeAttribute.g.verified.cs
  - Received: TelemetrySourceGeneratorTests.Generate_GivenDuplicateMetricsMethodNames_GeneratesDiagnostic#ExcludeTargetsAttribute.g.received.cs
    Verified: TelemetrySourceGeneratorTests.Generate_GivenDuplicateMetricsMethodNames_GeneratesDiagnostic#ExcludeTargetsAttribute.g.verified.cs
  - Received: TelemetrySourceGeneratorTests.Generate_GivenDuplicateMetricsMethodNames_GeneratesDiagnostic#ExpandEnumerableAttribute.g.received.cs
    Verified: TelemetrySourceGeneratorTests.Generate_GivenDuplicateMetricsMethodNames_GeneratesDiagnostic#ExpandEnumerableAttribute.g.verified.cs
  - Received: TelemetrySourceGeneratorTests.Generate_GivenDuplicateMetricsMethodNames_GeneratesDiagnostic#HistogramAttribute.g.received.cs
    Verified: TelemetrySourceGeneratorTests.Generate_GivenDuplicateMetricsMethodNames_GeneratesDiagnostic#HistogramAttribute.g.verified.cs
  - Received: TelemetrySourceGeneratorTests.Generate_GivenDuplicateMetricsMethodNames_GeneratesDiagnostic#InfoAttribute.g.received.cs
    Verified: TelemetrySourceGeneratorTests.Generate_GivenDuplicateMetricsMethodNames_GeneratesDiagnostic#InfoAttribute.g.verified.cs
  - Received: TelemetrySourceGeneratorTests.Generate_GivenDuplicateMetricsMethodNames_GeneratesDiagnostic#InstrumentMeasurementAttribute.g.received.cs
    Verified: TelemetrySourceGeneratorTests.Generate_GivenDuplicateMetricsMethodNames_GeneratesDiagnostic#InstrumentMeasurementAttribute.g.verified.cs
  - Received: TelemetrySourceGeneratorTests.Generate_GivenDuplicateMetricsMethodNames_GeneratesDiagnostic#LogAttribute.g.received.cs
    Verified: TelemetrySourceGeneratorTests.Generate_GivenDuplicateMetricsMethodNames_GeneratesDiagnostic#LogAttribute.g.verified.cs
  - Received: TelemetrySourceGeneratorTests.Generate_GivenDuplicateMetricsMethodNames_GeneratesDiagnostic#LoggerAttribute.g.received.cs
    Verified: TelemetrySourceGeneratorTests.Generate_GivenDuplicateMetricsMethodNames_GeneratesDiagnostic#LoggerAttribute.g.verified.cs
  - Received: TelemetrySourceGeneratorTests.Generate_GivenDuplicateMetricsMethodNames_GeneratesDiagnostic#LoggerGenerationAttribute.g.received.cs
    Verified: TelemetrySourceGeneratorTests.Generate_GivenDuplicateMetricsMethodNames_GeneratesDiagnostic#LoggerGenerationAttribute.g.verified.cs
  - Received: TelemetrySourceGeneratorTests.Generate_GivenDuplicateMetricsMethodNames_GeneratesDiagnostic#LoggerGenerationMode.g.received.cs
    Verified: TelemetrySourceGeneratorTests.Generate_GivenDuplicateMetricsMethodNames_GeneratesDiagnostic#LoggerGenerationMode.g.verified.cs
  - Received: TelemetrySourceGeneratorTests.Generate_GivenDuplicateMetricsMethodNames_GeneratesDiagnostic#LogPrefixType.g.received.cs
    Verified: TelemetrySourceGeneratorTests.Generate_GivenDuplicateMetricsMethodNames_GeneratesDiagnostic#LogPrefixType.g.verified.cs
  - Received: TelemetrySourceGeneratorTests.Generate_GivenDuplicateMetricsMethodNames_GeneratesDiagnostic#MeterAttribute.g.received.cs
    Verified: TelemetrySourceGeneratorTests.Generate_GivenDuplicateMetricsMethodNames_GeneratesDiagnostic#MeterAttribute.g.verified.cs
  - Received: TelemetrySourceGeneratorTests.Generate_GivenDuplicateMetricsMethodNames_GeneratesDiagnostic#MeterGenerationAttribute.g.received.cs
    Verified: TelemetrySourceGeneratorTests.Generate_GivenDuplicateMetricsMethodNames_GeneratesDiagnostic#MeterGenerationAttribute.g.verified.cs
  - Received: TelemetrySourceGeneratorTests.Generate_GivenDuplicateMetricsMethodNames_GeneratesDiagnostic#MeterNameGenerationType.g.received.cs
    Verified: TelemetrySourceGeneratorTests.Generate_GivenDuplicateMetricsMethodNames_GeneratesDiagnostic#MeterNameGenerationType.g.verified.cs
  - Received: TelemetrySourceGeneratorTests.Generate_GivenDuplicateMetricsMethodNames_GeneratesDiagnostic#NamingConvention.g.received.cs
    Verified: TelemetrySourceGeneratorTests.Generate_GivenDuplicateMetricsMethodNames_GeneratesDiagnostic#NamingConvention.g.verified.cs
  - Received: TelemetrySourceGeneratorTests.Generate_GivenDuplicateMetricsMethodNames_GeneratesDiagnostic#ObservableCounterAttribute.g.received.cs
    Verified: TelemetrySourceGeneratorTests.Generate_GivenDuplicateMetricsMethodNames_GeneratesDiagnostic#ObservableCounterAttribute.g.verified.cs
  - Received: TelemetrySourceGeneratorTests.Generate_GivenDuplicateMetricsMethodNames_GeneratesDiagnostic#ObservableGaugeAttribute.g.received.cs
    Verified: TelemetrySourceGeneratorTests.Generate_GivenDuplicateMetricsMethodNames_GeneratesDiagnostic#ObservableGaugeAttribute.g.verified.cs
  - Received: TelemetrySourceGeneratorTests.Generate_GivenDuplicateMetricsMethodNames_GeneratesDiagnostic#ObservableUpDownCounterAttribute.g.received.cs
    Verified: TelemetrySourceGeneratorTests.Generate_GivenDuplicateMetricsMethodNames_GeneratesDiagnostic#ObservableUpDownCounterAttribute.g.verified.cs
  - Received: TelemetrySourceGeneratorTests.Generate_GivenDuplicateMetricsMethodNames_GeneratesDiagnostic#Purview.Telemetry.SourceGenerator.TelemetryNames.g.received.cs
    Verified: TelemetrySourceGeneratorTests.Generate_GivenDuplicateMetricsMethodNames_GeneratesDiagnostic#Purview.Telemetry.SourceGenerator.TelemetryNames.g.verified.cs
  - Received: TelemetrySourceGeneratorTests.Generate_GivenDuplicateMetricsMethodNames_GeneratesDiagnostic#StatusDescriptionAttribute.g.received.cs
    Verified: TelemetrySourceGeneratorTests.Generate_GivenDuplicateMetricsMethodNames_GeneratesDiagnostic#StatusDescriptionAttribute.g.verified.cs
  - Received: TelemetrySourceGeneratorTests.Generate_GivenDuplicateMetricsMethodNames_GeneratesDiagnostic#TagAttribute.g.received.cs
    Verified: TelemetrySourceGeneratorTests.Generate_GivenDuplicateMetricsMethodNames_GeneratesDiagnostic#TagAttribute.g.verified.cs
  - Received: TelemetrySourceGeneratorTests.Generate_GivenDuplicateMetricsMethodNames_GeneratesDiagnostic#Targets.g.received.cs
    Verified: TelemetrySourceGeneratorTests.Generate_GivenDuplicateMetricsMethodNames_GeneratesDiagnostic#Targets.g.verified.cs
  - Received: TelemetrySourceGeneratorTests.Generate_GivenDuplicateMetricsMethodNames_GeneratesDiagnostic#TelemetryGenerationAttribute.g.received.cs
    Verified: TelemetrySourceGeneratorTests.Generate_GivenDuplicateMetricsMethodNames_GeneratesDiagnostic#TelemetryGenerationAttribute.g.verified.cs
  - Received: TelemetrySourceGeneratorTests.Generate_GivenDuplicateMetricsMethodNames_GeneratesDiagnostic#TestTelemetryCore.Metric.g.received.cs
    Verified: TelemetrySourceGeneratorTests.Generate_GivenDuplicateMetricsMethodNames_GeneratesDiagnostic#TestTelemetryCore.Metric.g.verified.cs
  - Received: TelemetrySourceGeneratorTests.Generate_GivenDuplicateMetricsMethodNames_GeneratesDiagnostic#TraceAttribute.g.received.cs
    Verified: TelemetrySourceGeneratorTests.Generate_GivenDuplicateMetricsMethodNames_GeneratesDiagnostic#TraceAttribute.g.verified.cs
  - Received: TelemetrySourceGeneratorTests.Generate_GivenDuplicateMetricsMethodNames_GeneratesDiagnostic#UpDownCounterAttribute.g.received.cs
    Verified: TelemetrySourceGeneratorTests.Generate_GivenDuplicateMetricsMethodNames_GeneratesDiagnostic#UpDownCounterAttribute.g.verified.cs
  - Received: TelemetrySourceGeneratorTests.Generate_GivenDuplicateMetricsMethodNames_GeneratesDiagnostic#WarningAttribute.g.received.cs
    Verified: TelemetrySourceGeneratorTests.Generate_GivenDuplicateMetricsMethodNames_GeneratesDiagnostic#WarningAttribute.g.verified.cs

  from P:\GitHub\kjldev\purview-telemetry-sourcegenerator\src\Purview.Telemetry.SourceGenerator.IntegrationTests\bin\Release\net10.0\Purview.Telemetry.SourceGenerator.IntegrationTests.dll (net10.0|x64)
  TUnit.Engine.Exceptions.TestFailedException: [Test Failure] VerifyException: Directory: P:\GitHub\kjldev\purview-telemetry-sourcegenerator\src\Purview.Telemetry.SourceGenerator.IntegrationTests\Snapshots
  Delete:
    - TelemetrySourceGeneratorTests.Generate_GivenDuplicateMetricsMethodNames_GeneratesDiagnostic.verified.txt
  Equal:
    - Received: TelemetrySourceGeneratorTests.Generate_GivenDuplicateMetricsMethodNames_GeneratesDiagnostic#ActivityAttribute.g.received.cs
      Verified: TelemetrySourceGeneratorTests.Generate_GivenDuplicateMetricsMethodNames_GeneratesDiagnostic#ActivityAttribute.g.verified.cs
    - Received: TelemetrySourceGeneratorTests.Generate_GivenDuplicateMetricsMethodNames_GeneratesDiagnostic#ActivitySourceAttribute.g.received.cs
      Verified: TelemetrySourceGeneratorTests.Generate_GivenDuplicateMetricsMethodNames_GeneratesDiagnostic#ActivitySourceAttribute.g.verified.cs
    - Received: TelemetrySourceGeneratorTests.Generate_GivenDuplicateMetricsMethodNames_GeneratesDiagnostic#ActivitySourceGenerationAttribute.g.received.cs
      Verified: TelemetrySourceGeneratorTests.Generate_GivenDuplicateMetricsMethodNames_GeneratesDiagnostic#ActivitySourceGenerationAttribute.g.verified.cs
    - Received: TelemetrySourceGeneratorTests.Generate_GivenDuplicateMetricsMethodNames_GeneratesDiagnostic#AutoCounterAttribute.g.received.cs
      Verified: TelemetrySourceGeneratorTests.Generate_GivenDuplicateMetricsMethodNames_GeneratesDiagnostic#AutoCounterAttribute.g.verified.cs
    - Received: TelemetrySourceGeneratorTests.Generate_GivenDuplicateMetricsMethodNames_GeneratesDiagnostic#BaggageAttribute.g.received.cs
      Verified: TelemetrySourceGeneratorTests.Generate_GivenDuplicateMetricsMethodNames_GeneratesDiagnostic#BaggageAttribute.g.verified.cs
    - Received: TelemetrySourceGeneratorTests.Generate_GivenDuplicateMetricsMethodNames_GeneratesDiagnostic#ContextAttribute.g.received.cs
      Verified: TelemetrySourceGeneratorTests.Generate_GivenDuplicateMetricsMethodNames_GeneratesDiagnostic#ContextAttribute.g.verified.cs
    - Received: TelemetrySourceGeneratorTests.Generate_GivenDuplicateMetricsMethodNames_GeneratesDiagnostic#CounterAttribute.g.received.cs
      Verified: TelemetrySourceGeneratorTests.Generate_GivenDuplicateMetricsMethodNames_GeneratesDiagnostic#CounterAttribute.g.verified.cs
    - Received: TelemetrySourceGeneratorTests.Generate_GivenDuplicateMetricsMethodNames_GeneratesDiagnostic#CriticalAttribute.g.received.cs
      Verified: TelemetrySourceGeneratorTests.Generate_GivenDuplicateMetricsMethodNames_GeneratesDiagnostic#CriticalAttribute.g.verified.cs
    - Received: TelemetrySourceGeneratorTests.Generate_GivenDuplicateMetricsMethodNames_GeneratesDiagnostic#DebugAttribute.g.received.cs
      Verified: TelemetrySourceGeneratorTests.Generate_GivenDuplicateMetricsMethodNames_GeneratesDiagnostic#DebugAttribute.g.verified.cs
    - Received: TelemetrySourceGeneratorTests.Generate_GivenDuplicateMetricsMethodNames_GeneratesDiagnostic#ErrorAttribute.g.received.cs
      Verified: TelemetrySourceGeneratorTests.Generate_GivenDuplicateMetricsMethodNames_GeneratesDiagnostic#ErrorAttribute.g.verified.cs
    - Received: TelemetrySourceGeneratorTests.Generate_GivenDuplicateMetricsMethodNames_GeneratesDiagnostic#EscapeAttribute.g.received.cs
      Verified: TelemetrySourceGeneratorTests.Generate_GivenDuplicateMetricsMethodNames_GeneratesDiagnostic#EscapeAttribute.g.verified.cs
    - Received: TelemetrySourceGeneratorTests.Generate_GivenDuplicateMetricsMethodNames_GeneratesDiagnostic#EventAttribute.g.received.cs
      Verified: TelemetrySourceGeneratorTests.Generate_GivenDuplicateMetricsMethodNames_GeneratesDiagnostic#EventAttribute.g.verified.cs
    - Received: TelemetrySourceGeneratorTests.Generate_GivenDuplicateMetricsMethodNames_GeneratesDiagnostic#ExcludeAttribute.g.received.cs
      Verified: TelemetrySourceGeneratorTests.Generate_GivenDuplicateMetricsMethodNames_GeneratesDiagnostic#ExcludeAttribute.g.verified.cs
    - Received: TelemetrySourceGeneratorTests.Generate_GivenDuplicateMetricsMethodNames_GeneratesDiagnostic#ExcludeTargetsAttribute.g.received.cs
      Verified: TelemetrySourceGeneratorTests.Generate_GivenDuplicateMetricsMethodNames_GeneratesDiagnostic#ExcludeTargetsAttribute.g.verified.cs
    - Received: TelemetrySourceGeneratorTests.Generate_GivenDuplicateMetricsMethodNames_GeneratesDiagnostic#ExpandEnumerableAttribute.g.received.cs
      Verified: TelemetrySourceGeneratorTests.Generate_GivenDuplicateMetricsMethodNames_GeneratesDiagnostic#ExpandEnumerableAttribute.g.verified.cs
    - Received: TelemetrySourceGeneratorTests.Generate_GivenDuplicateMetricsMethodNames_GeneratesDiagnostic#HistogramAttribute.g.received.cs
      Verified: TelemetrySourceGeneratorTests.Generate_GivenDuplicateMetricsMethodNames_GeneratesDiagnostic#HistogramAttribute.g.verified.cs
    - Received: TelemetrySourceGeneratorTests.Generate_GivenDuplicateMetricsMethodNames_GeneratesDiagnostic#InfoAttribute.g.received.cs
      Verified: TelemetrySourceGeneratorTests.Generate_GivenDuplicateMetricsMethodNames_GeneratesDiagnostic#InfoAttribute.g.verified.cs
    - Received: TelemetrySourceGeneratorTests.Generate_GivenDuplicateMetricsMethodNames_GeneratesDiagnostic#InstrumentMeasurementAttribute.g.received.cs
      Verified: TelemetrySourceGeneratorTests.Generate_GivenDuplicateMetricsMethodNames_GeneratesDiagnostic#InstrumentMeasurementAttribute.g.verified.cs
    - Received: TelemetrySourceGeneratorTests.Generate_GivenDuplicateMetricsMethodNames_GeneratesDiagnostic#LogAttribute.g.received.cs
      Verified: TelemetrySourceGeneratorTests.Generate_GivenDuplicateMetricsMethodNames_GeneratesDiagnostic#LogAttribute.g.verified.cs
    - Received: TelemetrySourceGeneratorTests.Generate_GivenDuplicateMetricsMethodNames_GeneratesDiagnostic#LoggerAttribute.g.received.cs
      Verified: TelemetrySourceGeneratorTests.Generate_GivenDuplicateMetricsMethodNames_GeneratesDiagnostic#LoggerAttribute.g.verified.cs
    - Received: TelemetrySourceGeneratorTests.Generate_GivenDuplicateMetricsMethodNames_GeneratesDiagnostic#LoggerGenerationAttribute.g.received.cs
      Verified: TelemetrySourceGeneratorTests.Generate_GivenDuplicateMetricsMethodNames_GeneratesDiagnostic#LoggerGenerationAttribute.g.verified.cs
    - Received: TelemetrySourceGeneratorTests.Generate_GivenDuplicateMetricsMethodNames_GeneratesDiagnostic#LoggerGenerationMode.g.received.cs
      Verified: TelemetrySourceGeneratorTests.Generate_GivenDuplicateMetricsMethodNames_GeneratesDiagnostic#LoggerGenerationMode.g.verified.cs
    - Received: TelemetrySourceGeneratorTests.Generate_GivenDuplicateMetricsMethodNames_GeneratesDiagnostic#LogPrefixType.g.received.cs
      Verified: TelemetrySourceGeneratorTests.Generate_GivenDuplicateMetricsMethodNames_GeneratesDiagnostic#LogPrefixType.g.verified.cs
    - Received: TelemetrySourceGeneratorTests.Generate_GivenDuplicateMetricsMethodNames_GeneratesDiagnostic#MeterAttribute.g.received.cs
      Verified: TelemetrySourceGeneratorTests.Generate_GivenDuplicateMetricsMethodNames_GeneratesDiagnostic#MeterAttribute.g.verified.cs
    - Received: TelemetrySourceGeneratorTests.Generate_GivenDuplicateMetricsMethodNames_GeneratesDiagnostic#MeterGenerationAttribute.g.received.cs
      Verified: TelemetrySourceGeneratorTests.Generate_GivenDuplicateMetricsMethodNames_GeneratesDiagnostic#MeterGenerationAttribute.g.verified.cs
    - Received: TelemetrySourceGeneratorTests.Generate_GivenDuplicateMetricsMethodNames_GeneratesDiagnostic#MeterNameGenerationType.g.received.cs
      Verified: TelemetrySourceGeneratorTests.Generate_GivenDuplicateMetricsMethodNames_GeneratesDiagnostic#MeterNameGenerationType.g.verified.cs
    - Received: TelemetrySourceGeneratorTests.Generate_GivenDuplicateMetricsMethodNames_GeneratesDiagnostic#NamingConvention.g.received.cs
      Verified: TelemetrySourceGeneratorTests.Generate_GivenDuplicateMetricsMethodNames_GeneratesDiagnostic#NamingConvention.g.verified.cs
    - Received: TelemetrySourceGeneratorTests.Generate_GivenDuplicateMetricsMethodNames_GeneratesDiagnostic#ObservableCounterAttribute.g.received.cs
      Verified: TelemetrySourceGeneratorTests.Generate_GivenDuplicateMetricsMethodNames_GeneratesDiagnostic#ObservableCounterAttribute.g.verified.cs
    - Received: TelemetrySourceGeneratorTests.Generate_GivenDuplicateMetricsMethodNames_GeneratesDiagnostic#ObservableGaugeAttribute.g.received.cs
      Verified: TelemetrySourceGeneratorTests.Generate_GivenDuplicateMetricsMethodNames_GeneratesDiagnostic#ObservableGaugeAttribute.g.verified.cs
    - Received: TelemetrySourceGeneratorTests.Generate_GivenDuplicateMetricsMethodNames_GeneratesDiagnostic#ObservableUpDownCounterAttribute.g.received.cs
      Verified: TelemetrySourceGeneratorTests.Generate_GivenDuplicateMetricsMethodNames_GeneratesDiagnostic#ObservableUpDownCounterAttribute.g.verified.cs
    - Received: TelemetrySourceGeneratorTests.Generate_GivenDuplicateMetricsMethodNames_GeneratesDiagnostic#Purview.Telemetry.SourceGenerator.TelemetryNames.g.received.cs
      Verified: TelemetrySourceGeneratorTests.Generate_GivenDuplicateMetricsMethodNames_GeneratesDiagnostic#Purview.Telemetry.SourceGenerator.TelemetryNames.g.verified.cs
    - Received: TelemetrySourceGeneratorTests.Generate_GivenDuplicateMetricsMethodNames_GeneratesDiagnostic#StatusDescriptionAttribute.g.received.cs
      Verified: TelemetrySourceGeneratorTests.Generate_GivenDuplicateMetricsMethodNames_GeneratesDiagnostic#StatusDescriptionAttribute.g.verified.cs
    - Received: TelemetrySourceGeneratorTests.Generate_GivenDuplicateMetricsMethodNames_GeneratesDiagnostic#TagAttribute.g.received.cs
      Verified: TelemetrySourceGeneratorTests.Generate_GivenDuplicateMetricsMethodNames_GeneratesDiagnostic#TagAttribute.g.verified.cs
    - Received: TelemetrySourceGeneratorTests.Generate_GivenDuplicateMetricsMethodNames_GeneratesDiagnostic#Targets.g.received.cs
      Verified: TelemetrySourceGeneratorTests.Generate_GivenDuplicateMetricsMethodNames_GeneratesDiagnostic#Targets.g.verified.cs
    - Received: TelemetrySourceGeneratorTests.Generate_GivenDuplicateMetricsMethodNames_GeneratesDiagnostic#TelemetryGenerationAttribute.g.received.cs
      Verified: TelemetrySourceGeneratorTests.Generate_GivenDuplicateMetricsMethodNames_GeneratesDiagnostic#TelemetryGenerationAttribute.g.verified.cs
    - Received: TelemetrySourceGeneratorTests.Generate_GivenDuplicateMetricsMethodNames_GeneratesDiagnostic#TestTelemetryCore.Metric.g.received.cs
      Verified: TelemetrySourceGeneratorTests.Generate_GivenDuplicateMetricsMethodNames_GeneratesDiagnostic#TestTelemetryCore.Metric.g.verified.cs
    - Received: TelemetrySourceGeneratorTests.Generate_GivenDuplicateMetricsMethodNames_GeneratesDiagnostic#TraceAttribute.g.received.cs
      Verified: TelemetrySourceGeneratorTests.Generate_GivenDuplicateMetricsMethodNames_GeneratesDiagnostic#TraceAttribute.g.verified.cs
    - Received: TelemetrySourceGeneratorTests.Generate_GivenDuplicateMetricsMethodNames_GeneratesDiagnostic#UpDownCounterAttribute.g.received.cs
      Verified: TelemetrySourceGeneratorTests.Generate_GivenDuplicateMetricsMethodNames_GeneratesDiagnostic#UpDownCounterAttribute.g.verified.cs
    - Received: TelemetrySourceGeneratorTests.Generate_GivenDuplicateMetricsMethodNames_GeneratesDiagnostic#WarningAttribute.g.received.cs
      Verified: TelemetrySourceGeneratorTests.Generate_GivenDuplicateMetricsMethodNames_GeneratesDiagnostic#WarningAttribute.g.verified.cs
  
  Standard output
    DBG: --- Adding templates.
    DBG: Adding ActivitySourceGenerationAttribute as ActivitySourceGenerationAttribute.g.cs.
    DBG: Adding ActivitySourceAttribute as ActivitySourceAttribute.g.cs.
    DBG: Adding ActivityAttribute as ActivityAttribute.g.cs.
    DBG: Adding EventAttribute as EventAttribute.g.cs.
    DBG: Adding ContextAttribute as ContextAttribute.g.cs.
    DBG: Adding BaggageAttribute as BaggageAttribute.g.cs.
    DBG: Adding EscapeAttribute as EscapeAttribute.g.cs.
    DBG: Adding StatusDescriptionAttribute as StatusDescriptionAttribute.g.cs.
    DBG: Adding LoggerGenerationAttribute as LoggerGenerationAttribute.g.cs.
    DBG: Adding LoggerAttribute as LoggerAttribute.g.cs.
    DBG: Adding LogAttribute as LogAttribute.g.cs.
    DBG: Adding LogPrefixType as LogPrefixType.g.cs.
    DBG: Adding LoggerGenerationMode as LoggerGenerationMode.g.cs.
    DBG: Adding ExpandEnumerableAttribute as ExpandEnumerableAttribute.g.cs.
    DBG: Adding TraceAttribute as TraceAttribute.g.cs.
    DBG: Adding DebugAttribute as DebugAttribute.g.cs.
    DBG: Adding InfoAttribute as InfoAttribute.g.cs.
    DBG: Adding WarningAttribute as WarningAttribute.g.cs.
    DBG: Adding ErrorAttribute as ErrorAttribute.g.cs.
    DBG: Adding CriticalAttribute as CriticalAttribute.g.cs.
    DBG: Adding MeterGenerationAttribute as MeterGenerationAttribute.g.cs.
    DBG: Adding MeterAttribute as MeterAttribute.g.cs.
    DBG: Adding MeterNameGenerationType as MeterNameGenerationType.g.cs.
    DBG: Adding InstrumentMeasurementAttribute as InstrumentMeasurementAttribute.g.cs.
    DBG: Adding AutoCounterAttribute as AutoCounterAttribute.g.cs.
    DBG: Adding CounterAttribute as CounterAttribute.g.cs.
    DBG: Adding UpDownCounterAttribute as UpDownCounterAttribute.g.cs.
    DBG: Adding HistogramAttribute as HistogramAttribute.g.cs.
    DBG: Adding ObservableCounterAttribute as ObservableCounterAttribute.g.cs.
    DBG: Adding ObservableGaugeAttribute as ObservableGaugeAttribute.g.cs.
    DBG: Adding ObservableUpDownCounterAttribute as ObservableUpDownCounterAttribute.g.cs.
    DBG: Adding TagAttribute as TagAttribute.g.cs.
    DBG: Adding ExcludeAttribute as ExcludeAttribute.g.cs.
    DBG: Adding TelemetryGenerationAttribute as TelemetryGenerationAttribute.g.cs.
    DBG: Adding Targets as Targets.g.cs.
    DBG: Adding NamingConvention as NamingConvention.g.cs.
    DBG: Adding ExcludeTargetsAttribute as ExcludeTargetsAttribute.g.cs.
    DBG: --- Finished adding templates.
    DBG: Found attribute: Purview.Telemetry.MeterAttribute
    DBG: Found attribute: Purview.Telemetry.TelemetryGenerationAttribute(GenerateDependencyExtension = false)
    DBG: Found possible instrument method ITestTelemetry.DuplicateMethodName.
    DBG: Found attribute: Purview.Telemetry.AutoCounterAttribute
    DBG: Unable to match parameter stringParam, inferring tag.
    DBG: Unable to match parameter intParam, inferring tag.
    DBG: Unable to match parameter boolParam, inferring tag.
    DBG: Found possible instrument method ITestTelemetry.DuplicateMethodName.
    DBG: Found attribute: Purview.Telemetry.CounterAttribute
    DBG: Found valid instrument type: int
    DBG: Meter generation target: TestTelemetryCore
    DBG: Generating metric class for: TestTelemetryCore
    DBG: Emitting fields for TestTelemetryCore
    DBG: Emitting partial method for populating tags: PopulateMeterTags.
    DBG: Emitting instrument method: DuplicateMethodName.
    DBG: Emitting instrument method: DuplicateMethodName.
    DBG: Skipping dependency injection emit.
    DBG: Found attribute: Purview.Telemetry.MeterAttribute
    DBG: Found attribute: Purview.Telemetry.TelemetryGenerationAttribute(GenerateDependencyExtension = false)
    DBG: Found possible instrument method ITestTelemetry.DuplicateMethodName.
    DBG: Found attribute: Purview.Telemetry.AutoCounterAttribute
    DBG: Unable to match parameter stringParam, inferring tag.
    DBG: Unable to match parameter intParam, inferring tag.
    DBG: Unable to match parameter boolParam, inferring tag.
    DBG: Found possible instrument method ITestTelemetry.DuplicateMethodName.
    DBG: Found attribute: Purview.Telemetry.CounterAttribute
    DBG: Found valid instrument type: int
    DBG: Generating Telemetry Names using class 'TelemetryNames'.
    
  Error output
failed Generate_GivenLoggerOnlyInterfaceWithMethodHavingBothLoggingAndMetricsAttributes_RaisesMissingInterfaceSourceDiagnostic (5s 732ms)
  [Test Failure] VerifyException: Directory: P:\GitHub\kjldev\purview-telemetry-sourcegenerator\src\Purview.Telemetry.SourceGenerator.IntegrationTests\Snapshots
Delete:
  - TelemetrySourceGeneratorTests.Generate_GivenLoggerOnlyInterfaceWithMethodHavingBothLoggingAndMetricsAttributes_RaisesMissingInterfaceSourceDiagnostic.verified.txt
Equal:
  - Received: TelemetrySourceGeneratorTests.Generate_GivenLoggerOnlyInterfaceWithMethodHavingBothLoggingAndMetricsAttributes_RaisesMissingInterfaceSourceDiagnostic#ActivityAttribute.g.received.cs
    Verified: TelemetrySourceGeneratorTests.Generate_GivenLoggerOnlyInterfaceWithMethodHavingBothLoggingAndMetricsAttributes_RaisesMissingInterfaceSourceDiagnostic#ActivityAttribute.g.verified.cs
  - Received: TelemetrySourceGeneratorTests.Generate_GivenLoggerOnlyInterfaceWithMethodHavingBothLoggingAndMetricsAttributes_RaisesMissingInterfaceSourceDiagnostic#ActivitySourceAttribute.g.received.cs
    Verified: TelemetrySourceGeneratorTests.Generate_GivenLoggerOnlyInterfaceWithMethodHavingBothLoggingAndMetricsAttributes_RaisesMissingInterfaceSourceDiagnostic#ActivitySourceAttribute.g.verified.cs
  - Received: TelemetrySourceGeneratorTests.Generate_GivenLoggerOnlyInterfaceWithMethodHavingBothLoggingAndMetricsAttributes_RaisesMissingInterfaceSourceDiagnostic#ActivitySourceGenerationAttribute.g.received.cs
    Verified: TelemetrySourceGeneratorTests.Generate_GivenLoggerOnlyInterfaceWithMethodHavingBothLoggingAndMetricsAttributes_RaisesMissingInterfaceSourceDiagnostic#ActivitySourceGenerationAttribute.g.verified.cs
  - Received: TelemetrySourceGeneratorTests.Generate_GivenLoggerOnlyInterfaceWithMethodHavingBothLoggingAndMetricsAttributes_RaisesMissingInterfaceSourceDiagnostic#AutoCounterAttribute.g.received.cs
    Verified: TelemetrySourceGeneratorTests.Generate_GivenLoggerOnlyInterfaceWithMethodHavingBothLoggingAndMetricsAttributes_RaisesMissingInterfaceSourceDiagnostic#AutoCounterAttribute.g.verified.cs
  - Received: TelemetrySourceGeneratorTests.Generate_GivenLoggerOnlyInterfaceWithMethodHavingBothLoggingAndMetricsAttributes_RaisesMissingInterfaceSourceDiagnostic#BaggageAttribute.g.received.cs
    Verified: TelemetrySourceGeneratorTests.Generate_GivenLoggerOnlyInterfaceWithMethodHavingBothLoggingAndMetricsAttributes_RaisesMissingInterfaceSourceDiagnostic#BaggageAttribute.g.verified.cs
  - Received: TelemetrySourceGeneratorTests.Generate_GivenLoggerOnlyInterfaceWithMethodHavingBothLoggingAndMetricsAttributes_RaisesMissingInterfaceSourceDiagnostic#ContextAttribute.g.received.cs
    Verified: TelemetrySourceGeneratorTests.Generate_GivenLoggerOnlyInterfaceWithMethodHavingBothLoggingAndMetricsAttributes_RaisesMissingInterfaceSourceDiagnostic#ContextAttribute.g.verified.cs
  - Received: TelemetrySourceGeneratorTests.Generate_GivenLoggerOnlyInterfaceWithMethodHavingBothLoggingAndMetricsAttributes_RaisesMissingInterfaceSourceDiagnostic#CounterAttribute.g.received.cs
    Verified: TelemetrySourceGeneratorTests.Generate_GivenLoggerOnlyInterfaceWithMethodHavingBothLoggingAndMetricsAttributes_RaisesMissingInterfaceSourceDiagnostic#CounterAttribute.g.verified.cs
  - Received: TelemetrySourceGeneratorTests.Generate_GivenLoggerOnlyInterfaceWithMethodHavingBothLoggingAndMetricsAttributes_RaisesMissingInterfaceSourceDiagnostic#CriticalAttribute.g.received.cs
    Verified: TelemetrySourceGeneratorTests.Generate_GivenLoggerOnlyInterfaceWithMethodHavingBothLoggingAndMetricsAttributes_RaisesMissingInterfaceSourceDiagnostic#CriticalAttribute.g.verified.cs
  - Received: TelemetrySourceGeneratorTests.Generate_GivenLoggerOnlyInterfaceWithMethodHavingBothLoggingAndMetricsAttributes_RaisesMissingInterfaceSourceDiagnostic#DebugAttribute.g.received.cs
    Verified: TelemetrySourceGeneratorTests.Generate_GivenLoggerOnlyInterfaceWithMethodHavingBothLoggingAndMetricsAttributes_RaisesMissingInterfaceSourceDiagnostic#DebugAttribute.g.verified.cs
  - Received: TelemetrySourceGeneratorTests.Generate_GivenLoggerOnlyInterfaceWithMethodHavingBothLoggingAndMetricsAttributes_RaisesMissingInterfaceSourceDiagnostic#ErrorAttribute.g.received.cs
    Verified: TelemetrySourceGeneratorTests.Generate_GivenLoggerOnlyInterfaceWithMethodHavingBothLoggingAndMetricsAttributes_RaisesMissingInterfaceSourceDiagnostic#ErrorAttribute.g.verified.cs
  - Received: TelemetrySourceGeneratorTests.Generate_GivenLoggerOnlyInterfaceWithMethodHavingBothLoggingAndMetricsAttributes_RaisesMissingInterfaceSourceDiagnostic#EscapeAttribute.g.received.cs
    Verified: TelemetrySourceGeneratorTests.Generate_GivenLoggerOnlyInterfaceWithMethodHavingBothLoggingAndMetricsAttributes_RaisesMissingInterfaceSourceDiagnostic#EscapeAttribute.g.verified.cs
  - Received: TelemetrySourceGeneratorTests.Generate_GivenLoggerOnlyInterfaceWithMethodHavingBothLoggingAndMetricsAttributes_RaisesMissingInterfaceSourceDiagnostic#EventAttribute.g.received.cs
    Verified: TelemetrySourceGeneratorTests.Generate_GivenLoggerOnlyInterfaceWithMethodHavingBothLoggingAndMetricsAttributes_RaisesMissingInterfaceSourceDiagnostic#EventAttribute.g.verified.cs
  - Received: TelemetrySourceGeneratorTests.Generate_GivenLoggerOnlyInterfaceWithMethodHavingBothLoggingAndMetricsAttributes_RaisesMissingInterfaceSourceDiagnostic#ExcludeAttribute.g.received.cs
    Verified: TelemetrySourceGeneratorTests.Generate_GivenLoggerOnlyInterfaceWithMethodHavingBothLoggingAndMetricsAttributes_RaisesMissingInterfaceSourceDiagnostic#ExcludeAttribute.g.verified.cs
  - Received: TelemetrySourceGeneratorTests.Generate_GivenLoggerOnlyInterfaceWithMethodHavingBothLoggingAndMetricsAttributes_RaisesMissingInterfaceSourceDiagnostic#ExcludeTargetsAttribute.g.received.cs
    Verified: TelemetrySourceGeneratorTests.Generate_GivenLoggerOnlyInterfaceWithMethodHavingBothLoggingAndMetricsAttributes_RaisesMissingInterfaceSourceDiagnostic#ExcludeTargetsAttribute.g.verified.cs
  - Received: TelemetrySourceGeneratorTests.Generate_GivenLoggerOnlyInterfaceWithMethodHavingBothLoggingAndMetricsAttributes_RaisesMissingInterfaceSourceDiagnostic#ExpandEnumerableAttribute.g.received.cs
    Verified: TelemetrySourceGeneratorTests.Generate_GivenLoggerOnlyInterfaceWithMethodHavingBothLoggingAndMetricsAttributes_RaisesMissingInterfaceSourceDiagnostic#ExpandEnumerableAttribute.g.verified.cs
  - Received: TelemetrySourceGeneratorTests.Generate_GivenLoggerOnlyInterfaceWithMethodHavingBothLoggingAndMetricsAttributes_RaisesMissingInterfaceSourceDiagnostic#HistogramAttribute.g.received.cs
    Verified: TelemetrySourceGeneratorTests.Generate_GivenLoggerOnlyInterfaceWithMethodHavingBothLoggingAndMetricsAttributes_RaisesMissingInterfaceSourceDiagnostic#HistogramAttribute.g.verified.cs
  - Received: TelemetrySourceGeneratorTests.Generate_GivenLoggerOnlyInterfaceWithMethodHavingBothLoggingAndMetricsAttributes_RaisesMissingInterfaceSourceDiagnostic#InfoAttribute.g.received.cs
    Verified: TelemetrySourceGeneratorTests.Generate_GivenLoggerOnlyInterfaceWithMethodHavingBothLoggingAndMetricsAttributes_RaisesMissingInterfaceSourceDiagnostic#InfoAttribute.g.verified.cs
  - Received: TelemetrySourceGeneratorTests.Generate_GivenLoggerOnlyInterfaceWithMethodHavingBothLoggingAndMetricsAttributes_RaisesMissingInterfaceSourceDiagnostic#InstrumentMeasurementAttribute.g.received.cs
    Verified: TelemetrySourceGeneratorTests.Generate_GivenLoggerOnlyInterfaceWithMethodHavingBothLoggingAndMetricsAttributes_RaisesMissingInterfaceSourceDiagnostic#InstrumentMeasurementAttribute.g.verified.cs
  - Received: TelemetrySourceGeneratorTests.Generate_GivenLoggerOnlyInterfaceWithMethodHavingBothLoggingAndMetricsAttributes_RaisesMissingInterfaceSourceDiagnostic#LogAttribute.g.received.cs
    Verified: TelemetrySourceGeneratorTests.Generate_GivenLoggerOnlyInterfaceWithMethodHavingBothLoggingAndMetricsAttributes_RaisesMissingInterfaceSourceDiagnostic#LogAttribute.g.verified.cs
  - Received: TelemetrySourceGeneratorTests.Generate_GivenLoggerOnlyInterfaceWithMethodHavingBothLoggingAndMetricsAttributes_RaisesMissingInterfaceSourceDiagnostic#LoggerAttribute.g.received.cs
    Verified: TelemetrySourceGeneratorTests.Generate_GivenLoggerOnlyInterfaceWithMethodHavingBothLoggingAndMetricsAttributes_RaisesMissingInterfaceSourceDiagnostic#LoggerAttribute.g.verified.cs
  - Received: TelemetrySourceGeneratorTests.Generate_GivenLoggerOnlyInterfaceWithMethodHavingBothLoggingAndMetricsAttributes_RaisesMissingInterfaceSourceDiagnostic#LoggerGenerationAttribute.g.received.cs
    Verified: TelemetrySourceGeneratorTests.Generate_GivenLoggerOnlyInterfaceWithMethodHavingBothLoggingAndMetricsAttributes_RaisesMissingInterfaceSourceDiagnostic#LoggerGenerationAttribute.g.verified.cs
  - Received: TelemetrySourceGeneratorTests.Generate_GivenLoggerOnlyInterfaceWithMethodHavingBothLoggingAndMetricsAttributes_RaisesMissingInterfaceSourceDiagnostic#LoggerGenerationMode.g.received.cs
    Verified: TelemetrySourceGeneratorTests.Generate_GivenLoggerOnlyInterfaceWithMethodHavingBothLoggingAndMetricsAttributes_RaisesMissingInterfaceSourceDiagnostic#LoggerGenerationMode.g.verified.cs
  - Received: TelemetrySourceGeneratorTests.Generate_GivenLoggerOnlyInterfaceWithMethodHavingBothLoggingAndMetricsAttributes_RaisesMissingInterfaceSourceDiagnostic#LogPrefixType.g.received.cs
    Verified: TelemetrySourceGeneratorTests.Generate_GivenLoggerOnlyInterfaceWithMethodHavingBothLoggingAndMetricsAttributes_RaisesMissingInterfaceSourceDiagnostic#LogPrefixType.g.verified.cs
  - Received: TelemetrySourceGeneratorTests.Generate_GivenLoggerOnlyInterfaceWithMethodHavingBothLoggingAndMetricsAttributes_RaisesMissingInterfaceSourceDiagnostic#MeterAttribute.g.received.cs
    Verified: TelemetrySourceGeneratorTests.Generate_GivenLoggerOnlyInterfaceWithMethodHavingBothLoggingAndMetricsAttributes_RaisesMissingInterfaceSourceDiagnostic#MeterAttribute.g.verified.cs
  - Received: TelemetrySourceGeneratorTests.Generate_GivenLoggerOnlyInterfaceWithMethodHavingBothLoggingAndMetricsAttributes_RaisesMissingInterfaceSourceDiagnostic#MeterGenerationAttribute.g.received.cs
    Verified: TelemetrySourceGeneratorTests.Generate_GivenLoggerOnlyInterfaceWithMethodHavingBothLoggingAndMetricsAttributes_RaisesMissingInterfaceSourceDiagnostic#MeterGenerationAttribute.g.verified.cs
  - Received: TelemetrySourceGeneratorTests.Generate_GivenLoggerOnlyInterfaceWithMethodHavingBothLoggingAndMetricsAttributes_RaisesMissingInterfaceSourceDiagnostic#MeterNameGenerationType.g.received.cs
    Verified: TelemetrySourceGeneratorTests.Generate_GivenLoggerOnlyInterfaceWithMethodHavingBothLoggingAndMetricsAttributes_RaisesMissingInterfaceSourceDiagnostic#MeterNameGenerationType.g.verified.cs
  - Received: TelemetrySourceGeneratorTests.Generate_GivenLoggerOnlyInterfaceWithMethodHavingBothLoggingAndMetricsAttributes_RaisesMissingInterfaceSourceDiagnostic#NamingConvention.g.received.cs
    Verified: TelemetrySourceGeneratorTests.Generate_GivenLoggerOnlyInterfaceWithMethodHavingBothLoggingAndMetricsAttributes_RaisesMissingInterfaceSourceDiagnostic#NamingConvention.g.verified.cs
  - Received: TelemetrySourceGeneratorTests.Generate_GivenLoggerOnlyInterfaceWithMethodHavingBothLoggingAndMetricsAttributes_RaisesMissingInterfaceSourceDiagnostic#ObservableCounterAttribute.g.received.cs
    Verified: TelemetrySourceGeneratorTests.Generate_GivenLoggerOnlyInterfaceWithMethodHavingBothLoggingAndMetricsAttributes_RaisesMissingInterfaceSourceDiagnostic#ObservableCounterAttribute.g.verified.cs
  - Received: TelemetrySourceGeneratorTests.Generate_GivenLoggerOnlyInterfaceWithMethodHavingBothLoggingAndMetricsAttributes_RaisesMissingInterfaceSourceDiagnostic#ObservableGaugeAttribute.g.received.cs
    Verified: TelemetrySourceGeneratorTests.Generate_GivenLoggerOnlyInterfaceWithMethodHavingBothLoggingAndMetricsAttributes_RaisesMissingInterfaceSourceDiagnostic#ObservableGaugeAttribute.g.verified.cs
  - Received: TelemetrySourceGeneratorTests.Generate_GivenLoggerOnlyInterfaceWithMethodHavingBothLoggingAndMetricsAttributes_RaisesMissingInterfaceSourceDiagnostic#ObservableUpDownCounterAttribute.g.received.cs
    Verified: TelemetrySourceGeneratorTests.Generate_GivenLoggerOnlyInterfaceWithMethodHavingBothLoggingAndMetricsAttributes_RaisesMissingInterfaceSourceDiagnostic#ObservableUpDownCounterAttribute.g.verified.cs
  - Received: TelemetrySourceGeneratorTests.Generate_GivenLoggerOnlyInterfaceWithMethodHavingBothLoggingAndMetricsAttributes_RaisesMissingInterfaceSourceDiagnostic#StatusDescriptionAttribute.g.received.cs
    Verified: TelemetrySourceGeneratorTests.Generate_GivenLoggerOnlyInterfaceWithMethodHavingBothLoggingAndMetricsAttributes_RaisesMissingInterfaceSourceDiagnostic#StatusDescriptionAttribute.g.verified.cs
  - Received: TelemetrySourceGeneratorTests.Generate_GivenLoggerOnlyInterfaceWithMethodHavingBothLoggingAndMetricsAttributes_RaisesMissingInterfaceSourceDiagnostic#TagAttribute.g.received.cs
    Verified: TelemetrySourceGeneratorTests.Generate_GivenLoggerOnlyInterfaceWithMethodHavingBothLoggingAndMetricsAttributes_RaisesMissingInterfaceSourceDiagnostic#TagAttribute.g.verified.cs
  - Received: TelemetrySourceGeneratorTests.Generate_GivenLoggerOnlyInterfaceWithMethodHavingBothLoggingAndMetricsAttributes_RaisesMissingInterfaceSourceDiagnostic#Targets.g.received.cs
    Verified: TelemetrySourceGeneratorTests.Generate_GivenLoggerOnlyInterfaceWithMethodHavingBothLoggingAndMetricsAttributes_RaisesMissingInterfaceSourceDiagnostic#Targets.g.verified.cs
  - Received: TelemetrySourceGeneratorTests.Generate_GivenLoggerOnlyInterfaceWithMethodHavingBothLoggingAndMetricsAttributes_RaisesMissingInterfaceSourceDiagnostic#TelemetryGenerationAttribute.g.received.cs
    Verified: TelemetrySourceGeneratorTests.Generate_GivenLoggerOnlyInterfaceWithMethodHavingBothLoggingAndMetricsAttributes_RaisesMissingInterfaceSourceDiagnostic#TelemetryGenerationAttribute.g.verified.cs
  - Received: TelemetrySourceGeneratorTests.Generate_GivenLoggerOnlyInterfaceWithMethodHavingBothLoggingAndMetricsAttributes_RaisesMissingInterfaceSourceDiagnostic#Testing.TelemetryCore.Logging.g.received.cs
    Verified: TelemetrySourceGeneratorTests.Generate_GivenLoggerOnlyInterfaceWithMethodHavingBothLoggingAndMetricsAttributes_RaisesMissingInterfaceSourceDiagnostic#Testing.TelemetryCore.Logging.g.verified.cs
  - Received: TelemetrySourceGeneratorTests.Generate_GivenLoggerOnlyInterfaceWithMethodHavingBothLoggingAndMetricsAttributes_RaisesMissingInterfaceSourceDiagnostic#TraceAttribute.g.received.cs
    Verified: TelemetrySourceGeneratorTests.Generate_GivenLoggerOnlyInterfaceWithMethodHavingBothLoggingAndMetricsAttributes_RaisesMissingInterfaceSourceDiagnostic#TraceAttribute.g.verified.cs
  - Received: TelemetrySourceGeneratorTests.Generate_GivenLoggerOnlyInterfaceWithMethodHavingBothLoggingAndMetricsAttributes_RaisesMissingInterfaceSourceDiagnostic#UpDownCounterAttribute.g.received.cs
    Verified: TelemetrySourceGeneratorTests.Generate_GivenLoggerOnlyInterfaceWithMethodHavingBothLoggingAndMetricsAttributes_RaisesMissingInterfaceSourceDiagnostic#UpDownCounterAttribute.g.verified.cs
  - Received: TelemetrySourceGeneratorTests.Generate_GivenLoggerOnlyInterfaceWithMethodHavingBothLoggingAndMetricsAttributes_RaisesMissingInterfaceSourceDiagnostic#WarningAttribute.g.received.cs
    Verified: TelemetrySourceGeneratorTests.Generate_GivenLoggerOnlyInterfaceWithMethodHavingBothLoggingAndMetricsAttributes_RaisesMissingInterfaceSourceDiagnostic#WarningAttribute.g.verified.cs

  from P:\GitHub\kjldev\purview-telemetry-sourcegenerator\src\Purview.Telemetry.SourceGenerator.IntegrationTests\bin\Release\net10.0\Purview.Telemetry.SourceGenerator.IntegrationTests.dll (net10.0|x64)
  TUnit.Engine.Exceptions.TestFailedException: [Test Failure] VerifyException: Directory: P:\GitHub\kjldev\purview-telemetry-sourcegenerator\src\Purview.Telemetry.SourceGenerator.IntegrationTests\Snapshots
  Delete:
    - TelemetrySourceGeneratorTests.Generate_GivenLoggerOnlyInterfaceWithMethodHavingBothLoggingAndMetricsAttributes_RaisesMissingInterfaceSourceDiagnostic.verified.txt
  Equal:
    - Received: TelemetrySourceGeneratorTests.Generate_GivenLoggerOnlyInterfaceWithMethodHavingBothLoggingAndMetricsAttributes_RaisesMissingInterfaceSourceDiagnostic#ActivityAttribute.g.received.cs
      Verified: TelemetrySourceGeneratorTests.Generate_GivenLoggerOnlyInterfaceWithMethodHavingBothLoggingAndMetricsAttributes_RaisesMissingInterfaceSourceDiagnostic#ActivityAttribute.g.verified.cs
    - Received: TelemetrySourceGeneratorTests.Generate_GivenLoggerOnlyInterfaceWithMethodHavingBothLoggingAndMetricsAttributes_RaisesMissingInterfaceSourceDiagnostic#ActivitySourceAttribute.g.received.cs
      Verified: TelemetrySourceGeneratorTests.Generate_GivenLoggerOnlyInterfaceWithMethodHavingBothLoggingAndMetricsAttributes_RaisesMissingInterfaceSourceDiagnostic#ActivitySourceAttribute.g.verified.cs
    - Received: TelemetrySourceGeneratorTests.Generate_GivenLoggerOnlyInterfaceWithMethodHavingBothLoggingAndMetricsAttributes_RaisesMissingInterfaceSourceDiagnostic#ActivitySourceGenerationAttribute.g.received.cs
      Verified: TelemetrySourceGeneratorTests.Generate_GivenLoggerOnlyInterfaceWithMethodHavingBothLoggingAndMetricsAttributes_RaisesMissingInterfaceSourceDiagnostic#ActivitySourceGenerationAttribute.g.verified.cs
    - Received: TelemetrySourceGeneratorTests.Generate_GivenLoggerOnlyInterfaceWithMethodHavingBothLoggingAndMetricsAttributes_RaisesMissingInterfaceSourceDiagnostic#AutoCounterAttribute.g.received.cs
      Verified: TelemetrySourceGeneratorTests.Generate_GivenLoggerOnlyInterfaceWithMethodHavingBothLoggingAndMetricsAttributes_RaisesMissingInterfaceSourceDiagnostic#AutoCounterAttribute.g.verified.cs
    - Received: TelemetrySourceGeneratorTests.Generate_GivenLoggerOnlyInterfaceWithMethodHavingBothLoggingAndMetricsAttributes_RaisesMissingInterfaceSourceDiagnostic#BaggageAttribute.g.received.cs
      Verified: TelemetrySourceGeneratorTests.Generate_GivenLoggerOnlyInterfaceWithMethodHavingBothLoggingAndMetricsAttributes_RaisesMissingInterfaceSourceDiagnostic#BaggageAttribute.g.verified.cs
    - Received: TelemetrySourceGeneratorTests.Generate_GivenLoggerOnlyInterfaceWithMethodHavingBothLoggingAndMetricsAttributes_RaisesMissingInterfaceSourceDiagnostic#ContextAttribute.g.received.cs
      Verified: TelemetrySourceGeneratorTests.Generate_GivenLoggerOnlyInterfaceWithMethodHavingBothLoggingAndMetricsAttributes_RaisesMissingInterfaceSourceDiagnostic#ContextAttribute.g.verified.cs
    - Received: TelemetrySourceGeneratorTests.Generate_GivenLoggerOnlyInterfaceWithMethodHavingBothLoggingAndMetricsAttributes_RaisesMissingInterfaceSourceDiagnostic#CounterAttribute.g.received.cs
      Verified: TelemetrySourceGeneratorTests.Generate_GivenLoggerOnlyInterfaceWithMethodHavingBothLoggingAndMetricsAttributes_RaisesMissingInterfaceSourceDiagnostic#CounterAttribute.g.verified.cs
    - Received: TelemetrySourceGeneratorTests.Generate_GivenLoggerOnlyInterfaceWithMethodHavingBothLoggingAndMetricsAttributes_RaisesMissingInterfaceSourceDiagnostic#CriticalAttribute.g.received.cs
      Verified: TelemetrySourceGeneratorTests.Generate_GivenLoggerOnlyInterfaceWithMethodHavingBothLoggingAndMetricsAttributes_RaisesMissingInterfaceSourceDiagnostic#CriticalAttribute.g.verified.cs
    - Received: TelemetrySourceGeneratorTests.Generate_GivenLoggerOnlyInterfaceWithMethodHavingBothLoggingAndMetricsAttributes_RaisesMissingInterfaceSourceDiagnostic#DebugAttribute.g.received.cs
      Verified: TelemetrySourceGeneratorTests.Generate_GivenLoggerOnlyInterfaceWithMethodHavingBothLoggingAndMetricsAttributes_RaisesMissingInterfaceSourceDiagnostic#DebugAttribute.g.verified.cs
    - Received: TelemetrySourceGeneratorTests.Generate_GivenLoggerOnlyInterfaceWithMethodHavingBothLoggingAndMetricsAttributes_RaisesMissingInterfaceSourceDiagnostic#ErrorAttribute.g.received.cs
      Verified: TelemetrySourceGeneratorTests.Generate_GivenLoggerOnlyInterfaceWithMethodHavingBothLoggingAndMetricsAttributes_RaisesMissingInterfaceSourceDiagnostic#ErrorAttribute.g.verified.cs
    - Received: TelemetrySourceGeneratorTests.Generate_GivenLoggerOnlyInterfaceWithMethodHavingBothLoggingAndMetricsAttributes_RaisesMissingInterfaceSourceDiagnostic#EscapeAttribute.g.received.cs
      Verified: TelemetrySourceGeneratorTests.Generate_GivenLoggerOnlyInterfaceWithMethodHavingBothLoggingAndMetricsAttributes_RaisesMissingInterfaceSourceDiagnostic#EscapeAttribute.g.verified.cs
    - Received: TelemetrySourceGeneratorTests.Generate_GivenLoggerOnlyInterfaceWithMethodHavingBothLoggingAndMetricsAttributes_RaisesMissingInterfaceSourceDiagnostic#EventAttribute.g.received.cs
      Verified: TelemetrySourceGeneratorTests.Generate_GivenLoggerOnlyInterfaceWithMethodHavingBothLoggingAndMetricsAttributes_RaisesMissingInterfaceSourceDiagnostic#EventAttribute.g.verified.cs
    - Received: TelemetrySourceGeneratorTests.Generate_GivenLoggerOnlyInterfaceWithMethodHavingBothLoggingAndMetricsAttributes_RaisesMissingInterfaceSourceDiagnostic#ExcludeAttribute.g.received.cs
      Verified: TelemetrySourceGeneratorTests.Generate_GivenLoggerOnlyInterfaceWithMethodHavingBothLoggingAndMetricsAttributes_RaisesMissingInterfaceSourceDiagnostic#ExcludeAttribute.g.verified.cs
    - Received: TelemetrySourceGeneratorTests.Generate_GivenLoggerOnlyInterfaceWithMethodHavingBothLoggingAndMetricsAttributes_RaisesMissingInterfaceSourceDiagnostic#ExcludeTargetsAttribute.g.received.cs
      Verified: TelemetrySourceGeneratorTests.Generate_GivenLoggerOnlyInterfaceWithMethodHavingBothLoggingAndMetricsAttributes_RaisesMissingInterfaceSourceDiagnostic#ExcludeTargetsAttribute.g.verified.cs
    - Received: TelemetrySourceGeneratorTests.Generate_GivenLoggerOnlyInterfaceWithMethodHavingBothLoggingAndMetricsAttributes_RaisesMissingInterfaceSourceDiagnostic#ExpandEnumerableAttribute.g.received.cs
      Verified: TelemetrySourceGeneratorTests.Generate_GivenLoggerOnlyInterfaceWithMethodHavingBothLoggingAndMetricsAttributes_RaisesMissingInterfaceSourceDiagnostic#ExpandEnumerableAttribute.g.verified.cs
    - Received: TelemetrySourceGeneratorTests.Generate_GivenLoggerOnlyInterfaceWithMethodHavingBothLoggingAndMetricsAttributes_RaisesMissingInterfaceSourceDiagnostic#HistogramAttribute.g.received.cs
      Verified: TelemetrySourceGeneratorTests.Generate_GivenLoggerOnlyInterfaceWithMethodHavingBothLoggingAndMetricsAttributes_RaisesMissingInterfaceSourceDiagnostic#HistogramAttribute.g.verified.cs
    - Received: TelemetrySourceGeneratorTests.Generate_GivenLoggerOnlyInterfaceWithMethodHavingBothLoggingAndMetricsAttributes_RaisesMissingInterfaceSourceDiagnostic#InfoAttribute.g.received.cs
      Verified: TelemetrySourceGeneratorTests.Generate_GivenLoggerOnlyInterfaceWithMethodHavingBothLoggingAndMetricsAttributes_RaisesMissingInterfaceSourceDiagnostic#InfoAttribute.g.verified.cs
    - Received: TelemetrySourceGeneratorTests.Generate_GivenLoggerOnlyInterfaceWithMethodHavingBothLoggingAndMetricsAttributes_RaisesMissingInterfaceSourceDiagnostic#InstrumentMeasurementAttribute.g.received.cs
      Verified: TelemetrySourceGeneratorTests.Generate_GivenLoggerOnlyInterfaceWithMethodHavingBothLoggingAndMetricsAttributes_RaisesMissingInterfaceSourceDiagnostic#InstrumentMeasurementAttribute.g.verified.cs
    - Received: TelemetrySourceGeneratorTests.Generate_GivenLoggerOnlyInterfaceWithMethodHavingBothLoggingAndMetricsAttributes_RaisesMissingInterfaceSourceDiagnostic#LogAttribute.g.received.cs
      Verified: TelemetrySourceGeneratorTests.Generate_GivenLoggerOnlyInterfaceWithMethodHavingBothLoggingAndMetricsAttributes_RaisesMissingInterfaceSourceDiagnostic#LogAttribute.g.verified.cs
    - Received: TelemetrySourceGeneratorTests.Generate_GivenLoggerOnlyInterfaceWithMethodHavingBothLoggingAndMetricsAttributes_RaisesMissingInterfaceSourceDiagnostic#LoggerAttribute.g.received.cs
      Verified: TelemetrySourceGeneratorTests.Generate_GivenLoggerOnlyInterfaceWithMethodHavingBothLoggingAndMetricsAttributes_RaisesMissingInterfaceSourceDiagnostic#LoggerAttribute.g.verified.cs
    - Received: TelemetrySourceGeneratorTests.Generate_GivenLoggerOnlyInterfaceWithMethodHavingBothLoggingAndMetricsAttributes_RaisesMissingInterfaceSourceDiagnostic#LoggerGenerationAttribute.g.received.cs
      Verified: TelemetrySourceGeneratorTests.Generate_GivenLoggerOnlyInterfaceWithMethodHavingBothLoggingAndMetricsAttributes_RaisesMissingInterfaceSourceDiagnostic#LoggerGenerationAttribute.g.verified.cs
    - Received: TelemetrySourceGeneratorTests.Generate_GivenLoggerOnlyInterfaceWithMethodHavingBothLoggingAndMetricsAttributes_RaisesMissingInterfaceSourceDiagnostic#LoggerGenerationMode.g.received.cs
      Verified: TelemetrySourceGeneratorTests.Generate_GivenLoggerOnlyInterfaceWithMethodHavingBothLoggingAndMetricsAttributes_RaisesMissingInterfaceSourceDiagnostic#LoggerGenerationMode.g.verified.cs
    - Received: TelemetrySourceGeneratorTests.Generate_GivenLoggerOnlyInterfaceWithMethodHavingBothLoggingAndMetricsAttributes_RaisesMissingInterfaceSourceDiagnostic#LogPrefixType.g.received.cs
      Verified: TelemetrySourceGeneratorTests.Generate_GivenLoggerOnlyInterfaceWithMethodHavingBothLoggingAndMetricsAttributes_RaisesMissingInterfaceSourceDiagnostic#LogPrefixType.g.verified.cs
    - Received: TelemetrySourceGeneratorTests.Generate_GivenLoggerOnlyInterfaceWithMethodHavingBothLoggingAndMetricsAttributes_RaisesMissingInterfaceSourceDiagnostic#MeterAttribute.g.received.cs
      Verified: TelemetrySourceGeneratorTests.Generate_GivenLoggerOnlyInterfaceWithMethodHavingBothLoggingAndMetricsAttributes_RaisesMissingInterfaceSourceDiagnostic#MeterAttribute.g.verified.cs
    - Received: TelemetrySourceGeneratorTests.Generate_GivenLoggerOnlyInterfaceWithMethodHavingBothLoggingAndMetricsAttributes_RaisesMissingInterfaceSourceDiagnostic#MeterGenerationAttribute.g.received.cs
      Verified: TelemetrySourceGeneratorTests.Generate_GivenLoggerOnlyInterfaceWithMethodHavingBothLoggingAndMetricsAttributes_RaisesMissingInterfaceSourceDiagnostic#MeterGenerationAttribute.g.verified.cs
    - Received: TelemetrySourceGeneratorTests.Generate_GivenLoggerOnlyInterfaceWithMethodHavingBothLoggingAndMetricsAttributes_RaisesMissingInterfaceSourceDiagnostic#MeterNameGenerationType.g.received.cs
      Verified: TelemetrySourceGeneratorTests.Generate_GivenLoggerOnlyInterfaceWithMethodHavingBothLoggingAndMetricsAttributes_RaisesMissingInterfaceSourceDiagnostic#MeterNameGenerationType.g.verified.cs
    - Received: TelemetrySourceGeneratorTests.Generate_GivenLoggerOnlyInterfaceWithMethodHavingBothLoggingAndMetricsAttributes_RaisesMissingInterfaceSourceDiagnostic#NamingConvention.g.received.cs
      Verified: TelemetrySourceGeneratorTests.Generate_GivenLoggerOnlyInterfaceWithMethodHavingBothLoggingAndMetricsAttributes_RaisesMissingInterfaceSourceDiagnostic#NamingConvention.g.verified.cs
    - Received: TelemetrySourceGeneratorTests.Generate_GivenLoggerOnlyInterfaceWithMethodHavingBothLoggingAndMetricsAttributes_RaisesMissingInterfaceSourceDiagnostic#ObservableCounterAttribute.g.received.cs
      Verified: TelemetrySourceGeneratorTests.Generate_GivenLoggerOnlyInterfaceWithMethodHavingBothLoggingAndMetricsAttributes_RaisesMissingInterfaceSourceDiagnostic#ObservableCounterAttribute.g.verified.cs
    - Received: TelemetrySourceGeneratorTests.Generate_GivenLoggerOnlyInterfaceWithMethodHavingBothLoggingAndMetricsAttributes_RaisesMissingInterfaceSourceDiagnostic#ObservableGaugeAttribute.g.received.cs
      Verified: TelemetrySourceGeneratorTests.Generate_GivenLoggerOnlyInterfaceWithMethodHavingBothLoggingAndMetricsAttributes_RaisesMissingInterfaceSourceDiagnostic#ObservableGaugeAttribute.g.verified.cs
    - Received: TelemetrySourceGeneratorTests.Generate_GivenLoggerOnlyInterfaceWithMethodHavingBothLoggingAndMetricsAttributes_RaisesMissingInterfaceSourceDiagnostic#ObservableUpDownCounterAttribute.g.received.cs
      Verified: TelemetrySourceGeneratorTests.Generate_GivenLoggerOnlyInterfaceWithMethodHavingBothLoggingAndMetricsAttributes_RaisesMissingInterfaceSourceDiagnostic#ObservableUpDownCounterAttribute.g.verified.cs
    - Received: TelemetrySourceGeneratorTests.Generate_GivenLoggerOnlyInterfaceWithMethodHavingBothLoggingAndMetricsAttributes_RaisesMissingInterfaceSourceDiagnostic#StatusDescriptionAttribute.g.received.cs
      Verified: TelemetrySourceGeneratorTests.Generate_GivenLoggerOnlyInterfaceWithMethodHavingBothLoggingAndMetricsAttributes_RaisesMissingInterfaceSourceDiagnostic#StatusDescriptionAttribute.g.verified.cs
    - Received: TelemetrySourceGeneratorTests.Generate_GivenLoggerOnlyInterfaceWithMethodHavingBothLoggingAndMetricsAttributes_RaisesMissingInterfaceSourceDiagnostic#TagAttribute.g.received.cs
      Verified: TelemetrySourceGeneratorTests.Generate_GivenLoggerOnlyInterfaceWithMethodHavingBothLoggingAndMetricsAttributes_RaisesMissingInterfaceSourceDiagnostic#TagAttribute.g.verified.cs
    - Received: TelemetrySourceGeneratorTests.Generate_GivenLoggerOnlyInterfaceWithMethodHavingBothLoggingAndMetricsAttributes_RaisesMissingInterfaceSourceDiagnostic#Targets.g.received.cs
      Verified: TelemetrySourceGeneratorTests.Generate_GivenLoggerOnlyInterfaceWithMethodHavingBothLoggingAndMetricsAttributes_RaisesMissingInterfaceSourceDiagnostic#Targets.g.verified.cs
    - Received: TelemetrySourceGeneratorTests.Generate_GivenLoggerOnlyInterfaceWithMethodHavingBothLoggingAndMetricsAttributes_RaisesMissingInterfaceSourceDiagnostic#TelemetryGenerationAttribute.g.received.cs
      Verified: TelemetrySourceGeneratorTests.Generate_GivenLoggerOnlyInterfaceWithMethodHavingBothLoggingAndMetricsAttributes_RaisesMissingInterfaceSourceDiagnostic#TelemetryGenerationAttribute.g.verified.cs
    - Received: TelemetrySourceGeneratorTests.Generate_GivenLoggerOnlyInterfaceWithMethodHavingBothLoggingAndMetricsAttributes_RaisesMissingInterfaceSourceDiagnostic#Testing.TelemetryCore.Logging.g.received.cs
      Verified: TelemetrySourceGeneratorTests.Generate_GivenLoggerOnlyInterfaceWithMethodHavingBothLoggingAndMetricsAttributes_RaisesMissingInterfaceSourceDiagnostic#Testing.TelemetryCore.Logging.g.verified.cs
    - Received: TelemetrySourceGeneratorTests.Generate_GivenLoggerOnlyInterfaceWithMethodHavingBothLoggingAndMetricsAttributes_RaisesMissingInterfaceSourceDiagnostic#TraceAttribute.g.received.cs
      Verified: TelemetrySourceGeneratorTests.Generate_GivenLoggerOnlyInterfaceWithMethodHavingBothLoggingAndMetricsAttributes_RaisesMissingInterfaceSourceDiagnostic#TraceAttribute.g.verified.cs
    - Received: TelemetrySourceGeneratorTests.Generate_GivenLoggerOnlyInterfaceWithMethodHavingBothLoggingAndMetricsAttributes_RaisesMissingInterfaceSourceDiagnostic#UpDownCounterAttribute.g.received.cs
      Verified: TelemetrySourceGeneratorTests.Generate_GivenLoggerOnlyInterfaceWithMethodHavingBothLoggingAndMetricsAttributes_RaisesMissingInterfaceSourceDiagnostic#UpDownCounterAttribute.g.verified.cs
    - Received: TelemetrySourceGeneratorTests.Generate_GivenLoggerOnlyInterfaceWithMethodHavingBothLoggingAndMetricsAttributes_RaisesMissingInterfaceSourceDiagnostic#WarningAttribute.g.received.cs
      Verified: TelemetrySourceGeneratorTests.Generate_GivenLoggerOnlyInterfaceWithMethodHavingBothLoggingAndMetricsAttributes_RaisesMissingInterfaceSourceDiagnostic#WarningAttribute.g.verified.cs
  
  Standard output
    DBG: --- Adding templates.
    DBG: Adding ActivitySourceGenerationAttribute as ActivitySourceGenerationAttribute.g.cs.
    DBG: Adding ActivitySourceAttribute as ActivitySourceAttribute.g.cs.
    DBG: Adding ActivityAttribute as ActivityAttribute.g.cs.
    DBG: Adding EventAttribute as EventAttribute.g.cs.
    DBG: Adding ContextAttribute as ContextAttribute.g.cs.
    DBG: Adding BaggageAttribute as BaggageAttribute.g.cs.
    DBG: Adding EscapeAttribute as EscapeAttribute.g.cs.
    DBG: Adding StatusDescriptionAttribute as StatusDescriptionAttribute.g.cs.
    DBG: Adding LoggerGenerationAttribute as LoggerGenerationAttribute.g.cs.
    DBG: Adding LoggerAttribute as LoggerAttribute.g.cs.
    DBG: Adding LogAttribute as LogAttribute.g.cs.
    DBG: Adding LogPrefixType as LogPrefixType.g.cs.
    DBG: Adding LoggerGenerationMode as LoggerGenerationMode.g.cs.
    DBG: Adding ExpandEnumerableAttribute as ExpandEnumerableAttribute.g.cs.
    DBG: Adding TraceAttribute as TraceAttribute.g.cs.
    DBG: Adding DebugAttribute as DebugAttribute.g.cs.
    DBG: Adding InfoAttribute as InfoAttribute.g.cs.
    DBG: Adding WarningAttribute as WarningAttribute.g.cs.
    DBG: Adding ErrorAttribute as ErrorAttribute.g.cs.
    DBG: Adding CriticalAttribute as CriticalAttribute.g.cs.
    DBG: Adding MeterGenerationAttribute as MeterGenerationAttribute.g.cs.
    DBG: Adding MeterAttribute as MeterAttribute.g.cs.
    DBG: Adding MeterNameGenerationType as MeterNameGenerationType.g.cs.
    DBG: Adding InstrumentMeasurementAttribute as InstrumentMeasurementAttribute.g.cs.
    DBG: Adding AutoCounterAttribute as AutoCounterAttribute.g.cs.
    DBG: Adding CounterAttribute as CounterAttribute.g.cs.
    DBG: Adding UpDownCounterAttribute as UpDownCounterAttribute.g.cs.
    DBG: Adding HistogramAttribute as HistogramAttribute.g.cs.
    DBG: Adding ObservableCounterAttribute as ObservableCounterAttribute.g.cs.
    DBG: Adding ObservableGaugeAttribute as ObservableGaugeAttribute.g.cs.
    DBG: Adding ObservableUpDownCounterAttribute as ObservableUpDownCounterAttribute.g.cs.
    DBG: Adding TagAttribute as TagAttribute.g.cs.
    DBG: Adding ExcludeAttribute as ExcludeAttribute.g.cs.
    DBG: Adding TelemetryGenerationAttribute as TelemetryGenerationAttribute.g.cs.
    DBG: Adding Targets as Targets.g.cs.
    DBG: Adding NamingConvention as NamingConvention.g.cs.
    DBG: Adding ExcludeTargetsAttribute as ExcludeTargetsAttribute.g.cs.
    DBG: --- Finished adding templates.
    DBG: Found attribute: Purview.Telemetry.LoggerAttribute
    DBG: Found attribute: Purview.Telemetry.TelemetryGenerationAttribute(GenerateDependencyExtension = false)
    DBG: Found method ITelemetry.WarnAndCount.
    DBG: Found 1 parameter(s) for WarnAndCount.
    DBG: Found attribute: Purview.Telemetry.WarningAttribute(null, null)
    DBG: Identified ITelemetry.WarnAndCount as problematic as the interface is missing source attribute(s) for the method's target(s).
    DBG: Logger generation target: Testing.TelemetryCore
    DBG: Generating MS Gen-based logging class for: Testing.TelemetryCore
    DBG: Skipping dependency injection emit.
    
  Error output
failed Generate_GivenLoggerOnlyInterfaceWithMetricsMethod_RaisesMissingInterfaceSourceDiagnostic (5s 835ms)
  [Test Failure] VerifyException: Directory: P:\GitHub\kjldev\purview-telemetry-sourcegenerator\src\Purview.Telemetry.SourceGenerator.IntegrationTests\Snapshots
Delete:
  - TelemetrySourceGeneratorTests.Generate_GivenLoggerOnlyInterfaceWithMetricsMethod_RaisesMissingInterfaceSourceDiagnostic.verified.txt
Equal:
  - Received: TelemetrySourceGeneratorTests.Generate_GivenLoggerOnlyInterfaceWithMetricsMethod_RaisesMissingInterfaceSourceDiagnostic#ActivityAttribute.g.received.cs
    Verified: TelemetrySourceGeneratorTests.Generate_GivenLoggerOnlyInterfaceWithMetricsMethod_RaisesMissingInterfaceSourceDiagnostic#ActivityAttribute.g.verified.cs
  - Received: TelemetrySourceGeneratorTests.Generate_GivenLoggerOnlyInterfaceWithMetricsMethod_RaisesMissingInterfaceSourceDiagnostic#ActivitySourceAttribute.g.received.cs
    Verified: TelemetrySourceGeneratorTests.Generate_GivenLoggerOnlyInterfaceWithMetricsMethod_RaisesMissingInterfaceSourceDiagnostic#ActivitySourceAttribute.g.verified.cs
  - Received: TelemetrySourceGeneratorTests.Generate_GivenLoggerOnlyInterfaceWithMetricsMethod_RaisesMissingInterfaceSourceDiagnostic#ActivitySourceGenerationAttribute.g.received.cs
    Verified: TelemetrySourceGeneratorTests.Generate_GivenLoggerOnlyInterfaceWithMetricsMethod_RaisesMissingInterfaceSourceDiagnostic#ActivitySourceGenerationAttribute.g.verified.cs
  - Received: TelemetrySourceGeneratorTests.Generate_GivenLoggerOnlyInterfaceWithMetricsMethod_RaisesMissingInterfaceSourceDiagnostic#AutoCounterAttribute.g.received.cs
    Verified: TelemetrySourceGeneratorTests.Generate_GivenLoggerOnlyInterfaceWithMetricsMethod_RaisesMissingInterfaceSourceDiagnostic#AutoCounterAttribute.g.verified.cs
  - Received: TelemetrySourceGeneratorTests.Generate_GivenLoggerOnlyInterfaceWithMetricsMethod_RaisesMissingInterfaceSourceDiagnostic#BaggageAttribute.g.received.cs
    Verified: TelemetrySourceGeneratorTests.Generate_GivenLoggerOnlyInterfaceWithMetricsMethod_RaisesMissingInterfaceSourceDiagnostic#BaggageAttribute.g.verified.cs
  - Received: TelemetrySourceGeneratorTests.Generate_GivenLoggerOnlyInterfaceWithMetricsMethod_RaisesMissingInterfaceSourceDiagnostic#ContextAttribute.g.received.cs
    Verified: TelemetrySourceGeneratorTests.Generate_GivenLoggerOnlyInterfaceWithMetricsMethod_RaisesMissingInterfaceSourceDiagnostic#ContextAttribute.g.verified.cs
  - Received: TelemetrySourceGeneratorTests.Generate_GivenLoggerOnlyInterfaceWithMetricsMethod_RaisesMissingInterfaceSourceDiagnostic#CounterAttribute.g.received.cs
    Verified: TelemetrySourceGeneratorTests.Generate_GivenLoggerOnlyInterfaceWithMetricsMethod_RaisesMissingInterfaceSourceDiagnostic#CounterAttribute.g.verified.cs
  - Received: TelemetrySourceGeneratorTests.Generate_GivenLoggerOnlyInterfaceWithMetricsMethod_RaisesMissingInterfaceSourceDiagnostic#CriticalAttribute.g.received.cs
    Verified: TelemetrySourceGeneratorTests.Generate_GivenLoggerOnlyInterfaceWithMetricsMethod_RaisesMissingInterfaceSourceDiagnostic#CriticalAttribute.g.verified.cs
  - Received: TelemetrySourceGeneratorTests.Generate_GivenLoggerOnlyInterfaceWithMetricsMethod_RaisesMissingInterfaceSourceDiagnostic#DebugAttribute.g.received.cs
    Verified: TelemetrySourceGeneratorTests.Generate_GivenLoggerOnlyInterfaceWithMetricsMethod_RaisesMissingInterfaceSourceDiagnostic#DebugAttribute.g.verified.cs
  - Received: TelemetrySourceGeneratorTests.Generate_GivenLoggerOnlyInterfaceWithMetricsMethod_RaisesMissingInterfaceSourceDiagnostic#ErrorAttribute.g.received.cs
    Verified: TelemetrySourceGeneratorTests.Generate_GivenLoggerOnlyInterfaceWithMetricsMethod_RaisesMissingInterfaceSourceDiagnostic#ErrorAttribute.g.verified.cs
  - Received: TelemetrySourceGeneratorTests.Generate_GivenLoggerOnlyInterfaceWithMetricsMethod_RaisesMissingInterfaceSourceDiagnostic#EscapeAttribute.g.received.cs
    Verified: TelemetrySourceGeneratorTests.Generate_GivenLoggerOnlyInterfaceWithMetricsMethod_RaisesMissingInterfaceSourceDiagnostic#EscapeAttribute.g.verified.cs
  - Received: TelemetrySourceGeneratorTests.Generate_GivenLoggerOnlyInterfaceWithMetricsMethod_RaisesMissingInterfaceSourceDiagnostic#EventAttribute.g.received.cs
    Verified: TelemetrySourceGeneratorTests.Generate_GivenLoggerOnlyInterfaceWithMetricsMethod_RaisesMissingInterfaceSourceDiagnostic#EventAttribute.g.verified.cs
  - Received: TelemetrySourceGeneratorTests.Generate_GivenLoggerOnlyInterfaceWithMetricsMethod_RaisesMissingInterfaceSourceDiagnostic#ExcludeAttribute.g.received.cs
    Verified: TelemetrySourceGeneratorTests.Generate_GivenLoggerOnlyInterfaceWithMetricsMethod_RaisesMissingInterfaceSourceDiagnostic#ExcludeAttribute.g.verified.cs
  - Received: TelemetrySourceGeneratorTests.Generate_GivenLoggerOnlyInterfaceWithMetricsMethod_RaisesMissingInterfaceSourceDiagnostic#ExcludeTargetsAttribute.g.received.cs
    Verified: TelemetrySourceGeneratorTests.Generate_GivenLoggerOnlyInterfaceWithMetricsMethod_RaisesMissingInterfaceSourceDiagnostic#ExcludeTargetsAttribute.g.verified.cs
  - Received: TelemetrySourceGeneratorTests.Generate_GivenLoggerOnlyInterfaceWithMetricsMethod_RaisesMissingInterfaceSourceDiagnostic#ExpandEnumerableAttribute.g.received.cs
    Verified: TelemetrySourceGeneratorTests.Generate_GivenLoggerOnlyInterfaceWithMetricsMethod_RaisesMissingInterfaceSourceDiagnostic#ExpandEnumerableAttribute.g.verified.cs
  - Received: TelemetrySourceGeneratorTests.Generate_GivenLoggerOnlyInterfaceWithMetricsMethod_RaisesMissingInterfaceSourceDiagnostic#HistogramAttribute.g.received.cs
    Verified: TelemetrySourceGeneratorTests.Generate_GivenLoggerOnlyInterfaceWithMetricsMethod_RaisesMissingInterfaceSourceDiagnostic#HistogramAttribute.g.verified.cs
  - Received: TelemetrySourceGeneratorTests.Generate_GivenLoggerOnlyInterfaceWithMetricsMethod_RaisesMissingInterfaceSourceDiagnostic#InfoAttribute.g.received.cs
    Verified: TelemetrySourceGeneratorTests.Generate_GivenLoggerOnlyInterfaceWithMetricsMethod_RaisesMissingInterfaceSourceDiagnostic#InfoAttribute.g.verified.cs
  - Received: TelemetrySourceGeneratorTests.Generate_GivenLoggerOnlyInterfaceWithMetricsMethod_RaisesMissingInterfaceSourceDiagnostic#InstrumentMeasurementAttribute.g.received.cs
    Verified: TelemetrySourceGeneratorTests.Generate_GivenLoggerOnlyInterfaceWithMetricsMethod_RaisesMissingInterfaceSourceDiagnostic#InstrumentMeasurementAttribute.g.verified.cs
  - Received: TelemetrySourceGeneratorTests.Generate_GivenLoggerOnlyInterfaceWithMetricsMethod_RaisesMissingInterfaceSourceDiagnostic#LogAttribute.g.received.cs
    Verified: TelemetrySourceGeneratorTests.Generate_GivenLoggerOnlyInterfaceWithMetricsMethod_RaisesMissingInterfaceSourceDiagnostic#LogAttribute.g.verified.cs
  - Received: TelemetrySourceGeneratorTests.Generate_GivenLoggerOnlyInterfaceWithMetricsMethod_RaisesMissingInterfaceSourceDiagnostic#LoggerAttribute.g.received.cs
    Verified: TelemetrySourceGeneratorTests.Generate_GivenLoggerOnlyInterfaceWithMetricsMethod_RaisesMissingInterfaceSourceDiagnostic#LoggerAttribute.g.verified.cs
  - Received: TelemetrySourceGeneratorTests.Generate_GivenLoggerOnlyInterfaceWithMetricsMethod_RaisesMissingInterfaceSourceDiagnostic#LoggerGenerationAttribute.g.received.cs
    Verified: TelemetrySourceGeneratorTests.Generate_GivenLoggerOnlyInterfaceWithMetricsMethod_RaisesMissingInterfaceSourceDiagnostic#LoggerGenerationAttribute.g.verified.cs
  - Received: TelemetrySourceGeneratorTests.Generate_GivenLoggerOnlyInterfaceWithMetricsMethod_RaisesMissingInterfaceSourceDiagnostic#LoggerGenerationMode.g.received.cs
    Verified: TelemetrySourceGeneratorTests.Generate_GivenLoggerOnlyInterfaceWithMetricsMethod_RaisesMissingInterfaceSourceDiagnostic#LoggerGenerationMode.g.verified.cs
  - Received: TelemetrySourceGeneratorTests.Generate_GivenLoggerOnlyInterfaceWithMetricsMethod_RaisesMissingInterfaceSourceDiagnostic#LogPrefixType.g.received.cs
    Verified: TelemetrySourceGeneratorTests.Generate_GivenLoggerOnlyInterfaceWithMetricsMethod_RaisesMissingInterfaceSourceDiagnostic#LogPrefixType.g.verified.cs
  - Received: TelemetrySourceGeneratorTests.Generate_GivenLoggerOnlyInterfaceWithMetricsMethod_RaisesMissingInterfaceSourceDiagnostic#MeterAttribute.g.received.cs
    Verified: TelemetrySourceGeneratorTests.Generate_GivenLoggerOnlyInterfaceWithMetricsMethod_RaisesMissingInterfaceSourceDiagnostic#MeterAttribute.g.verified.cs
  - Received: TelemetrySourceGeneratorTests.Generate_GivenLoggerOnlyInterfaceWithMetricsMethod_RaisesMissingInterfaceSourceDiagnostic#MeterGenerationAttribute.g.received.cs
    Verified: TelemetrySourceGeneratorTests.Generate_GivenLoggerOnlyInterfaceWithMetricsMethod_RaisesMissingInterfaceSourceDiagnostic#MeterGenerationAttribute.g.verified.cs
  - Received: TelemetrySourceGeneratorTests.Generate_GivenLoggerOnlyInterfaceWithMetricsMethod_RaisesMissingInterfaceSourceDiagnostic#MeterNameGenerationType.g.received.cs
    Verified: TelemetrySourceGeneratorTests.Generate_GivenLoggerOnlyInterfaceWithMetricsMethod_RaisesMissingInterfaceSourceDiagnostic#MeterNameGenerationType.g.verified.cs
  - Received: TelemetrySourceGeneratorTests.Generate_GivenLoggerOnlyInterfaceWithMetricsMethod_RaisesMissingInterfaceSourceDiagnostic#NamingConvention.g.received.cs
    Verified: TelemetrySourceGeneratorTests.Generate_GivenLoggerOnlyInterfaceWithMetricsMethod_RaisesMissingInterfaceSourceDiagnostic#NamingConvention.g.verified.cs
  - Received: TelemetrySourceGeneratorTests.Generate_GivenLoggerOnlyInterfaceWithMetricsMethod_RaisesMissingInterfaceSourceDiagnostic#ObservableCounterAttribute.g.received.cs
    Verified: TelemetrySourceGeneratorTests.Generate_GivenLoggerOnlyInterfaceWithMetricsMethod_RaisesMissingInterfaceSourceDiagnostic#ObservableCounterAttribute.g.verified.cs
  - Received: TelemetrySourceGeneratorTests.Generate_GivenLoggerOnlyInterfaceWithMetricsMethod_RaisesMissingInterfaceSourceDiagnostic#ObservableGaugeAttribute.g.received.cs
    Verified: TelemetrySourceGeneratorTests.Generate_GivenLoggerOnlyInterfaceWithMetricsMethod_RaisesMissingInterfaceSourceDiagnostic#ObservableGaugeAttribute.g.verified.cs
  - Received: TelemetrySourceGeneratorTests.Generate_GivenLoggerOnlyInterfaceWithMetricsMethod_RaisesMissingInterfaceSourceDiagnostic#ObservableUpDownCounterAttribute.g.received.cs
    Verified: TelemetrySourceGeneratorTests.Generate_GivenLoggerOnlyInterfaceWithMetricsMethod_RaisesMissingInterfaceSourceDiagnostic#ObservableUpDownCounterAttribute.g.verified.cs
  - Received: TelemetrySourceGeneratorTests.Generate_GivenLoggerOnlyInterfaceWithMetricsMethod_RaisesMissingInterfaceSourceDiagnostic#StatusDescriptionAttribute.g.received.cs
    Verified: TelemetrySourceGeneratorTests.Generate_GivenLoggerOnlyInterfaceWithMetricsMethod_RaisesMissingInterfaceSourceDiagnostic#StatusDescriptionAttribute.g.verified.cs
  - Received: TelemetrySourceGeneratorTests.Generate_GivenLoggerOnlyInterfaceWithMetricsMethod_RaisesMissingInterfaceSourceDiagnostic#TagAttribute.g.received.cs
    Verified: TelemetrySourceGeneratorTests.Generate_GivenLoggerOnlyInterfaceWithMetricsMethod_RaisesMissingInterfaceSourceDiagnostic#TagAttribute.g.verified.cs
  - Received: TelemetrySourceGeneratorTests.Generate_GivenLoggerOnlyInterfaceWithMetricsMethod_RaisesMissingInterfaceSourceDiagnostic#Targets.g.received.cs
    Verified: TelemetrySourceGeneratorTests.Generate_GivenLoggerOnlyInterfaceWithMetricsMethod_RaisesMissingInterfaceSourceDiagnostic#Targets.g.verified.cs
  - Received: TelemetrySourceGeneratorTests.Generate_GivenLoggerOnlyInterfaceWithMetricsMethod_RaisesMissingInterfaceSourceDiagnostic#TelemetryGenerationAttribute.g.received.cs
    Verified: TelemetrySourceGeneratorTests.Generate_GivenLoggerOnlyInterfaceWithMetricsMethod_RaisesMissingInterfaceSourceDiagnostic#TelemetryGenerationAttribute.g.verified.cs
  - Received: TelemetrySourceGeneratorTests.Generate_GivenLoggerOnlyInterfaceWithMetricsMethod_RaisesMissingInterfaceSourceDiagnostic#Testing.TelemetryCore.Logging.g.received.cs
    Verified: TelemetrySourceGeneratorTests.Generate_GivenLoggerOnlyInterfaceWithMetricsMethod_RaisesMissingInterfaceSourceDiagnostic#Testing.TelemetryCore.Logging.g.verified.cs
  - Received: TelemetrySourceGeneratorTests.Generate_GivenLoggerOnlyInterfaceWithMetricsMethod_RaisesMissingInterfaceSourceDiagnostic#TraceAttribute.g.received.cs
    Verified: TelemetrySourceGeneratorTests.Generate_GivenLoggerOnlyInterfaceWithMetricsMethod_RaisesMissingInterfaceSourceDiagnostic#TraceAttribute.g.verified.cs
  - Received: TelemetrySourceGeneratorTests.Generate_GivenLoggerOnlyInterfaceWithMetricsMethod_RaisesMissingInterfaceSourceDiagnostic#UpDownCounterAttribute.g.received.cs
    Verified: TelemetrySourceGeneratorTests.Generate_GivenLoggerOnlyInterfaceWithMetricsMethod_RaisesMissingInterfaceSourceDiagnostic#UpDownCounterAttribute.g.verified.cs
  - Received: TelemetrySourceGeneratorTests.Generate_GivenLoggerOnlyInterfaceWithMetricsMethod_RaisesMissingInterfaceSourceDiagnostic#WarningAttribute.g.received.cs
    Verified: TelemetrySourceGeneratorTests.Generate_GivenLoggerOnlyInterfaceWithMetricsMethod_RaisesMissingInterfaceSourceDiagnostic#WarningAttribute.g.verified.cs

  from P:\GitHub\kjldev\purview-telemetry-sourcegenerator\src\Purview.Telemetry.SourceGenerator.IntegrationTests\bin\Release\net10.0\Purview.Telemetry.SourceGenerator.IntegrationTests.dll (net10.0|x64)
  TUnit.Engine.Exceptions.TestFailedException: [Test Failure] VerifyException: Directory: P:\GitHub\kjldev\purview-telemetry-sourcegenerator\src\Purview.Telemetry.SourceGenerator.IntegrationTests\Snapshots
  Delete:
    - TelemetrySourceGeneratorTests.Generate_GivenLoggerOnlyInterfaceWithMetricsMethod_RaisesMissingInterfaceSourceDiagnostic.verified.txt
  Equal:
    - Received: TelemetrySourceGeneratorTests.Generate_GivenLoggerOnlyInterfaceWithMetricsMethod_RaisesMissingInterfaceSourceDiagnostic#ActivityAttribute.g.received.cs
      Verified: TelemetrySourceGeneratorTests.Generate_GivenLoggerOnlyInterfaceWithMetricsMethod_RaisesMissingInterfaceSourceDiagnostic#ActivityAttribute.g.verified.cs
    - Received: TelemetrySourceGeneratorTests.Generate_GivenLoggerOnlyInterfaceWithMetricsMethod_RaisesMissingInterfaceSourceDiagnostic#ActivitySourceAttribute.g.received.cs
      Verified: TelemetrySourceGeneratorTests.Generate_GivenLoggerOnlyInterfaceWithMetricsMethod_RaisesMissingInterfaceSourceDiagnostic#ActivitySourceAttribute.g.verified.cs
    - Received: TelemetrySourceGeneratorTests.Generate_GivenLoggerOnlyInterfaceWithMetricsMethod_RaisesMissingInterfaceSourceDiagnostic#ActivitySourceGenerationAttribute.g.received.cs
      Verified: TelemetrySourceGeneratorTests.Generate_GivenLoggerOnlyInterfaceWithMetricsMethod_RaisesMissingInterfaceSourceDiagnostic#ActivitySourceGenerationAttribute.g.verified.cs
    - Received: TelemetrySourceGeneratorTests.Generate_GivenLoggerOnlyInterfaceWithMetricsMethod_RaisesMissingInterfaceSourceDiagnostic#AutoCounterAttribute.g.received.cs
      Verified: TelemetrySourceGeneratorTests.Generate_GivenLoggerOnlyInterfaceWithMetricsMethod_RaisesMissingInterfaceSourceDiagnostic#AutoCounterAttribute.g.verified.cs
    - Received: TelemetrySourceGeneratorTests.Generate_GivenLoggerOnlyInterfaceWithMetricsMethod_RaisesMissingInterfaceSourceDiagnostic#BaggageAttribute.g.received.cs
      Verified: TelemetrySourceGeneratorTests.Generate_GivenLoggerOnlyInterfaceWithMetricsMethod_RaisesMissingInterfaceSourceDiagnostic#BaggageAttribute.g.verified.cs
    - Received: TelemetrySourceGeneratorTests.Generate_GivenLoggerOnlyInterfaceWithMetricsMethod_RaisesMissingInterfaceSourceDiagnostic#ContextAttribute.g.received.cs
      Verified: TelemetrySourceGeneratorTests.Generate_GivenLoggerOnlyInterfaceWithMetricsMethod_RaisesMissingInterfaceSourceDiagnostic#ContextAttribute.g.verified.cs
    - Received: TelemetrySourceGeneratorTests.Generate_GivenLoggerOnlyInterfaceWithMetricsMethod_RaisesMissingInterfaceSourceDiagnostic#CounterAttribute.g.received.cs
      Verified: TelemetrySourceGeneratorTests.Generate_GivenLoggerOnlyInterfaceWithMetricsMethod_RaisesMissingInterfaceSourceDiagnostic#CounterAttribute.g.verified.cs
    - Received: TelemetrySourceGeneratorTests.Generate_GivenLoggerOnlyInterfaceWithMetricsMethod_RaisesMissingInterfaceSourceDiagnostic#CriticalAttribute.g.received.cs
      Verified: TelemetrySourceGeneratorTests.Generate_GivenLoggerOnlyInterfaceWithMetricsMethod_RaisesMissingInterfaceSourceDiagnostic#CriticalAttribute.g.verified.cs
    - Received: TelemetrySourceGeneratorTests.Generate_GivenLoggerOnlyInterfaceWithMetricsMethod_RaisesMissingInterfaceSourceDiagnostic#DebugAttribute.g.received.cs
      Verified: TelemetrySourceGeneratorTests.Generate_GivenLoggerOnlyInterfaceWithMetricsMethod_RaisesMissingInterfaceSourceDiagnostic#DebugAttribute.g.verified.cs
    - Received: TelemetrySourceGeneratorTests.Generate_GivenLoggerOnlyInterfaceWithMetricsMethod_RaisesMissingInterfaceSourceDiagnostic#ErrorAttribute.g.received.cs
      Verified: TelemetrySourceGeneratorTests.Generate_GivenLoggerOnlyInterfaceWithMetricsMethod_RaisesMissingInterfaceSourceDiagnostic#ErrorAttribute.g.verified.cs
    - Received: TelemetrySourceGeneratorTests.Generate_GivenLoggerOnlyInterfaceWithMetricsMethod_RaisesMissingInterfaceSourceDiagnostic#EscapeAttribute.g.received.cs
      Verified: TelemetrySourceGeneratorTests.Generate_GivenLoggerOnlyInterfaceWithMetricsMethod_RaisesMissingInterfaceSourceDiagnostic#EscapeAttribute.g.verified.cs
    - Received: TelemetrySourceGeneratorTests.Generate_GivenLoggerOnlyInterfaceWithMetricsMethod_RaisesMissingInterfaceSourceDiagnostic#EventAttribute.g.received.cs
      Verified: TelemetrySourceGeneratorTests.Generate_GivenLoggerOnlyInterfaceWithMetricsMethod_RaisesMissingInterfaceSourceDiagnostic#EventAttribute.g.verified.cs
    - Received: TelemetrySourceGeneratorTests.Generate_GivenLoggerOnlyInterfaceWithMetricsMethod_RaisesMissingInterfaceSourceDiagnostic#ExcludeAttribute.g.received.cs
      Verified: TelemetrySourceGeneratorTests.Generate_GivenLoggerOnlyInterfaceWithMetricsMethod_RaisesMissingInterfaceSourceDiagnostic#ExcludeAttribute.g.verified.cs
    - Received: TelemetrySourceGeneratorTests.Generate_GivenLoggerOnlyInterfaceWithMetricsMethod_RaisesMissingInterfaceSourceDiagnostic#ExcludeTargetsAttribute.g.received.cs
      Verified: TelemetrySourceGeneratorTests.Generate_GivenLoggerOnlyInterfaceWithMetricsMethod_RaisesMissingInterfaceSourceDiagnostic#ExcludeTargetsAttribute.g.verified.cs
    - Received: TelemetrySourceGeneratorTests.Generate_GivenLoggerOnlyInterfaceWithMetricsMethod_RaisesMissingInterfaceSourceDiagnostic#ExpandEnumerableAttribute.g.received.cs
      Verified: TelemetrySourceGeneratorTests.Generate_GivenLoggerOnlyInterfaceWithMetricsMethod_RaisesMissingInterfaceSourceDiagnostic#ExpandEnumerableAttribute.g.verified.cs
    - Received: TelemetrySourceGeneratorTests.Generate_GivenLoggerOnlyInterfaceWithMetricsMethod_RaisesMissingInterfaceSourceDiagnostic#HistogramAttribute.g.received.cs
      Verified: TelemetrySourceGeneratorTests.Generate_GivenLoggerOnlyInterfaceWithMetricsMethod_RaisesMissingInterfaceSourceDiagnostic#HistogramAttribute.g.verified.cs
    - Received: TelemetrySourceGeneratorTests.Generate_GivenLoggerOnlyInterfaceWithMetricsMethod_RaisesMissingInterfaceSourceDiagnostic#InfoAttribute.g.received.cs
      Verified: TelemetrySourceGeneratorTests.Generate_GivenLoggerOnlyInterfaceWithMetricsMethod_RaisesMissingInterfaceSourceDiagnostic#InfoAttribute.g.verified.cs
    - Received: TelemetrySourceGeneratorTests.Generate_GivenLoggerOnlyInterfaceWithMetricsMethod_RaisesMissingInterfaceSourceDiagnostic#InstrumentMeasurementAttribute.g.received.cs
      Verified: TelemetrySourceGeneratorTests.Generate_GivenLoggerOnlyInterfaceWithMetricsMethod_RaisesMissingInterfaceSourceDiagnostic#InstrumentMeasurementAttribute.g.verified.cs
    - Received: TelemetrySourceGeneratorTests.Generate_GivenLoggerOnlyInterfaceWithMetricsMethod_RaisesMissingInterfaceSourceDiagnostic#LogAttribute.g.received.cs
      Verified: TelemetrySourceGeneratorTests.Generate_GivenLoggerOnlyInterfaceWithMetricsMethod_RaisesMissingInterfaceSourceDiagnostic#LogAttribute.g.verified.cs
    - Received: TelemetrySourceGeneratorTests.Generate_GivenLoggerOnlyInterfaceWithMetricsMethod_RaisesMissingInterfaceSourceDiagnostic#LoggerAttribute.g.received.cs
      Verified: TelemetrySourceGeneratorTests.Generate_GivenLoggerOnlyInterfaceWithMetricsMethod_RaisesMissingInterfaceSourceDiagnostic#LoggerAttribute.g.verified.cs
    - Received: TelemetrySourceGeneratorTests.Generate_GivenLoggerOnlyInterfaceWithMetricsMethod_RaisesMissingInterfaceSourceDiagnostic#LoggerGenerationAttribute.g.received.cs
      Verified: TelemetrySourceGeneratorTests.Generate_GivenLoggerOnlyInterfaceWithMetricsMethod_RaisesMissingInterfaceSourceDiagnostic#LoggerGenerationAttribute.g.verified.cs
    - Received: TelemetrySourceGeneratorTests.Generate_GivenLoggerOnlyInterfaceWithMetricsMethod_RaisesMissingInterfaceSourceDiagnostic#LoggerGenerationMode.g.received.cs
      Verified: TelemetrySourceGeneratorTests.Generate_GivenLoggerOnlyInterfaceWithMetricsMethod_RaisesMissingInterfaceSourceDiagnostic#LoggerGenerationMode.g.verified.cs
    - Received: TelemetrySourceGeneratorTests.Generate_GivenLoggerOnlyInterfaceWithMetricsMethod_RaisesMissingInterfaceSourceDiagnostic#LogPrefixType.g.received.cs
      Verified: TelemetrySourceGeneratorTests.Generate_GivenLoggerOnlyInterfaceWithMetricsMethod_RaisesMissingInterfaceSourceDiagnostic#LogPrefixType.g.verified.cs
    - Received: TelemetrySourceGeneratorTests.Generate_GivenLoggerOnlyInterfaceWithMetricsMethod_RaisesMissingInterfaceSourceDiagnostic#MeterAttribute.g.received.cs
      Verified: TelemetrySourceGeneratorTests.Generate_GivenLoggerOnlyInterfaceWithMetricsMethod_RaisesMissingInterfaceSourceDiagnostic#MeterAttribute.g.verified.cs
    - Received: TelemetrySourceGeneratorTests.Generate_GivenLoggerOnlyInterfaceWithMetricsMethod_RaisesMissingInterfaceSourceDiagnostic#MeterGenerationAttribute.g.received.cs
      Verified: TelemetrySourceGeneratorTests.Generate_GivenLoggerOnlyInterfaceWithMetricsMethod_RaisesMissingInterfaceSourceDiagnostic#MeterGenerationAttribute.g.verified.cs
    - Received: TelemetrySourceGeneratorTests.Generate_GivenLoggerOnlyInterfaceWithMetricsMethod_RaisesMissingInterfaceSourceDiagnostic#MeterNameGenerationType.g.received.cs
      Verified: TelemetrySourceGeneratorTests.Generate_GivenLoggerOnlyInterfaceWithMetricsMethod_RaisesMissingInterfaceSourceDiagnostic#MeterNameGenerationType.g.verified.cs
    - Received: TelemetrySourceGeneratorTests.Generate_GivenLoggerOnlyInterfaceWithMetricsMethod_RaisesMissingInterfaceSourceDiagnostic#NamingConvention.g.received.cs
      Verified: TelemetrySourceGeneratorTests.Generate_GivenLoggerOnlyInterfaceWithMetricsMethod_RaisesMissingInterfaceSourceDiagnostic#NamingConvention.g.verified.cs
    - Received: TelemetrySourceGeneratorTests.Generate_GivenLoggerOnlyInterfaceWithMetricsMethod_RaisesMissingInterfaceSourceDiagnostic#ObservableCounterAttribute.g.received.cs
      Verified: TelemetrySourceGeneratorTests.Generate_GivenLoggerOnlyInterfaceWithMetricsMethod_RaisesMissingInterfaceSourceDiagnostic#ObservableCounterAttribute.g.verified.cs
    - Received: TelemetrySourceGeneratorTests.Generate_GivenLoggerOnlyInterfaceWithMetricsMethod_RaisesMissingInterfaceSourceDiagnostic#ObservableGaugeAttribute.g.received.cs
      Verified: TelemetrySourceGeneratorTests.Generate_GivenLoggerOnlyInterfaceWithMetricsMethod_RaisesMissingInterfaceSourceDiagnostic#ObservableGaugeAttribute.g.verified.cs
    - Received: TelemetrySourceGeneratorTests.Generate_GivenLoggerOnlyInterfaceWithMetricsMethod_RaisesMissingInterfaceSourceDiagnostic#ObservableUpDownCounterAttribute.g.received.cs
      Verified: TelemetrySourceGeneratorTests.Generate_GivenLoggerOnlyInterfaceWithMetricsMethod_RaisesMissingInterfaceSourceDiagnostic#ObservableUpDownCounterAttribute.g.verified.cs
    - Received: TelemetrySourceGeneratorTests.Generate_GivenLoggerOnlyInterfaceWithMetricsMethod_RaisesMissingInterfaceSourceDiagnostic#StatusDescriptionAttribute.g.received.cs
      Verified: TelemetrySourceGeneratorTests.Generate_GivenLoggerOnlyInterfaceWithMetricsMethod_RaisesMissingInterfaceSourceDiagnostic#StatusDescriptionAttribute.g.verified.cs
    - Received: TelemetrySourceGeneratorTests.Generate_GivenLoggerOnlyInterfaceWithMetricsMethod_RaisesMissingInterfaceSourceDiagnostic#TagAttribute.g.received.cs
      Verified: TelemetrySourceGeneratorTests.Generate_GivenLoggerOnlyInterfaceWithMetricsMethod_RaisesMissingInterfaceSourceDiagnostic#TagAttribute.g.verified.cs
    - Received: TelemetrySourceGeneratorTests.Generate_GivenLoggerOnlyInterfaceWithMetricsMethod_RaisesMissingInterfaceSourceDiagnostic#Targets.g.received.cs
      Verified: TelemetrySourceGeneratorTests.Generate_GivenLoggerOnlyInterfaceWithMetricsMethod_RaisesMissingInterfaceSourceDiagnostic#Targets.g.verified.cs
    - Received: TelemetrySourceGeneratorTests.Generate_GivenLoggerOnlyInterfaceWithMetricsMethod_RaisesMissingInterfaceSourceDiagnostic#TelemetryGenerationAttribute.g.received.cs
      Verified: TelemetrySourceGeneratorTests.Generate_GivenLoggerOnlyInterfaceWithMetricsMethod_RaisesMissingInterfaceSourceDiagnostic#TelemetryGenerationAttribute.g.verified.cs
    - Received: TelemetrySourceGeneratorTests.Generate_GivenLoggerOnlyInterfaceWithMetricsMethod_RaisesMissingInterfaceSourceDiagnostic#Testing.TelemetryCore.Logging.g.received.cs
      Verified: TelemetrySourceGeneratorTests.Generate_GivenLoggerOnlyInterfaceWithMetricsMethod_RaisesMissingInterfaceSourceDiagnostic#Testing.TelemetryCore.Logging.g.verified.cs
    - Received: TelemetrySourceGeneratorTests.Generate_GivenLoggerOnlyInterfaceWithMetricsMethod_RaisesMissingInterfaceSourceDiagnostic#TraceAttribute.g.received.cs
      Verified: TelemetrySourceGeneratorTests.Generate_GivenLoggerOnlyInterfaceWithMetricsMethod_RaisesMissingInterfaceSourceDiagnostic#TraceAttribute.g.verified.cs
    - Received: TelemetrySourceGeneratorTests.Generate_GivenLoggerOnlyInterfaceWithMetricsMethod_RaisesMissingInterfaceSourceDiagnostic#UpDownCounterAttribute.g.received.cs
      Verified: TelemetrySourceGeneratorTests.Generate_GivenLoggerOnlyInterfaceWithMetricsMethod_RaisesMissingInterfaceSourceDiagnostic#UpDownCounterAttribute.g.verified.cs
    - Received: TelemetrySourceGeneratorTests.Generate_GivenLoggerOnlyInterfaceWithMetricsMethod_RaisesMissingInterfaceSourceDiagnostic#WarningAttribute.g.received.cs
      Verified: TelemetrySourceGeneratorTests.Generate_GivenLoggerOnlyInterfaceWithMetricsMethod_RaisesMissingInterfaceSourceDiagnostic#WarningAttribute.g.verified.cs
  
  Standard output
    DBG: --- Adding templates.
    DBG: Adding ActivitySourceGenerationAttribute as ActivitySourceGenerationAttribute.g.cs.
    DBG: Adding ActivitySourceAttribute as ActivitySourceAttribute.g.cs.
    DBG: Adding ActivityAttribute as ActivityAttribute.g.cs.
    DBG: Adding EventAttribute as EventAttribute.g.cs.
    DBG: Adding ContextAttribute as ContextAttribute.g.cs.
    DBG: Adding BaggageAttribute as BaggageAttribute.g.cs.
    DBG: Adding EscapeAttribute as EscapeAttribute.g.cs.
    DBG: Adding StatusDescriptionAttribute as StatusDescriptionAttribute.g.cs.
    DBG: Adding LoggerGenerationAttribute as LoggerGenerationAttribute.g.cs.
    DBG: Adding LoggerAttribute as LoggerAttribute.g.cs.
    DBG: Adding LogAttribute as LogAttribute.g.cs.
    DBG: Adding LogPrefixType as LogPrefixType.g.cs.
    DBG: Adding LoggerGenerationMode as LoggerGenerationMode.g.cs.
    DBG: Adding ExpandEnumerableAttribute as ExpandEnumerableAttribute.g.cs.
    DBG: Adding TraceAttribute as TraceAttribute.g.cs.
    DBG: Adding DebugAttribute as DebugAttribute.g.cs.
    DBG: Adding InfoAttribute as InfoAttribute.g.cs.
    DBG: Adding WarningAttribute as WarningAttribute.g.cs.
    DBG: Adding ErrorAttribute as ErrorAttribute.g.cs.
    DBG: Adding CriticalAttribute as CriticalAttribute.g.cs.
    DBG: Adding MeterGenerationAttribute as MeterGenerationAttribute.g.cs.
    DBG: Adding MeterAttribute as MeterAttribute.g.cs.
    DBG: Adding MeterNameGenerationType as MeterNameGenerationType.g.cs.
    DBG: Adding InstrumentMeasurementAttribute as InstrumentMeasurementAttribute.g.cs.
    DBG: Adding AutoCounterAttribute as AutoCounterAttribute.g.cs.
    DBG: Adding CounterAttribute as CounterAttribute.g.cs.
    DBG: Adding UpDownCounterAttribute as UpDownCounterAttribute.g.cs.
    DBG: Adding HistogramAttribute as HistogramAttribute.g.cs.
    DBG: Adding ObservableCounterAttribute as ObservableCounterAttribute.g.cs.
    DBG: Adding ObservableGaugeAttribute as ObservableGaugeAttribute.g.cs.
    DBG: Adding ObservableUpDownCounterAttribute as ObservableUpDownCounterAttribute.g.cs.
    DBG: Adding TagAttribute as TagAttribute.g.cs.
    DBG: Adding ExcludeAttribute as ExcludeAttribute.g.cs.
    DBG: Adding TelemetryGenerationAttribute as TelemetryGenerationAttribute.g.cs.
    DBG: Adding Targets as Targets.g.cs.
    DBG: Adding NamingConvention as NamingConvention.g.cs.
    DBG: Adding ExcludeTargetsAttribute as ExcludeTargetsAttribute.g.cs.
    DBG: --- Finished adding templates.
    DBG: Found attribute: Purview.Telemetry.LoggerAttribute
    DBG: Found attribute: Purview.Telemetry.TelemetryGenerationAttribute(GenerateDependencyExtension = false)
    DBG: Found method ITelemetry.WarnOperation.
    DBG: Found 1 parameter(s) for WarnOperation.
    DBG: Found attribute: Purview.Telemetry.WarningAttribute(null, null)
    DBG: Found method ITelemetry.CountOperation.
    DBG: Found 0 parameter(s) for CountOperation.
    DBG: Identified ITelemetry.CountOperation as problematic as the interface is missing source attribute(s) for the method's target(s).
    DBG: Logger generation target: Testing.TelemetryCore
    DBG: Generating MS Gen-based logging class for: Testing.TelemetryCore
    DBG: Building logging method: WarnOperation
    DBG: Building logging method: WarnOperation
    DBG: Skipping dependency injection emit.
    
  Error output
failed Generate_GivenActivitySourceOnlyInterfaceWithLogMethod_RaisesMissingInterfaceSourceDiagnostic (5s 857ms)
  [Test Failure] VerifyException: Directory: P:\GitHub\kjldev\purview-telemetry-sourcegenerator\src\Purview.Telemetry.SourceGenerator.IntegrationTests\Snapshots
Delete:
  - TelemetrySourceGeneratorTests.Generate_GivenActivitySourceOnlyInterfaceWithLogMethod_RaisesMissingInterfaceSourceDiagnostic.verified.txt
Equal:
  - Received: TelemetrySourceGeneratorTests.Generate_GivenActivitySourceOnlyInterfaceWithLogMethod_RaisesMissingInterfaceSourceDiagnostic#ActivityAttribute.g.received.cs
    Verified: TelemetrySourceGeneratorTests.Generate_GivenActivitySourceOnlyInterfaceWithLogMethod_RaisesMissingInterfaceSourceDiagnostic#ActivityAttribute.g.verified.cs
  - Received: TelemetrySourceGeneratorTests.Generate_GivenActivitySourceOnlyInterfaceWithLogMethod_RaisesMissingInterfaceSourceDiagnostic#ActivitySourceAttribute.g.received.cs
    Verified: TelemetrySourceGeneratorTests.Generate_GivenActivitySourceOnlyInterfaceWithLogMethod_RaisesMissingInterfaceSourceDiagnostic#ActivitySourceAttribute.g.verified.cs
  - Received: TelemetrySourceGeneratorTests.Generate_GivenActivitySourceOnlyInterfaceWithLogMethod_RaisesMissingInterfaceSourceDiagnostic#ActivitySourceGenerationAttribute.g.received.cs
    Verified: TelemetrySourceGeneratorTests.Generate_GivenActivitySourceOnlyInterfaceWithLogMethod_RaisesMissingInterfaceSourceDiagnostic#ActivitySourceGenerationAttribute.g.verified.cs
  - Received: TelemetrySourceGeneratorTests.Generate_GivenActivitySourceOnlyInterfaceWithLogMethod_RaisesMissingInterfaceSourceDiagnostic#AutoCounterAttribute.g.received.cs
    Verified: TelemetrySourceGeneratorTests.Generate_GivenActivitySourceOnlyInterfaceWithLogMethod_RaisesMissingInterfaceSourceDiagnostic#AutoCounterAttribute.g.verified.cs
  - Received: TelemetrySourceGeneratorTests.Generate_GivenActivitySourceOnlyInterfaceWithLogMethod_RaisesMissingInterfaceSourceDiagnostic#BaggageAttribute.g.received.cs
    Verified: TelemetrySourceGeneratorTests.Generate_GivenActivitySourceOnlyInterfaceWithLogMethod_RaisesMissingInterfaceSourceDiagnostic#BaggageAttribute.g.verified.cs
  - Received: TelemetrySourceGeneratorTests.Generate_GivenActivitySourceOnlyInterfaceWithLogMethod_RaisesMissingInterfaceSourceDiagnostic#ContextAttribute.g.received.cs
    Verified: TelemetrySourceGeneratorTests.Generate_GivenActivitySourceOnlyInterfaceWithLogMethod_RaisesMissingInterfaceSourceDiagnostic#ContextAttribute.g.verified.cs
  - Received: TelemetrySourceGeneratorTests.Generate_GivenActivitySourceOnlyInterfaceWithLogMethod_RaisesMissingInterfaceSourceDiagnostic#CounterAttribute.g.received.cs
    Verified: TelemetrySourceGeneratorTests.Generate_GivenActivitySourceOnlyInterfaceWithLogMethod_RaisesMissingInterfaceSourceDiagnostic#CounterAttribute.g.verified.cs
  - Received: TelemetrySourceGeneratorTests.Generate_GivenActivitySourceOnlyInterfaceWithLogMethod_RaisesMissingInterfaceSourceDiagnostic#CriticalAttribute.g.received.cs
    Verified: TelemetrySourceGeneratorTests.Generate_GivenActivitySourceOnlyInterfaceWithLogMethod_RaisesMissingInterfaceSourceDiagnostic#CriticalAttribute.g.verified.cs
  - Received: TelemetrySourceGeneratorTests.Generate_GivenActivitySourceOnlyInterfaceWithLogMethod_RaisesMissingInterfaceSourceDiagnostic#DebugAttribute.g.received.cs
    Verified: TelemetrySourceGeneratorTests.Generate_GivenActivitySourceOnlyInterfaceWithLogMethod_RaisesMissingInterfaceSourceDiagnostic#DebugAttribute.g.verified.cs
  - Received: TelemetrySourceGeneratorTests.Generate_GivenActivitySourceOnlyInterfaceWithLogMethod_RaisesMissingInterfaceSourceDiagnostic#ErrorAttribute.g.received.cs
    Verified: TelemetrySourceGeneratorTests.Generate_GivenActivitySourceOnlyInterfaceWithLogMethod_RaisesMissingInterfaceSourceDiagnostic#ErrorAttribute.g.verified.cs
  - Received: TelemetrySourceGeneratorTests.Generate_GivenActivitySourceOnlyInterfaceWithLogMethod_RaisesMissingInterfaceSourceDiagnostic#EscapeAttribute.g.received.cs
    Verified: TelemetrySourceGeneratorTests.Generate_GivenActivitySourceOnlyInterfaceWithLogMethod_RaisesMissingInterfaceSourceDiagnostic#EscapeAttribute.g.verified.cs
  - Received: TelemetrySourceGeneratorTests.Generate_GivenActivitySourceOnlyInterfaceWithLogMethod_RaisesMissingInterfaceSourceDiagnostic#EventAttribute.g.received.cs
    Verified: TelemetrySourceGeneratorTests.Generate_GivenActivitySourceOnlyInterfaceWithLogMethod_RaisesMissingInterfaceSourceDiagnostic#EventAttribute.g.verified.cs
  - Received: TelemetrySourceGeneratorTests.Generate_GivenActivitySourceOnlyInterfaceWithLogMethod_RaisesMissingInterfaceSourceDiagnostic#ExcludeAttribute.g.received.cs
    Verified: TelemetrySourceGeneratorTests.Generate_GivenActivitySourceOnlyInterfaceWithLogMethod_RaisesMissingInterfaceSourceDiagnostic#ExcludeAttribute.g.verified.cs
  - Received: TelemetrySourceGeneratorTests.Generate_GivenActivitySourceOnlyInterfaceWithLogMethod_RaisesMissingInterfaceSourceDiagnostic#ExcludeTargetsAttribute.g.received.cs
    Verified: TelemetrySourceGeneratorTests.Generate_GivenActivitySourceOnlyInterfaceWithLogMethod_RaisesMissingInterfaceSourceDiagnostic#ExcludeTargetsAttribute.g.verified.cs
  - Received: TelemetrySourceGeneratorTests.Generate_GivenActivitySourceOnlyInterfaceWithLogMethod_RaisesMissingInterfaceSourceDiagnostic#ExpandEnumerableAttribute.g.received.cs
    Verified: TelemetrySourceGeneratorTests.Generate_GivenActivitySourceOnlyInterfaceWithLogMethod_RaisesMissingInterfaceSourceDiagnostic#ExpandEnumerableAttribute.g.verified.cs
  - Received: TelemetrySourceGeneratorTests.Generate_GivenActivitySourceOnlyInterfaceWithLogMethod_RaisesMissingInterfaceSourceDiagnostic#HistogramAttribute.g.received.cs
    Verified: TelemetrySourceGeneratorTests.Generate_GivenActivitySourceOnlyInterfaceWithLogMethod_RaisesMissingInterfaceSourceDiagnostic#HistogramAttribute.g.verified.cs
  - Received: TelemetrySourceGeneratorTests.Generate_GivenActivitySourceOnlyInterfaceWithLogMethod_RaisesMissingInterfaceSourceDiagnostic#InfoAttribute.g.received.cs
    Verified: TelemetrySourceGeneratorTests.Generate_GivenActivitySourceOnlyInterfaceWithLogMethod_RaisesMissingInterfaceSourceDiagnostic#InfoAttribute.g.verified.cs
  - Received: TelemetrySourceGeneratorTests.Generate_GivenActivitySourceOnlyInterfaceWithLogMethod_RaisesMissingInterfaceSourceDiagnostic#InstrumentMeasurementAttribute.g.received.cs
    Verified: TelemetrySourceGeneratorTests.Generate_GivenActivitySourceOnlyInterfaceWithLogMethod_RaisesMissingInterfaceSourceDiagnostic#InstrumentMeasurementAttribute.g.verified.cs
  - Received: TelemetrySourceGeneratorTests.Generate_GivenActivitySourceOnlyInterfaceWithLogMethod_RaisesMissingInterfaceSourceDiagnostic#LogAttribute.g.received.cs
    Verified: TelemetrySourceGeneratorTests.Generate_GivenActivitySourceOnlyInterfaceWithLogMethod_RaisesMissingInterfaceSourceDiagnostic#LogAttribute.g.verified.cs
  - Received: TelemetrySourceGeneratorTests.Generate_GivenActivitySourceOnlyInterfaceWithLogMethod_RaisesMissingInterfaceSourceDiagnostic#LoggerAttribute.g.received.cs
    Verified: TelemetrySourceGeneratorTests.Generate_GivenActivitySourceOnlyInterfaceWithLogMethod_RaisesMissingInterfaceSourceDiagnostic#LoggerAttribute.g.verified.cs
  - Received: TelemetrySourceGeneratorTests.Generate_GivenActivitySourceOnlyInterfaceWithLogMethod_RaisesMissingInterfaceSourceDiagnostic#LoggerGenerationAttribute.g.received.cs
    Verified: TelemetrySourceGeneratorTests.Generate_GivenActivitySourceOnlyInterfaceWithLogMethod_RaisesMissingInterfaceSourceDiagnostic#LoggerGenerationAttribute.g.verified.cs
  - Received: TelemetrySourceGeneratorTests.Generate_GivenActivitySourceOnlyInterfaceWithLogMethod_RaisesMissingInterfaceSourceDiagnostic#LoggerGenerationMode.g.received.cs
    Verified: TelemetrySourceGeneratorTests.Generate_GivenActivitySourceOnlyInterfaceWithLogMethod_RaisesMissingInterfaceSourceDiagnostic#LoggerGenerationMode.g.verified.cs
  - Received: TelemetrySourceGeneratorTests.Generate_GivenActivitySourceOnlyInterfaceWithLogMethod_RaisesMissingInterfaceSourceDiagnostic#LogPrefixType.g.received.cs
    Verified: TelemetrySourceGeneratorTests.Generate_GivenActivitySourceOnlyInterfaceWithLogMethod_RaisesMissingInterfaceSourceDiagnostic#LogPrefixType.g.verified.cs
  - Received: TelemetrySourceGeneratorTests.Generate_GivenActivitySourceOnlyInterfaceWithLogMethod_RaisesMissingInterfaceSourceDiagnostic#MeterAttribute.g.received.cs
    Verified: TelemetrySourceGeneratorTests.Generate_GivenActivitySourceOnlyInterfaceWithLogMethod_RaisesMissingInterfaceSourceDiagnostic#MeterAttribute.g.verified.cs
  - Received: TelemetrySourceGeneratorTests.Generate_GivenActivitySourceOnlyInterfaceWithLogMethod_RaisesMissingInterfaceSourceDiagnostic#MeterGenerationAttribute.g.received.cs
    Verified: TelemetrySourceGeneratorTests.Generate_GivenActivitySourceOnlyInterfaceWithLogMethod_RaisesMissingInterfaceSourceDiagnostic#MeterGenerationAttribute.g.verified.cs
  - Received: TelemetrySourceGeneratorTests.Generate_GivenActivitySourceOnlyInterfaceWithLogMethod_RaisesMissingInterfaceSourceDiagnostic#MeterNameGenerationType.g.received.cs
    Verified: TelemetrySourceGeneratorTests.Generate_GivenActivitySourceOnlyInterfaceWithLogMethod_RaisesMissingInterfaceSourceDiagnostic#MeterNameGenerationType.g.verified.cs
  - Received: TelemetrySourceGeneratorTests.Generate_GivenActivitySourceOnlyInterfaceWithLogMethod_RaisesMissingInterfaceSourceDiagnostic#NamingConvention.g.received.cs
    Verified: TelemetrySourceGeneratorTests.Generate_GivenActivitySourceOnlyInterfaceWithLogMethod_RaisesMissingInterfaceSourceDiagnostic#NamingConvention.g.verified.cs
  - Received: TelemetrySourceGeneratorTests.Generate_GivenActivitySourceOnlyInterfaceWithLogMethod_RaisesMissingInterfaceSourceDiagnostic#ObservableCounterAttribute.g.received.cs
    Verified: TelemetrySourceGeneratorTests.Generate_GivenActivitySourceOnlyInterfaceWithLogMethod_RaisesMissingInterfaceSourceDiagnostic#ObservableCounterAttribute.g.verified.cs
  - Received: TelemetrySourceGeneratorTests.Generate_GivenActivitySourceOnlyInterfaceWithLogMethod_RaisesMissingInterfaceSourceDiagnostic#ObservableGaugeAttribute.g.received.cs
    Verified: TelemetrySourceGeneratorTests.Generate_GivenActivitySourceOnlyInterfaceWithLogMethod_RaisesMissingInterfaceSourceDiagnostic#ObservableGaugeAttribute.g.verified.cs
  - Received: TelemetrySourceGeneratorTests.Generate_GivenActivitySourceOnlyInterfaceWithLogMethod_RaisesMissingInterfaceSourceDiagnostic#ObservableUpDownCounterAttribute.g.received.cs
    Verified: TelemetrySourceGeneratorTests.Generate_GivenActivitySourceOnlyInterfaceWithLogMethod_RaisesMissingInterfaceSourceDiagnostic#ObservableUpDownCounterAttribute.g.verified.cs
  - Received: TelemetrySourceGeneratorTests.Generate_GivenActivitySourceOnlyInterfaceWithLogMethod_RaisesMissingInterfaceSourceDiagnostic#Purview.Telemetry.SourceGenerator.TelemetryNames.g.received.cs
    Verified: TelemetrySourceGeneratorTests.Generate_GivenActivitySourceOnlyInterfaceWithLogMethod_RaisesMissingInterfaceSourceDiagnostic#Purview.Telemetry.SourceGenerator.TelemetryNames.g.verified.cs
  - Received: TelemetrySourceGeneratorTests.Generate_GivenActivitySourceOnlyInterfaceWithLogMethod_RaisesMissingInterfaceSourceDiagnostic#StatusDescriptionAttribute.g.received.cs
    Verified: TelemetrySourceGeneratorTests.Generate_GivenActivitySourceOnlyInterfaceWithLogMethod_RaisesMissingInterfaceSourceDiagnostic#StatusDescriptionAttribute.g.verified.cs
  - Received: TelemetrySourceGeneratorTests.Generate_GivenActivitySourceOnlyInterfaceWithLogMethod_RaisesMissingInterfaceSourceDiagnostic#TagAttribute.g.received.cs
    Verified: TelemetrySourceGeneratorTests.Generate_GivenActivitySourceOnlyInterfaceWithLogMethod_RaisesMissingInterfaceSourceDiagnostic#TagAttribute.g.verified.cs
  - Received: TelemetrySourceGeneratorTests.Generate_GivenActivitySourceOnlyInterfaceWithLogMethod_RaisesMissingInterfaceSourceDiagnostic#Targets.g.received.cs
    Verified: TelemetrySourceGeneratorTests.Generate_GivenActivitySourceOnlyInterfaceWithLogMethod_RaisesMissingInterfaceSourceDiagnostic#Targets.g.verified.cs
  - Received: TelemetrySourceGeneratorTests.Generate_GivenActivitySourceOnlyInterfaceWithLogMethod_RaisesMissingInterfaceSourceDiagnostic#TelemetryGenerationAttribute.g.received.cs
    Verified: TelemetrySourceGeneratorTests.Generate_GivenActivitySourceOnlyInterfaceWithLogMethod_RaisesMissingInterfaceSourceDiagnostic#TelemetryGenerationAttribute.g.verified.cs
  - Received: TelemetrySourceGeneratorTests.Generate_GivenActivitySourceOnlyInterfaceWithLogMethod_RaisesMissingInterfaceSourceDiagnostic#Testing.TelemetryCore.Activity.g.received.cs
    Verified: TelemetrySourceGeneratorTests.Generate_GivenActivitySourceOnlyInterfaceWithLogMethod_RaisesMissingInterfaceSourceDiagnostic#Testing.TelemetryCore.Activity.g.verified.cs
  - Received: TelemetrySourceGeneratorTests.Generate_GivenActivitySourceOnlyInterfaceWithLogMethod_RaisesMissingInterfaceSourceDiagnostic#TraceAttribute.g.received.cs
    Verified: TelemetrySourceGeneratorTests.Generate_GivenActivitySourceOnlyInterfaceWithLogMethod_RaisesMissingInterfaceSourceDiagnostic#TraceAttribute.g.verified.cs
  - Received: TelemetrySourceGeneratorTests.Generate_GivenActivitySourceOnlyInterfaceWithLogMethod_RaisesMissingInterfaceSourceDiagnostic#UpDownCounterAttribute.g.received.cs
    Verified: TelemetrySourceGeneratorTests.Generate_GivenActivitySourceOnlyInterfaceWithLogMethod_RaisesMissingInterfaceSourceDiagnostic#UpDownCounterAttribute.g.verified.cs
  - Received: TelemetrySourceGeneratorTests.Generate_GivenActivitySourceOnlyInterfaceWithLogMethod_RaisesMissingInterfaceSourceDiagnostic#WarningAttribute.g.received.cs
    Verified: TelemetrySourceGeneratorTests.Generate_GivenActivitySourceOnlyInterfaceWithLogMethod_RaisesMissingInterfaceSourceDiagnostic#WarningAttribute.g.verified.cs

  from P:\GitHub\kjldev\purview-telemetry-sourcegenerator\src\Purview.Telemetry.SourceGenerator.IntegrationTests\bin\Release\net10.0\Purview.Telemetry.SourceGenerator.IntegrationTests.dll (net10.0|x64)
  TUnit.Engine.Exceptions.TestFailedException: [Test Failure] VerifyException: Directory: P:\GitHub\kjldev\purview-telemetry-sourcegenerator\src\Purview.Telemetry.SourceGenerator.IntegrationTests\Snapshots
  Delete:
    - TelemetrySourceGeneratorTests.Generate_GivenActivitySourceOnlyInterfaceWithLogMethod_RaisesMissingInterfaceSourceDiagnostic.verified.txt
  Equal:
    - Received: TelemetrySourceGeneratorTests.Generate_GivenActivitySourceOnlyInterfaceWithLogMethod_RaisesMissingInterfaceSourceDiagnostic#ActivityAttribute.g.received.cs
      Verified: TelemetrySourceGeneratorTests.Generate_GivenActivitySourceOnlyInterfaceWithLogMethod_RaisesMissingInterfaceSourceDiagnostic#ActivityAttribute.g.verified.cs
    - Received: TelemetrySourceGeneratorTests.Generate_GivenActivitySourceOnlyInterfaceWithLogMethod_RaisesMissingInterfaceSourceDiagnostic#ActivitySourceAttribute.g.received.cs
      Verified: TelemetrySourceGeneratorTests.Generate_GivenActivitySourceOnlyInterfaceWithLogMethod_RaisesMissingInterfaceSourceDiagnostic#ActivitySourceAttribute.g.verified.cs
    - Received: TelemetrySourceGeneratorTests.Generate_GivenActivitySourceOnlyInterfaceWithLogMethod_RaisesMissingInterfaceSourceDiagnostic#ActivitySourceGenerationAttribute.g.received.cs
      Verified: TelemetrySourceGeneratorTests.Generate_GivenActivitySourceOnlyInterfaceWithLogMethod_RaisesMissingInterfaceSourceDiagnostic#ActivitySourceGenerationAttribute.g.verified.cs
    - Received: TelemetrySourceGeneratorTests.Generate_GivenActivitySourceOnlyInterfaceWithLogMethod_RaisesMissingInterfaceSourceDiagnostic#AutoCounterAttribute.g.received.cs
      Verified: TelemetrySourceGeneratorTests.Generate_GivenActivitySourceOnlyInterfaceWithLogMethod_RaisesMissingInterfaceSourceDiagnostic#AutoCounterAttribute.g.verified.cs
    - Received: TelemetrySourceGeneratorTests.Generate_GivenActivitySourceOnlyInterfaceWithLogMethod_RaisesMissingInterfaceSourceDiagnostic#BaggageAttribute.g.received.cs
      Verified: TelemetrySourceGeneratorTests.Generate_GivenActivitySourceOnlyInterfaceWithLogMethod_RaisesMissingInterfaceSourceDiagnostic#BaggageAttribute.g.verified.cs
    - Received: TelemetrySourceGeneratorTests.Generate_GivenActivitySourceOnlyInterfaceWithLogMethod_RaisesMissingInterfaceSourceDiagnostic#ContextAttribute.g.received.cs
      Verified: TelemetrySourceGeneratorTests.Generate_GivenActivitySourceOnlyInterfaceWithLogMethod_RaisesMissingInterfaceSourceDiagnostic#ContextAttribute.g.verified.cs
    - Received: TelemetrySourceGeneratorTests.Generate_GivenActivitySourceOnlyInterfaceWithLogMethod_RaisesMissingInterfaceSourceDiagnostic#CounterAttribute.g.received.cs
      Verified: TelemetrySourceGeneratorTests.Generate_GivenActivitySourceOnlyInterfaceWithLogMethod_RaisesMissingInterfaceSourceDiagnostic#CounterAttribute.g.verified.cs
    - Received: TelemetrySourceGeneratorTests.Generate_GivenActivitySourceOnlyInterfaceWithLogMethod_RaisesMissingInterfaceSourceDiagnostic#CriticalAttribute.g.received.cs
      Verified: TelemetrySourceGeneratorTests.Generate_GivenActivitySourceOnlyInterfaceWithLogMethod_RaisesMissingInterfaceSourceDiagnostic#CriticalAttribute.g.verified.cs
    - Received: TelemetrySourceGeneratorTests.Generate_GivenActivitySourceOnlyInterfaceWithLogMethod_RaisesMissingInterfaceSourceDiagnostic#DebugAttribute.g.received.cs
      Verified: TelemetrySourceGeneratorTests.Generate_GivenActivitySourceOnlyInterfaceWithLogMethod_RaisesMissingInterfaceSourceDiagnostic#DebugAttribute.g.verified.cs
    - Received: TelemetrySourceGeneratorTests.Generate_GivenActivitySourceOnlyInterfaceWithLogMethod_RaisesMissingInterfaceSourceDiagnostic#ErrorAttribute.g.received.cs
      Verified: TelemetrySourceGeneratorTests.Generate_GivenActivitySourceOnlyInterfaceWithLogMethod_RaisesMissingInterfaceSourceDiagnostic#ErrorAttribute.g.verified.cs
    - Received: TelemetrySourceGeneratorTests.Generate_GivenActivitySourceOnlyInterfaceWithLogMethod_RaisesMissingInterfaceSourceDiagnostic#EscapeAttribute.g.received.cs
      Verified: TelemetrySourceGeneratorTests.Generate_GivenActivitySourceOnlyInterfaceWithLogMethod_RaisesMissingInterfaceSourceDiagnostic#EscapeAttribute.g.verified.cs
    - Received: TelemetrySourceGeneratorTests.Generate_GivenActivitySourceOnlyInterfaceWithLogMethod_RaisesMissingInterfaceSourceDiagnostic#EventAttribute.g.received.cs
      Verified: TelemetrySourceGeneratorTests.Generate_GivenActivitySourceOnlyInterfaceWithLogMethod_RaisesMissingInterfaceSourceDiagnostic#EventAttribute.g.verified.cs
    - Received: TelemetrySourceGeneratorTests.Generate_GivenActivitySourceOnlyInterfaceWithLogMethod_RaisesMissingInterfaceSourceDiagnostic#ExcludeAttribute.g.received.cs
      Verified: TelemetrySourceGeneratorTests.Generate_GivenActivitySourceOnlyInterfaceWithLogMethod_RaisesMissingInterfaceSourceDiagnostic#ExcludeAttribute.g.verified.cs
    - Received: TelemetrySourceGeneratorTests.Generate_GivenActivitySourceOnlyInterfaceWithLogMethod_RaisesMissingInterfaceSourceDiagnostic#ExcludeTargetsAttribute.g.received.cs
      Verified: TelemetrySourceGeneratorTests.Generate_GivenActivitySourceOnlyInterfaceWithLogMethod_RaisesMissingInterfaceSourceDiagnostic#ExcludeTargetsAttribute.g.verified.cs
    - Received: TelemetrySourceGeneratorTests.Generate_GivenActivitySourceOnlyInterfaceWithLogMethod_RaisesMissingInterfaceSourceDiagnostic#ExpandEnumerableAttribute.g.received.cs
      Verified: TelemetrySourceGeneratorTests.Generate_GivenActivitySourceOnlyInterfaceWithLogMethod_RaisesMissingInterfaceSourceDiagnostic#ExpandEnumerableAttribute.g.verified.cs
    - Received: TelemetrySourceGeneratorTests.Generate_GivenActivitySourceOnlyInterfaceWithLogMethod_RaisesMissingInterfaceSourceDiagnostic#HistogramAttribute.g.received.cs
      Verified: TelemetrySourceGeneratorTests.Generate_GivenActivitySourceOnlyInterfaceWithLogMethod_RaisesMissingInterfaceSourceDiagnostic#HistogramAttribute.g.verified.cs
    - Received: TelemetrySourceGeneratorTests.Generate_GivenActivitySourceOnlyInterfaceWithLogMethod_RaisesMissingInterfaceSourceDiagnostic#InfoAttribute.g.received.cs
      Verified: TelemetrySourceGeneratorTests.Generate_GivenActivitySourceOnlyInterfaceWithLogMethod_RaisesMissingInterfaceSourceDiagnostic#InfoAttribute.g.verified.cs
    - Received: TelemetrySourceGeneratorTests.Generate_GivenActivitySourceOnlyInterfaceWithLogMethod_RaisesMissingInterfaceSourceDiagnostic#InstrumentMeasurementAttribute.g.received.cs
      Verified: TelemetrySourceGeneratorTests.Generate_GivenActivitySourceOnlyInterfaceWithLogMethod_RaisesMissingInterfaceSourceDiagnostic#InstrumentMeasurementAttribute.g.verified.cs
    - Received: TelemetrySourceGeneratorTests.Generate_GivenActivitySourceOnlyInterfaceWithLogMethod_RaisesMissingInterfaceSourceDiagnostic#LogAttribute.g.received.cs
      Verified: TelemetrySourceGeneratorTests.Generate_GivenActivitySourceOnlyInterfaceWithLogMethod_RaisesMissingInterfaceSourceDiagnostic#LogAttribute.g.verified.cs
    - Received: TelemetrySourceGeneratorTests.Generate_GivenActivitySourceOnlyInterfaceWithLogMethod_RaisesMissingInterfaceSourceDiagnostic#LoggerAttribute.g.received.cs
      Verified: TelemetrySourceGeneratorTests.Generate_GivenActivitySourceOnlyInterfaceWithLogMethod_RaisesMissingInterfaceSourceDiagnostic#LoggerAttribute.g.verified.cs
    - Received: TelemetrySourceGeneratorTests.Generate_GivenActivitySourceOnlyInterfaceWithLogMethod_RaisesMissingInterfaceSourceDiagnostic#LoggerGenerationAttribute.g.received.cs
      Verified: TelemetrySourceGeneratorTests.Generate_GivenActivitySourceOnlyInterfaceWithLogMethod_RaisesMissingInterfaceSourceDiagnostic#LoggerGenerationAttribute.g.verified.cs
    - Received: TelemetrySourceGeneratorTests.Generate_GivenActivitySourceOnlyInterfaceWithLogMethod_RaisesMissingInterfaceSourceDiagnostic#LoggerGenerationMode.g.received.cs
      Verified: TelemetrySourceGeneratorTests.Generate_GivenActivitySourceOnlyInterfaceWithLogMethod_RaisesMissingInterfaceSourceDiagnostic#LoggerGenerationMode.g.verified.cs
    - Received: TelemetrySourceGeneratorTests.Generate_GivenActivitySourceOnlyInterfaceWithLogMethod_RaisesMissingInterfaceSourceDiagnostic#LogPrefixType.g.received.cs
      Verified: TelemetrySourceGeneratorTests.Generate_GivenActivitySourceOnlyInterfaceWithLogMethod_RaisesMissingInterfaceSourceDiagnostic#LogPrefixType.g.verified.cs
    - Received: TelemetrySourceGeneratorTests.Generate_GivenActivitySourceOnlyInterfaceWithLogMethod_RaisesMissingInterfaceSourceDiagnostic#MeterAttribute.g.received.cs
      Verified: TelemetrySourceGeneratorTests.Generate_GivenActivitySourceOnlyInterfaceWithLogMethod_RaisesMissingInterfaceSourceDiagnostic#MeterAttribute.g.verified.cs
    - Received: TelemetrySourceGeneratorTests.Generate_GivenActivitySourceOnlyInterfaceWithLogMethod_RaisesMissingInterfaceSourceDiagnostic#MeterGenerationAttribute.g.received.cs
      Verified: TelemetrySourceGeneratorTests.Generate_GivenActivitySourceOnlyInterfaceWithLogMethod_RaisesMissingInterfaceSourceDiagnostic#MeterGenerationAttribute.g.verified.cs
    - Received: TelemetrySourceGeneratorTests.Generate_GivenActivitySourceOnlyInterfaceWithLogMethod_RaisesMissingInterfaceSourceDiagnostic#MeterNameGenerationType.g.received.cs
      Verified: TelemetrySourceGeneratorTests.Generate_GivenActivitySourceOnlyInterfaceWithLogMethod_RaisesMissingInterfaceSourceDiagnostic#MeterNameGenerationType.g.verified.cs
    - Received: TelemetrySourceGeneratorTests.Generate_GivenActivitySourceOnlyInterfaceWithLogMethod_RaisesMissingInterfaceSourceDiagnostic#NamingConvention.g.received.cs
      Verified: TelemetrySourceGeneratorTests.Generate_GivenActivitySourceOnlyInterfaceWithLogMethod_RaisesMissingInterfaceSourceDiagnostic#NamingConvention.g.verified.cs
    - Received: TelemetrySourceGeneratorTests.Generate_GivenActivitySourceOnlyInterfaceWithLogMethod_RaisesMissingInterfaceSourceDiagnostic#ObservableCounterAttribute.g.received.cs
      Verified: TelemetrySourceGeneratorTests.Generate_GivenActivitySourceOnlyInterfaceWithLogMethod_RaisesMissingInterfaceSourceDiagnostic#ObservableCounterAttribute.g.verified.cs
    - Received: TelemetrySourceGeneratorTests.Generate_GivenActivitySourceOnlyInterfaceWithLogMethod_RaisesMissingInterfaceSourceDiagnostic#ObservableGaugeAttribute.g.received.cs
      Verified: TelemetrySourceGeneratorTests.Generate_GivenActivitySourceOnlyInterfaceWithLogMethod_RaisesMissingInterfaceSourceDiagnostic#ObservableGaugeAttribute.g.verified.cs
    - Received: TelemetrySourceGeneratorTests.Generate_GivenActivitySourceOnlyInterfaceWithLogMethod_RaisesMissingInterfaceSourceDiagnostic#ObservableUpDownCounterAttribute.g.received.cs
      Verified: TelemetrySourceGeneratorTests.Generate_GivenActivitySourceOnlyInterfaceWithLogMethod_RaisesMissingInterfaceSourceDiagnostic#ObservableUpDownCounterAttribute.g.verified.cs
    - Received: TelemetrySourceGeneratorTests.Generate_GivenActivitySourceOnlyInterfaceWithLogMethod_RaisesMissingInterfaceSourceDiagnostic#Purview.Telemetry.SourceGenerator.TelemetryNames.g.received.cs
      Verified: TelemetrySourceGeneratorTests.Generate_GivenActivitySourceOnlyInterfaceWithLogMethod_RaisesMissingInterfaceSourceDiagnostic#Purview.Telemetry.SourceGenerator.TelemetryNames.g.verified.cs
    - Received: TelemetrySourceGeneratorTests.Generate_GivenActivitySourceOnlyInterfaceWithLogMethod_RaisesMissingInterfaceSourceDiagnostic#StatusDescriptionAttribute.g.received.cs
      Verified: TelemetrySourceGeneratorTests.Generate_GivenActivitySourceOnlyInterfaceWithLogMethod_RaisesMissingInterfaceSourceDiagnostic#StatusDescriptionAttribute.g.verified.cs
    - Received: TelemetrySourceGeneratorTests.Generate_GivenActivitySourceOnlyInterfaceWithLogMethod_RaisesMissingInterfaceSourceDiagnostic#TagAttribute.g.received.cs
      Verified: TelemetrySourceGeneratorTests.Generate_GivenActivitySourceOnlyInterfaceWithLogMethod_RaisesMissingInterfaceSourceDiagnostic#TagAttribute.g.verified.cs
    - Received: TelemetrySourceGeneratorTests.Generate_GivenActivitySourceOnlyInterfaceWithLogMethod_RaisesMissingInterfaceSourceDiagnostic#Targets.g.received.cs
      Verified: TelemetrySourceGeneratorTests.Generate_GivenActivitySourceOnlyInterfaceWithLogMethod_RaisesMissingInterfaceSourceDiagnostic#Targets.g.verified.cs
    - Received: TelemetrySourceGeneratorTests.Generate_GivenActivitySourceOnlyInterfaceWithLogMethod_RaisesMissingInterfaceSourceDiagnostic#TelemetryGenerationAttribute.g.received.cs
      Verified: TelemetrySourceGeneratorTests.Generate_GivenActivitySourceOnlyInterfaceWithLogMethod_RaisesMissingInterfaceSourceDiagnostic#TelemetryGenerationAttribute.g.verified.cs
    - Received: TelemetrySourceGeneratorTests.Generate_GivenActivitySourceOnlyInterfaceWithLogMethod_RaisesMissingInterfaceSourceDiagnostic#Testing.TelemetryCore.Activity.g.received.cs
      Verified: TelemetrySourceGeneratorTests.Generate_GivenActivitySourceOnlyInterfaceWithLogMethod_RaisesMissingInterfaceSourceDiagnostic#Testing.TelemetryCore.Activity.g.verified.cs
    - Received: TelemetrySourceGeneratorTests.Generate_GivenActivitySourceOnlyInterfaceWithLogMethod_RaisesMissingInterfaceSourceDiagnostic#TraceAttribute.g.received.cs
      Verified: TelemetrySourceGeneratorTests.Generate_GivenActivitySourceOnlyInterfaceWithLogMethod_RaisesMissingInterfaceSourceDiagnostic#TraceAttribute.g.verified.cs
    - Received: TelemetrySourceGeneratorTests.Generate_GivenActivitySourceOnlyInterfaceWithLogMethod_RaisesMissingInterfaceSourceDiagnostic#UpDownCounterAttribute.g.received.cs
      Verified: TelemetrySourceGeneratorTests.Generate_GivenActivitySourceOnlyInterfaceWithLogMethod_RaisesMissingInterfaceSourceDiagnostic#UpDownCounterAttribute.g.verified.cs
    - Received: TelemetrySourceGeneratorTests.Generate_GivenActivitySourceOnlyInterfaceWithLogMethod_RaisesMissingInterfaceSourceDiagnostic#WarningAttribute.g.received.cs
      Verified: TelemetrySourceGeneratorTests.Generate_GivenActivitySourceOnlyInterfaceWithLogMethod_RaisesMissingInterfaceSourceDiagnostic#WarningAttribute.g.verified.cs
  
  Standard output
    DBG: --- Adding templates.
    DBG: Adding ActivitySourceGenerationAttribute as ActivitySourceGenerationAttribute.g.cs.
    DBG: Adding ActivitySourceAttribute as ActivitySourceAttribute.g.cs.
    DBG: Adding ActivityAttribute as ActivityAttribute.g.cs.
    DBG: Adding EventAttribute as EventAttribute.g.cs.
    DBG: Adding ContextAttribute as ContextAttribute.g.cs.
    DBG: Adding BaggageAttribute as BaggageAttribute.g.cs.
    DBG: Adding EscapeAttribute as EscapeAttribute.g.cs.
    DBG: Adding StatusDescriptionAttribute as StatusDescriptionAttribute.g.cs.
    DBG: Adding LoggerGenerationAttribute as LoggerGenerationAttribute.g.cs.
    DBG: Adding LoggerAttribute as LoggerAttribute.g.cs.
    DBG: Adding LogAttribute as LogAttribute.g.cs.
    DBG: Adding LogPrefixType as LogPrefixType.g.cs.
    DBG: Adding LoggerGenerationMode as LoggerGenerationMode.g.cs.
    DBG: Adding ExpandEnumerableAttribute as ExpandEnumerableAttribute.g.cs.
    DBG: Adding TraceAttribute as TraceAttribute.g.cs.
    DBG: Adding DebugAttribute as DebugAttribute.g.cs.
    DBG: Adding InfoAttribute as InfoAttribute.g.cs.
    DBG: Adding WarningAttribute as WarningAttribute.g.cs.
    DBG: Adding ErrorAttribute as ErrorAttribute.g.cs.
    DBG: Adding CriticalAttribute as CriticalAttribute.g.cs.
    DBG: Adding MeterGenerationAttribute as MeterGenerationAttribute.g.cs.
    DBG: Adding MeterAttribute as MeterAttribute.g.cs.
    DBG: Adding MeterNameGenerationType as MeterNameGenerationType.g.cs.
    DBG: Adding InstrumentMeasurementAttribute as InstrumentMeasurementAttribute.g.cs.
    DBG: Adding AutoCounterAttribute as AutoCounterAttribute.g.cs.
    DBG: Adding CounterAttribute as CounterAttribute.g.cs.
    DBG: Adding UpDownCounterAttribute as UpDownCounterAttribute.g.cs.
    DBG: Adding HistogramAttribute as HistogramAttribute.g.cs.
    DBG: Adding ObservableCounterAttribute as ObservableCounterAttribute.g.cs.
    DBG: Adding ObservableGaugeAttribute as ObservableGaugeAttribute.g.cs.
    DBG: Adding ObservableUpDownCounterAttribute as ObservableUpDownCounterAttribute.g.cs.
    DBG: Adding TagAttribute as TagAttribute.g.cs.
    DBG: Adding ExcludeAttribute as ExcludeAttribute.g.cs.
    DBG: Adding TelemetryGenerationAttribute as TelemetryGenerationAttribute.g.cs.
    DBG: Adding Targets as Targets.g.cs.
    DBG: Adding NamingConvention as NamingConvention.g.cs.
    DBG: Adding ExcludeTargetsAttribute as ExcludeTargetsAttribute.g.cs.
    DBG: --- Finished adding templates.
    DBG: Found attribute: Purview.Telemetry.ActivitySourceAttribute("testing-activity-source")
    DBG: Found attribute: Purview.Telemetry.TelemetryGenerationAttribute(GenerateDependencyExtension = false)
    DBG: Found attribute: Purview.Telemetry.ActivityAttribute
    DBG: Found explicit activity: StartActivity.
    DBG: Found Activity method ITelemetry.StartActivity.
    DBG: Found explicit tag: operationId.
    DBG: Found attribute: Purview.Telemetry.TagAttribute
    DBG: Defaulting to activity: WarnOperation.
    DBG: Found Activity method ITelemetry.WarnOperation.
    DBG: Inferring tag: message.
    DBG: Identified ITelemetry.WarnOperation as problematic as the interface is missing source attribute(s) for the method's target(s).
    DBG: Activity generation target: Testing.TelemetryCore
    DBG: Generating activity class for: Testing.TelemetryCore
    DBG: Generating RecordExceptionInternal.
    DBG: Skipping dependency injection emit.
    DBG: Found attribute: Purview.Telemetry.ActivitySourceAttribute("testing-activity-source")
    DBG: Found attribute: Purview.Telemetry.TelemetryGenerationAttribute(GenerateDependencyExtension = false)
    DBG: Found attribute: Purview.Telemetry.ActivityAttribute
    DBG: Found explicit activity: StartActivity.
    DBG: Found Activity method ITelemetry.StartActivity.
    DBG: Found explicit tag: operationId.
    DBG: Found attribute: Purview.Telemetry.TagAttribute
    DBG: Defaulting to activity: WarnOperation.
    DBG: Found Activity method ITelemetry.WarnOperation.
    DBG: Inferring tag: message.
    DBG: Identified ITelemetry.WarnOperation as problematic as the interface is missing source attribute(s) for the method's target(s).
    DBG: Generating Telemetry Names using class 'TelemetryNames'.
    
  Error output
failed Generate_GivenDuplicateLoggingMethodNames_GeneratesDiagnostic(Telemetry) (5s 901ms)
  [Test Failure] VerifyException: Directory: P:\GitHub\kjldev\purview-telemetry-sourcegenerator\src\Purview.Telemetry.SourceGenerator.IntegrationTests\Snapshots
Delete:
  - TelemetrySourceGeneratorTests.Generate_GivenDuplicateLoggingMethodNames_GeneratesDiagnostic_A4lm3p9rmpAbILTGyosqRgCf7r4DG6vIQtQ2kMC8Iis.verified.txt
Equal:
  - Received: TelemetrySourceGeneratorTests.Generate_GivenDuplicateLoggingMethodNames_GeneratesDiagnostic_A4lm3p9rmpAbILTGyosqRgCf7r4DG6vIQtQ2kMC8Iis#ActivityAttribute.g.received.cs
    Verified: TelemetrySourceGeneratorTests.Generate_GivenDuplicateLoggingMethodNames_GeneratesDiagnostic_A4lm3p9rmpAbILTGyosqRgCf7r4DG6vIQtQ2kMC8Iis#ActivityAttribute.g.verified.cs
  - Received: TelemetrySourceGeneratorTests.Generate_GivenDuplicateLoggingMethodNames_GeneratesDiagnostic_A4lm3p9rmpAbILTGyosqRgCf7r4DG6vIQtQ2kMC8Iis#ActivitySourceAttribute.g.received.cs
    Verified: TelemetrySourceGeneratorTests.Generate_GivenDuplicateLoggingMethodNames_GeneratesDiagnostic_A4lm3p9rmpAbILTGyosqRgCf7r4DG6vIQtQ2kMC8Iis#ActivitySourceAttribute.g.verified.cs
  - Received: TelemetrySourceGeneratorTests.Generate_GivenDuplicateLoggingMethodNames_GeneratesDiagnostic_A4lm3p9rmpAbILTGyosqRgCf7r4DG6vIQtQ2kMC8Iis#ActivitySourceGenerationAttribute.g.received.cs
    Verified: TelemetrySourceGeneratorTests.Generate_GivenDuplicateLoggingMethodNames_GeneratesDiagnostic_A4lm3p9rmpAbILTGyosqRgCf7r4DG6vIQtQ2kMC8Iis#ActivitySourceGenerationAttribute.g.verified.cs
  - Received: TelemetrySourceGeneratorTests.Generate_GivenDuplicateLoggingMethodNames_GeneratesDiagnostic_A4lm3p9rmpAbILTGyosqRgCf7r4DG6vIQtQ2kMC8Iis#AutoCounterAttribute.g.received.cs
    Verified: TelemetrySourceGeneratorTests.Generate_GivenDuplicateLoggingMethodNames_GeneratesDiagnostic_A4lm3p9rmpAbILTGyosqRgCf7r4DG6vIQtQ2kMC8Iis#AutoCounterAttribute.g.verified.cs
  - Received: TelemetrySourceGeneratorTests.Generate_GivenDuplicateLoggingMethodNames_GeneratesDiagnostic_A4lm3p9rmpAbILTGyosqRgCf7r4DG6vIQtQ2kMC8Iis#BaggageAttribute.g.received.cs
    Verified: TelemetrySourceGeneratorTests.Generate_GivenDuplicateLoggingMethodNames_GeneratesDiagnostic_A4lm3p9rmpAbILTGyosqRgCf7r4DG6vIQtQ2kMC8Iis#BaggageAttribute.g.verified.cs
  - Received: TelemetrySourceGeneratorTests.Generate_GivenDuplicateLoggingMethodNames_GeneratesDiagnostic_A4lm3p9rmpAbILTGyosqRgCf7r4DG6vIQtQ2kMC8Iis#ContextAttribute.g.received.cs
    Verified: TelemetrySourceGeneratorTests.Generate_GivenDuplicateLoggingMethodNames_GeneratesDiagnostic_A4lm3p9rmpAbILTGyosqRgCf7r4DG6vIQtQ2kMC8Iis#ContextAttribute.g.verified.cs
  - Received: TelemetrySourceGeneratorTests.Generate_GivenDuplicateLoggingMethodNames_GeneratesDiagnostic_A4lm3p9rmpAbILTGyosqRgCf7r4DG6vIQtQ2kMC8Iis#CounterAttribute.g.received.cs
    Verified: TelemetrySourceGeneratorTests.Generate_GivenDuplicateLoggingMethodNames_GeneratesDiagnostic_A4lm3p9rmpAbILTGyosqRgCf7r4DG6vIQtQ2kMC8Iis#CounterAttribute.g.verified.cs
  - Received: TelemetrySourceGeneratorTests.Generate_GivenDuplicateLoggingMethodNames_GeneratesDiagnostic_A4lm3p9rmpAbILTGyosqRgCf7r4DG6vIQtQ2kMC8Iis#CriticalAttribute.g.received.cs
    Verified: TelemetrySourceGeneratorTests.Generate_GivenDuplicateLoggingMethodNames_GeneratesDiagnostic_A4lm3p9rmpAbILTGyosqRgCf7r4DG6vIQtQ2kMC8Iis#CriticalAttribute.g.verified.cs
  - Received: TelemetrySourceGeneratorTests.Generate_GivenDuplicateLoggingMethodNames_GeneratesDiagnostic_A4lm3p9rmpAbILTGyosqRgCf7r4DG6vIQtQ2kMC8Iis#DebugAttribute.g.received.cs
    Verified: TelemetrySourceGeneratorTests.Generate_GivenDuplicateLoggingMethodNames_GeneratesDiagnostic_A4lm3p9rmpAbILTGyosqRgCf7r4DG6vIQtQ2kMC8Iis#DebugAttribute.g.verified.cs
  - Received: TelemetrySourceGeneratorTests.Generate_GivenDuplicateLoggingMethodNames_GeneratesDiagnostic_A4lm3p9rmpAbILTGyosqRgCf7r4DG6vIQtQ2kMC8Iis#ErrorAttribute.g.received.cs
    Verified: TelemetrySourceGeneratorTests.Generate_GivenDuplicateLoggingMethodNames_GeneratesDiagnostic_A4lm3p9rmpAbILTGyosqRgCf7r4DG6vIQtQ2kMC8Iis#ErrorAttribute.g.verified.cs
  - Received: TelemetrySourceGeneratorTests.Generate_GivenDuplicateLoggingMethodNames_GeneratesDiagnostic_A4lm3p9rmpAbILTGyosqRgCf7r4DG6vIQtQ2kMC8Iis#EscapeAttribute.g.received.cs
    Verified: TelemetrySourceGeneratorTests.Generate_GivenDuplicateLoggingMethodNames_GeneratesDiagnostic_A4lm3p9rmpAbILTGyosqRgCf7r4DG6vIQtQ2kMC8Iis#EscapeAttribute.g.verified.cs
  - Received: TelemetrySourceGeneratorTests.Generate_GivenDuplicateLoggingMethodNames_GeneratesDiagnostic_A4lm3p9rmpAbILTGyosqRgCf7r4DG6vIQtQ2kMC8Iis#EventAttribute.g.received.cs
    Verified: TelemetrySourceGeneratorTests.Generate_GivenDuplicateLoggingMethodNames_GeneratesDiagnostic_A4lm3p9rmpAbILTGyosqRgCf7r4DG6vIQtQ2kMC8Iis#EventAttribute.g.verified.cs
  - Received: TelemetrySourceGeneratorTests.Generate_GivenDuplicateLoggingMethodNames_GeneratesDiagnostic_A4lm3p9rmpAbILTGyosqRgCf7r4DG6vIQtQ2kMC8Iis#ExcludeAttribute.g.received.cs
    Verified: TelemetrySourceGeneratorTests.Generate_GivenDuplicateLoggingMethodNames_GeneratesDiagnostic_A4lm3p9rmpAbILTGyosqRgCf7r4DG6vIQtQ2kMC8Iis#ExcludeAttribute.g.verified.cs
  - Received: TelemetrySourceGeneratorTests.Generate_GivenDuplicateLoggingMethodNames_GeneratesDiagnostic_A4lm3p9rmpAbILTGyosqRgCf7r4DG6vIQtQ2kMC8Iis#ExcludeTargetsAttribute.g.received.cs
    Verified: TelemetrySourceGeneratorTests.Generate_GivenDuplicateLoggingMethodNames_GeneratesDiagnostic_A4lm3p9rmpAbILTGyosqRgCf7r4DG6vIQtQ2kMC8Iis#ExcludeTargetsAttribute.g.verified.cs
  - Received: TelemetrySourceGeneratorTests.Generate_GivenDuplicateLoggingMethodNames_GeneratesDiagnostic_A4lm3p9rmpAbILTGyosqRgCf7r4DG6vIQtQ2kMC8Iis#ExpandEnumerableAttribute.g.received.cs
    Verified: TelemetrySourceGeneratorTests.Generate_GivenDuplicateLoggingMethodNames_GeneratesDiagnostic_A4lm3p9rmpAbILTGyosqRgCf7r4DG6vIQtQ2kMC8Iis#ExpandEnumerableAttribute.g.verified.cs
  - Received: TelemetrySourceGeneratorTests.Generate_GivenDuplicateLoggingMethodNames_GeneratesDiagnostic_A4lm3p9rmpAbILTGyosqRgCf7r4DG6vIQtQ2kMC8Iis#HistogramAttribute.g.received.cs
    Verified: TelemetrySourceGeneratorTests.Generate_GivenDuplicateLoggingMethodNames_GeneratesDiagnostic_A4lm3p9rmpAbILTGyosqRgCf7r4DG6vIQtQ2kMC8Iis#HistogramAttribute.g.verified.cs
  - Received: TelemetrySourceGeneratorTests.Generate_GivenDuplicateLoggingMethodNames_GeneratesDiagnostic_A4lm3p9rmpAbILTGyosqRgCf7r4DG6vIQtQ2kMC8Iis#InfoAttribute.g.received.cs
    Verified: TelemetrySourceGeneratorTests.Generate_GivenDuplicateLoggingMethodNames_GeneratesDiagnostic_A4lm3p9rmpAbILTGyosqRgCf7r4DG6vIQtQ2kMC8Iis#InfoAttribute.g.verified.cs
  - Received: TelemetrySourceGeneratorTests.Generate_GivenDuplicateLoggingMethodNames_GeneratesDiagnostic_A4lm3p9rmpAbILTGyosqRgCf7r4DG6vIQtQ2kMC8Iis#InstrumentMeasurementAttribute.g.received.cs
    Verified: TelemetrySourceGeneratorTests.Generate_GivenDuplicateLoggingMethodNames_GeneratesDiagnostic_A4lm3p9rmpAbILTGyosqRgCf7r4DG6vIQtQ2kMC8Iis#InstrumentMeasurementAttribute.g.verified.cs
  - Received: TelemetrySourceGeneratorTests.Generate_GivenDuplicateLoggingMethodNames_GeneratesDiagnostic_A4lm3p9rmpAbILTGyosqRgCf7r4DG6vIQtQ2kMC8Iis#LogAttribute.g.received.cs
    Verified: TelemetrySourceGeneratorTests.Generate_GivenDuplicateLoggingMethodNames_GeneratesDiagnostic_A4lm3p9rmpAbILTGyosqRgCf7r4DG6vIQtQ2kMC8Iis#LogAttribute.g.verified.cs
  - Received: TelemetrySourceGeneratorTests.Generate_GivenDuplicateLoggingMethodNames_GeneratesDiagnostic_A4lm3p9rmpAbILTGyosqRgCf7r4DG6vIQtQ2kMC8Iis#LoggerAttribute.g.received.cs
    Verified: TelemetrySourceGeneratorTests.Generate_GivenDuplicateLoggingMethodNames_GeneratesDiagnostic_A4lm3p9rmpAbILTGyosqRgCf7r4DG6vIQtQ2kMC8Iis#LoggerAttribute.g.verified.cs
  - Received: TelemetrySourceGeneratorTests.Generate_GivenDuplicateLoggingMethodNames_GeneratesDiagnostic_A4lm3p9rmpAbILTGyosqRgCf7r4DG6vIQtQ2kMC8Iis#LoggerGenerationAttribute.g.received.cs
    Verified: TelemetrySourceGeneratorTests.Generate_GivenDuplicateLoggingMethodNames_GeneratesDiagnostic_A4lm3p9rmpAbILTGyosqRgCf7r4DG6vIQtQ2kMC8Iis#LoggerGenerationAttribute.g.verified.cs
  - Received: TelemetrySourceGeneratorTests.Generate_GivenDuplicateLoggingMethodNames_GeneratesDiagnostic_A4lm3p9rmpAbILTGyosqRgCf7r4DG6vIQtQ2kMC8Iis#LoggerGenerationMode.g.received.cs
    Verified: TelemetrySourceGeneratorTests.Generate_GivenDuplicateLoggingMethodNames_GeneratesDiagnostic_A4lm3p9rmpAbILTGyosqRgCf7r4DG6vIQtQ2kMC8Iis#LoggerGenerationMode.g.verified.cs
  - Received: TelemetrySourceGeneratorTests.Generate_GivenDuplicateLoggingMethodNames_GeneratesDiagnostic_A4lm3p9rmpAbILTGyosqRgCf7r4DG6vIQtQ2kMC8Iis#LogPrefixType.g.received.cs
    Verified: TelemetrySourceGeneratorTests.Generate_GivenDuplicateLoggingMethodNames_GeneratesDiagnostic_A4lm3p9rmpAbILTGyosqRgCf7r4DG6vIQtQ2kMC8Iis#LogPrefixType.g.verified.cs
  - Received: TelemetrySourceGeneratorTests.Generate_GivenDuplicateLoggingMethodNames_GeneratesDiagnostic_A4lm3p9rmpAbILTGyosqRgCf7r4DG6vIQtQ2kMC8Iis#MeterAttribute.g.received.cs
    Verified: TelemetrySourceGeneratorTests.Generate_GivenDuplicateLoggingMethodNames_GeneratesDiagnostic_A4lm3p9rmpAbILTGyosqRgCf7r4DG6vIQtQ2kMC8Iis#MeterAttribute.g.verified.cs
  - Received: TelemetrySourceGeneratorTests.Generate_GivenDuplicateLoggingMethodNames_GeneratesDiagnostic_A4lm3p9rmpAbILTGyosqRgCf7r4DG6vIQtQ2kMC8Iis#MeterGenerationAttribute.g.received.cs
    Verified: TelemetrySourceGeneratorTests.Generate_GivenDuplicateLoggingMethodNames_GeneratesDiagnostic_A4lm3p9rmpAbILTGyosqRgCf7r4DG6vIQtQ2kMC8Iis#MeterGenerationAttribute.g.verified.cs
  - Received: TelemetrySourceGeneratorTests.Generate_GivenDuplicateLoggingMethodNames_GeneratesDiagnostic_A4lm3p9rmpAbILTGyosqRgCf7r4DG6vIQtQ2kMC8Iis#MeterNameGenerationType.g.received.cs
    Verified: TelemetrySourceGeneratorTests.Generate_GivenDuplicateLoggingMethodNames_GeneratesDiagnostic_A4lm3p9rmpAbILTGyosqRgCf7r4DG6vIQtQ2kMC8Iis#MeterNameGenerationType.g.verified.cs
  - Received: TelemetrySourceGeneratorTests.Generate_GivenDuplicateLoggingMethodNames_GeneratesDiagnostic_A4lm3p9rmpAbILTGyosqRgCf7r4DG6vIQtQ2kMC8Iis#NamingConvention.g.received.cs
    Verified: TelemetrySourceGeneratorTests.Generate_GivenDuplicateLoggingMethodNames_GeneratesDiagnostic_A4lm3p9rmpAbILTGyosqRgCf7r4DG6vIQtQ2kMC8Iis#NamingConvention.g.verified.cs
  - Received: TelemetrySourceGeneratorTests.Generate_GivenDuplicateLoggingMethodNames_GeneratesDiagnostic_A4lm3p9rmpAbILTGyosqRgCf7r4DG6vIQtQ2kMC8Iis#ObservableCounterAttribute.g.received.cs
    Verified: TelemetrySourceGeneratorTests.Generate_GivenDuplicateLoggingMethodNames_GeneratesDiagnostic_A4lm3p9rmpAbILTGyosqRgCf7r4DG6vIQtQ2kMC8Iis#ObservableCounterAttribute.g.verified.cs
  - Received: TelemetrySourceGeneratorTests.Generate_GivenDuplicateLoggingMethodNames_GeneratesDiagnostic_A4lm3p9rmpAbILTGyosqRgCf7r4DG6vIQtQ2kMC8Iis#ObservableGaugeAttribute.g.received.cs
    Verified: TelemetrySourceGeneratorTests.Generate_GivenDuplicateLoggingMethodNames_GeneratesDiagnostic_A4lm3p9rmpAbILTGyosqRgCf7r4DG6vIQtQ2kMC8Iis#ObservableGaugeAttribute.g.verified.cs
  - Received: TelemetrySourceGeneratorTests.Generate_GivenDuplicateLoggingMethodNames_GeneratesDiagnostic_A4lm3p9rmpAbILTGyosqRgCf7r4DG6vIQtQ2kMC8Iis#ObservableUpDownCounterAttribute.g.received.cs
    Verified: TelemetrySourceGeneratorTests.Generate_GivenDuplicateLoggingMethodNames_GeneratesDiagnostic_A4lm3p9rmpAbILTGyosqRgCf7r4DG6vIQtQ2kMC8Iis#ObservableUpDownCounterAttribute.g.verified.cs
  - Received: TelemetrySourceGeneratorTests.Generate_GivenDuplicateLoggingMethodNames_GeneratesDiagnostic_A4lm3p9rmpAbILTGyosqRgCf7r4DG6vIQtQ2kMC8Iis#StatusDescriptionAttribute.g.received.cs
    Verified: TelemetrySourceGeneratorTests.Generate_GivenDuplicateLoggingMethodNames_GeneratesDiagnostic_A4lm3p9rmpAbILTGyosqRgCf7r4DG6vIQtQ2kMC8Iis#StatusDescriptionAttribute.g.verified.cs
  - Received: TelemetrySourceGeneratorTests.Generate_GivenDuplicateLoggingMethodNames_GeneratesDiagnostic_A4lm3p9rmpAbILTGyosqRgCf7r4DG6vIQtQ2kMC8Iis#TagAttribute.g.received.cs
    Verified: TelemetrySourceGeneratorTests.Generate_GivenDuplicateLoggingMethodNames_GeneratesDiagnostic_A4lm3p9rmpAbILTGyosqRgCf7r4DG6vIQtQ2kMC8Iis#TagAttribute.g.verified.cs
  - Received: TelemetrySourceGeneratorTests.Generate_GivenDuplicateLoggingMethodNames_GeneratesDiagnostic_A4lm3p9rmpAbILTGyosqRgCf7r4DG6vIQtQ2kMC8Iis#Targets.g.received.cs
    Verified: TelemetrySourceGeneratorTests.Generate_GivenDuplicateLoggingMethodNames_GeneratesDiagnostic_A4lm3p9rmpAbILTGyosqRgCf7r4DG6vIQtQ2kMC8Iis#Targets.g.verified.cs
  - Received: TelemetrySourceGeneratorTests.Generate_GivenDuplicateLoggingMethodNames_GeneratesDiagnostic_A4lm3p9rmpAbILTGyosqRgCf7r4DG6vIQtQ2kMC8Iis#TelemetryGenerationAttribute.g.received.cs
    Verified: TelemetrySourceGeneratorTests.Generate_GivenDuplicateLoggingMethodNames_GeneratesDiagnostic_A4lm3p9rmpAbILTGyosqRgCf7r4DG6vIQtQ2kMC8Iis#TelemetryGenerationAttribute.g.verified.cs
  - Received: TelemetrySourceGeneratorTests.Generate_GivenDuplicateLoggingMethodNames_GeneratesDiagnostic_A4lm3p9rmpAbILTGyosqRgCf7r4DG6vIQtQ2kMC8Iis#TestTelemetryCore.Logging.g.received.cs
    Verified: TelemetrySourceGeneratorTests.Generate_GivenDuplicateLoggingMethodNames_GeneratesDiagnostic_A4lm3p9rmpAbILTGyosqRgCf7r4DG6vIQtQ2kMC8Iis#TestTelemetryCore.Logging.g.verified.cs
  - Received: TelemetrySourceGeneratorTests.Generate_GivenDuplicateLoggingMethodNames_GeneratesDiagnostic_A4lm3p9rmpAbILTGyosqRgCf7r4DG6vIQtQ2kMC8Iis#TraceAttribute.g.received.cs
    Verified: TelemetrySourceGeneratorTests.Generate_GivenDuplicateLoggingMethodNames_GeneratesDiagnostic_A4lm3p9rmpAbILTGyosqRgCf7r4DG6vIQtQ2kMC8Iis#TraceAttribute.g.verified.cs
  - Received: TelemetrySourceGeneratorTests.Generate_GivenDuplicateLoggingMethodNames_GeneratesDiagnostic_A4lm3p9rmpAbILTGyosqRgCf7r4DG6vIQtQ2kMC8Iis#UpDownCounterAttribute.g.received.cs
    Verified: TelemetrySourceGeneratorTests.Generate_GivenDuplicateLoggingMethodNames_GeneratesDiagnostic_A4lm3p9rmpAbILTGyosqRgCf7r4DG6vIQtQ2kMC8Iis#UpDownCounterAttribute.g.verified.cs
  - Received: TelemetrySourceGeneratorTests.Generate_GivenDuplicateLoggingMethodNames_GeneratesDiagnostic_A4lm3p9rmpAbILTGyosqRgCf7r4DG6vIQtQ2kMC8Iis#WarningAttribute.g.received.cs
    Verified: TelemetrySourceGeneratorTests.Generate_GivenDuplicateLoggingMethodNames_GeneratesDiagnostic_A4lm3p9rmpAbILTGyosqRgCf7r4DG6vIQtQ2kMC8Iis#WarningAttribute.g.verified.cs

  from P:\GitHub\kjldev\purview-telemetry-sourcegenerator\src\Purview.Telemetry.SourceGenerator.IntegrationTests\bin\Release\net10.0\Purview.Telemetry.SourceGenerator.IntegrationTests.dll (net10.0|x64)
  TUnit.Engine.Exceptions.TestFailedException: [Test Failure] VerifyException: Directory: P:\GitHub\kjldev\purview-telemetry-sourcegenerator\src\Purview.Telemetry.SourceGenerator.IntegrationTests\Snapshots
  Delete:
    - TelemetrySourceGeneratorTests.Generate_GivenDuplicateLoggingMethodNames_GeneratesDiagnostic_A4lm3p9rmpAbILTGyosqRgCf7r4DG6vIQtQ2kMC8Iis.verified.txt
  Equal:
    - Received: TelemetrySourceGeneratorTests.Generate_GivenDuplicateLoggingMethodNames_GeneratesDiagnostic_A4lm3p9rmpAbILTGyosqRgCf7r4DG6vIQtQ2kMC8Iis#ActivityAttribute.g.received.cs
      Verified: TelemetrySourceGeneratorTests.Generate_GivenDuplicateLoggingMethodNames_GeneratesDiagnostic_A4lm3p9rmpAbILTGyosqRgCf7r4DG6vIQtQ2kMC8Iis#ActivityAttribute.g.verified.cs
    - Received: TelemetrySourceGeneratorTests.Generate_GivenDuplicateLoggingMethodNames_GeneratesDiagnostic_A4lm3p9rmpAbILTGyosqRgCf7r4DG6vIQtQ2kMC8Iis#ActivitySourceAttribute.g.received.cs
      Verified: TelemetrySourceGeneratorTests.Generate_GivenDuplicateLoggingMethodNames_GeneratesDiagnostic_A4lm3p9rmpAbILTGyosqRgCf7r4DG6vIQtQ2kMC8Iis#ActivitySourceAttribute.g.verified.cs
    - Received: TelemetrySourceGeneratorTests.Generate_GivenDuplicateLoggingMethodNames_GeneratesDiagnostic_A4lm3p9rmpAbILTGyosqRgCf7r4DG6vIQtQ2kMC8Iis#ActivitySourceGenerationAttribute.g.received.cs
      Verified: TelemetrySourceGeneratorTests.Generate_GivenDuplicateLoggingMethodNames_GeneratesDiagnostic_A4lm3p9rmpAbILTGyosqRgCf7r4DG6vIQtQ2kMC8Iis#ActivitySourceGenerationAttribute.g.verified.cs
    - Received: TelemetrySourceGeneratorTests.Generate_GivenDuplicateLoggingMethodNames_GeneratesDiagnostic_A4lm3p9rmpAbILTGyosqRgCf7r4DG6vIQtQ2kMC8Iis#AutoCounterAttribute.g.received.cs
      Verified: TelemetrySourceGeneratorTests.Generate_GivenDuplicateLoggingMethodNames_GeneratesDiagnostic_A4lm3p9rmpAbILTGyosqRgCf7r4DG6vIQtQ2kMC8Iis#AutoCounterAttribute.g.verified.cs
    - Received: TelemetrySourceGeneratorTests.Generate_GivenDuplicateLoggingMethodNames_GeneratesDiagnostic_A4lm3p9rmpAbILTGyosqRgCf7r4DG6vIQtQ2kMC8Iis#BaggageAttribute.g.received.cs
      Verified: TelemetrySourceGeneratorTests.Generate_GivenDuplicateLoggingMethodNames_GeneratesDiagnostic_A4lm3p9rmpAbILTGyosqRgCf7r4DG6vIQtQ2kMC8Iis#BaggageAttribute.g.verified.cs
    - Received: TelemetrySourceGeneratorTests.Generate_GivenDuplicateLoggingMethodNames_GeneratesDiagnostic_A4lm3p9rmpAbILTGyosqRgCf7r4DG6vIQtQ2kMC8Iis#ContextAttribute.g.received.cs
      Verified: TelemetrySourceGeneratorTests.Generate_GivenDuplicateLoggingMethodNames_GeneratesDiagnostic_A4lm3p9rmpAbILTGyosqRgCf7r4DG6vIQtQ2kMC8Iis#ContextAttribute.g.verified.cs
    - Received: TelemetrySourceGeneratorTests.Generate_GivenDuplicateLoggingMethodNames_GeneratesDiagnostic_A4lm3p9rmpAbILTGyosqRgCf7r4DG6vIQtQ2kMC8Iis#CounterAttribute.g.received.cs
      Verified: TelemetrySourceGeneratorTests.Generate_GivenDuplicateLoggingMethodNames_GeneratesDiagnostic_A4lm3p9rmpAbILTGyosqRgCf7r4DG6vIQtQ2kMC8Iis#CounterAttribute.g.verified.cs
    - Received: TelemetrySourceGeneratorTests.Generate_GivenDuplicateLoggingMethodNames_GeneratesDiagnostic_A4lm3p9rmpAbILTGyosqRgCf7r4DG6vIQtQ2kMC8Iis#CriticalAttribute.g.received.cs
      Verified: TelemetrySourceGeneratorTests.Generate_GivenDuplicateLoggingMethodNames_GeneratesDiagnostic_A4lm3p9rmpAbILTGyosqRgCf7r4DG6vIQtQ2kMC8Iis#CriticalAttribute.g.verified.cs
    - Received: TelemetrySourceGeneratorTests.Generate_GivenDuplicateLoggingMethodNames_GeneratesDiagnostic_A4lm3p9rmpAbILTGyosqRgCf7r4DG6vIQtQ2kMC8Iis#DebugAttribute.g.received.cs
      Verified: TelemetrySourceGeneratorTests.Generate_GivenDuplicateLoggingMethodNames_GeneratesDiagnostic_A4lm3p9rmpAbILTGyosqRgCf7r4DG6vIQtQ2kMC8Iis#DebugAttribute.g.verified.cs
    - Received: TelemetrySourceGeneratorTests.Generate_GivenDuplicateLoggingMethodNames_GeneratesDiagnostic_A4lm3p9rmpAbILTGyosqRgCf7r4DG6vIQtQ2kMC8Iis#ErrorAttribute.g.received.cs
      Verified: TelemetrySourceGeneratorTests.Generate_GivenDuplicateLoggingMethodNames_GeneratesDiagnostic_A4lm3p9rmpAbILTGyosqRgCf7r4DG6vIQtQ2kMC8Iis#ErrorAttribute.g.verified.cs
    - Received: TelemetrySourceGeneratorTests.Generate_GivenDuplicateLoggingMethodNames_GeneratesDiagnostic_A4lm3p9rmpAbILTGyosqRgCf7r4DG6vIQtQ2kMC8Iis#EscapeAttribute.g.received.cs
      Verified: TelemetrySourceGeneratorTests.Generate_GivenDuplicateLoggingMethodNames_GeneratesDiagnostic_A4lm3p9rmpAbILTGyosqRgCf7r4DG6vIQtQ2kMC8Iis#EscapeAttribute.g.verified.cs
    - Received: TelemetrySourceGeneratorTests.Generate_GivenDuplicateLoggingMethodNames_GeneratesDiagnostic_A4lm3p9rmpAbILTGyosqRgCf7r4DG6vIQtQ2kMC8Iis#EventAttribute.g.received.cs
      Verified: TelemetrySourceGeneratorTests.Generate_GivenDuplicateLoggingMethodNames_GeneratesDiagnostic_A4lm3p9rmpAbILTGyosqRgCf7r4DG6vIQtQ2kMC8Iis#EventAttribute.g.verified.cs
    - Received: TelemetrySourceGeneratorTests.Generate_GivenDuplicateLoggingMethodNames_GeneratesDiagnostic_A4lm3p9rmpAbILTGyosqRgCf7r4DG6vIQtQ2kMC8Iis#ExcludeAttribute.g.received.cs
      Verified: TelemetrySourceGeneratorTests.Generate_GivenDuplicateLoggingMethodNames_GeneratesDiagnostic_A4lm3p9rmpAbILTGyosqRgCf7r4DG6vIQtQ2kMC8Iis#ExcludeAttribute.g.verified.cs
    - Received: TelemetrySourceGeneratorTests.Generate_GivenDuplicateLoggingMethodNames_GeneratesDiagnostic_A4lm3p9rmpAbILTGyosqRgCf7r4DG6vIQtQ2kMC8Iis#ExcludeTargetsAttribute.g.received.cs
      Verified: TelemetrySourceGeneratorTests.Generate_GivenDuplicateLoggingMethodNames_GeneratesDiagnostic_A4lm3p9rmpAbILTGyosqRgCf7r4DG6vIQtQ2kMC8Iis#ExcludeTargetsAttribute.g.verified.cs
    - Received: TelemetrySourceGeneratorTests.Generate_GivenDuplicateLoggingMethodNames_GeneratesDiagnostic_A4lm3p9rmpAbILTGyosqRgCf7r4DG6vIQtQ2kMC8Iis#ExpandEnumerableAttribute.g.received.cs
      Verified: TelemetrySourceGeneratorTests.Generate_GivenDuplicateLoggingMethodNames_GeneratesDiagnostic_A4lm3p9rmpAbILTGyosqRgCf7r4DG6vIQtQ2kMC8Iis#ExpandEnumerableAttribute.g.verified.cs
    - Received: TelemetrySourceGeneratorTests.Generate_GivenDuplicateLoggingMethodNames_GeneratesDiagnostic_A4lm3p9rmpAbILTGyosqRgCf7r4DG6vIQtQ2kMC8Iis#HistogramAttribute.g.received.cs
      Verified: TelemetrySourceGeneratorTests.Generate_GivenDuplicateLoggingMethodNames_GeneratesDiagnostic_A4lm3p9rmpAbILTGyosqRgCf7r4DG6vIQtQ2kMC8Iis#HistogramAttribute.g.verified.cs
    - Received: TelemetrySourceGeneratorTests.Generate_GivenDuplicateLoggingMethodNames_GeneratesDiagnostic_A4lm3p9rmpAbILTGyosqRgCf7r4DG6vIQtQ2kMC8Iis#InfoAttribute.g.received.cs
      Verified: TelemetrySourceGeneratorTests.Generate_GivenDuplicateLoggingMethodNames_GeneratesDiagnostic_A4lm3p9rmpAbILTGyosqRgCf7r4DG6vIQtQ2kMC8Iis#InfoAttribute.g.verified.cs
    - Received: TelemetrySourceGeneratorTests.Generate_GivenDuplicateLoggingMethodNames_GeneratesDiagnostic_A4lm3p9rmpAbILTGyosqRgCf7r4DG6vIQtQ2kMC8Iis#InstrumentMeasurementAttribute.g.received.cs
      Verified: TelemetrySourceGeneratorTests.Generate_GivenDuplicateLoggingMethodNames_GeneratesDiagnostic_A4lm3p9rmpAbILTGyosqRgCf7r4DG6vIQtQ2kMC8Iis#InstrumentMeasurementAttribute.g.verified.cs
    - Received: TelemetrySourceGeneratorTests.Generate_GivenDuplicateLoggingMethodNames_GeneratesDiagnostic_A4lm3p9rmpAbILTGyosqRgCf7r4DG6vIQtQ2kMC8Iis#LogAttribute.g.received.cs
      Verified: TelemetrySourceGeneratorTests.Generate_GivenDuplicateLoggingMethodNames_GeneratesDiagnostic_A4lm3p9rmpAbILTGyosqRgCf7r4DG6vIQtQ2kMC8Iis#LogAttribute.g.verified.cs
    - Received: TelemetrySourceGeneratorTests.Generate_GivenDuplicateLoggingMethodNames_GeneratesDiagnostic_A4lm3p9rmpAbILTGyosqRgCf7r4DG6vIQtQ2kMC8Iis#LoggerAttribute.g.received.cs
      Verified: TelemetrySourceGeneratorTests.Generate_GivenDuplicateLoggingMethodNames_GeneratesDiagnostic_A4lm3p9rmpAbILTGyosqRgCf7r4DG6vIQtQ2kMC8Iis#LoggerAttribute.g.verified.cs
    - Received: TelemetrySourceGeneratorTests.Generate_GivenDuplicateLoggingMethodNames_GeneratesDiagnostic_A4lm3p9rmpAbILTGyosqRgCf7r4DG6vIQtQ2kMC8Iis#LoggerGenerationAttribute.g.received.cs
      Verified: TelemetrySourceGeneratorTests.Generate_GivenDuplicateLoggingMethodNames_GeneratesDiagnostic_A4lm3p9rmpAbILTGyosqRgCf7r4DG6vIQtQ2kMC8Iis#LoggerGenerationAttribute.g.verified.cs
    - Received: TelemetrySourceGeneratorTests.Generate_GivenDuplicateLoggingMethodNames_GeneratesDiagnostic_A4lm3p9rmpAbILTGyosqRgCf7r4DG6vIQtQ2kMC8Iis#LoggerGenerationMode.g.received.cs
      Verified: TelemetrySourceGeneratorTests.Generate_GivenDuplicateLoggingMethodNames_GeneratesDiagnostic_A4lm3p9rmpAbILTGyosqRgCf7r4DG6vIQtQ2kMC8Iis#LoggerGenerationMode.g.verified.cs
    - Received: TelemetrySourceGeneratorTests.Generate_GivenDuplicateLoggingMethodNames_GeneratesDiagnostic_A4lm3p9rmpAbILTGyosqRgCf7r4DG6vIQtQ2kMC8Iis#LogPrefixType.g.received.cs
      Verified: TelemetrySourceGeneratorTests.Generate_GivenDuplicateLoggingMethodNames_GeneratesDiagnostic_A4lm3p9rmpAbILTGyosqRgCf7r4DG6vIQtQ2kMC8Iis#LogPrefixType.g.verified.cs
    - Received: TelemetrySourceGeneratorTests.Generate_GivenDuplicateLoggingMethodNames_GeneratesDiagnostic_A4lm3p9rmpAbILTGyosqRgCf7r4DG6vIQtQ2kMC8Iis#MeterAttribute.g.received.cs
      Verified: TelemetrySourceGeneratorTests.Generate_GivenDuplicateLoggingMethodNames_GeneratesDiagnostic_A4lm3p9rmpAbILTGyosqRgCf7r4DG6vIQtQ2kMC8Iis#MeterAttribute.g.verified.cs
    - Received: TelemetrySourceGeneratorTests.Generate_GivenDuplicateLoggingMethodNames_GeneratesDiagnostic_A4lm3p9rmpAbILTGyosqRgCf7r4DG6vIQtQ2kMC8Iis#MeterGenerationAttribute.g.received.cs
      Verified: TelemetrySourceGeneratorTests.Generate_GivenDuplicateLoggingMethodNames_GeneratesDiagnostic_A4lm3p9rmpAbILTGyosqRgCf7r4DG6vIQtQ2kMC8Iis#MeterGenerationAttribute.g.verified.cs
    - Received: TelemetrySourceGeneratorTests.Generate_GivenDuplicateLoggingMethodNames_GeneratesDiagnostic_A4lm3p9rmpAbILTGyosqRgCf7r4DG6vIQtQ2kMC8Iis#MeterNameGenerationType.g.received.cs
      Verified: TelemetrySourceGeneratorTests.Generate_GivenDuplicateLoggingMethodNames_GeneratesDiagnostic_A4lm3p9rmpAbILTGyosqRgCf7r4DG6vIQtQ2kMC8Iis#MeterNameGenerationType.g.verified.cs
    - Received: TelemetrySourceGeneratorTests.Generate_GivenDuplicateLoggingMethodNames_GeneratesDiagnostic_A4lm3p9rmpAbILTGyosqRgCf7r4DG6vIQtQ2kMC8Iis#NamingConvention.g.received.cs
      Verified: TelemetrySourceGeneratorTests.Generate_GivenDuplicateLoggingMethodNames_GeneratesDiagnostic_A4lm3p9rmpAbILTGyosqRgCf7r4DG6vIQtQ2kMC8Iis#NamingConvention.g.verified.cs
    - Received: TelemetrySourceGeneratorTests.Generate_GivenDuplicateLoggingMethodNames_GeneratesDiagnostic_A4lm3p9rmpAbILTGyosqRgCf7r4DG6vIQtQ2kMC8Iis#ObservableCounterAttribute.g.received.cs
      Verified: TelemetrySourceGeneratorTests.Generate_GivenDuplicateLoggingMethodNames_GeneratesDiagnostic_A4lm3p9rmpAbILTGyosqRgCf7r4DG6vIQtQ2kMC8Iis#ObservableCounterAttribute.g.verified.cs
    - Received: TelemetrySourceGeneratorTests.Generate_GivenDuplicateLoggingMethodNames_GeneratesDiagnostic_A4lm3p9rmpAbILTGyosqRgCf7r4DG6vIQtQ2kMC8Iis#ObservableGaugeAttribute.g.received.cs
      Verified: TelemetrySourceGeneratorTests.Generate_GivenDuplicateLoggingMethodNames_GeneratesDiagnostic_A4lm3p9rmpAbILTGyosqRgCf7r4DG6vIQtQ2kMC8Iis#ObservableGaugeAttribute.g.verified.cs
    - Received: TelemetrySourceGeneratorTests.Generate_GivenDuplicateLoggingMethodNames_GeneratesDiagnostic_A4lm3p9rmpAbILTGyosqRgCf7r4DG6vIQtQ2kMC8Iis#ObservableUpDownCounterAttribute.g.received.cs
      Verified: TelemetrySourceGeneratorTests.Generate_GivenDuplicateLoggingMethodNames_GeneratesDiagnostic_A4lm3p9rmpAbILTGyosqRgCf7r4DG6vIQtQ2kMC8Iis#ObservableUpDownCounterAttribute.g.verified.cs
    - Received: TelemetrySourceGeneratorTests.Generate_GivenDuplicateLoggingMethodNames_GeneratesDiagnostic_A4lm3p9rmpAbILTGyosqRgCf7r4DG6vIQtQ2kMC8Iis#StatusDescriptionAttribute.g.received.cs
      Verified: TelemetrySourceGeneratorTests.Generate_GivenDuplicateLoggingMethodNames_GeneratesDiagnostic_A4lm3p9rmpAbILTGyosqRgCf7r4DG6vIQtQ2kMC8Iis#StatusDescriptionAttribute.g.verified.cs
    - Received: TelemetrySourceGeneratorTests.Generate_GivenDuplicateLoggingMethodNames_GeneratesDiagnostic_A4lm3p9rmpAbILTGyosqRgCf7r4DG6vIQtQ2kMC8Iis#TagAttribute.g.received.cs
      Verified: TelemetrySourceGeneratorTests.Generate_GivenDuplicateLoggingMethodNames_GeneratesDiagnostic_A4lm3p9rmpAbILTGyosqRgCf7r4DG6vIQtQ2kMC8Iis#TagAttribute.g.verified.cs
    - Received: TelemetrySourceGeneratorTests.Generate_GivenDuplicateLoggingMethodNames_GeneratesDiagnostic_A4lm3p9rmpAbILTGyosqRgCf7r4DG6vIQtQ2kMC8Iis#Targets.g.received.cs
      Verified: TelemetrySourceGeneratorTests.Generate_GivenDuplicateLoggingMethodNames_GeneratesDiagnostic_A4lm3p9rmpAbILTGyosqRgCf7r4DG6vIQtQ2kMC8Iis#Targets.g.verified.cs
    - Received: TelemetrySourceGeneratorTests.Generate_GivenDuplicateLoggingMethodNames_GeneratesDiagnostic_A4lm3p9rmpAbILTGyosqRgCf7r4DG6vIQtQ2kMC8Iis#TelemetryGenerationAttribute.g.received.cs
      Verified: TelemetrySourceGeneratorTests.Generate_GivenDuplicateLoggingMethodNames_GeneratesDiagnostic_A4lm3p9rmpAbILTGyosqRgCf7r4DG6vIQtQ2kMC8Iis#TelemetryGenerationAttribute.g.verified.cs
    - Received: TelemetrySourceGeneratorTests.Generate_GivenDuplicateLoggingMethodNames_GeneratesDiagnostic_A4lm3p9rmpAbILTGyosqRgCf7r4DG6vIQtQ2kMC8Iis#TestTelemetryCore.Logging.g.received.cs
      Verified: TelemetrySourceGeneratorTests.Generate_GivenDuplicateLoggingMethodNames_GeneratesDiagnostic_A4lm3p9rmpAbILTGyosqRgCf7r4DG6vIQtQ2kMC8Iis#TestTelemetryCore.Logging.g.verified.cs
    - Received: TelemetrySourceGeneratorTests.Generate_GivenDuplicateLoggingMethodNames_GeneratesDiagnostic_A4lm3p9rmpAbILTGyosqRgCf7r4DG6vIQtQ2kMC8Iis#TraceAttribute.g.received.cs
      Verified: TelemetrySourceGeneratorTests.Generate_GivenDuplicateLoggingMethodNames_GeneratesDiagnostic_A4lm3p9rmpAbILTGyosqRgCf7r4DG6vIQtQ2kMC8Iis#TraceAttribute.g.verified.cs
    - Received: TelemetrySourceGeneratorTests.Generate_GivenDuplicateLoggingMethodNames_GeneratesDiagnostic_A4lm3p9rmpAbILTGyosqRgCf7r4DG6vIQtQ2kMC8Iis#UpDownCounterAttribute.g.received.cs
      Verified: TelemetrySourceGeneratorTests.Generate_GivenDuplicateLoggingMethodNames_GeneratesDiagnostic_A4lm3p9rmpAbILTGyosqRgCf7r4DG6vIQtQ2kMC8Iis#UpDownCounterAttribute.g.verified.cs
    - Received: TelemetrySourceGeneratorTests.Generate_GivenDuplicateLoggingMethodNames_GeneratesDiagnostic_A4lm3p9rmpAbILTGyosqRgCf7r4DG6vIQtQ2kMC8Iis#WarningAttribute.g.received.cs
      Verified: TelemetrySourceGeneratorTests.Generate_GivenDuplicateLoggingMethodNames_GeneratesDiagnostic_A4lm3p9rmpAbILTGyosqRgCf7r4DG6vIQtQ2kMC8Iis#WarningAttribute.g.verified.cs
  
  Standard output
    DBG: --- Adding templates.
    DBG: Adding ActivitySourceGenerationAttribute as ActivitySourceGenerationAttribute.g.cs.
    DBG: Adding ActivitySourceAttribute as ActivitySourceAttribute.g.cs.
    DBG: Adding ActivityAttribute as ActivityAttribute.g.cs.
    DBG: Adding EventAttribute as EventAttribute.g.cs.
    DBG: Adding ContextAttribute as ContextAttribute.g.cs.
    DBG: Adding BaggageAttribute as BaggageAttribute.g.cs.
    DBG: Adding EscapeAttribute as EscapeAttribute.g.cs.
    DBG: Adding StatusDescriptionAttribute as StatusDescriptionAttribute.g.cs.
    DBG: Adding LoggerGenerationAttribute as LoggerGenerationAttribute.g.cs.
    DBG: Adding LoggerAttribute as LoggerAttribute.g.cs.
    DBG: Adding LogAttribute as LogAttribute.g.cs.
    DBG: Adding LogPrefixType as LogPrefixType.g.cs.
    DBG: Adding LoggerGenerationMode as LoggerGenerationMode.g.cs.
    DBG: Adding ExpandEnumerableAttribute as ExpandEnumerableAttribute.g.cs.
    DBG: Adding TraceAttribute as TraceAttribute.g.cs.
    DBG: Adding DebugAttribute as DebugAttribute.g.cs.
    DBG: Adding InfoAttribute as InfoAttribute.g.cs.
    DBG: Adding WarningAttribute as WarningAttribute.g.cs.
    DBG: Adding ErrorAttribute as ErrorAttribute.g.cs.
    DBG: Adding CriticalAttribute as CriticalAttribute.g.cs.
    DBG: Adding MeterGenerationAttribute as MeterGenerationAttribute.g.cs.
    DBG: Adding MeterAttribute as MeterAttribute.g.cs.
    DBG: Adding MeterNameGenerationType as MeterNameGenerationType.g.cs.
    DBG: Adding InstrumentMeasurementAttribute as InstrumentMeasurementAttribute.g.cs.
    DBG: Adding AutoCounterAttribute as AutoCounterAttribute.g.cs.
    DBG: Adding CounterAttribute as CounterAttribute.g.cs.
    DBG: Adding UpDownCounterAttribute as UpDownCounterAttribute.g.cs.
    DBG: Adding HistogramAttribute as HistogramAttribute.g.cs.
    DBG: Adding ObservableCounterAttribute as ObservableCounterAttribute.g.cs.
    DBG: Adding ObservableGaugeAttribute as ObservableGaugeAttribute.g.cs.
    DBG: Adding ObservableUpDownCounterAttribute as ObservableUpDownCounterAttribute.g.cs.
    DBG: Adding TagAttribute as TagAttribute.g.cs.
    DBG: Adding ExcludeAttribute as ExcludeAttribute.g.cs.
    DBG: Adding TelemetryGenerationAttribute as TelemetryGenerationAttribute.g.cs.
    DBG: Adding Targets as Targets.g.cs.
    DBG: Adding NamingConvention as NamingConvention.g.cs.
    DBG: Adding ExcludeTargetsAttribute as ExcludeTargetsAttribute.g.cs.
    DBG: --- Finished adding templates.
    DBG: Found attribute: Purview.Telemetry.LoggerAttribute
    DBG: Found attribute: Purview.Telemetry.TelemetryGenerationAttribute(GenerateDependencyExtension = false)
    DBG: Found method ITestTelemetry.DuplicateMethodName.
    DBG: Found 3 parameter(s) for DuplicateMethodName.
    DBG: Found attribute: Purview.Telemetry.LogAttribute
    DBG: Found method ITestTelemetry.DuplicateMethodName.
    DBG: Found 0 parameter(s) for DuplicateMethodName.
    DBG: Found attribute: Purview.Telemetry.LogAttribute
    DBG: Logger generation target: TestTelemetryCore
    DBG: Generating MS Gen-based logging class for: TestTelemetryCore
    DBG: Building logging method: DuplicateMethodName
    DBG: Building logging method: DuplicateMethodName
    DBG: Building logging method: DuplicateMethodName
    DBG: Building logging method: DuplicateMethodName
    DBG: Skipping dependency injection emit.
    
  Error output
failed Generate_GivenMetricMethodReturningInt_RaisesDiagnostic (6s 142ms)
  [Test Failure] VerifyException: Directory: P:\GitHub\kjldev\purview-telemetry-sourcegenerator\src\Purview.Telemetry.SourceGenerator.IntegrationTests\Snapshots
Delete:
  - TelemetrySourceGeneratorTests.Generate_GivenMetricMethodReturningInt_RaisesDiagnostic.verified.txt
Equal:
  - Received: TelemetrySourceGeneratorTests.Generate_GivenMetricMethodReturningInt_RaisesDiagnostic#ActivityAttribute.g.received.cs
    Verified: TelemetrySourceGeneratorTests.Generate_GivenMetricMethodReturningInt_RaisesDiagnostic#ActivityAttribute.g.verified.cs
  - Received: TelemetrySourceGeneratorTests.Generate_GivenMetricMethodReturningInt_RaisesDiagnostic#ActivitySourceAttribute.g.received.cs
    Verified: TelemetrySourceGeneratorTests.Generate_GivenMetricMethodReturningInt_RaisesDiagnostic#ActivitySourceAttribute.g.verified.cs
  - Received: TelemetrySourceGeneratorTests.Generate_GivenMetricMethodReturningInt_RaisesDiagnostic#ActivitySourceGenerationAttribute.g.received.cs
    Verified: TelemetrySourceGeneratorTests.Generate_GivenMetricMethodReturningInt_RaisesDiagnostic#ActivitySourceGenerationAttribute.g.verified.cs
  - Received: TelemetrySourceGeneratorTests.Generate_GivenMetricMethodReturningInt_RaisesDiagnostic#AutoCounterAttribute.g.received.cs
    Verified: TelemetrySourceGeneratorTests.Generate_GivenMetricMethodReturningInt_RaisesDiagnostic#AutoCounterAttribute.g.verified.cs
  - Received: TelemetrySourceGeneratorTests.Generate_GivenMetricMethodReturningInt_RaisesDiagnostic#BaggageAttribute.g.received.cs
    Verified: TelemetrySourceGeneratorTests.Generate_GivenMetricMethodReturningInt_RaisesDiagnostic#BaggageAttribute.g.verified.cs
  - Received: TelemetrySourceGeneratorTests.Generate_GivenMetricMethodReturningInt_RaisesDiagnostic#ContextAttribute.g.received.cs
    Verified: TelemetrySourceGeneratorTests.Generate_GivenMetricMethodReturningInt_RaisesDiagnostic#ContextAttribute.g.verified.cs
  - Received: TelemetrySourceGeneratorTests.Generate_GivenMetricMethodReturningInt_RaisesDiagnostic#CounterAttribute.g.received.cs
    Verified: TelemetrySourceGeneratorTests.Generate_GivenMetricMethodReturningInt_RaisesDiagnostic#CounterAttribute.g.verified.cs
  - Received: TelemetrySourceGeneratorTests.Generate_GivenMetricMethodReturningInt_RaisesDiagnostic#CriticalAttribute.g.received.cs
    Verified: TelemetrySourceGeneratorTests.Generate_GivenMetricMethodReturningInt_RaisesDiagnostic#CriticalAttribute.g.verified.cs
  - Received: TelemetrySourceGeneratorTests.Generate_GivenMetricMethodReturningInt_RaisesDiagnostic#DebugAttribute.g.received.cs
    Verified: TelemetrySourceGeneratorTests.Generate_GivenMetricMethodReturningInt_RaisesDiagnostic#DebugAttribute.g.verified.cs
  - Received: TelemetrySourceGeneratorTests.Generate_GivenMetricMethodReturningInt_RaisesDiagnostic#ErrorAttribute.g.received.cs
    Verified: TelemetrySourceGeneratorTests.Generate_GivenMetricMethodReturningInt_RaisesDiagnostic#ErrorAttribute.g.verified.cs
  - Received: TelemetrySourceGeneratorTests.Generate_GivenMetricMethodReturningInt_RaisesDiagnostic#EscapeAttribute.g.received.cs
    Verified: TelemetrySourceGeneratorTests.Generate_GivenMetricMethodReturningInt_RaisesDiagnostic#EscapeAttribute.g.verified.cs
  - Received: TelemetrySourceGeneratorTests.Generate_GivenMetricMethodReturningInt_RaisesDiagnostic#EventAttribute.g.received.cs
    Verified: TelemetrySourceGeneratorTests.Generate_GivenMetricMethodReturningInt_RaisesDiagnostic#EventAttribute.g.verified.cs
  - Received: TelemetrySourceGeneratorTests.Generate_GivenMetricMethodReturningInt_RaisesDiagnostic#ExcludeAttribute.g.received.cs
    Verified: TelemetrySourceGeneratorTests.Generate_GivenMetricMethodReturningInt_RaisesDiagnostic#ExcludeAttribute.g.verified.cs
  - Received: TelemetrySourceGeneratorTests.Generate_GivenMetricMethodReturningInt_RaisesDiagnostic#ExcludeTargetsAttribute.g.received.cs
    Verified: TelemetrySourceGeneratorTests.Generate_GivenMetricMethodReturningInt_RaisesDiagnostic#ExcludeTargetsAttribute.g.verified.cs
  - Received: TelemetrySourceGeneratorTests.Generate_GivenMetricMethodReturningInt_RaisesDiagnostic#ExpandEnumerableAttribute.g.received.cs
    Verified: TelemetrySourceGeneratorTests.Generate_GivenMetricMethodReturningInt_RaisesDiagnostic#ExpandEnumerableAttribute.g.verified.cs
  - Received: TelemetrySourceGeneratorTests.Generate_GivenMetricMethodReturningInt_RaisesDiagnostic#HistogramAttribute.g.received.cs
    Verified: TelemetrySourceGeneratorTests.Generate_GivenMetricMethodReturningInt_RaisesDiagnostic#HistogramAttribute.g.verified.cs
  - Received: TelemetrySourceGeneratorTests.Generate_GivenMetricMethodReturningInt_RaisesDiagnostic#InfoAttribute.g.received.cs
    Verified: TelemetrySourceGeneratorTests.Generate_GivenMetricMethodReturningInt_RaisesDiagnostic#InfoAttribute.g.verified.cs
  - Received: TelemetrySourceGeneratorTests.Generate_GivenMetricMethodReturningInt_RaisesDiagnostic#InstrumentMeasurementAttribute.g.received.cs
    Verified: TelemetrySourceGeneratorTests.Generate_GivenMetricMethodReturningInt_RaisesDiagnostic#InstrumentMeasurementAttribute.g.verified.cs
  - Received: TelemetrySourceGeneratorTests.Generate_GivenMetricMethodReturningInt_RaisesDiagnostic#LogAttribute.g.received.cs
    Verified: TelemetrySourceGeneratorTests.Generate_GivenMetricMethodReturningInt_RaisesDiagnostic#LogAttribute.g.verified.cs
  - Received: TelemetrySourceGeneratorTests.Generate_GivenMetricMethodReturningInt_RaisesDiagnostic#LoggerAttribute.g.received.cs
    Verified: TelemetrySourceGeneratorTests.Generate_GivenMetricMethodReturningInt_RaisesDiagnostic#LoggerAttribute.g.verified.cs
  - Received: TelemetrySourceGeneratorTests.Generate_GivenMetricMethodReturningInt_RaisesDiagnostic#LoggerGenerationAttribute.g.received.cs
    Verified: TelemetrySourceGeneratorTests.Generate_GivenMetricMethodReturningInt_RaisesDiagnostic#LoggerGenerationAttribute.g.verified.cs
  - Received: TelemetrySourceGeneratorTests.Generate_GivenMetricMethodReturningInt_RaisesDiagnostic#LoggerGenerationMode.g.received.cs
    Verified: TelemetrySourceGeneratorTests.Generate_GivenMetricMethodReturningInt_RaisesDiagnostic#LoggerGenerationMode.g.verified.cs
  - Received: TelemetrySourceGeneratorTests.Generate_GivenMetricMethodReturningInt_RaisesDiagnostic#LogPrefixType.g.received.cs
    Verified: TelemetrySourceGeneratorTests.Generate_GivenMetricMethodReturningInt_RaisesDiagnostic#LogPrefixType.g.verified.cs
  - Received: TelemetrySourceGeneratorTests.Generate_GivenMetricMethodReturningInt_RaisesDiagnostic#MeterAttribute.g.received.cs
    Verified: TelemetrySourceGeneratorTests.Generate_GivenMetricMethodReturningInt_RaisesDiagnostic#MeterAttribute.g.verified.cs
  - Received: TelemetrySourceGeneratorTests.Generate_GivenMetricMethodReturningInt_RaisesDiagnostic#MeterGenerationAttribute.g.received.cs
    Verified: TelemetrySourceGeneratorTests.Generate_GivenMetricMethodReturningInt_RaisesDiagnostic#MeterGenerationAttribute.g.verified.cs
  - Received: TelemetrySourceGeneratorTests.Generate_GivenMetricMethodReturningInt_RaisesDiagnostic#MeterNameGenerationType.g.received.cs
    Verified: TelemetrySourceGeneratorTests.Generate_GivenMetricMethodReturningInt_RaisesDiagnostic#MeterNameGenerationType.g.verified.cs
  - Received: TelemetrySourceGeneratorTests.Generate_GivenMetricMethodReturningInt_RaisesDiagnostic#NamingConvention.g.received.cs
    Verified: TelemetrySourceGeneratorTests.Generate_GivenMetricMethodReturningInt_RaisesDiagnostic#NamingConvention.g.verified.cs
  - Received: TelemetrySourceGeneratorTests.Generate_GivenMetricMethodReturningInt_RaisesDiagnostic#ObservableCounterAttribute.g.received.cs
    Verified: TelemetrySourceGeneratorTests.Generate_GivenMetricMethodReturningInt_RaisesDiagnostic#ObservableCounterAttribute.g.verified.cs
  - Received: TelemetrySourceGeneratorTests.Generate_GivenMetricMethodReturningInt_RaisesDiagnostic#ObservableGaugeAttribute.g.received.cs
    Verified: TelemetrySourceGeneratorTests.Generate_GivenMetricMethodReturningInt_RaisesDiagnostic#ObservableGaugeAttribute.g.verified.cs
  - Received: TelemetrySourceGeneratorTests.Generate_GivenMetricMethodReturningInt_RaisesDiagnostic#ObservableUpDownCounterAttribute.g.received.cs
    Verified: TelemetrySourceGeneratorTests.Generate_GivenMetricMethodReturningInt_RaisesDiagnostic#ObservableUpDownCounterAttribute.g.verified.cs
  - Received: TelemetrySourceGeneratorTests.Generate_GivenMetricMethodReturningInt_RaisesDiagnostic#Purview.Telemetry.SourceGenerator.TelemetryNames.g.received.cs
    Verified: TelemetrySourceGeneratorTests.Generate_GivenMetricMethodReturningInt_RaisesDiagnostic#Purview.Telemetry.SourceGenerator.TelemetryNames.g.verified.cs
  - Received: TelemetrySourceGeneratorTests.Generate_GivenMetricMethodReturningInt_RaisesDiagnostic#StatusDescriptionAttribute.g.received.cs
    Verified: TelemetrySourceGeneratorTests.Generate_GivenMetricMethodReturningInt_RaisesDiagnostic#StatusDescriptionAttribute.g.verified.cs
  - Received: TelemetrySourceGeneratorTests.Generate_GivenMetricMethodReturningInt_RaisesDiagnostic#TagAttribute.g.received.cs
    Verified: TelemetrySourceGeneratorTests.Generate_GivenMetricMethodReturningInt_RaisesDiagnostic#TagAttribute.g.verified.cs
  - Received: TelemetrySourceGeneratorTests.Generate_GivenMetricMethodReturningInt_RaisesDiagnostic#Targets.g.received.cs
    Verified: TelemetrySourceGeneratorTests.Generate_GivenMetricMethodReturningInt_RaisesDiagnostic#Targets.g.verified.cs
  - Received: TelemetrySourceGeneratorTests.Generate_GivenMetricMethodReturningInt_RaisesDiagnostic#TelemetryGenerationAttribute.g.received.cs
    Verified: TelemetrySourceGeneratorTests.Generate_GivenMetricMethodReturningInt_RaisesDiagnostic#TelemetryGenerationAttribute.g.verified.cs
  - Received: TelemetrySourceGeneratorTests.Generate_GivenMetricMethodReturningInt_RaisesDiagnostic#Testing.InvalidTelemetryCore.Metric.g.received.cs
    Verified: TelemetrySourceGeneratorTests.Generate_GivenMetricMethodReturningInt_RaisesDiagnostic#Testing.InvalidTelemetryCore.Metric.g.verified.cs
  - Received: TelemetrySourceGeneratorTests.Generate_GivenMetricMethodReturningInt_RaisesDiagnostic#TraceAttribute.g.received.cs
    Verified: TelemetrySourceGeneratorTests.Generate_GivenMetricMethodReturningInt_RaisesDiagnostic#TraceAttribute.g.verified.cs
  - Received: TelemetrySourceGeneratorTests.Generate_GivenMetricMethodReturningInt_RaisesDiagnostic#UpDownCounterAttribute.g.received.cs
    Verified: TelemetrySourceGeneratorTests.Generate_GivenMetricMethodReturningInt_RaisesDiagnostic#UpDownCounterAttribute.g.verified.cs
  - Received: TelemetrySourceGeneratorTests.Generate_GivenMetricMethodReturningInt_RaisesDiagnostic#WarningAttribute.g.received.cs
    Verified: TelemetrySourceGeneratorTests.Generate_GivenMetricMethodReturningInt_RaisesDiagnostic#WarningAttribute.g.verified.cs

  from P:\GitHub\kjldev\purview-telemetry-sourcegenerator\src\Purview.Telemetry.SourceGenerator.IntegrationTests\bin\Release\net10.0\Purview.Telemetry.SourceGenerator.IntegrationTests.dll (net10.0|x64)
  TUnit.Engine.Exceptions.TestFailedException: [Test Failure] VerifyException: Directory: P:\GitHub\kjldev\purview-telemetry-sourcegenerator\src\Purview.Telemetry.SourceGenerator.IntegrationTests\Snapshots
  Delete:
    - TelemetrySourceGeneratorTests.Generate_GivenMetricMethodReturningInt_RaisesDiagnostic.verified.txt
  Equal:
    - Received: TelemetrySourceGeneratorTests.Generate_GivenMetricMethodReturningInt_RaisesDiagnostic#ActivityAttribute.g.received.cs
      Verified: TelemetrySourceGeneratorTests.Generate_GivenMetricMethodReturningInt_RaisesDiagnostic#ActivityAttribute.g.verified.cs
    - Received: TelemetrySourceGeneratorTests.Generate_GivenMetricMethodReturningInt_RaisesDiagnostic#ActivitySourceAttribute.g.received.cs
      Verified: TelemetrySourceGeneratorTests.Generate_GivenMetricMethodReturningInt_RaisesDiagnostic#ActivitySourceAttribute.g.verified.cs
    - Received: TelemetrySourceGeneratorTests.Generate_GivenMetricMethodReturningInt_RaisesDiagnostic#ActivitySourceGenerationAttribute.g.received.cs
      Verified: TelemetrySourceGeneratorTests.Generate_GivenMetricMethodReturningInt_RaisesDiagnostic#ActivitySourceGenerationAttribute.g.verified.cs
    - Received: TelemetrySourceGeneratorTests.Generate_GivenMetricMethodReturningInt_RaisesDiagnostic#AutoCounterAttribute.g.received.cs
      Verified: TelemetrySourceGeneratorTests.Generate_GivenMetricMethodReturningInt_RaisesDiagnostic#AutoCounterAttribute.g.verified.cs
    - Received: TelemetrySourceGeneratorTests.Generate_GivenMetricMethodReturningInt_RaisesDiagnostic#BaggageAttribute.g.received.cs
      Verified: TelemetrySourceGeneratorTests.Generate_GivenMetricMethodReturningInt_RaisesDiagnostic#BaggageAttribute.g.verified.cs
    - Received: TelemetrySourceGeneratorTests.Generate_GivenMetricMethodReturningInt_RaisesDiagnostic#ContextAttribute.g.received.cs
      Verified: TelemetrySourceGeneratorTests.Generate_GivenMetricMethodReturningInt_RaisesDiagnostic#ContextAttribute.g.verified.cs
    - Received: TelemetrySourceGeneratorTests.Generate_GivenMetricMethodReturningInt_RaisesDiagnostic#CounterAttribute.g.received.cs
      Verified: TelemetrySourceGeneratorTests.Generate_GivenMetricMethodReturningInt_RaisesDiagnostic#CounterAttribute.g.verified.cs
    - Received: TelemetrySourceGeneratorTests.Generate_GivenMetricMethodReturningInt_RaisesDiagnostic#CriticalAttribute.g.received.cs
      Verified: TelemetrySourceGeneratorTests.Generate_GivenMetricMethodReturningInt_RaisesDiagnostic#CriticalAttribute.g.verified.cs
    - Received: TelemetrySourceGeneratorTests.Generate_GivenMetricMethodReturningInt_RaisesDiagnostic#DebugAttribute.g.received.cs
      Verified: TelemetrySourceGeneratorTests.Generate_GivenMetricMethodReturningInt_RaisesDiagnostic#DebugAttribute.g.verified.cs
    - Received: TelemetrySourceGeneratorTests.Generate_GivenMetricMethodReturningInt_RaisesDiagnostic#ErrorAttribute.g.received.cs
      Verified: TelemetrySourceGeneratorTests.Generate_GivenMetricMethodReturningInt_RaisesDiagnostic#ErrorAttribute.g.verified.cs
    - Received: TelemetrySourceGeneratorTests.Generate_GivenMetricMethodReturningInt_RaisesDiagnostic#EscapeAttribute.g.received.cs
      Verified: TelemetrySourceGeneratorTests.Generate_GivenMetricMethodReturningInt_RaisesDiagnostic#EscapeAttribute.g.verified.cs
    - Received: TelemetrySourceGeneratorTests.Generate_GivenMetricMethodReturningInt_RaisesDiagnostic#EventAttribute.g.received.cs
      Verified: TelemetrySourceGeneratorTests.Generate_GivenMetricMethodReturningInt_RaisesDiagnostic#EventAttribute.g.verified.cs
    - Received: TelemetrySourceGeneratorTests.Generate_GivenMetricMethodReturningInt_RaisesDiagnostic#ExcludeAttribute.g.received.cs
      Verified: TelemetrySourceGeneratorTests.Generate_GivenMetricMethodReturningInt_RaisesDiagnostic#ExcludeAttribute.g.verified.cs
    - Received: TelemetrySourceGeneratorTests.Generate_GivenMetricMethodReturningInt_RaisesDiagnostic#ExcludeTargetsAttribute.g.received.cs
      Verified: TelemetrySourceGeneratorTests.Generate_GivenMetricMethodReturningInt_RaisesDiagnostic#ExcludeTargetsAttribute.g.verified.cs
    - Received: TelemetrySourceGeneratorTests.Generate_GivenMetricMethodReturningInt_RaisesDiagnostic#ExpandEnumerableAttribute.g.received.cs
      Verified: TelemetrySourceGeneratorTests.Generate_GivenMetricMethodReturningInt_RaisesDiagnostic#ExpandEnumerableAttribute.g.verified.cs
    - Received: TelemetrySourceGeneratorTests.Generate_GivenMetricMethodReturningInt_RaisesDiagnostic#HistogramAttribute.g.received.cs
      Verified: TelemetrySourceGeneratorTests.Generate_GivenMetricMethodReturningInt_RaisesDiagnostic#HistogramAttribute.g.verified.cs
    - Received: TelemetrySourceGeneratorTests.Generate_GivenMetricMethodReturningInt_RaisesDiagnostic#InfoAttribute.g.received.cs
      Verified: TelemetrySourceGeneratorTests.Generate_GivenMetricMethodReturningInt_RaisesDiagnostic#InfoAttribute.g.verified.cs
    - Received: TelemetrySourceGeneratorTests.Generate_GivenMetricMethodReturningInt_RaisesDiagnostic#InstrumentMeasurementAttribute.g.received.cs
      Verified: TelemetrySourceGeneratorTests.Generate_GivenMetricMethodReturningInt_RaisesDiagnostic#InstrumentMeasurementAttribute.g.verified.cs
    - Received: TelemetrySourceGeneratorTests.Generate_GivenMetricMethodReturningInt_RaisesDiagnostic#LogAttribute.g.received.cs
      Verified: TelemetrySourceGeneratorTests.Generate_GivenMetricMethodReturningInt_RaisesDiagnostic#LogAttribute.g.verified.cs
    - Received: TelemetrySourceGeneratorTests.Generate_GivenMetricMethodReturningInt_RaisesDiagnostic#LoggerAttribute.g.received.cs
      Verified: TelemetrySourceGeneratorTests.Generate_GivenMetricMethodReturningInt_RaisesDiagnostic#LoggerAttribute.g.verified.cs
    - Received: TelemetrySourceGeneratorTests.Generate_GivenMetricMethodReturningInt_RaisesDiagnostic#LoggerGenerationAttribute.g.received.cs
      Verified: TelemetrySourceGeneratorTests.Generate_GivenMetricMethodReturningInt_RaisesDiagnostic#LoggerGenerationAttribute.g.verified.cs
    - Received: TelemetrySourceGeneratorTests.Generate_GivenMetricMethodReturningInt_RaisesDiagnostic#LoggerGenerationMode.g.received.cs
      Verified: TelemetrySourceGeneratorTests.Generate_GivenMetricMethodReturningInt_RaisesDiagnostic#LoggerGenerationMode.g.verified.cs
    - Received: TelemetrySourceGeneratorTests.Generate_GivenMetricMethodReturningInt_RaisesDiagnostic#LogPrefixType.g.received.cs
      Verified: TelemetrySourceGeneratorTests.Generate_GivenMetricMethodReturningInt_RaisesDiagnostic#LogPrefixType.g.verified.cs
    - Received: TelemetrySourceGeneratorTests.Generate_GivenMetricMethodReturningInt_RaisesDiagnostic#MeterAttribute.g.received.cs
      Verified: TelemetrySourceGeneratorTests.Generate_GivenMetricMethodReturningInt_RaisesDiagnostic#MeterAttribute.g.verified.cs
    - Received: TelemetrySourceGeneratorTests.Generate_GivenMetricMethodReturningInt_RaisesDiagnostic#MeterGenerationAttribute.g.received.cs
      Verified: TelemetrySourceGeneratorTests.Generate_GivenMetricMethodReturningInt_RaisesDiagnostic#MeterGenerationAttribute.g.verified.cs
    - Received: TelemetrySourceGeneratorTests.Generate_GivenMetricMethodReturningInt_RaisesDiagnostic#MeterNameGenerationType.g.received.cs
      Verified: TelemetrySourceGeneratorTests.Generate_GivenMetricMethodReturningInt_RaisesDiagnostic#MeterNameGenerationType.g.verified.cs
    - Received: TelemetrySourceGeneratorTests.Generate_GivenMetricMethodReturningInt_RaisesDiagnostic#NamingConvention.g.received.cs
      Verified: TelemetrySourceGeneratorTests.Generate_GivenMetricMethodReturningInt_RaisesDiagnostic#NamingConvention.g.verified.cs
    - Received: TelemetrySourceGeneratorTests.Generate_GivenMetricMethodReturningInt_RaisesDiagnostic#ObservableCounterAttribute.g.received.cs
      Verified: TelemetrySourceGeneratorTests.Generate_GivenMetricMethodReturningInt_RaisesDiagnostic#ObservableCounterAttribute.g.verified.cs
    - Received: TelemetrySourceGeneratorTests.Generate_GivenMetricMethodReturningInt_RaisesDiagnostic#ObservableGaugeAttribute.g.received.cs
      Verified: TelemetrySourceGeneratorTests.Generate_GivenMetricMethodReturningInt_RaisesDiagnostic#ObservableGaugeAttribute.g.verified.cs
    - Received: TelemetrySourceGeneratorTests.Generate_GivenMetricMethodReturningInt_RaisesDiagnostic#ObservableUpDownCounterAttribute.g.received.cs
      Verified: TelemetrySourceGeneratorTests.Generate_GivenMetricMethodReturningInt_RaisesDiagnostic#ObservableUpDownCounterAttribute.g.verified.cs
    - Received: TelemetrySourceGeneratorTests.Generate_GivenMetricMethodReturningInt_RaisesDiagnostic#Purview.Telemetry.SourceGenerator.TelemetryNames.g.received.cs
      Verified: TelemetrySourceGeneratorTests.Generate_GivenMetricMethodReturningInt_RaisesDiagnostic#Purview.Telemetry.SourceGenerator.TelemetryNames.g.verified.cs
    - Received: TelemetrySourceGeneratorTests.Generate_GivenMetricMethodReturningInt_RaisesDiagnostic#StatusDescriptionAttribute.g.received.cs
      Verified: TelemetrySourceGeneratorTests.Generate_GivenMetricMethodReturningInt_RaisesDiagnostic#StatusDescriptionAttribute.g.verified.cs
    - Received: TelemetrySourceGeneratorTests.Generate_GivenMetricMethodReturningInt_RaisesDiagnostic#TagAttribute.g.received.cs
      Verified: TelemetrySourceGeneratorTests.Generate_GivenMetricMethodReturningInt_RaisesDiagnostic#TagAttribute.g.verified.cs
    - Received: TelemetrySourceGeneratorTests.Generate_GivenMetricMethodReturningInt_RaisesDiagnostic#Targets.g.received.cs
      Verified: TelemetrySourceGeneratorTests.Generate_GivenMetricMethodReturningInt_RaisesDiagnostic#Targets.g.verified.cs
    - Received: TelemetrySourceGeneratorTests.Generate_GivenMetricMethodReturningInt_RaisesDiagnostic#TelemetryGenerationAttribute.g.received.cs
      Verified: TelemetrySourceGeneratorTests.Generate_GivenMetricMethodReturningInt_RaisesDiagnostic#TelemetryGenerationAttribute.g.verified.cs
    - Received: TelemetrySourceGeneratorTests.Generate_GivenMetricMethodReturningInt_RaisesDiagnostic#Testing.InvalidTelemetryCore.Metric.g.received.cs
      Verified: TelemetrySourceGeneratorTests.Generate_GivenMetricMethodReturningInt_RaisesDiagnostic#Testing.InvalidTelemetryCore.Metric.g.verified.cs
    - Received: TelemetrySourceGeneratorTests.Generate_GivenMetricMethodReturningInt_RaisesDiagnostic#TraceAttribute.g.received.cs
      Verified: TelemetrySourceGeneratorTests.Generate_GivenMetricMethodReturningInt_RaisesDiagnostic#TraceAttribute.g.verified.cs
    - Received: TelemetrySourceGeneratorTests.Generate_GivenMetricMethodReturningInt_RaisesDiagnostic#UpDownCounterAttribute.g.received.cs
      Verified: TelemetrySourceGeneratorTests.Generate_GivenMetricMethodReturningInt_RaisesDiagnostic#UpDownCounterAttribute.g.verified.cs
    - Received: TelemetrySourceGeneratorTests.Generate_GivenMetricMethodReturningInt_RaisesDiagnostic#WarningAttribute.g.received.cs
      Verified: TelemetrySourceGeneratorTests.Generate_GivenMetricMethodReturningInt_RaisesDiagnostic#WarningAttribute.g.verified.cs
  
  Standard output
    DBG: --- Adding templates.
    DBG: Adding ActivitySourceGenerationAttribute as ActivitySourceGenerationAttribute.g.cs.
    DBG: Adding ActivitySourceAttribute as ActivitySourceAttribute.g.cs.
    DBG: Adding ActivityAttribute as ActivityAttribute.g.cs.
    DBG: Adding EventAttribute as EventAttribute.g.cs.
    DBG: Adding ContextAttribute as ContextAttribute.g.cs.
    DBG: Adding BaggageAttribute as BaggageAttribute.g.cs.
    DBG: Adding EscapeAttribute as EscapeAttribute.g.cs.
    DBG: Adding StatusDescriptionAttribute as StatusDescriptionAttribute.g.cs.
    DBG: Adding LoggerGenerationAttribute as LoggerGenerationAttribute.g.cs.
    DBG: Adding LoggerAttribute as LoggerAttribute.g.cs.
    DBG: Adding LogAttribute as LogAttribute.g.cs.
    DBG: Adding LogPrefixType as LogPrefixType.g.cs.
    DBG: Adding LoggerGenerationMode as LoggerGenerationMode.g.cs.
    DBG: Adding ExpandEnumerableAttribute as ExpandEnumerableAttribute.g.cs.
    DBG: Adding TraceAttribute as TraceAttribute.g.cs.
    DBG: Adding DebugAttribute as DebugAttribute.g.cs.
    DBG: Adding InfoAttribute as InfoAttribute.g.cs.
    DBG: Adding WarningAttribute as WarningAttribute.g.cs.
    DBG: Adding ErrorAttribute as ErrorAttribute.g.cs.
    DBG: Adding CriticalAttribute as CriticalAttribute.g.cs.
    DBG: Adding MeterGenerationAttribute as MeterGenerationAttribute.g.cs.
    DBG: Adding MeterAttribute as MeterAttribute.g.cs.
    DBG: Adding MeterNameGenerationType as MeterNameGenerationType.g.cs.
    DBG: Adding InstrumentMeasurementAttribute as InstrumentMeasurementAttribute.g.cs.
    DBG: Adding AutoCounterAttribute as AutoCounterAttribute.g.cs.
    DBG: Adding CounterAttribute as CounterAttribute.g.cs.
    DBG: Adding UpDownCounterAttribute as UpDownCounterAttribute.g.cs.
    DBG: Adding HistogramAttribute as HistogramAttribute.g.cs.
    DBG: Adding ObservableCounterAttribute as ObservableCounterAttribute.g.cs.
    DBG: Adding ObservableGaugeAttribute as ObservableGaugeAttribute.g.cs.
    DBG: Adding ObservableUpDownCounterAttribute as ObservableUpDownCounterAttribute.g.cs.
    DBG: Adding TagAttribute as TagAttribute.g.cs.
    DBG: Adding ExcludeAttribute as ExcludeAttribute.g.cs.
    DBG: Adding TelemetryGenerationAttribute as TelemetryGenerationAttribute.g.cs.
    DBG: Adding Targets as Targets.g.cs.
    DBG: Adding NamingConvention as NamingConvention.g.cs.
    DBG: Adding ExcludeTargetsAttribute as ExcludeTargetsAttribute.g.cs.
    DBG: --- Finished adding templates.
    DBG: Found attribute: Purview.Telemetry.MeterAttribute("testing-meter")
    DBG: Found attribute: Purview.Telemetry.TelemetryGenerationAttribute(GenerateDependencyExtension = false)
    DBG: Found possible instrument method IInvalidTelemetry.InvalidReturnType.
    DBG: Found attribute: Purview.Telemetry.CounterAttribute
    DBG: Found valid instrument type: int
    DBG: Meter generation target: Testing.InvalidTelemetryCore
    DBG: Generating metric class for: Testing.InvalidTelemetryCore
    DBG: Emitting fields for InvalidTelemetryCore
    DBG: Emitting partial method for populating tags: PopulateMeterTags.
    DBG: Emitting instrument method: InvalidReturnType.
    DBG: Skipping dependency injection emit.
    DBG: Found attribute: Purview.Telemetry.MeterAttribute("testing-meter")
    DBG: Found attribute: Purview.Telemetry.TelemetryGenerationAttribute(GenerateDependencyExtension = false)
    DBG: Found possible instrument method IInvalidTelemetry.InvalidReturnType.
    DBG: Found attribute: Purview.Telemetry.CounterAttribute
    DBG: Found valid instrument type: int
    DBG: Generating Telemetry Names using class 'TelemetryNames'.
    
  Error output
failed Generate_GivenDuplicateMultiTargetMethodNames_GeneratesDiagnostic(Telemetry) (6s 199ms)
  [Test Failure] VerifyException: Directory: P:\GitHub\kjldev\purview-telemetry-sourcegenerator\src\Purview.Telemetry.SourceGenerator.IntegrationTests\Snapshots
Delete:
  - TelemetrySourceGeneratorTests.Generate_GivenDuplicateMultiTargetMethodNames_GeneratesDiagnostic_A4lm3p9rmpAbILTGyosqRgCf7r4DG6vIQtQ2kMC8Iis.verified.txt
Equal:
  - Received: TelemetrySourceGeneratorTests.Generate_GivenDuplicateMultiTargetMethodNames_GeneratesDiagnostic_A4lm3p9rmpAbILTGyosqRgCf7r4DG6vIQtQ2kMC8Iis#ActivityAttribute.g.received.cs
    Verified: TelemetrySourceGeneratorTests.Generate_GivenDuplicateMultiTargetMethodNames_GeneratesDiagnostic_A4lm3p9rmpAbILTGyosqRgCf7r4DG6vIQtQ2kMC8Iis#ActivityAttribute.g.verified.cs
  - Received: TelemetrySourceGeneratorTests.Generate_GivenDuplicateMultiTargetMethodNames_GeneratesDiagnostic_A4lm3p9rmpAbILTGyosqRgCf7r4DG6vIQtQ2kMC8Iis#ActivitySourceAttribute.g.received.cs
    Verified: TelemetrySourceGeneratorTests.Generate_GivenDuplicateMultiTargetMethodNames_GeneratesDiagnostic_A4lm3p9rmpAbILTGyosqRgCf7r4DG6vIQtQ2kMC8Iis#ActivitySourceAttribute.g.verified.cs
  - Received: TelemetrySourceGeneratorTests.Generate_GivenDuplicateMultiTargetMethodNames_GeneratesDiagnostic_A4lm3p9rmpAbILTGyosqRgCf7r4DG6vIQtQ2kMC8Iis#ActivitySourceGenerationAttribute.g.received.cs
    Verified: TelemetrySourceGeneratorTests.Generate_GivenDuplicateMultiTargetMethodNames_GeneratesDiagnostic_A4lm3p9rmpAbILTGyosqRgCf7r4DG6vIQtQ2kMC8Iis#ActivitySourceGenerationAttribute.g.verified.cs
  - Received: TelemetrySourceGeneratorTests.Generate_GivenDuplicateMultiTargetMethodNames_GeneratesDiagnostic_A4lm3p9rmpAbILTGyosqRgCf7r4DG6vIQtQ2kMC8Iis#AutoCounterAttribute.g.received.cs
    Verified: TelemetrySourceGeneratorTests.Generate_GivenDuplicateMultiTargetMethodNames_GeneratesDiagnostic_A4lm3p9rmpAbILTGyosqRgCf7r4DG6vIQtQ2kMC8Iis#AutoCounterAttribute.g.verified.cs
  - Received: TelemetrySourceGeneratorTests.Generate_GivenDuplicateMultiTargetMethodNames_GeneratesDiagnostic_A4lm3p9rmpAbILTGyosqRgCf7r4DG6vIQtQ2kMC8Iis#BaggageAttribute.g.received.cs
    Verified: TelemetrySourceGeneratorTests.Generate_GivenDuplicateMultiTargetMethodNames_GeneratesDiagnostic_A4lm3p9rmpAbILTGyosqRgCf7r4DG6vIQtQ2kMC8Iis#BaggageAttribute.g.verified.cs
  - Received: TelemetrySourceGeneratorTests.Generate_GivenDuplicateMultiTargetMethodNames_GeneratesDiagnostic_A4lm3p9rmpAbILTGyosqRgCf7r4DG6vIQtQ2kMC8Iis#ContextAttribute.g.received.cs
    Verified: TelemetrySourceGeneratorTests.Generate_GivenDuplicateMultiTargetMethodNames_GeneratesDiagnostic_A4lm3p9rmpAbILTGyosqRgCf7r4DG6vIQtQ2kMC8Iis#ContextAttribute.g.verified.cs
  - Received: TelemetrySourceGeneratorTests.Generate_GivenDuplicateMultiTargetMethodNames_GeneratesDiagnostic_A4lm3p9rmpAbILTGyosqRgCf7r4DG6vIQtQ2kMC8Iis#CounterAttribute.g.received.cs
    Verified: TelemetrySourceGeneratorTests.Generate_GivenDuplicateMultiTargetMethodNames_GeneratesDiagnostic_A4lm3p9rmpAbILTGyosqRgCf7r4DG6vIQtQ2kMC8Iis#CounterAttribute.g.verified.cs
  - Received: TelemetrySourceGeneratorTests.Generate_GivenDuplicateMultiTargetMethodNames_GeneratesDiagnostic_A4lm3p9rmpAbILTGyosqRgCf7r4DG6vIQtQ2kMC8Iis#CriticalAttribute.g.received.cs
    Verified: TelemetrySourceGeneratorTests.Generate_GivenDuplicateMultiTargetMethodNames_GeneratesDiagnostic_A4lm3p9rmpAbILTGyosqRgCf7r4DG6vIQtQ2kMC8Iis#CriticalAttribute.g.verified.cs
  - Received: TelemetrySourceGeneratorTests.Generate_GivenDuplicateMultiTargetMethodNames_GeneratesDiagnostic_A4lm3p9rmpAbILTGyosqRgCf7r4DG6vIQtQ2kMC8Iis#DebugAttribute.g.received.cs
    Verified: TelemetrySourceGeneratorTests.Generate_GivenDuplicateMultiTargetMethodNames_GeneratesDiagnostic_A4lm3p9rmpAbILTGyosqRgCf7r4DG6vIQtQ2kMC8Iis#DebugAttribute.g.verified.cs
  - Received: TelemetrySourceGeneratorTests.Generate_GivenDuplicateMultiTargetMethodNames_GeneratesDiagnostic_A4lm3p9rmpAbILTGyosqRgCf7r4DG6vIQtQ2kMC8Iis#ErrorAttribute.g.received.cs
    Verified: TelemetrySourceGeneratorTests.Generate_GivenDuplicateMultiTargetMethodNames_GeneratesDiagnostic_A4lm3p9rmpAbILTGyosqRgCf7r4DG6vIQtQ2kMC8Iis#ErrorAttribute.g.verified.cs
  - Received: TelemetrySourceGeneratorTests.Generate_GivenDuplicateMultiTargetMethodNames_GeneratesDiagnostic_A4lm3p9rmpAbILTGyosqRgCf7r4DG6vIQtQ2kMC8Iis#EscapeAttribute.g.received.cs
    Verified: TelemetrySourceGeneratorTests.Generate_GivenDuplicateMultiTargetMethodNames_GeneratesDiagnostic_A4lm3p9rmpAbILTGyosqRgCf7r4DG6vIQtQ2kMC8Iis#EscapeAttribute.g.verified.cs
  - Received: TelemetrySourceGeneratorTests.Generate_GivenDuplicateMultiTargetMethodNames_GeneratesDiagnostic_A4lm3p9rmpAbILTGyosqRgCf7r4DG6vIQtQ2kMC8Iis#EventAttribute.g.received.cs
    Verified: TelemetrySourceGeneratorTests.Generate_GivenDuplicateMultiTargetMethodNames_GeneratesDiagnostic_A4lm3p9rmpAbILTGyosqRgCf7r4DG6vIQtQ2kMC8Iis#EventAttribute.g.verified.cs
  - Received: TelemetrySourceGeneratorTests.Generate_GivenDuplicateMultiTargetMethodNames_GeneratesDiagnostic_A4lm3p9rmpAbILTGyosqRgCf7r4DG6vIQtQ2kMC8Iis#ExcludeAttribute.g.received.cs
    Verified: TelemetrySourceGeneratorTests.Generate_GivenDuplicateMultiTargetMethodNames_GeneratesDiagnostic_A4lm3p9rmpAbILTGyosqRgCf7r4DG6vIQtQ2kMC8Iis#ExcludeAttribute.g.verified.cs
  - Received: TelemetrySourceGeneratorTests.Generate_GivenDuplicateMultiTargetMethodNames_GeneratesDiagnostic_A4lm3p9rmpAbILTGyosqRgCf7r4DG6vIQtQ2kMC8Iis#ExcludeTargetsAttribute.g.received.cs
    Verified: TelemetrySourceGeneratorTests.Generate_GivenDuplicateMultiTargetMethodNames_GeneratesDiagnostic_A4lm3p9rmpAbILTGyosqRgCf7r4DG6vIQtQ2kMC8Iis#ExcludeTargetsAttribute.g.verified.cs
  - Received: TelemetrySourceGeneratorTests.Generate_GivenDuplicateMultiTargetMethodNames_GeneratesDiagnostic_A4lm3p9rmpAbILTGyosqRgCf7r4DG6vIQtQ2kMC8Iis#ExpandEnumerableAttribute.g.received.cs
    Verified: TelemetrySourceGeneratorTests.Generate_GivenDuplicateMultiTargetMethodNames_GeneratesDiagnostic_A4lm3p9rmpAbILTGyosqRgCf7r4DG6vIQtQ2kMC8Iis#ExpandEnumerableAttribute.g.verified.cs
  - Received: TelemetrySourceGeneratorTests.Generate_GivenDuplicateMultiTargetMethodNames_GeneratesDiagnostic_A4lm3p9rmpAbILTGyosqRgCf7r4DG6vIQtQ2kMC8Iis#HistogramAttribute.g.received.cs
    Verified: TelemetrySourceGeneratorTests.Generate_GivenDuplicateMultiTargetMethodNames_GeneratesDiagnostic_A4lm3p9rmpAbILTGyosqRgCf7r4DG6vIQtQ2kMC8Iis#HistogramAttribute.g.verified.cs
  - Received: TelemetrySourceGeneratorTests.Generate_GivenDuplicateMultiTargetMethodNames_GeneratesDiagnostic_A4lm3p9rmpAbILTGyosqRgCf7r4DG6vIQtQ2kMC8Iis#InfoAttribute.g.received.cs
    Verified: TelemetrySourceGeneratorTests.Generate_GivenDuplicateMultiTargetMethodNames_GeneratesDiagnostic_A4lm3p9rmpAbILTGyosqRgCf7r4DG6vIQtQ2kMC8Iis#InfoAttribute.g.verified.cs
  - Received: TelemetrySourceGeneratorTests.Generate_GivenDuplicateMultiTargetMethodNames_GeneratesDiagnostic_A4lm3p9rmpAbILTGyosqRgCf7r4DG6vIQtQ2kMC8Iis#InstrumentMeasurementAttribute.g.received.cs
    Verified: TelemetrySourceGeneratorTests.Generate_GivenDuplicateMultiTargetMethodNames_GeneratesDiagnostic_A4lm3p9rmpAbILTGyosqRgCf7r4DG6vIQtQ2kMC8Iis#InstrumentMeasurementAttribute.g.verified.cs
  - Received: TelemetrySourceGeneratorTests.Generate_GivenDuplicateMultiTargetMethodNames_GeneratesDiagnostic_A4lm3p9rmpAbILTGyosqRgCf7r4DG6vIQtQ2kMC8Iis#LogAttribute.g.received.cs
    Verified: TelemetrySourceGeneratorTests.Generate_GivenDuplicateMultiTargetMethodNames_GeneratesDiagnostic_A4lm3p9rmpAbILTGyosqRgCf7r4DG6vIQtQ2kMC8Iis#LogAttribute.g.verified.cs
  - Received: TelemetrySourceGeneratorTests.Generate_GivenDuplicateMultiTargetMethodNames_GeneratesDiagnostic_A4lm3p9rmpAbILTGyosqRgCf7r4DG6vIQtQ2kMC8Iis#LoggerAttribute.g.received.cs
    Verified: TelemetrySourceGeneratorTests.Generate_GivenDuplicateMultiTargetMethodNames_GeneratesDiagnostic_A4lm3p9rmpAbILTGyosqRgCf7r4DG6vIQtQ2kMC8Iis#LoggerAttribute.g.verified.cs
  - Received: TelemetrySourceGeneratorTests.Generate_GivenDuplicateMultiTargetMethodNames_GeneratesDiagnostic_A4lm3p9rmpAbILTGyosqRgCf7r4DG6vIQtQ2kMC8Iis#LoggerGenerationAttribute.g.received.cs
    Verified: TelemetrySourceGeneratorTests.Generate_GivenDuplicateMultiTargetMethodNames_GeneratesDiagnostic_A4lm3p9rmpAbILTGyosqRgCf7r4DG6vIQtQ2kMC8Iis#LoggerGenerationAttribute.g.verified.cs
  - Received: TelemetrySourceGeneratorTests.Generate_GivenDuplicateMultiTargetMethodNames_GeneratesDiagnostic_A4lm3p9rmpAbILTGyosqRgCf7r4DG6vIQtQ2kMC8Iis#LoggerGenerationMode.g.received.cs
    Verified: TelemetrySourceGeneratorTests.Generate_GivenDuplicateMultiTargetMethodNames_GeneratesDiagnostic_A4lm3p9rmpAbILTGyosqRgCf7r4DG6vIQtQ2kMC8Iis#LoggerGenerationMode.g.verified.cs
  - Received: TelemetrySourceGeneratorTests.Generate_GivenDuplicateMultiTargetMethodNames_GeneratesDiagnostic_A4lm3p9rmpAbILTGyosqRgCf7r4DG6vIQtQ2kMC8Iis#LogPrefixType.g.received.cs
    Verified: TelemetrySourceGeneratorTests.Generate_GivenDuplicateMultiTargetMethodNames_GeneratesDiagnostic_A4lm3p9rmpAbILTGyosqRgCf7r4DG6vIQtQ2kMC8Iis#LogPrefixType.g.verified.cs
  - Received: TelemetrySourceGeneratorTests.Generate_GivenDuplicateMultiTargetMethodNames_GeneratesDiagnostic_A4lm3p9rmpAbILTGyosqRgCf7r4DG6vIQtQ2kMC8Iis#MeterAttribute.g.received.cs
    Verified: TelemetrySourceGeneratorTests.Generate_GivenDuplicateMultiTargetMethodNames_GeneratesDiagnostic_A4lm3p9rmpAbILTGyosqRgCf7r4DG6vIQtQ2kMC8Iis#MeterAttribute.g.verified.cs
  - Received: TelemetrySourceGeneratorTests.Generate_GivenDuplicateMultiTargetMethodNames_GeneratesDiagnostic_A4lm3p9rmpAbILTGyosqRgCf7r4DG6vIQtQ2kMC8Iis#MeterGenerationAttribute.g.received.cs
    Verified: TelemetrySourceGeneratorTests.Generate_GivenDuplicateMultiTargetMethodNames_GeneratesDiagnostic_A4lm3p9rmpAbILTGyosqRgCf7r4DG6vIQtQ2kMC8Iis#MeterGenerationAttribute.g.verified.cs
  - Received: TelemetrySourceGeneratorTests.Generate_GivenDuplicateMultiTargetMethodNames_GeneratesDiagnostic_A4lm3p9rmpAbILTGyosqRgCf7r4DG6vIQtQ2kMC8Iis#MeterNameGenerationType.g.received.cs
    Verified: TelemetrySourceGeneratorTests.Generate_GivenDuplicateMultiTargetMethodNames_GeneratesDiagnostic_A4lm3p9rmpAbILTGyosqRgCf7r4DG6vIQtQ2kMC8Iis#MeterNameGenerationType.g.verified.cs
  - Received: TelemetrySourceGeneratorTests.Generate_GivenDuplicateMultiTargetMethodNames_GeneratesDiagnostic_A4lm3p9rmpAbILTGyosqRgCf7r4DG6vIQtQ2kMC8Iis#NamingConvention.g.received.cs
    Verified: TelemetrySourceGeneratorTests.Generate_GivenDuplicateMultiTargetMethodNames_GeneratesDiagnostic_A4lm3p9rmpAbILTGyosqRgCf7r4DG6vIQtQ2kMC8Iis#NamingConvention.g.verified.cs
  - Received: TelemetrySourceGeneratorTests.Generate_GivenDuplicateMultiTargetMethodNames_GeneratesDiagnostic_A4lm3p9rmpAbILTGyosqRgCf7r4DG6vIQtQ2kMC8Iis#ObservableCounterAttribute.g.received.cs
    Verified: TelemetrySourceGeneratorTests.Generate_GivenDuplicateMultiTargetMethodNames_GeneratesDiagnostic_A4lm3p9rmpAbILTGyosqRgCf7r4DG6vIQtQ2kMC8Iis#ObservableCounterAttribute.g.verified.cs
  - Received: TelemetrySourceGeneratorTests.Generate_GivenDuplicateMultiTargetMethodNames_GeneratesDiagnostic_A4lm3p9rmpAbILTGyosqRgCf7r4DG6vIQtQ2kMC8Iis#ObservableGaugeAttribute.g.received.cs
    Verified: TelemetrySourceGeneratorTests.Generate_GivenDuplicateMultiTargetMethodNames_GeneratesDiagnostic_A4lm3p9rmpAbILTGyosqRgCf7r4DG6vIQtQ2kMC8Iis#ObservableGaugeAttribute.g.verified.cs
  - Received: TelemetrySourceGeneratorTests.Generate_GivenDuplicateMultiTargetMethodNames_GeneratesDiagnostic_A4lm3p9rmpAbILTGyosqRgCf7r4DG6vIQtQ2kMC8Iis#ObservableUpDownCounterAttribute.g.received.cs
    Verified: TelemetrySourceGeneratorTests.Generate_GivenDuplicateMultiTargetMethodNames_GeneratesDiagnostic_A4lm3p9rmpAbILTGyosqRgCf7r4DG6vIQtQ2kMC8Iis#ObservableUpDownCounterAttribute.g.verified.cs
  - Received: TelemetrySourceGeneratorTests.Generate_GivenDuplicateMultiTargetMethodNames_GeneratesDiagnostic_A4lm3p9rmpAbILTGyosqRgCf7r4DG6vIQtQ2kMC8Iis#Purview.Telemetry.SourceGenerator.TelemetryNames.g.received.cs
    Verified: TelemetrySourceGeneratorTests.Generate_GivenDuplicateMultiTargetMethodNames_GeneratesDiagnostic_A4lm3p9rmpAbILTGyosqRgCf7r4DG6vIQtQ2kMC8Iis#Purview.Telemetry.SourceGenerator.TelemetryNames.g.verified.cs
  - Received: TelemetrySourceGeneratorTests.Generate_GivenDuplicateMultiTargetMethodNames_GeneratesDiagnostic_A4lm3p9rmpAbILTGyosqRgCf7r4DG6vIQtQ2kMC8Iis#StatusDescriptionAttribute.g.received.cs
    Verified: TelemetrySourceGeneratorTests.Generate_GivenDuplicateMultiTargetMethodNames_GeneratesDiagnostic_A4lm3p9rmpAbILTGyosqRgCf7r4DG6vIQtQ2kMC8Iis#StatusDescriptionAttribute.g.verified.cs
  - Received: TelemetrySourceGeneratorTests.Generate_GivenDuplicateMultiTargetMethodNames_GeneratesDiagnostic_A4lm3p9rmpAbILTGyosqRgCf7r4DG6vIQtQ2kMC8Iis#TagAttribute.g.received.cs
    Verified: TelemetrySourceGeneratorTests.Generate_GivenDuplicateMultiTargetMethodNames_GeneratesDiagnostic_A4lm3p9rmpAbILTGyosqRgCf7r4DG6vIQtQ2kMC8Iis#TagAttribute.g.verified.cs
  - Received: TelemetrySourceGeneratorTests.Generate_GivenDuplicateMultiTargetMethodNames_GeneratesDiagnostic_A4lm3p9rmpAbILTGyosqRgCf7r4DG6vIQtQ2kMC8Iis#Targets.g.received.cs
    Verified: TelemetrySourceGeneratorTests.Generate_GivenDuplicateMultiTargetMethodNames_GeneratesDiagnostic_A4lm3p9rmpAbILTGyosqRgCf7r4DG6vIQtQ2kMC8Iis#Targets.g.verified.cs
  - Received: TelemetrySourceGeneratorTests.Generate_GivenDuplicateMultiTargetMethodNames_GeneratesDiagnostic_A4lm3p9rmpAbILTGyosqRgCf7r4DG6vIQtQ2kMC8Iis#TelemetryGenerationAttribute.g.received.cs
    Verified: TelemetrySourceGeneratorTests.Generate_GivenDuplicateMultiTargetMethodNames_GeneratesDiagnostic_A4lm3p9rmpAbILTGyosqRgCf7r4DG6vIQtQ2kMC8Iis#TelemetryGenerationAttribute.g.verified.cs
  - Received: TelemetrySourceGeneratorTests.Generate_GivenDuplicateMultiTargetMethodNames_GeneratesDiagnostic_A4lm3p9rmpAbILTGyosqRgCf7r4DG6vIQtQ2kMC8Iis#TestTelemetryCore.Activity.g.received.cs
    Verified: TelemetrySourceGeneratorTests.Generate_GivenDuplicateMultiTargetMethodNames_GeneratesDiagnostic_A4lm3p9rmpAbILTGyosqRgCf7r4DG6vIQtQ2kMC8Iis#TestTelemetryCore.Activity.g.verified.cs
  - Received: TelemetrySourceGeneratorTests.Generate_GivenDuplicateMultiTargetMethodNames_GeneratesDiagnostic_A4lm3p9rmpAbILTGyosqRgCf7r4DG6vIQtQ2kMC8Iis#TestTelemetryCore.Logging.g.received.cs
    Verified: TelemetrySourceGeneratorTests.Generate_GivenDuplicateMultiTargetMethodNames_GeneratesDiagnostic_A4lm3p9rmpAbILTGyosqRgCf7r4DG6vIQtQ2kMC8Iis#TestTelemetryCore.Logging.g.verified.cs
  - Received: TelemetrySourceGeneratorTests.Generate_GivenDuplicateMultiTargetMethodNames_GeneratesDiagnostic_A4lm3p9rmpAbILTGyosqRgCf7r4DG6vIQtQ2kMC8Iis#TestTelemetryCore.Metric.g.received.cs
    Verified: TelemetrySourceGeneratorTests.Generate_GivenDuplicateMultiTargetMethodNames_GeneratesDiagnostic_A4lm3p9rmpAbILTGyosqRgCf7r4DG6vIQtQ2kMC8Iis#TestTelemetryCore.Metric.g.verified.cs
  - Received: TelemetrySourceGeneratorTests.Generate_GivenDuplicateMultiTargetMethodNames_GeneratesDiagnostic_A4lm3p9rmpAbILTGyosqRgCf7r4DG6vIQtQ2kMC8Iis#TraceAttribute.g.received.cs
    Verified: TelemetrySourceGeneratorTests.Generate_GivenDuplicateMultiTargetMethodNames_GeneratesDiagnostic_A4lm3p9rmpAbILTGyosqRgCf7r4DG6vIQtQ2kMC8Iis#TraceAttribute.g.verified.cs
  - Received: TelemetrySourceGeneratorTests.Generate_GivenDuplicateMultiTargetMethodNames_GeneratesDiagnostic_A4lm3p9rmpAbILTGyosqRgCf7r4DG6vIQtQ2kMC8Iis#UpDownCounterAttribute.g.received.cs
    Verified: TelemetrySourceGeneratorTests.Generate_GivenDuplicateMultiTargetMethodNames_GeneratesDiagnostic_A4lm3p9rmpAbILTGyosqRgCf7r4DG6vIQtQ2kMC8Iis#UpDownCounterAttribute.g.verified.cs
  - Received: TelemetrySourceGeneratorTests.Generate_GivenDuplicateMultiTargetMethodNames_GeneratesDiagnostic_A4lm3p9rmpAbILTGyosqRgCf7r4DG6vIQtQ2kMC8Iis#WarningAttribute.g.received.cs
    Verified: TelemetrySourceGeneratorTests.Generate_GivenDuplicateMultiTargetMethodNames_GeneratesDiagnostic_A4lm3p9rmpAbILTGyosqRgCf7r4DG6vIQtQ2kMC8Iis#WarningAttribute.g.verified.cs

  from P:\GitHub\kjldev\purview-telemetry-sourcegenerator\src\Purview.Telemetry.SourceGenerator.IntegrationTests\bin\Release\net10.0\Purview.Telemetry.SourceGenerator.IntegrationTests.dll (net10.0|x64)
  TUnit.Engine.Exceptions.TestFailedException: [Test Failure] VerifyException: Directory: P:\GitHub\kjldev\purview-telemetry-sourcegenerator\src\Purview.Telemetry.SourceGenerator.IntegrationTests\Snapshots
  Delete:
    - TelemetrySourceGeneratorTests.Generate_GivenDuplicateMultiTargetMethodNames_GeneratesDiagnostic_A4lm3p9rmpAbILTGyosqRgCf7r4DG6vIQtQ2kMC8Iis.verified.txt
  Equal:
    - Received: TelemetrySourceGeneratorTests.Generate_GivenDuplicateMultiTargetMethodNames_GeneratesDiagnostic_A4lm3p9rmpAbILTGyosqRgCf7r4DG6vIQtQ2kMC8Iis#ActivityAttribute.g.received.cs
      Verified: TelemetrySourceGeneratorTests.Generate_GivenDuplicateMultiTargetMethodNames_GeneratesDiagnostic_A4lm3p9rmpAbILTGyosqRgCf7r4DG6vIQtQ2kMC8Iis#ActivityAttribute.g.verified.cs
    - Received: TelemetrySourceGeneratorTests.Generate_GivenDuplicateMultiTargetMethodNames_GeneratesDiagnostic_A4lm3p9rmpAbILTGyosqRgCf7r4DG6vIQtQ2kMC8Iis#ActivitySourceAttribute.g.received.cs
      Verified: TelemetrySourceGeneratorTests.Generate_GivenDuplicateMultiTargetMethodNames_GeneratesDiagnostic_A4lm3p9rmpAbILTGyosqRgCf7r4DG6vIQtQ2kMC8Iis#ActivitySourceAttribute.g.verified.cs
    - Received: TelemetrySourceGeneratorTests.Generate_GivenDuplicateMultiTargetMethodNames_GeneratesDiagnostic_A4lm3p9rmpAbILTGyosqRgCf7r4DG6vIQtQ2kMC8Iis#ActivitySourceGenerationAttribute.g.received.cs
      Verified: TelemetrySourceGeneratorTests.Generate_GivenDuplicateMultiTargetMethodNames_GeneratesDiagnostic_A4lm3p9rmpAbILTGyosqRgCf7r4DG6vIQtQ2kMC8Iis#ActivitySourceGenerationAttribute.g.verified.cs
    - Received: TelemetrySourceGeneratorTests.Generate_GivenDuplicateMultiTargetMethodNames_GeneratesDiagnostic_A4lm3p9rmpAbILTGyosqRgCf7r4DG6vIQtQ2kMC8Iis#AutoCounterAttribute.g.received.cs
      Verified: TelemetrySourceGeneratorTests.Generate_GivenDuplicateMultiTargetMethodNames_GeneratesDiagnostic_A4lm3p9rmpAbILTGyosqRgCf7r4DG6vIQtQ2kMC8Iis#AutoCounterAttribute.g.verified.cs
    - Received: TelemetrySourceGeneratorTests.Generate_GivenDuplicateMultiTargetMethodNames_GeneratesDiagnostic_A4lm3p9rmpAbILTGyosqRgCf7r4DG6vIQtQ2kMC8Iis#BaggageAttribute.g.received.cs
      Verified: TelemetrySourceGeneratorTests.Generate_GivenDuplicateMultiTargetMethodNames_GeneratesDiagnostic_A4lm3p9rmpAbILTGyosqRgCf7r4DG6vIQtQ2kMC8Iis#BaggageAttribute.g.verified.cs
    - Received: TelemetrySourceGeneratorTests.Generate_GivenDuplicateMultiTargetMethodNames_GeneratesDiagnostic_A4lm3p9rmpAbILTGyosqRgCf7r4DG6vIQtQ2kMC8Iis#ContextAttribute.g.received.cs
      Verified: TelemetrySourceGeneratorTests.Generate_GivenDuplicateMultiTargetMethodNames_GeneratesDiagnostic_A4lm3p9rmpAbILTGyosqRgCf7r4DG6vIQtQ2kMC8Iis#ContextAttribute.g.verified.cs
    - Received: TelemetrySourceGeneratorTests.Generate_GivenDuplicateMultiTargetMethodNames_GeneratesDiagnostic_A4lm3p9rmpAbILTGyosqRgCf7r4DG6vIQtQ2kMC8Iis#CounterAttribute.g.received.cs
      Verified: TelemetrySourceGeneratorTests.Generate_GivenDuplicateMultiTargetMethodNames_GeneratesDiagnostic_A4lm3p9rmpAbILTGyosqRgCf7r4DG6vIQtQ2kMC8Iis#CounterAttribute.g.verified.cs
    - Received: TelemetrySourceGeneratorTests.Generate_GivenDuplicateMultiTargetMethodNames_GeneratesDiagnostic_A4lm3p9rmpAbILTGyosqRgCf7r4DG6vIQtQ2kMC8Iis#CriticalAttribute.g.received.cs
      Verified: TelemetrySourceGeneratorTests.Generate_GivenDuplicateMultiTargetMethodNames_GeneratesDiagnostic_A4lm3p9rmpAbILTGyosqRgCf7r4DG6vIQtQ2kMC8Iis#CriticalAttribute.g.verified.cs
    - Received: TelemetrySourceGeneratorTests.Generate_GivenDuplicateMultiTargetMethodNames_GeneratesDiagnostic_A4lm3p9rmpAbILTGyosqRgCf7r4DG6vIQtQ2kMC8Iis#DebugAttribute.g.received.cs
      Verified: TelemetrySourceGeneratorTests.Generate_GivenDuplicateMultiTargetMethodNames_GeneratesDiagnostic_A4lm3p9rmpAbILTGyosqRgCf7r4DG6vIQtQ2kMC8Iis#DebugAttribute.g.verified.cs
    - Received: TelemetrySourceGeneratorTests.Generate_GivenDuplicateMultiTargetMethodNames_GeneratesDiagnostic_A4lm3p9rmpAbILTGyosqRgCf7r4DG6vIQtQ2kMC8Iis#ErrorAttribute.g.received.cs
      Verified: TelemetrySourceGeneratorTests.Generate_GivenDuplicateMultiTargetMethodNames_GeneratesDiagnostic_A4lm3p9rmpAbILTGyosqRgCf7r4DG6vIQtQ2kMC8Iis#ErrorAttribute.g.verified.cs
    - Received: TelemetrySourceGeneratorTests.Generate_GivenDuplicateMultiTargetMethodNames_GeneratesDiagnostic_A4lm3p9rmpAbILTGyosqRgCf7r4DG6vIQtQ2kMC8Iis#EscapeAttribute.g.received.cs
      Verified: TelemetrySourceGeneratorTests.Generate_GivenDuplicateMultiTargetMethodNames_GeneratesDiagnostic_A4lm3p9rmpAbILTGyosqRgCf7r4DG6vIQtQ2kMC8Iis#EscapeAttribute.g.verified.cs
    - Received: TelemetrySourceGeneratorTests.Generate_GivenDuplicateMultiTargetMethodNames_GeneratesDiagnostic_A4lm3p9rmpAbILTGyosqRgCf7r4DG6vIQtQ2kMC8Iis#EventAttribute.g.received.cs
      Verified: TelemetrySourceGeneratorTests.Generate_GivenDuplicateMultiTargetMethodNames_GeneratesDiagnostic_A4lm3p9rmpAbILTGyosqRgCf7r4DG6vIQtQ2kMC8Iis#EventAttribute.g.verified.cs
    - Received: TelemetrySourceGeneratorTests.Generate_GivenDuplicateMultiTargetMethodNames_GeneratesDiagnostic_A4lm3p9rmpAbILTGyosqRgCf7r4DG6vIQtQ2kMC8Iis#ExcludeAttribute.g.received.cs
      Verified: TelemetrySourceGeneratorTests.Generate_GivenDuplicateMultiTargetMethodNames_GeneratesDiagnostic_A4lm3p9rmpAbILTGyosqRgCf7r4DG6vIQtQ2kMC8Iis#ExcludeAttribute.g.verified.cs
    - Received: TelemetrySourceGeneratorTests.Generate_GivenDuplicateMultiTargetMethodNames_GeneratesDiagnostic_A4lm3p9rmpAbILTGyosqRgCf7r4DG6vIQtQ2kMC8Iis#ExcludeTargetsAttribute.g.received.cs
      Verified: TelemetrySourceGeneratorTests.Generate_GivenDuplicateMultiTargetMethodNames_GeneratesDiagnostic_A4lm3p9rmpAbILTGyosqRgCf7r4DG6vIQtQ2kMC8Iis#ExcludeTargetsAttribute.g.verified.cs
    - Received: TelemetrySourceGeneratorTests.Generate_GivenDuplicateMultiTargetMethodNames_GeneratesDiagnostic_A4lm3p9rmpAbILTGyosqRgCf7r4DG6vIQtQ2kMC8Iis#ExpandEnumerableAttribute.g.received.cs
      Verified: TelemetrySourceGeneratorTests.Generate_GivenDuplicateMultiTargetMethodNames_GeneratesDiagnostic_A4lm3p9rmpAbILTGyosqRgCf7r4DG6vIQtQ2kMC8Iis#ExpandEnumerableAttribute.g.verified.cs
    - Received: TelemetrySourceGeneratorTests.Generate_GivenDuplicateMultiTargetMethodNames_GeneratesDiagnostic_A4lm3p9rmpAbILTGyosqRgCf7r4DG6vIQtQ2kMC8Iis#HistogramAttribute.g.received.cs
      Verified: TelemetrySourceGeneratorTests.Generate_GivenDuplicateMultiTargetMethodNames_GeneratesDiagnostic_A4lm3p9rmpAbILTGyosqRgCf7r4DG6vIQtQ2kMC8Iis#HistogramAttribute.g.verified.cs
    - Received: TelemetrySourceGeneratorTests.Generate_GivenDuplicateMultiTargetMethodNames_GeneratesDiagnostic_A4lm3p9rmpAbILTGyosqRgCf7r4DG6vIQtQ2kMC8Iis#InfoAttribute.g.received.cs
      Verified: TelemetrySourceGeneratorTests.Generate_GivenDuplicateMultiTargetMethodNames_GeneratesDiagnostic_A4lm3p9rmpAbILTGyosqRgCf7r4DG6vIQtQ2kMC8Iis#InfoAttribute.g.verified.cs
    - Received: TelemetrySourceGeneratorTests.Generate_GivenDuplicateMultiTargetMethodNames_GeneratesDiagnostic_A4lm3p9rmpAbILTGyosqRgCf7r4DG6vIQtQ2kMC8Iis#InstrumentMeasurementAttribute.g.received.cs
      Verified: TelemetrySourceGeneratorTests.Generate_GivenDuplicateMultiTargetMethodNames_GeneratesDiagnostic_A4lm3p9rmpAbILTGyosqRgCf7r4DG6vIQtQ2kMC8Iis#InstrumentMeasurementAttribute.g.verified.cs
    - Received: TelemetrySourceGeneratorTests.Generate_GivenDuplicateMultiTargetMethodNames_GeneratesDiagnostic_A4lm3p9rmpAbILTGyosqRgCf7r4DG6vIQtQ2kMC8Iis#LogAttribute.g.received.cs
      Verified: TelemetrySourceGeneratorTests.Generate_GivenDuplicateMultiTargetMethodNames_GeneratesDiagnostic_A4lm3p9rmpAbILTGyosqRgCf7r4DG6vIQtQ2kMC8Iis#LogAttribute.g.verified.cs
    - Received: TelemetrySourceGeneratorTests.Generate_GivenDuplicateMultiTargetMethodNames_GeneratesDiagnostic_A4lm3p9rmpAbILTGyosqRgCf7r4DG6vIQtQ2kMC8Iis#LoggerAttribute.g.received.cs
      Verified: TelemetrySourceGeneratorTests.Generate_GivenDuplicateMultiTargetMethodNames_GeneratesDiagnostic_A4lm3p9rmpAbILTGyosqRgCf7r4DG6vIQtQ2kMC8Iis#LoggerAttribute.g.verified.cs
    - Received: TelemetrySourceGeneratorTests.Generate_GivenDuplicateMultiTargetMethodNames_GeneratesDiagnostic_A4lm3p9rmpAbILTGyosqRgCf7r4DG6vIQtQ2kMC8Iis#LoggerGenerationAttribute.g.received.cs
      Verified: TelemetrySourceGeneratorTests.Generate_GivenDuplicateMultiTargetMethodNames_GeneratesDiagnostic_A4lm3p9rmpAbILTGyosqRgCf7r4DG6vIQtQ2kMC8Iis#LoggerGenerationAttribute.g.verified.cs
    - Received: TelemetrySourceGeneratorTests.Generate_GivenDuplicateMultiTargetMethodNames_GeneratesDiagnostic_A4lm3p9rmpAbILTGyosqRgCf7r4DG6vIQtQ2kMC8Iis#LoggerGenerationMode.g.received.cs
      Verified: TelemetrySourceGeneratorTests.Generate_GivenDuplicateMultiTargetMethodNames_GeneratesDiagnostic_A4lm3p9rmpAbILTGyosqRgCf7r4DG6vIQtQ2kMC8Iis#LoggerGenerationMode.g.verified.cs
    - Received: TelemetrySourceGeneratorTests.Generate_GivenDuplicateMultiTargetMethodNames_GeneratesDiagnostic_A4lm3p9rmpAbILTGyosqRgCf7r4DG6vIQtQ2kMC8Iis#LogPrefixType.g.received.cs
      Verified: TelemetrySourceGeneratorTests.Generate_GivenDuplicateMultiTargetMethodNames_GeneratesDiagnostic_A4lm3p9rmpAbILTGyosqRgCf7r4DG6vIQtQ2kMC8Iis#LogPrefixType.g.verified.cs
    - Received: TelemetrySourceGeneratorTests.Generate_GivenDuplicateMultiTargetMethodNames_GeneratesDiagnostic_A4lm3p9rmpAbILTGyosqRgCf7r4DG6vIQtQ2kMC8Iis#MeterAttribute.g.received.cs
      Verified: TelemetrySourceGeneratorTests.Generate_GivenDuplicateMultiTargetMethodNames_GeneratesDiagnostic_A4lm3p9rmpAbILTGyosqRgCf7r4DG6vIQtQ2kMC8Iis#MeterAttribute.g.verified.cs
    - Received: TelemetrySourceGeneratorTests.Generate_GivenDuplicateMultiTargetMethodNames_GeneratesDiagnostic_A4lm3p9rmpAbILTGyosqRgCf7r4DG6vIQtQ2kMC8Iis#MeterGenerationAttribute.g.received.cs
      Verified: TelemetrySourceGeneratorTests.Generate_GivenDuplicateMultiTargetMethodNames_GeneratesDiagnostic_A4lm3p9rmpAbILTGyosqRgCf7r4DG6vIQtQ2kMC8Iis#MeterGenerationAttribute.g.verified.cs
    - Received: TelemetrySourceGeneratorTests.Generate_GivenDuplicateMultiTargetMethodNames_GeneratesDiagnostic_A4lm3p9rmpAbILTGyosqRgCf7r4DG6vIQtQ2kMC8Iis#MeterNameGenerationType.g.received.cs
      Verified: TelemetrySourceGeneratorTests.Generate_GivenDuplicateMultiTargetMethodNames_GeneratesDiagnostic_A4lm3p9rmpAbILTGyosqRgCf7r4DG6vIQtQ2kMC8Iis#MeterNameGenerationType.g.verified.cs
    - Received: TelemetrySourceGeneratorTests.Generate_GivenDuplicateMultiTargetMethodNames_GeneratesDiagnostic_A4lm3p9rmpAbILTGyosqRgCf7r4DG6vIQtQ2kMC8Iis#NamingConvention.g.received.cs
      Verified: TelemetrySourceGeneratorTests.Generate_GivenDuplicateMultiTargetMethodNames_GeneratesDiagnostic_A4lm3p9rmpAbILTGyosqRgCf7r4DG6vIQtQ2kMC8Iis#NamingConvention.g.verified.cs
    - Received: TelemetrySourceGeneratorTests.Generate_GivenDuplicateMultiTargetMethodNames_GeneratesDiagnostic_A4lm3p9rmpAbILTGyosqRgCf7r4DG6vIQtQ2kMC8Iis#ObservableCounterAttribute.g.received.cs
      Verified: TelemetrySourceGeneratorTests.Generate_GivenDuplicateMultiTargetMethodNames_GeneratesDiagnostic_A4lm3p9rmpAbILTGyosqRgCf7r4DG6vIQtQ2kMC8Iis#ObservableCounterAttribute.g.verified.cs
    - Received: TelemetrySourceGeneratorTests.Generate_GivenDuplicateMultiTargetMethodNames_GeneratesDiagnostic_A4lm3p9rmpAbILTGyosqRgCf7r4DG6vIQtQ2kMC8Iis#ObservableGaugeAttribute.g.received.cs
      Verified: TelemetrySourceGeneratorTests.Generate_GivenDuplicateMultiTargetMethodNames_GeneratesDiagnostic_A4lm3p9rmpAbILTGyosqRgCf7r4DG6vIQtQ2kMC8Iis#ObservableGaugeAttribute.g.verified.cs
    - Received: TelemetrySourceGeneratorTests.Generate_GivenDuplicateMultiTargetMethodNames_GeneratesDiagnostic_A4lm3p9rmpAbILTGyosqRgCf7r4DG6vIQtQ2kMC8Iis#ObservableUpDownCounterAttribute.g.received.cs
      Verified: TelemetrySourceGeneratorTests.Generate_GivenDuplicateMultiTargetMethodNames_GeneratesDiagnostic_A4lm3p9rmpAbILTGyosqRgCf7r4DG6vIQtQ2kMC8Iis#ObservableUpDownCounterAttribute.g.verified.cs
    - Received: TelemetrySourceGeneratorTests.Generate_GivenDuplicateMultiTargetMethodNames_GeneratesDiagnostic_A4lm3p9rmpAbILTGyosqRgCf7r4DG6vIQtQ2kMC8Iis#Purview.Telemetry.SourceGenerator.TelemetryNames.g.received.cs
      Verified: TelemetrySourceGeneratorTests.Generate_GivenDuplicateMultiTargetMethodNames_GeneratesDiagnostic_A4lm3p9rmpAbILTGyosqRgCf7r4DG6vIQtQ2kMC8Iis#Purview.Telemetry.SourceGenerator.TelemetryNames.g.verified.cs
    - Received: TelemetrySourceGeneratorTests.Generate_GivenDuplicateMultiTargetMethodNames_GeneratesDiagnostic_A4lm3p9rmpAbILTGyosqRgCf7r4DG6vIQtQ2kMC8Iis#StatusDescriptionAttribute.g.received.cs
      Verified: TelemetrySourceGeneratorTests.Generate_GivenDuplicateMultiTargetMethodNames_GeneratesDiagnostic_A4lm3p9rmpAbILTGyosqRgCf7r4DG6vIQtQ2kMC8Iis#StatusDescriptionAttribute.g.verified.cs
    - Received: TelemetrySourceGeneratorTests.Generate_GivenDuplicateMultiTargetMethodNames_GeneratesDiagnostic_A4lm3p9rmpAbILTGyosqRgCf7r4DG6vIQtQ2kMC8Iis#TagAttribute.g.received.cs
      Verified: TelemetrySourceGeneratorTests.Generate_GivenDuplicateMultiTargetMethodNames_GeneratesDiagnostic_A4lm3p9rmpAbILTGyosqRgCf7r4DG6vIQtQ2kMC8Iis#TagAttribute.g.verified.cs
    - Received: TelemetrySourceGeneratorTests.Generate_GivenDuplicateMultiTargetMethodNames_GeneratesDiagnostic_A4lm3p9rmpAbILTGyosqRgCf7r4DG6vIQtQ2kMC8Iis#Targets.g.received.cs
      Verified: TelemetrySourceGeneratorTests.Generate_GivenDuplicateMultiTargetMethodNames_GeneratesDiagnostic_A4lm3p9rmpAbILTGyosqRgCf7r4DG6vIQtQ2kMC8Iis#Targets.g.verified.cs
    - Received: TelemetrySourceGeneratorTests.Generate_GivenDuplicateMultiTargetMethodNames_GeneratesDiagnostic_A4lm3p9rmpAbILTGyosqRgCf7r4DG6vIQtQ2kMC8Iis#TelemetryGenerationAttribute.g.received.cs
      Verified: TelemetrySourceGeneratorTests.Generate_GivenDuplicateMultiTargetMethodNames_GeneratesDiagnostic_A4lm3p9rmpAbILTGyosqRgCf7r4DG6vIQtQ2kMC8Iis#TelemetryGenerationAttribute.g.verified.cs
    - Received: TelemetrySourceGeneratorTests.Generate_GivenDuplicateMultiTargetMethodNames_GeneratesDiagnostic_A4lm3p9rmpAbILTGyosqRgCf7r4DG6vIQtQ2kMC8Iis#TestTelemetryCore.Activity.g.received.cs
      Verified: TelemetrySourceGeneratorTests.Generate_GivenDuplicateMultiTargetMethodNames_GeneratesDiagnostic_A4lm3p9rmpAbILTGyosqRgCf7r4DG6vIQtQ2kMC8Iis#TestTelemetryCore.Activity.g.verified.cs
    - Received: TelemetrySourceGeneratorTests.Generate_GivenDuplicateMultiTargetMethodNames_GeneratesDiagnostic_A4lm3p9rmpAbILTGyosqRgCf7r4DG6vIQtQ2kMC8Iis#TestTelemetryCore.Logging.g.received.cs
      Verified: TelemetrySourceGeneratorTests.Generate_GivenDuplicateMultiTargetMethodNames_GeneratesDiagnostic_A4lm3p9rmpAbILTGyosqRgCf7r4DG6vIQtQ2kMC8Iis#TestTelemetryCore.Logging.g.verified.cs
    - Received: TelemetrySourceGeneratorTests.Generate_GivenDuplicateMultiTargetMethodNames_GeneratesDiagnostic_A4lm3p9rmpAbILTGyosqRgCf7r4DG6vIQtQ2kMC8Iis#TestTelemetryCore.Metric.g.received.cs
      Verified: TelemetrySourceGeneratorTests.Generate_GivenDuplicateMultiTargetMethodNames_GeneratesDiagnostic_A4lm3p9rmpAbILTGyosqRgCf7r4DG6vIQtQ2kMC8Iis#TestTelemetryCore.Metric.g.verified.cs
    - Received: TelemetrySourceGeneratorTests.Generate_GivenDuplicateMultiTargetMethodNames_GeneratesDiagnostic_A4lm3p9rmpAbILTGyosqRgCf7r4DG6vIQtQ2kMC8Iis#TraceAttribute.g.received.cs
      Verified: TelemetrySourceGeneratorTests.Generate_GivenDuplicateMultiTargetMethodNames_GeneratesDiagnostic_A4lm3p9rmpAbILTGyosqRgCf7r4DG6vIQtQ2kMC8Iis#TraceAttribute.g.verified.cs
    - Received: TelemetrySourceGeneratorTests.Generate_GivenDuplicateMultiTargetMethodNames_GeneratesDiagnostic_A4lm3p9rmpAbILTGyosqRgCf7r4DG6vIQtQ2kMC8Iis#UpDownCounterAttribute.g.received.cs
      Verified: TelemetrySourceGeneratorTests.Generate_GivenDuplicateMultiTargetMethodNames_GeneratesDiagnostic_A4lm3p9rmpAbILTGyosqRgCf7r4DG6vIQtQ2kMC8Iis#UpDownCounterAttribute.g.verified.cs
    - Received: TelemetrySourceGeneratorTests.Generate_GivenDuplicateMultiTargetMethodNames_GeneratesDiagnostic_A4lm3p9rmpAbILTGyosqRgCf7r4DG6vIQtQ2kMC8Iis#WarningAttribute.g.received.cs
      Verified: TelemetrySourceGeneratorTests.Generate_GivenDuplicateMultiTargetMethodNames_GeneratesDiagnostic_A4lm3p9rmpAbILTGyosqRgCf7r4DG6vIQtQ2kMC8Iis#WarningAttribute.g.verified.cs
  
  Standard output
    DBG: --- Adding templates.
    DBG: Adding ActivitySourceGenerationAttribute as ActivitySourceGenerationAttribute.g.cs.
    DBG: Adding ActivitySourceAttribute as ActivitySourceAttribute.g.cs.
    DBG: Adding ActivityAttribute as ActivityAttribute.g.cs.
    DBG: Adding EventAttribute as EventAttribute.g.cs.
    DBG: Adding ContextAttribute as ContextAttribute.g.cs.
    DBG: Adding BaggageAttribute as BaggageAttribute.g.cs.
    DBG: Adding EscapeAttribute as EscapeAttribute.g.cs.
    DBG: Adding StatusDescriptionAttribute as StatusDescriptionAttribute.g.cs.
    DBG: Adding LoggerGenerationAttribute as LoggerGenerationAttribute.g.cs.
    DBG: Adding LoggerAttribute as LoggerAttribute.g.cs.
    DBG: Adding LogAttribute as LogAttribute.g.cs.
    DBG: Adding LogPrefixType as LogPrefixType.g.cs.
    DBG: Adding LoggerGenerationMode as LoggerGenerationMode.g.cs.
    DBG: Adding ExpandEnumerableAttribute as ExpandEnumerableAttribute.g.cs.
    DBG: Adding TraceAttribute as TraceAttribute.g.cs.
    DBG: Adding DebugAttribute as DebugAttribute.g.cs.
    DBG: Adding InfoAttribute as InfoAttribute.g.cs.
    DBG: Adding WarningAttribute as WarningAttribute.g.cs.
    DBG: Adding ErrorAttribute as ErrorAttribute.g.cs.
    DBG: Adding CriticalAttribute as CriticalAttribute.g.cs.
    DBG: Adding MeterGenerationAttribute as MeterGenerationAttribute.g.cs.
    DBG: Adding MeterAttribute as MeterAttribute.g.cs.
    DBG: Adding MeterNameGenerationType as MeterNameGenerationType.g.cs.
    DBG: Adding InstrumentMeasurementAttribute as InstrumentMeasurementAttribute.g.cs.
    DBG: Adding AutoCounterAttribute as AutoCounterAttribute.g.cs.
    DBG: Adding CounterAttribute as CounterAttribute.g.cs.
    DBG: Adding UpDownCounterAttribute as UpDownCounterAttribute.g.cs.
    DBG: Adding HistogramAttribute as HistogramAttribute.g.cs.
    DBG: Adding ObservableCounterAttribute as ObservableCounterAttribute.g.cs.
    DBG: Adding ObservableGaugeAttribute as ObservableGaugeAttribute.g.cs.
    DBG: Adding ObservableUpDownCounterAttribute as ObservableUpDownCounterAttribute.g.cs.
    DBG: Adding TagAttribute as TagAttribute.g.cs.
    DBG: Adding ExcludeAttribute as ExcludeAttribute.g.cs.
    DBG: Adding TelemetryGenerationAttribute as TelemetryGenerationAttribute.g.cs.
    DBG: Adding Targets as Targets.g.cs.
    DBG: Adding NamingConvention as NamingConvention.g.cs.
    DBG: Adding ExcludeTargetsAttribute as ExcludeTargetsAttribute.g.cs.
    DBG: --- Finished adding templates.
    DBG: Found attribute: Purview.Telemetry.ActivitySourceAttribute("activity-source")
    DBG: Found attribute: Purview.Telemetry.TelemetryGenerationAttribute(GenerateDependencyExtension = false)
    DBG: Found attribute: Purview.Telemetry.ActivityAttribute
    DBG: Found explicit activity: DuplicateMethodName.
    DBG: Found Activity method ITestTelemetry.DuplicateMethodName.
    DBG: Found explicit baggage: stringParam.
    DBG: Found attribute: Purview.Telemetry.BaggageAttribute
    DBG: Found explicit tag: intParam.
    DBG: Found attribute: Purview.Telemetry.TagAttribute
    DBG: Inferring tag: boolParam.
    DBG: Found attribute: Purview.Telemetry.EventAttribute(System.Diagnostics.ActivityStatusCode.Unset)
    DBG: Found explicit event: DuplicateMethodName.
    DBG: Found Event method ITestTelemetry.DuplicateMethodName.
    DBG: Inferring tag: stringParam.
    DBG: Found explicit context: DuplicateMethodName.
    DBG: Found Context method ITestTelemetry.DuplicateMethodName.
    DBG: Inferring tag: intParam.
    DBG: Defaulting to activity: DuplicateMethodName.
    DBG: Found Activity method ITestTelemetry.DuplicateMethodName.
    DBG: Inferring tag: stringParam.
    DBG: Inferring tag: intParam.
    DBG: Inferring tag: objectParam.
    DBG: Defaulting to activity: DuplicateMethodName.
    DBG: Found Activity method ITestTelemetry.DuplicateMethodName.
    DBG: Defaulting to activity: DuplicateMethodName.
    DBG: Found Activity method ITestTelemetry.DuplicateMethodName.
    DBG: Inferring tag: stringParam.
    DBG: Inferring tag: intParam.
    DBG: Inferring tag: uintParam.
    DBG: Defaulting to activity: DuplicateMethodName.
    DBG: Found Activity method ITestTelemetry.DuplicateMethodName.
    DBG: Inferring tag: measurementValue.
    DBG: Activity generation target: TestTelemetryCore
    DBG: Generating activity class for: TestTelemetryCore
    DBG: Generating RecordExceptionInternal.
    DBG: Skipping dependency injection emit.
    DBG: Found attribute: Purview.Telemetry.LoggerAttribute
    DBG: Found attribute: Purview.Telemetry.TelemetryGenerationAttribute(GenerateDependencyExtension = false)
    DBG: Skipping ITestTelemetry.DuplicateMethodName from logging - no explicit Logging attribute on multi-target interface.
    DBG: Skipping ITestTelemetry.DuplicateMethodName from logging - no explicit Logging attribute on multi-target interface.
    DBG: Skipping ITestTelemetry.DuplicateMethodName from logging - no explicit Logging attribute on multi-target interface.
    DBG: Found attribute: Purview.Telemetry.LogAttribute
    DBG: Found method ITestTelemetry.DuplicateMethodName.
    DBG: Found 3 parameter(s) for DuplicateMethodName.
    DBG: Found attribute: Purview.Telemetry.LogAttribute
    DBG: Found attribute: Purview.Telemetry.LogAttribute
    DBG: Found method ITestTelemetry.DuplicateMethodName.
    DBG: Found 0 parameter(s) for DuplicateMethodName.
    DBG: Found attribute: Purview.Telemetry.LogAttribute
    DBG: Skipping ITestTelemetry.DuplicateMethodName from logging - no explicit Logging attribute on multi-target interface.
    DBG: Skipping ITestTelemetry.DuplicateMethodName from logging - no explicit Logging attribute on multi-target interface.
    DBG: Logger generation target: TestTelemetryCore
    DBG: Generating MS Gen-based logging class for: TestTelemetryCore
    DBG: Building logging method: DuplicateMethodName
    DBG: Building logging method: DuplicateMethodName
    DBG: Building logging method: DuplicateMethodName
    DBG: Building logging method: DuplicateMethodName
    DBG: Skipping dependency injection emit.
    DBG: Found attribute: Purview.Telemetry.MeterAttribute
    DBG: Found attribute: Purview.Telemetry.TelemetryGenerationAttribute(GenerateDependencyExtension = false)
    DBG: Found possible instrument method ITestTelemetry.DuplicateMethodName.
    DBG: Unable to match parameter stringParam, inferring tag.
    DBG: Found explicit tag: intParam.
    DBG: Found attribute: Purview.Telemetry.TagAttribute
    DBG: Unable to match parameter boolParam, inferring tag.
    DBG: Found possible instrument method ITestTelemetry.DuplicateMethodName.
    DBG: Skipping Activity-related parameter 'activity' from metrics.
    DBG: Unable to match parameter stringParam, inferring tag.
    DBG: Found possible instrument method ITestTelemetry.DuplicateMethodName.
    DBG: Skipping Activity-related parameter 'activity' from metrics.
    DBG: Found valid instrument type: int
    DBG: Found possible instrument method ITestTelemetry.DuplicateMethodName.
    DBG: Unable to match parameter stringParam, inferring tag.
    DBG: Found valid instrument type: int
    DBG: Unable to match parameter objectParam, inferring tag.
    DBG: Found possible instrument method ITestTelemetry.DuplicateMethodName.
    DBG: Found possible instrument method ITestTelemetry.DuplicateMethodName.
    DBG: Found attribute: Purview.Telemetry.AutoCounterAttribute
    DBG: Unable to match parameter stringParam, inferring tag.
    DBG: Unable to match parameter intParam, inferring tag.
    DBG: Unable to match parameter uintParam, inferring tag.
    DBG: Found possible instrument method ITestTelemetry.DuplicateMethodName.
    DBG: Found attribute: Purview.Telemetry.CounterAttribute
    DBG: Found valid instrument type: int
    DBG: Meter generation target: TestTelemetryCore
    DBG: Generating metric class for: TestTelemetryCore
    DBG: Emitting fields for TestTelemetryCore
    DBG: Skipping constructor emit for Metrics (All).
    DBG: Emitting partial method for populating tags: PopulateMeterTags.
    DBG: Emitting instrument method: DuplicateMethodName.
    DBG: Emitting instrument method: DuplicateMethodName.
    DBG: Skipping dependency injection emit.
    DBG: Found attribute: Purview.Telemetry.MeterAttribute
    DBG: Found attribute: Purview.Telemetry.TelemetryGenerationAttribute(GenerateDependencyExtension = false)
    DBG: Found possible instrument method ITestTelemetry.DuplicateMethodName.
    DBG: Unable to match parameter stringParam, inferring tag.
    DBG: Found explicit tag: intParam.
    DBG: Found attribute: Purview.Telemetry.TagAttribute
    DBG: Unable to match parameter boolParam, inferring tag.
    DBG: Found possible instrument method ITestTelemetry.DuplicateMethodName.
    DBG: Skipping Activity-related parameter 'activity' from metrics.
    DBG: Unable to match parameter stringParam, inferring tag.
    DBG: Found possible instrument method ITestTelemetry.DuplicateMethodName.
    DBG: Skipping Activity-related parameter 'activity' from metrics.
    DBG: Found valid instrument type: int
    DBG: Found possible instrument method ITestTelemetry.DuplicateMethodName.
    DBG: Unable to match parameter stringParam, inferring tag.
    DBG: Found valid instrument type: int
    DBG: Unable to match parameter objectParam, inferring tag.
    DBG: Found possible instrument method ITestTelemetry.DuplicateMethodName.
    DBG: Found possible instrument method ITestTelemetry.DuplicateMethodName.
    DBG: Found attribute: Purview.Telemetry.AutoCounterAttribute
    DBG: Unable to match parameter stringParam, inferring tag.
    DBG: Unable to match parameter intParam, inferring tag.
    DBG: Unable to match parameter uintParam, inferring tag.
    DBG: Found possible instrument method ITestTelemetry.DuplicateMethodName.
    DBG: Found attribute: Purview.Telemetry.CounterAttribute
    DBG: Found valid instrument type: int
    DBG: Found attribute: Purview.Telemetry.ActivitySourceAttribute("activity-source")
    DBG: Found attribute: Purview.Telemetry.TelemetryGenerationAttribute(GenerateDependencyExtension = false)
    DBG: Found attribute: Purview.Telemetry.ActivityAttribute
    DBG: Found explicit activity: DuplicateMethodName.
    DBG: Found Activity method ITestTelemetry.DuplicateMethodName.
    DBG: Found explicit baggage: stringParam.
    DBG: Found attribute: Purview.Telemetry.BaggageAttribute
    DBG: Found explicit tag: intParam.
    DBG: Found attribute: Purview.Telemetry.TagAttribute
    DBG: Inferring tag: boolParam.
    DBG: Found attribute: Purview.Telemetry.EventAttribute(System.Diagnostics.ActivityStatusCode.Unset)
    DBG: Found explicit event: DuplicateMethodName.
    DBG: Found Event method ITestTelemetry.DuplicateMethodName.
    DBG: Inferring tag: stringParam.
    DBG: Found explicit context: DuplicateMethodName.
    DBG: Found Context method ITestTelemetry.DuplicateMethodName.
    DBG: Inferring tag: intParam.
    DBG: Defaulting to activity: DuplicateMethodName.
    DBG: Found Activity method ITestTelemetry.DuplicateMethodName.
    DBG: Inferring tag: stringParam.
    DBG: Inferring tag: intParam.
    DBG: Inferring tag: objectParam.
    DBG: Defaulting to activity: DuplicateMethodName.
    DBG: Found Activity method ITestTelemetry.DuplicateMethodName.
    DBG: Defaulting to activity: DuplicateMethodName.
    DBG: Found Activity method ITestTelemetry.DuplicateMethodName.
    DBG: Inferring tag: stringParam.
    DBG: Inferring tag: intParam.
    DBG: Inferring tag: uintParam.
    DBG: Defaulting to activity: DuplicateMethodName.
    DBG: Found Activity method ITestTelemetry.DuplicateMethodName.
    DBG: Inferring tag: measurementValue.
    DBG: Generating Telemetry Names using class 'TelemetryNames'.
    
  Error output
failed Generate_GivenLogMethodReturningString_RaisesDiagnostic (6s 316ms)
  [Test Failure] VerifyException: Directory: P:\GitHub\kjldev\purview-telemetry-sourcegenerator\src\Purview.Telemetry.SourceGenerator.IntegrationTests\Snapshots
Delete:
  - TelemetrySourceGeneratorTests.Generate_GivenLogMethodReturningString_RaisesDiagnostic.verified.txt
Equal:
  - Received: TelemetrySourceGeneratorTests.Generate_GivenLogMethodReturningString_RaisesDiagnostic#ActivityAttribute.g.received.cs
    Verified: TelemetrySourceGeneratorTests.Generate_GivenLogMethodReturningString_RaisesDiagnostic#ActivityAttribute.g.verified.cs
  - Received: TelemetrySourceGeneratorTests.Generate_GivenLogMethodReturningString_RaisesDiagnostic#ActivitySourceAttribute.g.received.cs
    Verified: TelemetrySourceGeneratorTests.Generate_GivenLogMethodReturningString_RaisesDiagnostic#ActivitySourceAttribute.g.verified.cs
  - Received: TelemetrySourceGeneratorTests.Generate_GivenLogMethodReturningString_RaisesDiagnostic#ActivitySourceGenerationAttribute.g.received.cs
    Verified: TelemetrySourceGeneratorTests.Generate_GivenLogMethodReturningString_RaisesDiagnostic#ActivitySourceGenerationAttribute.g.verified.cs
  - Received: TelemetrySourceGeneratorTests.Generate_GivenLogMethodReturningString_RaisesDiagnostic#AutoCounterAttribute.g.received.cs
    Verified: TelemetrySourceGeneratorTests.Generate_GivenLogMethodReturningString_RaisesDiagnostic#AutoCounterAttribute.g.verified.cs
  - Received: TelemetrySourceGeneratorTests.Generate_GivenLogMethodReturningString_RaisesDiagnostic#BaggageAttribute.g.received.cs
    Verified: TelemetrySourceGeneratorTests.Generate_GivenLogMethodReturningString_RaisesDiagnostic#BaggageAttribute.g.verified.cs
  - Received: TelemetrySourceGeneratorTests.Generate_GivenLogMethodReturningString_RaisesDiagnostic#ContextAttribute.g.received.cs
    Verified: TelemetrySourceGeneratorTests.Generate_GivenLogMethodReturningString_RaisesDiagnostic#ContextAttribute.g.verified.cs
  - Received: TelemetrySourceGeneratorTests.Generate_GivenLogMethodReturningString_RaisesDiagnostic#CounterAttribute.g.received.cs
    Verified: TelemetrySourceGeneratorTests.Generate_GivenLogMethodReturningString_RaisesDiagnostic#CounterAttribute.g.verified.cs
  - Received: TelemetrySourceGeneratorTests.Generate_GivenLogMethodReturningString_RaisesDiagnostic#CriticalAttribute.g.received.cs
    Verified: TelemetrySourceGeneratorTests.Generate_GivenLogMethodReturningString_RaisesDiagnostic#CriticalAttribute.g.verified.cs
  - Received: TelemetrySourceGeneratorTests.Generate_GivenLogMethodReturningString_RaisesDiagnostic#DebugAttribute.g.received.cs
    Verified: TelemetrySourceGeneratorTests.Generate_GivenLogMethodReturningString_RaisesDiagnostic#DebugAttribute.g.verified.cs
  - Received: TelemetrySourceGeneratorTests.Generate_GivenLogMethodReturningString_RaisesDiagnostic#ErrorAttribute.g.received.cs
    Verified: TelemetrySourceGeneratorTests.Generate_GivenLogMethodReturningString_RaisesDiagnostic#ErrorAttribute.g.verified.cs
  - Received: TelemetrySourceGeneratorTests.Generate_GivenLogMethodReturningString_RaisesDiagnostic#EscapeAttribute.g.received.cs
    Verified: TelemetrySourceGeneratorTests.Generate_GivenLogMethodReturningString_RaisesDiagnostic#EscapeAttribute.g.verified.cs
  - Received: TelemetrySourceGeneratorTests.Generate_GivenLogMethodReturningString_RaisesDiagnostic#EventAttribute.g.received.cs
    Verified: TelemetrySourceGeneratorTests.Generate_GivenLogMethodReturningString_RaisesDiagnostic#EventAttribute.g.verified.cs
  - Received: TelemetrySourceGeneratorTests.Generate_GivenLogMethodReturningString_RaisesDiagnostic#ExcludeAttribute.g.received.cs
    Verified: TelemetrySourceGeneratorTests.Generate_GivenLogMethodReturningString_RaisesDiagnostic#ExcludeAttribute.g.verified.cs
  - Received: TelemetrySourceGeneratorTests.Generate_GivenLogMethodReturningString_RaisesDiagnostic#ExcludeTargetsAttribute.g.received.cs
    Verified: TelemetrySourceGeneratorTests.Generate_GivenLogMethodReturningString_RaisesDiagnostic#ExcludeTargetsAttribute.g.verified.cs
  - Received: TelemetrySourceGeneratorTests.Generate_GivenLogMethodReturningString_RaisesDiagnostic#ExpandEnumerableAttribute.g.received.cs
    Verified: TelemetrySourceGeneratorTests.Generate_GivenLogMethodReturningString_RaisesDiagnostic#ExpandEnumerableAttribute.g.verified.cs
  - Received: TelemetrySourceGeneratorTests.Generate_GivenLogMethodReturningString_RaisesDiagnostic#HistogramAttribute.g.received.cs
    Verified: TelemetrySourceGeneratorTests.Generate_GivenLogMethodReturningString_RaisesDiagnostic#HistogramAttribute.g.verified.cs
  - Received: TelemetrySourceGeneratorTests.Generate_GivenLogMethodReturningString_RaisesDiagnostic#InfoAttribute.g.received.cs
    Verified: TelemetrySourceGeneratorTests.Generate_GivenLogMethodReturningString_RaisesDiagnostic#InfoAttribute.g.verified.cs
  - Received: TelemetrySourceGeneratorTests.Generate_GivenLogMethodReturningString_RaisesDiagnostic#InstrumentMeasurementAttribute.g.received.cs
    Verified: TelemetrySourceGeneratorTests.Generate_GivenLogMethodReturningString_RaisesDiagnostic#InstrumentMeasurementAttribute.g.verified.cs
  - Received: TelemetrySourceGeneratorTests.Generate_GivenLogMethodReturningString_RaisesDiagnostic#LogAttribute.g.received.cs
    Verified: TelemetrySourceGeneratorTests.Generate_GivenLogMethodReturningString_RaisesDiagnostic#LogAttribute.g.verified.cs
  - Received: TelemetrySourceGeneratorTests.Generate_GivenLogMethodReturningString_RaisesDiagnostic#LoggerAttribute.g.received.cs
    Verified: TelemetrySourceGeneratorTests.Generate_GivenLogMethodReturningString_RaisesDiagnostic#LoggerAttribute.g.verified.cs
  - Received: TelemetrySourceGeneratorTests.Generate_GivenLogMethodReturningString_RaisesDiagnostic#LoggerGenerationAttribute.g.received.cs
    Verified: TelemetrySourceGeneratorTests.Generate_GivenLogMethodReturningString_RaisesDiagnostic#LoggerGenerationAttribute.g.verified.cs
  - Received: TelemetrySourceGeneratorTests.Generate_GivenLogMethodReturningString_RaisesDiagnostic#LoggerGenerationMode.g.received.cs
    Verified: TelemetrySourceGeneratorTests.Generate_GivenLogMethodReturningString_RaisesDiagnostic#LoggerGenerationMode.g.verified.cs
  - Received: TelemetrySourceGeneratorTests.Generate_GivenLogMethodReturningString_RaisesDiagnostic#LogPrefixType.g.received.cs
    Verified: TelemetrySourceGeneratorTests.Generate_GivenLogMethodReturningString_RaisesDiagnostic#LogPrefixType.g.verified.cs
  - Received: TelemetrySourceGeneratorTests.Generate_GivenLogMethodReturningString_RaisesDiagnostic#MeterAttribute.g.received.cs
    Verified: TelemetrySourceGeneratorTests.Generate_GivenLogMethodReturningString_RaisesDiagnostic#MeterAttribute.g.verified.cs
  - Received: TelemetrySourceGeneratorTests.Generate_GivenLogMethodReturningString_RaisesDiagnostic#MeterGenerationAttribute.g.received.cs
    Verified: TelemetrySourceGeneratorTests.Generate_GivenLogMethodReturningString_RaisesDiagnostic#MeterGenerationAttribute.g.verified.cs
  - Received: TelemetrySourceGeneratorTests.Generate_GivenLogMethodReturningString_RaisesDiagnostic#MeterNameGenerationType.g.received.cs
    Verified: TelemetrySourceGeneratorTests.Generate_GivenLogMethodReturningString_RaisesDiagnostic#MeterNameGenerationType.g.verified.cs
  - Received: TelemetrySourceGeneratorTests.Generate_GivenLogMethodReturningString_RaisesDiagnostic#NamingConvention.g.received.cs
    Verified: TelemetrySourceGeneratorTests.Generate_GivenLogMethodReturningString_RaisesDiagnostic#NamingConvention.g.verified.cs
  - Received: TelemetrySourceGeneratorTests.Generate_GivenLogMethodReturningString_RaisesDiagnostic#ObservableCounterAttribute.g.received.cs
    Verified: TelemetrySourceGeneratorTests.Generate_GivenLogMethodReturningString_RaisesDiagnostic#ObservableCounterAttribute.g.verified.cs
  - Received: TelemetrySourceGeneratorTests.Generate_GivenLogMethodReturningString_RaisesDiagnostic#ObservableGaugeAttribute.g.received.cs
    Verified: TelemetrySourceGeneratorTests.Generate_GivenLogMethodReturningString_RaisesDiagnostic#ObservableGaugeAttribute.g.verified.cs
  - Received: TelemetrySourceGeneratorTests.Generate_GivenLogMethodReturningString_RaisesDiagnostic#ObservableUpDownCounterAttribute.g.received.cs
    Verified: TelemetrySourceGeneratorTests.Generate_GivenLogMethodReturningString_RaisesDiagnostic#ObservableUpDownCounterAttribute.g.verified.cs
  - Received: TelemetrySourceGeneratorTests.Generate_GivenLogMethodReturningString_RaisesDiagnostic#StatusDescriptionAttribute.g.received.cs
    Verified: TelemetrySourceGeneratorTests.Generate_GivenLogMethodReturningString_RaisesDiagnostic#StatusDescriptionAttribute.g.verified.cs
  - Received: TelemetrySourceGeneratorTests.Generate_GivenLogMethodReturningString_RaisesDiagnostic#TagAttribute.g.received.cs
    Verified: TelemetrySourceGeneratorTests.Generate_GivenLogMethodReturningString_RaisesDiagnostic#TagAttribute.g.verified.cs
  - Received: TelemetrySourceGeneratorTests.Generate_GivenLogMethodReturningString_RaisesDiagnostic#Targets.g.received.cs
    Verified: TelemetrySourceGeneratorTests.Generate_GivenLogMethodReturningString_RaisesDiagnostic#Targets.g.verified.cs
  - Received: TelemetrySourceGeneratorTests.Generate_GivenLogMethodReturningString_RaisesDiagnostic#TelemetryGenerationAttribute.g.received.cs
    Verified: TelemetrySourceGeneratorTests.Generate_GivenLogMethodReturningString_RaisesDiagnostic#TelemetryGenerationAttribute.g.verified.cs
  - Received: TelemetrySourceGeneratorTests.Generate_GivenLogMethodReturningString_RaisesDiagnostic#Testing.InvalidTelemetryCore.Logging.g.received.cs
    Verified: TelemetrySourceGeneratorTests.Generate_GivenLogMethodReturningString_RaisesDiagnostic#Testing.InvalidTelemetryCore.Logging.g.verified.cs
  - Received: TelemetrySourceGeneratorTests.Generate_GivenLogMethodReturningString_RaisesDiagnostic#TraceAttribute.g.received.cs
    Verified: TelemetrySourceGeneratorTests.Generate_GivenLogMethodReturningString_RaisesDiagnostic#TraceAttribute.g.verified.cs
  - Received: TelemetrySourceGeneratorTests.Generate_GivenLogMethodReturningString_RaisesDiagnostic#UpDownCounterAttribute.g.received.cs
    Verified: TelemetrySourceGeneratorTests.Generate_GivenLogMethodReturningString_RaisesDiagnostic#UpDownCounterAttribute.g.verified.cs
  - Received: TelemetrySourceGeneratorTests.Generate_GivenLogMethodReturningString_RaisesDiagnostic#WarningAttribute.g.received.cs
    Verified: TelemetrySourceGeneratorTests.Generate_GivenLogMethodReturningString_RaisesDiagnostic#WarningAttribute.g.verified.cs

  from P:\GitHub\kjldev\purview-telemetry-sourcegenerator\src\Purview.Telemetry.SourceGenerator.IntegrationTests\bin\Release\net10.0\Purview.Telemetry.SourceGenerator.IntegrationTests.dll (net10.0|x64)
  TUnit.Engine.Exceptions.TestFailedException: [Test Failure] VerifyException: Directory: P:\GitHub\kjldev\purview-telemetry-sourcegenerator\src\Purview.Telemetry.SourceGenerator.IntegrationTests\Snapshots
  Delete:
    - TelemetrySourceGeneratorTests.Generate_GivenLogMethodReturningString_RaisesDiagnostic.verified.txt
  Equal:
    - Received: TelemetrySourceGeneratorTests.Generate_GivenLogMethodReturningString_RaisesDiagnostic#ActivityAttribute.g.received.cs
      Verified: TelemetrySourceGeneratorTests.Generate_GivenLogMethodReturningString_RaisesDiagnostic#ActivityAttribute.g.verified.cs
    - Received: TelemetrySourceGeneratorTests.Generate_GivenLogMethodReturningString_RaisesDiagnostic#ActivitySourceAttribute.g.received.cs
      Verified: TelemetrySourceGeneratorTests.Generate_GivenLogMethodReturningString_RaisesDiagnostic#ActivitySourceAttribute.g.verified.cs
    - Received: TelemetrySourceGeneratorTests.Generate_GivenLogMethodReturningString_RaisesDiagnostic#ActivitySourceGenerationAttribute.g.received.cs
      Verified: TelemetrySourceGeneratorTests.Generate_GivenLogMethodReturningString_RaisesDiagnostic#ActivitySourceGenerationAttribute.g.verified.cs
    - Received: TelemetrySourceGeneratorTests.Generate_GivenLogMethodReturningString_RaisesDiagnostic#AutoCounterAttribute.g.received.cs
      Verified: TelemetrySourceGeneratorTests.Generate_GivenLogMethodReturningString_RaisesDiagnostic#AutoCounterAttribute.g.verified.cs
    - Received: TelemetrySourceGeneratorTests.Generate_GivenLogMethodReturningString_RaisesDiagnostic#BaggageAttribute.g.received.cs
      Verified: TelemetrySourceGeneratorTests.Generate_GivenLogMethodReturningString_RaisesDiagnostic#BaggageAttribute.g.verified.cs
    - Received: TelemetrySourceGeneratorTests.Generate_GivenLogMethodReturningString_RaisesDiagnostic#ContextAttribute.g.received.cs
      Verified: TelemetrySourceGeneratorTests.Generate_GivenLogMethodReturningString_RaisesDiagnostic#ContextAttribute.g.verified.cs
    - Received: TelemetrySourceGeneratorTests.Generate_GivenLogMethodReturningString_RaisesDiagnostic#CounterAttribute.g.received.cs
      Verified: TelemetrySourceGeneratorTests.Generate_GivenLogMethodReturningString_RaisesDiagnostic#CounterAttribute.g.verified.cs
    - Received: TelemetrySourceGeneratorTests.Generate_GivenLogMethodReturningString_RaisesDiagnostic#CriticalAttribute.g.received.cs
      Verified: TelemetrySourceGeneratorTests.Generate_GivenLogMethodReturningString_RaisesDiagnostic#CriticalAttribute.g.verified.cs
    - Received: TelemetrySourceGeneratorTests.Generate_GivenLogMethodReturningString_RaisesDiagnostic#DebugAttribute.g.received.cs
      Verified: TelemetrySourceGeneratorTests.Generate_GivenLogMethodReturningString_RaisesDiagnostic#DebugAttribute.g.verified.cs
    - Received: TelemetrySourceGeneratorTests.Generate_GivenLogMethodReturningString_RaisesDiagnostic#ErrorAttribute.g.received.cs
      Verified: TelemetrySourceGeneratorTests.Generate_GivenLogMethodReturningString_RaisesDiagnostic#ErrorAttribute.g.verified.cs
    - Received: TelemetrySourceGeneratorTests.Generate_GivenLogMethodReturningString_RaisesDiagnostic#EscapeAttribute.g.received.cs
      Verified: TelemetrySourceGeneratorTests.Generate_GivenLogMethodReturningString_RaisesDiagnostic#EscapeAttribute.g.verified.cs
    - Received: TelemetrySourceGeneratorTests.Generate_GivenLogMethodReturningString_RaisesDiagnostic#EventAttribute.g.received.cs
      Verified: TelemetrySourceGeneratorTests.Generate_GivenLogMethodReturningString_RaisesDiagnostic#EventAttribute.g.verified.cs
    - Received: TelemetrySourceGeneratorTests.Generate_GivenLogMethodReturningString_RaisesDiagnostic#ExcludeAttribute.g.received.cs
      Verified: TelemetrySourceGeneratorTests.Generate_GivenLogMethodReturningString_RaisesDiagnostic#ExcludeAttribute.g.verified.cs
    - Received: TelemetrySourceGeneratorTests.Generate_GivenLogMethodReturningString_RaisesDiagnostic#ExcludeTargetsAttribute.g.received.cs
      Verified: TelemetrySourceGeneratorTests.Generate_GivenLogMethodReturningString_RaisesDiagnostic#ExcludeTargetsAttribute.g.verified.cs
    - Received: TelemetrySourceGeneratorTests.Generate_GivenLogMethodReturningString_RaisesDiagnostic#ExpandEnumerableAttribute.g.received.cs
      Verified: TelemetrySourceGeneratorTests.Generate_GivenLogMethodReturningString_RaisesDiagnostic#ExpandEnumerableAttribute.g.verified.cs
    - Received: TelemetrySourceGeneratorTests.Generate_GivenLogMethodReturningString_RaisesDiagnostic#HistogramAttribute.g.received.cs
      Verified: TelemetrySourceGeneratorTests.Generate_GivenLogMethodReturningString_RaisesDiagnostic#HistogramAttribute.g.verified.cs
    - Received: TelemetrySourceGeneratorTests.Generate_GivenLogMethodReturningString_RaisesDiagnostic#InfoAttribute.g.received.cs
      Verified: TelemetrySourceGeneratorTests.Generate_GivenLogMethodReturningString_RaisesDiagnostic#InfoAttribute.g.verified.cs
    - Received: TelemetrySourceGeneratorTests.Generate_GivenLogMethodReturningString_RaisesDiagnostic#InstrumentMeasurementAttribute.g.received.cs
      Verified: TelemetrySourceGeneratorTests.Generate_GivenLogMethodReturningString_RaisesDiagnostic#InstrumentMeasurementAttribute.g.verified.cs
    - Received: TelemetrySourceGeneratorTests.Generate_GivenLogMethodReturningString_RaisesDiagnostic#LogAttribute.g.received.cs
      Verified: TelemetrySourceGeneratorTests.Generate_GivenLogMethodReturningString_RaisesDiagnostic#LogAttribute.g.verified.cs
    - Received: TelemetrySourceGeneratorTests.Generate_GivenLogMethodReturningString_RaisesDiagnostic#LoggerAttribute.g.received.cs
      Verified: TelemetrySourceGeneratorTests.Generate_GivenLogMethodReturningString_RaisesDiagnostic#LoggerAttribute.g.verified.cs
    - Received: TelemetrySourceGeneratorTests.Generate_GivenLogMethodReturningString_RaisesDiagnostic#LoggerGenerationAttribute.g.received.cs
      Verified: TelemetrySourceGeneratorTests.Generate_GivenLogMethodReturningString_RaisesDiagnostic#LoggerGenerationAttribute.g.verified.cs
    - Received: TelemetrySourceGeneratorTests.Generate_GivenLogMethodReturningString_RaisesDiagnostic#LoggerGenerationMode.g.received.cs
      Verified: TelemetrySourceGeneratorTests.Generate_GivenLogMethodReturningString_RaisesDiagnostic#LoggerGenerationMode.g.verified.cs
    - Received: TelemetrySourceGeneratorTests.Generate_GivenLogMethodReturningString_RaisesDiagnostic#LogPrefixType.g.received.cs
      Verified: TelemetrySourceGeneratorTests.Generate_GivenLogMethodReturningString_RaisesDiagnostic#LogPrefixType.g.verified.cs
    - Received: TelemetrySourceGeneratorTests.Generate_GivenLogMethodReturningString_RaisesDiagnostic#MeterAttribute.g.received.cs
      Verified: TelemetrySourceGeneratorTests.Generate_GivenLogMethodReturningString_RaisesDiagnostic#MeterAttribute.g.verified.cs
    - Received: TelemetrySourceGeneratorTests.Generate_GivenLogMethodReturningString_RaisesDiagnostic#MeterGenerationAttribute.g.received.cs
      Verified: TelemetrySourceGeneratorTests.Generate_GivenLogMethodReturningString_RaisesDiagnostic#MeterGenerationAttribute.g.verified.cs
    - Received: TelemetrySourceGeneratorTests.Generate_GivenLogMethodReturningString_RaisesDiagnostic#MeterNameGenerationType.g.received.cs
      Verified: TelemetrySourceGeneratorTests.Generate_GivenLogMethodReturningString_RaisesDiagnostic#MeterNameGenerationType.g.verified.cs
    - Received: TelemetrySourceGeneratorTests.Generate_GivenLogMethodReturningString_RaisesDiagnostic#NamingConvention.g.received.cs
      Verified: TelemetrySourceGeneratorTests.Generate_GivenLogMethodReturningString_RaisesDiagnostic#NamingConvention.g.verified.cs
    - Received: TelemetrySourceGeneratorTests.Generate_GivenLogMethodReturningString_RaisesDiagnostic#ObservableCounterAttribute.g.received.cs
      Verified: TelemetrySourceGeneratorTests.Generate_GivenLogMethodReturningString_RaisesDiagnostic#ObservableCounterAttribute.g.verified.cs
    - Received: TelemetrySourceGeneratorTests.Generate_GivenLogMethodReturningString_RaisesDiagnostic#ObservableGaugeAttribute.g.received.cs
      Verified: TelemetrySourceGeneratorTests.Generate_GivenLogMethodReturningString_RaisesDiagnostic#ObservableGaugeAttribute.g.verified.cs
    - Received: TelemetrySourceGeneratorTests.Generate_GivenLogMethodReturningString_RaisesDiagnostic#ObservableUpDownCounterAttribute.g.received.cs
      Verified: TelemetrySourceGeneratorTests.Generate_GivenLogMethodReturningString_RaisesDiagnostic#ObservableUpDownCounterAttribute.g.verified.cs
    - Received: TelemetrySourceGeneratorTests.Generate_GivenLogMethodReturningString_RaisesDiagnostic#StatusDescriptionAttribute.g.received.cs
      Verified: TelemetrySourceGeneratorTests.Generate_GivenLogMethodReturningString_RaisesDiagnostic#StatusDescriptionAttribute.g.verified.cs
    - Received: TelemetrySourceGeneratorTests.Generate_GivenLogMethodReturningString_RaisesDiagnostic#TagAttribute.g.received.cs
      Verified: TelemetrySourceGeneratorTests.Generate_GivenLogMethodReturningString_RaisesDiagnostic#TagAttribute.g.verified.cs
    - Received: TelemetrySourceGeneratorTests.Generate_GivenLogMethodReturningString_RaisesDiagnostic#Targets.g.received.cs
      Verified: TelemetrySourceGeneratorTests.Generate_GivenLogMethodReturningString_RaisesDiagnostic#Targets.g.verified.cs
    - Received: TelemetrySourceGeneratorTests.Generate_GivenLogMethodReturningString_RaisesDiagnostic#TelemetryGenerationAttribute.g.received.cs
      Verified: TelemetrySourceGeneratorTests.Generate_GivenLogMethodReturningString_RaisesDiagnostic#TelemetryGenerationAttribute.g.verified.cs
    - Received: TelemetrySourceGeneratorTests.Generate_GivenLogMethodReturningString_RaisesDiagnostic#Testing.InvalidTelemetryCore.Logging.g.received.cs
      Verified: TelemetrySourceGeneratorTests.Generate_GivenLogMethodReturningString_RaisesDiagnostic#Testing.InvalidTelemetryCore.Logging.g.verified.cs
    - Received: TelemetrySourceGeneratorTests.Generate_GivenLogMethodReturningString_RaisesDiagnostic#TraceAttribute.g.received.cs
      Verified: TelemetrySourceGeneratorTests.Generate_GivenLogMethodReturningString_RaisesDiagnostic#TraceAttribute.g.verified.cs
    - Received: TelemetrySourceGeneratorTests.Generate_GivenLogMethodReturningString_RaisesDiagnostic#UpDownCounterAttribute.g.received.cs
      Verified: TelemetrySourceGeneratorTests.Generate_GivenLogMethodReturningString_RaisesDiagnostic#UpDownCounterAttribute.g.verified.cs
    - Received: TelemetrySourceGeneratorTests.Generate_GivenLogMethodReturningString_RaisesDiagnostic#WarningAttribute.g.received.cs
      Verified: TelemetrySourceGeneratorTests.Generate_GivenLogMethodReturningString_RaisesDiagnostic#WarningAttribute.g.verified.cs
  
  Standard output
    DBG: --- Adding templates.
    DBG: Adding ActivitySourceGenerationAttribute as ActivitySourceGenerationAttribute.g.cs.
    DBG: Adding ActivitySourceAttribute as ActivitySourceAttribute.g.cs.
    DBG: Adding ActivityAttribute as ActivityAttribute.g.cs.
    DBG: Adding EventAttribute as EventAttribute.g.cs.
    DBG: Adding ContextAttribute as ContextAttribute.g.cs.
    DBG: Adding BaggageAttribute as BaggageAttribute.g.cs.
    DBG: Adding EscapeAttribute as EscapeAttribute.g.cs.
    DBG: Adding StatusDescriptionAttribute as StatusDescriptionAttribute.g.cs.
    DBG: Adding LoggerGenerationAttribute as LoggerGenerationAttribute.g.cs.
    DBG: Adding LoggerAttribute as LoggerAttribute.g.cs.
    DBG: Adding LogAttribute as LogAttribute.g.cs.
    DBG: Adding LogPrefixType as LogPrefixType.g.cs.
    DBG: Adding LoggerGenerationMode as LoggerGenerationMode.g.cs.
    DBG: Adding ExpandEnumerableAttribute as ExpandEnumerableAttribute.g.cs.
    DBG: Adding TraceAttribute as TraceAttribute.g.cs.
    DBG: Adding DebugAttribute as DebugAttribute.g.cs.
    DBG: Adding InfoAttribute as InfoAttribute.g.cs.
    DBG: Adding WarningAttribute as WarningAttribute.g.cs.
    DBG: Adding ErrorAttribute as ErrorAttribute.g.cs.
    DBG: Adding CriticalAttribute as CriticalAttribute.g.cs.
    DBG: Adding MeterGenerationAttribute as MeterGenerationAttribute.g.cs.
    DBG: Adding MeterAttribute as MeterAttribute.g.cs.
    DBG: Adding MeterNameGenerationType as MeterNameGenerationType.g.cs.
    DBG: Adding InstrumentMeasurementAttribute as InstrumentMeasurementAttribute.g.cs.
    DBG: Adding AutoCounterAttribute as AutoCounterAttribute.g.cs.
    DBG: Adding CounterAttribute as CounterAttribute.g.cs.
    DBG: Adding UpDownCounterAttribute as UpDownCounterAttribute.g.cs.
    DBG: Adding HistogramAttribute as HistogramAttribute.g.cs.
    DBG: Adding ObservableCounterAttribute as ObservableCounterAttribute.g.cs.
    DBG: Adding ObservableGaugeAttribute as ObservableGaugeAttribute.g.cs.
    DBG: Adding ObservableUpDownCounterAttribute as ObservableUpDownCounterAttribute.g.cs.
    DBG: Adding TagAttribute as TagAttribute.g.cs.
    DBG: Adding ExcludeAttribute as ExcludeAttribute.g.cs.
    DBG: Adding TelemetryGenerationAttribute as TelemetryGenerationAttribute.g.cs.
    DBG: Adding Targets as Targets.g.cs.
    DBG: Adding NamingConvention as NamingConvention.g.cs.
    DBG: Adding ExcludeTargetsAttribute as ExcludeTargetsAttribute.g.cs.
    DBG: --- Finished adding templates.
    DBG: Found attribute: Purview.Telemetry.LoggerAttribute
    DBG: Found attribute: Purview.Telemetry.TelemetryGenerationAttribute(GenerateDependencyExtension = false)
    DBG: Found method IInvalidTelemetry.InvalidReturnType.
    DIA: Log method InvalidReturnType must return void or IDisposable (for scoped logs), but returns string.
    DBG: Logger generation target: Testing.InvalidTelemetryCore
    DBG: Generating MS Gen-based logging class for: Testing.InvalidTelemetryCore
    DBG: Skipping dependency injection emit.
    
  Error output
failed Generate_GivenActivityMethodReturningObject_RaisesDiagnostic (6s 352ms)
  [Test Failure] VerifyException: Directory: P:\GitHub\kjldev\purview-telemetry-sourcegenerator\src\Purview.Telemetry.SourceGenerator.IntegrationTests\Snapshots
Delete:
  - TelemetrySourceGeneratorTests.Generate_GivenActivityMethodReturningObject_RaisesDiagnostic.verified.txt
Equal:
  - Received: TelemetrySourceGeneratorTests.Generate_GivenActivityMethodReturningObject_RaisesDiagnostic#ActivityAttribute.g.received.cs
    Verified: TelemetrySourceGeneratorTests.Generate_GivenActivityMethodReturningObject_RaisesDiagnostic#ActivityAttribute.g.verified.cs
  - Received: TelemetrySourceGeneratorTests.Generate_GivenActivityMethodReturningObject_RaisesDiagnostic#ActivitySourceAttribute.g.received.cs
    Verified: TelemetrySourceGeneratorTests.Generate_GivenActivityMethodReturningObject_RaisesDiagnostic#ActivitySourceAttribute.g.verified.cs
  - Received: TelemetrySourceGeneratorTests.Generate_GivenActivityMethodReturningObject_RaisesDiagnostic#ActivitySourceGenerationAttribute.g.received.cs
    Verified: TelemetrySourceGeneratorTests.Generate_GivenActivityMethodReturningObject_RaisesDiagnostic#ActivitySourceGenerationAttribute.g.verified.cs
  - Received: TelemetrySourceGeneratorTests.Generate_GivenActivityMethodReturningObject_RaisesDiagnostic#AutoCounterAttribute.g.received.cs
    Verified: TelemetrySourceGeneratorTests.Generate_GivenActivityMethodReturningObject_RaisesDiagnostic#AutoCounterAttribute.g.verified.cs
  - Received: TelemetrySourceGeneratorTests.Generate_GivenActivityMethodReturningObject_RaisesDiagnostic#BaggageAttribute.g.received.cs
    Verified: TelemetrySourceGeneratorTests.Generate_GivenActivityMethodReturningObject_RaisesDiagnostic#BaggageAttribute.g.verified.cs
  - Received: TelemetrySourceGeneratorTests.Generate_GivenActivityMethodReturningObject_RaisesDiagnostic#ContextAttribute.g.received.cs
    Verified: TelemetrySourceGeneratorTests.Generate_GivenActivityMethodReturningObject_RaisesDiagnostic#ContextAttribute.g.verified.cs
  - Received: TelemetrySourceGeneratorTests.Generate_GivenActivityMethodReturningObject_RaisesDiagnostic#CounterAttribute.g.received.cs
    Verified: TelemetrySourceGeneratorTests.Generate_GivenActivityMethodReturningObject_RaisesDiagnostic#CounterAttribute.g.verified.cs
  - Received: TelemetrySourceGeneratorTests.Generate_GivenActivityMethodReturningObject_RaisesDiagnostic#CriticalAttribute.g.received.cs
    Verified: TelemetrySourceGeneratorTests.Generate_GivenActivityMethodReturningObject_RaisesDiagnostic#CriticalAttribute.g.verified.cs
  - Received: TelemetrySourceGeneratorTests.Generate_GivenActivityMethodReturningObject_RaisesDiagnostic#DebugAttribute.g.received.cs
    Verified: TelemetrySourceGeneratorTests.Generate_GivenActivityMethodReturningObject_RaisesDiagnostic#DebugAttribute.g.verified.cs
  - Received: TelemetrySourceGeneratorTests.Generate_GivenActivityMethodReturningObject_RaisesDiagnostic#ErrorAttribute.g.received.cs
    Verified: TelemetrySourceGeneratorTests.Generate_GivenActivityMethodReturningObject_RaisesDiagnostic#ErrorAttribute.g.verified.cs
  - Received: TelemetrySourceGeneratorTests.Generate_GivenActivityMethodReturningObject_RaisesDiagnostic#EscapeAttribute.g.received.cs
    Verified: TelemetrySourceGeneratorTests.Generate_GivenActivityMethodReturningObject_RaisesDiagnostic#EscapeAttribute.g.verified.cs
  - Received: TelemetrySourceGeneratorTests.Generate_GivenActivityMethodReturningObject_RaisesDiagnostic#EventAttribute.g.received.cs
    Verified: TelemetrySourceGeneratorTests.Generate_GivenActivityMethodReturningObject_RaisesDiagnostic#EventAttribute.g.verified.cs
  - Received: TelemetrySourceGeneratorTests.Generate_GivenActivityMethodReturningObject_RaisesDiagnostic#ExcludeAttribute.g.received.cs
    Verified: TelemetrySourceGeneratorTests.Generate_GivenActivityMethodReturningObject_RaisesDiagnostic#ExcludeAttribute.g.verified.cs
  - Received: TelemetrySourceGeneratorTests.Generate_GivenActivityMethodReturningObject_RaisesDiagnostic#ExcludeTargetsAttribute.g.received.cs
    Verified: TelemetrySourceGeneratorTests.Generate_GivenActivityMethodReturningObject_RaisesDiagnostic#ExcludeTargetsAttribute.g.verified.cs
  - Received: TelemetrySourceGeneratorTests.Generate_GivenActivityMethodReturningObject_RaisesDiagnostic#ExpandEnumerableAttribute.g.received.cs
    Verified: TelemetrySourceGeneratorTests.Generate_GivenActivityMethodReturningObject_RaisesDiagnostic#ExpandEnumerableAttribute.g.verified.cs
  - Received: TelemetrySourceGeneratorTests.Generate_GivenActivityMethodReturningObject_RaisesDiagnostic#HistogramAttribute.g.received.cs
    Verified: TelemetrySourceGeneratorTests.Generate_GivenActivityMethodReturningObject_RaisesDiagnostic#HistogramAttribute.g.verified.cs
  - Received: TelemetrySourceGeneratorTests.Generate_GivenActivityMethodReturningObject_RaisesDiagnostic#InfoAttribute.g.received.cs
    Verified: TelemetrySourceGeneratorTests.Generate_GivenActivityMethodReturningObject_RaisesDiagnostic#InfoAttribute.g.verified.cs
  - Received: TelemetrySourceGeneratorTests.Generate_GivenActivityMethodReturningObject_RaisesDiagnostic#InstrumentMeasurementAttribute.g.received.cs
    Verified: TelemetrySourceGeneratorTests.Generate_GivenActivityMethodReturningObject_RaisesDiagnostic#InstrumentMeasurementAttribute.g.verified.cs
  - Received: TelemetrySourceGeneratorTests.Generate_GivenActivityMethodReturningObject_RaisesDiagnostic#LogAttribute.g.received.cs
    Verified: TelemetrySourceGeneratorTests.Generate_GivenActivityMethodReturningObject_RaisesDiagnostic#LogAttribute.g.verified.cs
  - Received: TelemetrySourceGeneratorTests.Generate_GivenActivityMethodReturningObject_RaisesDiagnostic#LoggerAttribute.g.received.cs
    Verified: TelemetrySourceGeneratorTests.Generate_GivenActivityMethodReturningObject_RaisesDiagnostic#LoggerAttribute.g.verified.cs
  - Received: TelemetrySourceGeneratorTests.Generate_GivenActivityMethodReturningObject_RaisesDiagnostic#LoggerGenerationAttribute.g.received.cs
    Verified: TelemetrySourceGeneratorTests.Generate_GivenActivityMethodReturningObject_RaisesDiagnostic#LoggerGenerationAttribute.g.verified.cs
  - Received: TelemetrySourceGeneratorTests.Generate_GivenActivityMethodReturningObject_RaisesDiagnostic#LoggerGenerationMode.g.received.cs
    Verified: TelemetrySourceGeneratorTests.Generate_GivenActivityMethodReturningObject_RaisesDiagnostic#LoggerGenerationMode.g.verified.cs
  - Received: TelemetrySourceGeneratorTests.Generate_GivenActivityMethodReturningObject_RaisesDiagnostic#LogPrefixType.g.received.cs
    Verified: TelemetrySourceGeneratorTests.Generate_GivenActivityMethodReturningObject_RaisesDiagnostic#LogPrefixType.g.verified.cs
  - Received: TelemetrySourceGeneratorTests.Generate_GivenActivityMethodReturningObject_RaisesDiagnostic#MeterAttribute.g.received.cs
    Verified: TelemetrySourceGeneratorTests.Generate_GivenActivityMethodReturningObject_RaisesDiagnostic#MeterAttribute.g.verified.cs
  - Received: TelemetrySourceGeneratorTests.Generate_GivenActivityMethodReturningObject_RaisesDiagnostic#MeterGenerationAttribute.g.received.cs
    Verified: TelemetrySourceGeneratorTests.Generate_GivenActivityMethodReturningObject_RaisesDiagnostic#MeterGenerationAttribute.g.verified.cs
  - Received: TelemetrySourceGeneratorTests.Generate_GivenActivityMethodReturningObject_RaisesDiagnostic#MeterNameGenerationType.g.received.cs
    Verified: TelemetrySourceGeneratorTests.Generate_GivenActivityMethodReturningObject_RaisesDiagnostic#MeterNameGenerationType.g.verified.cs
  - Received: TelemetrySourceGeneratorTests.Generate_GivenActivityMethodReturningObject_RaisesDiagnostic#NamingConvention.g.received.cs
    Verified: TelemetrySourceGeneratorTests.Generate_GivenActivityMethodReturningObject_RaisesDiagnostic#NamingConvention.g.verified.cs
  - Received: TelemetrySourceGeneratorTests.Generate_GivenActivityMethodReturningObject_RaisesDiagnostic#ObservableCounterAttribute.g.received.cs
    Verified: TelemetrySourceGeneratorTests.Generate_GivenActivityMethodReturningObject_RaisesDiagnostic#ObservableCounterAttribute.g.verified.cs
  - Received: TelemetrySourceGeneratorTests.Generate_GivenActivityMethodReturningObject_RaisesDiagnostic#ObservableGaugeAttribute.g.received.cs
    Verified: TelemetrySourceGeneratorTests.Generate_GivenActivityMethodReturningObject_RaisesDiagnostic#ObservableGaugeAttribute.g.verified.cs
  - Received: TelemetrySourceGeneratorTests.Generate_GivenActivityMethodReturningObject_RaisesDiagnostic#ObservableUpDownCounterAttribute.g.received.cs
    Verified: TelemetrySourceGeneratorTests.Generate_GivenActivityMethodReturningObject_RaisesDiagnostic#ObservableUpDownCounterAttribute.g.verified.cs
  - Received: TelemetrySourceGeneratorTests.Generate_GivenActivityMethodReturningObject_RaisesDiagnostic#Purview.Telemetry.SourceGenerator.TelemetryNames.g.received.cs
    Verified: TelemetrySourceGeneratorTests.Generate_GivenActivityMethodReturningObject_RaisesDiagnostic#Purview.Telemetry.SourceGenerator.TelemetryNames.g.verified.cs
  - Received: TelemetrySourceGeneratorTests.Generate_GivenActivityMethodReturningObject_RaisesDiagnostic#StatusDescriptionAttribute.g.received.cs
    Verified: TelemetrySourceGeneratorTests.Generate_GivenActivityMethodReturningObject_RaisesDiagnostic#StatusDescriptionAttribute.g.verified.cs
  - Received: TelemetrySourceGeneratorTests.Generate_GivenActivityMethodReturningObject_RaisesDiagnostic#TagAttribute.g.received.cs
    Verified: TelemetrySourceGeneratorTests.Generate_GivenActivityMethodReturningObject_RaisesDiagnostic#TagAttribute.g.verified.cs
  - Received: TelemetrySourceGeneratorTests.Generate_GivenActivityMethodReturningObject_RaisesDiagnostic#Targets.g.received.cs
    Verified: TelemetrySourceGeneratorTests.Generate_GivenActivityMethodReturningObject_RaisesDiagnostic#Targets.g.verified.cs
  - Received: TelemetrySourceGeneratorTests.Generate_GivenActivityMethodReturningObject_RaisesDiagnostic#TelemetryGenerationAttribute.g.received.cs
    Verified: TelemetrySourceGeneratorTests.Generate_GivenActivityMethodReturningObject_RaisesDiagnostic#TelemetryGenerationAttribute.g.verified.cs
  - Received: TelemetrySourceGeneratorTests.Generate_GivenActivityMethodReturningObject_RaisesDiagnostic#Testing.InvalidTelemetryCore.Activity.g.received.cs
    Verified: TelemetrySourceGeneratorTests.Generate_GivenActivityMethodReturningObject_RaisesDiagnostic#Testing.InvalidTelemetryCore.Activity.g.verified.cs
  - Received: TelemetrySourceGeneratorTests.Generate_GivenActivityMethodReturningObject_RaisesDiagnostic#TraceAttribute.g.received.cs
    Verified: TelemetrySourceGeneratorTests.Generate_GivenActivityMethodReturningObject_RaisesDiagnostic#TraceAttribute.g.verified.cs
  - Received: TelemetrySourceGeneratorTests.Generate_GivenActivityMethodReturningObject_RaisesDiagnostic#UpDownCounterAttribute.g.received.cs
    Verified: TelemetrySourceGeneratorTests.Generate_GivenActivityMethodReturningObject_RaisesDiagnostic#UpDownCounterAttribute.g.verified.cs
  - Received: TelemetrySourceGeneratorTests.Generate_GivenActivityMethodReturningObject_RaisesDiagnostic#WarningAttribute.g.received.cs
    Verified: TelemetrySourceGeneratorTests.Generate_GivenActivityMethodReturningObject_RaisesDiagnostic#WarningAttribute.g.verified.cs

  from P:\GitHub\kjldev\purview-telemetry-sourcegenerator\src\Purview.Telemetry.SourceGenerator.IntegrationTests\bin\Release\net10.0\Purview.Telemetry.SourceGenerator.IntegrationTests.dll (net10.0|x64)
  TUnit.Engine.Exceptions.TestFailedException: [Test Failure] VerifyException: Directory: P:\GitHub\kjldev\purview-telemetry-sourcegenerator\src\Purview.Telemetry.SourceGenerator.IntegrationTests\Snapshots
  Delete:
    - TelemetrySourceGeneratorTests.Generate_GivenActivityMethodReturningObject_RaisesDiagnostic.verified.txt
  Equal:
    - Received: TelemetrySourceGeneratorTests.Generate_GivenActivityMethodReturningObject_RaisesDiagnostic#ActivityAttribute.g.received.cs
      Verified: TelemetrySourceGeneratorTests.Generate_GivenActivityMethodReturningObject_RaisesDiagnostic#ActivityAttribute.g.verified.cs
    - Received: TelemetrySourceGeneratorTests.Generate_GivenActivityMethodReturningObject_RaisesDiagnostic#ActivitySourceAttribute.g.received.cs
      Verified: TelemetrySourceGeneratorTests.Generate_GivenActivityMethodReturningObject_RaisesDiagnostic#ActivitySourceAttribute.g.verified.cs
    - Received: TelemetrySourceGeneratorTests.Generate_GivenActivityMethodReturningObject_RaisesDiagnostic#ActivitySourceGenerationAttribute.g.received.cs
      Verified: TelemetrySourceGeneratorTests.Generate_GivenActivityMethodReturningObject_RaisesDiagnostic#ActivitySourceGenerationAttribute.g.verified.cs
    - Received: TelemetrySourceGeneratorTests.Generate_GivenActivityMethodReturningObject_RaisesDiagnostic#AutoCounterAttribute.g.received.cs
      Verified: TelemetrySourceGeneratorTests.Generate_GivenActivityMethodReturningObject_RaisesDiagnostic#AutoCounterAttribute.g.verified.cs
    - Received: TelemetrySourceGeneratorTests.Generate_GivenActivityMethodReturningObject_RaisesDiagnostic#BaggageAttribute.g.received.cs
      Verified: TelemetrySourceGeneratorTests.Generate_GivenActivityMethodReturningObject_RaisesDiagnostic#BaggageAttribute.g.verified.cs
    - Received: TelemetrySourceGeneratorTests.Generate_GivenActivityMethodReturningObject_RaisesDiagnostic#ContextAttribute.g.received.cs
      Verified: TelemetrySourceGeneratorTests.Generate_GivenActivityMethodReturningObject_RaisesDiagnostic#ContextAttribute.g.verified.cs
    - Received: TelemetrySourceGeneratorTests.Generate_GivenActivityMethodReturningObject_RaisesDiagnostic#CounterAttribute.g.received.cs
      Verified: TelemetrySourceGeneratorTests.Generate_GivenActivityMethodReturningObject_RaisesDiagnostic#CounterAttribute.g.verified.cs
    - Received: TelemetrySourceGeneratorTests.Generate_GivenActivityMethodReturningObject_RaisesDiagnostic#CriticalAttribute.g.received.cs
      Verified: TelemetrySourceGeneratorTests.Generate_GivenActivityMethodReturningObject_RaisesDiagnostic#CriticalAttribute.g.verified.cs
    - Received: TelemetrySourceGeneratorTests.Generate_GivenActivityMethodReturningObject_RaisesDiagnostic#DebugAttribute.g.received.cs
      Verified: TelemetrySourceGeneratorTests.Generate_GivenActivityMethodReturningObject_RaisesDiagnostic#DebugAttribute.g.verified.cs
    - Received: TelemetrySourceGeneratorTests.Generate_GivenActivityMethodReturningObject_RaisesDiagnostic#ErrorAttribute.g.received.cs
      Verified: TelemetrySourceGeneratorTests.Generate_GivenActivityMethodReturningObject_RaisesDiagnostic#ErrorAttribute.g.verified.cs
    - Received: TelemetrySourceGeneratorTests.Generate_GivenActivityMethodReturningObject_RaisesDiagnostic#EscapeAttribute.g.received.cs
      Verified: TelemetrySourceGeneratorTests.Generate_GivenActivityMethodReturningObject_RaisesDiagnostic#EscapeAttribute.g.verified.cs
    - Received: TelemetrySourceGeneratorTests.Generate_GivenActivityMethodReturningObject_RaisesDiagnostic#EventAttribute.g.received.cs
      Verified: TelemetrySourceGeneratorTests.Generate_GivenActivityMethodReturningObject_RaisesDiagnostic#EventAttribute.g.verified.cs
    - Received: TelemetrySourceGeneratorTests.Generate_GivenActivityMethodReturningObject_RaisesDiagnostic#ExcludeAttribute.g.received.cs
      Verified: TelemetrySourceGeneratorTests.Generate_GivenActivityMethodReturningObject_RaisesDiagnostic#ExcludeAttribute.g.verified.cs
    - Received: TelemetrySourceGeneratorTests.Generate_GivenActivityMethodReturningObject_RaisesDiagnostic#ExcludeTargetsAttribute.g.received.cs
      Verified: TelemetrySourceGeneratorTests.Generate_GivenActivityMethodReturningObject_RaisesDiagnostic#ExcludeTargetsAttribute.g.verified.cs
    - Received: TelemetrySourceGeneratorTests.Generate_GivenActivityMethodReturningObject_RaisesDiagnostic#ExpandEnumerableAttribute.g.received.cs
      Verified: TelemetrySourceGeneratorTests.Generate_GivenActivityMethodReturningObject_RaisesDiagnostic#ExpandEnumerableAttribute.g.verified.cs
    - Received: TelemetrySourceGeneratorTests.Generate_GivenActivityMethodReturningObject_RaisesDiagnostic#HistogramAttribute.g.received.cs
      Verified: TelemetrySourceGeneratorTests.Generate_GivenActivityMethodReturningObject_RaisesDiagnostic#HistogramAttribute.g.verified.cs
    - Received: TelemetrySourceGeneratorTests.Generate_GivenActivityMethodReturningObject_RaisesDiagnostic#InfoAttribute.g.received.cs
      Verified: TelemetrySourceGeneratorTests.Generate_GivenActivityMethodReturningObject_RaisesDiagnostic#InfoAttribute.g.verified.cs
    - Received: TelemetrySourceGeneratorTests.Generate_GivenActivityMethodReturningObject_RaisesDiagnostic#InstrumentMeasurementAttribute.g.received.cs
      Verified: TelemetrySourceGeneratorTests.Generate_GivenActivityMethodReturningObject_RaisesDiagnostic#InstrumentMeasurementAttribute.g.verified.cs
    - Received: TelemetrySourceGeneratorTests.Generate_GivenActivityMethodReturningObject_RaisesDiagnostic#LogAttribute.g.received.cs
      Verified: TelemetrySourceGeneratorTests.Generate_GivenActivityMethodReturningObject_RaisesDiagnostic#LogAttribute.g.verified.cs
    - Received: TelemetrySourceGeneratorTests.Generate_GivenActivityMethodReturningObject_RaisesDiagnostic#LoggerAttribute.g.received.cs
      Verified: TelemetrySourceGeneratorTests.Generate_GivenActivityMethodReturningObject_RaisesDiagnostic#LoggerAttribute.g.verified.cs
    - Received: TelemetrySourceGeneratorTests.Generate_GivenActivityMethodReturningObject_RaisesDiagnostic#LoggerGenerationAttribute.g.received.cs
      Verified: TelemetrySourceGeneratorTests.Generate_GivenActivityMethodReturningObject_RaisesDiagnostic#LoggerGenerationAttribute.g.verified.cs
    - Received: TelemetrySourceGeneratorTests.Generate_GivenActivityMethodReturningObject_RaisesDiagnostic#LoggerGenerationMode.g.received.cs
      Verified: TelemetrySourceGeneratorTests.Generate_GivenActivityMethodReturningObject_RaisesDiagnostic#LoggerGenerationMode.g.verified.cs
    - Received: TelemetrySourceGeneratorTests.Generate_GivenActivityMethodReturningObject_RaisesDiagnostic#LogPrefixType.g.received.cs
      Verified: TelemetrySourceGeneratorTests.Generate_GivenActivityMethodReturningObject_RaisesDiagnostic#LogPrefixType.g.verified.cs
    - Received: TelemetrySourceGeneratorTests.Generate_GivenActivityMethodReturningObject_RaisesDiagnostic#MeterAttribute.g.received.cs
      Verified: TelemetrySourceGeneratorTests.Generate_GivenActivityMethodReturningObject_RaisesDiagnostic#MeterAttribute.g.verified.cs
    - Received: TelemetrySourceGeneratorTests.Generate_GivenActivityMethodReturningObject_RaisesDiagnostic#MeterGenerationAttribute.g.received.cs
      Verified: TelemetrySourceGeneratorTests.Generate_GivenActivityMethodReturningObject_RaisesDiagnostic#MeterGenerationAttribute.g.verified.cs
    - Received: TelemetrySourceGeneratorTests.Generate_GivenActivityMethodReturningObject_RaisesDiagnostic#MeterNameGenerationType.g.received.cs
      Verified: TelemetrySourceGeneratorTests.Generate_GivenActivityMethodReturningObject_RaisesDiagnostic#MeterNameGenerationType.g.verified.cs
    - Received: TelemetrySourceGeneratorTests.Generate_GivenActivityMethodReturningObject_RaisesDiagnostic#NamingConvention.g.received.cs
      Verified: TelemetrySourceGeneratorTests.Generate_GivenActivityMethodReturningObject_RaisesDiagnostic#NamingConvention.g.verified.cs
    - Received: TelemetrySourceGeneratorTests.Generate_GivenActivityMethodReturningObject_RaisesDiagnostic#ObservableCounterAttribute.g.received.cs
      Verified: TelemetrySourceGeneratorTests.Generate_GivenActivityMethodReturningObject_RaisesDiagnostic#ObservableCounterAttribute.g.verified.cs
    - Received: TelemetrySourceGeneratorTests.Generate_GivenActivityMethodReturningObject_RaisesDiagnostic#ObservableGaugeAttribute.g.received.cs
      Verified: TelemetrySourceGeneratorTests.Generate_GivenActivityMethodReturningObject_RaisesDiagnostic#ObservableGaugeAttribute.g.verified.cs
    - Received: TelemetrySourceGeneratorTests.Generate_GivenActivityMethodReturningObject_RaisesDiagnostic#ObservableUpDownCounterAttribute.g.received.cs
      Verified: TelemetrySourceGeneratorTests.Generate_GivenActivityMethodReturningObject_RaisesDiagnostic#ObservableUpDownCounterAttribute.g.verified.cs
    - Received: TelemetrySourceGeneratorTests.Generate_GivenActivityMethodReturningObject_RaisesDiagnostic#Purview.Telemetry.SourceGenerator.TelemetryNames.g.received.cs
      Verified: TelemetrySourceGeneratorTests.Generate_GivenActivityMethodReturningObject_RaisesDiagnostic#Purview.Telemetry.SourceGenerator.TelemetryNames.g.verified.cs
    - Received: TelemetrySourceGeneratorTests.Generate_GivenActivityMethodReturningObject_RaisesDiagnostic#StatusDescriptionAttribute.g.received.cs
      Verified: TelemetrySourceGeneratorTests.Generate_GivenActivityMethodReturningObject_RaisesDiagnostic#StatusDescriptionAttribute.g.verified.cs
    - Received: TelemetrySourceGeneratorTests.Generate_GivenActivityMethodReturningObject_RaisesDiagnostic#TagAttribute.g.received.cs
      Verified: TelemetrySourceGeneratorTests.Generate_GivenActivityMethodReturningObject_RaisesDiagnostic#TagAttribute.g.verified.cs
    - Received: TelemetrySourceGeneratorTests.Generate_GivenActivityMethodReturningObject_RaisesDiagnostic#Targets.g.received.cs
      Verified: TelemetrySourceGeneratorTests.Generate_GivenActivityMethodReturningObject_RaisesDiagnostic#Targets.g.verified.cs
    - Received: TelemetrySourceGeneratorTests.Generate_GivenActivityMethodReturningObject_RaisesDiagnostic#TelemetryGenerationAttribute.g.received.cs
      Verified: TelemetrySourceGeneratorTests.Generate_GivenActivityMethodReturningObject_RaisesDiagnostic#TelemetryGenerationAttribute.g.verified.cs
    - Received: TelemetrySourceGeneratorTests.Generate_GivenActivityMethodReturningObject_RaisesDiagnostic#Testing.InvalidTelemetryCore.Activity.g.received.cs
      Verified: TelemetrySourceGeneratorTests.Generate_GivenActivityMethodReturningObject_RaisesDiagnostic#Testing.InvalidTelemetryCore.Activity.g.verified.cs
    - Received: TelemetrySourceGeneratorTests.Generate_GivenActivityMethodReturningObject_RaisesDiagnostic#TraceAttribute.g.received.cs
      Verified: TelemetrySourceGeneratorTests.Generate_GivenActivityMethodReturningObject_RaisesDiagnostic#TraceAttribute.g.verified.cs
    - Received: TelemetrySourceGeneratorTests.Generate_GivenActivityMethodReturningObject_RaisesDiagnostic#UpDownCounterAttribute.g.received.cs
      Verified: TelemetrySourceGeneratorTests.Generate_GivenActivityMethodReturningObject_RaisesDiagnostic#UpDownCounterAttribute.g.verified.cs
    - Received: TelemetrySourceGeneratorTests.Generate_GivenActivityMethodReturningObject_RaisesDiagnostic#WarningAttribute.g.received.cs
      Verified: TelemetrySourceGeneratorTests.Generate_GivenActivityMethodReturningObject_RaisesDiagnostic#WarningAttribute.g.verified.cs
  
  Standard output
    DBG: --- Adding templates.
    DBG: Adding ActivitySourceGenerationAttribute as ActivitySourceGenerationAttribute.g.cs.
    DBG: Adding ActivitySourceAttribute as ActivitySourceAttribute.g.cs.
    DBG: Adding ActivityAttribute as ActivityAttribute.g.cs.
    DBG: Adding EventAttribute as EventAttribute.g.cs.
    DBG: Adding ContextAttribute as ContextAttribute.g.cs.
    DBG: Adding BaggageAttribute as BaggageAttribute.g.cs.
    DBG: Adding EscapeAttribute as EscapeAttribute.g.cs.
    DBG: Adding StatusDescriptionAttribute as StatusDescriptionAttribute.g.cs.
    DBG: Adding LoggerGenerationAttribute as LoggerGenerationAttribute.g.cs.
    DBG: Adding LoggerAttribute as LoggerAttribute.g.cs.
    DBG: Adding LogAttribute as LogAttribute.g.cs.
    DBG: Adding LogPrefixType as LogPrefixType.g.cs.
    DBG: Adding LoggerGenerationMode as LoggerGenerationMode.g.cs.
    DBG: Adding ExpandEnumerableAttribute as ExpandEnumerableAttribute.g.cs.
    DBG: Adding TraceAttribute as TraceAttribute.g.cs.
    DBG: Adding DebugAttribute as DebugAttribute.g.cs.
    DBG: Adding InfoAttribute as InfoAttribute.g.cs.
    DBG: Adding WarningAttribute as WarningAttribute.g.cs.
    DBG: Adding ErrorAttribute as ErrorAttribute.g.cs.
    DBG: Adding CriticalAttribute as CriticalAttribute.g.cs.
    DBG: Adding MeterGenerationAttribute as MeterGenerationAttribute.g.cs.
    DBG: Adding MeterAttribute as MeterAttribute.g.cs.
    DBG: Adding MeterNameGenerationType as MeterNameGenerationType.g.cs.
    DBG: Adding InstrumentMeasurementAttribute as InstrumentMeasurementAttribute.g.cs.
    DBG: Adding AutoCounterAttribute as AutoCounterAttribute.g.cs.
    DBG: Adding CounterAttribute as CounterAttribute.g.cs.
    DBG: Adding UpDownCounterAttribute as UpDownCounterAttribute.g.cs.
    DBG: Adding HistogramAttribute as HistogramAttribute.g.cs.
    DBG: Adding ObservableCounterAttribute as ObservableCounterAttribute.g.cs.
    DBG: Adding ObservableGaugeAttribute as ObservableGaugeAttribute.g.cs.
    DBG: Adding ObservableUpDownCounterAttribute as ObservableUpDownCounterAttribute.g.cs.
    DBG: Adding TagAttribute as TagAttribute.g.cs.
    DBG: Adding ExcludeAttribute as ExcludeAttribute.g.cs.
    DBG: Adding TelemetryGenerationAttribute as TelemetryGenerationAttribute.g.cs.
    DBG: Adding Targets as Targets.g.cs.
    DBG: Adding NamingConvention as NamingConvention.g.cs.
    DBG: Adding ExcludeTargetsAttribute as ExcludeTargetsAttribute.g.cs.
    DBG: --- Finished adding templates.
    DBG: Found attribute: Purview.Telemetry.ActivitySourceAttribute("testing-activity-source")
    DBG: Found attribute: Purview.Telemetry.TelemetryGenerationAttribute(GenerateDependencyExtension = false)
    DBG: Found attribute: Purview.Telemetry.ActivityAttribute
    DBG: Found explicit activity: InvalidReturnType.
    DBG: Found Activity method IInvalidTelemetry.InvalidReturnType.
    DBG: Inferring tag: operationId.
    DBG: Activity generation target: Testing.InvalidTelemetryCore
    DBG: Generating activity class for: Testing.InvalidTelemetryCore
    DBG: Generating RecordExceptionInternal.
    DIA: The return type object isn't valid for an activity, event, or context method.
    DBG: Skipping dependency injection emit.
    DBG: Found attribute: Purview.Telemetry.ActivitySourceAttribute("testing-activity-source")
    DBG: Found attribute: Purview.Telemetry.TelemetryGenerationAttribute(GenerateDependencyExtension = false)
    DBG: Found attribute: Purview.Telemetry.ActivityAttribute
    DBG: Found explicit activity: InvalidReturnType.
    DBG: Found Activity method IInvalidTelemetry.InvalidReturnType.
    DBG: Inferring tag: operationId.
    DBG: Generating Telemetry Names using class 'TelemetryNames'.
    
  Error output
failed Generate_GivenLogMethodReturningTaskOfInt_RaisesDiagnostic (6s 437ms)
  [Test Failure] VerifyException: Directory: P:\GitHub\kjldev\purview-telemetry-sourcegenerator\src\Purview.Telemetry.SourceGenerator.IntegrationTests\Snapshots
Delete:
  - TelemetrySourceGeneratorTests.Generate_GivenLogMethodReturningTaskOfInt_RaisesDiagnostic.verified.txt
Equal:
  - Received: TelemetrySourceGeneratorTests.Generate_GivenLogMethodReturningTaskOfInt_RaisesDiagnostic#ActivityAttribute.g.received.cs
    Verified: TelemetrySourceGeneratorTests.Generate_GivenLogMethodReturningTaskOfInt_RaisesDiagnostic#ActivityAttribute.g.verified.cs
  - Received: TelemetrySourceGeneratorTests.Generate_GivenLogMethodReturningTaskOfInt_RaisesDiagnostic#ActivitySourceAttribute.g.received.cs
    Verified: TelemetrySourceGeneratorTests.Generate_GivenLogMethodReturningTaskOfInt_RaisesDiagnostic#ActivitySourceAttribute.g.verified.cs
  - Received: TelemetrySourceGeneratorTests.Generate_GivenLogMethodReturningTaskOfInt_RaisesDiagnostic#ActivitySourceGenerationAttribute.g.received.cs
    Verified: TelemetrySourceGeneratorTests.Generate_GivenLogMethodReturningTaskOfInt_RaisesDiagnostic#ActivitySourceGenerationAttribute.g.verified.cs
  - Received: TelemetrySourceGeneratorTests.Generate_GivenLogMethodReturningTaskOfInt_RaisesDiagnostic#AutoCounterAttribute.g.received.cs
    Verified: TelemetrySourceGeneratorTests.Generate_GivenLogMethodReturningTaskOfInt_RaisesDiagnostic#AutoCounterAttribute.g.verified.cs
  - Received: TelemetrySourceGeneratorTests.Generate_GivenLogMethodReturningTaskOfInt_RaisesDiagnostic#BaggageAttribute.g.received.cs
    Verified: TelemetrySourceGeneratorTests.Generate_GivenLogMethodReturningTaskOfInt_RaisesDiagnostic#BaggageAttribute.g.verified.cs
  - Received: TelemetrySourceGeneratorTests.Generate_GivenLogMethodReturningTaskOfInt_RaisesDiagnostic#ContextAttribute.g.received.cs
    Verified: TelemetrySourceGeneratorTests.Generate_GivenLogMethodReturningTaskOfInt_RaisesDiagnostic#ContextAttribute.g.verified.cs
  - Received: TelemetrySourceGeneratorTests.Generate_GivenLogMethodReturningTaskOfInt_RaisesDiagnostic#CounterAttribute.g.received.cs
    Verified: TelemetrySourceGeneratorTests.Generate_GivenLogMethodReturningTaskOfInt_RaisesDiagnostic#CounterAttribute.g.verified.cs
  - Received: TelemetrySourceGeneratorTests.Generate_GivenLogMethodReturningTaskOfInt_RaisesDiagnostic#CriticalAttribute.g.received.cs
    Verified: TelemetrySourceGeneratorTests.Generate_GivenLogMethodReturningTaskOfInt_RaisesDiagnostic#CriticalAttribute.g.verified.cs
  - Received: TelemetrySourceGeneratorTests.Generate_GivenLogMethodReturningTaskOfInt_RaisesDiagnostic#DebugAttribute.g.received.cs
    Verified: TelemetrySourceGeneratorTests.Generate_GivenLogMethodReturningTaskOfInt_RaisesDiagnostic#DebugAttribute.g.verified.cs
  - Received: TelemetrySourceGeneratorTests.Generate_GivenLogMethodReturningTaskOfInt_RaisesDiagnostic#ErrorAttribute.g.received.cs
    Verified: TelemetrySourceGeneratorTests.Generate_GivenLogMethodReturningTaskOfInt_RaisesDiagnostic#ErrorAttribute.g.verified.cs
  - Received: TelemetrySourceGeneratorTests.Generate_GivenLogMethodReturningTaskOfInt_RaisesDiagnostic#EscapeAttribute.g.received.cs
    Verified: TelemetrySourceGeneratorTests.Generate_GivenLogMethodReturningTaskOfInt_RaisesDiagnostic#EscapeAttribute.g.verified.cs
  - Received: TelemetrySourceGeneratorTests.Generate_GivenLogMethodReturningTaskOfInt_RaisesDiagnostic#EventAttribute.g.received.cs
    Verified: TelemetrySourceGeneratorTests.Generate_GivenLogMethodReturningTaskOfInt_RaisesDiagnostic#EventAttribute.g.verified.cs
  - Received: TelemetrySourceGeneratorTests.Generate_GivenLogMethodReturningTaskOfInt_RaisesDiagnostic#ExcludeAttribute.g.received.cs
    Verified: TelemetrySourceGeneratorTests.Generate_GivenLogMethodReturningTaskOfInt_RaisesDiagnostic#ExcludeAttribute.g.verified.cs
  - Received: TelemetrySourceGeneratorTests.Generate_GivenLogMethodReturningTaskOfInt_RaisesDiagnostic#ExcludeTargetsAttribute.g.received.cs
    Verified: TelemetrySourceGeneratorTests.Generate_GivenLogMethodReturningTaskOfInt_RaisesDiagnostic#ExcludeTargetsAttribute.g.verified.cs
  - Received: TelemetrySourceGeneratorTests.Generate_GivenLogMethodReturningTaskOfInt_RaisesDiagnostic#ExpandEnumerableAttribute.g.received.cs
    Verified: TelemetrySourceGeneratorTests.Generate_GivenLogMethodReturningTaskOfInt_RaisesDiagnostic#ExpandEnumerableAttribute.g.verified.cs
  - Received: TelemetrySourceGeneratorTests.Generate_GivenLogMethodReturningTaskOfInt_RaisesDiagnostic#HistogramAttribute.g.received.cs
    Verified: TelemetrySourceGeneratorTests.Generate_GivenLogMethodReturningTaskOfInt_RaisesDiagnostic#HistogramAttribute.g.verified.cs
  - Received: TelemetrySourceGeneratorTests.Generate_GivenLogMethodReturningTaskOfInt_RaisesDiagnostic#InfoAttribute.g.received.cs
    Verified: TelemetrySourceGeneratorTests.Generate_GivenLogMethodReturningTaskOfInt_RaisesDiagnostic#InfoAttribute.g.verified.cs
  - Received: TelemetrySourceGeneratorTests.Generate_GivenLogMethodReturningTaskOfInt_RaisesDiagnostic#InstrumentMeasurementAttribute.g.received.cs
    Verified: TelemetrySourceGeneratorTests.Generate_GivenLogMethodReturningTaskOfInt_RaisesDiagnostic#InstrumentMeasurementAttribute.g.verified.cs
  - Received: TelemetrySourceGeneratorTests.Generate_GivenLogMethodReturningTaskOfInt_RaisesDiagnostic#LogAttribute.g.received.cs
    Verified: TelemetrySourceGeneratorTests.Generate_GivenLogMethodReturningTaskOfInt_RaisesDiagnostic#LogAttribute.g.verified.cs
  - Received: TelemetrySourceGeneratorTests.Generate_GivenLogMethodReturningTaskOfInt_RaisesDiagnostic#LoggerAttribute.g.received.cs
    Verified: TelemetrySourceGeneratorTests.Generate_GivenLogMethodReturningTaskOfInt_RaisesDiagnostic#LoggerAttribute.g.verified.cs
  - Received: TelemetrySourceGeneratorTests.Generate_GivenLogMethodReturningTaskOfInt_RaisesDiagnostic#LoggerGenerationAttribute.g.received.cs
    Verified: TelemetrySourceGeneratorTests.Generate_GivenLogMethodReturningTaskOfInt_RaisesDiagnostic#LoggerGenerationAttribute.g.verified.cs
  - Received: TelemetrySourceGeneratorTests.Generate_GivenLogMethodReturningTaskOfInt_RaisesDiagnostic#LoggerGenerationMode.g.received.cs
    Verified: TelemetrySourceGeneratorTests.Generate_GivenLogMethodReturningTaskOfInt_RaisesDiagnostic#LoggerGenerationMode.g.verified.cs
  - Received: TelemetrySourceGeneratorTests.Generate_GivenLogMethodReturningTaskOfInt_RaisesDiagnostic#LogPrefixType.g.received.cs
    Verified: TelemetrySourceGeneratorTests.Generate_GivenLogMethodReturningTaskOfInt_RaisesDiagnostic#LogPrefixType.g.verified.cs
  - Received: TelemetrySourceGeneratorTests.Generate_GivenLogMethodReturningTaskOfInt_RaisesDiagnostic#MeterAttribute.g.received.cs
    Verified: TelemetrySourceGeneratorTests.Generate_GivenLogMethodReturningTaskOfInt_RaisesDiagnostic#MeterAttribute.g.verified.cs
  - Received: TelemetrySourceGeneratorTests.Generate_GivenLogMethodReturningTaskOfInt_RaisesDiagnostic#MeterGenerationAttribute.g.received.cs
    Verified: TelemetrySourceGeneratorTests.Generate_GivenLogMethodReturningTaskOfInt_RaisesDiagnostic#MeterGenerationAttribute.g.verified.cs
  - Received: TelemetrySourceGeneratorTests.Generate_GivenLogMethodReturningTaskOfInt_RaisesDiagnostic#MeterNameGenerationType.g.received.cs
    Verified: TelemetrySourceGeneratorTests.Generate_GivenLogMethodReturningTaskOfInt_RaisesDiagnostic#MeterNameGenerationType.g.verified.cs
  - Received: TelemetrySourceGeneratorTests.Generate_GivenLogMethodReturningTaskOfInt_RaisesDiagnostic#NamingConvention.g.received.cs
    Verified: TelemetrySourceGeneratorTests.Generate_GivenLogMethodReturningTaskOfInt_RaisesDiagnostic#NamingConvention.g.verified.cs
  - Received: TelemetrySourceGeneratorTests.Generate_GivenLogMethodReturningTaskOfInt_RaisesDiagnostic#ObservableCounterAttribute.g.received.cs
    Verified: TelemetrySourceGeneratorTests.Generate_GivenLogMethodReturningTaskOfInt_RaisesDiagnostic#ObservableCounterAttribute.g.verified.cs
  - Received: TelemetrySourceGeneratorTests.Generate_GivenLogMethodReturningTaskOfInt_RaisesDiagnostic#ObservableGaugeAttribute.g.received.cs
    Verified: TelemetrySourceGeneratorTests.Generate_GivenLogMethodReturningTaskOfInt_RaisesDiagnostic#ObservableGaugeAttribute.g.verified.cs
  - Received: TelemetrySourceGeneratorTests.Generate_GivenLogMethodReturningTaskOfInt_RaisesDiagnostic#ObservableUpDownCounterAttribute.g.received.cs
    Verified: TelemetrySourceGeneratorTests.Generate_GivenLogMethodReturningTaskOfInt_RaisesDiagnostic#ObservableUpDownCounterAttribute.g.verified.cs
  - Received: TelemetrySourceGeneratorTests.Generate_GivenLogMethodReturningTaskOfInt_RaisesDiagnostic#StatusDescriptionAttribute.g.received.cs
    Verified: TelemetrySourceGeneratorTests.Generate_GivenLogMethodReturningTaskOfInt_RaisesDiagnostic#StatusDescriptionAttribute.g.verified.cs
  - Received: TelemetrySourceGeneratorTests.Generate_GivenLogMethodReturningTaskOfInt_RaisesDiagnostic#TagAttribute.g.received.cs
    Verified: TelemetrySourceGeneratorTests.Generate_GivenLogMethodReturningTaskOfInt_RaisesDiagnostic#TagAttribute.g.verified.cs
  - Received: TelemetrySourceGeneratorTests.Generate_GivenLogMethodReturningTaskOfInt_RaisesDiagnostic#Targets.g.received.cs
    Verified: TelemetrySourceGeneratorTests.Generate_GivenLogMethodReturningTaskOfInt_RaisesDiagnostic#Targets.g.verified.cs
  - Received: TelemetrySourceGeneratorTests.Generate_GivenLogMethodReturningTaskOfInt_RaisesDiagnostic#TelemetryGenerationAttribute.g.received.cs
    Verified: TelemetrySourceGeneratorTests.Generate_GivenLogMethodReturningTaskOfInt_RaisesDiagnostic#TelemetryGenerationAttribute.g.verified.cs
  - Received: TelemetrySourceGeneratorTests.Generate_GivenLogMethodReturningTaskOfInt_RaisesDiagnostic#Testing.InvalidTelemetryCore.Logging.g.received.cs
    Verified: TelemetrySourceGeneratorTests.Generate_GivenLogMethodReturningTaskOfInt_RaisesDiagnostic#Testing.InvalidTelemetryCore.Logging.g.verified.cs
  - Received: TelemetrySourceGeneratorTests.Generate_GivenLogMethodReturningTaskOfInt_RaisesDiagnostic#TraceAttribute.g.received.cs
    Verified: TelemetrySourceGeneratorTests.Generate_GivenLogMethodReturningTaskOfInt_RaisesDiagnostic#TraceAttribute.g.verified.cs
  - Received: TelemetrySourceGeneratorTests.Generate_GivenLogMethodReturningTaskOfInt_RaisesDiagnostic#UpDownCounterAttribute.g.received.cs
    Verified: TelemetrySourceGeneratorTests.Generate_GivenLogMethodReturningTaskOfInt_RaisesDiagnostic#UpDownCounterAttribute.g.verified.cs
  - Received: TelemetrySourceGeneratorTests.Generate_GivenLogMethodReturningTaskOfInt_RaisesDiagnostic#WarningAttribute.g.received.cs
    Verified: TelemetrySourceGeneratorTests.Generate_GivenLogMethodReturningTaskOfInt_RaisesDiagnostic#WarningAttribute.g.verified.cs

  from P:\GitHub\kjldev\purview-telemetry-sourcegenerator\src\Purview.Telemetry.SourceGenerator.IntegrationTests\bin\Release\net10.0\Purview.Telemetry.SourceGenerator.IntegrationTests.dll (net10.0|x64)
  TUnit.Engine.Exceptions.TestFailedException: [Test Failure] VerifyException: Directory: P:\GitHub\kjldev\purview-telemetry-sourcegenerator\src\Purview.Telemetry.SourceGenerator.IntegrationTests\Snapshots
  Delete:
    - TelemetrySourceGeneratorTests.Generate_GivenLogMethodReturningTaskOfInt_RaisesDiagnostic.verified.txt
  Equal:
    - Received: TelemetrySourceGeneratorTests.Generate_GivenLogMethodReturningTaskOfInt_RaisesDiagnostic#ActivityAttribute.g.received.cs
      Verified: TelemetrySourceGeneratorTests.Generate_GivenLogMethodReturningTaskOfInt_RaisesDiagnostic#ActivityAttribute.g.verified.cs
    - Received: TelemetrySourceGeneratorTests.Generate_GivenLogMethodReturningTaskOfInt_RaisesDiagnostic#ActivitySourceAttribute.g.received.cs
      Verified: TelemetrySourceGeneratorTests.Generate_GivenLogMethodReturningTaskOfInt_RaisesDiagnostic#ActivitySourceAttribute.g.verified.cs
    - Received: TelemetrySourceGeneratorTests.Generate_GivenLogMethodReturningTaskOfInt_RaisesDiagnostic#ActivitySourceGenerationAttribute.g.received.cs
      Verified: TelemetrySourceGeneratorTests.Generate_GivenLogMethodReturningTaskOfInt_RaisesDiagnostic#ActivitySourceGenerationAttribute.g.verified.cs
    - Received: TelemetrySourceGeneratorTests.Generate_GivenLogMethodReturningTaskOfInt_RaisesDiagnostic#AutoCounterAttribute.g.received.cs
      Verified: TelemetrySourceGeneratorTests.Generate_GivenLogMethodReturningTaskOfInt_RaisesDiagnostic#AutoCounterAttribute.g.verified.cs
    - Received: TelemetrySourceGeneratorTests.Generate_GivenLogMethodReturningTaskOfInt_RaisesDiagnostic#BaggageAttribute.g.received.cs
      Verified: TelemetrySourceGeneratorTests.Generate_GivenLogMethodReturningTaskOfInt_RaisesDiagnostic#BaggageAttribute.g.verified.cs
    - Received: TelemetrySourceGeneratorTests.Generate_GivenLogMethodReturningTaskOfInt_RaisesDiagnostic#ContextAttribute.g.received.cs
      Verified: TelemetrySourceGeneratorTests.Generate_GivenLogMethodReturningTaskOfInt_RaisesDiagnostic#ContextAttribute.g.verified.cs
    - Received: TelemetrySourceGeneratorTests.Generate_GivenLogMethodReturningTaskOfInt_RaisesDiagnostic#CounterAttribute.g.received.cs
      Verified: TelemetrySourceGeneratorTests.Generate_GivenLogMethodReturningTaskOfInt_RaisesDiagnostic#CounterAttribute.g.verified.cs
    - Received: TelemetrySourceGeneratorTests.Generate_GivenLogMethodReturningTaskOfInt_RaisesDiagnostic#CriticalAttribute.g.received.cs
      Verified: TelemetrySourceGeneratorTests.Generate_GivenLogMethodReturningTaskOfInt_RaisesDiagnostic#CriticalAttribute.g.verified.cs
    - Received: TelemetrySourceGeneratorTests.Generate_GivenLogMethodReturningTaskOfInt_RaisesDiagnostic#DebugAttribute.g.received.cs
      Verified: TelemetrySourceGeneratorTests.Generate_GivenLogMethodReturningTaskOfInt_RaisesDiagnostic#DebugAttribute.g.verified.cs
    - Received: TelemetrySourceGeneratorTests.Generate_GivenLogMethodReturningTaskOfInt_RaisesDiagnostic#ErrorAttribute.g.received.cs
      Verified: TelemetrySourceGeneratorTests.Generate_GivenLogMethodReturningTaskOfInt_RaisesDiagnostic#ErrorAttribute.g.verified.cs
    - Received: TelemetrySourceGeneratorTests.Generate_GivenLogMethodReturningTaskOfInt_RaisesDiagnostic#EscapeAttribute.g.received.cs
      Verified: TelemetrySourceGeneratorTests.Generate_GivenLogMethodReturningTaskOfInt_RaisesDiagnostic#EscapeAttribute.g.verified.cs
    - Received: TelemetrySourceGeneratorTests.Generate_GivenLogMethodReturningTaskOfInt_RaisesDiagnostic#EventAttribute.g.received.cs
      Verified: TelemetrySourceGeneratorTests.Generate_GivenLogMethodReturningTaskOfInt_RaisesDiagnostic#EventAttribute.g.verified.cs
    - Received: TelemetrySourceGeneratorTests.Generate_GivenLogMethodReturningTaskOfInt_RaisesDiagnostic#ExcludeAttribute.g.received.cs
      Verified: TelemetrySourceGeneratorTests.Generate_GivenLogMethodReturningTaskOfInt_RaisesDiagnostic#ExcludeAttribute.g.verified.cs
    - Received: TelemetrySourceGeneratorTests.Generate_GivenLogMethodReturningTaskOfInt_RaisesDiagnostic#ExcludeTargetsAttribute.g.received.cs
      Verified: TelemetrySourceGeneratorTests.Generate_GivenLogMethodReturningTaskOfInt_RaisesDiagnostic#ExcludeTargetsAttribute.g.verified.cs
    - Received: TelemetrySourceGeneratorTests.Generate_GivenLogMethodReturningTaskOfInt_RaisesDiagnostic#ExpandEnumerableAttribute.g.received.cs
      Verified: TelemetrySourceGeneratorTests.Generate_GivenLogMethodReturningTaskOfInt_RaisesDiagnostic#ExpandEnumerableAttribute.g.verified.cs
    - Received: TelemetrySourceGeneratorTests.Generate_GivenLogMethodReturningTaskOfInt_RaisesDiagnostic#HistogramAttribute.g.received.cs
      Verified: TelemetrySourceGeneratorTests.Generate_GivenLogMethodReturningTaskOfInt_RaisesDiagnostic#HistogramAttribute.g.verified.cs
    - Received: TelemetrySourceGeneratorTests.Generate_GivenLogMethodReturningTaskOfInt_RaisesDiagnostic#InfoAttribute.g.received.cs
      Verified: TelemetrySourceGeneratorTests.Generate_GivenLogMethodReturningTaskOfInt_RaisesDiagnostic#InfoAttribute.g.verified.cs
    - Received: TelemetrySourceGeneratorTests.Generate_GivenLogMethodReturningTaskOfInt_RaisesDiagnostic#InstrumentMeasurementAttribute.g.received.cs
      Verified: TelemetrySourceGeneratorTests.Generate_GivenLogMethodReturningTaskOfInt_RaisesDiagnostic#InstrumentMeasurementAttribute.g.verified.cs
    - Received: TelemetrySourceGeneratorTests.Generate_GivenLogMethodReturningTaskOfInt_RaisesDiagnostic#LogAttribute.g.received.cs
      Verified: TelemetrySourceGeneratorTests.Generate_GivenLogMethodReturningTaskOfInt_RaisesDiagnostic#LogAttribute.g.verified.cs
    - Received: TelemetrySourceGeneratorTests.Generate_GivenLogMethodReturningTaskOfInt_RaisesDiagnostic#LoggerAttribute.g.received.cs
      Verified: TelemetrySourceGeneratorTests.Generate_GivenLogMethodReturningTaskOfInt_RaisesDiagnostic#LoggerAttribute.g.verified.cs
    - Received: TelemetrySourceGeneratorTests.Generate_GivenLogMethodReturningTaskOfInt_RaisesDiagnostic#LoggerGenerationAttribute.g.received.cs
      Verified: TelemetrySourceGeneratorTests.Generate_GivenLogMethodReturningTaskOfInt_RaisesDiagnostic#LoggerGenerationAttribute.g.verified.cs
    - Received: TelemetrySourceGeneratorTests.Generate_GivenLogMethodReturningTaskOfInt_RaisesDiagnostic#LoggerGenerationMode.g.received.cs
      Verified: TelemetrySourceGeneratorTests.Generate_GivenLogMethodReturningTaskOfInt_RaisesDiagnostic#LoggerGenerationMode.g.verified.cs
    - Received: TelemetrySourceGeneratorTests.Generate_GivenLogMethodReturningTaskOfInt_RaisesDiagnostic#LogPrefixType.g.received.cs
      Verified: TelemetrySourceGeneratorTests.Generate_GivenLogMethodReturningTaskOfInt_RaisesDiagnostic#LogPrefixType.g.verified.cs
    - Received: TelemetrySourceGeneratorTests.Generate_GivenLogMethodReturningTaskOfInt_RaisesDiagnostic#MeterAttribute.g.received.cs
      Verified: TelemetrySourceGeneratorTests.Generate_GivenLogMethodReturningTaskOfInt_RaisesDiagnostic#MeterAttribute.g.verified.cs
    - Received: TelemetrySourceGeneratorTests.Generate_GivenLogMethodReturningTaskOfInt_RaisesDiagnostic#MeterGenerationAttribute.g.received.cs
      Verified: TelemetrySourceGeneratorTests.Generate_GivenLogMethodReturningTaskOfInt_RaisesDiagnostic#MeterGenerationAttribute.g.verified.cs
    - Received: TelemetrySourceGeneratorTests.Generate_GivenLogMethodReturningTaskOfInt_RaisesDiagnostic#MeterNameGenerationType.g.received.cs
      Verified: TelemetrySourceGeneratorTests.Generate_GivenLogMethodReturningTaskOfInt_RaisesDiagnostic#MeterNameGenerationType.g.verified.cs
    - Received: TelemetrySourceGeneratorTests.Generate_GivenLogMethodReturningTaskOfInt_RaisesDiagnostic#NamingConvention.g.received.cs
      Verified: TelemetrySourceGeneratorTests.Generate_GivenLogMethodReturningTaskOfInt_RaisesDiagnostic#NamingConvention.g.verified.cs
    - Received: TelemetrySourceGeneratorTests.Generate_GivenLogMethodReturningTaskOfInt_RaisesDiagnostic#ObservableCounterAttribute.g.received.cs
      Verified: TelemetrySourceGeneratorTests.Generate_GivenLogMethodReturningTaskOfInt_RaisesDiagnostic#ObservableCounterAttribute.g.verified.cs
    - Received: TelemetrySourceGeneratorTests.Generate_GivenLogMethodReturningTaskOfInt_RaisesDiagnostic#ObservableGaugeAttribute.g.received.cs
      Verified: TelemetrySourceGeneratorTests.Generate_GivenLogMethodReturningTaskOfInt_RaisesDiagnostic#ObservableGaugeAttribute.g.verified.cs
    - Received: TelemetrySourceGeneratorTests.Generate_GivenLogMethodReturningTaskOfInt_RaisesDiagnostic#ObservableUpDownCounterAttribute.g.received.cs
      Verified: TelemetrySourceGeneratorTests.Generate_GivenLogMethodReturningTaskOfInt_RaisesDiagnostic#ObservableUpDownCounterAttribute.g.verified.cs
    - Received: TelemetrySourceGeneratorTests.Generate_GivenLogMethodReturningTaskOfInt_RaisesDiagnostic#StatusDescriptionAttribute.g.received.cs
      Verified: TelemetrySourceGeneratorTests.Generate_GivenLogMethodReturningTaskOfInt_RaisesDiagnostic#StatusDescriptionAttribute.g.verified.cs
    - Received: TelemetrySourceGeneratorTests.Generate_GivenLogMethodReturningTaskOfInt_RaisesDiagnostic#TagAttribute.g.received.cs
      Verified: TelemetrySourceGeneratorTests.Generate_GivenLogMethodReturningTaskOfInt_RaisesDiagnostic#TagAttribute.g.verified.cs
    - Received: TelemetrySourceGeneratorTests.Generate_GivenLogMethodReturningTaskOfInt_RaisesDiagnostic#Targets.g.received.cs
      Verified: TelemetrySourceGeneratorTests.Generate_GivenLogMethodReturningTaskOfInt_RaisesDiagnostic#Targets.g.verified.cs
    - Received: TelemetrySourceGeneratorTests.Generate_GivenLogMethodReturningTaskOfInt_RaisesDiagnostic#TelemetryGenerationAttribute.g.received.cs
      Verified: TelemetrySourceGeneratorTests.Generate_GivenLogMethodReturningTaskOfInt_RaisesDiagnostic#TelemetryGenerationAttribute.g.verified.cs
    - Received: TelemetrySourceGeneratorTests.Generate_GivenLogMethodReturningTaskOfInt_RaisesDiagnostic#Testing.InvalidTelemetryCore.Logging.g.received.cs
      Verified: TelemetrySourceGeneratorTests.Generate_GivenLogMethodReturningTaskOfInt_RaisesDiagnostic#Testing.InvalidTelemetryCore.Logging.g.verified.cs
    - Received: TelemetrySourceGeneratorTests.Generate_GivenLogMethodReturningTaskOfInt_RaisesDiagnostic#TraceAttribute.g.received.cs
      Verified: TelemetrySourceGeneratorTests.Generate_GivenLogMethodReturningTaskOfInt_RaisesDiagnostic#TraceAttribute.g.verified.cs
    - Received: TelemetrySourceGeneratorTests.Generate_GivenLogMethodReturningTaskOfInt_RaisesDiagnostic#UpDownCounterAttribute.g.received.cs
      Verified: TelemetrySourceGeneratorTests.Generate_GivenLogMethodReturningTaskOfInt_RaisesDiagnostic#UpDownCounterAttribute.g.verified.cs
    - Received: TelemetrySourceGeneratorTests.Generate_GivenLogMethodReturningTaskOfInt_RaisesDiagnostic#WarningAttribute.g.received.cs
      Verified: TelemetrySourceGeneratorTests.Generate_GivenLogMethodReturningTaskOfInt_RaisesDiagnostic#WarningAttribute.g.verified.cs
  
  Standard output
    DBG: --- Adding templates.
    DBG: Adding ActivitySourceGenerationAttribute as ActivitySourceGenerationAttribute.g.cs.
    DBG: Adding ActivitySourceAttribute as ActivitySourceAttribute.g.cs.
    DBG: Adding ActivityAttribute as ActivityAttribute.g.cs.
    DBG: Adding EventAttribute as EventAttribute.g.cs.
    DBG: Adding ContextAttribute as ContextAttribute.g.cs.
    DBG: Adding BaggageAttribute as BaggageAttribute.g.cs.
    DBG: Adding EscapeAttribute as EscapeAttribute.g.cs.
    DBG: Adding StatusDescriptionAttribute as StatusDescriptionAttribute.g.cs.
    DBG: Adding LoggerGenerationAttribute as LoggerGenerationAttribute.g.cs.
    DBG: Adding LoggerAttribute as LoggerAttribute.g.cs.
    DBG: Adding LogAttribute as LogAttribute.g.cs.
    DBG: Adding LogPrefixType as LogPrefixType.g.cs.
    DBG: Adding LoggerGenerationMode as LoggerGenerationMode.g.cs.
    DBG: Adding ExpandEnumerableAttribute as ExpandEnumerableAttribute.g.cs.
    DBG: Adding TraceAttribute as TraceAttribute.g.cs.
    DBG: Adding DebugAttribute as DebugAttribute.g.cs.
    DBG: Adding InfoAttribute as InfoAttribute.g.cs.
    DBG: Adding WarningAttribute as WarningAttribute.g.cs.
    DBG: Adding ErrorAttribute as ErrorAttribute.g.cs.
    DBG: Adding CriticalAttribute as CriticalAttribute.g.cs.
    DBG: Adding MeterGenerationAttribute as MeterGenerationAttribute.g.cs.
    DBG: Adding MeterAttribute as MeterAttribute.g.cs.
    DBG: Adding MeterNameGenerationType as MeterNameGenerationType.g.cs.
    DBG: Adding InstrumentMeasurementAttribute as InstrumentMeasurementAttribute.g.cs.
    DBG: Adding AutoCounterAttribute as AutoCounterAttribute.g.cs.
    DBG: Adding CounterAttribute as CounterAttribute.g.cs.
    DBG: Adding UpDownCounterAttribute as UpDownCounterAttribute.g.cs.
    DBG: Adding HistogramAttribute as HistogramAttribute.g.cs.
    DBG: Adding ObservableCounterAttribute as ObservableCounterAttribute.g.cs.
    DBG: Adding ObservableGaugeAttribute as ObservableGaugeAttribute.g.cs.
    DBG: Adding ObservableUpDownCounterAttribute as ObservableUpDownCounterAttribute.g.cs.
    DBG: Adding TagAttribute as TagAttribute.g.cs.
    DBG: Adding ExcludeAttribute as ExcludeAttribute.g.cs.
    DBG: Adding TelemetryGenerationAttribute as TelemetryGenerationAttribute.g.cs.
    DBG: Adding Targets as Targets.g.cs.
    DBG: Adding NamingConvention as NamingConvention.g.cs.
    DBG: Adding ExcludeTargetsAttribute as ExcludeTargetsAttribute.g.cs.
    DBG: --- Finished adding templates.
    DBG: Found attribute: Purview.Telemetry.LoggerAttribute
    DBG: Found attribute: Purview.Telemetry.TelemetryGenerationAttribute(GenerateDependencyExtension = false)
    DBG: Found method IInvalidTelemetry.InvalidAsyncReturnType.
    DIA: Log method InvalidAsyncReturnType must return void or IDisposable (for scoped logs), but returns System.Threading.Tasks.Task<int>.
    DBG: Logger generation target: Testing.InvalidTelemetryCore
    DBG: Generating MS Gen-based logging class for: Testing.InvalidTelemetryCore
    DBG: Skipping dependency injection emit.
    
  Error output
failed Generate_GivenDuplicateMultiTargetMethodNames_GeneratesDiagnostic(LoggerOnly) (6s 452ms)
  [Test Failure] VerifyException: Directory: P:\GitHub\kjldev\purview-telemetry-sourcegenerator\src\Purview.Telemetry.SourceGenerator.IntegrationTests\Snapshots
Delete:
  - TelemetrySourceGeneratorTests.Generate_GivenDuplicateMultiTargetMethodNames_GeneratesDiagnostic_CAqe1ChVnvYCZotMAPEU8aEcP2sCpDXwvcFUV45NfyI.verified.txt
Equal:
  - Received: TelemetrySourceGeneratorTests.Generate_GivenDuplicateMultiTargetMethodNames_GeneratesDiagnostic_CAqe1ChVnvYCZotMAPEU8aEcP2sCpDXwvcFUV45NfyI#ActivityAttribute.g.received.cs
    Verified: TelemetrySourceGeneratorTests.Generate_GivenDuplicateMultiTargetMethodNames_GeneratesDiagnostic_CAqe1ChVnvYCZotMAPEU8aEcP2sCpDXwvcFUV45NfyI#ActivityAttribute.g.verified.cs
  - Received: TelemetrySourceGeneratorTests.Generate_GivenDuplicateMultiTargetMethodNames_GeneratesDiagnostic_CAqe1ChVnvYCZotMAPEU8aEcP2sCpDXwvcFUV45NfyI#ActivitySourceAttribute.g.received.cs
    Verified: TelemetrySourceGeneratorTests.Generate_GivenDuplicateMultiTargetMethodNames_GeneratesDiagnostic_CAqe1ChVnvYCZotMAPEU8aEcP2sCpDXwvcFUV45NfyI#ActivitySourceAttribute.g.verified.cs
  - Received: TelemetrySourceGeneratorTests.Generate_GivenDuplicateMultiTargetMethodNames_GeneratesDiagnostic_CAqe1ChVnvYCZotMAPEU8aEcP2sCpDXwvcFUV45NfyI#ActivitySourceGenerationAttribute.g.received.cs
    Verified: TelemetrySourceGeneratorTests.Generate_GivenDuplicateMultiTargetMethodNames_GeneratesDiagnostic_CAqe1ChVnvYCZotMAPEU8aEcP2sCpDXwvcFUV45NfyI#ActivitySourceGenerationAttribute.g.verified.cs
  - Received: TelemetrySourceGeneratorTests.Generate_GivenDuplicateMultiTargetMethodNames_GeneratesDiagnostic_CAqe1ChVnvYCZotMAPEU8aEcP2sCpDXwvcFUV45NfyI#AutoCounterAttribute.g.received.cs
    Verified: TelemetrySourceGeneratorTests.Generate_GivenDuplicateMultiTargetMethodNames_GeneratesDiagnostic_CAqe1ChVnvYCZotMAPEU8aEcP2sCpDXwvcFUV45NfyI#AutoCounterAttribute.g.verified.cs
  - Received: TelemetrySourceGeneratorTests.Generate_GivenDuplicateMultiTargetMethodNames_GeneratesDiagnostic_CAqe1ChVnvYCZotMAPEU8aEcP2sCpDXwvcFUV45NfyI#BaggageAttribute.g.received.cs
    Verified: TelemetrySourceGeneratorTests.Generate_GivenDuplicateMultiTargetMethodNames_GeneratesDiagnostic_CAqe1ChVnvYCZotMAPEU8aEcP2sCpDXwvcFUV45NfyI#BaggageAttribute.g.verified.cs
  - Received: TelemetrySourceGeneratorTests.Generate_GivenDuplicateMultiTargetMethodNames_GeneratesDiagnostic_CAqe1ChVnvYCZotMAPEU8aEcP2sCpDXwvcFUV45NfyI#ContextAttribute.g.received.cs
    Verified: TelemetrySourceGeneratorTests.Generate_GivenDuplicateMultiTargetMethodNames_GeneratesDiagnostic_CAqe1ChVnvYCZotMAPEU8aEcP2sCpDXwvcFUV45NfyI#ContextAttribute.g.verified.cs
  - Received: TelemetrySourceGeneratorTests.Generate_GivenDuplicateMultiTargetMethodNames_GeneratesDiagnostic_CAqe1ChVnvYCZotMAPEU8aEcP2sCpDXwvcFUV45NfyI#CounterAttribute.g.received.cs
    Verified: TelemetrySourceGeneratorTests.Generate_GivenDuplicateMultiTargetMethodNames_GeneratesDiagnostic_CAqe1ChVnvYCZotMAPEU8aEcP2sCpDXwvcFUV45NfyI#CounterAttribute.g.verified.cs
  - Received: TelemetrySourceGeneratorTests.Generate_GivenDuplicateMultiTargetMethodNames_GeneratesDiagnostic_CAqe1ChVnvYCZotMAPEU8aEcP2sCpDXwvcFUV45NfyI#CriticalAttribute.g.received.cs
    Verified: TelemetrySourceGeneratorTests.Generate_GivenDuplicateMultiTargetMethodNames_GeneratesDiagnostic_CAqe1ChVnvYCZotMAPEU8aEcP2sCpDXwvcFUV45NfyI#CriticalAttribute.g.verified.cs
  - Received: TelemetrySourceGeneratorTests.Generate_GivenDuplicateMultiTargetMethodNames_GeneratesDiagnostic_CAqe1ChVnvYCZotMAPEU8aEcP2sCpDXwvcFUV45NfyI#DebugAttribute.g.received.cs
    Verified: TelemetrySourceGeneratorTests.Generate_GivenDuplicateMultiTargetMethodNames_GeneratesDiagnostic_CAqe1ChVnvYCZotMAPEU8aEcP2sCpDXwvcFUV45NfyI#DebugAttribute.g.verified.cs
  - Received: TelemetrySourceGeneratorTests.Generate_GivenDuplicateMultiTargetMethodNames_GeneratesDiagnostic_CAqe1ChVnvYCZotMAPEU8aEcP2sCpDXwvcFUV45NfyI#ErrorAttribute.g.received.cs
    Verified: TelemetrySourceGeneratorTests.Generate_GivenDuplicateMultiTargetMethodNames_GeneratesDiagnostic_CAqe1ChVnvYCZotMAPEU8aEcP2sCpDXwvcFUV45NfyI#ErrorAttribute.g.verified.cs
  - Received: TelemetrySourceGeneratorTests.Generate_GivenDuplicateMultiTargetMethodNames_GeneratesDiagnostic_CAqe1ChVnvYCZotMAPEU8aEcP2sCpDXwvcFUV45NfyI#EscapeAttribute.g.received.cs
    Verified: TelemetrySourceGeneratorTests.Generate_GivenDuplicateMultiTargetMethodNames_GeneratesDiagnostic_CAqe1ChVnvYCZotMAPEU8aEcP2sCpDXwvcFUV45NfyI#EscapeAttribute.g.verified.cs
  - Received: TelemetrySourceGeneratorTests.Generate_GivenDuplicateMultiTargetMethodNames_GeneratesDiagnostic_CAqe1ChVnvYCZotMAPEU8aEcP2sCpDXwvcFUV45NfyI#EventAttribute.g.received.cs
    Verified: TelemetrySourceGeneratorTests.Generate_GivenDuplicateMultiTargetMethodNames_GeneratesDiagnostic_CAqe1ChVnvYCZotMAPEU8aEcP2sCpDXwvcFUV45NfyI#EventAttribute.g.verified.cs
  - Received: TelemetrySourceGeneratorTests.Generate_GivenDuplicateMultiTargetMethodNames_GeneratesDiagnostic_CAqe1ChVnvYCZotMAPEU8aEcP2sCpDXwvcFUV45NfyI#ExcludeAttribute.g.received.cs
    Verified: TelemetrySourceGeneratorTests.Generate_GivenDuplicateMultiTargetMethodNames_GeneratesDiagnostic_CAqe1ChVnvYCZotMAPEU8aEcP2sCpDXwvcFUV45NfyI#ExcludeAttribute.g.verified.cs
  - Received: TelemetrySourceGeneratorTests.Generate_GivenDuplicateMultiTargetMethodNames_GeneratesDiagnostic_CAqe1ChVnvYCZotMAPEU8aEcP2sCpDXwvcFUV45NfyI#ExcludeTargetsAttribute.g.received.cs
    Verified: TelemetrySourceGeneratorTests.Generate_GivenDuplicateMultiTargetMethodNames_GeneratesDiagnostic_CAqe1ChVnvYCZotMAPEU8aEcP2sCpDXwvcFUV45NfyI#ExcludeTargetsAttribute.g.verified.cs
  - Received: TelemetrySourceGeneratorTests.Generate_GivenDuplicateMultiTargetMethodNames_GeneratesDiagnostic_CAqe1ChVnvYCZotMAPEU8aEcP2sCpDXwvcFUV45NfyI#ExpandEnumerableAttribute.g.received.cs
    Verified: TelemetrySourceGeneratorTests.Generate_GivenDuplicateMultiTargetMethodNames_GeneratesDiagnostic_CAqe1ChVnvYCZotMAPEU8aEcP2sCpDXwvcFUV45NfyI#ExpandEnumerableAttribute.g.verified.cs
  - Received: TelemetrySourceGeneratorTests.Generate_GivenDuplicateMultiTargetMethodNames_GeneratesDiagnostic_CAqe1ChVnvYCZotMAPEU8aEcP2sCpDXwvcFUV45NfyI#HistogramAttribute.g.received.cs
    Verified: TelemetrySourceGeneratorTests.Generate_GivenDuplicateMultiTargetMethodNames_GeneratesDiagnostic_CAqe1ChVnvYCZotMAPEU8aEcP2sCpDXwvcFUV45NfyI#HistogramAttribute.g.verified.cs
  - Received: TelemetrySourceGeneratorTests.Generate_GivenDuplicateMultiTargetMethodNames_GeneratesDiagnostic_CAqe1ChVnvYCZotMAPEU8aEcP2sCpDXwvcFUV45NfyI#InfoAttribute.g.received.cs
    Verified: TelemetrySourceGeneratorTests.Generate_GivenDuplicateMultiTargetMethodNames_GeneratesDiagnostic_CAqe1ChVnvYCZotMAPEU8aEcP2sCpDXwvcFUV45NfyI#InfoAttribute.g.verified.cs
  - Received: TelemetrySourceGeneratorTests.Generate_GivenDuplicateMultiTargetMethodNames_GeneratesDiagnostic_CAqe1ChVnvYCZotMAPEU8aEcP2sCpDXwvcFUV45NfyI#InstrumentMeasurementAttribute.g.received.cs
    Verified: TelemetrySourceGeneratorTests.Generate_GivenDuplicateMultiTargetMethodNames_GeneratesDiagnostic_CAqe1ChVnvYCZotMAPEU8aEcP2sCpDXwvcFUV45NfyI#InstrumentMeasurementAttribute.g.verified.cs
  - Received: TelemetrySourceGeneratorTests.Generate_GivenDuplicateMultiTargetMethodNames_GeneratesDiagnostic_CAqe1ChVnvYCZotMAPEU8aEcP2sCpDXwvcFUV45NfyI#LogAttribute.g.received.cs
    Verified: TelemetrySourceGeneratorTests.Generate_GivenDuplicateMultiTargetMethodNames_GeneratesDiagnostic_CAqe1ChVnvYCZotMAPEU8aEcP2sCpDXwvcFUV45NfyI#LogAttribute.g.verified.cs
  - Received: TelemetrySourceGeneratorTests.Generate_GivenDuplicateMultiTargetMethodNames_GeneratesDiagnostic_CAqe1ChVnvYCZotMAPEU8aEcP2sCpDXwvcFUV45NfyI#LoggerAttribute.g.received.cs
    Verified: TelemetrySourceGeneratorTests.Generate_GivenDuplicateMultiTargetMethodNames_GeneratesDiagnostic_CAqe1ChVnvYCZotMAPEU8aEcP2sCpDXwvcFUV45NfyI#LoggerAttribute.g.verified.cs
  - Received: TelemetrySourceGeneratorTests.Generate_GivenDuplicateMultiTargetMethodNames_GeneratesDiagnostic_CAqe1ChVnvYCZotMAPEU8aEcP2sCpDXwvcFUV45NfyI#LoggerGenerationAttribute.g.received.cs
    Verified: TelemetrySourceGeneratorTests.Generate_GivenDuplicateMultiTargetMethodNames_GeneratesDiagnostic_CAqe1ChVnvYCZotMAPEU8aEcP2sCpDXwvcFUV45NfyI#LoggerGenerationAttribute.g.verified.cs
  - Received: TelemetrySourceGeneratorTests.Generate_GivenDuplicateMultiTargetMethodNames_GeneratesDiagnostic_CAqe1ChVnvYCZotMAPEU8aEcP2sCpDXwvcFUV45NfyI#LoggerGenerationMode.g.received.cs
    Verified: TelemetrySourceGeneratorTests.Generate_GivenDuplicateMultiTargetMethodNames_GeneratesDiagnostic_CAqe1ChVnvYCZotMAPEU8aEcP2sCpDXwvcFUV45NfyI#LoggerGenerationMode.g.verified.cs
  - Received: TelemetrySourceGeneratorTests.Generate_GivenDuplicateMultiTargetMethodNames_GeneratesDiagnostic_CAqe1ChVnvYCZotMAPEU8aEcP2sCpDXwvcFUV45NfyI#LogPrefixType.g.received.cs
    Verified: TelemetrySourceGeneratorTests.Generate_GivenDuplicateMultiTargetMethodNames_GeneratesDiagnostic_CAqe1ChVnvYCZotMAPEU8aEcP2sCpDXwvcFUV45NfyI#LogPrefixType.g.verified.cs
  - Received: TelemetrySourceGeneratorTests.Generate_GivenDuplicateMultiTargetMethodNames_GeneratesDiagnostic_CAqe1ChVnvYCZotMAPEU8aEcP2sCpDXwvcFUV45NfyI#MeterAttribute.g.received.cs
    Verified: TelemetrySourceGeneratorTests.Generate_GivenDuplicateMultiTargetMethodNames_GeneratesDiagnostic_CAqe1ChVnvYCZotMAPEU8aEcP2sCpDXwvcFUV45NfyI#MeterAttribute.g.verified.cs
  - Received: TelemetrySourceGeneratorTests.Generate_GivenDuplicateMultiTargetMethodNames_GeneratesDiagnostic_CAqe1ChVnvYCZotMAPEU8aEcP2sCpDXwvcFUV45NfyI#MeterGenerationAttribute.g.received.cs
    Verified: TelemetrySourceGeneratorTests.Generate_GivenDuplicateMultiTargetMethodNames_GeneratesDiagnostic_CAqe1ChVnvYCZotMAPEU8aEcP2sCpDXwvcFUV45NfyI#MeterGenerationAttribute.g.verified.cs
  - Received: TelemetrySourceGeneratorTests.Generate_GivenDuplicateMultiTargetMethodNames_GeneratesDiagnostic_CAqe1ChVnvYCZotMAPEU8aEcP2sCpDXwvcFUV45NfyI#MeterNameGenerationType.g.received.cs
    Verified: TelemetrySourceGeneratorTests.Generate_GivenDuplicateMultiTargetMethodNames_GeneratesDiagnostic_CAqe1ChVnvYCZotMAPEU8aEcP2sCpDXwvcFUV45NfyI#MeterNameGenerationType.g.verified.cs
  - Received: TelemetrySourceGeneratorTests.Generate_GivenDuplicateMultiTargetMethodNames_GeneratesDiagnostic_CAqe1ChVnvYCZotMAPEU8aEcP2sCpDXwvcFUV45NfyI#NamingConvention.g.received.cs
    Verified: TelemetrySourceGeneratorTests.Generate_GivenDuplicateMultiTargetMethodNames_GeneratesDiagnostic_CAqe1ChVnvYCZotMAPEU8aEcP2sCpDXwvcFUV45NfyI#NamingConvention.g.verified.cs
  - Received: TelemetrySourceGeneratorTests.Generate_GivenDuplicateMultiTargetMethodNames_GeneratesDiagnostic_CAqe1ChVnvYCZotMAPEU8aEcP2sCpDXwvcFUV45NfyI#ObservableCounterAttribute.g.received.cs
    Verified: TelemetrySourceGeneratorTests.Generate_GivenDuplicateMultiTargetMethodNames_GeneratesDiagnostic_CAqe1ChVnvYCZotMAPEU8aEcP2sCpDXwvcFUV45NfyI#ObservableCounterAttribute.g.verified.cs
  - Received: TelemetrySourceGeneratorTests.Generate_GivenDuplicateMultiTargetMethodNames_GeneratesDiagnostic_CAqe1ChVnvYCZotMAPEU8aEcP2sCpDXwvcFUV45NfyI#ObservableGaugeAttribute.g.received.cs
    Verified: TelemetrySourceGeneratorTests.Generate_GivenDuplicateMultiTargetMethodNames_GeneratesDiagnostic_CAqe1ChVnvYCZotMAPEU8aEcP2sCpDXwvcFUV45NfyI#ObservableGaugeAttribute.g.verified.cs
  - Received: TelemetrySourceGeneratorTests.Generate_GivenDuplicateMultiTargetMethodNames_GeneratesDiagnostic_CAqe1ChVnvYCZotMAPEU8aEcP2sCpDXwvcFUV45NfyI#ObservableUpDownCounterAttribute.g.received.cs
    Verified: TelemetrySourceGeneratorTests.Generate_GivenDuplicateMultiTargetMethodNames_GeneratesDiagnostic_CAqe1ChVnvYCZotMAPEU8aEcP2sCpDXwvcFUV45NfyI#ObservableUpDownCounterAttribute.g.verified.cs
  - Received: TelemetrySourceGeneratorTests.Generate_GivenDuplicateMultiTargetMethodNames_GeneratesDiagnostic_CAqe1ChVnvYCZotMAPEU8aEcP2sCpDXwvcFUV45NfyI#Purview.Telemetry.SourceGenerator.TelemetryNames.g.received.cs
    Verified: TelemetrySourceGeneratorTests.Generate_GivenDuplicateMultiTargetMethodNames_GeneratesDiagnostic_CAqe1ChVnvYCZotMAPEU8aEcP2sCpDXwvcFUV45NfyI#Purview.Telemetry.SourceGenerator.TelemetryNames.g.verified.cs
  - Received: TelemetrySourceGeneratorTests.Generate_GivenDuplicateMultiTargetMethodNames_GeneratesDiagnostic_CAqe1ChVnvYCZotMAPEU8aEcP2sCpDXwvcFUV45NfyI#StatusDescriptionAttribute.g.received.cs
    Verified: TelemetrySourceGeneratorTests.Generate_GivenDuplicateMultiTargetMethodNames_GeneratesDiagnostic_CAqe1ChVnvYCZotMAPEU8aEcP2sCpDXwvcFUV45NfyI#StatusDescriptionAttribute.g.verified.cs
  - Received: TelemetrySourceGeneratorTests.Generate_GivenDuplicateMultiTargetMethodNames_GeneratesDiagnostic_CAqe1ChVnvYCZotMAPEU8aEcP2sCpDXwvcFUV45NfyI#TagAttribute.g.received.cs
    Verified: TelemetrySourceGeneratorTests.Generate_GivenDuplicateMultiTargetMethodNames_GeneratesDiagnostic_CAqe1ChVnvYCZotMAPEU8aEcP2sCpDXwvcFUV45NfyI#TagAttribute.g.verified.cs
  - Received: TelemetrySourceGeneratorTests.Generate_GivenDuplicateMultiTargetMethodNames_GeneratesDiagnostic_CAqe1ChVnvYCZotMAPEU8aEcP2sCpDXwvcFUV45NfyI#Targets.g.received.cs
    Verified: TelemetrySourceGeneratorTests.Generate_GivenDuplicateMultiTargetMethodNames_GeneratesDiagnostic_CAqe1ChVnvYCZotMAPEU8aEcP2sCpDXwvcFUV45NfyI#Targets.g.verified.cs
  - Received: TelemetrySourceGeneratorTests.Generate_GivenDuplicateMultiTargetMethodNames_GeneratesDiagnostic_CAqe1ChVnvYCZotMAPEU8aEcP2sCpDXwvcFUV45NfyI#TelemetryGenerationAttribute.g.received.cs
    Verified: TelemetrySourceGeneratorTests.Generate_GivenDuplicateMultiTargetMethodNames_GeneratesDiagnostic_CAqe1ChVnvYCZotMAPEU8aEcP2sCpDXwvcFUV45NfyI#TelemetryGenerationAttribute.g.verified.cs
  - Received: TelemetrySourceGeneratorTests.Generate_GivenDuplicateMultiTargetMethodNames_GeneratesDiagnostic_CAqe1ChVnvYCZotMAPEU8aEcP2sCpDXwvcFUV45NfyI#TestTelemetryCore.Activity.g.received.cs
    Verified: TelemetrySourceGeneratorTests.Generate_GivenDuplicateMultiTargetMethodNames_GeneratesDiagnostic_CAqe1ChVnvYCZotMAPEU8aEcP2sCpDXwvcFUV45NfyI#TestTelemetryCore.Activity.g.verified.cs
  - Received: TelemetrySourceGeneratorTests.Generate_GivenDuplicateMultiTargetMethodNames_GeneratesDiagnostic_CAqe1ChVnvYCZotMAPEU8aEcP2sCpDXwvcFUV45NfyI#TestTelemetryCore.Logging.g.received.cs
    Verified: TelemetrySourceGeneratorTests.Generate_GivenDuplicateMultiTargetMethodNames_GeneratesDiagnostic_CAqe1ChVnvYCZotMAPEU8aEcP2sCpDXwvcFUV45NfyI#TestTelemetryCore.Logging.g.verified.cs
  - Received: TelemetrySourceGeneratorTests.Generate_GivenDuplicateMultiTargetMethodNames_GeneratesDiagnostic_CAqe1ChVnvYCZotMAPEU8aEcP2sCpDXwvcFUV45NfyI#TestTelemetryCore.Metric.g.received.cs
    Verified: TelemetrySourceGeneratorTests.Generate_GivenDuplicateMultiTargetMethodNames_GeneratesDiagnostic_CAqe1ChVnvYCZotMAPEU8aEcP2sCpDXwvcFUV45NfyI#TestTelemetryCore.Metric.g.verified.cs
  - Received: TelemetrySourceGeneratorTests.Generate_GivenDuplicateMultiTargetMethodNames_GeneratesDiagnostic_CAqe1ChVnvYCZotMAPEU8aEcP2sCpDXwvcFUV45NfyI#TraceAttribute.g.received.cs
    Verified: TelemetrySourceGeneratorTests.Generate_GivenDuplicateMultiTargetMethodNames_GeneratesDiagnostic_CAqe1ChVnvYCZotMAPEU8aEcP2sCpDXwvcFUV45NfyI#TraceAttribute.g.verified.cs
  - Received: TelemetrySourceGeneratorTests.Generate_GivenDuplicateMultiTargetMethodNames_GeneratesDiagnostic_CAqe1ChVnvYCZotMAPEU8aEcP2sCpDXwvcFUV45NfyI#UpDownCounterAttribute.g.received.cs
    Verified: TelemetrySourceGeneratorTests.Generate_GivenDuplicateMultiTargetMethodNames_GeneratesDiagnostic_CAqe1ChVnvYCZotMAPEU8aEcP2sCpDXwvcFUV45NfyI#UpDownCounterAttribute.g.verified.cs
  - Received: TelemetrySourceGeneratorTests.Generate_GivenDuplicateMultiTargetMethodNames_GeneratesDiagnostic_CAqe1ChVnvYCZotMAPEU8aEcP2sCpDXwvcFUV45NfyI#WarningAttribute.g.received.cs
    Verified: TelemetrySourceGeneratorTests.Generate_GivenDuplicateMultiTargetMethodNames_GeneratesDiagnostic_CAqe1ChVnvYCZotMAPEU8aEcP2sCpDXwvcFUV45NfyI#WarningAttribute.g.verified.cs

  from P:\GitHub\kjldev\purview-telemetry-sourcegenerator\src\Purview.Telemetry.SourceGenerator.IntegrationTests\bin\Release\net10.0\Purview.Telemetry.SourceGenerator.IntegrationTests.dll (net10.0|x64)
  TUnit.Engine.Exceptions.TestFailedException: [Test Failure] VerifyException: Directory: P:\GitHub\kjldev\purview-telemetry-sourcegenerator\src\Purview.Telemetry.SourceGenerator.IntegrationTests\Snapshots
  Delete:
    - TelemetrySourceGeneratorTests.Generate_GivenDuplicateMultiTargetMethodNames_GeneratesDiagnostic_CAqe1ChVnvYCZotMAPEU8aEcP2sCpDXwvcFUV45NfyI.verified.txt
  Equal:
    - Received: TelemetrySourceGeneratorTests.Generate_GivenDuplicateMultiTargetMethodNames_GeneratesDiagnostic_CAqe1ChVnvYCZotMAPEU8aEcP2sCpDXwvcFUV45NfyI#ActivityAttribute.g.received.cs
      Verified: TelemetrySourceGeneratorTests.Generate_GivenDuplicateMultiTargetMethodNames_GeneratesDiagnostic_CAqe1ChVnvYCZotMAPEU8aEcP2sCpDXwvcFUV45NfyI#ActivityAttribute.g.verified.cs
    - Received: TelemetrySourceGeneratorTests.Generate_GivenDuplicateMultiTargetMethodNames_GeneratesDiagnostic_CAqe1ChVnvYCZotMAPEU8aEcP2sCpDXwvcFUV45NfyI#ActivitySourceAttribute.g.received.cs
      Verified: TelemetrySourceGeneratorTests.Generate_GivenDuplicateMultiTargetMethodNames_GeneratesDiagnostic_CAqe1ChVnvYCZotMAPEU8aEcP2sCpDXwvcFUV45NfyI#ActivitySourceAttribute.g.verified.cs
    - Received: TelemetrySourceGeneratorTests.Generate_GivenDuplicateMultiTargetMethodNames_GeneratesDiagnostic_CAqe1ChVnvYCZotMAPEU8aEcP2sCpDXwvcFUV45NfyI#ActivitySourceGenerationAttribute.g.received.cs
      Verified: TelemetrySourceGeneratorTests.Generate_GivenDuplicateMultiTargetMethodNames_GeneratesDiagnostic_CAqe1ChVnvYCZotMAPEU8aEcP2sCpDXwvcFUV45NfyI#ActivitySourceGenerationAttribute.g.verified.cs
    - Received: TelemetrySourceGeneratorTests.Generate_GivenDuplicateMultiTargetMethodNames_GeneratesDiagnostic_CAqe1ChVnvYCZotMAPEU8aEcP2sCpDXwvcFUV45NfyI#AutoCounterAttribute.g.received.cs
      Verified: TelemetrySourceGeneratorTests.Generate_GivenDuplicateMultiTargetMethodNames_GeneratesDiagnostic_CAqe1ChVnvYCZotMAPEU8aEcP2sCpDXwvcFUV45NfyI#AutoCounterAttribute.g.verified.cs
    - Received: TelemetrySourceGeneratorTests.Generate_GivenDuplicateMultiTargetMethodNames_GeneratesDiagnostic_CAqe1ChVnvYCZotMAPEU8aEcP2sCpDXwvcFUV45NfyI#BaggageAttribute.g.received.cs
      Verified: TelemetrySourceGeneratorTests.Generate_GivenDuplicateMultiTargetMethodNames_GeneratesDiagnostic_CAqe1ChVnvYCZotMAPEU8aEcP2sCpDXwvcFUV45NfyI#BaggageAttribute.g.verified.cs
    - Received: TelemetrySourceGeneratorTests.Generate_GivenDuplicateMultiTargetMethodNames_GeneratesDiagnostic_CAqe1ChVnvYCZotMAPEU8aEcP2sCpDXwvcFUV45NfyI#ContextAttribute.g.received.cs
      Verified: TelemetrySourceGeneratorTests.Generate_GivenDuplicateMultiTargetMethodNames_GeneratesDiagnostic_CAqe1ChVnvYCZotMAPEU8aEcP2sCpDXwvcFUV45NfyI#ContextAttribute.g.verified.cs
    - Received: TelemetrySourceGeneratorTests.Generate_GivenDuplicateMultiTargetMethodNames_GeneratesDiagnostic_CAqe1ChVnvYCZotMAPEU8aEcP2sCpDXwvcFUV45NfyI#CounterAttribute.g.received.cs
      Verified: TelemetrySourceGeneratorTests.Generate_GivenDuplicateMultiTargetMethodNames_GeneratesDiagnostic_CAqe1ChVnvYCZotMAPEU8aEcP2sCpDXwvcFUV45NfyI#CounterAttribute.g.verified.cs
    - Received: TelemetrySourceGeneratorTests.Generate_GivenDuplicateMultiTargetMethodNames_GeneratesDiagnostic_CAqe1ChVnvYCZotMAPEU8aEcP2sCpDXwvcFUV45NfyI#CriticalAttribute.g.received.cs
      Verified: TelemetrySourceGeneratorTests.Generate_GivenDuplicateMultiTargetMethodNames_GeneratesDiagnostic_CAqe1ChVnvYCZotMAPEU8aEcP2sCpDXwvcFUV45NfyI#CriticalAttribute.g.verified.cs
    - Received: TelemetrySourceGeneratorTests.Generate_GivenDuplicateMultiTargetMethodNames_GeneratesDiagnostic_CAqe1ChVnvYCZotMAPEU8aEcP2sCpDXwvcFUV45NfyI#DebugAttribute.g.received.cs
      Verified: TelemetrySourceGeneratorTests.Generate_GivenDuplicateMultiTargetMethodNames_GeneratesDiagnostic_CAqe1ChVnvYCZotMAPEU8aEcP2sCpDXwvcFUV45NfyI#DebugAttribute.g.verified.cs
    - Received: TelemetrySourceGeneratorTests.Generate_GivenDuplicateMultiTargetMethodNames_GeneratesDiagnostic_CAqe1ChVnvYCZotMAPEU8aEcP2sCpDXwvcFUV45NfyI#ErrorAttribute.g.received.cs
      Verified: TelemetrySourceGeneratorTests.Generate_GivenDuplicateMultiTargetMethodNames_GeneratesDiagnostic_CAqe1ChVnvYCZotMAPEU8aEcP2sCpDXwvcFUV45NfyI#ErrorAttribute.g.verified.cs
    - Received: TelemetrySourceGeneratorTests.Generate_GivenDuplicateMultiTargetMethodNames_GeneratesDiagnostic_CAqe1ChVnvYCZotMAPEU8aEcP2sCpDXwvcFUV45NfyI#EscapeAttribute.g.received.cs
      Verified: TelemetrySourceGeneratorTests.Generate_GivenDuplicateMultiTargetMethodNames_GeneratesDiagnostic_CAqe1ChVnvYCZotMAPEU8aEcP2sCpDXwvcFUV45NfyI#EscapeAttribute.g.verified.cs
    - Received: TelemetrySourceGeneratorTests.Generate_GivenDuplicateMultiTargetMethodNames_GeneratesDiagnostic_CAqe1ChVnvYCZotMAPEU8aEcP2sCpDXwvcFUV45NfyI#EventAttribute.g.received.cs
      Verified: TelemetrySourceGeneratorTests.Generate_GivenDuplicateMultiTargetMethodNames_GeneratesDiagnostic_CAqe1ChVnvYCZotMAPEU8aEcP2sCpDXwvcFUV45NfyI#EventAttribute.g.verified.cs
    - Received: TelemetrySourceGeneratorTests.Generate_GivenDuplicateMultiTargetMethodNames_GeneratesDiagnostic_CAqe1ChVnvYCZotMAPEU8aEcP2sCpDXwvcFUV45NfyI#ExcludeAttribute.g.received.cs
      Verified: TelemetrySourceGeneratorTests.Generate_GivenDuplicateMultiTargetMethodNames_GeneratesDiagnostic_CAqe1ChVnvYCZotMAPEU8aEcP2sCpDXwvcFUV45NfyI#ExcludeAttribute.g.verified.cs
    - Received: TelemetrySourceGeneratorTests.Generate_GivenDuplicateMultiTargetMethodNames_GeneratesDiagnostic_CAqe1ChVnvYCZotMAPEU8aEcP2sCpDXwvcFUV45NfyI#ExcludeTargetsAttribute.g.received.cs
      Verified: TelemetrySourceGeneratorTests.Generate_GivenDuplicateMultiTargetMethodNames_GeneratesDiagnostic_CAqe1ChVnvYCZotMAPEU8aEcP2sCpDXwvcFUV45NfyI#ExcludeTargetsAttribute.g.verified.cs
    - Received: TelemetrySourceGeneratorTests.Generate_GivenDuplicateMultiTargetMethodNames_GeneratesDiagnostic_CAqe1ChVnvYCZotMAPEU8aEcP2sCpDXwvcFUV45NfyI#ExpandEnumerableAttribute.g.received.cs
      Verified: TelemetrySourceGeneratorTests.Generate_GivenDuplicateMultiTargetMethodNames_GeneratesDiagnostic_CAqe1ChVnvYCZotMAPEU8aEcP2sCpDXwvcFUV45NfyI#ExpandEnumerableAttribute.g.verified.cs
    - Received: TelemetrySourceGeneratorTests.Generate_GivenDuplicateMultiTargetMethodNames_GeneratesDiagnostic_CAqe1ChVnvYCZotMAPEU8aEcP2sCpDXwvcFUV45NfyI#HistogramAttribute.g.received.cs
      Verified: TelemetrySourceGeneratorTests.Generate_GivenDuplicateMultiTargetMethodNames_GeneratesDiagnostic_CAqe1ChVnvYCZotMAPEU8aEcP2sCpDXwvcFUV45NfyI#HistogramAttribute.g.verified.cs
    - Received: TelemetrySourceGeneratorTests.Generate_GivenDuplicateMultiTargetMethodNames_GeneratesDiagnostic_CAqe1ChVnvYCZotMAPEU8aEcP2sCpDXwvcFUV45NfyI#InfoAttribute.g.received.cs
      Verified: TelemetrySourceGeneratorTests.Generate_GivenDuplicateMultiTargetMethodNames_GeneratesDiagnostic_CAqe1ChVnvYCZotMAPEU8aEcP2sCpDXwvcFUV45NfyI#InfoAttribute.g.verified.cs
    - Received: TelemetrySourceGeneratorTests.Generate_GivenDuplicateMultiTargetMethodNames_GeneratesDiagnostic_CAqe1ChVnvYCZotMAPEU8aEcP2sCpDXwvcFUV45NfyI#InstrumentMeasurementAttribute.g.received.cs
      Verified: TelemetrySourceGeneratorTests.Generate_GivenDuplicateMultiTargetMethodNames_GeneratesDiagnostic_CAqe1ChVnvYCZotMAPEU8aEcP2sCpDXwvcFUV45NfyI#InstrumentMeasurementAttribute.g.verified.cs
    - Received: TelemetrySourceGeneratorTests.Generate_GivenDuplicateMultiTargetMethodNames_GeneratesDiagnostic_CAqe1ChVnvYCZotMAPEU8aEcP2sCpDXwvcFUV45NfyI#LogAttribute.g.received.cs
      Verified: TelemetrySourceGeneratorTests.Generate_GivenDuplicateMultiTargetMethodNames_GeneratesDiagnostic_CAqe1ChVnvYCZotMAPEU8aEcP2sCpDXwvcFUV45NfyI#LogAttribute.g.verified.cs
    - Received: TelemetrySourceGeneratorTests.Generate_GivenDuplicateMultiTargetMethodNames_GeneratesDiagnostic_CAqe1ChVnvYCZotMAPEU8aEcP2sCpDXwvcFUV45NfyI#LoggerAttribute.g.received.cs
      Verified: TelemetrySourceGeneratorTests.Generate_GivenDuplicateMultiTargetMethodNames_GeneratesDiagnostic_CAqe1ChVnvYCZotMAPEU8aEcP2sCpDXwvcFUV45NfyI#LoggerAttribute.g.verified.cs
    - Received: TelemetrySourceGeneratorTests.Generate_GivenDuplicateMultiTargetMethodNames_GeneratesDiagnostic_CAqe1ChVnvYCZotMAPEU8aEcP2sCpDXwvcFUV45NfyI#LoggerGenerationAttribute.g.received.cs
      Verified: TelemetrySourceGeneratorTests.Generate_GivenDuplicateMultiTargetMethodNames_GeneratesDiagnostic_CAqe1ChVnvYCZotMAPEU8aEcP2sCpDXwvcFUV45NfyI#LoggerGenerationAttribute.g.verified.cs
    - Received: TelemetrySourceGeneratorTests.Generate_GivenDuplicateMultiTargetMethodNames_GeneratesDiagnostic_CAqe1ChVnvYCZotMAPEU8aEcP2sCpDXwvcFUV45NfyI#LoggerGenerationMode.g.received.cs
      Verified: TelemetrySourceGeneratorTests.Generate_GivenDuplicateMultiTargetMethodNames_GeneratesDiagnostic_CAqe1ChVnvYCZotMAPEU8aEcP2sCpDXwvcFUV45NfyI#LoggerGenerationMode.g.verified.cs
    - Received: TelemetrySourceGeneratorTests.Generate_GivenDuplicateMultiTargetMethodNames_GeneratesDiagnostic_CAqe1ChVnvYCZotMAPEU8aEcP2sCpDXwvcFUV45NfyI#LogPrefixType.g.received.cs
      Verified: TelemetrySourceGeneratorTests.Generate_GivenDuplicateMultiTargetMethodNames_GeneratesDiagnostic_CAqe1ChVnvYCZotMAPEU8aEcP2sCpDXwvcFUV45NfyI#LogPrefixType.g.verified.cs
    - Received: TelemetrySourceGeneratorTests.Generate_GivenDuplicateMultiTargetMethodNames_GeneratesDiagnostic_CAqe1ChVnvYCZotMAPEU8aEcP2sCpDXwvcFUV45NfyI#MeterAttribute.g.received.cs
      Verified: TelemetrySourceGeneratorTests.Generate_GivenDuplicateMultiTargetMethodNames_GeneratesDiagnostic_CAqe1ChVnvYCZotMAPEU8aEcP2sCpDXwvcFUV45NfyI#MeterAttribute.g.verified.cs
    - Received: TelemetrySourceGeneratorTests.Generate_GivenDuplicateMultiTargetMethodNames_GeneratesDiagnostic_CAqe1ChVnvYCZotMAPEU8aEcP2sCpDXwvcFUV45NfyI#MeterGenerationAttribute.g.received.cs
      Verified: TelemetrySourceGeneratorTests.Generate_GivenDuplicateMultiTargetMethodNames_GeneratesDiagnostic_CAqe1ChVnvYCZotMAPEU8aEcP2sCpDXwvcFUV45NfyI#MeterGenerationAttribute.g.verified.cs
    - Received: TelemetrySourceGeneratorTests.Generate_GivenDuplicateMultiTargetMethodNames_GeneratesDiagnostic_CAqe1ChVnvYCZotMAPEU8aEcP2sCpDXwvcFUV45NfyI#MeterNameGenerationType.g.received.cs
      Verified: TelemetrySourceGeneratorTests.Generate_GivenDuplicateMultiTargetMethodNames_GeneratesDiagnostic_CAqe1ChVnvYCZotMAPEU8aEcP2sCpDXwvcFUV45NfyI#MeterNameGenerationType.g.verified.cs
    - Received: TelemetrySourceGeneratorTests.Generate_GivenDuplicateMultiTargetMethodNames_GeneratesDiagnostic_CAqe1ChVnvYCZotMAPEU8aEcP2sCpDXwvcFUV45NfyI#NamingConvention.g.received.cs
      Verified: TelemetrySourceGeneratorTests.Generate_GivenDuplicateMultiTargetMethodNames_GeneratesDiagnostic_CAqe1ChVnvYCZotMAPEU8aEcP2sCpDXwvcFUV45NfyI#NamingConvention.g.verified.cs
    - Received: TelemetrySourceGeneratorTests.Generate_GivenDuplicateMultiTargetMethodNames_GeneratesDiagnostic_CAqe1ChVnvYCZotMAPEU8aEcP2sCpDXwvcFUV45NfyI#ObservableCounterAttribute.g.received.cs
      Verified: TelemetrySourceGeneratorTests.Generate_GivenDuplicateMultiTargetMethodNames_GeneratesDiagnostic_CAqe1ChVnvYCZotMAPEU8aEcP2sCpDXwvcFUV45NfyI#ObservableCounterAttribute.g.verified.cs
    - Received: TelemetrySourceGeneratorTests.Generate_GivenDuplicateMultiTargetMethodNames_GeneratesDiagnostic_CAqe1ChVnvYCZotMAPEU8aEcP2sCpDXwvcFUV45NfyI#ObservableGaugeAttribute.g.received.cs
      Verified: TelemetrySourceGeneratorTests.Generate_GivenDuplicateMultiTargetMethodNames_GeneratesDiagnostic_CAqe1ChVnvYCZotMAPEU8aEcP2sCpDXwvcFUV45NfyI#ObservableGaugeAttribute.g.verified.cs
    - Received: TelemetrySourceGeneratorTests.Generate_GivenDuplicateMultiTargetMethodNames_GeneratesDiagnostic_CAqe1ChVnvYCZotMAPEU8aEcP2sCpDXwvcFUV45NfyI#ObservableUpDownCounterAttribute.g.received.cs
      Verified: TelemetrySourceGeneratorTests.Generate_GivenDuplicateMultiTargetMethodNames_GeneratesDiagnostic_CAqe1ChVnvYCZotMAPEU8aEcP2sCpDXwvcFUV45NfyI#ObservableUpDownCounterAttribute.g.verified.cs
    - Received: TelemetrySourceGeneratorTests.Generate_GivenDuplicateMultiTargetMethodNames_GeneratesDiagnostic_CAqe1ChVnvYCZotMAPEU8aEcP2sCpDXwvcFUV45NfyI#Purview.Telemetry.SourceGenerator.TelemetryNames.g.received.cs
      Verified: TelemetrySourceGeneratorTests.Generate_GivenDuplicateMultiTargetMethodNames_GeneratesDiagnostic_CAqe1ChVnvYCZotMAPEU8aEcP2sCpDXwvcFUV45NfyI#Purview.Telemetry.SourceGenerator.TelemetryNames.g.verified.cs
    - Received: TelemetrySourceGeneratorTests.Generate_GivenDuplicateMultiTargetMethodNames_GeneratesDiagnostic_CAqe1ChVnvYCZotMAPEU8aEcP2sCpDXwvcFUV45NfyI#StatusDescriptionAttribute.g.received.cs
      Verified: TelemetrySourceGeneratorTests.Generate_GivenDuplicateMultiTargetMethodNames_GeneratesDiagnostic_CAqe1ChVnvYCZotMAPEU8aEcP2sCpDXwvcFUV45NfyI#StatusDescriptionAttribute.g.verified.cs
    - Received: TelemetrySourceGeneratorTests.Generate_GivenDuplicateMultiTargetMethodNames_GeneratesDiagnostic_CAqe1ChVnvYCZotMAPEU8aEcP2sCpDXwvcFUV45NfyI#TagAttribute.g.received.cs
      Verified: TelemetrySourceGeneratorTests.Generate_GivenDuplicateMultiTargetMethodNames_GeneratesDiagnostic_CAqe1ChVnvYCZotMAPEU8aEcP2sCpDXwvcFUV45NfyI#TagAttribute.g.verified.cs
    - Received: TelemetrySourceGeneratorTests.Generate_GivenDuplicateMultiTargetMethodNames_GeneratesDiagnostic_CAqe1ChVnvYCZotMAPEU8aEcP2sCpDXwvcFUV45NfyI#Targets.g.received.cs
      Verified: TelemetrySourceGeneratorTests.Generate_GivenDuplicateMultiTargetMethodNames_GeneratesDiagnostic_CAqe1ChVnvYCZotMAPEU8aEcP2sCpDXwvcFUV45NfyI#Targets.g.verified.cs
    - Received: TelemetrySourceGeneratorTests.Generate_GivenDuplicateMultiTargetMethodNames_GeneratesDiagnostic_CAqe1ChVnvYCZotMAPEU8aEcP2sCpDXwvcFUV45NfyI#TelemetryGenerationAttribute.g.received.cs
      Verified: TelemetrySourceGeneratorTests.Generate_GivenDuplicateMultiTargetMethodNames_GeneratesDiagnostic_CAqe1ChVnvYCZotMAPEU8aEcP2sCpDXwvcFUV45NfyI#TelemetryGenerationAttribute.g.verified.cs
    - Received: TelemetrySourceGeneratorTests.Generate_GivenDuplicateMultiTargetMethodNames_GeneratesDiagnostic_CAqe1ChVnvYCZotMAPEU8aEcP2sCpDXwvcFUV45NfyI#TestTelemetryCore.Activity.g.received.cs
      Verified: TelemetrySourceGeneratorTests.Generate_GivenDuplicateMultiTargetMethodNames_GeneratesDiagnostic_CAqe1ChVnvYCZotMAPEU8aEcP2sCpDXwvcFUV45NfyI#TestTelemetryCore.Activity.g.verified.cs
    - Received: TelemetrySourceGeneratorTests.Generate_GivenDuplicateMultiTargetMethodNames_GeneratesDiagnostic_CAqe1ChVnvYCZotMAPEU8aEcP2sCpDXwvcFUV45NfyI#TestTelemetryCore.Logging.g.received.cs
      Verified: TelemetrySourceGeneratorTests.Generate_GivenDuplicateMultiTargetMethodNames_GeneratesDiagnostic_CAqe1ChVnvYCZotMAPEU8aEcP2sCpDXwvcFUV45NfyI#TestTelemetryCore.Logging.g.verified.cs
    - Received: TelemetrySourceGeneratorTests.Generate_GivenDuplicateMultiTargetMethodNames_GeneratesDiagnostic_CAqe1ChVnvYCZotMAPEU8aEcP2sCpDXwvcFUV45NfyI#TestTelemetryCore.Metric.g.received.cs
      Verified: TelemetrySourceGeneratorTests.Generate_GivenDuplicateMultiTargetMethodNames_GeneratesDiagnostic_CAqe1ChVnvYCZotMAPEU8aEcP2sCpDXwvcFUV45NfyI#TestTelemetryCore.Metric.g.verified.cs
    - Received: TelemetrySourceGeneratorTests.Generate_GivenDuplicateMultiTargetMethodNames_GeneratesDiagnostic_CAqe1ChVnvYCZotMAPEU8aEcP2sCpDXwvcFUV45NfyI#TraceAttribute.g.received.cs
      Verified: TelemetrySourceGeneratorTests.Generate_GivenDuplicateMultiTargetMethodNames_GeneratesDiagnostic_CAqe1ChVnvYCZotMAPEU8aEcP2sCpDXwvcFUV45NfyI#TraceAttribute.g.verified.cs
    - Received: TelemetrySourceGeneratorTests.Generate_GivenDuplicateMultiTargetMethodNames_GeneratesDiagnostic_CAqe1ChVnvYCZotMAPEU8aEcP2sCpDXwvcFUV45NfyI#UpDownCounterAttribute.g.received.cs
      Verified: TelemetrySourceGeneratorTests.Generate_GivenDuplicateMultiTargetMethodNames_GeneratesDiagnostic_CAqe1ChVnvYCZotMAPEU8aEcP2sCpDXwvcFUV45NfyI#UpDownCounterAttribute.g.verified.cs
    - Received: TelemetrySourceGeneratorTests.Generate_GivenDuplicateMultiTargetMethodNames_GeneratesDiagnostic_CAqe1ChVnvYCZotMAPEU8aEcP2sCpDXwvcFUV45NfyI#WarningAttribute.g.received.cs
      Verified: TelemetrySourceGeneratorTests.Generate_GivenDuplicateMultiTargetMethodNames_GeneratesDiagnostic_CAqe1ChVnvYCZotMAPEU8aEcP2sCpDXwvcFUV45NfyI#WarningAttribute.g.verified.cs
  
  Standard output
    DBG: --- Adding templates.
    DBG: Adding ActivitySourceGenerationAttribute as ActivitySourceGenerationAttribute.g.cs.
    DBG: Adding ActivitySourceAttribute as ActivitySourceAttribute.g.cs.
    DBG: Adding ActivityAttribute as ActivityAttribute.g.cs.
    DBG: Adding EventAttribute as EventAttribute.g.cs.
    DBG: Adding ContextAttribute as ContextAttribute.g.cs.
    DBG: Adding BaggageAttribute as BaggageAttribute.g.cs.
    DBG: Adding EscapeAttribute as EscapeAttribute.g.cs.
    DBG: Adding StatusDescriptionAttribute as StatusDescriptionAttribute.g.cs.
    DBG: Adding LoggerGenerationAttribute as LoggerGenerationAttribute.g.cs.
    DBG: Adding LoggerAttribute as LoggerAttribute.g.cs.
    DBG: Adding LogAttribute as LogAttribute.g.cs.
    DBG: Adding LogPrefixType as LogPrefixType.g.cs.
    DBG: Adding LoggerGenerationMode as LoggerGenerationMode.g.cs.
    DBG: Adding ExpandEnumerableAttribute as ExpandEnumerableAttribute.g.cs.
    DBG: Adding TraceAttribute as TraceAttribute.g.cs.
    DBG: Adding DebugAttribute as DebugAttribute.g.cs.
    DBG: Adding InfoAttribute as InfoAttribute.g.cs.
    DBG: Adding WarningAttribute as WarningAttribute.g.cs.
    DBG: Adding ErrorAttribute as ErrorAttribute.g.cs.
    DBG: Adding CriticalAttribute as CriticalAttribute.g.cs.
    DBG: Adding MeterGenerationAttribute as MeterGenerationAttribute.g.cs.
    DBG: Adding MeterAttribute as MeterAttribute.g.cs.
    DBG: Adding MeterNameGenerationType as MeterNameGenerationType.g.cs.
    DBG: Adding InstrumentMeasurementAttribute as InstrumentMeasurementAttribute.g.cs.
    DBG: Adding AutoCounterAttribute as AutoCounterAttribute.g.cs.
    DBG: Adding CounterAttribute as CounterAttribute.g.cs.
    DBG: Adding UpDownCounterAttribute as UpDownCounterAttribute.g.cs.
    DBG: Adding HistogramAttribute as HistogramAttribute.g.cs.
    DBG: Adding ObservableCounterAttribute as ObservableCounterAttribute.g.cs.
    DBG: Adding ObservableGaugeAttribute as ObservableGaugeAttribute.g.cs.
    DBG: Adding ObservableUpDownCounterAttribute as ObservableUpDownCounterAttribute.g.cs.
    DBG: Adding TagAttribute as TagAttribute.g.cs.
    DBG: Adding ExcludeAttribute as ExcludeAttribute.g.cs.
    DBG: Adding TelemetryGenerationAttribute as TelemetryGenerationAttribute.g.cs.
    DBG: Adding Targets as Targets.g.cs.
    DBG: Adding NamingConvention as NamingConvention.g.cs.
    DBG: Adding ExcludeTargetsAttribute as ExcludeTargetsAttribute.g.cs.
    DBG: --- Finished adding templates.
    DBG: Found attribute: Purview.Telemetry.ActivitySourceAttribute("activity-source")
    DBG: Found attribute: Purview.Telemetry.TelemetryGenerationAttribute(GenerateDependencyExtension = false)
    DBG: Found attribute: Purview.Telemetry.ActivityAttribute
    DBG: Found explicit activity: DuplicateMethodName.
    DBG: Found Activity method ITestTelemetry.DuplicateMethodName.
    DBG: Found explicit baggage: stringParam.
    DBG: Found attribute: Purview.Telemetry.BaggageAttribute
    DBG: Found explicit tag: intParam.
    DBG: Found attribute: Purview.Telemetry.TagAttribute
    DBG: Inferring tag: boolParam.
    DBG: Found attribute: Purview.Telemetry.EventAttribute(System.Diagnostics.ActivityStatusCode.Unset)
    DBG: Found explicit event: DuplicateMethodName.
    DBG: Found Event method ITestTelemetry.DuplicateMethodName.
    DBG: Inferring tag: stringParam.
    DBG: Found explicit context: DuplicateMethodName.
    DBG: Found Context method ITestTelemetry.DuplicateMethodName.
    DBG: Inferring tag: intParam.
    DBG: Defaulting to activity: DuplicateMethodName.
    DBG: Found Activity method ITestTelemetry.DuplicateMethodName.
    DBG: Inferring tag: stringParam.
    DBG: Inferring tag: intParam.
    DBG: Inferring tag: objectParam.
    DBG: Defaulting to activity: DuplicateMethodName.
    DBG: Found Activity method ITestTelemetry.DuplicateMethodName.
    DBG: Defaulting to activity: DuplicateMethodName.
    DBG: Found Activity method ITestTelemetry.DuplicateMethodName.
    DBG: Inferring tag: stringParam.
    DBG: Inferring tag: intParam.
    DBG: Inferring tag: uintParam.
    DBG: Defaulting to activity: DuplicateMethodName.
    DBG: Found Activity method ITestTelemetry.DuplicateMethodName.
    DBG: Inferring tag: measurementValue.
    DBG: Activity generation target: TestTelemetryCore
    DBG: Generating activity class for: TestTelemetryCore
    DBG: Generating RecordExceptionInternal.
    DBG: Skipping dependency injection emit.
    DBG: Found attribute: Purview.Telemetry.LoggerAttribute
    DBG: Found attribute: Purview.Telemetry.TelemetryGenerationAttribute(GenerateDependencyExtension = false)
    DBG: Skipping ITestTelemetry.DuplicateMethodName from logging - no explicit Logging attribute on multi-target interface.
    DBG: Skipping ITestTelemetry.DuplicateMethodName from logging - no explicit Logging attribute on multi-target interface.
    DBG: Skipping ITestTelemetry.DuplicateMethodName from logging - no explicit Logging attribute on multi-target interface.
    DBG: Found attribute: Purview.Telemetry.LogAttribute
    DBG: Found method ITestTelemetry.DuplicateMethodName.
    DBG: Found 3 parameter(s) for DuplicateMethodName.
    DBG: Found attribute: Purview.Telemetry.LogAttribute
    DBG: Found attribute: Purview.Telemetry.LogAttribute
    DBG: Found method ITestTelemetry.DuplicateMethodName.
    DBG: Found 0 parameter(s) for DuplicateMethodName.
    DBG: Found attribute: Purview.Telemetry.LogAttribute
    DBG: Skipping ITestTelemetry.DuplicateMethodName from logging - no explicit Logging attribute on multi-target interface.
    DBG: Skipping ITestTelemetry.DuplicateMethodName from logging - no explicit Logging attribute on multi-target interface.
    DBG: Logger generation target: TestTelemetryCore
    DBG: Generating MS Gen-based logging class for: TestTelemetryCore
    DBG: Building logging method: DuplicateMethodName
    DBG: Building logging method: DuplicateMethodName
    DBG: Building logging method: DuplicateMethodName
    DBG: Building logging method: DuplicateMethodName
    DBG: Skipping dependency injection emit.
    DBG: Found attribute: Purview.Telemetry.MeterAttribute
    DBG: Found attribute: Purview.Telemetry.TelemetryGenerationAttribute(GenerateDependencyExtension = false)
    DBG: Found possible instrument method ITestTelemetry.DuplicateMethodName.
    DBG: Unable to match parameter stringParam, inferring tag.
    DBG: Found explicit tag: intParam.
    DBG: Found attribute: Purview.Telemetry.TagAttribute
    DBG: Unable to match parameter boolParam, inferring tag.
    DBG: Found possible instrument method ITestTelemetry.DuplicateMethodName.
    DBG: Skipping Activity-related parameter 'activity' from metrics.
    DBG: Unable to match parameter stringParam, inferring tag.
    DBG: Found possible instrument method ITestTelemetry.DuplicateMethodName.
    DBG: Skipping Activity-related parameter 'activity' from metrics.
    DBG: Found valid instrument type: int
    DBG: Found possible instrument method ITestTelemetry.DuplicateMethodName.
    DBG: Unable to match parameter stringParam, inferring tag.
    DBG: Found valid instrument type: int
    DBG: Unable to match parameter objectParam, inferring tag.
    DBG: Found possible instrument method ITestTelemetry.DuplicateMethodName.
    DBG: Found possible instrument method ITestTelemetry.DuplicateMethodName.
    DBG: Found attribute: Purview.Telemetry.AutoCounterAttribute
    DBG: Unable to match parameter stringParam, inferring tag.
    DBG: Unable to match parameter intParam, inferring tag.
    DBG: Unable to match parameter uintParam, inferring tag.
    DBG: Found possible instrument method ITestTelemetry.DuplicateMethodName.
    DBG: Found attribute: Purview.Telemetry.CounterAttribute
    DBG: Found valid instrument type: int
    DBG: Meter generation target: TestTelemetryCore
    DBG: Generating metric class for: TestTelemetryCore
    DBG: Emitting fields for TestTelemetryCore
    DBG: Skipping constructor emit for Metrics (All).
    DBG: Emitting partial method for populating tags: PopulateMeterTags.
    DBG: Emitting instrument method: DuplicateMethodName.
    DBG: Emitting instrument method: DuplicateMethodName.
    DBG: Skipping dependency injection emit.
    DBG: Found attribute: Purview.Telemetry.MeterAttribute
    DBG: Found attribute: Purview.Telemetry.TelemetryGenerationAttribute(GenerateDependencyExtension = false)
    DBG: Found possible instrument method ITestTelemetry.DuplicateMethodName.
    DBG: Unable to match parameter stringParam, inferring tag.
    DBG: Found explicit tag: intParam.
    DBG: Found attribute: Purview.Telemetry.TagAttribute
    DBG: Unable to match parameter boolParam, inferring tag.
    DBG: Found possible instrument method ITestTelemetry.DuplicateMethodName.
    DBG: Skipping Activity-related parameter 'activity' from metrics.
    DBG: Unable to match parameter stringParam, inferring tag.
    DBG: Found possible instrument method ITestTelemetry.DuplicateMethodName.
    DBG: Skipping Activity-related parameter 'activity' from metrics.
    DBG: Found valid instrument type: int
    DBG: Found possible instrument method ITestTelemetry.DuplicateMethodName.
    DBG: Unable to match parameter stringParam, inferring tag.
    DBG: Found valid instrument type: int
    DBG: Unable to match parameter objectParam, inferring tag.
    DBG: Found possible instrument method ITestTelemetry.DuplicateMethodName.
    DBG: Found possible instrument method ITestTelemetry.DuplicateMethodName.
    DBG: Found attribute: Purview.Telemetry.AutoCounterAttribute
    DBG: Unable to match parameter stringParam, inferring tag.
    DBG: Unable to match parameter intParam, inferring tag.
    DBG: Unable to match parameter uintParam, inferring tag.
    DBG: Found possible instrument method ITestTelemetry.DuplicateMethodName.
    DBG: Found attribute: Purview.Telemetry.CounterAttribute
    DBG: Found valid instrument type: int
    DBG: Found attribute: Purview.Telemetry.ActivitySourceAttribute("activity-source")
    DBG: Found attribute: Purview.Telemetry.TelemetryGenerationAttribute(GenerateDependencyExtension = false)
    DBG: Found attribute: Purview.Telemetry.ActivityAttribute
    DBG: Found explicit activity: DuplicateMethodName.
    DBG: Found Activity method ITestTelemetry.DuplicateMethodName.
    DBG: Found explicit baggage: stringParam.
    DBG: Found attribute: Purview.Telemetry.BaggageAttribute
    DBG: Found explicit tag: intParam.
    DBG: Found attribute: Purview.Telemetry.TagAttribute
    DBG: Inferring tag: boolParam.
    DBG: Found attribute: Purview.Telemetry.EventAttribute(System.Diagnostics.ActivityStatusCode.Unset)
    DBG: Found explicit event: DuplicateMethodName.
    DBG: Found Event method ITestTelemetry.DuplicateMethodName.
    DBG: Inferring tag: stringParam.
    DBG: Found explicit context: DuplicateMethodName.
    DBG: Found Context method ITestTelemetry.DuplicateMethodName.
    DBG: Inferring tag: intParam.
    DBG: Defaulting to activity: DuplicateMethodName.
    DBG: Found Activity method ITestTelemetry.DuplicateMethodName.
    DBG: Inferring tag: stringParam.
    DBG: Inferring tag: intParam.
    DBG: Inferring tag: objectParam.
    DBG: Defaulting to activity: DuplicateMethodName.
    DBG: Found Activity method ITestTelemetry.DuplicateMethodName.
    DBG: Defaulting to activity: DuplicateMethodName.
    DBG: Found Activity method ITestTelemetry.DuplicateMethodName.
    DBG: Inferring tag: stringParam.
    DBG: Inferring tag: intParam.
    DBG: Inferring tag: uintParam.
    DBG: Defaulting to activity: DuplicateMethodName.
    DBG: Found Activity method ITestTelemetry.DuplicateMethodName.
    DBG: Inferring tag: measurementValue.
    DBG: Generating Telemetry Names using class 'TelemetryNames'.
    
  Error output
failed Generate_GivenLogMethodReturningActivity_RaisesDiagnostic (6s 485ms)
  [Test Failure] VerifyException: Directory: P:\GitHub\kjldev\purview-telemetry-sourcegenerator\src\Purview.Telemetry.SourceGenerator.IntegrationTests\Snapshots
Delete:
  - TelemetrySourceGeneratorTests.Generate_GivenLogMethodReturningActivity_RaisesDiagnostic.verified.txt
Equal:
  - Received: TelemetrySourceGeneratorTests.Generate_GivenLogMethodReturningActivity_RaisesDiagnostic#ActivityAttribute.g.received.cs
    Verified: TelemetrySourceGeneratorTests.Generate_GivenLogMethodReturningActivity_RaisesDiagnostic#ActivityAttribute.g.verified.cs
  - Received: TelemetrySourceGeneratorTests.Generate_GivenLogMethodReturningActivity_RaisesDiagnostic#ActivitySourceAttribute.g.received.cs
    Verified: TelemetrySourceGeneratorTests.Generate_GivenLogMethodReturningActivity_RaisesDiagnostic#ActivitySourceAttribute.g.verified.cs
  - Received: TelemetrySourceGeneratorTests.Generate_GivenLogMethodReturningActivity_RaisesDiagnostic#ActivitySourceGenerationAttribute.g.received.cs
    Verified: TelemetrySourceGeneratorTests.Generate_GivenLogMethodReturningActivity_RaisesDiagnostic#ActivitySourceGenerationAttribute.g.verified.cs
  - Received: TelemetrySourceGeneratorTests.Generate_GivenLogMethodReturningActivity_RaisesDiagnostic#AutoCounterAttribute.g.received.cs
    Verified: TelemetrySourceGeneratorTests.Generate_GivenLogMethodReturningActivity_RaisesDiagnostic#AutoCounterAttribute.g.verified.cs
  - Received: TelemetrySourceGeneratorTests.Generate_GivenLogMethodReturningActivity_RaisesDiagnostic#BaggageAttribute.g.received.cs
    Verified: TelemetrySourceGeneratorTests.Generate_GivenLogMethodReturningActivity_RaisesDiagnostic#BaggageAttribute.g.verified.cs
  - Received: TelemetrySourceGeneratorTests.Generate_GivenLogMethodReturningActivity_RaisesDiagnostic#ContextAttribute.g.received.cs
    Verified: TelemetrySourceGeneratorTests.Generate_GivenLogMethodReturningActivity_RaisesDiagnostic#ContextAttribute.g.verified.cs
  - Received: TelemetrySourceGeneratorTests.Generate_GivenLogMethodReturningActivity_RaisesDiagnostic#CounterAttribute.g.received.cs
    Verified: TelemetrySourceGeneratorTests.Generate_GivenLogMethodReturningActivity_RaisesDiagnostic#CounterAttribute.g.verified.cs
  - Received: TelemetrySourceGeneratorTests.Generate_GivenLogMethodReturningActivity_RaisesDiagnostic#CriticalAttribute.g.received.cs
    Verified: TelemetrySourceGeneratorTests.Generate_GivenLogMethodReturningActivity_RaisesDiagnostic#CriticalAttribute.g.verified.cs
  - Received: TelemetrySourceGeneratorTests.Generate_GivenLogMethodReturningActivity_RaisesDiagnostic#DebugAttribute.g.received.cs
    Verified: TelemetrySourceGeneratorTests.Generate_GivenLogMethodReturningActivity_RaisesDiagnostic#DebugAttribute.g.verified.cs
  - Received: TelemetrySourceGeneratorTests.Generate_GivenLogMethodReturningActivity_RaisesDiagnostic#ErrorAttribute.g.received.cs
    Verified: TelemetrySourceGeneratorTests.Generate_GivenLogMethodReturningActivity_RaisesDiagnostic#ErrorAttribute.g.verified.cs
  - Received: TelemetrySourceGeneratorTests.Generate_GivenLogMethodReturningActivity_RaisesDiagnostic#EscapeAttribute.g.received.cs
    Verified: TelemetrySourceGeneratorTests.Generate_GivenLogMethodReturningActivity_RaisesDiagnostic#EscapeAttribute.g.verified.cs
  - Received: TelemetrySourceGeneratorTests.Generate_GivenLogMethodReturningActivity_RaisesDiagnostic#EventAttribute.g.received.cs
    Verified: TelemetrySourceGeneratorTests.Generate_GivenLogMethodReturningActivity_RaisesDiagnostic#EventAttribute.g.verified.cs
  - Received: TelemetrySourceGeneratorTests.Generate_GivenLogMethodReturningActivity_RaisesDiagnostic#ExcludeAttribute.g.received.cs
    Verified: TelemetrySourceGeneratorTests.Generate_GivenLogMethodReturningActivity_RaisesDiagnostic#ExcludeAttribute.g.verified.cs
  - Received: TelemetrySourceGeneratorTests.Generate_GivenLogMethodReturningActivity_RaisesDiagnostic#ExcludeTargetsAttribute.g.received.cs
    Verified: TelemetrySourceGeneratorTests.Generate_GivenLogMethodReturningActivity_RaisesDiagnostic#ExcludeTargetsAttribute.g.verified.cs
  - Received: TelemetrySourceGeneratorTests.Generate_GivenLogMethodReturningActivity_RaisesDiagnostic#ExpandEnumerableAttribute.g.received.cs
    Verified: TelemetrySourceGeneratorTests.Generate_GivenLogMethodReturningActivity_RaisesDiagnostic#ExpandEnumerableAttribute.g.verified.cs
  - Received: TelemetrySourceGeneratorTests.Generate_GivenLogMethodReturningActivity_RaisesDiagnostic#HistogramAttribute.g.received.cs
    Verified: TelemetrySourceGeneratorTests.Generate_GivenLogMethodReturningActivity_RaisesDiagnostic#HistogramAttribute.g.verified.cs
  - Received: TelemetrySourceGeneratorTests.Generate_GivenLogMethodReturningActivity_RaisesDiagnostic#InfoAttribute.g.received.cs
    Verified: TelemetrySourceGeneratorTests.Generate_GivenLogMethodReturningActivity_RaisesDiagnostic#InfoAttribute.g.verified.cs
  - Received: TelemetrySourceGeneratorTests.Generate_GivenLogMethodReturningActivity_RaisesDiagnostic#InstrumentMeasurementAttribute.g.received.cs
    Verified: TelemetrySourceGeneratorTests.Generate_GivenLogMethodReturningActivity_RaisesDiagnostic#InstrumentMeasurementAttribute.g.verified.cs
  - Received: TelemetrySourceGeneratorTests.Generate_GivenLogMethodReturningActivity_RaisesDiagnostic#LogAttribute.g.received.cs
    Verified: TelemetrySourceGeneratorTests.Generate_GivenLogMethodReturningActivity_RaisesDiagnostic#LogAttribute.g.verified.cs
  - Received: TelemetrySourceGeneratorTests.Generate_GivenLogMethodReturningActivity_RaisesDiagnostic#LoggerAttribute.g.received.cs
    Verified: TelemetrySourceGeneratorTests.Generate_GivenLogMethodReturningActivity_RaisesDiagnostic#LoggerAttribute.g.verified.cs
  - Received: TelemetrySourceGeneratorTests.Generate_GivenLogMethodReturningActivity_RaisesDiagnostic#LoggerGenerationAttribute.g.received.cs
    Verified: TelemetrySourceGeneratorTests.Generate_GivenLogMethodReturningActivity_RaisesDiagnostic#LoggerGenerationAttribute.g.verified.cs
  - Received: TelemetrySourceGeneratorTests.Generate_GivenLogMethodReturningActivity_RaisesDiagnostic#LoggerGenerationMode.g.received.cs
    Verified: TelemetrySourceGeneratorTests.Generate_GivenLogMethodReturningActivity_RaisesDiagnostic#LoggerGenerationMode.g.verified.cs
  - Received: TelemetrySourceGeneratorTests.Generate_GivenLogMethodReturningActivity_RaisesDiagnostic#LogPrefixType.g.received.cs
    Verified: TelemetrySourceGeneratorTests.Generate_GivenLogMethodReturningActivity_RaisesDiagnostic#LogPrefixType.g.verified.cs
  - Received: TelemetrySourceGeneratorTests.Generate_GivenLogMethodReturningActivity_RaisesDiagnostic#MeterAttribute.g.received.cs
    Verified: TelemetrySourceGeneratorTests.Generate_GivenLogMethodReturningActivity_RaisesDiagnostic#MeterAttribute.g.verified.cs
  - Received: TelemetrySourceGeneratorTests.Generate_GivenLogMethodReturningActivity_RaisesDiagnostic#MeterGenerationAttribute.g.received.cs
    Verified: TelemetrySourceGeneratorTests.Generate_GivenLogMethodReturningActivity_RaisesDiagnostic#MeterGenerationAttribute.g.verified.cs
  - Received: TelemetrySourceGeneratorTests.Generate_GivenLogMethodReturningActivity_RaisesDiagnostic#MeterNameGenerationType.g.received.cs
    Verified: TelemetrySourceGeneratorTests.Generate_GivenLogMethodReturningActivity_RaisesDiagnostic#MeterNameGenerationType.g.verified.cs
  - Received: TelemetrySourceGeneratorTests.Generate_GivenLogMethodReturningActivity_RaisesDiagnostic#NamingConvention.g.received.cs
    Verified: TelemetrySourceGeneratorTests.Generate_GivenLogMethodReturningActivity_RaisesDiagnostic#NamingConvention.g.verified.cs
  - Received: TelemetrySourceGeneratorTests.Generate_GivenLogMethodReturningActivity_RaisesDiagnostic#ObservableCounterAttribute.g.received.cs
    Verified: TelemetrySourceGeneratorTests.Generate_GivenLogMethodReturningActivity_RaisesDiagnostic#ObservableCounterAttribute.g.verified.cs
  - Received: TelemetrySourceGeneratorTests.Generate_GivenLogMethodReturningActivity_RaisesDiagnostic#ObservableGaugeAttribute.g.received.cs
    Verified: TelemetrySourceGeneratorTests.Generate_GivenLogMethodReturningActivity_RaisesDiagnostic#ObservableGaugeAttribute.g.verified.cs
  - Received: TelemetrySourceGeneratorTests.Generate_GivenLogMethodReturningActivity_RaisesDiagnostic#ObservableUpDownCounterAttribute.g.received.cs
    Verified: TelemetrySourceGeneratorTests.Generate_GivenLogMethodReturningActivity_RaisesDiagnostic#ObservableUpDownCounterAttribute.g.verified.cs
  - Received: TelemetrySourceGeneratorTests.Generate_GivenLogMethodReturningActivity_RaisesDiagnostic#StatusDescriptionAttribute.g.received.cs
    Verified: TelemetrySourceGeneratorTests.Generate_GivenLogMethodReturningActivity_RaisesDiagnostic#StatusDescriptionAttribute.g.verified.cs
  - Received: TelemetrySourceGeneratorTests.Generate_GivenLogMethodReturningActivity_RaisesDiagnostic#TagAttribute.g.received.cs
    Verified: TelemetrySourceGeneratorTests.Generate_GivenLogMethodReturningActivity_RaisesDiagnostic#TagAttribute.g.verified.cs
  - Received: TelemetrySourceGeneratorTests.Generate_GivenLogMethodReturningActivity_RaisesDiagnostic#Targets.g.received.cs
    Verified: TelemetrySourceGeneratorTests.Generate_GivenLogMethodReturningActivity_RaisesDiagnostic#Targets.g.verified.cs
  - Received: TelemetrySourceGeneratorTests.Generate_GivenLogMethodReturningActivity_RaisesDiagnostic#TelemetryGenerationAttribute.g.received.cs
    Verified: TelemetrySourceGeneratorTests.Generate_GivenLogMethodReturningActivity_RaisesDiagnostic#TelemetryGenerationAttribute.g.verified.cs
  - Received: TelemetrySourceGeneratorTests.Generate_GivenLogMethodReturningActivity_RaisesDiagnostic#Testing.InvalidTelemetryCore.Logging.g.received.cs
    Verified: TelemetrySourceGeneratorTests.Generate_GivenLogMethodReturningActivity_RaisesDiagnostic#Testing.InvalidTelemetryCore.Logging.g.verified.cs
  - Received: TelemetrySourceGeneratorTests.Generate_GivenLogMethodReturningActivity_RaisesDiagnostic#TraceAttribute.g.received.cs
    Verified: TelemetrySourceGeneratorTests.Generate_GivenLogMethodReturningActivity_RaisesDiagnostic#TraceAttribute.g.verified.cs
  - Received: TelemetrySourceGeneratorTests.Generate_GivenLogMethodReturningActivity_RaisesDiagnostic#UpDownCounterAttribute.g.received.cs
    Verified: TelemetrySourceGeneratorTests.Generate_GivenLogMethodReturningActivity_RaisesDiagnostic#UpDownCounterAttribute.g.verified.cs
  - Received: TelemetrySourceGeneratorTests.Generate_GivenLogMethodReturningActivity_RaisesDiagnostic#WarningAttribute.g.received.cs
    Verified: TelemetrySourceGeneratorTests.Generate_GivenLogMethodReturningActivity_RaisesDiagnostic#WarningAttribute.g.verified.cs

  from P:\GitHub\kjldev\purview-telemetry-sourcegenerator\src\Purview.Telemetry.SourceGenerator.IntegrationTests\bin\Release\net10.0\Purview.Telemetry.SourceGenerator.IntegrationTests.dll (net10.0|x64)
  TUnit.Engine.Exceptions.TestFailedException: [Test Failure] VerifyException: Directory: P:\GitHub\kjldev\purview-telemetry-sourcegenerator\src\Purview.Telemetry.SourceGenerator.IntegrationTests\Snapshots
  Delete:
    - TelemetrySourceGeneratorTests.Generate_GivenLogMethodReturningActivity_RaisesDiagnostic.verified.txt
  Equal:
    - Received: TelemetrySourceGeneratorTests.Generate_GivenLogMethodReturningActivity_RaisesDiagnostic#ActivityAttribute.g.received.cs
      Verified: TelemetrySourceGeneratorTests.Generate_GivenLogMethodReturningActivity_RaisesDiagnostic#ActivityAttribute.g.verified.cs
    - Received: TelemetrySourceGeneratorTests.Generate_GivenLogMethodReturningActivity_RaisesDiagnostic#ActivitySourceAttribute.g.received.cs
      Verified: TelemetrySourceGeneratorTests.Generate_GivenLogMethodReturningActivity_RaisesDiagnostic#ActivitySourceAttribute.g.verified.cs
    - Received: TelemetrySourceGeneratorTests.Generate_GivenLogMethodReturningActivity_RaisesDiagnostic#ActivitySourceGenerationAttribute.g.received.cs
      Verified: TelemetrySourceGeneratorTests.Generate_GivenLogMethodReturningActivity_RaisesDiagnostic#ActivitySourceGenerationAttribute.g.verified.cs
    - Received: TelemetrySourceGeneratorTests.Generate_GivenLogMethodReturningActivity_RaisesDiagnostic#AutoCounterAttribute.g.received.cs
      Verified: TelemetrySourceGeneratorTests.Generate_GivenLogMethodReturningActivity_RaisesDiagnostic#AutoCounterAttribute.g.verified.cs
    - Received: TelemetrySourceGeneratorTests.Generate_GivenLogMethodReturningActivity_RaisesDiagnostic#BaggageAttribute.g.received.cs
      Verified: TelemetrySourceGeneratorTests.Generate_GivenLogMethodReturningActivity_RaisesDiagnostic#BaggageAttribute.g.verified.cs
    - Received: TelemetrySourceGeneratorTests.Generate_GivenLogMethodReturningActivity_RaisesDiagnostic#ContextAttribute.g.received.cs
      Verified: TelemetrySourceGeneratorTests.Generate_GivenLogMethodReturningActivity_RaisesDiagnostic#ContextAttribute.g.verified.cs
    - Received: TelemetrySourceGeneratorTests.Generate_GivenLogMethodReturningActivity_RaisesDiagnostic#CounterAttribute.g.received.cs
      Verified: TelemetrySourceGeneratorTests.Generate_GivenLogMethodReturningActivity_RaisesDiagnostic#CounterAttribute.g.verified.cs
    - Received: TelemetrySourceGeneratorTests.Generate_GivenLogMethodReturningActivity_RaisesDiagnostic#CriticalAttribute.g.received.cs
      Verified: TelemetrySourceGeneratorTests.Generate_GivenLogMethodReturningActivity_RaisesDiagnostic#CriticalAttribute.g.verified.cs
    - Received: TelemetrySourceGeneratorTests.Generate_GivenLogMethodReturningActivity_RaisesDiagnostic#DebugAttribute.g.received.cs
      Verified: TelemetrySourceGeneratorTests.Generate_GivenLogMethodReturningActivity_RaisesDiagnostic#DebugAttribute.g.verified.cs
    - Received: TelemetrySourceGeneratorTests.Generate_GivenLogMethodReturningActivity_RaisesDiagnostic#ErrorAttribute.g.received.cs
      Verified: TelemetrySourceGeneratorTests.Generate_GivenLogMethodReturningActivity_RaisesDiagnostic#ErrorAttribute.g.verified.cs
    - Received: TelemetrySourceGeneratorTests.Generate_GivenLogMethodReturningActivity_RaisesDiagnostic#EscapeAttribute.g.received.cs
      Verified: TelemetrySourceGeneratorTests.Generate_GivenLogMethodReturningActivity_RaisesDiagnostic#EscapeAttribute.g.verified.cs
    - Received: TelemetrySourceGeneratorTests.Generate_GivenLogMethodReturningActivity_RaisesDiagnostic#EventAttribute.g.received.cs
      Verified: TelemetrySourceGeneratorTests.Generate_GivenLogMethodReturningActivity_RaisesDiagnostic#EventAttribute.g.verified.cs
    - Received: TelemetrySourceGeneratorTests.Generate_GivenLogMethodReturningActivity_RaisesDiagnostic#ExcludeAttribute.g.received.cs
      Verified: TelemetrySourceGeneratorTests.Generate_GivenLogMethodReturningActivity_RaisesDiagnostic#ExcludeAttribute.g.verified.cs
    - Received: TelemetrySourceGeneratorTests.Generate_GivenLogMethodReturningActivity_RaisesDiagnostic#ExcludeTargetsAttribute.g.received.cs
      Verified: TelemetrySourceGeneratorTests.Generate_GivenLogMethodReturningActivity_RaisesDiagnostic#ExcludeTargetsAttribute.g.verified.cs
    - Received: TelemetrySourceGeneratorTests.Generate_GivenLogMethodReturningActivity_RaisesDiagnostic#ExpandEnumerableAttribute.g.received.cs
      Verified: TelemetrySourceGeneratorTests.Generate_GivenLogMethodReturningActivity_RaisesDiagnostic#ExpandEnumerableAttribute.g.verified.cs
    - Received: TelemetrySourceGeneratorTests.Generate_GivenLogMethodReturningActivity_RaisesDiagnostic#HistogramAttribute.g.received.cs
      Verified: TelemetrySourceGeneratorTests.Generate_GivenLogMethodReturningActivity_RaisesDiagnostic#HistogramAttribute.g.verified.cs
    - Received: TelemetrySourceGeneratorTests.Generate_GivenLogMethodReturningActivity_RaisesDiagnostic#InfoAttribute.g.received.cs
      Verified: TelemetrySourceGeneratorTests.Generate_GivenLogMethodReturningActivity_RaisesDiagnostic#InfoAttribute.g.verified.cs
    - Received: TelemetrySourceGeneratorTests.Generate_GivenLogMethodReturningActivity_RaisesDiagnostic#InstrumentMeasurementAttribute.g.received.cs
      Verified: TelemetrySourceGeneratorTests.Generate_GivenLogMethodReturningActivity_RaisesDiagnostic#InstrumentMeasurementAttribute.g.verified.cs
    - Received: TelemetrySourceGeneratorTests.Generate_GivenLogMethodReturningActivity_RaisesDiagnostic#LogAttribute.g.received.cs
      Verified: TelemetrySourceGeneratorTests.Generate_GivenLogMethodReturningActivity_RaisesDiagnostic#LogAttribute.g.verified.cs
    - Received: TelemetrySourceGeneratorTests.Generate_GivenLogMethodReturningActivity_RaisesDiagnostic#LoggerAttribute.g.received.cs
      Verified: TelemetrySourceGeneratorTests.Generate_GivenLogMethodReturningActivity_RaisesDiagnostic#LoggerAttribute.g.verified.cs
    - Received: TelemetrySourceGeneratorTests.Generate_GivenLogMethodReturningActivity_RaisesDiagnostic#LoggerGenerationAttribute.g.received.cs
      Verified: TelemetrySourceGeneratorTests.Generate_GivenLogMethodReturningActivity_RaisesDiagnostic#LoggerGenerationAttribute.g.verified.cs
    - Received: TelemetrySourceGeneratorTests.Generate_GivenLogMethodReturningActivity_RaisesDiagnostic#LoggerGenerationMode.g.received.cs
      Verified: TelemetrySourceGeneratorTests.Generate_GivenLogMethodReturningActivity_RaisesDiagnostic#LoggerGenerationMode.g.verified.cs
    - Received: TelemetrySourceGeneratorTests.Generate_GivenLogMethodReturningActivity_RaisesDiagnostic#LogPrefixType.g.received.cs
      Verified: TelemetrySourceGeneratorTests.Generate_GivenLogMethodReturningActivity_RaisesDiagnostic#LogPrefixType.g.verified.cs
    - Received: TelemetrySourceGeneratorTests.Generate_GivenLogMethodReturningActivity_RaisesDiagnostic#MeterAttribute.g.received.cs
      Verified: TelemetrySourceGeneratorTests.Generate_GivenLogMethodReturningActivity_RaisesDiagnostic#MeterAttribute.g.verified.cs
    - Received: TelemetrySourceGeneratorTests.Generate_GivenLogMethodReturningActivity_RaisesDiagnostic#MeterGenerationAttribute.g.received.cs
      Verified: TelemetrySourceGeneratorTests.Generate_GivenLogMethodReturningActivity_RaisesDiagnostic#MeterGenerationAttribute.g.verified.cs
    - Received: TelemetrySourceGeneratorTests.Generate_GivenLogMethodReturningActivity_RaisesDiagnostic#MeterNameGenerationType.g.received.cs
      Verified: TelemetrySourceGeneratorTests.Generate_GivenLogMethodReturningActivity_RaisesDiagnostic#MeterNameGenerationType.g.verified.cs
    - Received: TelemetrySourceGeneratorTests.Generate_GivenLogMethodReturningActivity_RaisesDiagnostic#NamingConvention.g.received.cs
      Verified: TelemetrySourceGeneratorTests.Generate_GivenLogMethodReturningActivity_RaisesDiagnostic#NamingConvention.g.verified.cs
    - Received: TelemetrySourceGeneratorTests.Generate_GivenLogMethodReturningActivity_RaisesDiagnostic#ObservableCounterAttribute.g.received.cs
      Verified: TelemetrySourceGeneratorTests.Generate_GivenLogMethodReturningActivity_RaisesDiagnostic#ObservableCounterAttribute.g.verified.cs
    - Received: TelemetrySourceGeneratorTests.Generate_GivenLogMethodReturningActivity_RaisesDiagnostic#ObservableGaugeAttribute.g.received.cs
      Verified: TelemetrySourceGeneratorTests.Generate_GivenLogMethodReturningActivity_RaisesDiagnostic#ObservableGaugeAttribute.g.verified.cs
    - Received: TelemetrySourceGeneratorTests.Generate_GivenLogMethodReturningActivity_RaisesDiagnostic#ObservableUpDownCounterAttribute.g.received.cs
      Verified: TelemetrySourceGeneratorTests.Generate_GivenLogMethodReturningActivity_RaisesDiagnostic#ObservableUpDownCounterAttribute.g.verified.cs
    - Received: TelemetrySourceGeneratorTests.Generate_GivenLogMethodReturningActivity_RaisesDiagnostic#StatusDescriptionAttribute.g.received.cs
      Verified: TelemetrySourceGeneratorTests.Generate_GivenLogMethodReturningActivity_RaisesDiagnostic#StatusDescriptionAttribute.g.verified.cs
    - Received: TelemetrySourceGeneratorTests.Generate_GivenLogMethodReturningActivity_RaisesDiagnostic#TagAttribute.g.received.cs
      Verified: TelemetrySourceGeneratorTests.Generate_GivenLogMethodReturningActivity_RaisesDiagnostic#TagAttribute.g.verified.cs
    - Received: TelemetrySourceGeneratorTests.Generate_GivenLogMethodReturningActivity_RaisesDiagnostic#Targets.g.received.cs
      Verified: TelemetrySourceGeneratorTests.Generate_GivenLogMethodReturningActivity_RaisesDiagnostic#Targets.g.verified.cs
    - Received: TelemetrySourceGeneratorTests.Generate_GivenLogMethodReturningActivity_RaisesDiagnostic#TelemetryGenerationAttribute.g.received.cs
      Verified: TelemetrySourceGeneratorTests.Generate_GivenLogMethodReturningActivity_RaisesDiagnostic#TelemetryGenerationAttribute.g.verified.cs
    - Received: TelemetrySourceGeneratorTests.Generate_GivenLogMethodReturningActivity_RaisesDiagnostic#Testing.InvalidTelemetryCore.Logging.g.received.cs
      Verified: TelemetrySourceGeneratorTests.Generate_GivenLogMethodReturningActivity_RaisesDiagnostic#Testing.InvalidTelemetryCore.Logging.g.verified.cs
    - Received: TelemetrySourceGeneratorTests.Generate_GivenLogMethodReturningActivity_RaisesDiagnostic#TraceAttribute.g.received.cs
      Verified: TelemetrySourceGeneratorTests.Generate_GivenLogMethodReturningActivity_RaisesDiagnostic#TraceAttribute.g.verified.cs
    - Received: TelemetrySourceGeneratorTests.Generate_GivenLogMethodReturningActivity_RaisesDiagnostic#UpDownCounterAttribute.g.received.cs
      Verified: TelemetrySourceGeneratorTests.Generate_GivenLogMethodReturningActivity_RaisesDiagnostic#UpDownCounterAttribute.g.verified.cs
    - Received: TelemetrySourceGeneratorTests.Generate_GivenLogMethodReturningActivity_RaisesDiagnostic#WarningAttribute.g.received.cs
      Verified: TelemetrySourceGeneratorTests.Generate_GivenLogMethodReturningActivity_RaisesDiagnostic#WarningAttribute.g.verified.cs
  
  Standard output
    DBG: --- Adding templates.
    DBG: Adding ActivitySourceGenerationAttribute as ActivitySourceGenerationAttribute.g.cs.
    DBG: Adding ActivitySourceAttribute as ActivitySourceAttribute.g.cs.
    DBG: Adding ActivityAttribute as ActivityAttribute.g.cs.
    DBG: Adding EventAttribute as EventAttribute.g.cs.
    DBG: Adding ContextAttribute as ContextAttribute.g.cs.
    DBG: Adding BaggageAttribute as BaggageAttribute.g.cs.
    DBG: Adding EscapeAttribute as EscapeAttribute.g.cs.
    DBG: Adding StatusDescriptionAttribute as StatusDescriptionAttribute.g.cs.
    DBG: Adding LoggerGenerationAttribute as LoggerGenerationAttribute.g.cs.
    DBG: Adding LoggerAttribute as LoggerAttribute.g.cs.
    DBG: Adding LogAttribute as LogAttribute.g.cs.
    DBG: Adding LogPrefixType as LogPrefixType.g.cs.
    DBG: Adding LoggerGenerationMode as LoggerGenerationMode.g.cs.
    DBG: Adding ExpandEnumerableAttribute as ExpandEnumerableAttribute.g.cs.
    DBG: Adding TraceAttribute as TraceAttribute.g.cs.
    DBG: Adding DebugAttribute as DebugAttribute.g.cs.
    DBG: Adding InfoAttribute as InfoAttribute.g.cs.
    DBG: Adding WarningAttribute as WarningAttribute.g.cs.
    DBG: Adding ErrorAttribute as ErrorAttribute.g.cs.
    DBG: Adding CriticalAttribute as CriticalAttribute.g.cs.
    DBG: Adding MeterGenerationAttribute as MeterGenerationAttribute.g.cs.
    DBG: Adding MeterAttribute as MeterAttribute.g.cs.
    DBG: Adding MeterNameGenerationType as MeterNameGenerationType.g.cs.
    DBG: Adding InstrumentMeasurementAttribute as InstrumentMeasurementAttribute.g.cs.
    DBG: Adding AutoCounterAttribute as AutoCounterAttribute.g.cs.
    DBG: Adding CounterAttribute as CounterAttribute.g.cs.
    DBG: Adding UpDownCounterAttribute as UpDownCounterAttribute.g.cs.
    DBG: Adding HistogramAttribute as HistogramAttribute.g.cs.
    DBG: Adding ObservableCounterAttribute as ObservableCounterAttribute.g.cs.
    DBG: Adding ObservableGaugeAttribute as ObservableGaugeAttribute.g.cs.
    DBG: Adding ObservableUpDownCounterAttribute as ObservableUpDownCounterAttribute.g.cs.
    DBG: Adding TagAttribute as TagAttribute.g.cs.
    DBG: Adding ExcludeAttribute as ExcludeAttribute.g.cs.
    DBG: Adding TelemetryGenerationAttribute as TelemetryGenerationAttribute.g.cs.
    DBG: Adding Targets as Targets.g.cs.
    DBG: Adding NamingConvention as NamingConvention.g.cs.
    DBG: Adding ExcludeTargetsAttribute as ExcludeTargetsAttribute.g.cs.
    DBG: --- Finished adding templates.
    DBG: Found attribute: Purview.Telemetry.LoggerAttribute
    DBG: Found attribute: Purview.Telemetry.TelemetryGenerationAttribute(GenerateDependencyExtension = false)
    DBG: Found method IInvalidTelemetry.InvalidActivityReturn.
    DIA: Log method InvalidActivityReturn must return void or IDisposable (for scoped logs), but returns System.Diagnostics.Activity?.
    DBG: Logger generation target: Testing.InvalidTelemetryCore
    DBG: Generating MS Gen-based logging class for: Testing.InvalidTelemetryCore
    DBG: Skipping dependency injection emit.
    
  Error output
P:\GitHub\kjldev\purview-telemetry-sourcegenerator\src\Purview.Telemetry.SourceGenerator.IntegrationTests\bin\Release\net10.0\Purview.Telemetry.SourceGenerator.IntegrationTests.dll (net10.0|x64) failed with 78 error(s) (53s 769ms)
Exit code: 2
  Standard output: HTML test report written to: P:\GitHub\kjldev\purview-telemetry-sourcegenerator\TestResults\Purview.Telemetry.SourceGenerator.IntegrationTests-windows-net10.0-report.html
  

Test run summary: Failed!
  total: 472
  failed: 78
  succeeded: 394
  skipped: 0
  duration: 54s 112ms
Test run completed with non-success exit code: 2 (see: https://aka.ms/testingplatform/exitcodes)
error: Recipe `test` failed on line 23 with exit code 2
